[2024-10-14T14:26:27.586+0000][175][info][gc,init] CardTable entry size: 512
[2024-10-14T14:26:27.587+0000][175][info][gc     ] Using G1
[2024-10-14T14:26:29.377+0000][175][info][gc,init] Version: 22.0.1+8-16 (release)
[2024-10-14T14:26:29.377+0000][175][info][gc,init] CPUs: 4 total, 4 available
[2024-10-14T14:26:29.377+0000][175][info][gc,init] Memory: 10952M
[2024-10-14T14:26:29.377+0000][175][info][gc,init] Large Page Support: Disabled
[2024-10-14T14:26:29.377+0000][175][info][gc,init] NUMA Support: Disabled
[2024-10-14T14:26:29.377+0000][175][info][gc,init] Compressed Oops: Enabled (Zero based)
[2024-10-14T14:26:29.377+0000][175][info][gc,init] Heap Region Size: 4M
[2024-10-14T14:26:29.377+0000][175][info][gc,init] Heap Min Capacity: 5476M
[2024-10-14T14:26:29.377+0000][175][info][gc,init] Heap Initial Capacity: 5476M
[2024-10-14T14:26:29.377+0000][175][info][gc,init] Heap Max Capacity: 5476M
[2024-10-14T14:26:29.377+0000][175][info][gc,init] Pre-touch: Enabled
[2024-10-14T14:26:29.377+0000][175][info][gc,init] Parallel Workers: 4
[2024-10-14T14:26:29.377+0000][175][info][gc,init] Concurrent Workers: 1
[2024-10-14T14:26:29.377+0000][175][info][gc,init] Concurrent Refinement Workers: 4
[2024-10-14T14:26:29.377+0000][175][info][gc,init] Periodic GC: Disabled
[2024-10-14T14:26:29.414+0000][175][info][gc,metaspace] CDS archive(s) mapped at: [0x00007f8b06000000-0x00007f8b06c74000-0x00007f8b06c74000), size 13058048, SharedBaseAddress: 0x00007f8b06000000, ArchiveRelocationMode: 1.
[2024-10-14T14:26:29.414+0000][175][info][gc,metaspace] Compressed class space mapped at: 0x00007f8b07000000-0x00007f8b47000000, reserved size: 1073741824
[2024-10-14T14:26:29.414+0000][175][info][gc,metaspace] Narrow klass base: 0x00007f8b06000000, Narrow klass shift: 0, Narrow klass range: 0x100000000
[2024-10-14T14:26:30.140+0000][175][info][safepoint   ] Safepoint "ICBufferFull", Time since last: 697839178 ns, Reaching safepoint: 3213 ns, Cleanup: 103139 ns, At safepoint: 88837 ns, Total: 195189 ns
[2024-10-14T14:26:30.811+0000][175][info][safepoint   ] Safepoint "ICBufferFull", Time since last: 670945279 ns, Reaching safepoint: 4066 ns, Cleanup: 105168 ns, At safepoint: 8733 ns, Total: 117967 ns
[2024-10-14T14:26:31.504+0000][175][info][safepoint   ] Safepoint "ICBufferFull", Time since last: 693045433 ns, Reaching safepoint: 3586 ns, Cleanup: 116527 ns, At safepoint: 38614 ns, Total: 158727 ns
[2024-10-14T14:26:32.485+0000][175][info][safepoint   ] Safepoint "ICBufferFull", Time since last: 979871787 ns, Reaching safepoint: 6516 ns, Cleanup: 190389 ns, At safepoint: 153061 ns, Total: 349966 ns
[2024-10-14T14:26:33.679+0000][175][info][safepoint   ] Safepoint "Cleanup", Time since last: 1193552089 ns, Reaching safepoint: 430364 ns, Cleanup: 158783 ns, At safepoint: 98048 ns, Total: 687195 ns
[2024-10-14T14:26:34.683+0000][175][info][safepoint   ] Safepoint "Cleanup", Time since last: 1001392805 ns, Reaching safepoint: 776632 ns, Cleanup: 58925 ns, At safepoint: 51621 ns, Total: 887178 ns
[2024-10-14T14:26:35.508+0000][175][info][gc,start    ] GC(0) Pause Young (Concurrent Start) (Metadata GC Threshold)
[2024-10-14T14:26:35.509+0000][175][info][gc,task     ] GC(0) Using 4 workers of 4 for evacuation
[2024-10-14T14:26:35.509+0000][175][debug][gc,age      ] GC(0) Desired survivor size 18874368 bytes, new threshold 15 (max threshold 15)
[2024-10-14T14:26:35.527+0000][175][info ][gc,phases   ] GC(0)   Pre Evacuate Collection Set: 0.61ms
[2024-10-14T14:26:35.527+0000][175][info ][gc,phases   ] GC(0)   Merge Heap Roots: 0.21ms
[2024-10-14T14:26:35.527+0000][175][info ][gc,phases   ] GC(0)   Evacuate Collection Set: 11.87ms
[2024-10-14T14:26:35.527+0000][175][info ][gc,phases   ] GC(0)   Post Evacuate Collection Set: 5.31ms
[2024-10-14T14:26:35.527+0000][175][info ][gc,phases   ] GC(0)   Other: 0.24ms
[2024-10-14T14:26:35.527+0000][175][trace][gc,age      ] GC(0) Age table with threshold 15 (max threshold 15)
[2024-10-14T14:26:35.527+0000][175][trace][gc,age      ] GC(0) - age   1:    9916456 bytes,    9916456 total
[2024-10-14T14:26:35.527+0000][175][info ][gc,heap     ] GC(0) Eden regions: 41->0(65)
[2024-10-14T14:26:35.527+0000][175][info ][gc,heap     ] GC(0) Survivor regions: 0->3(9)
[2024-10-14T14:26:35.527+0000][175][info ][gc,heap     ] GC(0) Old regions: 1->1
[2024-10-14T14:26:35.527+0000][175][info ][gc,heap     ] GC(0) Humongous regions: 0->0
[2024-10-14T14:26:35.527+0000][175][info ][gc,metaspace] GC(0) Metaspace: 20805K(21504K)->20805K(21504K) NonClass: 18399K(18816K)->18399K(18816K) Class: 2406K(2688K)->2406K(2688K)
[2024-10-14T14:26:35.527+0000][175][info ][gc          ] GC(0) Pause Young (Concurrent Start) (Metadata GC Threshold) 163M->10M(5476M) 18.606ms
[2024-10-14T14:26:35.527+0000][175][info ][gc,cpu      ] GC(0) User=0.05s Sys=0.01s Real=0.02s
[2024-10-14T14:26:35.527+0000][175][info ][gc          ] GC(1) Concurrent Mark Cycle
[2024-10-14T14:26:35.527+0000][175][info ][gc,marking  ] GC(1) Concurrent Scan Root Regions
[2024-10-14T14:26:35.531+0000][175][info ][safepoint   ] Safepoint "CollectForMetadataAllocation", Time since last: 825220507 ns, Reaching safepoint: 402216 ns, Cleanup: 81831 ns, At safepoint: 23147604 ns, Total: 23631651 ns
[2024-10-14T14:26:35.550+0000][175][info ][gc,marking  ] GC(1) Concurrent Scan Root Regions 22.937ms
[2024-10-14T14:26:35.550+0000][175][info ][gc,marking  ] GC(1) Concurrent Mark
[2024-10-14T14:26:35.550+0000][175][info ][gc,marking  ] GC(1) Concurrent Mark From Roots
[2024-10-14T14:26:35.550+0000][175][info ][gc,task     ] GC(1) Using 1 workers of 1 for marking
[2024-10-14T14:26:35.560+0000][175][info ][gc,marking  ] GC(1) Concurrent Mark From Roots 9.383ms
[2024-10-14T14:26:35.560+0000][175][info ][gc,marking  ] GC(1) Concurrent Preclean
[2024-10-14T14:26:35.560+0000][175][info ][gc,marking  ] GC(1) Concurrent Preclean 0.015ms
[2024-10-14T14:26:35.561+0000][175][info ][gc,start    ] GC(1) Pause Remark
[2024-10-14T14:26:35.567+0000][175][info ][gc          ] GC(1) Pause Remark 14M->14M(5476M) 5.943ms
[2024-10-14T14:26:35.567+0000][175][info ][gc,cpu      ] GC(1) User=0.02s Sys=0.00s Real=0.01s
[2024-10-14T14:26:35.567+0000][175][info ][safepoint   ] Safepoint "G1PauseRemark", Time since last: 28598877 ns, Reaching safepoint: 1180746 ns, Cleanup: 23387 ns, At safepoint: 6147979 ns, Total: 7352112 ns
[2024-10-14T14:26:35.568+0000][175][info ][gc,marking  ] GC(1) Concurrent Mark 17.368ms
[2024-10-14T14:26:35.568+0000][175][info ][gc,marking  ] GC(1) Concurrent Rebuild Remembered Sets and Scrub Regions
[2024-10-14T14:26:35.571+0000][175][info ][gc,marking  ] GC(1) Concurrent Rebuild Remembered Sets and Scrub Regions 3.054ms
[2024-10-14T14:26:35.574+0000][175][info ][gc,start    ] GC(1) Pause Cleanup
[2024-10-14T14:26:35.575+0000][175][info ][gc          ] GC(1) Pause Cleanup 14M->14M(5476M) 0.717ms
[2024-10-14T14:26:35.575+0000][175][info ][gc,cpu      ] GC(1) User=0.00s Sys=0.00s Real=0.00s
[2024-10-14T14:26:35.575+0000][175][info ][safepoint   ] Safepoint "G1PauseCleanup", Time since last: 5944225 ns, Reaching safepoint: 905048 ns, Cleanup: 17792 ns, At safepoint: 1116118 ns, Total: 2038958 ns
[2024-10-14T14:26:35.576+0000][175][info ][gc,marking  ] GC(1) Concurrent Clear Claimed Marks
[2024-10-14T14:26:35.576+0000][175][info ][gc,marking  ] GC(1) Concurrent Clear Claimed Marks 0.157ms
[2024-10-14T14:26:35.576+0000][175][info ][gc,marking  ] GC(1) Concurrent Cleanup for Next Mark
[2024-10-14T14:26:35.598+0000][175][info ][gc,marking  ] GC(1) Concurrent Cleanup for Next Mark 21.321ms
[2024-10-14T14:26:35.598+0000][175][info ][gc          ] GC(1) Concurrent Mark Cycle 70.739ms
[2024-10-14T14:26:36.324+0000][175][info ][safepoint   ] Safepoint "ICBufferFull", Time since last: 747679329 ns, Reaching safepoint: 1178778 ns, Cleanup: 102544 ns, At safepoint: 76933 ns, Total: 1358255 ns
[2024-10-14T14:26:37.621+0000][175][info ][safepoint   ] Safepoint "ICBufferFull", Time since last: 1296854277 ns, Reaching safepoint: 8971 ns, Cleanup: 124253 ns, At safepoint: 14869 ns, Total: 148093 ns
[2024-10-14T14:26:38.348+0000][175][info ][gc,start    ] GC(2) Pause Young (Prepare Mixed) (G1 Evacuation Pause)
[2024-10-14T14:26:38.348+0000][175][info ][gc,task     ] GC(2) Using 4 workers of 4 for evacuation
[2024-10-14T14:26:38.348+0000][175][debug][gc,age      ] GC(2) Desired survivor size 18874368 bytes, new threshold 15 (max threshold 15)
[2024-10-14T14:26:38.388+0000][175][info ][gc,phases   ] GC(2)   Pre Evacuate Collection Set: 0.60ms
[2024-10-14T14:26:38.388+0000][175][info ][gc,phases   ] GC(2)   Merge Heap Roots: 0.11ms
[2024-10-14T14:26:38.388+0000][175][info ][gc,phases   ] GC(2)   Evacuate Collection Set: 37.16ms
[2024-10-14T14:26:38.388+0000][175][info ][gc,phases   ] GC(2)   Post Evacuate Collection Set: 2.03ms
[2024-10-14T14:26:38.388+0000][175][info ][gc,phases   ] GC(2)   Other: 0.12ms
[2024-10-14T14:26:38.388+0000][175][trace][gc,age      ] GC(2) Age table with threshold 15 (max threshold 15)
[2024-10-14T14:26:38.388+0000][175][trace][gc,age      ] GC(2) - age   1:    5554840 bytes,    5554840 total
[2024-10-14T14:26:38.388+0000][175][trace][gc,age      ] GC(2) - age   2:    8992384 bytes,   14547224 total
[2024-10-14T14:26:38.388+0000][175][info ][gc,heap     ] GC(2) Eden regions: 65->0(64)
[2024-10-14T14:26:38.388+0000][175][info ][gc,heap     ] GC(2) Survivor regions: 3->4(9)
[2024-10-14T14:26:38.388+0000][175][info ][gc,heap     ] GC(2) Old regions: 1->1
[2024-10-14T14:26:38.388+0000][175][info ][gc,heap     ] GC(2) Humongous regions: 0->0
[2024-10-14T14:26:38.388+0000][175][info ][gc,metaspace] GC(2) Metaspace: 28725K(29504K)->28725K(29504K) NonClass: 25436K(25920K)->25436K(25920K) Class: 3288K(3584K)->3288K(3584K)
[2024-10-14T14:26:38.388+0000][175][info ][gc          ] GC(2) Pause Young (Prepare Mixed) (G1 Evacuation Pause) 270M->15M(5476M) 40.297ms
[2024-10-14T14:26:38.388+0000][175][info ][gc,cpu      ] GC(2) User=0.12s Sys=0.00s Real=0.04s
[2024-10-14T14:26:38.388+0000][175][info ][safepoint   ] Safepoint "G1CollectForAllocation", Time since last: 725867521 ns, Reaching safepoint: 8673 ns, Cleanup: 148284 ns, At safepoint: 40442585 ns, Total: 40599542 ns
[2024-10-14T14:26:39.355+0000][175][info ][safepoint   ] Safepoint "ICBufferFull", Time since last: 966980789 ns, Reaching safepoint: 4111 ns, Cleanup: 172891 ns, At safepoint: 8051 ns, Total: 185053 ns
[2024-10-14T14:26:39.501+0000][175][info ][gc,start    ] GC(3) Pause Young (Mixed) (G1 Evacuation Pause)
[2024-10-14T14:26:39.501+0000][175][info ][gc,task     ] GC(3) Using 4 workers of 4 for evacuation
[2024-10-14T14:26:39.501+0000][175][debug][gc,age      ] GC(3) Desired survivor size 18874368 bytes, new threshold 15 (max threshold 15)
[2024-10-14T14:26:39.523+0000][175][info ][gc,phases   ] GC(3)   Pre Evacuate Collection Set: 0.78ms
[2024-10-14T14:26:39.523+0000][175][info ][gc,phases   ] GC(3)   Merge Heap Roots: 0.23ms
[2024-10-14T14:26:39.523+0000][175][info ][gc,phases   ] GC(3)   Evacuate Collection Set: 18.08ms
[2024-10-14T14:26:39.523+0000][175][info ][gc,phases   ] GC(3)   Post Evacuate Collection Set: 2.16ms
[2024-10-14T14:26:39.523+0000][175][info ][gc,phases   ] GC(3)   Other: 0.14ms
[2024-10-14T14:26:39.523+0000][175][trace][gc,age      ] GC(3) Age table with threshold 15 (max threshold 15)
[2024-10-14T14:26:39.523+0000][175][trace][gc,age      ] GC(3) - age   1:    5347832 bytes,    5347832 total
[2024-10-14T14:26:39.523+0000][175][trace][gc,age      ] GC(3) - age   2:    5062312 bytes,   10410144 total
[2024-10-14T14:26:39.523+0000][175][trace][gc,age      ] GC(3) - age   3:    8989664 bytes,   19399808 total
[2024-10-14T14:26:39.523+0000][175][info ][gc,heap     ] GC(3) Eden regions: 64->0(63)
[2024-10-14T14:26:39.523+0000][175][info ][gc,heap     ] GC(3) Survivor regions: 4->5(9)
[2024-10-14T14:26:39.523+0000][175][info ][gc,heap     ] GC(3) Old regions: 1->1
[2024-10-14T14:26:39.523+0000][175][info ][gc,heap     ] GC(3) Humongous regions: 0->0
[2024-10-14T14:26:39.523+0000][175][info ][gc,metaspace] GC(3) Metaspace: 30106K(30976K)->30106K(30976K) NonClass: 26609K(27136K)->26609K(27136K) Class: 3496K(3840K)->3496K(3840K)
[2024-10-14T14:26:39.523+0000][175][info ][gc          ] GC(3) Pause Young (Mixed) (G1 Evacuation Pause) 271M->20M(5476M) 21.636ms
[2024-10-14T14:26:39.523+0000][175][info ][gc,cpu      ] GC(3) User=0.06s Sys=0.01s Real=0.03s
[2024-10-14T14:26:39.523+0000][175][info ][safepoint   ] Safepoint "G1CollectForAllocation", Time since last: 146106328 ns, Reaching safepoint: 29635 ns, Cleanup: 41215 ns, At safepoint: 21727520 ns, Total: 21798370 ns
[2024-10-14T14:26:40.143+0000][175][info ][gc,start    ] GC(4) Pause Young (Normal) (G1 Evacuation Pause)
[2024-10-14T14:26:40.144+0000][175][info ][gc,task     ] GC(4) Using 4 workers of 4 for evacuation
[2024-10-14T14:26:40.144+0000][175][debug][gc,age      ] GC(4) Desired survivor size 18874368 bytes, new threshold 3 (max threshold 15)
[2024-10-14T14:26:40.177+0000][175][info ][gc,phases   ] GC(4)   Pre Evacuate Collection Set: 0.58ms
[2024-10-14T14:26:40.177+0000][175][info ][gc,phases   ] GC(4)   Merge Heap Roots: 0.18ms
[2024-10-14T14:26:40.177+0000][175][info ][gc,phases   ] GC(4)   Evacuate Collection Set: 30.41ms
[2024-10-14T14:26:40.177+0000][175][info ][gc,phases   ] GC(4)   Post Evacuate Collection Set: 2.41ms
[2024-10-14T14:26:40.177+0000][175][info ][gc,phases   ] GC(4)   Other: 0.13ms
[2024-10-14T14:26:40.177+0000][175][trace][gc,age      ] GC(4) Age table with threshold 3 (max threshold 15)
[2024-10-14T14:26:40.177+0000][175][trace][gc,age      ] GC(4) - age   1:    2813616 bytes,    2813616 total
[2024-10-14T14:26:40.177+0000][175][trace][gc,age      ] GC(4) - age   2:    3693824 bytes,    6507440 total
[2024-10-14T14:26:40.177+0000][175][trace][gc,age      ] GC(4) - age   3:    5061928 bytes,   11569368 total
[2024-10-14T14:26:40.177+0000][175][info ][gc,heap     ] GC(4) Eden regions: 63->0(64)
[2024-10-14T14:26:40.177+0000][175][info ][gc,heap     ] GC(4) Survivor regions: 5->4(9)
[2024-10-14T14:26:40.177+0000][175][info ][gc,heap     ] GC(4) Old regions: 1->3
[2024-10-14T14:26:40.177+0000][175][info ][gc,heap     ] GC(4) Humongous regions: 0->0
[2024-10-14T14:26:40.177+0000][175][info ][gc,metaspace] GC(4) Metaspace: 30643K(31488K)->30643K(31488K) NonClass: 27067K(27584K)->27067K(27584K) Class: 3576K(3904K)->3576K(3904K)
[2024-10-14T14:26:40.177+0000][175][info ][gc          ] GC(4) Pause Young (Normal) (G1 Evacuation Pause) 272M->23M(5476M) 33.947ms
[2024-10-14T14:26:40.177+0000][175][info ][gc,cpu      ] GC(4) User=0.08s Sys=0.01s Real=0.03s
[2024-10-14T14:26:40.178+0000][175][info ][safepoint   ] Safepoint "G1CollectForAllocation", Time since last: 620365145 ns, Reaching safepoint: 7379 ns, Cleanup: 57056 ns, At safepoint: 34161456 ns, Total: 34225891 ns
[2024-10-14T14:26:40.908+0000][175][info ][gc,start    ] GC(5) Pause Young (Concurrent Start) (Metadata GC Threshold)
[2024-10-14T14:26:40.908+0000][175][info ][gc,task     ] GC(5) Using 4 workers of 4 for evacuation
[2024-10-14T14:26:40.908+0000][175][debug][gc,age      ] GC(5) Desired survivor size 18874368 bytes, new threshold 15 (max threshold 15)
[2024-10-14T14:26:40.919+0000][175][info ][gc,phases   ] GC(5)   Pre Evacuate Collection Set: 0.59ms
[2024-10-14T14:26:40.919+0000][175][info ][gc,phases   ] GC(5)   Merge Heap Roots: 0.26ms
[2024-10-14T14:26:40.919+0000][175][info ][gc,phases   ] GC(5)   Evacuate Collection Set: 7.71ms
[2024-10-14T14:26:40.919+0000][175][info ][gc,phases   ] GC(5)   Post Evacuate Collection Set: 1.35ms
[2024-10-14T14:26:40.919+0000][175][info ][gc,phases   ] GC(5)   Other: 0.48ms
[2024-10-14T14:26:40.919+0000][175][trace][gc,age      ] GC(5) Age table with threshold 15 (max threshold 15)
[2024-10-14T14:26:40.919+0000][175][trace][gc,age      ] GC(5) - age   1:    2738568 bytes,    2738568 total
[2024-10-14T14:26:40.919+0000][175][trace][gc,age      ] GC(5) - age   2:    2626128 bytes,    5364696 total
[2024-10-14T14:26:40.919+0000][175][trace][gc,age      ] GC(5) - age   3:    3690896 bytes,    9055592 total
[2024-10-14T14:26:40.919+0000][175][trace][gc,age      ] GC(5) - age   4:    5060712 bytes,   14116304 total
[2024-10-14T14:26:40.919+0000][175][info ][gc,heap     ] GC(5) Eden regions: 20->0(68)
[2024-10-14T14:26:40.919+0000][175][info ][gc,heap     ] GC(5) Survivor regions: 4->4(9)
[2024-10-14T14:26:40.919+0000][175][info ][gc,heap     ] GC(5) Old regions: 3->3
[2024-10-14T14:26:40.919+0000][175][info ][gc,heap     ] GC(5) Humongous regions: 0->0
[2024-10-14T14:26:40.919+0000][175][info ][gc,metaspace] GC(5) Metaspace: 35119K(35968K)->35119K(35968K) NonClass: 31085K(31616K)->31085K(31616K) Class: 4034K(4352K)->4034K(4352K)
[2024-10-14T14:26:40.919+0000][175][info ][gc          ] GC(5) Pause Young (Concurrent Start) (Metadata GC Threshold) 103M->25M(5476M) 10.595ms
[2024-10-14T14:26:40.919+0000][175][info ][gc,cpu      ] GC(5) User=0.04s Sys=0.00s Real=0.01s
[2024-10-14T14:26:40.919+0000][175][info ][gc          ] GC(6) Concurrent Mark Cycle
[2024-10-14T14:26:40.919+0000][175][info ][gc,marking  ] GC(6) Concurrent Scan Root Regions
[2024-10-14T14:26:40.919+0000][175][info ][safepoint   ] Safepoint "CollectForMetadataAllocation", Time since last: 730704194 ns, Reaching safepoint: 4758 ns, Cleanup: 53080 ns, At safepoint: 10955962 ns, Total: 11013800 ns
[2024-10-14T14:26:40.926+0000][175][info ][gc,marking  ] GC(6) Concurrent Scan Root Regions 6.989ms
[2024-10-14T14:26:40.926+0000][175][info ][gc,marking  ] GC(6) Concurrent Mark
[2024-10-14T14:26:40.926+0000][175][info ][gc,marking  ] GC(6) Concurrent Mark From Roots
[2024-10-14T14:26:40.926+0000][175][info ][gc,task     ] GC(6) Using 1 workers of 1 for marking
[2024-10-14T14:26:40.942+0000][175][info ][safepoint   ] Safepoint "CollectForMetadataAllocation", Time since last: 22055610 ns, Reaching safepoint: 174209 ns, Cleanup: 4532 ns, At safepoint: 175969 ns, Total: 354710 ns
[2024-10-14T14:26:40.945+0000][175][info ][gc,marking  ] GC(6) Concurrent Mark From Roots 18.944ms
[2024-10-14T14:26:40.945+0000][175][info ][gc,marking  ] GC(6) Concurrent Preclean
[2024-10-14T14:26:40.945+0000][175][info ][gc,marking  ] GC(6) Concurrent Preclean 0.097ms
[2024-10-14T14:26:40.946+0000][175][info ][gc,start    ] GC(6) Pause Remark
[2024-10-14T14:26:40.959+0000][175][info ][gc          ] GC(6) Pause Remark 29M->29M(5476M) 13.235ms
[2024-10-14T14:26:40.959+0000][175][info ][gc,cpu      ] GC(6) User=0.02s Sys=0.01s Real=0.01s
[2024-10-14T14:26:40.960+0000][175][info ][safepoint   ] Safepoint "G1PauseRemark", Time since last: 3630505 ns, Reaching safepoint: 803978 ns, Cleanup: 9577 ns, At safepoint: 13402280 ns, Total: 14215835 ns
[2024-10-14T14:26:40.960+0000][175][info ][gc,marking  ] GC(6) Concurrent Mark 33.635ms
[2024-10-14T14:26:40.960+0000][175][info ][gc,marking  ] GC(6) Concurrent Rebuild Remembered Sets and Scrub Regions
[2024-10-14T14:26:40.980+0000][175][info ][gc,marking  ] GC(6) Concurrent Rebuild Remembered Sets and Scrub Regions 19.835ms
[2024-10-14T14:26:40.980+0000][175][info ][gc,start    ] GC(6) Pause Cleanup
[2024-10-14T14:26:40.981+0000][175][info ][gc          ] GC(6) Pause Cleanup 29M->29M(5476M) 0.622ms
[2024-10-14T14:26:40.981+0000][175][info ][gc,cpu      ] GC(6) User=0.00s Sys=0.00s Real=0.00s
[2024-10-14T14:26:40.981+0000][175][info ][safepoint   ] Safepoint "G1PauseCleanup", Time since last: 20227608 ns, Reaching safepoint: 333269 ns, Cleanup: 11397 ns, At safepoint: 714078 ns, Total: 1058744 ns
[2024-10-14T14:26:40.981+0000][175][info ][gc,marking  ] GC(6) Concurrent Clear Claimed Marks
[2024-10-14T14:26:40.981+0000][175][info ][gc,marking  ] GC(6) Concurrent Clear Claimed Marks 0.238ms
[2024-10-14T14:26:40.981+0000][175][info ][gc,marking  ] GC(6) Concurrent Cleanup for Next Mark
[2024-10-14T14:26:40.993+0000][175][info ][gc,marking  ] GC(6) Concurrent Cleanup for Next Mark 12.253ms
[2024-10-14T14:26:40.994+0000][175][info ][gc          ] GC(6) Concurrent Mark Cycle 74.475ms
[2024-10-14T14:26:41.984+0000][175][info ][safepoint   ] Safepoint "Cleanup", Time since last: 1001339675 ns, Reaching safepoint: 1895588 ns, Cleanup: 53961 ns, At safepoint: 13956 ns, Total: 1963505 ns
[2024-10-14T14:26:42.155+0000][175][info ][gc,start    ] GC(7) Pause Young (Prepare Mixed) (G1 Evacuation Pause)
[2024-10-14T14:26:42.155+0000][175][info ][gc,task     ] GC(7) Using 4 workers of 4 for evacuation
[2024-10-14T14:26:42.155+0000][175][debug][gc,age      ] GC(7) Desired survivor size 18874368 bytes, new threshold 15 (max threshold 15)
[2024-10-14T14:26:42.175+0000][175][info ][gc,phases   ] GC(7)   Pre Evacuate Collection Set: 0.67ms
[2024-10-14T14:26:42.175+0000][175][info ][gc,phases   ] GC(7)   Merge Heap Roots: 2.22ms
[2024-10-14T14:26:42.175+0000][175][info ][gc,phases   ] GC(7)   Evacuate Collection Set: 14.12ms
[2024-10-14T14:26:42.175+0000][175][info ][gc,phases   ] GC(7)   Post Evacuate Collection Set: 2.40ms
[2024-10-14T14:26:42.175+0000][175][info ][gc,phases   ] GC(7)   Other: 0.14ms
[2024-10-14T14:26:42.175+0000][175][trace][gc,age      ] GC(7) Age table with threshold 15 (max threshold 15)
[2024-10-14T14:26:42.175+0000][175][trace][gc,age      ] GC(7) - age   1:    6778824 bytes,    6778824 total
[2024-10-14T14:26:42.175+0000][175][trace][gc,age      ] GC(7) - age   2:    2719728 bytes,    9498552 total
[2024-10-14T14:26:42.175+0000][175][trace][gc,age      ] GC(7) - age   3:    2625560 bytes,   12124112 total
[2024-10-14T14:26:42.175+0000][175][trace][gc,age      ] GC(7) - age   4:    3686288 bytes,   15810400 total
[2024-10-14T14:26:42.175+0000][175][trace][gc,age      ] GC(7) - age   5:    5060048 bytes,   20870448 total
[2024-10-14T14:26:42.175+0000][175][info ][gc,heap     ] GC(7) Eden regions: 64->0(62)
[2024-10-14T14:26:42.175+0000][175][info ][gc,heap     ] GC(7) Survivor regions: 4->6(9)
[2024-10-14T14:26:42.175+0000][175][info ][gc,heap     ] GC(7) Old regions: 3->3
[2024-10-14T14:26:42.175+0000][175][info ][gc,heap     ] GC(7) Humongous regions: 0->0
[2024-10-14T14:26:42.175+0000][175][info ][gc,metaspace] GC(7) Metaspace: 37452K(38400K)->37452K(38400K) NonClass: 33087K(33664K)->33087K(33664K) Class: 4365K(4736K)->4365K(4736K)
[2024-10-14T14:26:42.175+0000][175][info ][gc          ] GC(7) Pause Young (Prepare Mixed) (G1 Evacuation Pause) 281M->32M(5476M) 19.919ms
[2024-10-14T14:26:42.175+0000][175][info ][gc,cpu      ] GC(7) User=0.07s Sys=0.00s Real=0.02s
[2024-10-14T14:26:42.179+0000][175][info ][safepoint   ] Safepoint "G1CollectForAllocation", Time since last: 170979751 ns, Reaching safepoint: 7868 ns, Cleanup: 91558 ns, At safepoint: 24083752 ns, Total: 24183178 ns
[2024-10-14T14:26:42.863+0000][175][info ][gc,start    ] GC(8) Pause Young (Mixed) (G1 Evacuation Pause)
[2024-10-14T14:26:42.863+0000][175][info ][gc,task     ] GC(8) Using 4 workers of 4 for evacuation
[2024-10-14T14:26:42.864+0000][175][debug][gc,age      ] GC(8) Desired survivor size 18874368 bytes, new threshold 5 (max threshold 15)
[2024-10-14T14:26:42.891+0000][175][info ][gc,phases   ] GC(8)   Pre Evacuate Collection Set: 0.81ms
[2024-10-14T14:26:42.891+0000][175][info ][gc,phases   ] GC(8)   Merge Heap Roots: 0.24ms
[2024-10-14T14:26:42.891+0000][175][info ][gc,phases   ] GC(8)   Evacuate Collection Set: 24.78ms
[2024-10-14T14:26:42.891+0000][175][info ][gc,phases   ] GC(8)   Post Evacuate Collection Set: 1.85ms
[2024-10-14T14:26:42.891+0000][175][info ][gc,phases   ] GC(8)   Other: 0.13ms
[2024-10-14T14:26:42.891+0000][175][trace][gc,age      ] GC(8) Age table with threshold 5 (max threshold 15)
[2024-10-14T14:26:42.891+0000][175][trace][gc,age      ] GC(8) - age   1:    3298072 bytes,    3298072 total
[2024-10-14T14:26:42.891+0000][175][trace][gc,age      ] GC(8) - age   2:    5616480 bytes,    8914552 total
[2024-10-14T14:26:42.891+0000][175][trace][gc,age      ] GC(8) - age   3:    2719728 bytes,   11634280 total
[2024-10-14T14:26:42.891+0000][175][trace][gc,age      ] GC(8) - age   4:    2624952 bytes,   14259232 total
[2024-10-14T14:26:42.891+0000][175][trace][gc,age      ] GC(8) - age   5:    3685904 bytes,   17945136 total
[2024-10-14T14:26:42.891+0000][175][info ][gc,heap     ] GC(8) Eden regions: 62->0(106)
[2024-10-14T14:26:42.891+0000][175][info ][gc,heap     ] GC(8) Survivor regions: 6->5(9)
[2024-10-14T14:26:42.891+0000][175][info ][gc,heap     ] GC(8) Old regions: 3->4
[2024-10-14T14:26:42.891+0000][175][info ][gc,heap     ] GC(8) Humongous regions: 0->0
[2024-10-14T14:26:42.891+0000][175][info ][gc,metaspace] GC(8) Metaspace: 38145K(39168K)->38145K(39168K) NonClass: 33680K(34304K)->33680K(34304K) Class: 4464K(4864K)->4464K(4864K)
[2024-10-14T14:26:42.891+0000][175][info ][gc          ] GC(8) Pause Young (Mixed) (G1 Evacuation Pause) 280M->33M(5476M) 28.049ms
[2024-10-14T14:26:42.891+0000][175][info ][gc,cpu      ] GC(8) User=0.10s Sys=0.00s Real=0.02s
[2024-10-14T14:26:42.892+0000][175][info ][safepoint   ] Safepoint "G1CollectForAllocation", Time since last: 683994218 ns, Reaching safepoint: 6866 ns, Cleanup: 71491 ns, At safepoint: 28169786 ns, Total: 28248143 ns
[2024-10-14T14:26:44.069+0000][175][info ][safepoint   ] Safepoint "ICBufferFull", Time since last: 1177440887 ns, Reaching safepoint: 6734 ns, Cleanup: 216542 ns, At safepoint: 117419 ns, Total: 340695 ns
[2024-10-14T14:26:45.071+0000][175][info ][safepoint   ] Safepoint "Cleanup", Time since last: 1000884679 ns, Reaching safepoint: 956278 ns, Cleanup: 138424 ns, At safepoint: 71179 ns, Total: 1165881 ns
[2024-10-14T14:26:45.719+0000][175][info ][gc,start    ] GC(9) Pause Young (Normal) (G1 Evacuation Pause)
[2024-10-14T14:26:45.719+0000][175][info ][gc,task     ] GC(9) Using 4 workers of 4 for evacuation
[2024-10-14T14:26:45.719+0000][175][debug][gc,age      ] GC(9) Desired survivor size 29360128 bytes, new threshold 15 (max threshold 15)
[2024-10-14T14:26:45.751+0000][175][info ][gc,phases   ] GC(9)   Pre Evacuate Collection Set: 4.28ms
[2024-10-14T14:26:45.751+0000][175][info ][gc,phases   ] GC(9)   Merge Heap Roots: 0.54ms
[2024-10-14T14:26:45.751+0000][175][info ][gc,phases   ] GC(9)   Evacuate Collection Set: 22.49ms
[2024-10-14T14:26:45.751+0000][175][info ][gc,phases   ] GC(9)   Post Evacuate Collection Set: 4.36ms
[2024-10-14T14:26:45.751+0000][175][info ][gc,phases   ] GC(9)   Other: 0.18ms
[2024-10-14T14:26:45.751+0000][175][trace][gc,age      ] GC(9) Age table with threshold 15 (max threshold 15)
[2024-10-14T14:26:45.751+0000][175][trace][gc,age      ] GC(9) - age   1:    7064040 bytes,    7064040 total
[2024-10-14T14:26:45.751+0000][175][trace][gc,age      ] GC(9) - age   2:    3004088 bytes,   10068128 total
[2024-10-14T14:26:45.751+0000][175][trace][gc,age      ] GC(9) - age   3:    5595240 bytes,   15663368 total
[2024-10-14T14:26:45.751+0000][175][trace][gc,age      ] GC(9) - age   4:    2714672 bytes,   18378040 total
[2024-10-14T14:26:45.751+0000][175][trace][gc,age      ] GC(9) - age   5:    2621048 bytes,   20999088 total
[2024-10-14T14:26:45.751+0000][175][trace][gc,age      ] GC(9) - age   6:    3674120 bytes,   24673208 total
[2024-10-14T14:26:45.751+0000][175][info ][gc,heap     ] GC(9) Eden regions: 105->0(491)
[2024-10-14T14:26:45.751+0000][175][info ][gc,heap     ] GC(9) Survivor regions: 5->7(14)
[2024-10-14T14:26:45.751+0000][175][info ][gc,heap     ] GC(9) Old regions: 4->4
[2024-10-14T14:26:45.751+0000][175][info ][gc,heap     ] GC(9) Humongous regions: 0->0
[2024-10-14T14:26:45.751+0000][175][info ][gc,metaspace] GC(9) Metaspace: 44515K(45760K)->44515K(45760K) NonClass: 39123K(39872K)->39123K(39872K) Class: 5391K(5888K)->5391K(5888K)
[2024-10-14T14:26:45.752+0000][175][info ][gc          ] GC(9) Pause Young (Normal) (G1 Evacuation Pause) 453M->41M(5476M) 32.682ms
[2024-10-14T14:26:45.752+0000][175][info ][gc,cpu      ] GC(9) User=0.10s Sys=0.01s Real=0.03s
[2024-10-14T14:26:45.752+0000][175][info ][safepoint   ] Safepoint "G1CollectForAllocation", Time since last: 647335897 ns, Reaching safepoint: 12852 ns, Cleanup: 97946 ns, At safepoint: 32850919 ns, Total: 32961717 ns
[2024-10-14T14:26:46.758+0000][175][info ][safepoint   ] Safepoint "Cleanup", Time since last: 1005919995 ns, Reaching safepoint: 489695 ns, Cleanup: 63616 ns, At safepoint: 47304 ns, Total: 600615 ns
[2024-10-14T14:26:47.760+0000][175][info ][safepoint   ] Safepoint "Cleanup", Time since last: 1000948168 ns, Reaching safepoint: 1101387 ns, Cleanup: 143104 ns, At safepoint: 82841 ns, Total: 1327332 ns
[2024-10-14T14:26:48.842+0000][175][info ][safepoint   ] Safepoint "Cleanup", Time since last: 1075956009 ns, Reaching safepoint: 5645815 ns, Cleanup: 27085 ns, At safepoint: 47660 ns, Total: 5720560 ns
[2024-10-14T14:26:49.154+0000][175][info ][gc,start    ] GC(10) Pause Young (Concurrent Start) (Metadata GC Threshold)
[2024-10-14T14:26:49.154+0000][175][info ][gc,task     ] GC(10) Using 4 workers of 4 for evacuation
[2024-10-14T14:26:49.154+0000][175][debug][gc,age      ] GC(10) Desired survivor size 121634816 bytes, new threshold 15 (max threshold 15)
[2024-10-14T14:26:49.186+0000][175][info ][gc,phases   ] GC(10)   Pre Evacuate Collection Set: 0.80ms
[2024-10-14T14:26:49.186+0000][175][info ][gc,phases   ] GC(10)   Merge Heap Roots: 0.27ms
[2024-10-14T14:26:49.186+0000][175][info ][gc,phases   ] GC(10)   Evacuate Collection Set: 24.20ms
[2024-10-14T14:26:49.186+0000][175][info ][gc,phases   ] GC(10)   Post Evacuate Collection Set: 6.12ms
[2024-10-14T14:26:49.186+0000][175][info ][gc,phases   ] GC(10)   Other: 0.53ms
[2024-10-14T14:26:49.186+0000][175][trace][gc,age      ] GC(10) Age table with threshold 15 (max threshold 15)
[2024-10-14T14:26:49.186+0000][175][trace][gc,age      ] GC(10) - age   1:    3461768 bytes,    3461768 total
[2024-10-14T14:26:49.186+0000][175][trace][gc,age      ] GC(10) - age   2:    6902296 bytes,   10364064 total
[2024-10-14T14:26:49.186+0000][175][trace][gc,age      ] GC(10) - age   3:    3000216 bytes,   13364280 total
[2024-10-14T14:26:49.186+0000][175][trace][gc,age      ] GC(10) - age   4:    5592560 bytes,   18956840 total
[2024-10-14T14:26:49.186+0000][175][trace][gc,age      ] GC(10) - age   5:    2714640 bytes,   21671480 total
[2024-10-14T14:26:49.186+0000][175][trace][gc,age      ] GC(10) - age   6:    2620504 bytes,   24291984 total
[2024-10-14T14:26:49.186+0000][175][trace][gc,age      ] GC(10) - age   7:    3671192 bytes,   27963176 total
[2024-10-14T14:26:49.186+0000][175][info ][gc,heap     ] GC(10) Eden regions: 46->0(462)
[2024-10-14T14:26:49.186+0000][175][info ][gc,heap     ] GC(10) Survivor regions: 7->8(58)
[2024-10-14T14:26:49.186+0000][175][info ][gc,heap     ] GC(10) Old regions: 4->4
[2024-10-14T14:26:49.186+0000][175][info ][gc,heap     ] GC(10) Humongous regions: 0->0
[2024-10-14T14:26:49.186+0000][175][info ][gc,metaspace] GC(10) Metaspace: 59209K(60608K)->59209K(60608K) NonClass: 51710K(52608K)->51710K(52608K) Class: 7498K(8000K)->7498K(8000K)
[2024-10-14T14:26:49.186+0000][175][info ][gc          ] GC(10) Pause Young (Concurrent Start) (Metadata GC Threshold) 225M->46M(5476M) 32.174ms
[2024-10-14T14:26:49.186+0000][175][info ][gc,cpu      ] GC(10) User=0.08s Sys=0.01s Real=0.03s
[2024-10-14T14:26:49.186+0000][175][info ][gc          ] GC(11) Concurrent Mark Cycle
[2024-10-14T14:26:49.186+0000][175][info ][gc,marking  ] GC(11) Concurrent Scan Root Regions
[2024-10-14T14:26:49.186+0000][175][info ][safepoint   ] Safepoint "CollectForMetadataAllocation", Time since last: 311344024 ns, Reaching safepoint: 5925 ns, Cleanup: 29769 ns, At safepoint: 32569928 ns, Total: 32605622 ns
[2024-10-14T14:26:49.209+0000][175][info ][gc,marking  ] GC(11) Concurrent Scan Root Regions 23.162ms
[2024-10-14T14:26:49.209+0000][175][info ][gc,marking  ] GC(11) Concurrent Mark
[2024-10-14T14:26:49.209+0000][175][info ][gc,marking  ] GC(11) Concurrent Mark From Roots
[2024-10-14T14:26:49.209+0000][175][info ][gc,task     ] GC(11) Using 1 workers of 1 for marking
[2024-10-14T14:26:49.225+0000][175][info ][safepoint   ] Safepoint "CollectForMetadataAllocation", Time since last: 38106035 ns, Reaching safepoint: 112908 ns, Cleanup: 21302 ns, At safepoint: 189820 ns, Total: 324030 ns
[2024-10-14T14:26:49.286+0000][175][info ][gc,marking  ] GC(11) Concurrent Mark From Roots 76.522ms
[2024-10-14T14:26:49.286+0000][175][info ][gc,marking  ] GC(11) Concurrent Preclean
[2024-10-14T14:26:49.286+0000][175][info ][gc,marking  ] GC(11) Concurrent Preclean 0.136ms
[2024-10-14T14:26:49.314+0000][175][info ][gc,start    ] GC(11) Pause Remark
[2024-10-14T14:26:49.355+0000][175][info ][gc          ] GC(11) Pause Remark 52M->52M(5476M) 41.151ms
[2024-10-14T14:26:49.355+0000][175][info ][gc,cpu      ] GC(11) User=0.06s Sys=0.01s Real=0.04s
[2024-10-14T14:26:49.355+0000][175][info ][safepoint   ] Safepoint "G1PauseRemark", Time since last: 62323275 ns, Reaching safepoint: 27215515 ns, Cleanup: 31391 ns, At safepoint: 41295403 ns, Total: 68542309 ns
[2024-10-14T14:26:49.356+0000][175][info ][gc,marking  ] GC(11) Concurrent Mark 147.351ms
[2024-10-14T14:26:49.357+0000][175][info ][gc,marking  ] GC(11) Concurrent Rebuild Remembered Sets and Scrub Regions
[2024-10-14T14:26:49.402+0000][175][info ][gc,marking  ] GC(11) Concurrent Rebuild Remembered Sets and Scrub Regions 45.011ms
[2024-10-14T14:26:49.417+0000][175][info ][gc,start    ] GC(11) Pause Cleanup
[2024-10-14T14:26:49.454+0000][175][info ][gc          ] GC(11) Pause Cleanup 52M->52M(5476M) 36.379ms
[2024-10-14T14:26:49.454+0000][175][info ][gc,cpu      ] GC(11) User=0.01s Sys=0.00s Real=0.04s
[2024-10-14T14:26:49.454+0000][175][info ][safepoint   ] Safepoint "G1PauseCleanup", Time since last: 48803025 ns, Reaching safepoint: 13184092 ns, Cleanup: 35126 ns, At safepoint: 36688234 ns, Total: 49907452 ns
[2024-10-14T14:26:49.454+0000][175][info ][gc,marking  ] GC(11) Concurrent Clear Claimed Marks
[2024-10-14T14:26:49.454+0000][175][info ][gc,marking  ] GC(11) Concurrent Clear Claimed Marks 0.119ms
[2024-10-14T14:26:49.455+0000][175][info ][gc,marking  ] GC(11) Concurrent Cleanup for Next Mark
[2024-10-14T14:26:49.528+0000][175][info ][gc,marking  ] GC(11) Concurrent Cleanup for Next Mark 73.034ms
[2024-10-14T14:26:49.528+0000][175][info ][gc          ] GC(11) Concurrent Mark Cycle 341.899ms
[2024-10-14T14:26:50.457+0000][175][info ][safepoint   ] Safepoint "Cleanup", Time since last: 1002030246 ns, Reaching safepoint: 1138522 ns, Cleanup: 34257 ns, At safepoint: 51901 ns, Total: 1224680 ns
[2024-10-14T14:26:52.454+0000][175][info ][safepoint   ] Safepoint "Cleanup", Time since last: 1956694518 ns, Reaching safepoint: 39111255 ns, Cleanup: 205578 ns, At safepoint: 72759 ns, Total: 39389592 ns
[2024-10-14T14:26:53.456+0000][175][info ][safepoint   ] Safepoint "Cleanup", Time since last: 1000961829 ns, Reaching safepoint: 864684 ns, Cleanup: 77594 ns, At safepoint: 224455 ns, Total: 1166733 ns
[2024-10-14T14:26:54.473+0000][175][info ][safepoint   ] Safepoint "Cleanup", Time since last: 1004952225 ns, Reaching safepoint: 12290135 ns, Cleanup: 116258 ns, At safepoint: 27765 ns, Total: 12434158 ns
[2024-10-14T14:26:55.592+0000][175][info ][safepoint   ] Safepoint "Cleanup", Time since last: 1118453693 ns, Reaching safepoint: 5059 ns, Cleanup: 77473 ns, At safepoint: 44846 ns, Total: 127378 ns
[2024-10-14T14:26:56.601+0000][175][info ][safepoint   ] Safepoint "Cleanup", Time since last: 1008814570 ns, Reaching safepoint: 899721 ns, Cleanup: 101000 ns, At safepoint: 22828 ns, Total: 1023549 ns
[2024-10-14T14:26:57.607+0000][175][info ][safepoint   ] Safepoint "Cleanup", Time since last: 1004205211 ns, Reaching safepoint: 580214 ns, Cleanup: 24449 ns, At safepoint: 739727 ns, Total: 1344390 ns
[2024-10-14T14:26:59.511+0000][175][info ][safepoint   ] Safepoint "Cleanup", Time since last: 1904432335 ns, Reaching safepoint: 5221 ns, Cleanup: 72074 ns, At safepoint: 6503 ns, Total: 83798 ns
[2024-10-14T14:27:00.211+0000][175][info ][gc,start    ] GC(12) Pause Young (Prepare Mixed) (G1 Evacuation Pause)
[2024-10-14T14:27:00.211+0000][175][info ][gc,task     ] GC(12) Using 4 workers of 4 for evacuation
[2024-10-14T14:27:00.211+0000][175][debug][gc,age      ] GC(12) Desired survivor size 48234496 bytes, new threshold 15 (max threshold 15)
[2024-10-14T14:27:00.297+0000][175][info ][gc,phases   ] GC(12)   Pre Evacuate Collection Set: 1.33ms
[2024-10-14T14:27:00.297+0000][175][info ][gc,phases   ] GC(12)   Merge Heap Roots: 0.14ms
[2024-10-14T14:27:00.297+0000][175][info ][gc,phases   ] GC(12)   Evacuate Collection Set: 77.83ms
[2024-10-14T14:27:00.297+0000][175][info ][gc,phases   ] GC(12)   Post Evacuate Collection Set: 6.43ms
[2024-10-14T14:27:00.297+0000][175][info ][gc,phases   ] GC(12)   Other: 0.17ms
[2024-10-14T14:27:00.297+0000][175][trace][gc,age      ] GC(12) Age table with threshold 15 (max threshold 15)
[2024-10-14T14:27:00.297+0000][175][trace][gc,age      ] GC(12) - age   1:   13951704 bytes,   13951704 total
[2024-10-14T14:27:00.297+0000][175][trace][gc,age      ] GC(12) - age   2:    3201392 bytes,   17153096 total
[2024-10-14T14:27:00.297+0000][175][trace][gc,age      ] GC(12) - age   3:    6647240 bytes,   23800336 total
[2024-10-14T14:27:00.297+0000][175][trace][gc,age      ] GC(12) - age   4:    2951304 bytes,   26751640 total
[2024-10-14T14:27:00.297+0000][175][trace][gc,age      ] GC(12) - age   5:    5572032 bytes,   32323672 total
[2024-10-14T14:27:00.297+0000][175][trace][gc,age      ] GC(12) - age   6:    2704776 bytes,   35028448 total
[2024-10-14T14:27:00.297+0000][175][trace][gc,age      ] GC(12) - age   7:    2602080 bytes,   37630528 total
[2024-10-14T14:27:00.297+0000][175][trace][gc,age      ] GC(12) - age   8:    3653584 bytes,   41284112 total
[2024-10-14T14:27:00.297+0000][175][info ][gc,heap     ] GC(12) Eden regions: 173->0(155)
[2024-10-14T14:27:00.297+0000][175][info ][gc,heap     ] GC(12) Survivor regions: 8->11(23)
[2024-10-14T14:27:00.297+0000][175][info ][gc,heap     ] GC(12) Old regions: 4->4
[2024-10-14T14:27:00.297+0000][175][info ][gc,heap     ] GC(12) Humongous regions: 0->0
[2024-10-14T14:27:00.297+0000][175][info ][gc,metaspace] GC(12) Metaspace: 80549K(82368K)->80549K(82368K) NonClass: 69751K(70848K)->69751K(70848K) Class: 10798K(11520K)->10798K(11520K)
[2024-10-14T14:27:00.297+0000][175][info ][gc          ] GC(12) Pause Young (Prepare Mixed) (G1 Evacuation Pause) 738M->57M(5476M) 86.302ms
[2024-10-14T14:27:00.297+0000][175][info ][gc,cpu      ] GC(12) User=0.33s Sys=0.00s Real=0.09s
[2024-10-14T14:27:00.297+0000][175][info ][safepoint   ] Safepoint "G1CollectForAllocation", Time since last: 699261138 ns, Reaching safepoint: 9026 ns, Cleanup: 145838 ns, At safepoint: 86409458 ns, Total: 86564322 ns
[2024-10-14T14:27:01.355+0000][175][info ][safepoint   ] Safepoint "Cleanup", Time since last: 1057580829 ns, Reaching safepoint: 3585 ns, Cleanup: 46033 ns, At safepoint: 5225 ns, Total: 54843 ns
[2024-10-14T14:27:02.358+0000][175][info ][safepoint   ] Safepoint "Cleanup", Time since last: 1002337583 ns, Reaching safepoint: 1044248 ns, Cleanup: 73194 ns, At safepoint: 71933 ns, Total: 1189375 ns
[2024-10-14T14:27:03.742+0000][175][info ][safepoint   ] Safepoint "Cleanup", Time since last: 1382843292 ns, Reaching safepoint: 840179 ns, Cleanup: 74009 ns, At safepoint: 86491 ns, Total: 1000679 ns
[2024-10-14T14:27:04.341+0000][175][info ][gc,start    ] GC(13) Pause Young (Mixed) (Metadata GC Threshold)
[2024-10-14T14:27:04.341+0000][175][info ][gc,task     ] GC(13) Using 4 workers of 4 for evacuation
[2024-10-14T14:27:04.341+0000][175][debug][gc,age      ] GC(13) Desired survivor size 39845888 bytes, new threshold 8 (max threshold 15)
[2024-10-14T14:27:04.400+0000][175][info ][gc,phases   ] GC(13)   Pre Evacuate Collection Set: 0.63ms
[2024-10-14T14:27:04.400+0000][175][info ][gc,phases   ] GC(13)   Merge Heap Roots: 0.31ms
[2024-10-14T14:27:04.400+0000][175][info ][gc,phases   ] GC(13)   Evacuate Collection Set: 52.27ms
[2024-10-14T14:27:04.400+0000][175][info ][gc,phases   ] GC(13)   Post Evacuate Collection Set: 4.70ms
[2024-10-14T14:27:04.400+0000][175][info ][gc,phases   ] GC(13)   Other: 0.11ms
[2024-10-14T14:27:04.400+0000][175][trace][gc,age      ] GC(13) Age table with threshold 8 (max threshold 15)
[2024-10-14T14:27:04.400+0000][175][trace][gc,age      ] GC(13) - age   1:    6979488 bytes,    6979488 total
[2024-10-14T14:27:04.400+0000][175][trace][gc,age      ] GC(13) - age   2:   13418960 bytes,   20398448 total
[2024-10-14T14:27:04.400+0000][175][trace][gc,age      ] GC(13) - age   3:    3182112 bytes,   23580560 total
[2024-10-14T14:27:04.400+0000][175][trace][gc,age      ] GC(13) - age   4:    6587544 bytes,   30168104 total
[2024-10-14T14:27:04.400+0000][175][trace][gc,age      ] GC(13) - age   5:    2945312 bytes,   33113416 total
[2024-10-14T14:27:04.400+0000][175][trace][gc,age      ] GC(13) - age   6:    5567088 bytes,   38680504 total
[2024-10-14T14:27:04.400+0000][175][trace][gc,age      ] GC(13) - age   7:    2692984 bytes,   41373488 total
[2024-10-14T14:27:04.400+0000][175][trace][gc,age      ] GC(13) - age   8:    2599624 bytes,   43973112 total
[2024-10-14T14:27:04.400+0000][175][info ][gc,heap     ] GC(13) Eden regions: 50->0(72)
[2024-10-14T14:27:04.400+0000][175][info ][gc,heap     ] GC(13) Survivor regions: 11->12(19)
[2024-10-14T14:27:04.400+0000][175][info ][gc,heap     ] GC(13) Old regions: 4->5
[2024-10-14T14:27:04.400+0000][175][info ][gc,heap     ] GC(13) Humongous regions: 0->0
[2024-10-14T14:27:04.400+0000][175][info ][gc,metaspace] GC(13) Metaspace: 100079K(102080K)->100079K(102080K) NonClass: 86593K(87744K)->86593K(87744K) Class: 13486K(14336K)->13486K(14336K)
[2024-10-14T14:27:04.400+0000][175][info ][gc          ] GC(13) Pause Young (Mixed) (Metadata GC Threshold) 255M->64M(5476M) 58.331ms
[2024-10-14T14:27:04.400+0000][175][info ][gc,cpu      ] GC(13) User=0.20s Sys=0.00s Real=0.06s
[2024-10-14T14:27:04.401+0000][175][info ][safepoint   ] Safepoint "CollectForMetadataAllocation", Time since last: 598457299 ns, Reaching safepoint: 9209 ns, Cleanup: 70325 ns, At safepoint: 58615467 ns, Total: 58695001 ns
[2024-10-14T14:27:04.419+0000][175][info ][gc,start    ] GC(14) Pause Young (Concurrent Start) (Metadata GC Threshold)
[2024-10-14T14:27:04.420+0000][175][info ][gc,task     ] GC(14) Using 4 workers of 4 for evacuation
[2024-10-14T14:27:04.420+0000][175][debug][gc,age      ] GC(14) Desired survivor size 23068672 bytes, new threshold 3 (max threshold 15)
[2024-10-14T14:27:04.454+0000][175][info ][gc,phases   ] GC(14)   Pre Evacuate Collection Set: 0.74ms
[2024-10-14T14:27:04.454+0000][175][info ][gc,phases   ] GC(14)   Merge Heap Roots: 0.06ms
[2024-10-14T14:27:04.454+0000][175][info ][gc,phases   ] GC(14)   Evacuate Collection Set: 30.90ms
[2024-10-14T14:27:04.454+0000][175][info ][gc,phases   ] GC(14)   Post Evacuate Collection Set: 2.57ms
[2024-10-14T14:27:04.454+0000][175][info ][gc,phases   ] GC(14)   Other: 0.36ms
[2024-10-14T14:27:04.454+0000][175][trace][gc,age      ] GC(14) Age table with threshold 3 (max threshold 15)
[2024-10-14T14:27:04.454+0000][175][trace][gc,age      ] GC(14) - age   1:      54608 bytes,      54608 total
[2024-10-14T14:27:04.454+0000][175][trace][gc,age      ] GC(14) - age   2:    6782920 bytes,    6837528 total
[2024-10-14T14:27:04.454+0000][175][trace][gc,age      ] GC(14) - age   3:   13418864 bytes,   20256392 total
[2024-10-14T14:27:04.454+0000][175][info ][gc,heap     ] GC(14) Eden regions: 1->0(383)
[2024-10-14T14:27:04.454+0000][175][info ][gc,heap     ] GC(14) Survivor regions: 12->6(11)
[2024-10-14T14:27:04.454+0000][175][info ][gc,heap     ] GC(14) Old regions: 5->11
[2024-10-14T14:27:04.454+0000][175][info ][gc,heap     ] GC(14) Humongous regions: 0->0
[2024-10-14T14:27:04.454+0000][175][info ][gc,metaspace] GC(14) Metaspace: 100360K(102400K)->100360K(102400K) NonClass: 86834K(88000K)->86834K(88000K) Class: 13526K(14400K)->13526K(14400K)
[2024-10-14T14:27:04.454+0000][175][info ][gc          ] GC(14) Pause Young (Concurrent Start) (Metadata GC Threshold) 68M->65M(5476M) 35.009ms
[2024-10-14T14:27:04.454+0000][175][info ][gc,cpu      ] GC(14) User=0.13s Sys=0.00s Real=0.04s
[2024-10-14T14:27:04.455+0000][175][info ][gc          ] GC(15) Concurrent Mark Cycle
[2024-10-14T14:27:04.455+0000][175][info ][gc,marking  ] GC(15) Concurrent Scan Root Regions
[2024-10-14T14:27:04.455+0000][175][info ][safepoint   ] Safepoint "CollectForMetadataAllocation", Time since last: 18092892 ns, Reaching safepoint: 683068 ns, Cleanup: 13406 ns, At safepoint: 35364098 ns, Total: 36060572 ns
[2024-10-14T14:27:04.485+0000][175][info ][safepoint   ] Safepoint "CollectForMetadataAllocation", Time since last: 29634986 ns, Reaching safepoint: 5787 ns, Cleanup: 10549 ns, At safepoint: 94531 ns, Total: 110867 ns
[2024-10-14T14:27:04.504+0000][175][info ][gc,marking  ] GC(15) Concurrent Scan Root Regions 49.570ms
[2024-10-14T14:27:04.504+0000][175][info ][gc,marking  ] GC(15) Concurrent Mark
[2024-10-14T14:27:04.504+0000][175][info ][gc,marking  ] GC(15) Concurrent Mark From Roots
[2024-10-14T14:27:04.504+0000][175][info ][gc,task     ] GC(15) Using 1 workers of 1 for marking
[2024-10-14T14:27:04.519+0000][175][info ][safepoint   ] Safepoint "CollectForMetadataAllocation", Time since last: 34341187 ns, Reaching safepoint: 25657 ns, Cleanup: 18049 ns, At safepoint: 143805 ns, Total: 187511 ns
[2024-10-14T14:27:04.532+0000][175][info ][safepoint   ] Safepoint "CollectForMetadataAllocation", Time since last: 12784689 ns, Reaching safepoint: 65393 ns, Cleanup: 4384 ns, At safepoint: 215257 ns, Total: 285034 ns
[2024-10-14T14:27:04.552+0000][175][info ][gc,marking  ] GC(15) Concurrent Mark From Roots 47.812ms
[2024-10-14T14:27:04.552+0000][175][info ][gc,marking  ] GC(15) Concurrent Preclean
[2024-10-14T14:27:04.552+0000][175][info ][gc,marking  ] GC(15) Concurrent Preclean 0.121ms
[2024-10-14T14:27:04.553+0000][175][info ][gc,start    ] GC(15) Pause Remark
[2024-10-14T14:27:04.564+0000][175][info ][gc          ] GC(15) Pause Remark 75M->75M(5476M) 10.956ms
[2024-10-14T14:27:04.564+0000][175][info ][gc,cpu      ] GC(15) User=0.04s Sys=0.00s Real=0.01s
[2024-10-14T14:27:04.565+0000][175][info ][safepoint   ] Safepoint "G1PauseRemark", Time since last: 20340712 ns, Reaching safepoint: 901405 ns, Cleanup: 5235 ns, At safepoint: 11279555 ns, Total: 12186195 ns
[2024-10-14T14:27:04.565+0000][175][info ][gc,marking  ] GC(15) Concurrent Mark 60.442ms
[2024-10-14T14:27:04.565+0000][175][info ][gc,marking  ] GC(15) Concurrent Rebuild Remembered Sets and Scrub Regions
[2024-10-14T14:27:04.595+0000][175][info ][gc,marking  ] GC(15) Concurrent Rebuild Remembered Sets and Scrub Regions 30.256ms
[2024-10-14T14:27:04.597+0000][175][info ][gc,start    ] GC(15) Pause Cleanup
[2024-10-14T14:27:04.597+0000][175][info ][gc          ] GC(15) Pause Cleanup 75M->75M(5476M) 0.287ms
[2024-10-14T14:27:04.597+0000][175][info ][gc,cpu      ] GC(15) User=0.00s Sys=0.00s Real=0.00s
[2024-10-14T14:27:04.597+0000][175][info ][safepoint   ] Safepoint "G1PauseCleanup", Time since last: 30451934 ns, Reaching safepoint: 1446764 ns, Cleanup: 29042 ns, At safepoint: 387138 ns, Total: 1862944 ns
[2024-10-14T14:27:04.597+0000][175][info ][gc,marking  ] GC(15) Concurrent Clear Claimed Marks
[2024-10-14T14:27:04.597+0000][175][info ][gc,marking  ] GC(15) Concurrent Clear Claimed Marks 0.160ms
[2024-10-14T14:27:04.597+0000][175][info ][gc,marking  ] GC(15) Concurrent Cleanup for Next Mark
[2024-10-14T14:27:04.608+0000][175][info ][gc,marking  ] GC(15) Concurrent Cleanup for Next Mark 10.446ms
[2024-10-14T14:27:04.608+0000][175][info ][gc          ] GC(15) Concurrent Mark Cycle 153.157ms
[2024-10-14T14:27:06.225+0000][175][info ][safepoint   ] Safepoint "Cleanup", Time since last: 1627486437 ns, Reaching safepoint: 9540 ns, Cleanup: 80232 ns, At safepoint: 47048 ns, Total: 136820 ns
[2024-10-14T14:27:07.322+0000][175][info ][safepoint   ] Safepoint "Cleanup", Time since last: 1097773022 ns, Reaching safepoint: 13450 ns, Cleanup: 60736 ns, At safepoint: 41934 ns, Total: 116120 ns
[2024-10-14T14:27:08.631+0000][175][info ][safepoint   ] Safepoint "Cleanup", Time since last: 1292454811 ns, Reaching safepoint: 16156408 ns, Cleanup: 58157 ns, At safepoint: 26364 ns, Total: 16240929 ns
[2024-10-14T14:27:09.684+0000][175][info ][safepoint   ] Safepoint "Cleanup", Time since last: 1052315589 ns, Reaching safepoint: 4952 ns, Cleanup: 46130 ns, At safepoint: 7228 ns, Total: 58310 ns
[2024-10-14T14:27:10.889+0000][175][info ][safepoint   ] Safepoint "Cleanup", Time since last: 1205000095 ns, Reaching safepoint: 771837 ns, Cleanup: 85617 ns, At safepoint: 96239 ns, Total: 953693 ns
[2024-10-14T14:27:11.206+0000][175][info ][safepoint   ] Safepoint "ICBufferFull", Time since last: 315072804 ns, Reaching safepoint: 840948 ns, Cleanup: 100966 ns, At safepoint: 64441 ns, Total: 1006355 ns
[2024-10-14T14:27:11.571+0000][175][info ][safepoint   ] Safepoint "ICBufferFull", Time since last: 365192920 ns, Reaching safepoint: 12585 ns, Cleanup: 83086 ns, At safepoint: 75543 ns, Total: 171214 ns
[2024-10-14T14:27:12.037+0000][175][info ][safepoint   ] Safepoint "ICBufferFull", Time since last: 465837094 ns, Reaching safepoint: 15302 ns, Cleanup: 415530 ns, At safepoint: 84599 ns, Total: 515431 ns
[2024-10-14T14:27:12.617+0000][175][info ][safepoint   ] Safepoint "ICBufferFull", Time since last: 579676757 ns, Reaching safepoint: 322949 ns, Cleanup: 130790 ns, At safepoint: 23006 ns, Total: 476745 ns
[2024-10-14T14:27:13.274+0000][175][info ][safepoint   ] Safepoint "ICBufferFull", Time since last: 656408071 ns, Reaching safepoint: 17281 ns, Cleanup: 114425 ns, At safepoint: 12506 ns, Total: 144212 ns
[2024-10-14T14:27:13.963+0000][175][info ][safepoint   ] Safepoint "ICBufferFull", Time since last: 689130411 ns, Reaching safepoint: 15631 ns, Cleanup: 194421 ns, At safepoint: 22987 ns, Total: 233039 ns
[2024-10-14T14:27:14.615+0000][175][info ][safepoint   ] Safepoint "ICBufferFull", Time since last: 651108080 ns, Reaching safepoint: 14561 ns, Cleanup: 105945 ns, At safepoint: 43760 ns, Total: 164266 ns
[2024-10-14T14:27:15.623+0000][175][info ][safepoint   ] Safepoint "Cleanup", Time since last: 1004415244 ns, Reaching safepoint: 3366413 ns, Cleanup: 163252 ns, At safepoint: 87561 ns, Total: 3617226 ns
[2024-10-14T14:27:16.676+0000][175][info ][safepoint   ] Safepoint "Cleanup", Time since last: 1007911918 ns, Reaching safepoint: 45187429 ns, Cleanup: 121867 ns, At safepoint: 17184 ns, Total: 45326480 ns
[2024-10-14T14:27:17.679+0000][175][info ][safepoint   ] Safepoint "Cleanup", Time since last: 1002084389 ns, Reaching safepoint: 717441 ns, Cleanup: 148299 ns, At safepoint: 69387 ns, Total: 935127 ns
[2024-10-14T14:27:18.615+0000][175][info ][safepoint   ] Safepoint "ICBufferFull", Time since last: 936050321 ns, Reaching safepoint: 14661 ns, Cleanup: 81117 ns, At safepoint: 9127 ns, Total: 104905 ns
[2024-10-14T14:27:19.617+0000][175][info ][safepoint   ] Safepoint "Cleanup", Time since last: 1001558178 ns, Reaching safepoint: 20695 ns, Cleanup: 147357 ns, At safepoint: 16934 ns, Total: 184986 ns
[2024-10-14T14:27:23.947+0000][175][info ][safepoint   ] Safepoint "Cleanup", Time since last: 4330227078 ns, Reaching safepoint: 12401 ns, Cleanup: 21559 ns, At safepoint: 47527 ns, Total: 81487 ns
[2024-10-14T14:27:25.194+0000][175][info ][safepoint   ] Safepoint "Cleanup", Time since last: 1246559388 ns, Reaching safepoint: 22445 ns, Cleanup: 51749 ns, At safepoint: 14768 ns, Total: 88962 ns
[2024-10-14T14:27:34.820+0000][175][info ][safepoint   ] Safepoint "Cleanup", Time since last: 9624670553 ns, Reaching safepoint: 194607 ns, Cleanup: 30554 ns, At safepoint: 32386 ns, Total: 257547 ns
[2024-10-14T14:27:39.824+0000][175][info ][safepoint   ] Safepoint "Cleanup", Time since last: 5004867940 ns, Reaching safepoint: 15437 ns, Cleanup: 16261 ns, At safepoint: 10407 ns, Total: 42105 ns
[2024-10-14T14:27:40.825+0000][175][info ][safepoint   ] Safepoint "Cleanup", Time since last: 1000788073 ns, Reaching safepoint: 24717 ns, Cleanup: 74453 ns, At safepoint: 17322 ns, Total: 116492 ns
[2024-10-14T14:27:45.830+0000][175][info ][safepoint   ] Safepoint "Cleanup", Time since last: 5003966418 ns, Reaching safepoint: 15830 ns, Cleanup: 78179 ns, At safepoint: 75290 ns, Total: 169299 ns
[2024-10-14T14:27:46.754+0000][175][info ][safepoint   ] Safepoint "ICBufferFull", Time since last: 924284093 ns, Reaching safepoint: 20773 ns, Cleanup: 224041 ns, At safepoint: 27471 ns, Total: 272285 ns
[2024-10-14T14:27:47.755+0000][175][info ][safepoint   ] Safepoint "Cleanup", Time since last: 1001176198 ns, Reaching safepoint: 24781 ns, Cleanup: 28304 ns, At safepoint: 14134 ns, Total: 67219 ns
[2024-10-14T14:27:51.760+0000][175][info ][safepoint   ] Safepoint "Cleanup", Time since last: 4004285124 ns, Reaching safepoint: 20357 ns, Cleanup: 16980 ns, At safepoint: 14916 ns, Total: 52253 ns
[2024-10-14T14:27:54.763+0000][175][info ][safepoint   ] Safepoint "Cleanup", Time since last: 3002788073 ns, Reaching safepoint: 85497 ns, Cleanup: 48571 ns, At safepoint: 22643 ns, Total: 156711 ns
[2024-10-14T14:27:55.765+0000][175][info ][safepoint   ] Safepoint "Cleanup", Time since last: 1001314423 ns, Reaching safepoint: 92248 ns, Cleanup: 555072 ns, At safepoint: 507327 ns, Total: 1154647 ns
[2024-10-14T14:28:02.797+0000][175][info ][safepoint   ] Safepoint "Cleanup", Time since last: 7032248554 ns, Reaching safepoint: 29995 ns, Cleanup: 17032 ns, At safepoint: 17430 ns, Total: 64457 ns
[2024-10-14T14:28:05.801+0000][175][info ][safepoint   ] Safepoint "Cleanup", Time since last: 3002113025 ns, Reaching safepoint: 22024 ns, Cleanup: 15513 ns, At safepoint: 12039 ns, Total: 49576 ns
[2024-10-14T14:28:07.805+0000][175][info ][safepoint   ] Safepoint "Cleanup", Time since last: 2003613750 ns, Reaching safepoint: 23044 ns, Cleanup: 15630 ns, At safepoint: 12809 ns, Total: 51483 ns
[2024-10-14T14:28:09.807+0000][175][info ][safepoint   ] Safepoint "Cleanup", Time since last: 2002089372 ns, Reaching safepoint: 127708 ns, Cleanup: 24439 ns, At safepoint: 36068 ns, Total: 188215 ns
[2024-10-14T14:28:10.808+0000][175][info ][safepoint   ] Safepoint "Cleanup", Time since last: 1000810275 ns, Reaching safepoint: 19123 ns, Cleanup: 15035 ns, At safepoint: 13500 ns, Total: 47658 ns
[2024-10-14T14:28:17.818+0000][175][info ][safepoint   ] Safepoint "Cleanup", Time since last: 7009537367 ns, Reaching safepoint: 243643 ns, Cleanup: 36851 ns, At safepoint: 75902 ns, Total: 356396 ns
[2024-10-14T14:28:18.850+0000][175][info ][safepoint   ] Safepoint "Cleanup", Time since last: 1032140359 ns, Reaching safepoint: 365924 ns, Cleanup: 19134 ns, At safepoint: 61832 ns, Total: 446890 ns
[2024-10-14T14:28:19.855+0000][175][info ][safepoint   ] Safepoint "Cleanup", Time since last: 1004583554 ns, Reaching safepoint: 29551 ns, Cleanup: 97243 ns, At safepoint: 44166 ns, Total: 170960 ns
[2024-10-14T14:28:34.783+0000][175][info ][safepoint   ] Safepoint "Cleanup", Time since last: 14928030789 ns, Reaching safepoint: 36489 ns, Cleanup: 30146 ns, At safepoint: 8660 ns, Total: 75295 ns
[2024-10-14T14:28:35.595+0000][175][info ][safepoint   ] Safepoint "ICBufferFull", Time since last: 811618627 ns, Reaching safepoint: 23859 ns, Cleanup: 143303 ns, At safepoint: 15101 ns, Total: 182263 ns
[2024-10-14T14:28:36.599+0000][175][info ][safepoint   ] Safepoint "Cleanup", Time since last: 1002738010 ns, Reaching safepoint: 1047371 ns, Cleanup: 112632 ns, At safepoint: 102130 ns, Total: 1262133 ns
[2024-10-14T14:28:37.605+0000][175][info ][safepoint   ] Safepoint "Cleanup", Time since last: 1003229409 ns, Reaching safepoint: 30544 ns, Cleanup: 915083 ns, At safepoint: 441118 ns, Total: 1386745 ns
[2024-10-14T14:28:38.607+0000][175][info ][safepoint   ] Safepoint "Cleanup", Time since last: 1003307389 ns, Reaching safepoint: 23913 ns, Cleanup: 15718 ns, At safepoint: 12887 ns, Total: 52518 ns
[2024-10-14T14:28:39.608+0000][175][info ][safepoint   ] Safepoint "Cleanup", Time since last: 1000910135 ns, Reaching safepoint: 24894 ns, Cleanup: 16588 ns, At safepoint: 12997 ns, Total: 54479 ns
[2024-10-14T14:28:40.742+0000][175][info ][safepoint   ] Safepoint "Cleanup", Time since last: 1057096956 ns, Reaching safepoint: 26674854 ns, Cleanup: 121689 ns, At safepoint: 50161493 ns, Total: 76958036 ns
[2024-10-14T14:28:41.819+0000][175][info ][safepoint   ] Safepoint "Cleanup", Time since last: 1062748561 ns, Reaching safepoint: 10939946 ns, Cleanup: 106729 ns, At safepoint: 4025793 ns, Total: 15072468 ns
[2024-10-14T14:28:43.480+0000][175][info ][safepoint   ] Safepoint "Cleanup", Time since last: 1659976598 ns, Reaching safepoint: 18274 ns, Cleanup: 57275 ns, At safepoint: 46134 ns, Total: 121683 ns
[2024-10-14T14:28:45.495+0000][175][info ][safepoint   ] Safepoint "Cleanup", Time since last: 2015314938 ns, Reaching safepoint: 30116 ns, Cleanup: 71833 ns, At safepoint: 20959 ns, Total: 122908 ns
[2024-10-14T14:28:50.503+0000][175][info ][safepoint   ] Safepoint "Cleanup", Time since last: 5007486045 ns, Reaching safepoint: 23453 ns, Cleanup: 21463 ns, At safepoint: 13474 ns, Total: 58390 ns
[2024-10-14T14:28:51.622+0000][175][info ][safepoint   ] Safepoint "Cleanup", Time since last: 1056755032 ns, Reaching safepoint: 1142727 ns, Cleanup: 117174 ns, At safepoint: 61774386 ns, Total: 63034287 ns
[2024-10-14T14:28:52.878+0000][175][info ][safepoint   ] Safepoint "Cleanup", Time since last: 1232006324 ns, Reaching safepoint: 20450276 ns, Cleanup: 272134 ns, At safepoint: 3306572 ns, Total: 24028982 ns
[2024-10-14T14:28:53.809+0000][175][info ][safepoint   ] Safepoint "ICBufferFull", Time since last: 926608709 ns, Reaching safepoint: 3599873 ns, Cleanup: 195127 ns, At safepoint: 173723 ns, Total: 3968723 ns
[2024-10-14T14:28:53.834+0000][175][info ][safepoint   ] Safepoint "ICBufferFull", Time since last: 21017774 ns, Reaching safepoint: 1498261 ns, Cleanup: 18368 ns, At safepoint: 2957110 ns, Total: 4473739 ns
[2024-10-14T14:28:53.843+0000][175][info ][safepoint   ] Safepoint "ICBufferFull", Time since last: 5909218 ns, Reaching safepoint: 2882270 ns, Cleanup: 26525 ns, At safepoint: 52132 ns, Total: 2960927 ns
[2024-10-14T14:28:53.920+0000][175][info ][safepoint   ] Safepoint "ICBufferFull", Time since last: 47771838 ns, Reaching safepoint: 3387457 ns, Cleanup: 15596 ns, At safepoint: 25364897 ns, Total: 28767950 ns
[2024-10-14T14:28:54.578+0000][175][info ][safepoint   ] Safepoint "ICBufferFull", Time since last: 657663092 ns, Reaching safepoint: 198179 ns, Cleanup: 171435 ns, At safepoint: 118000 ns, Total: 487614 ns
[2024-10-14T14:28:55.750+0000][175][info ][safepoint   ] Safepoint "Cleanup", Time since last: 1086449707 ns, Reaching safepoint: 7119693 ns, Cleanup: 181514 ns, At safepoint: 77757765 ns, Total: 85058972 ns
[2024-10-14T14:28:56.851+0000][175][info ][safepoint   ] Safepoint "Cleanup", Time since last: 1093688035 ns, Reaching safepoint: 7947990 ns, Cleanup: 177248 ns, At safepoint: 103380 ns, Total: 8228618 ns
[2024-10-14T14:28:57.924+0000][175][info ][safepoint   ] Safepoint "Cleanup", Time since last: 1058933914 ns, Reaching safepoint: 3916035 ns, Cleanup: 125041 ns, At safepoint: 9952572 ns, Total: 13993648 ns
[2024-10-14T14:28:58.748+0000][175][info ][safepoint   ] Safepoint "ICBufferFull", Time since last: 821518578 ns, Reaching safepoint: 360751 ns, Cleanup: 127555 ns, At safepoint: 1732684 ns, Total: 2220990 ns
[2024-10-14T14:29:00.018+0000][175][info ][safepoint   ] Safepoint "Cleanup", Time since last: 1232069152 ns, Reaching safepoint: 23405484 ns, Cleanup: 169004 ns, At safepoint: 14303292 ns, Total: 37877780 ns
[2024-10-14T14:29:00.835+0000][175][info ][safepoint   ] Safepoint "ICBufferFull", Time since last: 790460209 ns, Reaching safepoint: 4097097 ns, Cleanup: 117505 ns, At safepoint: 21895240 ns, Total: 26109842 ns
[2024-10-14T14:29:00.859+0000][175][info ][safepoint   ] Safepoint "ICBufferFull", Time since last: 22827014 ns, Reaching safepoint: 890155 ns, Cleanup: 38758 ns, At safepoint: 128980 ns, Total: 1057893 ns
[2024-10-14T14:29:00.878+0000][175][info ][safepoint   ] Safepoint "ICBufferFull", Time since last: 7456948 ns, Reaching safepoint: 2392424 ns, Cleanup: 15660 ns, At safepoint: 9934690 ns, Total: 12342774 ns
[2024-10-14T14:29:01.576+0000][175][info ][safepoint   ] Safepoint "ICBufferFull", Time since last: 680921930 ns, Reaching safepoint: 3571604 ns, Cleanup: 153751 ns, At safepoint: 12666116 ns, Total: 16391471 ns
[2024-10-14T14:29:02.538+0000][175][info ][safepoint   ] Safepoint "ICBufferFull", Time since last: 960624057 ns, Reaching safepoint: 1115602 ns, Cleanup: 170511 ns, At safepoint: 158030 ns, Total: 1444143 ns
[2024-10-14T14:29:03.294+0000][175][info ][gc,start    ] GC(16) Pause Young (Normal) (G1 Evacuation Pause)
[2024-10-14T14:29:03.294+0000][175][info ][gc,task     ] GC(16) Using 4 workers of 4 for evacuation
[2024-10-14T14:29:03.294+0000][175][debug][gc,age      ] GC(16) Desired survivor size 85983232 bytes, new threshold 15 (max threshold 15)
[2024-10-14T14:29:03.364+0000][175][info ][gc,phases   ] GC(16)   Pre Evacuate Collection Set: 1.04ms
[2024-10-14T14:29:03.364+0000][175][info ][gc,phases   ] GC(16)   Merge Heap Roots: 0.27ms
[2024-10-14T14:29:03.364+0000][175][info ][gc,phases   ] GC(16)   Evacuate Collection Set: 61.51ms
[2024-10-14T14:29:03.364+0000][175][info ][gc,phases   ] GC(16)   Post Evacuate Collection Set: 6.38ms
[2024-10-14T14:29:03.364+0000][175][info ][gc,phases   ] GC(16)   Other: 0.19ms
[2024-10-14T14:29:03.364+0000][175][trace][gc,age      ] GC(16) Age table with threshold 15 (max threshold 15)
[2024-10-14T14:29:03.364+0000][175][trace][gc,age      ] GC(16) - age   1:   46931344 bytes,   46931344 total
[2024-10-14T14:29:03.364+0000][175][trace][gc,age      ] GC(16) - age   2:      24712 bytes,   46956056 total
[2024-10-14T14:29:03.364+0000][175][trace][gc,age      ] GC(16) - age   3:    6605784 bytes,   53561840 total
[2024-10-14T14:29:03.364+0000][175][trace][gc,age      ] GC(16) - age   4:   13214768 bytes,   66776608 total
[2024-10-14T14:29:03.364+0000][175][info ][gc,heap     ] GC(16) Eden regions: 320->0(175)
[2024-10-14T14:29:03.364+0000][175][info ][gc,heap     ] GC(16) Survivor regions: 6->17(41)
[2024-10-14T14:29:03.364+0000][175][info ][gc,heap     ] GC(16) Old regions: 11->11
[2024-10-14T14:29:03.364+0000][175][info ][gc,heap     ] GC(16) Humongous regions: 2->2
[2024-10-14T14:29:03.364+0000][175][info ][gc,metaspace] GC(16) Metaspace: 148755K(152960K)->148755K(152960K) NonClass: 127624K(129920K)->127624K(129920K) Class: 21130K(23040K)->21130K(23040K)
[2024-10-14T14:29:03.364+0000][175][info ][gc          ] GC(16) Pause Young (Normal) (G1 Evacuation Pause) 1353M->117M(5476M) 69.637ms
[2024-10-14T14:29:03.364+0000][175][info ][gc,cpu      ] GC(16) User=0.26s Sys=0.00s Real=0.07s
[2024-10-14T14:29:03.367+0000][175][info ][safepoint   ] Safepoint "G1CollectForAllocation", Time since last: 756216645 ns, Reaching safepoint: 19756 ns, Cleanup: 125450 ns, At safepoint: 72477398 ns, Total: 72622604 ns
[2024-10-14T14:29:03.811+0000][175][info ][safepoint   ] Safepoint "ICBufferFull", Time since last: 444455738 ns, Reaching safepoint: 17788 ns, Cleanup: 112073 ns, At safepoint: 46824 ns, Total: 176685 ns
[2024-10-14T14:29:04.285+0000][175][info ][safepoint   ] Safepoint "ICBufferFull", Time since last: 462097142 ns, Reaching safepoint: 3207243 ns, Cleanup: 135602 ns, At safepoint: 7979137 ns, Total: 11321982 ns
[2024-10-14T14:29:04.654+0000][175][info ][safepoint   ] Safepoint "ICBufferFull", Time since last: 362373832 ns, Reaching safepoint: 3969646 ns, Cleanup: 177341 ns, At safepoint: 1547903 ns, Total: 5694890 ns
[2024-10-14T14:29:05.154+0000][175][info ][safepoint   ] Safepoint "ICBufferFull", Time since last: 498472649 ns, Reaching safepoint: 1269376 ns, Cleanup: 119035 ns, At safepoint: 99252 ns, Total: 1487663 ns
[2024-10-14T14:29:05.852+0000][175][info ][safepoint   ] Safepoint "ICBufferFull", Time since last: 696126904 ns, Reaching safepoint: 739800 ns, Cleanup: 156034 ns, At safepoint: 1129131 ns, Total: 2024965 ns
[2024-10-14T14:29:06.674+0000][175][info ][safepoint   ] Safepoint "ICBufferFull", Time since last: 821055084 ns, Reaching safepoint: 434170 ns, Cleanup: 198745 ns, At safepoint: 94290 ns, Total: 727205 ns
[2024-10-14T14:29:06.682+0000][175][info ][safepoint   ] Safepoint "ICBufferFull", Time since last: 6738127 ns, Reaching safepoint: 1197947 ns, Cleanup: 15678 ns, At safepoint: 112406 ns, Total: 1326031 ns
[2024-10-14T14:29:07.906+0000][175][info ][safepoint   ] Safepoint "Cleanup", Time since last: 1209667719 ns, Reaching safepoint: 5518818 ns, Cleanup: 237590 ns, At safepoint: 8799382 ns, Total: 14555790 ns
[2024-10-14T14:29:07.921+0000][175][info ][safepoint   ] Safepoint "ICBufferFull", Time since last: 179270 ns, Reaching safepoint: 41710 ns, Cleanup: 5747 ns, At safepoint: 14632227 ns, Total: 14679684 ns
[2024-10-14T14:29:07.974+0000][175][info ][safepoint   ] Safepoint "ICBufferFull", Time since last: 47512988 ns, Reaching safepoint: 1152739 ns, Cleanup: 24664 ns, At safepoint: 4513111 ns, Total: 5690514 ns
[2024-10-14T14:29:08.139+0000][175][info ][gc,start    ] GC(17) Pause Young (Concurrent Start) (CodeCache GC Threshold)
[2024-10-14T14:29:08.139+0000][175][info ][gc,task     ] GC(17) Using 4 workers of 4 for evacuation
[2024-10-14T14:29:08.139+0000][175][debug][gc,age      ] GC(17) Desired survivor size 50331648 bytes, new threshold 3 (max threshold 15)
[2024-10-14T14:29:08.489+0000][175][info ][gc,mmu      ] GC(17) MMU target violated: 201.0ms (200.0ms/201.0ms)
[2024-10-14T14:29:08.489+0000][175][info ][gc,phases   ] GC(17)   Pre Evacuate Collection Set: 0.78ms
[2024-10-14T14:29:08.489+0000][175][info ][gc,phases   ] GC(17)   Merge Heap Roots: 0.34ms
[2024-10-14T14:29:08.490+0000][175][info ][gc,phases   ] GC(17)   Evacuate Collection Set: 322.52ms
[2024-10-14T14:29:08.490+0000][175][info ][gc,phases   ] GC(17)   Post Evacuate Collection Set: 24.02ms
[2024-10-14T14:29:08.490+0000][175][info ][gc,phases   ] GC(17)   Other: 3.02ms
[2024-10-14T14:29:08.490+0000][175][trace][gc,age      ] GC(17) Age table with threshold 3 (max threshold 15)
[2024-10-14T14:29:08.490+0000][175][trace][gc,age      ] GC(17) - age   1:    4118264 bytes,    4118264 total
[2024-10-14T14:29:08.490+0000][175][trace][gc,age      ] GC(17) - age   2:   44764328 bytes,   48882592 total
[2024-10-14T14:29:08.490+0000][175][trace][gc,age      ] GC(17) - age   3:      24680 bytes,   48907272 total
[2024-10-14T14:29:08.490+0000][175][info ][gc,heap     ] GC(17) Eden regions: 116->0(54)
[2024-10-14T14:29:08.490+0000][175][info ][gc,heap     ] GC(17) Survivor regions: 17->14(24)
[2024-10-14T14:29:08.490+0000][175][info ][gc,heap     ] GC(17) Old regions: 11->16
[2024-10-14T14:29:08.490+0000][175][info ][gc,heap     ] GC(17) Humongous regions: 2->2
[2024-10-14T14:29:08.490+0000][175][info ][gc,metaspace] GC(17) Metaspace: 150628K(154880K)->150628K(154880K) NonClass: 129339K(131648K)->129339K(131648K) Class: 21289K(23232K)->21289K(23232K)
[2024-10-14T14:29:08.490+0000][175][info ][gc          ] GC(17) Pause Young (Concurrent Start) (CodeCache GC Threshold) 581M->125M(5476M) 350.920ms
[2024-10-14T14:29:08.490+0000][175][info ][gc          ] GC(18) Concurrent Mark Cycle
[2024-10-14T14:29:08.490+0000][175][info ][gc,marking  ] GC(18) Concurrent Scan Root Regions
[2024-10-14T14:29:08.490+0000][175][info ][gc,cpu      ] GC(17) User=1.04s Sys=0.06s Real=0.35s
[2024-10-14T14:29:08.499+0000][175][info ][safepoint   ] Safepoint "G1TryInitiateConcMark", Time since last: 164060729 ns, Reaching safepoint: 456027 ns, Cleanup: 39783 ns, At safepoint: 360214460 ns, Total: 360710270 ns
[2024-10-14T14:29:08.747+0000][175][info ][gc,marking  ] GC(18) Concurrent Scan Root Regions 257.474ms
[2024-10-14T14:29:08.747+0000][175][info ][gc,marking  ] GC(18) Concurrent Mark
[2024-10-14T14:29:08.747+0000][175][info ][gc,marking  ] GC(18) Concurrent Mark From Roots
[2024-10-14T14:29:08.747+0000][175][info ][gc,task     ] GC(18) Using 1 workers of 1 for marking
[2024-10-14T14:29:09.046+0000][175][info ][gc,marking  ] GC(18) Concurrent Mark From Roots 298.406ms
[2024-10-14T14:29:09.046+0000][175][info ][gc,marking  ] GC(18) Concurrent Preclean
[2024-10-14T14:29:09.046+0000][175][info ][gc,marking  ] GC(18) Concurrent Preclean 0.379ms
[2024-10-14T14:29:09.050+0000][175][info ][gc,start    ] GC(18) Pause Remark
[2024-10-14T14:29:09.099+0000][175][info ][gc          ] GC(18) Pause Remark 145M->145M(5476M) 49.379ms
[2024-10-14T14:29:09.099+0000][175][info ][gc,cpu      ] GC(18) User=0.15s Sys=0.00s Real=0.05s
[2024-10-14T14:29:09.099+0000][175][info ][safepoint   ] Safepoint "G1PauseRemark", Time since last: 547446328 ns, Reaching safepoint: 3350510 ns, Cleanup: 31781 ns, At safepoint: 49504644 ns, Total: 52886935 ns
[2024-10-14T14:29:09.102+0000][175][info ][gc,marking  ] GC(18) Concurrent Mark 354.361ms
[2024-10-14T14:29:09.102+0000][175][info ][gc,marking  ] GC(18) Concurrent Rebuild Remembered Sets and Scrub Regions
[2024-10-14T14:29:09.334+0000][175][info ][gc,marking  ] GC(18) Concurrent Rebuild Remembered Sets and Scrub Regions 231.865ms
[2024-10-14T14:29:09.339+0000][175][info ][gc,start    ] GC(18) Pause Cleanup
[2024-10-14T14:29:09.340+0000][175][info ][gc          ] GC(18) Pause Cleanup 155M->155M(5476M) 0.868ms
[2024-10-14T14:29:09.340+0000][175][info ][gc,cpu      ] GC(18) User=0.00s Sys=0.00s Real=0.00s
[2024-10-14T14:29:09.353+0000][175][info ][safepoint   ] Safepoint "G1PauseCleanup", Time since last: 237354595 ns, Reaching safepoint: 2735397 ns, Cleanup: 57424 ns, At safepoint: 13466287 ns, Total: 16259108 ns
[2024-10-14T14:29:09.353+0000][175][info ][gc,marking  ] GC(18) Concurrent Clear Claimed Marks
[2024-10-14T14:29:09.353+0000][175][info ][gc,marking  ] GC(18) Concurrent Clear Claimed Marks 0.438ms
[2024-10-14T14:29:09.353+0000][175][info ][gc,marking  ] GC(18) Concurrent Cleanup for Next Mark
[2024-10-14T14:29:09.408+0000][175][info ][gc,marking  ] GC(18) Concurrent Cleanup for Next Mark 54.857ms
[2024-10-14T14:29:09.408+0000][175][info ][gc          ] GC(18) Concurrent Mark Cycle 918.544ms
[2024-10-14T14:29:10.223+0000][175][info ][safepoint   ] Safepoint "ICBufferFull", Time since last: 866580267 ns, Reaching safepoint: 3380785 ns, Cleanup: 186452 ns, At safepoint: 130008 ns, Total: 3697245 ns
[2024-10-14T14:29:10.851+0000][175][info ][safepoint   ] Safepoint "ICBufferFull", Time since last: 626091898 ns, Reaching safepoint: 1307330 ns, Cleanup: 111847 ns, At safepoint: 139340 ns, Total: 1558517 ns
[2024-10-14T14:29:11.964+0000][175][info ][safepoint   ] Safepoint "Cleanup", Time since last: 1112851878 ns, Reaching safepoint: 18243 ns, Cleanup: 180081 ns, At safepoint: 57446 ns, Total: 255770 ns
[2024-10-14T14:29:12.429+0000][175][info ][gc,start    ] GC(19) Pause Young (Normal) (G1 Evacuation Pause)
[2024-10-14T14:29:12.429+0000][175][info ][gc,task     ] GC(19) Using 4 workers of 4 for evacuation
[2024-10-14T14:29:12.429+0000][175][debug][gc,age      ] GC(19) Desired survivor size 18874368 bytes, new threshold 2 (max threshold 15)
[2024-10-14T14:29:12.530+0000][175][info ][gc,phases   ] GC(19)   Pre Evacuate Collection Set: 1.37ms
[2024-10-14T14:29:12.530+0000][175][info ][gc,phases   ] GC(19)   Merge Heap Roots: 1.84ms
[2024-10-14T14:29:12.530+0000][175][info ][gc,phases   ] GC(19)   Evacuate Collection Set: 93.80ms
[2024-10-14T14:29:12.530+0000][175][info ][gc,phases   ] GC(19)   Post Evacuate Collection Set: 3.68ms
[2024-10-14T14:29:12.530+0000][175][info ][gc,phases   ] GC(19)   Other: 0.14ms
[2024-10-14T14:29:12.530+0000][175][trace][gc,age      ] GC(19) Age table with threshold 2 (max threshold 15)
[2024-10-14T14:29:12.530+0000][175][trace][gc,age      ] GC(19) - age   1:    3610376 bytes,    3610376 total
[2024-10-14T14:29:12.530+0000][175][trace][gc,age      ] GC(19) - age   2:    2910768 bytes,    6521144 total
[2024-10-14T14:29:12.531+0000][175][info ][gc,heap     ] GC(19) Eden regions: 54->0(373)
[2024-10-14T14:29:12.531+0000][175][info ][gc,heap     ] GC(19) Survivor regions: 14->3(9)
[2024-10-14T14:29:12.531+0000][175][info ][gc,heap     ] GC(19) Old regions: 16->27
[2024-10-14T14:29:12.531+0000][175][info ][gc,heap     ] GC(19) Humongous regions: 2->2
[2024-10-14T14:29:12.531+0000][175][info ][gc,metaspace] GC(19) Metaspace: 152071K(156352K)->152071K(156352K) NonClass: 130653K(132992K)->130653K(132992K) Class: 21417K(23360K)->21417K(23360K)
[2024-10-14T14:29:12.531+0000][175][info ][gc          ] GC(19) Pause Young (Normal) (G1 Evacuation Pause) 341M->125M(5476M) 101.708ms
[2024-10-14T14:29:12.531+0000][175][info ][gc,cpu      ] GC(19) User=0.28s Sys=0.03s Real=0.10s
[2024-10-14T14:29:12.531+0000][175][info ][safepoint   ] Safepoint "G1CollectForAllocation", Time since last: 465238307 ns, Reaching safepoint: 30584 ns, Cleanup: 57983 ns, At safepoint: 101880742 ns, Total: 101969309 ns
[2024-10-14T14:29:13.532+0000][175][info ][safepoint   ] Safepoint "Cleanup", Time since last: 1000592226 ns, Reaching safepoint: 37115 ns, Cleanup: 102262 ns, At safepoint: 62631 ns, Total: 202008 ns
[2024-10-14T14:29:14.535+0000][175][info ][safepoint   ] Safepoint "Cleanup", Time since last: 1002701229 ns, Reaching safepoint: 35809 ns, Cleanup: 230872 ns, At safepoint: 67134 ns, Total: 333815 ns
[2024-10-14T14:29:15.375+0000][175][info ][safepoint   ] Safepoint "ICBufferFull", Time since last: 837371461 ns, Reaching safepoint: 1039282 ns, Cleanup: 318740 ns, At safepoint: 1422122 ns, Total: 2780144 ns
[2024-10-14T14:29:15.863+0000][175][info ][safepoint   ] Safepoint "ICBufferFull", Time since last: 487523603 ns, Reaching safepoint: 28873 ns, Cleanup: 188736 ns, At safepoint: 28721 ns, Total: 246330 ns
[2024-10-14T14:29:15.866+0000][175][info ][safepoint   ] Safepoint "ICBufferFull", Time since last: 727077 ns, Reaching safepoint: 1245411 ns, Cleanup: 15516 ns, At safepoint: 1666785 ns, Total: 2927712 ns
[2024-10-14T14:29:15.871+0000][175][info ][safepoint   ] Safepoint "ICBufferFull", Time since last: 1326546 ns, Reaching safepoint: 1448190 ns, Cleanup: 43300 ns, At safepoint: 1613073 ns, Total: 3104563 ns
[2024-10-14T14:29:16.735+0000][175][info ][safepoint   ] Safepoint "ICBufferFull", Time since last: 862841315 ns, Reaching safepoint: 1194146 ns, Cleanup: 161530 ns, At safepoint: 100633 ns, Total: 1456309 ns
[2024-10-14T14:29:17.815+0000][175][info ][safepoint   ] Safepoint "Cleanup", Time since last: 1079884154 ns, Reaching safepoint: 11349 ns, Cleanup: 80361 ns, At safepoint: 69113 ns, Total: 160823 ns
[2024-10-14T14:29:18.846+0000][175][info ][safepoint   ] Safepoint "ICBufferFull", Time since last: 1030366668 ns, Reaching safepoint: 28339 ns, Cleanup: 219395 ns, At safepoint: 28645 ns, Total: 276379 ns
[2024-10-14T14:29:19.511+0000][175][info ][safepoint   ] Safepoint "ICBufferFull", Time since last: 664975351 ns, Reaching safepoint: 52087 ns, Cleanup: 147109 ns, At safepoint: 58286 ns, Total: 257482 ns
[2024-10-14T14:29:20.360+0000][175][info ][safepoint   ] Safepoint "ICBufferFull", Time since last: 842562959 ns, Reaching safepoint: 6121816 ns, Cleanup: 131683 ns, At safepoint: 126660 ns, Total: 6380159 ns
[2024-10-14T14:29:21.655+0000][175][info ][safepoint   ] Safepoint "ICBufferFull", Time since last: 1294704977 ns, Reaching safepoint: 23799 ns, Cleanup: 123494 ns, At safepoint: 10556 ns, Total: 157849 ns
[2024-10-14T14:29:22.656+0000][175][info ][safepoint   ] Safepoint "Cleanup", Time since last: 1000743554 ns, Reaching safepoint: 24513 ns, Cleanup: 17100 ns, At safepoint: 11817 ns, Total: 53430 ns
[2024-10-14T14:29:23.657+0000][175][info ][safepoint   ] Safepoint "Cleanup", Time since last: 1000805802 ns, Reaching safepoint: 31028 ns, Cleanup: 21968 ns, At safepoint: 14245 ns, Total: 67241 ns
[2024-10-14T14:29:24.674+0000][175][info ][safepoint   ] Safepoint "Cleanup", Time since last: 1014494913 ns, Reaching safepoint: 785333 ns, Cleanup: 96339 ns, At safepoint: 1816711 ns, Total: 2698383 ns
[2024-10-14T14:29:26.153+0000][175][info ][safepoint   ] Safepoint "Cleanup", Time since last: 1478863181 ns, Reaching safepoint: 52307 ns, Cleanup: 220633 ns, At safepoint: 80409 ns, Total: 353349 ns
[2024-10-14T14:29:27.944+0000][175][info ][safepoint   ] Safepoint "Cleanup", Time since last: 1788865851 ns, Reaching safepoint: 2141629 ns, Cleanup: 87212 ns, At safepoint: 52069 ns, Total: 2280910 ns
[2024-10-14T14:29:29.107+0000][175][info ][safepoint   ] Safepoint "Cleanup", Time since last: 1163036056 ns, Reaching safepoint: 35557 ns, Cleanup: 113977 ns, At safepoint: 27502 ns, Total: 177036 ns
[2024-10-14T14:29:30.113+0000][175][info ][safepoint   ] Safepoint "Cleanup", Time since last: 1005230387 ns, Reaching safepoint: 93794 ns, Cleanup: 42946 ns, At safepoint: 78387 ns, Total: 215127 ns
[2024-10-14T14:29:31.138+0000][175][info ][safepoint   ] Safepoint "Cleanup", Time since last: 1014234591 ns, Reaching safepoint: 10654011 ns, Cleanup: 41131 ns, At safepoint: 125178 ns, Total: 10820320 ns
[2024-10-14T14:29:32.139+0000][175][info ][safepoint   ] Safepoint "Cleanup", Time since last: 1001031660 ns, Reaching safepoint: 31282 ns, Cleanup: 29137 ns, At safepoint: 12549 ns, Total: 72968 ns
[2024-10-14T14:29:34.141+0000][175][info ][safepoint   ] Safepoint "Cleanup", Time since last: 2001808626 ns, Reaching safepoint: 40089 ns, Cleanup: 36962 ns, At safepoint: 16733 ns, Total: 93784 ns
[2024-10-14T14:29:35.140+0000][175][info ][safepoint   ] Safepoint "Cleanup", Time since last: 1000684935 ns, Reaching safepoint: 1183308 ns, Cleanup: 36923 ns, At safepoint: 70881 ns, Total: 1291112 ns
[2024-10-14T14:29:36.142+0000][175][info ][safepoint   ] Safepoint "Cleanup", Time since last: 1000966795 ns, Reaching safepoint: 868780 ns, Cleanup: 223576 ns, At safepoint: 144793 ns, Total: 1237149 ns
[2024-10-14T14:29:37.470+0000][175][info ][safepoint   ] Safepoint "Cleanup", Time since last: 1327583439 ns, Reaching safepoint: 27180 ns, Cleanup: 91959 ns, At safepoint: 12280 ns, Total: 131419 ns
[2024-10-14T14:29:38.699+0000][175][info ][safepoint   ] Safepoint "Cleanup", Time since last: 1229012038 ns, Reaching safepoint: 32228 ns, Cleanup: 64674 ns, At safepoint: 12394 ns, Total: 109296 ns
[2024-10-14T14:29:39.700+0000][175][info ][safepoint   ] Safepoint "Cleanup", Time since last: 1000667185 ns, Reaching safepoint: 23245 ns, Cleanup: 15865 ns, At safepoint: 9882 ns, Total: 48992 ns
[2024-10-14T14:29:40.701+0000][175][info ][safepoint   ] Safepoint "Cleanup", Time since last: 1001365242 ns, Reaching safepoint: 24382 ns, Cleanup: 31983 ns, At safepoint: 9796 ns, Total: 66161 ns
[2024-10-14T14:29:42.556+0000][175][info ][safepoint   ] Safepoint "Cleanup", Time since last: 1854881137 ns, Reaching safepoint: 15153 ns, Cleanup: 70485 ns, At safepoint: 48576 ns, Total: 134214 ns
[2024-10-14T14:29:43.563+0000][175][info ][safepoint   ] Safepoint "Cleanup", Time since last: 1006604951 ns, Reaching safepoint: 34468 ns, Cleanup: 27991 ns, At safepoint: 11654 ns, Total: 74113 ns
[2024-10-14T14:29:44.564+0000][175][info ][safepoint   ] Safepoint "Cleanup", Time since last: 1001232042 ns, Reaching safepoint: 31555 ns, Cleanup: 18177 ns, At safepoint: 17005 ns, Total: 66737 ns
[2024-10-14T14:29:46.566+0000][175][info ][safepoint   ] Safepoint "Cleanup", Time since last: 2001735912 ns, Reaching safepoint: 30845 ns, Cleanup: 39494 ns, At safepoint: 16068 ns, Total: 86407 ns
[2024-10-14T14:29:49.569+0000][175][info ][safepoint   ] Safepoint "Cleanup", Time since last: 3003005609 ns, Reaching safepoint: 30722 ns, Cleanup: 19036 ns, At safepoint: 15744 ns, Total: 65502 ns
[2024-10-14T14:29:51.570+0000][175][info ][safepoint   ] Safepoint "Cleanup", Time since last: 2001017772 ns, Reaching safepoint: 32527 ns, Cleanup: 79847 ns, At safepoint: 17304 ns, Total: 129678 ns
[2024-10-14T14:29:52.571+0000][175][info ][safepoint   ] Safepoint "Cleanup", Time since last: 1000569734 ns, Reaching safepoint: 38930 ns, Cleanup: 45945 ns, At safepoint: 22334 ns, Total: 107209 ns
[2024-10-14T14:29:53.572+0000][175][info ][safepoint   ] Safepoint "Cleanup", Time since last: 1001082882 ns, Reaching safepoint: 21970 ns, Cleanup: 37631 ns, At safepoint: 13095 ns, Total: 72696 ns
[2024-10-14T14:29:54.573+0000][175][info ][safepoint   ] Safepoint "Cleanup", Time since last: 1000963557 ns, Reaching safepoint: 22631 ns, Cleanup: 16751 ns, At safepoint: 10554 ns, Total: 49936 ns
[2024-10-14T14:29:55.574+0000][175][info ][safepoint   ] Safepoint "Cleanup", Time since last: 1001003228 ns, Reaching safepoint: 22575 ns, Cleanup: 20634 ns, At safepoint: 10785 ns, Total: 53994 ns
[2024-10-14T14:29:56.575+0000][175][info ][safepoint   ] Safepoint "Cleanup", Time since last: 1000867387 ns, Reaching safepoint: 26169 ns, Cleanup: 22714 ns, At safepoint: 11554 ns, Total: 60437 ns
[2024-10-14T14:29:58.577+0000][175][info ][safepoint   ] Safepoint "Cleanup", Time since last: 2001958102 ns, Reaching safepoint: 53259 ns, Cleanup: 20589 ns, At safepoint: 11085 ns, Total: 84933 ns
[2024-10-14T14:29:59.578+0000][175][info ][safepoint   ] Safepoint "Cleanup", Time since last: 1000628954 ns, Reaching safepoint: 71991 ns, Cleanup: 13831 ns, At safepoint: 12861 ns, Total: 98683 ns
[2024-10-14T14:30:00.764+0000][175][info ][safepoint   ] Safepoint "Cleanup", Time since last: 1185354321 ns, Reaching safepoint: 668676 ns, Cleanup: 35689 ns, At safepoint: 282726 ns, Total: 987091 ns
[2024-10-14T14:30:02.247+0000][175][info ][safepoint   ] Safepoint "Cleanup", Time since last: 1482369068 ns, Reaching safepoint: 14523 ns, Cleanup: 218262 ns, At safepoint: 47493 ns, Total: 280278 ns
[2024-10-14T14:30:03.254+0000][175][info ][safepoint   ] Safepoint "Cleanup", Time since last: 1007209020 ns, Reaching safepoint: 23362 ns, Cleanup: 13993 ns, At safepoint: 10197 ns, Total: 47552 ns
[2024-10-14T14:30:04.261+0000][175][info ][safepoint   ] Safepoint "Cleanup", Time since last: 1006726194 ns, Reaching safepoint: 16799 ns, Cleanup: 45038 ns, At safepoint: 47250 ns, Total: 109087 ns
[2024-10-14T14:30:05.280+0000][175][info ][safepoint   ] Safepoint "Cleanup", Time since last: 1012113613 ns, Reaching safepoint: 31602 ns, Cleanup: 23823 ns, At safepoint: 16954 ns, Total: 72379 ns
[2024-10-14T14:30:06.281+0000][175][info ][safepoint   ] Safepoint "Cleanup", Time since last: 1000847743 ns, Reaching safepoint: 29881 ns, Cleanup: 13880 ns, At safepoint: 11791 ns, Total: 55552 ns
[2024-10-14T14:30:07.282+0000][175][info ][safepoint   ] Safepoint "Cleanup", Time since last: 1001018575 ns, Reaching safepoint: 34280 ns, Cleanup: 21596 ns, At safepoint: 16976 ns, Total: 72852 ns
[2024-10-14T14:30:09.283+0000][175][info ][safepoint   ] Safepoint "Cleanup", Time since last: 2001771422 ns, Reaching safepoint: 30865 ns, Cleanup: 18432 ns, At safepoint: 12100 ns, Total: 61397 ns
[2024-10-14T14:30:10.284+0000][175][info ][safepoint   ] Safepoint "Cleanup", Time since last: 1000987799 ns, Reaching safepoint: 26672 ns, Cleanup: 18035 ns, At safepoint: 11878 ns, Total: 56585 ns
[2024-10-14T14:30:11.289+0000][175][info ][safepoint   ] Safepoint "Cleanup", Time since last: 1004812729 ns, Reaching safepoint: 48979 ns, Cleanup: 41020 ns, At safepoint: 22733 ns, Total: 112732 ns
[2024-10-14T14:30:12.312+0000][175][info ][safepoint   ] Safepoint "Cleanup", Time since last: 1021144227 ns, Reaching safepoint: 573471 ns, Cleanup: 18996 ns, At safepoint: 572481 ns, Total: 1164948 ns
[2024-10-14T14:30:13.786+0000][175][info ][safepoint   ] Safepoint "Cleanup", Time since last: 1473707125 ns, Reaching safepoint: 129170 ns, Cleanup: 26030 ns, At safepoint: 12315 ns, Total: 167515 ns
[2024-10-14T14:30:14.794+0000][175][info ][safepoint   ] Safepoint "Cleanup", Time since last: 1004466480 ns, Reaching safepoint: 146311 ns, Cleanup: 2952553 ns, At safepoint: 652828 ns, Total: 3751692 ns
[2024-10-14T14:30:15.796+0000][175][info ][safepoint   ] Safepoint "Cleanup", Time since last: 1001643771 ns, Reaching safepoint: 41338 ns, Cleanup: 184041 ns, At safepoint: 42701 ns, Total: 268080 ns
[2024-10-14T14:30:16.797+0000][175][info ][safepoint   ] Safepoint "Cleanup", Time since last: 1000816879 ns, Reaching safepoint: 56611 ns, Cleanup: 29506 ns, At safepoint: 43674 ns, Total: 129791 ns
[2024-10-14T14:30:17.941+0000][175][info ][safepoint   ] Safepoint "Cleanup", Time since last: 1144224799 ns, Reaching safepoint: 29101 ns, Cleanup: 15076 ns, At safepoint: 11148 ns, Total: 55325 ns
[2024-10-14T14:30:18.943+0000][175][info ][safepoint   ] Safepoint "Cleanup", Time since last: 1001472498 ns, Reaching safepoint: 27596 ns, Cleanup: 61872 ns, At safepoint: 11776 ns, Total: 101244 ns
[2024-10-14T14:30:19.944+0000][175][info ][safepoint   ] Safepoint "Cleanup", Time since last: 1001045262 ns, Reaching safepoint: 37236 ns, Cleanup: 51076 ns, At safepoint: 17972 ns, Total: 106284 ns
[2024-10-14T14:30:20.944+0000][175][info ][safepoint   ] Safepoint "Cleanup", Time since last: 1000640395 ns, Reaching safepoint: 32773 ns, Cleanup: 27786 ns, At safepoint: 14452 ns, Total: 75011 ns
[2024-10-14T14:30:22.327+0000][175][info ][safepoint   ] Safepoint "Cleanup", Time since last: 1382685032 ns, Reaching safepoint: 171295 ns, Cleanup: 57004 ns, At safepoint: 72158 ns, Total: 300457 ns
[2024-10-14T14:30:23.343+0000][175][info ][safepoint   ] Safepoint "Cleanup", Time since last: 1016054802 ns, Reaching safepoint: 23394 ns, Cleanup: 11948 ns, At safepoint: 10598 ns, Total: 45940 ns
[2024-10-14T14:30:24.344+0000][175][info ][safepoint   ] Safepoint "Cleanup", Time since last: 1000905243 ns, Reaching safepoint: 39866 ns, Cleanup: 16667 ns, At safepoint: 18599 ns, Total: 75132 ns
[2024-10-14T14:30:25.345+0000][175][info ][safepoint   ] Safepoint "Cleanup", Time since last: 1000859776 ns, Reaching safepoint: 37719 ns, Cleanup: 30362 ns, At safepoint: 16385 ns, Total: 84466 ns
[2024-10-14T14:30:26.346+0000][175][info ][safepoint   ] Safepoint "Cleanup", Time since last: 1000236349 ns, Reaching safepoint: 23968 ns, Cleanup: 20926 ns, At safepoint: 11705 ns, Total: 56599 ns
[2024-10-14T14:30:28.288+0000][175][info ][safepoint   ] Safepoint "Cleanup", Time since last: 1942316963 ns, Reaching safepoint: 20800 ns, Cleanup: 17575 ns, At safepoint: 9070 ns, Total: 47445 ns
[2024-10-14T14:30:30.291+0000][175][info ][safepoint   ] Safepoint "Cleanup", Time since last: 2002397699 ns, Reaching safepoint: 22055 ns, Cleanup: 51810 ns, At safepoint: 11902 ns, Total: 85767 ns
[2024-10-14T14:30:31.292+0000][175][info ][safepoint   ] Safepoint "Cleanup", Time since last: 1000951660 ns, Reaching safepoint: 22521 ns, Cleanup: 14460 ns, At safepoint: 9947 ns, Total: 46928 ns
[2024-10-14T14:30:33.293+0000][175][info ][safepoint   ] Safepoint "Cleanup", Time since last: 2001719249 ns, Reaching safepoint: 24646 ns, Cleanup: 14038 ns, At safepoint: 10599 ns, Total: 49283 ns
[2024-10-14T14:30:34.294+0000][175][info ][safepoint   ] Safepoint "Cleanup", Time since last: 1000976880 ns, Reaching safepoint: 26438 ns, Cleanup: 15155 ns, At safepoint: 12344 ns, Total: 53937 ns
[2024-10-14T14:30:35.297+0000][175][info ][safepoint   ] Safepoint "Cleanup", Time since last: 1001178895 ns, Reaching safepoint: 93652 ns, Cleanup: 16965 ns, At safepoint: 18866 ns, Total: 129483 ns
[2024-10-14T14:30:36.298+0000][175][info ][safepoint   ] Safepoint "Cleanup", Time since last: 1000863463 ns, Reaching safepoint: 31779 ns, Cleanup: 14548 ns, At safepoint: 10719 ns, Total: 57046 ns
[2024-10-14T14:30:37.299+0000][175][info ][safepoint   ] Safepoint "Cleanup", Time since last: 1000889259 ns, Reaching safepoint: 29458 ns, Cleanup: 20834 ns, At safepoint: 16605 ns, Total: 66897 ns
[2024-10-14T14:30:39.301+0000][175][info ][safepoint   ] Safepoint "Cleanup", Time since last: 2001987032 ns, Reaching safepoint: 29932 ns, Cleanup: 19660 ns, At safepoint: 15778 ns, Total: 65370 ns
[2024-10-14T14:30:40.302+0000][175][info ][safepoint   ] Safepoint "Cleanup", Time since last: 1000797870 ns, Reaching safepoint: 26028 ns, Cleanup: 14279 ns, At safepoint: 11467 ns, Total: 51774 ns
[2024-10-14T14:30:41.303+0000][175][info ][safepoint   ] Safepoint "Cleanup", Time since last: 1000943426 ns, Reaching safepoint: 30339 ns, Cleanup: 23573 ns, At safepoint: 10232 ns, Total: 64144 ns
[2024-10-14T14:30:43.305+0000][175][info ][safepoint   ] Safepoint "Cleanup", Time since last: 2002183235 ns, Reaching safepoint: 51370 ns, Cleanup: 22959 ns, At safepoint: 12502 ns, Total: 86831 ns
[2024-10-14T14:30:46.308+0000][175][info ][safepoint   ] Safepoint "Cleanup", Time since last: 3002547148 ns, Reaching safepoint: 27337 ns, Cleanup: 18256 ns, At safepoint: 11015 ns, Total: 56608 ns
[2024-10-14T14:30:49.310+0000][175][info ][safepoint   ] Safepoint "Cleanup", Time since last: 3002262920 ns, Reaching safepoint: 22625 ns, Cleanup: 25573 ns, At safepoint: 10902 ns, Total: 59100 ns
[2024-10-14T14:30:51.312+0000][175][info ][safepoint   ] Safepoint "Cleanup", Time since last: 2001802335 ns, Reaching safepoint: 33721 ns, Cleanup: 50549 ns, At safepoint: 15807 ns, Total: 100077 ns
[2024-10-14T14:30:52.313+0000][175][info ][safepoint   ] Safepoint "Cleanup", Time since last: 1000914909 ns, Reaching safepoint: 24905 ns, Cleanup: 20565 ns, At safepoint: 11587 ns, Total: 57057 ns
[2024-10-14T14:30:53.316+0000][175][info ][safepoint   ] Safepoint "Cleanup", Time since last: 1002707335 ns, Reaching safepoint: 35006 ns, Cleanup: 19557 ns, At safepoint: 14701 ns, Total: 69264 ns
[2024-10-14T14:30:55.318+0000][175][info ][safepoint   ] Safepoint "Cleanup", Time since last: 2002129741 ns, Reaching safepoint: 30249 ns, Cleanup: 22873 ns, At safepoint: 12060 ns, Total: 65182 ns
[2024-10-14T14:30:56.355+0000][175][info ][safepoint   ] Safepoint "Cleanup", Time since last: 1037285818 ns, Reaching safepoint: 70243 ns, Cleanup: 21458 ns, At safepoint: 16179 ns, Total: 107880 ns
[2024-10-14T14:30:57.356+0000][175][info ][safepoint   ] Safepoint "Cleanup", Time since last: 1000573269 ns, Reaching safepoint: 34200 ns, Cleanup: 18597 ns, At safepoint: 19400 ns, Total: 72197 ns
[2024-10-14T14:30:58.357+0000][175][info ][safepoint   ] Safepoint "Cleanup", Time since last: 1000740014 ns, Reaching safepoint: 30680 ns, Cleanup: 20338 ns, At safepoint: 13638 ns, Total: 64656 ns
[2024-10-14T14:30:59.359+0000][175][info ][safepoint   ] Safepoint "Cleanup", Time since last: 1001574890 ns, Reaching safepoint: 195565 ns, Cleanup: 227686 ns, At safepoint: 112872 ns, Total: 536123 ns
[2024-10-14T14:31:01.361+0000][175][info ][safepoint   ] Safepoint "Cleanup", Time since last: 2002067629 ns, Reaching safepoint: 21271 ns, Cleanup: 27666 ns, At safepoint: 9591 ns, Total: 58528 ns
[2024-10-14T14:31:02.362+0000][175][info ][safepoint   ] Safepoint "Cleanup", Time since last: 1001393630 ns, Reaching safepoint: 37357 ns, Cleanup: 18260 ns, At safepoint: 16463 ns, Total: 72080 ns
[2024-10-14T14:31:03.928+0000][175][info ][safepoint   ] Safepoint "Cleanup", Time since last: 1564427545 ns, Reaching safepoint: 865414 ns, Cleanup: 63193 ns, At safepoint: 59618 ns, Total: 988225 ns
[2024-10-14T14:31:05.569+0000][175][info ][safepoint   ] Safepoint "Cleanup", Time since last: 1640008158 ns, Reaching safepoint: 35546 ns, Cleanup: 41988 ns, At safepoint: 19293 ns, Total: 96827 ns
[2024-10-14T14:31:06.829+0000][175][info ][safepoint   ] Safepoint "Cleanup", Time since last: 1260091495 ns, Reaching safepoint: 14746 ns, Cleanup: 37185 ns, At safepoint: 39890 ns, Total: 91821 ns
[2024-10-14T14:31:08.593+0000][175][info ][safepoint   ] Safepoint "Cleanup", Time since last: 1763783728 ns, Reaching safepoint: 24504 ns, Cleanup: 48352 ns, At safepoint: 10146 ns, Total: 83002 ns
[2024-10-14T14:31:09.594+0000][175][info ][safepoint   ] Safepoint "Cleanup", Time since last: 1000633976 ns, Reaching safepoint: 24326 ns, Cleanup: 15011 ns, At safepoint: 10722 ns, Total: 50059 ns
[2024-10-14T14:31:11.596+0000][175][info ][safepoint   ] Safepoint "Cleanup", Time since last: 2002250730 ns, Reaching safepoint: 22741 ns, Cleanup: 25093 ns, At safepoint: 10084 ns, Total: 57918 ns
[2024-10-14T14:31:13.598+0000][175][info ][safepoint   ] Safepoint "Cleanup", Time since last: 2001979858 ns, Reaching safepoint: 44495 ns, Cleanup: 86501 ns, At safepoint: 34900 ns, Total: 165896 ns
[2024-10-14T14:31:14.599+0000][175][info ][safepoint   ] Safepoint "Cleanup", Time since last: 1000750200 ns, Reaching safepoint: 28850 ns, Cleanup: 17902 ns, At safepoint: 15584 ns, Total: 62336 ns
[2024-10-14T14:31:16.601+0000][175][info ][safepoint   ] Safepoint "Cleanup", Time since last: 2002044823 ns, Reaching safepoint: 24459 ns, Cleanup: 21100 ns, At safepoint: 10160 ns, Total: 55719 ns
[2024-10-14T14:31:19.604+0000][175][info ][safepoint   ] Safepoint "Cleanup", Time since last: 3002818935 ns, Reaching safepoint: 38464 ns, Cleanup: 30124 ns, At safepoint: 20315 ns, Total: 88903 ns
[2024-10-14T14:31:21.606+0000][175][info ][safepoint   ] Safepoint "Cleanup", Time since last: 2001801442 ns, Reaching safepoint: 23005 ns, Cleanup: 16045 ns, At safepoint: 10781 ns, Total: 49831 ns
[2024-10-14T14:31:22.607+0000][175][info ][safepoint   ] Safepoint "Cleanup", Time since last: 1001038955 ns, Reaching safepoint: 31595 ns, Cleanup: 24046 ns, At safepoint: 15993 ns, Total: 71634 ns
[2024-10-14T14:31:24.609+0000][175][info ][safepoint   ] Safepoint "Cleanup", Time since last: 2001744343 ns, Reaching safepoint: 22010 ns, Cleanup: 15371 ns, At safepoint: 9371 ns, Total: 46752 ns
[2024-10-14T14:31:25.637+0000][175][info ][safepoint   ] Safepoint "Cleanup", Time since last: 1027424300 ns, Reaching safepoint: 652221 ns, Cleanup: 30419 ns, At safepoint: 70828 ns, Total: 753468 ns
[2024-10-14T14:31:26.654+0000][175][info ][safepoint   ] Safepoint "Cleanup", Time since last: 1016783995 ns, Reaching safepoint: 30130 ns, Cleanup: 33809 ns, At safepoint: 12049 ns, Total: 75988 ns
[2024-10-14T14:31:28.474+0000][175][info ][safepoint   ] Safepoint "Cleanup", Time since last: 1820449964 ns, Reaching safepoint: 7949 ns, Cleanup: 11956 ns, At safepoint: 5603 ns, Total: 25508 ns
[2024-10-14T14:31:31.477+0000][175][info ][safepoint   ] Safepoint "Cleanup", Time since last: 3002679478 ns, Reaching safepoint: 31613 ns, Cleanup: 18585 ns, At safepoint: 13202 ns, Total: 63400 ns
[2024-10-14T14:31:36.483+0000][175][info ][safepoint   ] Safepoint "Cleanup", Time since last: 5004781882 ns, Reaching safepoint: 32794 ns, Cleanup: 25474 ns, At safepoint: 49515 ns, Total: 107783 ns
[2024-10-14T14:31:37.484+0000][175][info ][safepoint   ] Safepoint "Cleanup", Time since last: 1001164329 ns, Reaching safepoint: 37730 ns, Cleanup: 31314 ns, At safepoint: 17268 ns, Total: 86312 ns
[2024-10-14T14:31:40.487+0000][175][info ][safepoint   ] Safepoint "Cleanup", Time since last: 3002563360 ns, Reaching safepoint: 41329 ns, Cleanup: 107758 ns, At safepoint: 50325 ns, Total: 199412 ns
[2024-10-14T14:31:41.490+0000][175][info ][safepoint   ] Safepoint "Cleanup", Time since last: 1002145125 ns, Reaching safepoint: 86278 ns, Cleanup: 28967 ns, At safepoint: 19198 ns, Total: 134443 ns
[2024-10-14T14:31:43.491+0000][175][info ][safepoint   ] Safepoint "Cleanup", Time since last: 2001885168 ns, Reaching safepoint: 29170 ns, Cleanup: 19047 ns, At safepoint: 16050 ns, Total: 64267 ns
[2024-10-14T14:31:45.493+0000][175][info ][safepoint   ] Safepoint "Cleanup", Time since last: 2001817544 ns, Reaching safepoint: 21923 ns, Cleanup: 13266 ns, At safepoint: 9981 ns, Total: 45170 ns
[2024-10-14T14:31:46.494+0000][175][info ][safepoint   ] Safepoint "Cleanup", Time since last: 1000867152 ns, Reaching safepoint: 32593 ns, Cleanup: 17585 ns, At safepoint: 14142 ns, Total: 64320 ns
[2024-10-14T14:31:49.497+0000][175][info ][safepoint   ] Safepoint "Cleanup", Time since last: 3002988847 ns, Reaching safepoint: 26299 ns, Cleanup: 19143 ns, At safepoint: 11285 ns, Total: 56727 ns
[2024-10-14T14:31:50.502+0000][175][info ][safepoint   ] Safepoint "Cleanup", Time since last: 1004593863 ns, Reaching safepoint: 28800 ns, Cleanup: 96935 ns, At safepoint: 58801 ns, Total: 184536 ns
[2024-10-14T14:31:51.505+0000][175][info ][safepoint   ] Safepoint "Cleanup", Time since last: 1001237333 ns, Reaching safepoint: 1045904 ns, Cleanup: 51421 ns, At safepoint: 89551 ns, Total: 1186876 ns
[2024-10-14T14:31:52.515+0000][175][info ][safepoint   ] Safepoint "Cleanup", Time since last: 1010685186 ns, Reaching safepoint: 36130 ns, Cleanup: 29494 ns, At safepoint: 15281 ns, Total: 80905 ns
[2024-10-14T14:31:56.519+0000][175][info ][safepoint   ] Safepoint "Cleanup", Time since last: 4003973628 ns, Reaching safepoint: 23146 ns, Cleanup: 24231 ns, At safepoint: 20828 ns, Total: 68205 ns
[2024-10-14T14:32:01.524+0000][175][info ][safepoint   ] Safepoint "Cleanup", Time since last: 5004874818 ns, Reaching safepoint: 23554 ns, Cleanup: 24222 ns, At safepoint: 10657 ns, Total: 58433 ns
[2024-10-14T14:32:02.525+0000][175][info ][safepoint   ] Safepoint "Cleanup", Time since last: 1001064374 ns, Reaching safepoint: 22553 ns, Cleanup: 13397 ns, At safepoint: 9840 ns, Total: 45790 ns
[2024-10-14T14:32:04.528+0000][175][info ][safepoint   ] Safepoint "Cleanup", Time since last: 2002048139 ns, Reaching safepoint: 30816 ns, Cleanup: 32858 ns, At safepoint: 15645 ns, Total: 79319 ns
[2024-10-14T14:32:06.530+0000][175][info ][safepoint   ] Safepoint "Cleanup", Time since last: 2001656139 ns, Reaching safepoint: 51361 ns, Cleanup: 27357 ns, At safepoint: 9862 ns, Total: 88580 ns
[2024-10-14T14:32:07.756+0000][175][info ][safepoint   ] Safepoint "Cleanup", Time since last: 1225066420 ns, Reaching safepoint: 917194 ns, Cleanup: 72305 ns, At safepoint: 178211 ns, Total: 1167710 ns
[2024-10-14T14:32:09.876+0000][175][info ][safepoint   ] Safepoint "Cleanup", Time since last: 2119710532 ns, Reaching safepoint: 24606 ns, Cleanup: 19689 ns, At safepoint: 9611 ns, Total: 53906 ns
[2024-10-14T14:32:11.808+0000][175][info ][safepoint   ] Safepoint "Cleanup", Time since last: 1931889437 ns, Reaching safepoint: 28957 ns, Cleanup: 56021 ns, At safepoint: 12813 ns, Total: 97791 ns
[2024-10-14T14:32:13.810+0000][175][info ][safepoint   ] Safepoint "Cleanup", Time since last: 2002067011 ns, Reaching safepoint: 24633 ns, Cleanup: 19929 ns, At safepoint: 10910 ns, Total: 55472 ns
[2024-10-14T14:32:16.813+0000][175][info ][safepoint   ] Safepoint "Cleanup", Time since last: 3002716770 ns, Reaching safepoint: 26459 ns, Cleanup: 16439 ns, At safepoint: 11434 ns, Total: 54332 ns
[2024-10-14T14:32:20.819+0000][175][info ][safepoint   ] Safepoint "Cleanup", Time since last: 4006082618 ns, Reaching safepoint: 22123 ns, Cleanup: 22889 ns, At safepoint: 9677 ns, Total: 54689 ns
[2024-10-14T14:32:21.820+0000][175][info ][safepoint   ] Safepoint "Cleanup", Time since last: 1000809035 ns, Reaching safepoint: 40274 ns, Cleanup: 38977 ns, At safepoint: 19108 ns, Total: 98359 ns
[2024-10-14T14:32:22.821+0000][175][info ][safepoint   ] Safepoint "Cleanup", Time since last: 1000997999 ns, Reaching safepoint: 25087 ns, Cleanup: 20190 ns, At safepoint: 10416 ns, Total: 55693 ns
[2024-10-14T14:32:25.824+0000][175][info ][safepoint   ] Safepoint "Cleanup", Time since last: 3003084928 ns, Reaching safepoint: 22253 ns, Cleanup: 13807 ns, At safepoint: 9910 ns, Total: 45970 ns
[2024-10-14T14:32:26.825+0000][175][info ][safepoint   ] Safepoint "Cleanup", Time since last: 1000936320 ns, Reaching safepoint: 23379 ns, Cleanup: 55973 ns, At safepoint: 21247 ns, Total: 100599 ns
[2024-10-14T14:32:27.878+0000][175][info ][safepoint   ] Safepoint "Cleanup", Time since last: 1052845578 ns, Reaching safepoint: 13902 ns, Cleanup: 22731 ns, At safepoint: 43449 ns, Total: 80082 ns
[2024-10-14T14:32:28.899+0000][175][info ][safepoint   ] Safepoint "Cleanup", Time since last: 1020919648 ns, Reaching safepoint: 18663 ns, Cleanup: 36947 ns, At safepoint: 81181 ns, Total: 136791 ns
[2024-10-14T14:32:29.913+0000][175][info ][safepoint   ] Safepoint "Cleanup", Time since last: 1013842928 ns, Reaching safepoint: 31576 ns, Cleanup: 15904 ns, At safepoint: 12271 ns, Total: 59751 ns
[2024-10-14T14:32:30.914+0000][175][info ][safepoint   ] Safepoint "Cleanup", Time since last: 1000861930 ns, Reaching safepoint: 30794 ns, Cleanup: 19286 ns, At safepoint: 12570 ns, Total: 62650 ns
[2024-10-14T14:32:31.916+0000][175][info ][safepoint   ] Safepoint "Cleanup", Time since last: 1001973923 ns, Reaching safepoint: 37187 ns, Cleanup: 25033 ns, At safepoint: 15151 ns, Total: 77371 ns
[2024-10-14T14:32:33.918+0000][175][info ][safepoint   ] Safepoint "Cleanup", Time since last: 2001912327 ns, Reaching safepoint: 23480 ns, Cleanup: 32653 ns, At safepoint: 13072 ns, Total: 69205 ns
[2024-10-14T14:32:35.922+0000][175][info ][safepoint   ] Safepoint "Cleanup", Time since last: 2002149921 ns, Reaching safepoint: 21793 ns, Cleanup: 21455 ns, At safepoint: 12945 ns, Total: 56193 ns
[2024-10-14T14:32:36.923+0000][175][info ][safepoint   ] Safepoint "Cleanup", Time since last: 1000854223 ns, Reaching safepoint: 21370 ns, Cleanup: 31597 ns, At safepoint: 24751 ns, Total: 77718 ns
[2024-10-14T14:32:39.926+0000][175][info ][safepoint   ] Safepoint "Cleanup", Time since last: 3002849752 ns, Reaching safepoint: 52931 ns, Cleanup: 23308 ns, At safepoint: 10994 ns, Total: 87233 ns
[2024-10-14T14:32:41.928+0000][175][info ][safepoint   ] Safepoint "Cleanup", Time since last: 2002018906 ns, Reaching safepoint: 24167 ns, Cleanup: 20516 ns, At safepoint: 11679 ns, Total: 56362 ns
[2024-10-14T14:32:42.929+0000][175][info ][safepoint   ] Safepoint "Cleanup", Time since last: 1000853781 ns, Reaching safepoint: 21645 ns, Cleanup: 15596 ns, At safepoint: 9922 ns, Total: 47163 ns
[2024-10-14T14:32:43.930+0000][175][info ][safepoint   ] Safepoint "Cleanup", Time since last: 1000927049 ns, Reaching safepoint: 24846 ns, Cleanup: 13255 ns, At safepoint: 11577 ns, Total: 49678 ns
[2024-10-14T14:32:45.932+0000][175][info ][safepoint   ] Safepoint "Cleanup", Time since last: 2001853226 ns, Reaching safepoint: 30068 ns, Cleanup: 15829 ns, At safepoint: 10669 ns, Total: 56566 ns
[2024-10-14T14:32:46.933+0000][175][info ][safepoint   ] Safepoint "Cleanup", Time since last: 1001069103 ns, Reaching safepoint: 22056 ns, Cleanup: 14616 ns, At safepoint: 10304 ns, Total: 46976 ns
[2024-10-14T14:32:47.934+0000][175][info ][safepoint   ] Safepoint "Cleanup", Time since last: 1000876581 ns, Reaching safepoint: 28904 ns, Cleanup: 15740 ns, At safepoint: 13268 ns, Total: 57912 ns
[2024-10-14T14:32:49.936+0000][175][info ][safepoint   ] Safepoint "Cleanup", Time since last: 2002006356 ns, Reaching safepoint: 36893 ns, Cleanup: 18847 ns, At safepoint: 14073 ns, Total: 69813 ns
[2024-10-14T14:32:51.975+0000][175][info ][safepoint   ] Safepoint "Cleanup", Time since last: 2039024649 ns, Reaching safepoint: 21966 ns, Cleanup: 37647 ns, At safepoint: 10445 ns, Total: 70058 ns
[2024-10-14T14:32:57.023+0000][175][info ][safepoint   ] Safepoint "Cleanup", Time since last: 5048466086 ns, Reaching safepoint: 30437 ns, Cleanup: 16441 ns, At safepoint: 14334 ns, Total: 61212 ns
[2024-10-14T14:32:58.429+0000][175][info ][safepoint   ] Safepoint "Cleanup", Time since last: 1405552740 ns, Reaching safepoint: 10535 ns, Cleanup: 7921 ns, At safepoint: 5726 ns, Total: 24182 ns
[2024-10-14T14:32:59.447+0000][175][info ][safepoint   ] Safepoint "Cleanup", Time since last: 1017698276 ns, Reaching safepoint: 37776 ns, Cleanup: 24433 ns, At safepoint: 18044 ns, Total: 80253 ns
[2024-10-14T14:33:01.451+0000][175][info ][safepoint   ] Safepoint "Cleanup", Time since last: 2003518914 ns, Reaching safepoint: 75217 ns, Cleanup: 139860 ns, At safepoint: 59604 ns, Total: 274681 ns
[2024-10-14T14:33:04.454+0000][175][info ][safepoint   ] Safepoint "Cleanup", Time since last: 3002988935 ns, Reaching safepoint: 46093 ns, Cleanup: 29486 ns, At safepoint: 22405 ns, Total: 97984 ns
[2024-10-14T14:33:06.457+0000][175][info ][safepoint   ] Safepoint "Cleanup", Time since last: 2001997024 ns, Reaching safepoint: 23320 ns, Cleanup: 13307 ns, At safepoint: 10573 ns, Total: 47200 ns
[2024-10-14T14:33:07.458+0000][175][info ][safepoint   ] Safepoint "Cleanup", Time since last: 1001159318 ns, Reaching safepoint: 30090 ns, Cleanup: 17320 ns, At safepoint: 15133 ns, Total: 62543 ns
[2024-10-14T14:33:09.997+0000][175][info ][safepoint   ] Safepoint "Cleanup", Time since last: 2537967430 ns, Reaching safepoint: 835946 ns, Cleanup: 30072 ns, At safepoint: 114875 ns, Total: 980893 ns
[2024-10-14T14:33:11.040+0000][175][info ][safepoint   ] Safepoint "Cleanup", Time since last: 1042956565 ns, Reaching safepoint: 22277 ns, Cleanup: 37099 ns, At safepoint: 10926 ns, Total: 70302 ns
[2024-10-14T14:33:12.104+0000][175][info ][safepoint   ] Safepoint "Cleanup", Time since last: 1063901996 ns, Reaching safepoint: 22120 ns, Cleanup: 23810 ns, At safepoint: 9447 ns, Total: 55377 ns
[2024-10-14T14:33:13.109+0000][175][info ][safepoint   ] Safepoint "Cleanup", Time since last: 1005309346 ns, Reaching safepoint: 7338 ns, Cleanup: 16915 ns, At safepoint: 5350 ns, Total: 29603 ns
[2024-10-14T14:33:15.149+0000][175][info ][safepoint   ] Safepoint "Cleanup", Time since last: 2039479423 ns, Reaching safepoint: 29794 ns, Cleanup: 15768 ns, At safepoint: 14464 ns, Total: 60026 ns
[2024-10-14T14:33:16.150+0000][175][info ][safepoint   ] Safepoint "Cleanup", Time since last: 1001009283 ns, Reaching safepoint: 50390 ns, Cleanup: 16292 ns, At safepoint: 41077 ns, Total: 107759 ns
[2024-10-14T14:33:19.153+0000][175][info ][safepoint   ] Safepoint "Cleanup", Time since last: 3002804446 ns, Reaching safepoint: 39616 ns, Cleanup: 51577 ns, At safepoint: 13082 ns, Total: 104275 ns
[2024-10-14T14:33:20.154+0000][175][info ][safepoint   ] Safepoint "Cleanup", Time since last: 1000943674 ns, Reaching safepoint: 63688 ns, Cleanup: 31761 ns, At safepoint: 18192 ns, Total: 113641 ns
[2024-10-14T14:33:21.155+0000][175][info ][safepoint   ] Safepoint "Cleanup", Time since last: 1000893231 ns, Reaching safepoint: 21626 ns, Cleanup: 37720 ns, At safepoint: 10443 ns, Total: 69789 ns
[2024-10-14T14:33:22.156+0000][175][info ][safepoint   ] Safepoint "Cleanup", Time since last: 1000945645 ns, Reaching safepoint: 22764 ns, Cleanup: 23228 ns, At safepoint: 10571 ns, Total: 56563 ns
[2024-10-14T14:33:24.159+0000][175][info ][safepoint   ] Safepoint "Cleanup", Time since last: 2001842755 ns, Reaching safepoint: 1307930 ns, Cleanup: 30475 ns, At safepoint: 149591 ns, Total: 1487996 ns
[2024-10-14T14:33:25.160+0000][175][info ][safepoint   ] Safepoint "Cleanup", Time since last: 1000567889 ns, Reaching safepoint: 21575 ns, Cleanup: 17478 ns, At safepoint: 10043 ns, Total: 49096 ns
[2024-10-14T14:33:27.162+0000][175][info ][safepoint   ] Safepoint "Cleanup", Time since last: 2002115169 ns, Reaching safepoint: 34143 ns, Cleanup: 23824 ns, At safepoint: 15256 ns, Total: 73223 ns
[2024-10-14T14:33:29.832+0000][175][info ][safepoint   ] Safepoint "Cleanup", Time since last: 2669922278 ns, Reaching safepoint: 29063 ns, Cleanup: 15233 ns, At safepoint: 12456 ns, Total: 56752 ns
[2024-10-14T14:33:30.833+0000][175][info ][safepoint   ] Safepoint "Cleanup", Time since last: 1000852965 ns, Reaching safepoint: 24210 ns, Cleanup: 12313 ns, At safepoint: 10429 ns, Total: 46952 ns
[2024-10-14T14:33:32.198+0000][175][info ][safepoint   ] Safepoint "Cleanup", Time since last: 1364899820 ns, Reaching safepoint: 22776 ns, Cleanup: 36199 ns, At safepoint: 9961 ns, Total: 68936 ns
[2024-10-14T14:33:33.230+0000][175][info ][safepoint   ] Safepoint "Cleanup", Time since last: 1031751852 ns, Reaching safepoint: 34657 ns, Cleanup: 18769 ns, At safepoint: 13509 ns, Total: 66935 ns
[2024-10-14T14:33:35.233+0000][175][info ][safepoint   ] Safepoint "Cleanup", Time since last: 2002307843 ns, Reaching safepoint: 30862 ns, Cleanup: 20087 ns, At safepoint: 14937 ns, Total: 65886 ns
[2024-10-14T14:33:37.235+0000][175][info ][safepoint   ] Safepoint "Cleanup", Time since last: 2001673543 ns, Reaching safepoint: 30325 ns, Cleanup: 18260 ns, At safepoint: 14930 ns, Total: 63515 ns
[2024-10-14T14:33:40.111+0000][175][info ][safepoint   ] Safepoint "Cleanup", Time since last: 2872939746 ns, Reaching safepoint: 975530 ns, Cleanup: 115460 ns, At safepoint: 1909120 ns, Total: 3000110 ns
[2024-10-14T14:33:40.787+0000][175][info ][safepoint   ] Safepoint "ICBufferFull", Time since last: 672977134 ns, Reaching safepoint: 889436 ns, Cleanup: 207274 ns, At safepoint: 1934661 ns, Total: 3031371 ns
[2024-10-14T14:33:40.794+0000][175][info ][safepoint   ] Safepoint "ICBufferFull", Time since last: 5007392 ns, Reaching safepoint: 1873668 ns, Cleanup: 18301 ns, At safepoint: 112895 ns, Total: 2004864 ns
[2024-10-14T14:33:41.449+0000][175][info ][safepoint   ] Safepoint "ICBufferFull", Time since last: 655357930 ns, Reaching safepoint: 35086 ns, Cleanup: 172475 ns, At safepoint: 22599 ns, Total: 230160 ns
[2024-10-14T14:33:43.004+0000][175][info ][safepoint   ] Safepoint "Cleanup", Time since last: 1553370282 ns, Reaching safepoint: 846603 ns, Cleanup: 33420 ns, At safepoint: 97152 ns, Total: 977175 ns
[2024-10-14T14:33:45.006+0000][175][info ][safepoint   ] Safepoint "Cleanup", Time since last: 2002345067 ns, Reaching safepoint: 23942 ns, Cleanup: 26120 ns, At safepoint: 10377 ns, Total: 60439 ns
[2024-10-14T14:33:46.025+0000][175][info ][safepoint   ] Safepoint "Cleanup", Time since last: 1018525288 ns, Reaching safepoint: 29955 ns, Cleanup: 14176 ns, At safepoint: 14029 ns, Total: 58160 ns
[2024-10-14T14:33:47.026+0000][175][info ][safepoint   ] Safepoint "Cleanup", Time since last: 1001371164 ns, Reaching safepoint: 30046 ns, Cleanup: 16974 ns, At safepoint: 16292 ns, Total: 63312 ns
[2024-10-14T14:33:49.028+0000][175][info ][safepoint   ] Safepoint "Cleanup", Time since last: 2001769391 ns, Reaching safepoint: 24889 ns, Cleanup: 25813 ns, At safepoint: 10148 ns, Total: 60850 ns
[2024-10-14T14:33:51.035+0000][175][info ][safepoint   ] Safepoint "Cleanup", Time since last: 2006430929 ns, Reaching safepoint: 37395 ns, Cleanup: 46550 ns, At safepoint: 20593 ns, Total: 104538 ns
[2024-10-14T14:33:52.036+0000][175][info ][safepoint   ] Safepoint "Cleanup", Time since last: 1001322777 ns, Reaching safepoint: 32823 ns, Cleanup: 23616 ns, At safepoint: 13673 ns, Total: 70112 ns
[2024-10-14T14:33:55.051+0000][175][info ][safepoint   ] Safepoint "Cleanup", Time since last: 3013740484 ns, Reaching safepoint: 1132818 ns, Cleanup: 20754 ns, At safepoint: 85786 ns, Total: 1239358 ns
[2024-10-14T14:33:57.055+0000][175][info ][safepoint   ] Safepoint "Cleanup", Time since last: 2004351746 ns, Reaching safepoint: 33964 ns, Cleanup: 15627 ns, At safepoint: 13644 ns, Total: 63235 ns
[2024-10-14T14:34:00.058+0000][175][info ][safepoint   ] Safepoint "Cleanup", Time since last: 3002687455 ns, Reaching safepoint: 66065 ns, Cleanup: 14754 ns, At safepoint: 12397 ns, Total: 93216 ns
[2024-10-14T14:34:01.063+0000][175][info ][safepoint   ] Safepoint "Cleanup", Time since last: 1003870577 ns, Reaching safepoint: 852049 ns, Cleanup: 53074 ns, At safepoint: 176942 ns, Total: 1082065 ns
[2024-10-14T14:34:02.363+0000][175][info ][safepoint   ] Safepoint "Cleanup", Time since last: 1300228721 ns, Reaching safepoint: 31352 ns, Cleanup: 44840 ns, At safepoint: 15547 ns, Total: 91739 ns
[2024-10-14T14:34:04.365+0000][175][info ][safepoint   ] Safepoint "Cleanup", Time since last: 2001665960 ns, Reaching safepoint: 24451 ns, Cleanup: 19347 ns, At safepoint: 10177 ns, Total: 53975 ns
[2024-10-14T14:34:06.368+0000][175][info ][safepoint   ] Safepoint "Cleanup", Time since last: 2001788931 ns, Reaching safepoint: 30465 ns, Cleanup: 31862 ns, At safepoint: 15742 ns, Total: 78069 ns
[2024-10-14T14:34:07.391+0000][175][info ][safepoint   ] Safepoint "Cleanup", Time since last: 1023016469 ns, Reaching safepoint: 10747 ns, Cleanup: 23111 ns, At safepoint: 5502 ns, Total: 39360 ns
[2024-10-14T14:34:08.431+0000][175][info ][safepoint   ] Safepoint "Cleanup", Time since last: 1039439533 ns, Reaching safepoint: 9772 ns, Cleanup: 17688 ns, At safepoint: 5618 ns, Total: 33078 ns
[2024-10-14T14:34:09.449+0000][175][info ][safepoint   ] Safepoint "Cleanup", Time since last: 1018386589 ns, Reaching safepoint: 70386 ns, Cleanup: 27377 ns, At safepoint: 13875 ns, Total: 111638 ns
[2024-10-14T14:34:10.450+0000][175][info ][safepoint   ] Safepoint "Cleanup", Time since last: 1000763712 ns, Reaching safepoint: 35432 ns, Cleanup: 18975 ns, At safepoint: 14873 ns, Total: 69280 ns
[2024-10-14T14:34:11.451+0000][175][info ][safepoint   ] Safepoint "Cleanup", Time since last: 1001074839 ns, Reaching safepoint: 44629 ns, Cleanup: 26388 ns, At safepoint: 17012 ns, Total: 88029 ns
[2024-10-14T14:34:13.076+0000][175][info ][safepoint   ] Safepoint "Cleanup", Time since last: 1624849064 ns, Reaching safepoint: 24757 ns, Cleanup: 17938 ns, At safepoint: 12138 ns, Total: 54833 ns
[2024-10-14T14:34:14.477+0000][175][info ][safepoint   ] Safepoint "Cleanup", Time since last: 1401039117 ns, Reaching safepoint: 47494 ns, Cleanup: 33524 ns, At safepoint: 20183 ns, Total: 101201 ns
[2024-10-14T14:34:15.478+0000][175][info ][safepoint   ] Safepoint "Cleanup", Time since last: 1000903923 ns, Reaching safepoint: 23031 ns, Cleanup: 16058 ns, At safepoint: 20278 ns, Total: 59367 ns
[2024-10-14T14:34:16.499+0000][175][info ][safepoint   ] Safepoint "Cleanup", Time since last: 1020237537 ns, Reaching safepoint: 26592 ns, Cleanup: 33233 ns, At safepoint: 34736 ns, Total: 94561 ns
[2024-10-14T14:34:17.542+0000][175][info ][safepoint   ] Safepoint "Cleanup", Time since last: 1043320412 ns, Reaching safepoint: 44088 ns, Cleanup: 25509 ns, At safepoint: 24091 ns, Total: 93688 ns
[2024-10-14T14:34:19.544+0000][175][info ][safepoint   ] Safepoint "Cleanup", Time since last: 2002139232 ns, Reaching safepoint: 103723 ns, Cleanup: 67367 ns, At safepoint: 24609 ns, Total: 195699 ns
[2024-10-14T14:34:21.546+0000][175][info ][safepoint   ] Safepoint "Cleanup", Time since last: 2001816507 ns, Reaching safepoint: 32632 ns, Cleanup: 17867 ns, At safepoint: 13582 ns, Total: 64081 ns
[2024-10-14T14:34:22.547+0000][175][info ][safepoint   ] Safepoint "Cleanup", Time since last: 1000877635 ns, Reaching safepoint: 32005 ns, Cleanup: 18354 ns, At safepoint: 10368 ns, Total: 60727 ns
[2024-10-14T14:34:25.550+0000][175][info ][safepoint   ] Safepoint "Cleanup", Time since last: 3003044697 ns, Reaching safepoint: 23515 ns, Cleanup: 15255 ns, At safepoint: 10012 ns, Total: 48782 ns
[2024-10-14T14:34:28.553+0000][175][info ][safepoint   ] Safepoint "Cleanup", Time since last: 3002788600 ns, Reaching safepoint: 31775 ns, Cleanup: 14617 ns, At safepoint: 17496 ns, Total: 63888 ns
[2024-10-14T14:34:34.171+0000][175][info ][safepoint   ] Safepoint "Cleanup", Time since last: 5618080765 ns, Reaching safepoint: 15338 ns, Cleanup: 21634 ns, At safepoint: 9734 ns, Total: 46706 ns
[2024-10-14T14:34:35.610+0000][175][info ][safepoint   ] Safepoint "Cleanup", Time since last: 1436770736 ns, Reaching safepoint: 979449 ns, Cleanup: 31051 ns, At safepoint: 109595 ns, Total: 1120095 ns
[2024-10-14T14:34:36.613+0000][175][info ][safepoint   ] Safepoint "Cleanup", Time since last: 1002472512 ns, Reaching safepoint: 36288 ns, Cleanup: 25764 ns, At safepoint: 14743 ns, Total: 76795 ns
[2024-10-14T14:34:37.614+0000][175][info ][safepoint   ] Safepoint "Cleanup", Time since last: 1000452635 ns, Reaching safepoint: 40188 ns, Cleanup: 21626 ns, At safepoint: 16722 ns, Total: 78536 ns
[2024-10-14T14:34:39.616+0000][175][info ][safepoint   ] Safepoint "Cleanup", Time since last: 2001984998 ns, Reaching safepoint: 72577 ns, Cleanup: 14206 ns, At safepoint: 11784 ns, Total: 98567 ns
[2024-10-14T14:34:40.616+0000][175][info ][safepoint   ] Safepoint "Cleanup", Time since last: 1000656301 ns, Reaching safepoint: 61122 ns, Cleanup: 24343 ns, At safepoint: 11572 ns, Total: 97037 ns
[2024-10-14T14:34:41.617+0000][175][info ][safepoint   ] Safepoint "Cleanup", Time since last: 1000859561 ns, Reaching safepoint: 31875 ns, Cleanup: 29481 ns, At safepoint: 12462 ns, Total: 73818 ns
[2024-10-14T14:34:46.251+0000][175][info ][safepoint   ] Safepoint "Cleanup", Time since last: 4633219505 ns, Reaching safepoint: 24817 ns, Cleanup: 22713 ns, At safepoint: 9504 ns, Total: 57034 ns
[2024-10-14T14:34:47.253+0000][175][info ][safepoint   ] Safepoint "Cleanup", Time since last: 1002294747 ns, Reaching safepoint: 32954 ns, Cleanup: 18545 ns, At safepoint: 16080 ns, Total: 67579 ns
[2024-10-14T14:34:50.256+0000][175][info ][safepoint   ] Safepoint "Cleanup", Time since last: 3002927820 ns, Reaching safepoint: 28028 ns, Cleanup: 13360 ns, At safepoint: 11205 ns, Total: 52593 ns
[2024-10-14T14:34:51.257+0000][175][info ][safepoint   ] Safepoint "Cleanup", Time since last: 1000603124 ns, Reaching safepoint: 22105 ns, Cleanup: 24395 ns, At safepoint: 9758 ns, Total: 56258 ns
[2024-10-14T14:34:52.258+0000][175][info ][safepoint   ] Safepoint "Cleanup", Time since last: 1000908595 ns, Reaching safepoint: 31263 ns, Cleanup: 32779 ns, At safepoint: 15850 ns, Total: 79892 ns
[2024-10-14T14:34:55.261+0000][175][info ][safepoint   ] Safepoint "Cleanup", Time since last: 3003106153 ns, Reaching safepoint: 30110 ns, Cleanup: 19580 ns, At safepoint: 15447 ns, Total: 65137 ns
[2024-10-14T14:34:57.263+0000][175][info ][safepoint   ] Safepoint "Cleanup", Time since last: 2001843802 ns, Reaching safepoint: 25235 ns, Cleanup: 14341 ns, At safepoint: 10330 ns, Total: 49906 ns
[2024-10-14T14:35:01.266+0000][175][info ][safepoint   ] Safepoint "Cleanup", Time since last: 4003761110 ns, Reaching safepoint: 25418 ns, Cleanup: 17184 ns, At safepoint: 10564 ns, Total: 53166 ns
[2024-10-14T14:35:04.270+0000][175][info ][safepoint   ] Safepoint "Cleanup", Time since last: 3003114601 ns, Reaching safepoint: 264580 ns, Cleanup: 14259 ns, At safepoint: 51667 ns, Total: 330506 ns
[2024-10-14T14:35:06.859+0000][175][info ][safepoint   ] Safepoint "Cleanup", Time since last: 2587624652 ns, Reaching safepoint: 25331 ns, Cleanup: 26291 ns, At safepoint: 14165 ns, Total: 65787 ns
[2024-10-14T14:35:07.860+0000][175][info ][safepoint   ] Safepoint "Cleanup", Time since last: 1000740396 ns, Reaching safepoint: 34871 ns, Cleanup: 22248 ns, At safepoint: 12999 ns, Total: 70118 ns
[2024-10-14T14:35:09.862+0000][175][info ][safepoint   ] Safepoint "Cleanup", Time since last: 2001968547 ns, Reaching safepoint: 21643 ns, Cleanup: 15173 ns, At safepoint: 9744 ns, Total: 46560 ns
[2024-10-14T14:35:13.866+0000][175][info ][safepoint   ] Safepoint "Cleanup", Time since last: 4004145243 ns, Reaching safepoint: 57716 ns, Cleanup: 20882 ns, At safepoint: 8899 ns, Total: 87497 ns
[2024-10-14T14:35:16.243+0000][175][info ][safepoint   ] Safepoint "Cleanup", Time since last: 2375689998 ns, Reaching safepoint: 921848 ns, Cleanup: 18788 ns, At safepoint: 81609 ns, Total: 1022245 ns
[2024-10-14T14:35:17.777+0000][175][info ][safepoint   ] Safepoint "Cleanup", Time since last: 1533952098 ns, Reaching safepoint: 24660 ns, Cleanup: 89381 ns, At safepoint: 88917 ns, Total: 202958 ns
[2024-10-14T14:35:19.170+0000][175][info ][safepoint   ] Safepoint "Cleanup", Time since last: 1393512128 ns, Reaching safepoint: 12090 ns, Cleanup: 19970 ns, At safepoint: 7369 ns, Total: 39429 ns
[2024-10-14T14:35:20.813+0000][175][info ][safepoint   ] Safepoint "Cleanup", Time since last: 1642325392 ns, Reaching safepoint: 30736 ns, Cleanup: 30714 ns, At safepoint: 10768 ns, Total: 72218 ns
[2024-10-14T14:35:21.814+0000][175][info ][safepoint   ] Safepoint "Cleanup", Time since last: 1000916449 ns, Reaching safepoint: 24682 ns, Cleanup: 25936 ns, At safepoint: 10444 ns, Total: 61062 ns
[2024-10-14T14:35:22.815+0000][175][info ][safepoint   ] Safepoint "Cleanup", Time since last: 1000970397 ns, Reaching safepoint: 29359 ns, Cleanup: 19050 ns, At safepoint: 11964 ns, Total: 60373 ns
[2024-10-14T14:35:23.816+0000][175][info ][safepoint   ] Safepoint "Cleanup", Time since last: 1000899120 ns, Reaching safepoint: 26436 ns, Cleanup: 24236 ns, At safepoint: 14190 ns, Total: 64862 ns
[2024-10-14T14:35:24.817+0000][175][info ][safepoint   ] Safepoint "Cleanup", Time since last: 1001103791 ns, Reaching safepoint: 24109 ns, Cleanup: 24234 ns, At safepoint: 10169 ns, Total: 58512 ns
[2024-10-14T14:35:25.818+0000][175][info ][safepoint   ] Safepoint "Cleanup", Time since last: 1000771825 ns, Reaching safepoint: 23133 ns, Cleanup: 13664 ns, At safepoint: 11203 ns, Total: 48000 ns
[2024-10-14T14:35:26.819+0000][175][info ][safepoint   ] Safepoint "Cleanup", Time since last: 1001167373 ns, Reaching safepoint: 24957 ns, Cleanup: 12851 ns, At safepoint: 10494 ns, Total: 48302 ns
[2024-10-14T14:35:30.154+0000][175][info ][safepoint   ] Safepoint "Cleanup", Time since last: 3334838350 ns, Reaching safepoint: 24621 ns, Cleanup: 15579 ns, At safepoint: 11132 ns, Total: 51332 ns
[2024-10-14T14:35:31.155+0000][175][info ][safepoint   ] Safepoint "Cleanup", Time since last: 1000736057 ns, Reaching safepoint: 24890 ns, Cleanup: 15003 ns, At safepoint: 10500 ns, Total: 50393 ns
[2024-10-14T14:35:36.163+0000][175][info ][safepoint   ] Safepoint "Cleanup", Time since last: 5007389441 ns, Reaching safepoint: 33270 ns, Cleanup: 14249 ns, At safepoint: 12660 ns, Total: 60179 ns
[2024-10-14T14:35:37.859+0000][175][info ][safepoint   ] Safepoint "Cleanup", Time since last: 1695963860 ns, Reaching safepoint: 14161 ns, Cleanup: 24789 ns, At safepoint: 6845 ns, Total: 45795 ns
[2024-10-14T14:35:41.879+0000][175][info ][safepoint   ] Safepoint "Cleanup", Time since last: 4019886425 ns, Reaching safepoint: 63757 ns, Cleanup: 18122 ns, At safepoint: 16230 ns, Total: 98109 ns
[2024-10-14T14:35:43.881+0000][175][info ][safepoint   ] Safepoint "Cleanup", Time since last: 2001734286 ns, Reaching safepoint: 26338 ns, Cleanup: 19490 ns, At safepoint: 11740 ns, Total: 57568 ns
[2024-10-14T14:35:44.882+0000][175][info ][safepoint   ] Safepoint "Cleanup", Time since last: 1001041703 ns, Reaching safepoint: 35115 ns, Cleanup: 15837 ns, At safepoint: 11896 ns, Total: 62848 ns
[2024-10-14T14:35:46.884+0000][175][info ][safepoint   ] Safepoint "Cleanup", Time since last: 2001968020 ns, Reaching safepoint: 28770 ns, Cleanup: 15777 ns, At safepoint: 11302 ns, Total: 55849 ns
[2024-10-14T14:35:49.887+0000][175][info ][safepoint   ] Safepoint "Cleanup", Time since last: 3002763873 ns, Reaching safepoint: 24801 ns, Cleanup: 21136 ns, At safepoint: 11817 ns, Total: 57754 ns
[2024-10-14T14:35:51.889+0000][175][info ][safepoint   ] Safepoint "Cleanup", Time since last: 2002010465 ns, Reaching safepoint: 24413 ns, Cleanup: 30659 ns, At safepoint: 10483 ns, Total: 65555 ns
[2024-10-14T14:35:52.890+0000][175][info ][safepoint   ] Safepoint "Cleanup", Time since last: 1001079706 ns, Reaching safepoint: 24268 ns, Cleanup: 17898 ns, At safepoint: 11615 ns, Total: 53781 ns
[2024-10-14T14:35:54.348+0000][175][info ][gc,start    ] GC(20) Pause Young (Concurrent Start) (CodeCache GC Threshold)
[2024-10-14T14:35:54.348+0000][175][info ][gc,task     ] GC(20) Using 4 workers of 4 for evacuation
[2024-10-14T14:35:54.348+0000][175][debug][gc,age      ] GC(20) Desired survivor size 117440512 bytes, new threshold 15 (max threshold 15)
[2024-10-14T14:35:54.413+0000][175][info ][gc,phases   ] GC(20)   Pre Evacuate Collection Set: 1.22ms
[2024-10-14T14:35:54.413+0000][175][info ][gc,phases   ] GC(20)   Merge Heap Roots: 0.39ms
[2024-10-14T14:35:54.413+0000][175][info ][gc,phases   ] GC(20)   Evacuate Collection Set: 57.83ms
[2024-10-14T14:35:54.413+0000][175][info ][gc,phases   ] GC(20)   Post Evacuate Collection Set: 4.71ms
[2024-10-14T14:35:54.413+0000][175][info ][gc,phases   ] GC(20)   Other: 0.64ms
[2024-10-14T14:35:54.413+0000][175][trace][gc,age      ] GC(20) Age table with threshold 15 (max threshold 15)
[2024-10-14T14:35:54.413+0000][175][trace][gc,age      ] GC(20) - age   1:   14595896 bytes,   14595896 total
[2024-10-14T14:35:54.413+0000][175][trace][gc,age      ] GC(20) - age   2:    2325976 bytes,   16921872 total
[2024-10-14T14:35:54.413+0000][175][trace][gc,age      ] GC(20) - age   3:    2133984 bytes,   19055856 total
[2024-10-14T14:35:54.413+0000][175][info ][gc,heap     ] GC(20) Eden regions: 349->0(382)
[2024-10-14T14:35:54.413+0000][175][info ][gc,heap     ] GC(20) Survivor regions: 3->5(56)
[2024-10-14T14:35:54.413+0000][175][info ][gc,heap     ] GC(20) Old regions: 27->27
[2024-10-14T14:35:54.413+0000][175][info ][gc,heap     ] GC(20) Humongous regions: 2->2
[2024-10-14T14:35:54.413+0000][175][info ][gc,metaspace] GC(20) Metaspace: 158180K(162432K)->158180K(162432K) NonClass: 136221K(138496K)->136221K(138496K) Class: 21959K(23936K)->21959K(23936K)
[2024-10-14T14:35:54.413+0000][175][info ][gc          ] GC(20) Pause Young (Concurrent Start) (CodeCache GC Threshold) 1520M->136M(5476M) 65.018ms
[2024-10-14T14:35:54.413+0000][175][info ][gc,cpu      ] GC(20) User=0.18s Sys=0.02s Real=0.06s
[2024-10-14T14:35:54.413+0000][175][info ][gc          ] GC(21) Concurrent Mark Cycle
[2024-10-14T14:35:54.413+0000][175][info ][gc,marking  ] GC(21) Concurrent Scan Root Regions
[2024-10-14T14:35:54.413+0000][175][info ][safepoint   ] Safepoint "G1TryInitiateConcMark", Time since last: 1457986973 ns, Reaching safepoint: 27538 ns, Cleanup: 5097 ns, At safepoint: 65244326 ns, Total: 65276961 ns
[2024-10-14T14:35:54.435+0000][175][info ][gc,marking  ] GC(21) Concurrent Scan Root Regions 21.776ms
[2024-10-14T14:35:54.435+0000][175][info ][gc,marking  ] GC(21) Concurrent Mark
[2024-10-14T14:35:54.435+0000][175][info ][gc,marking  ] GC(21) Concurrent Mark From Roots
[2024-10-14T14:35:54.435+0000][175][info ][gc,task     ] GC(21) Using 1 workers of 1 for marking
[2024-10-14T14:35:54.595+0000][175][info ][gc,marking  ] GC(21) Concurrent Mark From Roots 159.664ms
[2024-10-14T14:35:54.595+0000][175][info ][gc,marking  ] GC(21) Concurrent Preclean
[2024-10-14T14:35:54.595+0000][175][info ][gc,marking  ] GC(21) Concurrent Preclean 0.256ms
[2024-10-14T14:35:54.595+0000][175][info ][gc,start    ] GC(21) Pause Remark
[2024-10-14T14:35:54.751+0000][175][info ][gc          ] GC(21) Pause Remark 140M->140M(5476M) 156.024ms
[2024-10-14T14:35:54.751+0000][175][info ][gc,cpu      ] GC(21) User=0.52s Sys=0.03s Real=0.15s
[2024-10-14T14:35:54.752+0000][175][info ][safepoint   ] Safepoint "G1PauseRemark", Time since last: 181880359 ns, Reaching safepoint: 23460 ns, Cleanup: 4257 ns, At safepoint: 156266789 ns, Total: 156294506 ns
[2024-10-14T14:35:54.754+0000][175][info ][gc,marking  ] GC(21) Concurrent Mark 318.868ms
[2024-10-14T14:35:54.754+0000][175][info ][gc,marking  ] GC(21) Concurrent Rebuild Remembered Sets and Scrub Regions
[2024-10-14T14:35:54.873+0000][175][info ][gc,marking  ] GC(21) Concurrent Rebuild Remembered Sets and Scrub Regions 118.509ms
[2024-10-14T14:35:54.874+0000][175][info ][gc,start    ] GC(21) Pause Cleanup
[2024-10-14T14:35:54.875+0000][175][info ][gc          ] GC(21) Pause Cleanup 143M->143M(5476M) 0.617ms
[2024-10-14T14:35:54.875+0000][175][info ][gc,cpu      ] GC(21) User=0.00s Sys=0.00s Real=0.00s
[2024-10-14T14:35:54.875+0000][175][info ][safepoint   ] Safepoint "G1PauseCleanup", Time since last: 121232153 ns, Reaching safepoint: 1022216 ns, Cleanup: 184313 ns, At safepoint: 762570 ns, Total: 1969099 ns
[2024-10-14T14:35:54.875+0000][175][info ][gc,marking  ] GC(21) Concurrent Clear Claimed Marks
[2024-10-14T14:35:54.875+0000][175][info ][gc,marking  ] GC(21) Concurrent Clear Claimed Marks 0.372ms
[2024-10-14T14:35:54.875+0000][175][info ][gc,marking  ] GC(21) Concurrent Cleanup for Next Mark
[2024-10-14T14:35:54.907+0000][175][info ][gc,marking  ] GC(21) Concurrent Cleanup for Next Mark 32.125ms
[2024-10-14T14:35:54.908+0000][175][info ][gc          ] GC(21) Concurrent Mark Cycle 494.368ms
[2024-10-14T14:35:58.879+0000][175][info ][safepoint   ] Safepoint "Cleanup", Time since last: 4004179623 ns, Reaching safepoint: 23587 ns, Cleanup: 14151 ns, At safepoint: 10270 ns, Total: 48008 ns
[2024-10-14T14:36:01.882+0000][175][info ][safepoint   ] Safepoint "Cleanup", Time since last: 3002716564 ns, Reaching safepoint: 24693 ns, Cleanup: 14294 ns, At safepoint: 10632 ns, Total: 49619 ns
[2024-10-14T14:36:16.902+0000][175][info ][safepoint   ] Safepoint "Cleanup", Time since last: 15019174893 ns, Reaching safepoint: 59586 ns, Cleanup: 17438 ns, At safepoint: 11311 ns, Total: 88335 ns
[2024-10-14T14:36:19.113+0000][175][info ][safepoint   ] Safepoint "Cleanup", Time since last: 2211377315 ns, Reaching safepoint: 13629 ns, Cleanup: 7877 ns, At safepoint: 10201 ns, Total: 31707 ns
[2024-10-14T14:36:20.978+0000][175][info ][safepoint   ] Safepoint "Cleanup", Time since last: 1864318094 ns, Reaching safepoint: 30125 ns, Cleanup: 34532 ns, At safepoint: 110206 ns, Total: 174863 ns
[2024-10-14T14:36:22.111+0000][175][info ][safepoint   ] Safepoint "Cleanup", Time since last: 1132793651 ns, Reaching safepoint: 9739 ns, Cleanup: 12333 ns, At safepoint: 5597 ns, Total: 27669 ns
[2024-10-14T14:36:23.997+0000][175][info ][safepoint   ] Safepoint "Cleanup", Time since last: 1886214932 ns, Reaching safepoint: 24382 ns, Cleanup: 33307 ns, At safepoint: 11185 ns, Total: 68874 ns
[2024-10-14T14:36:25.999+0000][175][info ][safepoint   ] Safepoint "Cleanup", Time since last: 2002132756 ns, Reaching safepoint: 34754 ns, Cleanup: 20336 ns, At safepoint: 19346 ns, Total: 74436 ns
[2024-10-14T14:36:27.000+0000][175][info ][safepoint   ] Safepoint "Cleanup", Time since last: 1000627431 ns, Reaching safepoint: 24695 ns, Cleanup: 15924 ns, At safepoint: 12456 ns, Total: 53075 ns
[2024-10-14T14:36:32.261+0000][175][info ][safepoint   ] Safepoint "Cleanup", Time since last: 5261063142 ns, Reaching safepoint: 29727 ns, Cleanup: 16262 ns, At safepoint: 15490 ns, Total: 61479 ns
[2024-10-14T14:36:34.263+0000][175][info ][safepoint   ] Safepoint "Cleanup", Time since last: 2001926110 ns, Reaching safepoint: 29918 ns, Cleanup: 15502 ns, At safepoint: 14655 ns, Total: 60075 ns
[2024-10-14T14:36:37.272+0000][175][info ][safepoint   ] Safepoint "Cleanup", Time since last: 3007812993 ns, Reaching safepoint: 45331 ns, Cleanup: 24026 ns, At safepoint: 22486 ns, Total: 91843 ns
[2024-10-14T14:36:40.122+0000][175][info ][safepoint   ] Safepoint "Cleanup", Time since last: 2849967461 ns, Reaching safepoint: 19674 ns, Cleanup: 11874 ns, At safepoint: 8602 ns, Total: 40150 ns
[2024-10-14T14:36:42.044+0000][175][info ][safepoint   ] Safepoint "Cleanup", Time since last: 1921984618 ns, Reaching safepoint: 22493 ns, Cleanup: 31010 ns, At safepoint: 10276 ns, Total: 63779 ns
[2024-10-14T14:36:45.048+0000][175][info ][safepoint   ] Safepoint "Cleanup", Time since last: 3003193539 ns, Reaching safepoint: 66451 ns, Cleanup: 18870 ns, At safepoint: 15215 ns, Total: 100536 ns
[2024-10-14T14:36:47.050+0000][175][info ][safepoint   ] Safepoint "Cleanup", Time since last: 2001860846 ns, Reaching safepoint: 32072 ns, Cleanup: 25200 ns, At safepoint: 15323 ns, Total: 72595 ns
[2024-10-14T14:36:50.052+0000][175][info ][safepoint   ] Safepoint "Cleanup", Time since last: 3002702621 ns, Reaching safepoint: 23936 ns, Cleanup: 13559 ns, At safepoint: 9760 ns, Total: 47255 ns
[2024-10-14T14:36:51.053+0000][175][info ][safepoint   ] Safepoint "Cleanup", Time since last: 1001058107 ns, Reaching safepoint: 32192 ns, Cleanup: 72975 ns, At safepoint: 17354 ns, Total: 122521 ns
[2024-10-14T14:36:52.054+0000][175][info ][safepoint   ] Safepoint "Cleanup", Time since last: 1000645593 ns, Reaching safepoint: 29799 ns, Cleanup: 17790 ns, At safepoint: 12577 ns, Total: 60166 ns
[2024-10-14T14:36:56.058+0000][175][info ][safepoint   ] Safepoint "Cleanup", Time since last: 4003930929 ns, Reaching safepoint: 24575 ns, Cleanup: 22121 ns, At safepoint: 15906 ns, Total: 62602 ns
[2024-10-14T14:36:57.059+0000][175][info ][safepoint   ] Safepoint "Cleanup", Time since last: 1001094215 ns, Reaching safepoint: 24533 ns, Cleanup: 14835 ns, At safepoint: 10099 ns, Total: 49467 ns
[2024-10-14T14:37:00.143+0000][175][info ][safepoint   ] Safepoint "Cleanup", Time since last: 3083063986 ns, Reaching safepoint: 718282 ns, Cleanup: 28723 ns, At safepoint: 119919 ns, Total: 866924 ns
[2024-10-14T14:37:01.145+0000][175][info ][safepoint   ] Safepoint "Cleanup", Time since last: 1000832438 ns, Reaching safepoint: 962400 ns, Cleanup: 17849 ns, At safepoint: 213240 ns, Total: 1193489 ns
[2024-10-14T14:37:04.148+0000][175][info ][safepoint   ] Safepoint "Cleanup", Time since last: 3003082563 ns, Reaching safepoint: 29664 ns, Cleanup: 14685 ns, At safepoint: 12132 ns, Total: 56481 ns
[2024-10-14T14:37:07.153+0000][175][info ][safepoint   ] Safepoint "Cleanup", Time since last: 3002696049 ns, Reaching safepoint: 1163216 ns, Cleanup: 23320 ns, At safepoint: 77812 ns, Total: 1264348 ns
[2024-10-14T14:37:11.157+0000][175][info ][safepoint   ] Safepoint "Cleanup", Time since last: 4003866893 ns, Reaching safepoint: 27725 ns, Cleanup: 93605 ns, At safepoint: 11643 ns, Total: 132973 ns
[2024-10-14T14:37:15.161+0000][175][info ][safepoint   ] Safepoint "Cleanup", Time since last: 4003921526 ns, Reaching safepoint: 50730 ns, Cleanup: 22379 ns, At safepoint: 15441 ns, Total: 88550 ns
[2024-10-14T14:37:16.161+0000][175][info ][safepoint   ] Safepoint "Cleanup", Time since last: 1000682610 ns, Reaching safepoint: 24628 ns, Cleanup: 28822 ns, At safepoint: 9960 ns, Total: 63410 ns
[2024-10-14T14:37:19.165+0000][175][info ][safepoint   ] Safepoint "Cleanup", Time since last: 3003156959 ns, Reaching safepoint: 26292 ns, Cleanup: 13841 ns, At safepoint: 9344 ns, Total: 49477 ns
[2024-10-14T14:37:21.167+0000][175][info ][safepoint   ] Safepoint "Cleanup", Time since last: 2001823876 ns, Reaching safepoint: 26013 ns, Cleanup: 14760 ns, At safepoint: 10600 ns, Total: 51373 ns
[2024-10-14T14:37:22.177+0000][175][info ][safepoint   ] Safepoint "Cleanup", Time since last: 1010378906 ns, Reaching safepoint: 17592 ns, Cleanup: 21266 ns, At safepoint: 10054 ns, Total: 48912 ns
[2024-10-14T14:37:23.178+0000][175][info ][safepoint   ] Safepoint "Cleanup", Time since last: 1000387021 ns, Reaching safepoint: 29240 ns, Cleanup: 25609 ns, At safepoint: 51603 ns, Total: 106452 ns
[2024-10-14T14:37:24.212+0000][175][info ][safepoint   ] Safepoint "Cleanup", Time since last: 1034196675 ns, Reaching safepoint: 39879 ns, Cleanup: 22255 ns, At safepoint: 16567 ns, Total: 78701 ns
[2024-10-14T14:37:26.155+0000][175][info ][safepoint   ] Safepoint "Cleanup", Time since last: 1942758622 ns, Reaching safepoint: 23261 ns, Cleanup: 44336 ns, At safepoint: 11161 ns, Total: 78758 ns
[2024-10-14T14:37:27.234+0000][175][info ][safepoint   ] Safepoint "Cleanup", Time since last: 1079193028 ns, Reaching safepoint: 47964 ns, Cleanup: 23146 ns, At safepoint: 17057 ns, Total: 88167 ns
[2024-10-14T14:37:28.235+0000][175][info ][safepoint   ] Safepoint "Cleanup", Time since last: 1000830206 ns, Reaching safepoint: 32546 ns, Cleanup: 16832 ns, At safepoint: 14612 ns, Total: 63990 ns
[2024-10-14T14:37:31.374+0000][175][info ][safepoint   ] Safepoint "Cleanup", Time since last: 3138678825 ns, Reaching safepoint: 25179 ns, Cleanup: 16132 ns, At safepoint: 10838 ns, Total: 52149 ns
[2024-10-14T14:37:34.377+0000][175][info ][safepoint   ] Safepoint "Cleanup", Time since last: 3002999225 ns, Reaching safepoint: 24178 ns, Cleanup: 15148 ns, At safepoint: 10179 ns, Total: 49505 ns
[2024-10-14T14:37:37.378+0000][175][info ][safepoint   ] Safepoint "Cleanup", Time since last: 3002990079 ns, Reaching safepoint: 104611 ns, Cleanup: 13013 ns, At safepoint: 18021 ns, Total: 135645 ns
[2024-10-14T14:37:39.380+0000][175][info ][safepoint   ] Safepoint "Cleanup", Time since last: 2001874621 ns, Reaching safepoint: 24200 ns, Cleanup: 12091 ns, At safepoint: 9429 ns, Total: 45720 ns
[2024-10-14T14:37:41.382+0000][175][info ][safepoint   ] Safepoint "Cleanup", Time since last: 2002083137 ns, Reaching safepoint: 22810 ns, Cleanup: 14365 ns, At safepoint: 10031 ns, Total: 47206 ns
[2024-10-14T14:37:43.125+0000][175][info ][safepoint   ] Safepoint "Cleanup", Time since last: 1742964899 ns, Reaching safepoint: 15280 ns, Cleanup: 9222 ns, At safepoint: 67257 ns, Total: 91759 ns
[2024-10-14T14:37:44.346+0000][175][info ][safepoint   ] Safepoint "Cleanup", Time since last: 1220763594 ns, Reaching safepoint: 59232 ns, Cleanup: 19081 ns, At safepoint: 16927 ns, Total: 95240 ns
[2024-10-14T14:37:45.377+0000][175][info ][safepoint   ] Safepoint "Cleanup", Time since last: 1031240193 ns, Reaching safepoint: 34382 ns, Cleanup: 19346 ns, At safepoint: 11172 ns, Total: 64900 ns
[2024-10-14T14:37:46.378+0000][175][info ][safepoint   ] Safepoint "Cleanup", Time since last: 1000471567 ns, Reaching safepoint: 26561 ns, Cleanup: 15954 ns, At safepoint: 9404 ns, Total: 51919 ns
[2024-10-14T14:37:51.383+0000][175][info ][safepoint   ] Safepoint "Cleanup", Time since last: 5004973948 ns, Reaching safepoint: 23768 ns, Cleanup: 27193 ns, At safepoint: 10243 ns, Total: 61204 ns
[2024-10-14T14:37:52.384+0000][175][info ][safepoint   ] Safepoint "Cleanup", Time since last: 1001052759 ns, Reaching safepoint: 22702 ns, Cleanup: 19182 ns, At safepoint: 16777 ns, Total: 58661 ns
[2024-10-14T14:37:53.424+0000][175][info ][safepoint   ] Safepoint "Cleanup", Time since last: 1040033465 ns, Reaching safepoint: 33889 ns, Cleanup: 34429 ns, At safepoint: 13019 ns, Total: 81337 ns
[2024-10-14T14:37:55.442+0000][175][info ][safepoint   ] Safepoint "Cleanup", Time since last: 2004402621 ns, Reaching safepoint: 12888425 ns, Cleanup: 33231 ns, At safepoint: 412777 ns, Total: 13334433 ns
[2024-10-14T14:37:56.443+0000][175][info ][safepoint   ] Safepoint "Cleanup", Time since last: 1001046292 ns, Reaching safepoint: 29191 ns, Cleanup: 21609 ns, At safepoint: 11045 ns, Total: 61845 ns
[2024-10-14T14:37:57.444+0000][175][info ][safepoint   ] Safepoint "Cleanup", Time since last: 1001007337 ns, Reaching safepoint: 39080 ns, Cleanup: 28457 ns, At safepoint: 16825 ns, Total: 84362 ns
[2024-10-14T14:37:58.445+0000][175][info ][safepoint   ] Safepoint "Cleanup", Time since last: 1000798330 ns, Reaching safepoint: 38270 ns, Cleanup: 41622 ns, At safepoint: 18250 ns, Total: 98142 ns
[2024-10-14T14:37:59.655+0000][175][info ][safepoint   ] Safepoint "Cleanup", Time since last: 1209984278 ns, Reaching safepoint: 30155 ns, Cleanup: 18945 ns, At safepoint: 12086 ns, Total: 61186 ns
[2024-10-14T14:38:01.657+0000][175][info ][safepoint   ] Safepoint "Cleanup", Time since last: 2001909318 ns, Reaching safepoint: 22117 ns, Cleanup: 19600 ns, At safepoint: 10289 ns, Total: 52006 ns
[2024-10-14T14:38:02.710+0000][175][info ][safepoint   ] Safepoint "Cleanup", Time since last: 1053028667 ns, Reaching safepoint: 22632 ns, Cleanup: 20306 ns, At safepoint: 10211 ns, Total: 53149 ns
[2024-10-14T14:38:03.712+0000][175][info ][safepoint   ] Safepoint "Cleanup", Time since last: 1001534828 ns, Reaching safepoint: 32321 ns, Cleanup: 437534 ns, At safepoint: 39819 ns, Total: 509674 ns
[2024-10-14T14:38:04.709+0000][175][info ][safepoint   ] Safepoint "Cleanup", Time since last: 1001047114 ns, Reaching safepoint: 22179 ns, Cleanup: 14570 ns, At safepoint: 9769 ns, Total: 46518 ns
[2024-10-14T14:38:05.710+0000][175][info ][safepoint   ] Safepoint "Cleanup", Time since last: 1000817870 ns, Reaching safepoint: 23015 ns, Cleanup: 16611 ns, At safepoint: 11348 ns, Total: 50974 ns
[2024-10-14T14:38:06.711+0000][175][info ][safepoint   ] Safepoint "Cleanup", Time since last: 1000716110 ns, Reaching safepoint: 22179 ns, Cleanup: 15425 ns, At safepoint: 9742 ns, Total: 47346 ns
[2024-10-14T14:38:10.715+0000][175][info ][safepoint   ] Safepoint "Cleanup", Time since last: 4004181935 ns, Reaching safepoint: 24816 ns, Cleanup: 16115 ns, At safepoint: 10821 ns, Total: 51752 ns
[2024-10-14T14:38:11.717+0000][175][info ][safepoint   ] Safepoint "Cleanup", Time since last: 1000963522 ns, Reaching safepoint: 156461 ns, Cleanup: 68404 ns, At safepoint: 117629 ns, Total: 342494 ns
[2024-10-14T14:38:13.355+0000][175][info ][safepoint   ] Safepoint "Cleanup", Time since last: 1638679558 ns, Reaching safepoint: 11041 ns, Cleanup: 65333 ns, At safepoint: 12347 ns, Total: 88721 ns
[2024-10-14T14:38:13.979+0000][175][info ][gc,heap,exit] Heap
[2024-10-14T14:38:13.979+0000][175][info ][gc,heap,exit]  garbage-first heap   total reserved 5607424K, committed 5607424K, used 493388K [0x00000006a9c00000, 0x0000000800000000)
[2024-10-14T14:38:13.979+0000][175][info ][gc,heap,exit]   region size 4096K, 92 young (376832K), 5 survivors (20480K)
[2024-10-14T14:38:13.979+0000][175][info ][gc,heap,exit]  Metaspace       used 158935K, committed 163200K, reserved 1245184K
[2024-10-14T14:38:13.979+0000][175][info ][gc,heap,exit]   class space    used 22060K, committed 24000K, reserved 1048576K
