[2024-10-14T14:38:24.160+0000][119][info][gc,init] CardTable entry size: 512
[2024-10-14T14:38:24.161+0000][119][info][gc     ] Using G1
[2024-10-14T14:38:27.851+0000][119][info][gc,init] Version: 22.0.1+8-16 (release)
[2024-10-14T14:38:27.851+0000][119][info][gc,init] CPUs: 4 total, 4 available
[2024-10-14T14:38:27.851+0000][119][info][gc,init] Memory: 10952M
[2024-10-14T14:38:27.851+0000][119][info][gc,init] Large Page Support: Disabled
[2024-10-14T14:38:27.851+0000][119][info][gc,init] NUMA Support: Disabled
[2024-10-14T14:38:27.851+0000][119][info][gc,init] Compressed Oops: Enabled (Zero based)
[2024-10-14T14:38:27.851+0000][119][info][gc,init] Heap Region Size: 4M
[2024-10-14T14:38:27.851+0000][119][info][gc,init] Heap Min Capacity: 5476M
[2024-10-14T14:38:27.851+0000][119][info][gc,init] Heap Initial Capacity: 5476M
[2024-10-14T14:38:27.851+0000][119][info][gc,init] Heap Max Capacity: 5476M
[2024-10-14T14:38:27.851+0000][119][info][gc,init] Pre-touch: Enabled
[2024-10-14T14:38:27.851+0000][119][info][gc,init] Parallel Workers: 4
[2024-10-14T14:38:27.851+0000][119][info][gc,init] Concurrent Workers: 1
[2024-10-14T14:38:27.851+0000][119][info][gc,init] Concurrent Refinement Workers: 4
[2024-10-14T14:38:27.851+0000][119][info][gc,init] Periodic GC: Disabled
[2024-10-14T14:38:27.864+0000][119][info][gc,metaspace] CDS archive(s) mapped at: [0x00007fa992000000-0x00007fa992c74000-0x00007fa992c74000), size 13058048, SharedBaseAddress: 0x00007fa992000000, ArchiveRelocationMode: 1.
[2024-10-14T14:38:27.864+0000][119][info][gc,metaspace] Compressed class space mapped at: 0x00007fa993000000-0x00007fa9d3000000, reserved size: 1073741824
[2024-10-14T14:38:27.864+0000][119][info][gc,metaspace] Narrow klass base: 0x00007fa992000000, Narrow klass shift: 0, Narrow klass range: 0x100000000
[2024-10-14T14:38:28.284+0000][119][info][safepoint   ] Safepoint "ICBufferFull", Time since last: 414272668 ns, Reaching safepoint: 5695 ns, Cleanup: 81320 ns, At safepoint: 55907 ns, Total: 142922 ns
[2024-10-14T14:38:29.114+0000][119][info][safepoint   ] Safepoint "ICBufferFull", Time since last: 830228053 ns, Reaching safepoint: 3799 ns, Cleanup: 111663 ns, At safepoint: 8432 ns, Total: 123894 ns
[2024-10-14T14:38:29.741+0000][119][info][safepoint   ] Safepoint "ICBufferFull", Time since last: 626645819 ns, Reaching safepoint: 292000 ns, Cleanup: 110290 ns, At safepoint: 45024 ns, Total: 447314 ns
[2024-10-14T14:38:30.577+0000][119][info][safepoint   ] Safepoint "ICBufferFull", Time since last: 835714654 ns, Reaching safepoint: 4302 ns, Cleanup: 273004 ns, At safepoint: 41970 ns, Total: 319276 ns
[2024-10-14T14:38:31.375+0000][119][info][safepoint   ] Safepoint "ICBufferFull", Time since last: 797322746 ns, Reaching safepoint: 7941 ns, Cleanup: 102295 ns, At safepoint: 78637 ns, Total: 188873 ns
[2024-10-14T14:38:32.378+0000][119][info][safepoint   ] Safepoint "Cleanup", Time since last: 1002684855 ns, Reaching safepoint: 678729 ns, Cleanup: 64759 ns, At safepoint: 73269 ns, Total: 816757 ns
[2024-10-14T14:38:32.609+0000][119][info][gc,start    ] GC(0) Pause Young (Concurrent Start) (Metadata GC Threshold)
[2024-10-14T14:38:32.609+0000][119][info][gc,task     ] GC(0) Using 4 workers of 4 for evacuation
[2024-10-14T14:38:32.609+0000][119][debug][gc,age      ] GC(0) Desired survivor size 18874368 bytes, new threshold 15 (max threshold 15)
[2024-10-14T14:38:32.625+0000][119][info ][gc,phases   ] GC(0)   Pre Evacuate Collection Set: 0.85ms
[2024-10-14T14:38:32.625+0000][119][info ][gc,phases   ] GC(0)   Merge Heap Roots: 0.41ms
[2024-10-14T14:38:32.625+0000][119][info ][gc,phases   ] GC(0)   Evacuate Collection Set: 11.31ms
[2024-10-14T14:38:32.625+0000][119][info ][gc,phases   ] GC(0)   Post Evacuate Collection Set: 2.51ms
[2024-10-14T14:38:32.625+0000][119][info ][gc,phases   ] GC(0)   Other: 0.30ms
[2024-10-14T14:38:32.625+0000][119][trace][gc,age      ] GC(0) Age table with threshold 15 (max threshold 15)
[2024-10-14T14:38:32.625+0000][119][trace][gc,age      ] GC(0) - age   1:    9944160 bytes,    9944160 total
[2024-10-14T14:38:32.625+0000][119][info ][gc,heap     ] GC(0) Eden regions: 41->0(65)
[2024-10-14T14:38:32.625+0000][119][info ][gc,heap     ] GC(0) Survivor regions: 0->3(9)
[2024-10-14T14:38:32.625+0000][119][info ][gc,heap     ] GC(0) Old regions: 1->1
[2024-10-14T14:38:32.625+0000][119][info ][gc,heap     ] GC(0) Humongous regions: 0->0
[2024-10-14T14:38:32.625+0000][119][info ][gc,metaspace] GC(0) Metaspace: 20835K(21504K)->20835K(21504K) NonClass: 18426K(18816K)->18426K(18816K) Class: 2409K(2688K)->2409K(2688K)
[2024-10-14T14:38:32.625+0000][119][info ][gc          ] GC(0) Pause Young (Concurrent Start) (Metadata GC Threshold) 163M->10M(5476M) 15.686ms
[2024-10-14T14:38:32.625+0000][119][info ][gc,cpu      ] GC(0) User=0.04s Sys=0.00s Real=0.02s
[2024-10-14T14:38:32.625+0000][119][info ][gc          ] GC(1) Concurrent Mark Cycle
[2024-10-14T14:38:32.625+0000][119][info ][gc,marking  ] GC(1) Concurrent Scan Root Regions
[2024-10-14T14:38:32.628+0000][119][info ][safepoint   ] Safepoint "CollectForMetadataAllocation", Time since last: 231303971 ns, Reaching safepoint: 4477 ns, Cleanup: 40875 ns, At safepoint: 18573785 ns, Total: 18619137 ns
[2024-10-14T14:38:32.632+0000][119][info ][gc,marking  ] GC(1) Concurrent Scan Root Regions 7.109ms
[2024-10-14T14:38:32.632+0000][119][info ][gc,marking  ] GC(1) Concurrent Mark
[2024-10-14T14:38:32.632+0000][119][info ][gc,marking  ] GC(1) Concurrent Mark From Roots
[2024-10-14T14:38:32.632+0000][119][info ][gc,task     ] GC(1) Using 1 workers of 1 for marking
[2024-10-14T14:38:32.637+0000][119][info ][gc,marking  ] GC(1) Concurrent Mark From Roots 4.570ms
[2024-10-14T14:38:32.637+0000][119][info ][gc,marking  ] GC(1) Concurrent Preclean
[2024-10-14T14:38:32.637+0000][119][info ][gc,marking  ] GC(1) Concurrent Preclean 0.028ms
[2024-10-14T14:38:32.638+0000][119][info ][gc,start    ] GC(1) Pause Remark
[2024-10-14T14:38:32.642+0000][119][info ][gc          ] GC(1) Pause Remark 14M->14M(5476M) 4.652ms
[2024-10-14T14:38:32.643+0000][119][info ][gc,cpu      ] GC(1) User=0.01s Sys=0.00s Real=0.01s
[2024-10-14T14:38:32.643+0000][119][info ][safepoint   ] Safepoint "G1PauseRemark", Time since last: 9322627 ns, Reaching safepoint: 528432 ns, Cleanup: 17520 ns, At safepoint: 4817976 ns, Total: 5363928 ns
[2024-10-14T14:38:32.643+0000][119][info ][gc,marking  ] GC(1) Concurrent Mark 11.102ms
[2024-10-14T14:38:32.644+0000][119][info ][gc,marking  ] GC(1) Concurrent Rebuild Remembered Sets and Scrub Regions
[2024-10-14T14:38:32.645+0000][119][info ][gc,marking  ] GC(1) Concurrent Rebuild Remembered Sets and Scrub Regions 1.404ms
[2024-10-14T14:38:32.646+0000][119][info ][gc,start    ] GC(1) Pause Cleanup
[2024-10-14T14:38:32.646+0000][119][info ][gc          ] GC(1) Pause Cleanup 14M->14M(5476M) 0.395ms
[2024-10-14T14:38:32.647+0000][119][info ][gc,cpu      ] GC(1) User=0.00s Sys=0.00s Real=0.00s
[2024-10-14T14:38:32.647+0000][119][info ][safepoint   ] Safepoint "G1PauseCleanup", Time since last: 2399623 ns, Reaching safepoint: 1040153 ns, Cleanup: 18126 ns, At safepoint: 539777 ns, Total: 1598056 ns
[2024-10-14T14:38:32.647+0000][119][info ][gc,marking  ] GC(1) Concurrent Clear Claimed Marks
[2024-10-14T14:38:32.647+0000][119][info ][gc,marking  ] GC(1) Concurrent Clear Claimed Marks 0.145ms
[2024-10-14T14:38:32.647+0000][119][info ][gc,marking  ] GC(1) Concurrent Cleanup for Next Mark
[2024-10-14T14:38:32.657+0000][119][info ][gc,marking  ] GC(1) Concurrent Cleanup for Next Mark 10.326ms
[2024-10-14T14:38:32.657+0000][119][info ][gc          ] GC(1) Concurrent Mark Cycle 32.041ms
[2024-10-14T14:38:33.648+0000][119][info ][safepoint   ] Safepoint "Cleanup", Time since last: 1000246338 ns, Reaching safepoint: 1045233 ns, Cleanup: 87855 ns, At safepoint: 51826 ns, Total: 1184914 ns
[2024-10-14T14:38:34.365+0000][119][info ][safepoint   ] Safepoint "ICBufferFull", Time since last: 716933994 ns, Reaching safepoint: 7747 ns, Cleanup: 150048 ns, At safepoint: 10275 ns, Total: 168070 ns
[2024-10-14T14:38:35.379+0000][119][info ][safepoint   ] Safepoint "Cleanup", Time since last: 1013122265 ns, Reaching safepoint: 800050 ns, Cleanup: 94777 ns, At safepoint: 102543 ns, Total: 997370 ns
[2024-10-14T14:38:35.837+0000][119][info ][gc,start    ] GC(2) Pause Young (Prepare Mixed) (G1 Evacuation Pause)
[2024-10-14T14:38:35.837+0000][119][info ][gc,task     ] GC(2) Using 4 workers of 4 for evacuation
[2024-10-14T14:38:35.837+0000][119][debug][gc,age      ] GC(2) Desired survivor size 18874368 bytes, new threshold 15 (max threshold 15)
[2024-10-14T14:38:35.854+0000][119][info ][gc,phases   ] GC(2)   Pre Evacuate Collection Set: 0.62ms
[2024-10-14T14:38:35.854+0000][119][info ][gc,phases   ] GC(2)   Merge Heap Roots: 0.19ms
[2024-10-14T14:38:35.854+0000][119][info ][gc,phases   ] GC(2)   Evacuate Collection Set: 11.62ms
[2024-10-14T14:38:35.854+0000][119][info ][gc,phases   ] GC(2)   Post Evacuate Collection Set: 4.33ms
[2024-10-14T14:38:35.854+0000][119][info ][gc,phases   ] GC(2)   Other: 0.24ms
[2024-10-14T14:38:35.854+0000][119][trace][gc,age      ] GC(2) Age table with threshold 15 (max threshold 15)
[2024-10-14T14:38:35.854+0000][119][trace][gc,age      ] GC(2) - age   1:    5479864 bytes,    5479864 total
[2024-10-14T14:38:35.854+0000][119][trace][gc,age      ] GC(2) - age   2:    9019128 bytes,   14498992 total
[2024-10-14T14:38:35.854+0000][119][info ][gc,heap     ] GC(2) Eden regions: 65->0(64)
[2024-10-14T14:38:35.854+0000][119][info ][gc,heap     ] GC(2) Survivor regions: 3->4(9)
[2024-10-14T14:38:35.854+0000][119][info ][gc,heap     ] GC(2) Old regions: 1->1
[2024-10-14T14:38:35.854+0000][119][info ][gc,heap     ] GC(2) Humongous regions: 0->0
[2024-10-14T14:38:35.854+0000][119][info ][gc,metaspace] GC(2) Metaspace: 28691K(29376K)->28691K(29376K) NonClass: 25404K(25792K)->25404K(25792K) Class: 3287K(3584K)->3287K(3584K)
[2024-10-14T14:38:35.854+0000][119][info ][gc          ] GC(2) Pause Young (Prepare Mixed) (G1 Evacuation Pause) 270M->16M(5476M) 17.207ms
[2024-10-14T14:38:35.854+0000][119][info ][gc,cpu      ] GC(2) User=0.05s Sys=0.00s Real=0.02s
[2024-10-14T14:38:35.855+0000][119][info ][safepoint   ] Safepoint "G1CollectForAllocation", Time since last: 458015522 ns, Reaching safepoint: 8743 ns, Cleanup: 69260 ns, At safepoint: 17689700 ns, Total: 17767703 ns
[2024-10-14T14:38:36.861+0000][119][info ][safepoint   ] Safepoint "Cleanup", Time since last: 1004607070 ns, Reaching safepoint: 1243526 ns, Cleanup: 172798 ns, At safepoint: 58760 ns, Total: 1475084 ns
[2024-10-14T14:38:37.157+0000][119][info ][gc,start    ] GC(3) Pause Young (Mixed) (G1 Evacuation Pause)
[2024-10-14T14:38:37.157+0000][119][info ][gc,task     ] GC(3) Using 4 workers of 4 for evacuation
[2024-10-14T14:38:37.157+0000][119][debug][gc,age      ] GC(3) Desired survivor size 18874368 bytes, new threshold 15 (max threshold 15)
[2024-10-14T14:38:37.184+0000][119][info ][gc,phases   ] GC(3)   Pre Evacuate Collection Set: 0.68ms
[2024-10-14T14:38:37.184+0000][119][info ][gc,phases   ] GC(3)   Merge Heap Roots: 0.17ms
[2024-10-14T14:38:37.184+0000][119][info ][gc,phases   ] GC(3)   Evacuate Collection Set: 22.91ms
[2024-10-14T14:38:37.184+0000][119][info ][gc,phases   ] GC(3)   Post Evacuate Collection Set: 3.07ms
[2024-10-14T14:38:37.184+0000][119][info ][gc,phases   ] GC(3)   Other: 0.12ms
[2024-10-14T14:38:37.184+0000][119][trace][gc,age      ] GC(3) Age table with threshold 15 (max threshold 15)
[2024-10-14T14:38:37.184+0000][119][trace][gc,age      ] GC(3) - age   1:    3627064 bytes,    3627064 total
[2024-10-14T14:38:37.184+0000][119][trace][gc,age      ] GC(3) - age   2:    4977616 bytes,    8604680 total
[2024-10-14T14:38:37.184+0000][119][trace][gc,age      ] GC(3) - age   3:    9016312 bytes,   17620992 total
[2024-10-14T14:38:37.184+0000][119][info ][gc,heap     ] GC(3) Eden regions: 64->0(63)
[2024-10-14T14:38:37.184+0000][119][info ][gc,heap     ] GC(3) Survivor regions: 4->5(9)
[2024-10-14T14:38:37.184+0000][119][info ][gc,heap     ] GC(3) Old regions: 1->1
[2024-10-14T14:38:37.184+0000][119][info ][gc,heap     ] GC(3) Humongous regions: 0->0
[2024-10-14T14:38:37.184+0000][119][info ][gc,metaspace] GC(3) Metaspace: 29977K(30784K)->29977K(30784K) NonClass: 26488K(26944K)->26488K(26944K) Class: 3489K(3840K)->3489K(3840K)
[2024-10-14T14:38:37.185+0000][119][info ][gc          ] GC(3) Pause Young (Mixed) (G1 Evacuation Pause) 272M->19M(5476M) 27.214ms
[2024-10-14T14:38:37.185+0000][119][info ][gc,cpu      ] GC(3) User=0.09s Sys=0.00s Real=0.03s
[2024-10-14T14:38:37.185+0000][119][info ][safepoint   ] Safepoint "G1CollectForAllocation", Time since last: 296357179 ns, Reaching safepoint: 6745 ns, Cleanup: 46866 ns, At safepoint: 27406201 ns, Total: 27459812 ns
[2024-10-14T14:38:38.901+0000][119][info ][gc,start    ] GC(4) Pause Young (Normal) (G1 Evacuation Pause)
[2024-10-14T14:38:38.901+0000][119][info ][gc,task     ] GC(4) Using 4 workers of 4 for evacuation
[2024-10-14T14:38:38.901+0000][119][debug][gc,age      ] GC(4) Desired survivor size 18874368 bytes, new threshold 15 (max threshold 15)
[2024-10-14T14:38:38.964+0000][119][info ][gc,phases   ] GC(4)   Pre Evacuate Collection Set: 0.91ms
[2024-10-14T14:38:38.964+0000][119][info ][gc,phases   ] GC(4)   Merge Heap Roots: 0.38ms
[2024-10-14T14:38:38.965+0000][119][info ][gc,phases   ] GC(4)   Evacuate Collection Set: 42.00ms
[2024-10-14T14:38:38.965+0000][119][info ][gc,phases   ] GC(4)   Post Evacuate Collection Set: 19.88ms
[2024-10-14T14:38:38.965+0000][119][info ][gc,phases   ] GC(4)   Other: 0.13ms
[2024-10-14T14:38:38.965+0000][119][trace][gc,age      ] GC(4) Age table with threshold 15 (max threshold 15)
[2024-10-14T14:38:38.965+0000][119][trace][gc,age      ] GC(4) - age   1:    4263512 bytes,    4263512 total
[2024-10-14T14:38:38.965+0000][119][trace][gc,age      ] GC(4) - age   2:    3603320 bytes,    7866832 total
[2024-10-14T14:38:38.965+0000][119][trace][gc,age      ] GC(4) - age   3:    4977232 bytes,   12844064 total
[2024-10-14T14:38:38.965+0000][119][trace][gc,age      ] GC(4) - age   4:    9016224 bytes,   21860288 total
[2024-10-14T14:38:38.965+0000][119][info ][gc,heap     ] GC(4) Eden regions: 63->0(62)
[2024-10-14T14:38:38.965+0000][119][info ][gc,heap     ] GC(4) Survivor regions: 5->6(9)
[2024-10-14T14:38:38.965+0000][119][info ][gc,heap     ] GC(4) Old regions: 1->1
[2024-10-14T14:38:38.965+0000][119][info ][gc,heap     ] GC(4) Humongous regions: 0->0
[2024-10-14T14:38:38.965+0000][119][info ][gc,metaspace] GC(4) Metaspace: 30504K(31360K)->30504K(31360K) NonClass: 26949K(27456K)->26949K(27456K) Class: 3555K(3904K)->3555K(3904K)
[2024-10-14T14:38:38.965+0000][119][info ][gc          ] GC(4) Pause Young (Normal) (G1 Evacuation Pause) 271M->23M(5476M) 63.530ms
[2024-10-14T14:38:38.965+0000][119][info ][gc,cpu      ] GC(4) User=0.14s Sys=0.02s Real=0.06s
[2024-10-14T14:38:38.965+0000][119][info ][safepoint   ] Safepoint "G1CollectForAllocation", Time since last: 1716257517 ns, Reaching safepoint: 9235 ns, Cleanup: 56519 ns, At safepoint: 63582217 ns, Total: 63647971 ns
[2024-10-14T14:38:40.096+0000][119][info ][safepoint   ] Safepoint "Cleanup", Time since last: 1131401903 ns, Reaching safepoint: 6008 ns, Cleanup: 117547 ns, At safepoint: 9214 ns, Total: 132769 ns
[2024-10-14T14:38:40.267+0000][119][info ][gc,start    ] GC(5) Pause Young (Concurrent Start) (Metadata GC Threshold)
[2024-10-14T14:38:40.267+0000][119][info ][gc,task     ] GC(5) Using 4 workers of 4 for evacuation
[2024-10-14T14:38:40.267+0000][119][debug][gc,age      ] GC(5) Desired survivor size 18874368 bytes, new threshold 4 (max threshold 15)
[2024-10-14T14:38:40.285+0000][119][info ][gc,phases   ] GC(5)   Pre Evacuate Collection Set: 0.70ms
[2024-10-14T14:38:40.285+0000][119][info ][gc,phases   ] GC(5)   Merge Heap Roots: 0.24ms
[2024-10-14T14:38:40.285+0000][119][info ][gc,phases   ] GC(5)   Evacuate Collection Set: 15.41ms
[2024-10-14T14:38:40.285+0000][119][info ][gc,phases   ] GC(5)   Post Evacuate Collection Set: 2.17ms
[2024-10-14T14:38:40.285+0000][119][info ][gc,phases   ] GC(5)   Other: 0.34ms
[2024-10-14T14:38:40.285+0000][119][trace][gc,age      ] GC(5) Age table with threshold 4 (max threshold 15)
[2024-10-14T14:38:40.285+0000][119][trace][gc,age      ] GC(5) - age   1:    3595240 bytes,    3595240 total
[2024-10-14T14:38:40.285+0000][119][trace][gc,age      ] GC(5) - age   2:    1958416 bytes,    5553656 total
[2024-10-14T14:38:40.286+0000][119][trace][gc,age      ] GC(5) - age   3:    3599352 bytes,    9153008 total
[2024-10-14T14:38:40.286+0000][119][trace][gc,age      ] GC(5) - age   4:    4976016 bytes,   14129024 total
[2024-10-14T14:38:40.286+0000][119][info ][gc,heap     ] GC(5) Eden regions: 38->0(64)
[2024-10-14T14:38:40.286+0000][119][info ][gc,heap     ] GC(5) Survivor regions: 6->4(9)
[2024-10-14T14:38:40.286+0000][119][info ][gc,heap     ] GC(5) Old regions: 1->3
[2024-10-14T14:38:40.286+0000][119][info ][gc,heap     ] GC(5) Humongous regions: 0->0
[2024-10-14T14:38:40.286+0000][119][info ][gc,metaspace] GC(5) Metaspace: 35242K(36096K)->35242K(36096K) NonClass: 31183K(31680K)->31183K(31680K) Class: 4059K(4416K)->4059K(4416K)
[2024-10-14T14:38:40.286+0000][119][info ][gc          ] GC(5) Pause Young (Concurrent Start) (Metadata GC Threshold) 173M->24M(5476M) 19.129ms
[2024-10-14T14:38:40.286+0000][119][info ][gc,cpu      ] GC(5) User=0.06s Sys=0.00s Real=0.02s
[2024-10-14T14:38:40.286+0000][119][info ][safepoint   ] Safepoint "CollectForMetadataAllocation", Time since last: 170237636 ns, Reaching safepoint: 5107 ns, Cleanup: 91592 ns, At safepoint: 19317208 ns, Total: 19413907 ns
[2024-10-14T14:38:40.286+0000][119][info ][gc          ] GC(6) Concurrent Mark Cycle
[2024-10-14T14:38:40.286+0000][119][info ][gc,marking  ] GC(6) Concurrent Scan Root Regions
[2024-10-14T14:38:40.298+0000][119][info ][gc,marking  ] GC(6) Concurrent Scan Root Regions 11.752ms
[2024-10-14T14:38:40.298+0000][119][info ][gc,marking  ] GC(6) Concurrent Mark
[2024-10-14T14:38:40.298+0000][119][info ][gc,marking  ] GC(6) Concurrent Mark From Roots
[2024-10-14T14:38:40.298+0000][119][info ][gc,task     ] GC(6) Using 1 workers of 1 for marking
[2024-10-14T14:38:40.301+0000][119][info ][gc,marking  ] GC(6) Concurrent Mark From Roots 3.107ms
[2024-10-14T14:38:40.301+0000][119][info ][gc,marking  ] GC(6) Concurrent Preclean
[2024-10-14T14:38:40.301+0000][119][info ][gc,marking  ] GC(6) Concurrent Preclean 0.009ms
[2024-10-14T14:38:40.302+0000][119][info ][gc,start    ] GC(6) Pause Remark
[2024-10-14T14:38:40.309+0000][119][info ][gc          ] GC(6) Pause Remark 26M->26M(5476M) 7.162ms
[2024-10-14T14:38:40.309+0000][119][info ][gc,cpu      ] GC(6) User=0.02s Sys=0.00s Real=0.00s
[2024-10-14T14:38:40.309+0000][119][info ][safepoint   ] Safepoint "G1PauseRemark", Time since last: 15270857 ns, Reaching safepoint: 689982 ns, Cleanup: 22413 ns, At safepoint: 7269938 ns, Total: 7982333 ns
[2024-10-14T14:38:40.309+0000][119][info ][gc,marking  ] GC(6) Concurrent Mark 11.388ms
[2024-10-14T14:38:40.309+0000][119][info ][gc,marking  ] GC(6) Concurrent Rebuild Remembered Sets and Scrub Regions
[2024-10-14T14:38:40.315+0000][119][info ][gc,marking  ] GC(6) Concurrent Rebuild Remembered Sets and Scrub Regions 6.186ms
[2024-10-14T14:38:40.317+0000][119][info ][gc,start    ] GC(6) Pause Cleanup
[2024-10-14T14:38:40.317+0000][119][info ][gc          ] GC(6) Pause Cleanup 26M->26M(5476M) 0.454ms
[2024-10-14T14:38:40.317+0000][119][info ][gc,cpu      ] GC(6) User=0.00s Sys=0.00s Real=0.00s
[2024-10-14T14:38:40.317+0000][119][info ][safepoint   ] Safepoint "G1PauseCleanup", Time since last: 6503738 ns, Reaching safepoint: 1290681 ns, Cleanup: 19028 ns, At safepoint: 541456 ns, Total: 1851165 ns
[2024-10-14T14:38:40.318+0000][119][info ][gc,marking  ] GC(6) Concurrent Clear Claimed Marks
[2024-10-14T14:38:40.318+0000][119][info ][gc,marking  ] GC(6) Concurrent Clear Claimed Marks 0.082ms
[2024-10-14T14:38:40.318+0000][119][info ][gc,marking  ] GC(6) Concurrent Cleanup for Next Mark
[2024-10-14T14:38:40.333+0000][119][info ][gc,marking  ] GC(6) Concurrent Cleanup for Next Mark 15.675ms
[2024-10-14T14:38:40.334+0000][119][info ][gc          ] GC(6) Concurrent Mark Cycle 47.747ms
[2024-10-14T14:38:41.074+0000][119][info ][gc,start    ] GC(7) Pause Young (Normal) (G1 Evacuation Pause)
[2024-10-14T14:38:41.074+0000][119][info ][gc,task     ] GC(7) Using 4 workers of 4 for evacuation
[2024-10-14T14:38:41.074+0000][119][debug][gc,age      ] GC(7) Desired survivor size 18874368 bytes, new threshold 15 (max threshold 15)
[2024-10-14T14:38:41.090+0000][119][info ][gc,phases   ] GC(7)   Pre Evacuate Collection Set: 0.89ms
[2024-10-14T14:38:41.090+0000][119][info ][gc,phases   ] GC(7)   Merge Heap Roots: 0.24ms
[2024-10-14T14:38:41.090+0000][119][info ][gc,phases   ] GC(7)   Evacuate Collection Set: 12.47ms
[2024-10-14T14:38:41.090+0000][119][info ][gc,phases   ] GC(7)   Post Evacuate Collection Set: 2.22ms
[2024-10-14T14:38:41.090+0000][119][info ][gc,phases   ] GC(7)   Other: 0.21ms
[2024-10-14T14:38:41.090+0000][119][trace][gc,age      ] GC(7) Age table with threshold 15 (max threshold 15)
[2024-10-14T14:38:41.090+0000][119][trace][gc,age      ] GC(7) - age   1:    3302904 bytes,    3302904 total
[2024-10-14T14:38:41.090+0000][119][trace][gc,age      ] GC(7) - age   2:    3576704 bytes,    6879608 total
[2024-10-14T14:38:41.090+0000][119][trace][gc,age      ] GC(7) - age   3:    1957808 bytes,    8837416 total
[2024-10-14T14:38:41.090+0000][119][trace][gc,age      ] GC(7) - age   4:    3599272 bytes,   12436688 total
[2024-10-14T14:38:41.090+0000][119][trace][gc,age      ] GC(7) - age   5:    4975856 bytes,   17412544 total
[2024-10-14T14:38:41.090+0000][119][info ][gc,heap     ] GC(7) Eden regions: 64->0(81)
[2024-10-14T14:38:41.090+0000][119][info ][gc,heap     ] GC(7) Survivor regions: 4->5(9)
[2024-10-14T14:38:41.090+0000][119][info ][gc,heap     ] GC(7) Old regions: 3->3
[2024-10-14T14:38:41.090+0000][119][info ][gc,heap     ] GC(7) Humongous regions: 0->0
[2024-10-14T14:38:41.090+0000][119][info ][gc,metaspace] GC(7) Metaspace: 36261K(37248K)->36261K(37248K) NonClass: 32044K(32640K)->32044K(32640K) Class: 4217K(4608K)->4217K(4608K)
[2024-10-14T14:38:41.090+0000][119][info ][gc          ] GC(7) Pause Young (Normal) (G1 Evacuation Pause) 280M->28M(5476M) 16.355ms
[2024-10-14T14:38:41.090+0000][119][info ][gc,cpu      ] GC(7) User=0.04s Sys=0.01s Real=0.01s
[2024-10-14T14:38:41.090+0000][119][info ][safepoint   ] Safepoint "G1CollectForAllocation", Time since last: 756110910 ns, Reaching safepoint: 190450 ns, Cleanup: 67455 ns, At safepoint: 16514234 ns, Total: 16772139 ns
[2024-10-14T14:38:42.121+0000][119][info ][safepoint   ] Safepoint "Cleanup", Time since last: 1027885942 ns, Reaching safepoint: 1352925 ns, Cleanup: 66143 ns, At safepoint: 1034708 ns, Total: 2453776 ns
[2024-10-14T14:38:42.545+0000][119][info ][gc,start    ] GC(8) Pause Young (Normal) (G1 Evacuation Pause)
[2024-10-14T14:38:42.545+0000][119][info ][gc,task     ] GC(8) Using 4 workers of 4 for evacuation
[2024-10-14T14:38:42.545+0000][119][debug][gc,age      ] GC(8) Desired survivor size 25165824 bytes, new threshold 15 (max threshold 15)
[2024-10-14T14:38:42.576+0000][119][info ][gc,phases   ] GC(8)   Pre Evacuate Collection Set: 0.77ms
[2024-10-14T14:38:42.576+0000][119][info ][gc,phases   ] GC(8)   Merge Heap Roots: 0.33ms
[2024-10-14T14:38:42.576+0000][119][info ][gc,phases   ] GC(8)   Evacuate Collection Set: 23.21ms
[2024-10-14T14:38:42.576+0000][119][info ][gc,phases   ] GC(8)   Post Evacuate Collection Set: 6.28ms
[2024-10-14T14:38:42.576+0000][119][info ][gc,phases   ] GC(8)   Other: 0.14ms
[2024-10-14T14:38:42.576+0000][119][trace][gc,age      ] GC(8) Age table with threshold 15 (max threshold 15)
[2024-10-14T14:38:42.576+0000][119][trace][gc,age      ] GC(8) - age   1:    7482416 bytes,    7482416 total
[2024-10-14T14:38:42.576+0000][119][trace][gc,age      ] GC(8) - age   2:    3222072 bytes,   10704488 total
[2024-10-14T14:38:42.576+0000][119][trace][gc,age      ] GC(8) - age   3:    3576640 bytes,   14281128 total
[2024-10-14T14:38:42.576+0000][119][trace][gc,age      ] GC(8) - age   4:    1956904 bytes,   16238032 total
[2024-10-14T14:38:42.576+0000][119][trace][gc,age      ] GC(8) - age   5:    3594792 bytes,   19832824 total
[2024-10-14T14:38:42.576+0000][119][trace][gc,age      ] GC(8) - age   6:    4972760 bytes,   24805584 total
[2024-10-14T14:38:42.576+0000][119][info ][gc,heap     ] GC(8) Eden regions: 87->0(86)
[2024-10-14T14:38:42.576+0000][119][info ][gc,heap     ] GC(8) Survivor regions: 5->7(12)
[2024-10-14T14:38:42.576+0000][119][info ][gc,heap     ] GC(8) Old regions: 3->3
[2024-10-14T14:38:42.576+0000][119][info ][gc,heap     ] GC(8) Humongous regions: 0->0
[2024-10-14T14:38:42.576+0000][119][info ][gc,metaspace] GC(8) Metaspace: 38282K(39296K)->38282K(39296K) NonClass: 33802K(34432K)->33802K(34432K) Class: 4479K(4864K)->4479K(4864K)
[2024-10-14T14:38:42.576+0000][119][info ][gc          ] GC(8) Pause Young (Normal) (G1 Evacuation Pause) 376M->36M(5476M) 31.171ms
[2024-10-14T14:38:42.576+0000][119][info ][gc,cpu      ] GC(8) User=0.10s Sys=0.02s Real=0.03s
[2024-10-14T14:38:42.576+0000][119][info ][safepoint   ] Safepoint "G1CollectForAllocation", Time since last: 424146884 ns, Reaching safepoint: 10880 ns, Cleanup: 51803 ns, At safepoint: 31285589 ns, Total: 31348272 ns
[2024-10-14T14:38:44.110+0000][119][info ][safepoint   ] Safepoint "ICBufferFull", Time since last: 1533266609 ns, Reaching safepoint: 6051 ns, Cleanup: 281961 ns, At safepoint: 14392 ns, Total: 302404 ns
[2024-10-14T14:38:44.981+0000][119][info ][gc,start    ] GC(9) Pause Young (Normal) (G1 Evacuation Pause)
[2024-10-14T14:38:44.981+0000][119][info ][gc,task     ] GC(9) Using 4 workers of 4 for evacuation
[2024-10-14T14:38:44.981+0000][119][debug][gc,age      ] GC(9) Desired survivor size 25165824 bytes, new threshold 15 (max threshold 15)
[2024-10-14T14:38:45.021+0000][119][info ][gc,phases   ] GC(9)   Pre Evacuate Collection Set: 0.67ms
[2024-10-14T14:38:45.021+0000][119][info ][gc,phases   ] GC(9)   Merge Heap Roots: 0.43ms
[2024-10-14T14:38:45.021+0000][119][info ][gc,phases   ] GC(9)   Evacuate Collection Set: 35.54ms
[2024-10-14T14:38:45.021+0000][119][info ][gc,phases   ] GC(9)   Post Evacuate Collection Set: 3.76ms
[2024-10-14T14:38:45.021+0000][119][info ][gc,phases   ] GC(9)   Other: 0.13ms
[2024-10-14T14:38:45.021+0000][119][trace][gc,age      ] GC(9) Age table with threshold 15 (max threshold 15)
[2024-10-14T14:38:45.021+0000][119][trace][gc,age      ] GC(9) - age   1:    6558744 bytes,    6558744 total
[2024-10-14T14:38:45.021+0000][119][trace][gc,age      ] GC(9) - age   2:    5436184 bytes,   11994928 total
[2024-10-14T14:38:45.021+0000][119][trace][gc,age      ] GC(9) - age   3:    3207064 bytes,   15201992 total
[2024-10-14T14:38:45.021+0000][119][trace][gc,age      ] GC(9) - age   4:    3560136 bytes,   18762128 total
[2024-10-14T14:38:45.021+0000][119][trace][gc,age      ] GC(9) - age   5:    1946040 bytes,   20708168 total
[2024-10-14T14:38:45.022+0000][119][trace][gc,age      ] GC(9) - age   6:    3575024 bytes,   24283192 total
[2024-10-14T14:38:45.022+0000][119][trace][gc,age      ] GC(9) - age   7:    4798552 bytes,   29081744 total
[2024-10-14T14:38:45.022+0000][119][info ][gc,heap     ] GC(9) Eden regions: 85->0(103)
[2024-10-14T14:38:45.022+0000][119][info ][gc,heap     ] GC(9) Survivor regions: 7->8(12)
[2024-10-14T14:38:45.022+0000][119][info ][gc,heap     ] GC(9) Old regions: 3->3
[2024-10-14T14:38:45.022+0000][119][info ][gc,heap     ] GC(9) Humongous regions: 0->0
[2024-10-14T14:38:45.022+0000][119][info ][gc,metaspace] GC(9) Metaspace: 44590K(45824K)->44590K(45824K) NonClass: 39189K(39936K)->39189K(39936K) Class: 5401K(5888K)->5401K(5888K)
[2024-10-14T14:38:45.022+0000][119][info ][gc          ] GC(9) Pause Young (Normal) (G1 Evacuation Pause) 376M->41M(5476M) 40.930ms
[2024-10-14T14:38:45.022+0000][119][info ][gc,cpu      ] GC(9) User=0.07s Sys=0.01s Real=0.04s
[2024-10-14T14:38:45.022+0000][119][info ][safepoint   ] Safepoint "G1CollectForAllocation", Time since last: 870558526 ns, Reaching safepoint: 315039 ns, Cleanup: 58128 ns, At safepoint: 41428543 ns, Total: 41801710 ns
[2024-10-14T14:38:46.026+0000][119][info ][safepoint   ] Safepoint "Cleanup", Time since last: 1002671560 ns, Reaching safepoint: 1226209 ns, Cleanup: 67746 ns, At safepoint: 61928 ns, Total: 1355883 ns
[2024-10-14T14:38:47.024+0000][119][info ][safepoint   ] Safepoint "ICBufferFull", Time since last: 998094263 ns, Reaching safepoint: 5206 ns, Cleanup: 92643 ns, At safepoint: 8471 ns, Total: 106320 ns
[2024-10-14T14:38:48.305+0000][119][info ][gc,start    ] GC(10) Pause Young (Concurrent Start) (Metadata GC Threshold)
[2024-10-14T14:38:48.305+0000][119][info ][gc,task     ] GC(10) Using 4 workers of 4 for evacuation
[2024-10-14T14:38:48.305+0000][119][debug][gc,age      ] GC(10) Desired survivor size 29360128 bytes, new threshold 15 (max threshold 15)
[2024-10-14T14:38:48.341+0000][119][info ][gc,phases   ] GC(10)   Pre Evacuate Collection Set: 0.58ms
[2024-10-14T14:38:48.341+0000][119][info ][gc,phases   ] GC(10)   Merge Heap Roots: 0.17ms
[2024-10-14T14:38:48.341+0000][119][info ][gc,phases   ] GC(10)   Evacuate Collection Set: 31.78ms
[2024-10-14T14:38:48.341+0000][119][info ][gc,phases   ] GC(10)   Post Evacuate Collection Set: 3.01ms
[2024-10-14T14:38:48.341+0000][119][info ][gc,phases   ] GC(10)   Other: 0.34ms
[2024-10-14T14:38:48.341+0000][119][trace][gc,age      ] GC(10) Age table with threshold 15 (max threshold 15)
[2024-10-14T14:38:48.341+0000][119][trace][gc,age      ] GC(10) - age   1:    3973432 bytes,    3973432 total
[2024-10-14T14:38:48.341+0000][119][trace][gc,age      ] GC(10) - age   2:    6384320 bytes,   10357752 total
[2024-10-14T14:38:48.341+0000][119][trace][gc,age      ] GC(10) - age   3:    5431472 bytes,   15789224 total
[2024-10-14T14:38:48.341+0000][119][trace][gc,age      ] GC(10) - age   4:    3204704 bytes,   18993928 total
[2024-10-14T14:38:48.341+0000][119][trace][gc,age      ] GC(10) - age   5:    3559560 bytes,   22553488 total
[2024-10-14T14:38:48.341+0000][119][trace][gc,age      ] GC(10) - age   6:    1946040 bytes,   24499528 total
[2024-10-14T14:38:48.341+0000][119][trace][gc,age      ] GC(10) - age   7:    3573344 bytes,   28072872 total
[2024-10-14T14:38:48.341+0000][119][trace][gc,age      ] GC(10) - age   8:    4797752 bytes,   32870624 total
[2024-10-14T14:38:48.341+0000][119][info ][gc,heap     ] GC(10) Eden regions: 66->0(146)
[2024-10-14T14:38:48.341+0000][119][info ][gc,heap     ] GC(10) Survivor regions: 8->9(14)
[2024-10-14T14:38:48.341+0000][119][info ][gc,heap     ] GC(10) Old regions: 3->3
[2024-10-14T14:38:48.341+0000][119][info ][gc,heap     ] GC(10) Humongous regions: 0->0
[2024-10-14T14:38:48.341+0000][119][info ][gc,metaspace] GC(10) Metaspace: 59356K(60736K)->59356K(60736K) NonClass: 51892K(52736K)->51892K(52736K) Class: 7463K(8000K)->7463K(8000K)
[2024-10-14T14:38:48.341+0000][119][info ][gc          ] GC(10) Pause Young (Concurrent Start) (Metadata GC Threshold) 303M->45M(5476M) 36.141ms
[2024-10-14T14:38:48.341+0000][119][info ][gc,cpu      ] GC(10) User=0.10s Sys=0.00s Real=0.04s
[2024-10-14T14:38:48.341+0000][119][info ][gc          ] GC(11) Concurrent Mark Cycle
[2024-10-14T14:38:48.341+0000][119][info ][gc,marking  ] GC(11) Concurrent Scan Root Regions
[2024-10-14T14:38:48.341+0000][119][info ][safepoint   ] Safepoint "CollectForMetadataAllocation", Time since last: 1280462093 ns, Reaching safepoint: 6976 ns, Cleanup: 116539 ns, At safepoint: 36378527 ns, Total: 36502042 ns
[2024-10-14T14:38:48.377+0000][119][info ][gc,marking  ] GC(11) Concurrent Scan Root Regions 35.740ms
[2024-10-14T14:38:48.377+0000][119][info ][gc,marking  ] GC(11) Concurrent Mark
[2024-10-14T14:38:48.377+0000][119][info ][gc,marking  ] GC(11) Concurrent Mark From Roots
[2024-10-14T14:38:48.377+0000][119][info ][gc,task     ] GC(11) Using 1 workers of 1 for marking
[2024-10-14T14:38:48.404+0000][119][info ][gc,marking  ] GC(11) Concurrent Mark From Roots 27.045ms
[2024-10-14T14:38:48.404+0000][119][info ][gc,marking  ] GC(11) Concurrent Preclean
[2024-10-14T14:38:48.404+0000][119][info ][gc,marking  ] GC(11) Concurrent Preclean 0.114ms
[2024-10-14T14:38:48.407+0000][119][info ][gc,start    ] GC(11) Pause Remark
[2024-10-14T14:38:48.423+0000][119][info ][gc          ] GC(11) Pause Remark 47M->47M(5476M) 16.732ms
[2024-10-14T14:38:48.424+0000][119][info ][gc,cpu      ] GC(11) User=0.06s Sys=0.00s Real=0.02s
[2024-10-14T14:38:48.424+0000][119][info ][safepoint   ] Safepoint "G1PauseRemark", Time since last: 64455075 ns, Reaching safepoint: 941371 ns, Cleanup: 6701 ns, At safepoint: 17024016 ns, Total: 17972088 ns
[2024-10-14T14:38:48.427+0000][119][info ][gc,marking  ] GC(11) Concurrent Mark 49.708ms
[2024-10-14T14:38:48.427+0000][119][info ][gc,marking  ] GC(11) Concurrent Rebuild Remembered Sets and Scrub Regions
[2024-10-14T14:38:48.452+0000][119][info ][gc,marking  ] GC(11) Concurrent Rebuild Remembered Sets and Scrub Regions 24.822ms
[2024-10-14T14:38:48.455+0000][119][info ][gc,start    ] GC(11) Pause Cleanup
[2024-10-14T14:38:48.455+0000][119][info ][gc          ] GC(11) Pause Cleanup 47M->47M(5476M) 0.374ms
[2024-10-14T14:38:48.455+0000][119][info ][gc,cpu      ] GC(11) User=0.00s Sys=0.00s Real=0.00s
[2024-10-14T14:38:48.455+0000][119][info ][safepoint   ] Safepoint "G1PauseCleanup", Time since last: 29990379 ns, Reaching safepoint: 981115 ns, Cleanup: 34333 ns, At safepoint: 474657 ns, Total: 1490105 ns
[2024-10-14T14:38:48.455+0000][119][info ][gc,marking  ] GC(11) Concurrent Clear Claimed Marks
[2024-10-14T14:38:48.455+0000][119][info ][gc,marking  ] GC(11) Concurrent Clear Claimed Marks 0.132ms
[2024-10-14T14:38:48.455+0000][119][info ][gc,marking  ] GC(11) Concurrent Cleanup for Next Mark
[2024-10-14T14:38:48.466+0000][119][info ][gc,marking  ] GC(11) Concurrent Cleanup for Next Mark 10.064ms
[2024-10-14T14:38:48.466+0000][119][info ][gc          ] GC(11) Concurrent Mark Cycle 124.468ms
[2024-10-14T14:38:49.457+0000][119][info ][safepoint   ] Safepoint "Cleanup", Time since last: 1000635965 ns, Reaching safepoint: 1004908 ns, Cleanup: 34031 ns, At safepoint: 62330 ns, Total: 1101269 ns
[2024-10-14T14:38:50.825+0000][119][info ][safepoint   ] Safepoint "Cleanup", Time since last: 1364227086 ns, Reaching safepoint: 3735800 ns, Cleanup: 183556 ns, At safepoint: 76015 ns, Total: 3995371 ns
[2024-10-14T14:38:51.827+0000][119][info ][safepoint   ] Safepoint "Cleanup", Time since last: 1000570893 ns, Reaching safepoint: 980579 ns, Cleanup: 52313 ns, At safepoint: 129628 ns, Total: 1162520 ns
[2024-10-14T14:38:52.829+0000][119][info ][safepoint   ] Safepoint "Cleanup", Time since last: 1000696049 ns, Reaching safepoint: 1232990 ns, Cleanup: 37439 ns, At safepoint: 86938 ns, Total: 1357367 ns
[2024-10-14T14:38:53.863+0000][119][info ][safepoint   ] Safepoint "Cleanup", Time since last: 1017032272 ns, Reaching safepoint: 2391823 ns, Cleanup: 65775 ns, At safepoint: 14145289 ns, Total: 16602887 ns
[2024-10-14T14:38:55.010+0000][119][info ][safepoint   ] Safepoint "Cleanup", Time since last: 1146042017 ns, Reaching safepoint: 1124669 ns, Cleanup: 133652 ns, At safepoint: 57551 ns, Total: 1315872 ns
[2024-10-14T14:38:56.020+0000][119][info ][safepoint   ] Safepoint "Cleanup", Time since last: 1009507046 ns, Reaching safepoint: 682442 ns, Cleanup: 17429 ns, At safepoint: 20665 ns, Total: 720536 ns
[2024-10-14T14:38:56.226+0000][119][info ][gc,start    ] GC(12) Pause Young (Normal) (G1 Evacuation Pause)
[2024-10-14T14:38:56.226+0000][119][info ][gc,task     ] GC(12) Using 4 workers of 4 for evacuation
[2024-10-14T14:38:56.226+0000][119][debug][gc,age      ] GC(12) Desired survivor size 39845888 bytes, new threshold 15 (max threshold 15)
[2024-10-14T14:38:56.307+0000][119][info ][gc,phases   ] GC(12)   Pre Evacuate Collection Set: 0.58ms
[2024-10-14T14:38:56.307+0000][119][info ][gc,phases   ] GC(12)   Merge Heap Roots: 0.60ms
[2024-10-14T14:38:56.307+0000][119][info ][gc,phases   ] GC(12)   Evacuate Collection Set: 73.11ms
[2024-10-14T14:38:56.307+0000][119][info ][gc,phases   ] GC(12)   Post Evacuate Collection Set: 6.28ms
[2024-10-14T14:38:56.307+0000][119][info ][gc,phases   ] GC(12)   Other: 0.41ms
[2024-10-14T14:38:56.307+0000][119][trace][gc,age      ] GC(12) Age table with threshold 15 (max threshold 15)
[2024-10-14T14:38:56.307+0000][119][trace][gc,age      ] GC(12) - age   1:   11061760 bytes,   11061760 total
[2024-10-14T14:38:56.307+0000][119][trace][gc,age      ] GC(12) - age   2:    3731776 bytes,   14793536 total
[2024-10-14T14:38:56.309+0000][119][trace][gc,age      ] GC(12) - age   3:    6205104 bytes,   20998640 total
[2024-10-14T14:38:56.309+0000][119][trace][gc,age      ] GC(12) - age   4:    5388896 bytes,   26387536 total
[2024-10-14T14:38:56.309+0000][119][trace][gc,age      ] GC(12) - age   5:    3195720 bytes,   29583256 total
[2024-10-14T14:38:56.309+0000][119][trace][gc,age      ] GC(12) - age   6:    3556384 bytes,   33139640 total
[2024-10-14T14:38:56.309+0000][119][trace][gc,age      ] GC(12) - age   7:    1941936 bytes,   35081576 total
[2024-10-14T14:38:56.309+0000][119][trace][gc,age      ] GC(12) - age   8:    3563680 bytes,   38645256 total
[2024-10-14T14:38:56.309+0000][119][trace][gc,age      ] GC(12) - age   9:    4775056 bytes,   43420312 total
[2024-10-14T14:38:56.309+0000][119][info ][gc,heap     ] GC(12) Eden regions: 141->0(151)
[2024-10-14T14:38:56.309+0000][119][info ][gc,heap     ] GC(12) Survivor regions: 9->11(19)
[2024-10-14T14:38:56.309+0000][119][info ][gc,heap     ] GC(12) Old regions: 3->3
[2024-10-14T14:38:56.309+0000][119][info ][gc,heap     ] GC(12) Humongous regions: 0->0
[2024-10-14T14:38:56.309+0000][119][info ][gc,metaspace] GC(12) Metaspace: 75113K(76928K)->75113K(76928K) NonClass: 65058K(66176K)->65058K(66176K) Class: 10054K(10752K)->10054K(10752K)
[2024-10-14T14:38:56.309+0000][119][info ][gc          ] GC(12) Pause Young (Normal) (G1 Evacuation Pause) 609M->52M(5476M) 83.631ms
[2024-10-14T14:38:56.309+0000][119][info ][gc,cpu      ] GC(12) User=0.29s Sys=0.00s Real=0.08s
[2024-10-14T14:38:56.317+0000][119][info ][safepoint   ] Safepoint "G1CollectForAllocation", Time since last: 205444085 ns, Reaching safepoint: 11534 ns, Cleanup: 6516 ns, At safepoint: 90946916 ns, Total: 90964966 ns
[2024-10-14T14:38:57.905+0000][119][info ][safepoint   ] Safepoint "Cleanup", Time since last: 1587430436 ns, Reaching safepoint: 767909 ns, Cleanup: 62301 ns, At safepoint: 53375 ns, Total: 883585 ns
[2024-10-14T14:38:59.168+0000][119][info ][safepoint   ] Safepoint "Cleanup", Time since last: 1262684370 ns, Reaching safepoint: 4054 ns, Cleanup: 185731 ns, At safepoint: 40308 ns, Total: 230093 ns
[2024-10-14T14:39:00.296+0000][119][info ][safepoint   ] Safepoint "Cleanup", Time since last: 1126980451 ns, Reaching safepoint: 921572 ns, Cleanup: 92505 ns, At safepoint: 63689 ns, Total: 1077766 ns
[2024-10-14T14:39:01.731+0000][119][info ][safepoint   ] Safepoint "Cleanup", Time since last: 1433869573 ns, Reaching safepoint: 1141314 ns, Cleanup: 85170 ns, At safepoint: 19995 ns, Total: 1246479 ns
[2024-10-14T14:39:02.251+0000][119][info ][gc,start    ] GC(13) Pause Young (Concurrent Start) (Metadata GC Threshold)
[2024-10-14T14:39:02.251+0000][119][info ][gc,task     ] GC(13) Using 4 workers of 4 for evacuation
[2024-10-14T14:39:02.251+0000][119][debug][gc,age      ] GC(13) Desired survivor size 44040192 bytes, new threshold 15 (max threshold 15)
[2024-10-14T14:39:02.292+0000][119][info ][gc,phases   ] GC(13)   Pre Evacuate Collection Set: 0.72ms
[2024-10-14T14:39:02.292+0000][119][info ][gc,phases   ] GC(13)   Merge Heap Roots: 0.40ms
[2024-10-14T14:39:02.292+0000][119][info ][gc,phases   ] GC(13)   Evacuate Collection Set: 35.38ms
[2024-10-14T14:39:02.292+0000][119][info ][gc,phases   ] GC(13)   Post Evacuate Collection Set: 3.98ms
[2024-10-14T14:39:02.292+0000][119][info ][gc,phases   ] GC(13)   Other: 0.42ms
[2024-10-14T14:39:02.292+0000][119][trace][gc,age      ] GC(13) Age table with threshold 15 (max threshold 15)
[2024-10-14T14:39:02.292+0000][119][trace][gc,age      ] GC(13) - age   1:    9704544 bytes,    9704544 total
[2024-10-14T14:39:02.292+0000][119][trace][gc,age      ] GC(13) - age   2:   10672944 bytes,   20377488 total
[2024-10-14T14:39:02.292+0000][119][trace][gc,age      ] GC(13) - age   3:    3695584 bytes,   24073072 total
[2024-10-14T14:39:02.292+0000][119][trace][gc,age      ] GC(13) - age   4:    6080720 bytes,   30153792 total
[2024-10-14T14:39:02.292+0000][119][trace][gc,age      ] GC(13) - age   5:    5378440 bytes,   35532232 total
[2024-10-14T14:39:02.292+0000][119][trace][gc,age      ] GC(13) - age   6:    3190504 bytes,   38722736 total
[2024-10-14T14:39:02.292+0000][119][trace][gc,age      ] GC(13) - age   7:    3539576 bytes,   42262312 total
[2024-10-14T14:39:02.292+0000][119][trace][gc,age      ] GC(13) - age   8:    1936784 bytes,   44199096 total
[2024-10-14T14:39:02.292+0000][119][trace][gc,age      ] GC(13) - age   9:    3558696 bytes,   47757792 total
[2024-10-14T14:39:02.292+0000][119][trace][gc,age      ] GC(13) - age  10:    4766032 bytes,   52523824 total
[2024-10-14T14:39:02.292+0000][119][info ][gc,heap     ] GC(13) Eden regions: 84->0(201)
[2024-10-14T14:39:02.292+0000][119][info ][gc,heap     ] GC(13) Survivor regions: 11->14(21)
[2024-10-14T14:39:02.292+0000][119][info ][gc,heap     ] GC(13) Old regions: 3->3
[2024-10-14T14:39:02.292+0000][119][info ][gc,heap     ] GC(13) Humongous regions: 0->0
[2024-10-14T14:39:02.292+0000][119][info ][gc,metaspace] GC(13) Metaspace: 99520K(101568K)->99520K(101568K) NonClass: 86118K(87296K)->86118K(87296K) Class: 13402K(14272K)->13402K(14272K)
[2024-10-14T14:39:02.292+0000][119][info ][gc          ] GC(13) Pause Young (Concurrent Start) (Metadata GC Threshold) 386M->64M(5476M) 41.165ms
[2024-10-14T14:39:02.292+0000][119][info ][gc,cpu      ] GC(13) User=0.14s Sys=0.01s Real=0.04s
[2024-10-14T14:39:02.292+0000][119][info ][gc          ] GC(14) Concurrent Mark Cycle
[2024-10-14T14:39:02.292+0000][119][info ][gc,marking  ] GC(14) Concurrent Scan Root Regions
[2024-10-14T14:39:02.293+0000][119][info ][safepoint   ] Safepoint "CollectForMetadataAllocation", Time since last: 520122948 ns, Reaching safepoint: 6223 ns, Cleanup: 21431 ns, At safepoint: 41521733 ns, Total: 41549387 ns
[2024-10-14T14:39:02.337+0000][119][info ][gc,marking  ] GC(14) Concurrent Scan Root Regions 44.921ms
[2024-10-14T14:39:02.338+0000][119][info ][gc,marking  ] GC(14) Concurrent Mark
[2024-10-14T14:39:02.338+0000][119][info ][gc,marking  ] GC(14) Concurrent Mark From Roots
[2024-10-14T14:39:02.338+0000][119][info ][gc,task     ] GC(14) Using 1 workers of 1 for marking
[2024-10-14T14:39:02.339+0000][119][info ][safepoint   ] Safepoint "CollectForMetadataAllocation", Time since last: 46067143 ns, Reaching safepoint: 122382 ns, Cleanup: 10272 ns, At safepoint: 178096 ns, Total: 310750 ns
[2024-10-14T14:39:02.355+0000][119][info ][gc,marking  ] GC(14) Concurrent Mark From Roots 17.472ms
[2024-10-14T14:39:02.355+0000][119][info ][gc,marking  ] GC(14) Concurrent Preclean
[2024-10-14T14:39:02.355+0000][119][info ][gc,marking  ] GC(14) Concurrent Preclean 0.079ms
[2024-10-14T14:39:02.359+0000][119][info ][gc,start    ] GC(14) Pause Remark
[2024-10-14T14:39:02.369+0000][119][info ][gc          ] GC(14) Pause Remark 70M->70M(5476M) 10.480ms
[2024-10-14T14:39:02.369+0000][119][info ][gc,cpu      ] GC(14) User=0.02s Sys=0.00s Real=0.01s
[2024-10-14T14:39:02.369+0000][119][info ][safepoint   ] Safepoint "G1PauseRemark", Time since last: 16260151 ns, Reaching safepoint: 3504170 ns, Cleanup: 9804 ns, At safepoint: 10600229 ns, Total: 14114203 ns
[2024-10-14T14:39:02.369+0000][119][info ][gc,marking  ] GC(14) Concurrent Mark 31.955ms
[2024-10-14T14:39:02.369+0000][119][info ][gc,marking  ] GC(14) Concurrent Rebuild Remembered Sets and Scrub Regions
[2024-10-14T14:39:02.376+0000][119][info ][gc,marking  ] GC(14) Concurrent Rebuild Remembered Sets and Scrub Regions 6.763ms
[2024-10-14T14:39:02.378+0000][119][info ][gc,start    ] GC(14) Pause Cleanup
[2024-10-14T14:39:02.378+0000][119][info ][gc          ] GC(14) Pause Cleanup 70M->70M(5476M) 0.340ms
[2024-10-14T14:39:02.378+0000][119][info ][gc,cpu      ] GC(14) User=0.00s Sys=0.00s Real=0.00s
[2024-10-14T14:39:02.378+0000][119][info ][safepoint   ] Safepoint "G1PauseCleanup", Time since last: 7101093 ns, Reaching safepoint: 1424742 ns, Cleanup: 24106 ns, At safepoint: 435787 ns, Total: 1884635 ns
[2024-10-14T14:39:02.378+0000][119][info ][gc,marking  ] GC(14) Concurrent Clear Claimed Marks
[2024-10-14T14:39:02.379+0000][119][info ][gc,marking  ] GC(14) Concurrent Clear Claimed Marks 0.147ms
[2024-10-14T14:39:02.379+0000][119][info ][gc,marking  ] GC(14) Concurrent Cleanup for Next Mark
[2024-10-14T14:39:02.388+0000][119][info ][gc,marking  ] GC(14) Concurrent Cleanup for Next Mark 9.814ms
[2024-10-14T14:39:02.389+0000][119][info ][gc          ] GC(14) Concurrent Mark Cycle 96.239ms
[2024-10-14T14:39:04.147+0000][119][info ][safepoint   ] Safepoint "Cleanup", Time since last: 1767348141 ns, Reaching safepoint: 1082924 ns, Cleanup: 112476 ns, At safepoint: 98270 ns, Total: 1293670 ns
[2024-10-14T14:39:05.213+0000][119][info ][safepoint   ] Safepoint "Cleanup", Time since last: 1064732615 ns, Reaching safepoint: 3833 ns, Cleanup: 82661 ns, At safepoint: 38365 ns, Total: 124859 ns
[2024-10-14T14:39:06.215+0000][119][info ][safepoint   ] Safepoint "Cleanup", Time since last: 1000971013 ns, Reaching safepoint: 1005361 ns, Cleanup: 79402 ns, At safepoint: 98316 ns, Total: 1183079 ns
[2024-10-14T14:39:07.420+0000][119][info ][safepoint   ] Safepoint "ICBufferFull", Time since last: 1204089527 ns, Reaching safepoint: 10030 ns, Cleanup: 154924 ns, At safepoint: 62754 ns, Total: 227708 ns
[2024-10-14T14:39:07.755+0000][119][info ][safepoint   ] Safepoint "ICBufferFull", Time since last: 334839566 ns, Reaching safepoint: 8654 ns, Cleanup: 102656 ns, At safepoint: 43237 ns, Total: 154547 ns
[2024-10-14T14:39:07.932+0000][119][info ][safepoint   ] Safepoint "ICBufferFull", Time since last: 176648946 ns, Reaching safepoint: 11471 ns, Cleanup: 114603 ns, At safepoint: 54873 ns, Total: 180947 ns
[2024-10-14T14:39:08.749+0000][119][info ][safepoint   ] Safepoint "ICBufferFull", Time since last: 817422834 ns, Reaching safepoint: 10928 ns, Cleanup: 113473 ns, At safepoint: 13658 ns, Total: 138059 ns
[2024-10-14T14:39:09.424+0000][119][info ][safepoint   ] Safepoint "ICBufferFull", Time since last: 673704259 ns, Reaching safepoint: 1306225 ns, Cleanup: 116248 ns, At safepoint: 58881 ns, Total: 1481354 ns
[2024-10-14T14:39:10.476+0000][119][info ][safepoint   ] Safepoint "Cleanup", Time since last: 1048352405 ns, Reaching safepoint: 273469 ns, Cleanup: 107845 ns, At safepoint: 2503064 ns, Total: 2884378 ns
[2024-10-14T14:39:11.484+0000][119][info ][safepoint   ] Safepoint "Cleanup", Time since last: 1004595217 ns, Reaching safepoint: 4069963 ns, Cleanup: 75444 ns, At safepoint: 66888 ns, Total: 4212295 ns
[2024-10-14T14:39:12.504+0000][119][info ][safepoint   ] Safepoint "Cleanup", Time since last: 1005249042 ns, Reaching safepoint: 11445750 ns, Cleanup: 125755 ns, At safepoint: 3272483 ns, Total: 14843988 ns
[2024-10-14T14:39:13.790+0000][119][info ][safepoint   ] Safepoint "Cleanup", Time since last: 1285049601 ns, Reaching safepoint: 641544 ns, Cleanup: 107834 ns, At safepoint: 21506 ns, Total: 770884 ns
[2024-10-14T14:39:15.074+0000][119][info ][safepoint   ] Safepoint "Cleanup", Time since last: 1282217823 ns, Reaching safepoint: 1269969 ns, Cleanup: 80224 ns, At safepoint: 143122 ns, Total: 1493315 ns
[2024-10-14T14:39:16.179+0000][119][info ][safepoint   ] Safepoint "Cleanup", Time since last: 1087749000 ns, Reaching safepoint: 16623117 ns, Cleanup: 161079 ns, At safepoint: 112037 ns, Total: 16896233 ns
[2024-10-14T14:39:17.567+0000][119][info ][safepoint   ] Safepoint "Cleanup", Time since last: 1379307670 ns, Reaching safepoint: 9217470 ns, Cleanup: 165468 ns, At safepoint: 110232 ns, Total: 9493170 ns
[2024-10-14T14:39:18.611+0000][119][info ][gc,start    ] GC(15) Pause Young (Normal) (G1 Evacuation Pause)
[2024-10-14T14:39:18.611+0000][119][info ][gc,task     ] GC(15) Using 4 workers of 4 for evacuation
[2024-10-14T14:39:18.611+0000][119][debug][gc,age      ] GC(15) Desired survivor size 52428800 bytes, new threshold 10 (max threshold 15)
[2024-10-14T14:39:19.087+0000][119][info ][gc,mmu      ] GC(15) MMU target violated: 201.0ms (200.0ms/201.0ms)
[2024-10-14T14:39:19.087+0000][119][info ][gc,phases   ] GC(15)   Pre Evacuate Collection Set: 0.82ms
[2024-10-14T14:39:19.087+0000][119][info ][gc,phases   ] GC(15)   Merge Heap Roots: 0.22ms
[2024-10-14T14:39:19.087+0000][119][info ][gc,phases   ] GC(15)   Evacuate Collection Set: 463.46ms
[2024-10-14T14:39:19.087+0000][119][info ][gc,phases   ] GC(15)   Post Evacuate Collection Set: 11.42ms
[2024-10-14T14:39:19.087+0000][119][info ][gc,phases   ] GC(15)   Other: 0.25ms
[2024-10-14T14:39:19.087+0000][119][trace][gc,age      ] GC(15) Age table with threshold 10 (max threshold 15)
[2024-10-14T14:39:19.087+0000][119][trace][gc,age      ] GC(15) - age   1:   56325128 bytes,   56325128 total
[2024-10-14T14:39:19.087+0000][119][trace][gc,age      ] GC(15) - age   2:    9231376 bytes,   65556504 total
[2024-10-14T14:39:19.087+0000][119][trace][gc,age      ] GC(15) - age   3:   10502208 bytes,   76058712 total
[2024-10-14T14:39:19.087+0000][119][trace][gc,age      ] GC(15) - age   4:    3582904 bytes,   79641616 total
[2024-10-14T14:39:19.087+0000][119][trace][gc,age      ] GC(15) - age   5:    6047824 bytes,   85689440 total
[2024-10-14T14:39:19.087+0000][119][trace][gc,age      ] GC(15) - age   6:    5371160 bytes,   91060600 total
[2024-10-14T14:39:19.087+0000][119][trace][gc,age      ] GC(15) - age   7:    3188536 bytes,   94249136 total
[2024-10-14T14:39:19.087+0000][119][trace][gc,age      ] GC(15) - age   8:    3538016 bytes,   97787152 total
[2024-10-14T14:39:19.087+0000][119][trace][gc,age      ] GC(15) - age   9:    1933704 bytes,   99720856 total
[2024-10-14T14:39:19.087+0000][119][trace][gc,age      ] GC(15) - age  10:    3556648 bytes,  103277504 total
[2024-10-14T14:39:19.087+0000][119][info ][gc,heap     ] GC(15) Eden regions: 180->0(43)
[2024-10-14T14:39:19.087+0000][119][info ][gc,heap     ] GC(15) Survivor regions: 14->25(25)
[2024-10-14T14:39:19.087+0000][119][info ][gc,heap     ] GC(15) Old regions: 3->6
[2024-10-14T14:39:19.087+0000][119][info ][gc,heap     ] GC(15) Humongous regions: 2->2
[2024-10-14T14:39:19.087+0000][119][info ][gc,metaspace] GC(15) Metaspace: 139631K(143552K)->139631K(143552K) NonClass: 119809K(121920K)->119809K(121920K) Class: 19822K(21632K)->19822K(21632K)
[2024-10-14T14:39:19.087+0000][119][info ][gc          ] GC(15) Pause Young (Normal) (G1 Evacuation Pause) 792M->131M(5476M) 476.513ms
[2024-10-14T14:39:19.087+0000][119][info ][gc,cpu      ] GC(15) User=1.62s Sys=0.14s Real=0.48s
[2024-10-14T14:39:19.090+0000][119][info ][safepoint   ] Safepoint "G1CollectForAllocation", Time since last: 1041744492 ns, Reaching safepoint: 953688 ns, Cleanup: 108416 ns, At safepoint: 479852913 ns, Total: 480915017 ns
[2024-10-14T14:39:20.296+0000][119][info ][safepoint   ] Safepoint "Cleanup", Time since last: 1194803919 ns, Reaching safepoint: 189349 ns, Cleanup: 148911 ns, At safepoint: 10297730 ns, Total: 10635990 ns
[2024-10-14T14:39:21.069+0000][119][info ][gc,start    ] GC(16) Pause Young (Normal) (G1 Evacuation Pause)
[2024-10-14T14:39:21.069+0000][119][info ][gc,task     ] GC(16) Using 4 workers of 4 for evacuation
[2024-10-14T14:39:21.069+0000][119][debug][gc,age      ] GC(16) Desired survivor size 18874368 bytes, new threshold 1 (max threshold 15)
[2024-10-14T14:39:21.198+0000][119][info ][gc,phases   ] GC(16)   Pre Evacuate Collection Set: 0.60ms
[2024-10-14T14:39:21.198+0000][119][info ][gc,phases   ] GC(16)   Merge Heap Roots: 0.39ms
[2024-10-14T14:39:21.198+0000][119][info ][gc,phases   ] GC(16)   Evacuate Collection Set: 120.58ms
[2024-10-14T14:39:21.198+0000][119][info ][gc,phases   ] GC(16)   Post Evacuate Collection Set: 7.30ms
[2024-10-14T14:39:21.198+0000][119][info ][gc,phases   ] GC(16)   Other: 0.16ms
[2024-10-14T14:39:21.198+0000][119][trace][gc,age      ] GC(16) Age table with threshold 1 (max threshold 15)
[2024-10-14T14:39:21.198+0000][119][trace][gc,age      ] GC(16) - age   1:   19593128 bytes,   19593128 total
[2024-10-14T14:39:21.198+0000][119][info ][gc,heap     ] GC(16) Eden regions: 43->0(62)
[2024-10-14T14:39:21.198+0000][119][info ][gc,heap     ] GC(16) Survivor regions: 25->6(9)
[2024-10-14T14:39:21.198+0000][119][info ][gc,heap     ] GC(16) Old regions: 6->31
[2024-10-14T14:39:21.198+0000][119][info ][gc,heap     ] GC(16) Humongous regions: 2->2
[2024-10-14T14:39:21.198+0000][119][info ][gc,metaspace] GC(16) Metaspace: 143868K(147968K)->143868K(147968K) NonClass: 123346K(125568K)->123346K(125568K) Class: 20522K(22400K)->20522K(22400K)
[2024-10-14T14:39:21.198+0000][119][info ][gc          ] GC(16) Pause Young (Normal) (G1 Evacuation Pause) 303M->156M(5476M) 129.241ms
[2024-10-14T14:39:21.198+0000][119][info ][gc,cpu      ] GC(16) User=0.49s Sys=0.01s Real=0.13s
[2024-10-14T14:39:21.207+0000][119][info ][safepoint   ] Safepoint "G1CollectForAllocation", Time since last: 772225428 ns, Reaching safepoint: 1166658 ns, Cleanup: 89111 ns, At safepoint: 138107844 ns, Total: 139363613 ns
[2024-10-14T14:39:22.119+0000][119][info ][safepoint   ] Safepoint "ICBufferFull", Time since last: 910117374 ns, Reaching safepoint: 1512907 ns, Cleanup: 146033 ns, At safepoint: 74583 ns, Total: 1733523 ns
[2024-10-14T14:39:23.162+0000][119][info ][safepoint   ] Safepoint "Cleanup", Time since last: 1011760919 ns, Reaching safepoint: 16282790 ns, Cleanup: 103054 ns, At safepoint: 14725498 ns, Total: 31111342 ns
[2024-10-14T14:39:24.143+0000][119][info ][safepoint   ] Safepoint "ICBufferFull", Time since last: 979515631 ns, Reaching safepoint: 1596225 ns, Cleanup: 110315 ns, At safepoint: 71097 ns, Total: 1777637 ns
[2024-10-14T14:39:24.694+0000][119][info ][safepoint   ] Safepoint "ICBufferFull", Time since last: 550247072 ns, Reaching safepoint: 682993 ns, Cleanup: 168099 ns, At safepoint: 90303 ns, Total: 941395 ns
[2024-10-14T14:39:25.695+0000][119][info ][safepoint   ] Safepoint "Cleanup", Time since last: 1000920307 ns, Reaching safepoint: 20473 ns, Cleanup: 23446 ns, At safepoint: 10759 ns, Total: 54678 ns
[2024-10-14T14:39:26.698+0000][119][info ][safepoint   ] Safepoint "Cleanup", Time since last: 1001705694 ns, Reaching safepoint: 28961 ns, Cleanup: 607294 ns, At safepoint: 50927 ns, Total: 687182 ns
[2024-10-14T14:39:27.994+0000][119][info ][safepoint   ] Safepoint "Cleanup", Time since last: 1234287078 ns, Reaching safepoint: 51095463 ns, Cleanup: 136585 ns, At safepoint: 10757362 ns, Total: 61989410 ns
[2024-10-14T14:39:28.995+0000][119][info ][safepoint   ] Safepoint "Cleanup", Time since last: 1001337318 ns, Reaching safepoint: 40349 ns, Cleanup: 55743 ns, At safepoint: 19447 ns, Total: 115539 ns
[2024-10-14T14:39:29.996+0000][119][info ][safepoint   ] Safepoint "Cleanup", Time since last: 1000942765 ns, Reaching safepoint: 19960 ns, Cleanup: 24617 ns, At safepoint: 10027 ns, Total: 54604 ns
[2024-10-14T14:39:30.997+0000][119][info ][safepoint   ] Safepoint "Cleanup", Time since last: 1000752130 ns, Reaching safepoint: 22079 ns, Cleanup: 44182 ns, At safepoint: 10709 ns, Total: 76970 ns
[2024-10-14T14:39:32.002+0000][119][info ][safepoint   ] Safepoint "Cleanup", Time since last: 1005058994 ns, Reaching safepoint: 25215 ns, Cleanup: 26662 ns, At safepoint: 6710 ns, Total: 58587 ns
[2024-10-14T14:39:33.051+0000][119][info ][safepoint   ] Safepoint "Cleanup", Time since last: 1048648990 ns, Reaching safepoint: 19285 ns, Cleanup: 49676 ns, At safepoint: 9970 ns, Total: 78931 ns
[2024-10-14T14:39:34.052+0000][119][info ][safepoint   ] Safepoint "Cleanup", Time since last: 1001138647 ns, Reaching safepoint: 21308 ns, Cleanup: 29308 ns, At safepoint: 11019 ns, Total: 61635 ns
[2024-10-14T14:39:35.079+0000][119][info ][safepoint   ] Safepoint "Cleanup", Time since last: 1025609416 ns, Reaching safepoint: 30849 ns, Cleanup: 35439 ns, At safepoint: 13916 ns, Total: 80204 ns
[2024-10-14T14:39:36.823+0000][119][info ][safepoint   ] Safepoint "Cleanup", Time since last: 1743320634 ns, Reaching safepoint: 26600 ns, Cleanup: 312114 ns, At safepoint: 205361 ns, Total: 544075 ns
[2024-10-14T14:39:37.834+0000][119][info ][safepoint   ] Safepoint "Cleanup", Time since last: 1004824755 ns, Reaching safepoint: 6686177 ns, Cleanup: 54023 ns, At safepoint: 117909 ns, Total: 6858109 ns
[2024-10-14T14:39:39.119+0000][119][info ][safepoint   ] Safepoint "Cleanup", Time since last: 1284788303 ns, Reaching safepoint: 20453 ns, Cleanup: 37840 ns, At safepoint: 11198 ns, Total: 69491 ns
[2024-10-14T14:39:40.120+0000][119][info ][safepoint   ] Safepoint "Cleanup", Time since last: 1000824581 ns, Reaching safepoint: 20475 ns, Cleanup: 57313 ns, At safepoint: 11621 ns, Total: 89409 ns
[2024-10-14T14:39:41.121+0000][119][info ][safepoint   ] Safepoint "Cleanup", Time since last: 1000957653 ns, Reaching safepoint: 22021 ns, Cleanup: 118677 ns, At safepoint: 11394 ns, Total: 152092 ns
[2024-10-14T14:39:42.122+0000][119][info ][safepoint   ] Safepoint "Cleanup", Time since last: 1000622072 ns, Reaching safepoint: 24204 ns, Cleanup: 61121 ns, At safepoint: 11582 ns, Total: 96907 ns
[2024-10-14T14:39:43.249+0000][119][info ][safepoint   ] Safepoint "Cleanup", Time since last: 1125759504 ns, Reaching safepoint: 37987 ns, Cleanup: 137414 ns, At safepoint: 867943 ns, Total: 1043344 ns
[2024-10-14T14:39:45.251+0000][119][info ][safepoint   ] Safepoint "Cleanup", Time since last: 2002397176 ns, Reaching safepoint: 21138 ns, Cleanup: 37407 ns, At safepoint: 10406 ns, Total: 68951 ns
[2024-10-14T14:39:46.252+0000][119][info ][safepoint   ] Safepoint "Cleanup", Time since last: 1000976968 ns, Reaching safepoint: 19137 ns, Cleanup: 12128 ns, At safepoint: 11125 ns, Total: 42390 ns
[2024-10-14T14:39:47.253+0000][119][info ][safepoint   ] Safepoint "Cleanup", Time since last: 1000714893 ns, Reaching safepoint: 19717 ns, Cleanup: 20179 ns, At safepoint: 9892 ns, Total: 49788 ns
[2024-10-14T14:39:48.254+0000][119][info ][safepoint   ] Safepoint "Cleanup", Time since last: 1001126507 ns, Reaching safepoint: 31478 ns, Cleanup: 61677 ns, At safepoint: 14690 ns, Total: 107845 ns
[2024-10-14T14:39:50.255+0000][119][info ][safepoint   ] Safepoint "Cleanup", Time since last: 2000894963 ns, Reaching safepoint: 22827 ns, Cleanup: 20391 ns, At safepoint: 9918 ns, Total: 53136 ns
[2024-10-14T14:39:51.257+0000][119][info ][safepoint   ] Safepoint "Cleanup", Time since last: 1001766010 ns, Reaching safepoint: 19832 ns, Cleanup: 47807 ns, At safepoint: 9912 ns, Total: 77551 ns
[2024-10-14T14:39:52.258+0000][119][info ][safepoint   ] Safepoint "Cleanup", Time since last: 1000940335 ns, Reaching safepoint: 28111 ns, Cleanup: 30015 ns, At safepoint: 16878 ns, Total: 75004 ns
[2024-10-14T14:39:53.259+0000][119][info ][safepoint   ] Safepoint "Cleanup", Time since last: 1001036282 ns, Reaching safepoint: 19721 ns, Cleanup: 34055 ns, At safepoint: 10976 ns, Total: 64752 ns
[2024-10-14T14:39:54.260+0000][119][info ][safepoint   ] Safepoint "Cleanup", Time since last: 1000859144 ns, Reaching safepoint: 28529 ns, Cleanup: 38109 ns, At safepoint: 11798 ns, Total: 78436 ns
[2024-10-14T14:39:55.261+0000][119][info ][safepoint   ] Safepoint "Cleanup", Time since last: 1000846050 ns, Reaching safepoint: 27705 ns, Cleanup: 19840 ns, At safepoint: 15006 ns, Total: 62551 ns
[2024-10-14T14:39:57.263+0000][119][info ][safepoint   ] Safepoint "Cleanup", Time since last: 2001794438 ns, Reaching safepoint: 29551 ns, Cleanup: 41020 ns, At safepoint: 13586 ns, Total: 84157 ns
[2024-10-14T14:39:58.264+0000][119][info ][safepoint   ] Safepoint "Cleanup", Time since last: 1001313031 ns, Reaching safepoint: 27375 ns, Cleanup: 37622 ns, At safepoint: 15864 ns, Total: 80861 ns
[2024-10-14T14:40:00.266+0000][119][info ][safepoint   ] Safepoint "Cleanup", Time since last: 2001889018 ns, Reaching safepoint: 20999 ns, Cleanup: 23453 ns, At safepoint: 10440 ns, Total: 54892 ns
[2024-10-14T14:40:01.267+0000][119][info ][safepoint   ] Safepoint "Cleanup", Time since last: 1000951008 ns, Reaching safepoint: 27900 ns, Cleanup: 21332 ns, At safepoint: 15686 ns, Total: 64918 ns
[2024-10-14T14:40:02.268+0000][119][info ][safepoint   ] Safepoint "Cleanup", Time since last: 1000880665 ns, Reaching safepoint: 28505 ns, Cleanup: 24622 ns, At safepoint: 15162 ns, Total: 68289 ns
[2024-10-14T14:40:03.269+0000][119][info ][safepoint   ] Safepoint "Cleanup", Time since last: 1001012522 ns, Reaching safepoint: 20699 ns, Cleanup: 30071 ns, At safepoint: 10109 ns, Total: 60879 ns
[2024-10-14T14:40:04.270+0000][119][info ][safepoint   ] Safepoint "Cleanup", Time since last: 1000815649 ns, Reaching safepoint: 19897 ns, Cleanup: 13979 ns, At safepoint: 10042 ns, Total: 43918 ns
[2024-10-14T14:40:05.273+0000][119][info ][safepoint   ] Safepoint "Cleanup", Time since last: 1001080131 ns, Reaching safepoint: 28160 ns, Cleanup: 22847 ns, At safepoint: 15590 ns, Total: 66597 ns
[2024-10-14T14:40:06.274+0000][119][info ][safepoint   ] Safepoint "Cleanup", Time since last: 1000913911 ns, Reaching safepoint: 20244 ns, Cleanup: 27604 ns, At safepoint: 10290 ns, Total: 58138 ns
[2024-10-14T14:40:07.275+0000][119][info ][safepoint   ] Safepoint "Cleanup", Time since last: 1000868459 ns, Reaching safepoint: 33085 ns, Cleanup: 30349 ns, At safepoint: 15092 ns, Total: 78526 ns
[2024-10-14T14:40:08.276+0000][119][info ][safepoint   ] Safepoint "Cleanup", Time since last: 1000964245 ns, Reaching safepoint: 27831 ns, Cleanup: 33506 ns, At safepoint: 15186 ns, Total: 76523 ns
[2024-10-14T14:40:09.276+0000][119][info ][safepoint   ] Safepoint "Cleanup", Time since last: 1000828198 ns, Reaching safepoint: 25305 ns, Cleanup: 28410 ns, At safepoint: 11511 ns, Total: 65226 ns
[2024-10-14T14:40:11.196+0000][119][info ][safepoint   ] Safepoint "Cleanup", Time since last: 1919281704 ns, Reaching safepoint: 11222 ns, Cleanup: 132464 ns, At safepoint: 14567 ns, Total: 158253 ns
[2024-10-14T14:40:12.106+0000][119][info ][gc,heap,exit] Heap
[2024-10-14T14:40:12.106+0000][119][info ][gc,heap,exit]  garbage-first heap   total reserved 5607424K, committed 5607424K, used 369110K [0x00000006a9c00000, 0x0000000800000000)
[2024-10-14T14:40:12.106+0000][119][info ][gc,heap,exit]   region size 4096K, 58 young (237568K), 6 survivors (24576K)
[2024-10-14T14:40:12.106+0000][119][info ][gc,heap,exit]  Metaspace       used 148990K, committed 153280K, reserved 1179648K
[2024-10-14T14:40:12.106+0000][119][info ][gc,heap,exit]   class space    used 21117K, committed 23040K, reserved 1048576K
