[2024-10-15T03:54:45.476+0000][125][info][gc,init] CardTable entry size: 512
[2024-10-15T03:54:45.476+0000][125][info][gc     ] Using G1
[2024-10-15T03:54:55.016+0000][125][info][gc,init] Version: 22.0.1+8-16 (release)
[2024-10-15T03:54:55.016+0000][125][info][gc,init] CPUs: 4 total, 4 available
[2024-10-15T03:54:55.016+0000][125][info][gc,init] Memory: 10952M
[2024-10-15T03:54:55.016+0000][125][info][gc,init] Large Page Support: Disabled
[2024-10-15T03:54:55.016+0000][125][info][gc,init] NUMA Support: Disabled
[2024-10-15T03:54:55.016+0000][125][info][gc,init] Compressed Oops: Enabled (Zero based)
[2024-10-15T03:54:55.016+0000][125][info][gc,init] Heap Region Size: 4M
[2024-10-15T03:54:55.016+0000][125][info][gc,init] Heap Min Capacity: 5476M
[2024-10-15T03:54:55.016+0000][125][info][gc,init] Heap Initial Capacity: 5476M
[2024-10-15T03:54:55.016+0000][125][info][gc,init] Heap Max Capacity: 5476M
[2024-10-15T03:54:55.016+0000][125][info][gc,init] Pre-touch: Enabled
[2024-10-15T03:54:55.016+0000][125][info][gc,init] Parallel Workers: 4
[2024-10-15T03:54:55.016+0000][125][info][gc,init] Concurrent Workers: 1
[2024-10-15T03:54:55.016+0000][125][info][gc,init] Concurrent Refinement Workers: 4
[2024-10-15T03:54:55.016+0000][125][info][gc,init] Periodic GC: Disabled
[2024-10-15T03:54:55.115+0000][125][info][gc,metaspace] CDS archive(s) mapped at: [0x00007f126a000000-0x00007f126ac74000-0x00007f126ac74000), size 13058048, SharedBaseAddress: 0x00007f126a000000, ArchiveRelocationMode: 1.
[2024-10-15T03:54:55.115+0000][125][info][gc,metaspace] Compressed class space mapped at: 0x00007f126b000000-0x00007f12ab000000, reserved size: 1073741824
[2024-10-15T03:54:55.115+0000][125][info][gc,metaspace] Narrow klass base: 0x00007f126a000000, Narrow klass shift: 0, Narrow klass range: 0x100000000
[2024-10-15T03:54:56.171+0000][125][info][safepoint   ] Safepoint "Cleanup", Time since last: 1034635356 ns, Reaching safepoint: 1212414 ns, Cleanup: 123961 ns, At safepoint: 66239 ns, Total: 1402614 ns
[2024-10-15T03:54:58.022+0000][125][info][safepoint   ] Safepoint "Cleanup", Time since last: 1849786646 ns, Reaching safepoint: 909739 ns, Cleanup: 106073 ns, At safepoint: 93510 ns, Total: 1109322 ns
[2024-10-15T03:54:59.289+0000][125][info][safepoint   ] Safepoint "Cleanup", Time since last: 1267128416 ns, Reaching safepoint: 3017 ns, Cleanup: 84667 ns, At safepoint: 6577 ns, Total: 94261 ns
[2024-10-15T03:55:00.795+0000][125][info][safepoint   ] Safepoint "Cleanup", Time since last: 1505653188 ns, Reaching safepoint: 4845 ns, Cleanup: 127025 ns, At safepoint: 46719 ns, Total: 178589 ns
[2024-10-15T03:55:01.799+0000][125][info][safepoint   ] Safepoint "Cleanup", Time since last: 1003720240 ns, Reaching safepoint: 3927 ns, Cleanup: 124916 ns, At safepoint: 6320 ns, Total: 135163 ns
[2024-10-15T03:55:02.922+0000][125][info][safepoint   ] Safepoint "Cleanup", Time since last: 1122768933 ns, Reaching safepoint: 4295 ns, Cleanup: 95211 ns, At safepoint: 104163 ns, Total: 203669 ns
[2024-10-15T03:55:03.924+0000][125][info][safepoint   ] Safepoint "Cleanup", Time since last: 1000915074 ns, Reaching safepoint: 922942 ns, Cleanup: 65300 ns, At safepoint: 31580 ns, Total: 1019822 ns
[2024-10-15T03:55:04.801+0000][125][info][gc,start    ] GC(0) Pause Young (Concurrent Start) (Metadata GC Threshold)
[2024-10-15T03:55:04.802+0000][125][info][gc,task     ] GC(0) Using 4 workers of 4 for evacuation
[2024-10-15T03:55:04.802+0000][125][debug][gc,age      ] GC(0) Desired survivor size 18874368 bytes, new threshold 15 (max threshold 15)
[2024-10-15T03:55:04.818+0000][125][info ][gc,phases   ] GC(0)   Pre Evacuate Collection Set: 0.57ms
[2024-10-15T03:55:04.818+0000][125][info ][gc,phases   ] GC(0)   Merge Heap Roots: 0.68ms
[2024-10-15T03:55:04.818+0000][125][info ][gc,phases   ] GC(0)   Evacuate Collection Set: 11.71ms
[2024-10-15T03:55:04.818+0000][125][info ][gc,phases   ] GC(0)   Post Evacuate Collection Set: 2.45ms
[2024-10-15T03:55:04.818+0000][125][info ][gc,phases   ] GC(0)   Other: 0.52ms
[2024-10-15T03:55:04.818+0000][125][trace][gc,age      ] GC(0) Age table with threshold 15 (max threshold 15)
[2024-10-15T03:55:04.818+0000][125][trace][gc,age      ] GC(0) - age   1:    9944448 bytes,    9944448 total
[2024-10-15T03:55:04.818+0000][125][info ][gc,heap     ] GC(0) Eden regions: 41->0(65)
[2024-10-15T03:55:04.818+0000][125][info ][gc,heap     ] GC(0) Survivor regions: 0->3(9)
[2024-10-15T03:55:04.818+0000][125][info ][gc,heap     ] GC(0) Old regions: 1->1
[2024-10-15T03:55:04.818+0000][125][info ][gc,heap     ] GC(0) Humongous regions: 0->0
[2024-10-15T03:55:04.818+0000][125][info ][gc,metaspace] GC(0) Metaspace: 20760K(21504K)->20760K(21504K) NonClass: 18349K(18752K)->18349K(18752K) Class: 2411K(2752K)->2411K(2752K)
[2024-10-15T03:55:04.818+0000][125][info ][gc          ] GC(0) Pause Young (Concurrent Start) (Metadata GC Threshold) 163M->10M(5476M) 17.003ms
[2024-10-15T03:55:04.818+0000][125][info ][gc,cpu      ] GC(0) User=0.04s Sys=0.00s Real=0.02s
[2024-10-15T03:55:04.818+0000][125][info ][safepoint   ] Safepoint "CollectForMetadataAllocation", Time since last: 877104058 ns, Reaching safepoint: 4847 ns, Cleanup: 45143 ns, At safepoint: 17365291 ns, Total: 17415281 ns
[2024-10-15T03:55:04.818+0000][125][info ][gc          ] GC(1) Concurrent Mark Cycle
[2024-10-15T03:55:04.818+0000][125][info ][gc,marking  ] GC(1) Concurrent Scan Root Regions
[2024-10-15T03:55:04.828+0000][125][info ][gc,marking  ] GC(1) Concurrent Scan Root Regions 9.401ms
[2024-10-15T03:55:04.828+0000][125][info ][gc,marking  ] GC(1) Concurrent Mark
[2024-10-15T03:55:04.828+0000][125][info ][gc,marking  ] GC(1) Concurrent Mark From Roots
[2024-10-15T03:55:04.828+0000][125][info ][gc,task     ] GC(1) Using 1 workers of 1 for marking
[2024-10-15T03:55:04.835+0000][125][info ][gc,marking  ] GC(1) Concurrent Mark From Roots 7.238ms
[2024-10-15T03:55:04.835+0000][125][info ][gc,marking  ] GC(1) Concurrent Preclean
[2024-10-15T03:55:04.835+0000][125][info ][gc,marking  ] GC(1) Concurrent Preclean 0.022ms
[2024-10-15T03:55:04.837+0000][125][info ][gc,start    ] GC(1) Pause Remark
[2024-10-15T03:55:04.845+0000][125][info ][gc          ] GC(1) Pause Remark 13M->13M(5476M) 8.145ms
[2024-10-15T03:55:04.845+0000][125][info ][gc,cpu      ] GC(1) User=0.02s Sys=0.00s Real=0.01s
[2024-10-15T03:55:04.845+0000][125][info ][safepoint   ] Safepoint "G1PauseRemark", Time since last: 17023903 ns, Reaching safepoint: 1448665 ns, Cleanup: 21386 ns, At safepoint: 8444564 ns, Total: 9914615 ns
[2024-10-15T03:55:04.845+0000][125][info ][gc,marking  ] GC(1) Concurrent Mark 17.523ms
[2024-10-15T03:55:04.845+0000][125][info ][gc,marking  ] GC(1) Concurrent Rebuild Remembered Sets and Scrub Regions
[2024-10-15T03:55:04.847+0000][125][info ][gc,marking  ] GC(1) Concurrent Rebuild Remembered Sets and Scrub Regions 1.932ms
[2024-10-15T03:55:04.848+0000][125][info ][gc,start    ] GC(1) Pause Cleanup
[2024-10-15T03:55:04.848+0000][125][info ][gc          ] GC(1) Pause Cleanup 14M->14M(5476M) 0.707ms
[2024-10-15T03:55:04.848+0000][125][info ][gc,cpu      ] GC(1) User=0.00s Sys=0.00s Real=0.00s
[2024-10-15T03:55:04.849+0000][125][info ][safepoint   ] Safepoint "G1PauseCleanup", Time since last: 2211539 ns, Reaching safepoint: 238870 ns, Cleanup: 5207 ns, At safepoint: 819035 ns, Total: 1063112 ns
[2024-10-15T03:55:04.850+0000][125][info ][gc,marking  ] GC(1) Concurrent Clear Claimed Marks
[2024-10-15T03:55:04.850+0000][125][info ][gc,marking  ] GC(1) Concurrent Clear Claimed Marks 0.154ms
[2024-10-15T03:55:04.850+0000][125][info ][gc,marking  ] GC(1) Concurrent Cleanup for Next Mark
[2024-10-15T03:55:04.865+0000][125][info ][gc,marking  ] GC(1) Concurrent Cleanup for Next Mark 14.542ms
[2024-10-15T03:55:04.865+0000][125][info ][gc          ] GC(1) Concurrent Mark Cycle 46.390ms
[2024-10-15T03:55:05.825+0000][125][info ][safepoint   ] Safepoint "ICBufferFull", Time since last: 976362160 ns, Reaching safepoint: 8932 ns, Cleanup: 189640 ns, At safepoint: 27289 ns, Total: 225861 ns
[2024-10-15T03:55:07.257+0000][125][info ][safepoint   ] Safepoint "Cleanup", Time since last: 1431387800 ns, Reaching safepoint: 7382 ns, Cleanup: 128566 ns, At safepoint: 46107 ns, Total: 182055 ns
[2024-10-15T03:55:08.260+0000][125][info ][safepoint   ] Safepoint "Cleanup", Time since last: 1003569112 ns, Reaching safepoint: 11190 ns, Cleanup: 62352 ns, At safepoint: 14681 ns, Total: 88223 ns
[2024-10-15T03:55:09.264+0000][125][info ][safepoint   ] Safepoint "Cleanup", Time since last: 1002512477 ns, Reaching safepoint: 971844 ns, Cleanup: 73742 ns, At safepoint: 103940 ns, Total: 1149526 ns
[2024-10-15T03:55:09.430+0000][125][info ][gc,start    ] GC(2) Pause Young (Prepare Mixed) (G1 Evacuation Pause)
[2024-10-15T03:55:09.431+0000][125][info ][gc,task     ] GC(2) Using 4 workers of 4 for evacuation
[2024-10-15T03:55:09.431+0000][125][debug][gc,age      ] GC(2) Desired survivor size 18874368 bytes, new threshold 15 (max threshold 15)
[2024-10-15T03:55:09.464+0000][125][info ][gc,phases   ] GC(2)   Pre Evacuate Collection Set: 0.51ms
[2024-10-15T03:55:09.464+0000][125][info ][gc,phases   ] GC(2)   Merge Heap Roots: 0.10ms
[2024-10-15T03:55:09.464+0000][125][info ][gc,phases   ] GC(2)   Evacuate Collection Set: 28.71ms
[2024-10-15T03:55:09.464+0000][125][info ][gc,phases   ] GC(2)   Post Evacuate Collection Set: 3.78ms
[2024-10-15T03:55:09.464+0000][125][info ][gc,phases   ] GC(2)   Other: 0.15ms
[2024-10-15T03:55:09.464+0000][125][trace][gc,age      ] GC(2) Age table with threshold 15 (max threshold 15)
[2024-10-15T03:55:09.464+0000][125][trace][gc,age      ] GC(2) - age   1:    5412848 bytes,    5412848 total
[2024-10-15T03:55:09.464+0000][125][trace][gc,age      ] GC(2) - age   2:    9019240 bytes,   14432088 total
[2024-10-15T03:55:09.464+0000][125][info ][gc,heap     ] GC(2) Eden regions: 65->0(64)
[2024-10-15T03:55:09.464+0000][125][info ][gc,heap     ] GC(2) Survivor regions: 3->4(9)
[2024-10-15T03:55:09.464+0000][125][info ][gc,heap     ] GC(2) Old regions: 1->1
[2024-10-15T03:55:09.464+0000][125][info ][gc,heap     ] GC(2) Humongous regions: 0->0
[2024-10-15T03:55:09.464+0000][125][info ][gc,metaspace] GC(2) Metaspace: 28646K(29376K)->28646K(29376K) NonClass: 25358K(25792K)->25358K(25792K) Class: 3288K(3584K)->3288K(3584K)
[2024-10-15T03:55:09.464+0000][125][info ][gc          ] GC(2) Pause Young (Prepare Mixed) (G1 Evacuation Pause) 270M->16M(5476M) 33.572ms
[2024-10-15T03:55:09.464+0000][125][info ][gc,cpu      ] GC(2) User=0.07s Sys=0.01s Real=0.04s
[2024-10-15T03:55:09.464+0000][125][info ][safepoint   ] Safepoint "G1CollectForAllocation", Time since last: 166360989 ns, Reaching safepoint: 7017 ns, Cleanup: 31301 ns, At safepoint: 33722596 ns, Total: 33760914 ns
[2024-10-15T03:55:10.466+0000][125][info ][safepoint   ] Safepoint "Cleanup", Time since last: 1000613595 ns, Reaching safepoint: 1357932 ns, Cleanup: 86292 ns, At safepoint: 74544 ns, Total: 1518768 ns
[2024-10-15T03:55:11.478+0000][125][info ][safepoint   ] Safepoint "Cleanup", Time since last: 1010584740 ns, Reaching safepoint: 852560 ns, Cleanup: 72835 ns, At safepoint: 60945 ns, Total: 986340 ns
[2024-10-15T03:55:12.207+0000][125][info ][gc,start    ] GC(3) Pause Young (Mixed) (G1 Evacuation Pause)
[2024-10-15T03:55:12.207+0000][125][info ][gc,task     ] GC(3) Using 4 workers of 4 for evacuation
[2024-10-15T03:55:12.207+0000][125][debug][gc,age      ] GC(3) Desired survivor size 18874368 bytes, new threshold 15 (max threshold 15)
[2024-10-15T03:55:12.227+0000][125][info ][gc,phases   ] GC(3)   Pre Evacuate Collection Set: 0.70ms
[2024-10-15T03:55:12.227+0000][125][info ][gc,phases   ] GC(3)   Merge Heap Roots: 0.16ms
[2024-10-15T03:55:12.227+0000][125][info ][gc,phases   ] GC(3)   Evacuate Collection Set: 17.27ms
[2024-10-15T03:55:12.227+0000][125][info ][gc,phases   ] GC(3)   Post Evacuate Collection Set: 2.22ms
[2024-10-15T03:55:12.227+0000][125][info ][gc,phases   ] GC(3)   Other: 0.10ms
[2024-10-15T03:55:12.227+0000][125][trace][gc,age      ] GC(3) Age table with threshold 15 (max threshold 15)
[2024-10-15T03:55:12.227+0000][125][trace][gc,age      ] GC(3) - age   1:    5198424 bytes,    5198424 total
[2024-10-15T03:55:12.227+0000][125][trace][gc,age      ] GC(3) - age   2:    5060952 bytes,   10259376 total
[2024-10-15T03:55:12.227+0000][125][trace][gc,age      ] GC(3) - age   3:    9016520 bytes,   19275896 total
[2024-10-15T03:55:12.227+0000][125][info ][gc,heap     ] GC(3) Eden regions: 64->0(62)
[2024-10-15T03:55:12.227+0000][125][info ][gc,heap     ] GC(3) Survivor regions: 4->6(9)
[2024-10-15T03:55:12.227+0000][125][info ][gc,heap     ] GC(3) Old regions: 1->1
[2024-10-15T03:55:12.227+0000][125][info ][gc,heap     ] GC(3) Humongous regions: 0->0
[2024-10-15T03:55:12.227+0000][125][info ][gc,metaspace] GC(3) Metaspace: 30016K(30912K)->30016K(30912K) NonClass: 26521K(27072K)->26521K(27072K) Class: 3495K(3840K)->3495K(3840K)
[2024-10-15T03:55:12.227+0000][125][info ][gc          ] GC(3) Pause Young (Mixed) (G1 Evacuation Pause) 272M->21M(5476M) 20.863ms
[2024-10-15T03:55:12.227+0000][125][info ][gc,cpu      ] GC(3) User=0.05s Sys=0.01s Real=0.02s
[2024-10-15T03:55:12.228+0000][125][info ][safepoint   ] Safepoint "G1CollectForAllocation", Time since last: 728665070 ns, Reaching safepoint: 11503 ns, Cleanup: 92932 ns, At safepoint: 20955310 ns, Total: 21059745 ns
[2024-10-15T03:55:13.661+0000][125][info ][gc,start    ] GC(4) Pause Young (Normal) (G1 Evacuation Pause)
[2024-10-15T03:55:13.661+0000][125][info ][gc,task     ] GC(4) Using 4 workers of 4 for evacuation
[2024-10-15T03:55:13.661+0000][125][debug][gc,age      ] GC(4) Desired survivor size 18874368 bytes, new threshold 3 (max threshold 15)
[2024-10-15T03:55:13.690+0000][125][info ][gc,phases   ] GC(4)   Pre Evacuate Collection Set: 0.69ms
[2024-10-15T03:55:13.690+0000][125][info ][gc,phases   ] GC(4)   Merge Heap Roots: 0.21ms
[2024-10-15T03:55:13.690+0000][125][info ][gc,phases   ] GC(4)   Evacuate Collection Set: 25.84ms
[2024-10-15T03:55:13.690+0000][125][info ][gc,phases   ] GC(4)   Post Evacuate Collection Set: 2.10ms
[2024-10-15T03:55:13.690+0000][125][info ][gc,phases   ] GC(4)   Other: 0.13ms
[2024-10-15T03:55:13.690+0000][125][trace][gc,age      ] GC(4) Age table with threshold 3 (max threshold 15)
[2024-10-15T03:55:13.690+0000][125][trace][gc,age      ] GC(4) - age   1:    3353656 bytes,    3353656 total
[2024-10-15T03:55:13.690+0000][125][trace][gc,age      ] GC(4) - age   2:    3693552 bytes,    7047208 total
[2024-10-15T03:55:13.690+0000][125][trace][gc,age      ] GC(4) - age   3:    5060568 bytes,   12107776 total
[2024-10-15T03:55:13.690+0000][125][info ][gc,heap     ] GC(4) Eden regions: 62->0(64)
[2024-10-15T03:55:13.690+0000][125][info ][gc,heap     ] GC(4) Survivor regions: 6->4(9)
[2024-10-15T03:55:13.690+0000][125][info ][gc,heap     ] GC(4) Old regions: 1->3
[2024-10-15T03:55:13.690+0000][125][info ][gc,heap     ] GC(4) Humongous regions: 0->0
[2024-10-15T03:55:13.690+0000][125][info ][gc,metaspace] GC(4) Metaspace: 30561K(31424K)->30561K(31424K) NonClass: 26986K(27520K)->26986K(27520K) Class: 3574K(3904K)->3574K(3904K)
[2024-10-15T03:55:13.690+0000][125][info ][gc          ] GC(4) Pause Young (Normal) (G1 Evacuation Pause) 269M->24M(5476M) 29.236ms
[2024-10-15T03:55:13.690+0000][125][info ][gc,cpu      ] GC(4) User=0.09s Sys=0.00s Real=0.03s
[2024-10-15T03:55:13.690+0000][125][info ][safepoint   ] Safepoint "G1CollectForAllocation", Time since last: 1433407252 ns, Reaching safepoint: 7090 ns, Cleanup: 69296 ns, At safepoint: 29387515 ns, Total: 29463901 ns
[2024-10-15T03:55:15.173+0000][125][info ][gc,start    ] GC(5) Pause Young (Concurrent Start) (Metadata GC Threshold)
[2024-10-15T03:55:15.173+0000][125][info ][gc,task     ] GC(5) Using 4 workers of 4 for evacuation
[2024-10-15T03:55:15.173+0000][125][debug][gc,age      ] GC(5) Desired survivor size 18874368 bytes, new threshold 15 (max threshold 15)
[2024-10-15T03:55:15.186+0000][125][info ][gc,phases   ] GC(5)   Pre Evacuate Collection Set: 0.62ms
[2024-10-15T03:55:15.186+0000][125][info ][gc,phases   ] GC(5)   Merge Heap Roots: 0.09ms
[2024-10-15T03:55:15.186+0000][125][info ][gc,phases   ] GC(5)   Evacuate Collection Set: 11.05ms
[2024-10-15T03:55:15.186+0000][125][info ][gc,phases   ] GC(5)   Post Evacuate Collection Set: 1.30ms
[2024-10-15T03:55:15.186+0000][125][info ][gc,phases   ] GC(5)   Other: 0.40ms
[2024-10-15T03:55:15.187+0000][125][trace][gc,age      ] GC(5) Age table with threshold 15 (max threshold 15)
[2024-10-15T03:55:15.187+0000][125][trace][gc,age      ] GC(5) - age   1:    2745616 bytes,    2745616 total
[2024-10-15T03:55:15.187+0000][125][trace][gc,age      ] GC(5) - age   2:    2626040 bytes,    5371656 total
[2024-10-15T03:55:15.187+0000][125][trace][gc,age      ] GC(5) - age   3:    3690624 bytes,    9062280 total
[2024-10-15T03:55:15.187+0000][125][trace][gc,age      ] GC(5) - age   4:    5059352 bytes,   14121632 total
[2024-10-15T03:55:15.187+0000][125][info ][gc,heap     ] GC(5) Eden regions: 21->0(68)
[2024-10-15T03:55:15.187+0000][125][info ][gc,heap     ] GC(5) Survivor regions: 4->4(9)
[2024-10-15T03:55:15.187+0000][125][info ][gc,heap     ] GC(5) Old regions: 3->3
[2024-10-15T03:55:15.187+0000][125][info ][gc,heap     ] GC(5) Humongous regions: 0->0
[2024-10-15T03:55:15.187+0000][125][info ][gc,metaspace] GC(5) Metaspace: 35029K(35968K)->35029K(35968K) NonClass: 30995K(31552K)->30995K(31552K) Class: 4033K(4416K)->4033K(4416K)
[2024-10-15T03:55:15.187+0000][125][info ][gc          ] GC(5) Pause Young (Concurrent Start) (Metadata GC Threshold) 108M->25M(5476M) 13.710ms
[2024-10-15T03:55:15.187+0000][125][info ][gc,cpu      ] GC(5) User=0.04s Sys=0.00s Real=0.02s
[2024-10-15T03:55:15.187+0000][125][info ][gc          ] GC(6) Concurrent Mark Cycle
[2024-10-15T03:55:15.187+0000][125][info ][gc,marking  ] GC(6) Concurrent Scan Root Regions
[2024-10-15T03:55:15.190+0000][125][info ][safepoint   ] Safepoint "CollectForMetadataAllocation", Time since last: 1482182388 ns, Reaching safepoint: 10984 ns, Cleanup: 240250 ns, At safepoint: 17396239 ns, Total: 17647473 ns
[2024-10-15T03:55:15.199+0000][125][info ][gc,marking  ] GC(6) Concurrent Scan Root Regions 12.192ms
[2024-10-15T03:55:15.199+0000][125][info ][gc,marking  ] GC(6) Concurrent Mark
[2024-10-15T03:55:15.199+0000][125][info ][gc,marking  ] GC(6) Concurrent Mark From Roots
[2024-10-15T03:55:15.199+0000][125][info ][gc,task     ] GC(6) Using 1 workers of 1 for marking
[2024-10-15T03:55:15.222+0000][125][info ][safepoint   ] Safepoint "CollectForMetadataAllocation", Time since last: 31049137 ns, Reaching safepoint: 24732 ns, Cleanup: 3761 ns, At safepoint: 277152 ns, Total: 305645 ns
[2024-10-15T03:55:15.224+0000][125][info ][gc,marking  ] GC(6) Concurrent Mark From Roots 25.366ms
[2024-10-15T03:55:15.224+0000][125][info ][gc,marking  ] GC(6) Concurrent Preclean
[2024-10-15T03:55:15.225+0000][125][info ][gc,marking  ] GC(6) Concurrent Preclean 0.122ms
[2024-10-15T03:55:15.225+0000][125][info ][gc,start    ] GC(6) Pause Remark
[2024-10-15T03:55:15.238+0000][125][info ][gc          ] GC(6) Pause Remark 29M->29M(5476M) 13.167ms
[2024-10-15T03:55:15.238+0000][125][info ][gc,cpu      ] GC(6) User=0.03s Sys=0.00s Real=0.01s
[2024-10-15T03:55:15.238+0000][125][info ][safepoint   ] Safepoint "G1PauseRemark", Time since last: 2977044 ns, Reaching safepoint: 7409 ns, Cleanup: 3299 ns, At safepoint: 13441645 ns, Total: 13452353 ns
[2024-10-15T03:55:15.238+0000][125][info ][gc,marking  ] GC(6) Concurrent Mark 39.199ms
[2024-10-15T03:55:15.238+0000][125][info ][gc,marking  ] GC(6) Concurrent Rebuild Remembered Sets and Scrub Regions
[2024-10-15T03:55:15.254+0000][125][info ][gc,marking  ] GC(6) Concurrent Rebuild Remembered Sets and Scrub Regions 16.132ms
[2024-10-15T03:55:15.256+0000][125][info ][gc,start    ] GC(6) Pause Cleanup
[2024-10-15T03:55:15.256+0000][125][info ][gc          ] GC(6) Pause Cleanup 29M->29M(5476M) 0.420ms
[2024-10-15T03:55:15.256+0000][125][info ][gc,cpu      ] GC(6) User=0.00s Sys=0.00s Real=0.00s
[2024-10-15T03:55:15.256+0000][125][info ][safepoint   ] Safepoint "G1PauseCleanup", Time since last: 16388673 ns, Reaching safepoint: 1520674 ns, Cleanup: 23123 ns, At safepoint: 495411 ns, Total: 2039208 ns
[2024-10-15T03:55:15.256+0000][125][info ][gc,marking  ] GC(6) Concurrent Clear Claimed Marks
[2024-10-15T03:55:15.257+0000][125][info ][gc,marking  ] GC(6) Concurrent Clear Claimed Marks 0.076ms
[2024-10-15T03:55:15.257+0000][125][info ][gc,marking  ] GC(6) Concurrent Cleanup for Next Mark
[2024-10-15T03:55:15.270+0000][125][info ][gc,marking  ] GC(6) Concurrent Cleanup for Next Mark 12.979ms
[2024-10-15T03:55:15.270+0000][125][info ][gc          ] GC(6) Concurrent Mark Cycle 83.056ms
[2024-10-15T03:55:16.257+0000][125][info ][safepoint   ] Safepoint "Cleanup", Time since last: 1000941625 ns, Reaching safepoint: 10838 ns, Cleanup: 51701 ns, At safepoint: 14260 ns, Total: 76799 ns
[2024-10-15T03:55:17.259+0000][125][info ][safepoint   ] Safepoint "Cleanup", Time since last: 1002175979 ns, Reaching safepoint: 1557194 ns, Cleanup: 41790 ns, At safepoint: 57063 ns, Total: 1656047 ns
[2024-10-15T03:55:17.406+0000][125][info ][gc,start    ] GC(7) Pause Young (Prepare Mixed) (G1 Evacuation Pause)
[2024-10-15T03:55:17.406+0000][125][info ][gc,task     ] GC(7) Using 4 workers of 4 for evacuation
[2024-10-15T03:55:17.406+0000][125][debug][gc,age      ] GC(7) Desired survivor size 18874368 bytes, new threshold 15 (max threshold 15)
[2024-10-15T03:55:17.424+0000][125][info ][gc,phases   ] GC(7)   Pre Evacuate Collection Set: 0.75ms
[2024-10-15T03:55:17.425+0000][125][info ][gc,phases   ] GC(7)   Merge Heap Roots: 0.12ms
[2024-10-15T03:55:17.425+0000][125][info ][gc,phases   ] GC(7)   Evacuate Collection Set: 16.48ms
[2024-10-15T03:55:17.425+0000][125][info ][gc,phases   ] GC(7)   Post Evacuate Collection Set: 1.29ms
[2024-10-15T03:55:17.425+0000][125][info ][gc,phases   ] GC(7)   Other: 0.14ms
[2024-10-15T03:55:17.425+0000][125][trace][gc,age      ] GC(7) Age table with threshold 15 (max threshold 15)
[2024-10-15T03:55:17.425+0000][125][trace][gc,age      ] GC(7) - age   1:    6893104 bytes,    6893104 total
[2024-10-15T03:55:17.425+0000][125][trace][gc,age      ] GC(7) - age   2:    2717424 bytes,    9610528 total
[2024-10-15T03:55:17.425+0000][125][trace][gc,age      ] GC(7) - age   3:    2625472 bytes,   12236000 total
[2024-10-15T03:55:17.425+0000][125][trace][gc,age      ] GC(7) - age   4:    3686016 bytes,   15922016 total
[2024-10-15T03:55:17.425+0000][125][trace][gc,age      ] GC(7) - age   5:    5058720 bytes,   20980736 total
[2024-10-15T03:55:17.425+0000][125][info ][gc,heap     ] GC(7) Eden regions: 64->0(62)
[2024-10-15T03:55:17.425+0000][125][info ][gc,heap     ] GC(7) Survivor regions: 4->6(9)
[2024-10-15T03:55:17.425+0000][125][info ][gc,heap     ] GC(7) Old regions: 3->3
[2024-10-15T03:55:17.425+0000][125][info ][gc,heap     ] GC(7) Humongous regions: 0->0
[2024-10-15T03:55:17.425+0000][125][info ][gc,metaspace] GC(7) Metaspace: 37377K(38336K)->37377K(38336K) NonClass: 33014K(33600K)->33014K(33600K) Class: 4363K(4736K)->4363K(4736K)
[2024-10-15T03:55:17.425+0000][125][info ][gc          ] GC(7) Pause Young (Prepare Mixed) (G1 Evacuation Pause) 281M->32M(5476M) 19.422ms
[2024-10-15T03:55:17.425+0000][125][info ][gc,cpu      ] GC(7) User=0.06s Sys=0.00s Real=0.02s
[2024-10-15T03:55:17.425+0000][125][info ][safepoint   ] Safepoint "G1CollectForAllocation", Time since last: 146190826 ns, Reaching safepoint: 10047 ns, Cleanup: 29347 ns, At safepoint: 19559043 ns, Total: 19598437 ns
[2024-10-15T03:55:18.430+0000][125][info ][safepoint   ] Safepoint "Cleanup", Time since last: 1003708961 ns, Reaching safepoint: 1571724 ns, Cleanup: 76527 ns, At safepoint: 22194 ns, Total: 1670445 ns
[2024-10-15T03:55:18.591+0000][125][info ][gc,start    ] GC(8) Pause Young (Mixed) (G1 Evacuation Pause)
[2024-10-15T03:55:18.591+0000][125][info ][gc,task     ] GC(8) Using 4 workers of 4 for evacuation
[2024-10-15T03:55:18.591+0000][125][debug][gc,age      ] GC(8) Desired survivor size 18874368 bytes, new threshold 5 (max threshold 15)
[2024-10-15T03:55:18.621+0000][125][info ][gc,phases   ] GC(8)   Pre Evacuate Collection Set: 0.80ms
[2024-10-15T03:55:18.622+0000][125][info ][gc,phases   ] GC(8)   Merge Heap Roots: 0.24ms
[2024-10-15T03:55:18.622+0000][125][info ][gc,phases   ] GC(8)   Evacuate Collection Set: 26.90ms
[2024-10-15T03:55:18.622+0000][125][info ][gc,phases   ] GC(8)   Post Evacuate Collection Set: 2.03ms
[2024-10-15T03:55:18.622+0000][125][info ][gc,phases   ] GC(8)   Other: 0.15ms
[2024-10-15T03:55:18.622+0000][125][trace][gc,age      ] GC(8) Age table with threshold 5 (max threshold 15)
[2024-10-15T03:55:18.622+0000][125][trace][gc,age      ] GC(8) - age   1:    3533408 bytes,    3533408 total
[2024-10-15T03:55:18.622+0000][125][trace][gc,age      ] GC(8) - age   2:    5618968 bytes,    9152376 total
[2024-10-15T03:55:18.622+0000][125][trace][gc,age      ] GC(8) - age   3:    2717424 bytes,   11869800 total
[2024-10-15T03:55:18.622+0000][125][trace][gc,age      ] GC(8) - age   4:    2624864 bytes,   14494664 total
[2024-10-15T03:55:18.622+0000][125][trace][gc,age      ] GC(8) - age   5:    3685632 bytes,   18180296 total
[2024-10-15T03:55:18.622+0000][125][info ][gc,heap     ] GC(8) Eden regions: 62->0(111)
[2024-10-15T03:55:18.622+0000][125][info ][gc,heap     ] GC(8) Survivor regions: 6->5(9)
[2024-10-15T03:55:18.622+0000][125][info ][gc,heap     ] GC(8) Old regions: 3->4
[2024-10-15T03:55:18.622+0000][125][info ][gc,heap     ] GC(8) Humongous regions: 0->0
[2024-10-15T03:55:18.622+0000][125][info ][gc,metaspace] GC(8) Metaspace: 38069K(39104K)->38069K(39104K) NonClass: 33607K(34240K)->33607K(34240K) Class: 4462K(4864K)->4462K(4864K)
[2024-10-15T03:55:18.622+0000][125][info ][gc          ] GC(8) Pause Young (Mixed) (G1 Evacuation Pause) 280M->33M(5476M) 30.558ms
[2024-10-15T03:55:18.622+0000][125][info ][gc,cpu      ] GC(8) User=0.10s Sys=0.00s Real=0.04s
[2024-10-15T03:55:18.626+0000][125][info ][safepoint   ] Safepoint "G1CollectForAllocation", Time since last: 160646648 ns, Reaching safepoint: 11796 ns, Cleanup: 130300 ns, At safepoint: 35010027 ns, Total: 35152123 ns
[2024-10-15T03:55:19.630+0000][125][info ][safepoint   ] Safepoint "Cleanup", Time since last: 1002769756 ns, Reaching safepoint: 1241095 ns, Cleanup: 36164 ns, At safepoint: 58645 ns, Total: 1335904 ns
[2024-10-15T03:55:21.036+0000][125][info ][safepoint   ] Safepoint "Cleanup", Time since last: 1404317828 ns, Reaching safepoint: 1127327 ns, Cleanup: 122445 ns, At safepoint: 36126 ns, Total: 1285898 ns
[2024-10-15T03:55:22.036+0000][125][info ][safepoint   ] Safepoint "Cleanup", Time since last: 1000230348 ns, Reaching safepoint: 8842 ns, Cleanup: 67930 ns, At safepoint: 55647 ns, Total: 132419 ns
[2024-10-15T03:55:23.104+0000][125][info ][safepoint   ] Safepoint "Cleanup", Time since last: 1057684734 ns, Reaching safepoint: 10152786 ns, Cleanup: 75890 ns, At safepoint: 66511 ns, Total: 10295187 ns
[2024-10-15T03:55:23.736+0000][125][info ][gc,start    ] GC(9) Pause Young (Normal) (G1 Evacuation Pause)
[2024-10-15T03:55:23.736+0000][125][info ][gc,task     ] GC(9) Using 4 workers of 4 for evacuation
[2024-10-15T03:55:23.736+0000][125][debug][gc,age      ] GC(9) Desired survivor size 31457280 bytes, new threshold 15 (max threshold 15)
[2024-10-15T03:55:23.777+0000][125][info ][gc,phases   ] GC(9)   Pre Evacuate Collection Set: 5.39ms
[2024-10-15T03:55:23.777+0000][125][info ][gc,phases   ] GC(9)   Merge Heap Roots: 0.39ms
[2024-10-15T03:55:23.777+0000][125][info ][gc,phases   ] GC(9)   Evacuate Collection Set: 32.25ms
[2024-10-15T03:55:23.777+0000][125][info ][gc,phases   ] GC(9)   Post Evacuate Collection Set: 2.76ms
[2024-10-15T03:55:23.777+0000][125][info ][gc,phases   ] GC(9)   Other: 0.38ms
[2024-10-15T03:55:23.777+0000][125][trace][gc,age      ] GC(9) Age table with threshold 15 (max threshold 15)
[2024-10-15T03:55:23.777+0000][125][trace][gc,age      ] GC(9) - age   1:    7336848 bytes,    7336848 total
[2024-10-15T03:55:23.777+0000][125][trace][gc,age      ] GC(9) - age   2:    3004056 bytes,   10340904 total
[2024-10-15T03:55:23.777+0000][125][trace][gc,age      ] GC(9) - age   3:    5597688 bytes,   15938592 total
[2024-10-15T03:55:23.777+0000][125][trace][gc,age      ] GC(9) - age   4:    2712400 bytes,   18650992 total
[2024-10-15T03:55:23.777+0000][125][trace][gc,age      ] GC(9) - age   5:    2621024 bytes,   21272016 total
[2024-10-15T03:55:23.777+0000][125][trace][gc,age      ] GC(9) - age   6:    3673848 bytes,   24945864 total
[2024-10-15T03:55:23.777+0000][125][info ][gc,heap     ] GC(9) Eden regions: 111->0(512)
[2024-10-15T03:55:23.777+0000][125][info ][gc,heap     ] GC(9) Survivor regions: 5->7(15)
[2024-10-15T03:55:23.777+0000][125][info ][gc,heap     ] GC(9) Old regions: 4->4
[2024-10-15T03:55:23.777+0000][125][info ][gc,heap     ] GC(9) Humongous regions: 0->0
[2024-10-15T03:55:23.777+0000][125][info ][gc,metaspace] GC(9) Metaspace: 44482K(45696K)->44482K(45696K) NonClass: 39085K(39808K)->39085K(39808K) Class: 5397K(5888K)->5397K(5888K)
[2024-10-15T03:55:23.777+0000][125][info ][gc          ] GC(9) Pause Young (Normal) (G1 Evacuation Pause) 477M->40M(5476M) 41.651ms
[2024-10-15T03:55:23.777+0000][125][info ][gc,cpu      ] GC(9) User=0.12s Sys=0.00s Real=0.04s
[2024-10-15T03:55:23.778+0000][125][info ][safepoint   ] Safepoint "G1CollectForAllocation", Time since last: 631446628 ns, Reaching safepoint: 7842 ns, Cleanup: 14497 ns, At safepoint: 41824108 ns, Total: 41846447 ns
[2024-10-15T03:55:24.779+0000][125][info ][safepoint   ] Safepoint "Cleanup", Time since last: 1000761997 ns, Reaching safepoint: 12073 ns, Cleanup: 77378 ns, At safepoint: 166600 ns, Total: 256051 ns
[2024-10-15T03:55:25.807+0000][125][info ][safepoint   ] Safepoint "Cleanup", Time since last: 1024572461 ns, Reaching safepoint: 3287786 ns, Cleanup: 87090 ns, At safepoint: 101164 ns, Total: 3476040 ns
[2024-10-15T03:55:27.056+0000][125][info ][safepoint   ] Safepoint "Cleanup", Time since last: 1249554881 ns, Reaching safepoint: 5323 ns, Cleanup: 112455 ns, At safepoint: 12740 ns, Total: 130518 ns
[2024-10-15T03:55:29.057+0000][125][info ][safepoint   ] Safepoint "Cleanup", Time since last: 1999392081 ns, Reaching safepoint: 936575 ns, Cleanup: 68341 ns, At safepoint: 20005 ns, Total: 1024921 ns
[2024-10-15T03:55:29.345+0000][125][info ][gc,start    ] GC(10) Pause Young (Concurrent Start) (Metadata GC Threshold)
[2024-10-15T03:55:29.345+0000][125][info ][gc,task     ] GC(10) Using 4 workers of 4 for evacuation
[2024-10-15T03:55:29.345+0000][125][debug][gc,age      ] GC(10) Desired survivor size 132120576 bytes, new threshold 15 (max threshold 15)
[2024-10-15T03:55:29.375+0000][125][info ][gc,phases   ] GC(10)   Pre Evacuate Collection Set: 0.68ms
[2024-10-15T03:55:29.375+0000][125][info ][gc,phases   ] GC(10)   Merge Heap Roots: 0.17ms
[2024-10-15T03:55:29.375+0000][125][info ][gc,phases   ] GC(10)   Evacuate Collection Set: 24.22ms
[2024-10-15T03:55:29.375+0000][125][info ][gc,phases   ] GC(10)   Post Evacuate Collection Set: 4.04ms
[2024-10-15T03:55:29.375+0000][125][info ][gc,phases   ] GC(10)   Other: 0.33ms
[2024-10-15T03:55:29.375+0000][125][trace][gc,age      ] GC(10) Age table with threshold 15 (max threshold 15)
[2024-10-15T03:55:29.375+0000][125][trace][gc,age      ] GC(10) - age   1:    3241048 bytes,    3241048 total
[2024-10-15T03:55:29.375+0000][125][trace][gc,age      ] GC(10) - age   2:    7166104 bytes,   10407152 total
[2024-10-15T03:55:29.375+0000][125][trace][gc,age      ] GC(10) - age   3:    3000152 bytes,   13407304 total
[2024-10-15T03:55:29.375+0000][125][trace][gc,age      ] GC(10) - age   4:    5595264 bytes,   19002568 total
[2024-10-15T03:55:29.375+0000][125][trace][gc,age      ] GC(10) - age   5:    2712368 bytes,   21714936 total
[2024-10-15T03:55:29.375+0000][125][trace][gc,age      ] GC(10) - age   6:    2620384 bytes,   24335320 total
[2024-10-15T03:55:29.375+0000][125][trace][gc,age      ] GC(10) - age   7:    3672168 bytes,   28007488 total
[2024-10-15T03:55:29.375+0000][125][info ][gc,heap     ] GC(10) Eden regions: 44->0(676)
[2024-10-15T03:55:29.375+0000][125][info ][gc,heap     ] GC(10) Survivor regions: 7->8(63)
[2024-10-15T03:55:29.375+0000][125][info ][gc,heap     ] GC(10) Old regions: 4->4
[2024-10-15T03:55:29.375+0000][125][info ][gc,heap     ] GC(10) Humongous regions: 0->0
[2024-10-15T03:55:29.375+0000][125][info ][gc,metaspace] GC(10) Metaspace: 59047K(60480K)->59047K(60480K) NonClass: 51611K(52480K)->51611K(52480K) Class: 7435K(8000K)->7435K(8000K)
[2024-10-15T03:55:29.375+0000][125][info ][gc          ] GC(10) Pause Young (Concurrent Start) (Metadata GC Threshold) 214M->44M(5476M) 29.666ms
[2024-10-15T03:55:29.375+0000][125][info ][gc,cpu      ] GC(10) User=0.08s Sys=0.00s Real=0.03s
[2024-10-15T03:55:29.375+0000][125][info ][gc          ] GC(11) Concurrent Mark Cycle
[2024-10-15T03:55:29.375+0000][125][info ][gc,marking  ] GC(11) Concurrent Scan Root Regions
[2024-10-15T03:55:29.384+0000][125][info ][safepoint   ] Safepoint "CollectForMetadataAllocation", Time since last: 288467430 ns, Reaching safepoint: 6750 ns, Cleanup: 13125 ns, At safepoint: 38513902 ns, Total: 38533777 ns
[2024-10-15T03:55:29.426+0000][125][info ][gc,marking  ] GC(11) Concurrent Scan Root Regions 50.768ms
[2024-10-15T03:55:29.426+0000][125][info ][gc,marking  ] GC(11) Concurrent Mark
[2024-10-15T03:55:29.426+0000][125][info ][gc,marking  ] GC(11) Concurrent Mark From Roots
[2024-10-15T03:55:29.426+0000][125][info ][gc,task     ] GC(11) Using 1 workers of 1 for marking
[2024-10-15T03:55:29.477+0000][125][info ][gc,marking  ] GC(11) Concurrent Mark From Roots 50.661ms
[2024-10-15T03:55:29.477+0000][125][info ][gc,marking  ] GC(11) Concurrent Preclean
[2024-10-15T03:55:29.477+0000][125][info ][gc,marking  ] GC(11) Concurrent Preclean 0.159ms
[2024-10-15T03:55:29.477+0000][125][info ][gc,start    ] GC(11) Pause Remark
[2024-10-15T03:55:29.491+0000][125][info ][gc          ] GC(11) Pause Remark 47M->47M(5476M) 13.904ms
[2024-10-15T03:55:29.491+0000][125][info ][gc,cpu      ] GC(11) User=0.02s Sys=0.00s Real=0.01s
[2024-10-15T03:55:29.491+0000][125][info ][safepoint   ] Safepoint "G1PauseRemark", Time since last: 93151542 ns, Reaching safepoint: 466083 ns, Cleanup: 6829 ns, At safepoint: 14053320 ns, Total: 14526232 ns
[2024-10-15T03:55:29.500+0000][125][info ][gc,marking  ] GC(11) Concurrent Mark 74.175ms
[2024-10-15T03:55:29.500+0000][125][info ][gc,marking  ] GC(11) Concurrent Rebuild Remembered Sets and Scrub Regions
[2024-10-15T03:55:29.549+0000][125][info ][gc,marking  ] GC(11) Concurrent Rebuild Remembered Sets and Scrub Regions 48.552ms
[2024-10-15T03:55:29.550+0000][125][info ][gc,start    ] GC(11) Pause Cleanup
[2024-10-15T03:55:29.552+0000][125][info ][gc          ] GC(11) Pause Cleanup 47M->47M(5476M) 2.490ms
[2024-10-15T03:55:29.553+0000][125][info ][gc,cpu      ] GC(11) User=0.01s Sys=0.01s Real=0.01s
[2024-10-15T03:55:29.553+0000][125][info ][safepoint   ] Safepoint "G1PauseCleanup", Time since last: 57389616 ns, Reaching safepoint: 1015588 ns, Cleanup: 27236 ns, At safepoint: 2860253 ns, Total: 3903077 ns
[2024-10-15T03:55:29.556+0000][125][info ][gc,marking  ] GC(11) Concurrent Clear Claimed Marks
[2024-10-15T03:55:29.556+0000][125][info ][gc,marking  ] GC(11) Concurrent Clear Claimed Marks 0.194ms
[2024-10-15T03:55:29.556+0000][125][info ][gc,marking  ] GC(11) Concurrent Cleanup for Next Mark
[2024-10-15T03:55:29.601+0000][125][info ][gc,marking  ] GC(11) Concurrent Cleanup for Next Mark 44.675ms
[2024-10-15T03:55:29.601+0000][125][info ][gc          ] GC(11) Concurrent Mark Cycle 225.705ms
[2024-10-15T03:55:30.557+0000][125][info ][safepoint   ] Safepoint "Cleanup", Time since last: 1003037357 ns, Reaching safepoint: 967396 ns, Cleanup: 23322 ns, At safepoint: 64752 ns, Total: 1055470 ns
[2024-10-15T03:55:31.562+0000][125][info ][safepoint   ] Safepoint "Cleanup", Time since last: 1001070874 ns, Reaching safepoint: 3891724 ns, Cleanup: 28667 ns, At safepoint: 69770 ns, Total: 3990161 ns
[2024-10-15T03:55:32.564+0000][125][info ][safepoint   ] Safepoint "Cleanup", Time since last: 1001120109 ns, Reaching safepoint: 691112 ns, Cleanup: 17384 ns, At safepoint: 22634 ns, Total: 731130 ns
[2024-10-15T03:55:33.945+0000][125][info ][safepoint   ] Safepoint "Cleanup", Time since last: 1380075558 ns, Reaching safepoint: 880312 ns, Cleanup: 100945 ns, At safepoint: 55411 ns, Total: 1036668 ns
[2024-10-15T03:55:34.948+0000][125][info ][safepoint   ] Safepoint "Cleanup", Time since last: 1002074565 ns, Reaching safepoint: 733203 ns, Cleanup: 44243 ns, At safepoint: 96198 ns, Total: 873644 ns
[2024-10-15T03:55:36.018+0000][125][info ][safepoint   ] Safepoint "Cleanup", Time since last: 1069630712 ns, Reaching safepoint: 414402 ns, Cleanup: 53188 ns, At safepoint: 21138 ns, Total: 488728 ns
[2024-10-15T03:55:37.042+0000][125][info ][safepoint   ] Safepoint "Cleanup", Time since last: 1022189852 ns, Reaching safepoint: 1665772 ns, Cleanup: 16657 ns, At safepoint: 26830 ns, Total: 1709259 ns
[2024-10-15T03:55:38.047+0000][125][info ][safepoint   ] Safepoint "Cleanup", Time since last: 1004882035 ns, Reaching safepoint: 9067 ns, Cleanup: 42595 ns, At safepoint: 14425 ns, Total: 66087 ns
[2024-10-15T03:55:39.707+0000][125][info ][safepoint   ] Safepoint "Cleanup", Time since last: 1659070333 ns, Reaching safepoint: 1063180 ns, Cleanup: 128100 ns, At safepoint: 28109 ns, Total: 1219389 ns
[2024-10-15T03:55:40.709+0000][125][info ][safepoint   ] Safepoint "Cleanup", Time since last: 1000638182 ns, Reaching safepoint: 1044949 ns, Cleanup: 17361 ns, At safepoint: 61079 ns, Total: 1123389 ns
[2024-10-15T03:55:41.720+0000][125][info ][safepoint   ] Safepoint "Cleanup", Time since last: 1003688459 ns, Reaching safepoint: 7259378 ns, Cleanup: 21005 ns, At safepoint: 65905 ns, Total: 7346288 ns
[2024-10-15T03:55:44.617+0000][125][info ][safepoint   ] Safepoint "Cleanup", Time since last: 2892800770 ns, Reaching safepoint: 1167595 ns, Cleanup: 86856 ns, At safepoint: 2882681 ns, Total: 4137132 ns
[2024-10-15T03:55:45.673+0000][125][info ][safepoint   ] Safepoint "Cleanup", Time since last: 1055365289 ns, Reaching safepoint: 803601 ns, Cleanup: 197495 ns, At safepoint: 72193 ns, Total: 1073289 ns
[2024-10-15T03:55:46.684+0000][125][info ][safepoint   ] Safepoint "Cleanup", Time since last: 1005654106 ns, Reaching safepoint: 916011 ns, Cleanup: 80676 ns, At safepoint: 93374 ns, Total: 1090061 ns
[2024-10-15T03:55:47.977+0000][125][info ][safepoint   ] Safepoint "Cleanup", Time since last: 1291962736 ns, Reaching safepoint: 916852 ns, Cleanup: 52020 ns, At safepoint: 60233 ns, Total: 1029105 ns
[2024-10-15T03:55:49.976+0000][125][info ][safepoint   ] Safepoint "Cleanup", Time since last: 1998286016 ns, Reaching safepoint: 669006 ns, Cleanup: 84297 ns, At safepoint: 31936 ns, Total: 785239 ns
[2024-10-15T03:55:50.979+0000][125][info ][safepoint   ] Safepoint "Cleanup", Time since last: 1002675486 ns, Reaching safepoint: 1007117 ns, Cleanup: 64011 ns, At safepoint: 70906 ns, Total: 1142034 ns
[2024-10-15T03:55:51.761+0000][125][info ][gc,start    ] GC(12) Pause Young (Concurrent Start) (Metadata GC Threshold)
[2024-10-15T03:55:51.761+0000][125][info ][gc,task     ] GC(12) Using 4 workers of 4 for evacuation
[2024-10-15T03:55:51.761+0000][125][debug][gc,age      ] GC(12) Desired survivor size 153092096 bytes, new threshold 15 (max threshold 15)
[2024-10-15T03:55:51.813+0000][125][info ][gc,phases   ] GC(12)   Pre Evacuate Collection Set: 1.17ms
[2024-10-15T03:55:51.813+0000][125][info ][gc,phases   ] GC(12)   Merge Heap Roots: 0.43ms
[2024-10-15T03:55:51.813+0000][125][info ][gc,phases   ] GC(12)   Evacuate Collection Set: 42.40ms
[2024-10-15T03:55:51.813+0000][125][info ][gc,phases   ] GC(12)   Post Evacuate Collection Set: 6.98ms
[2024-10-15T03:55:51.813+0000][125][info ][gc,phases   ] GC(12)   Other: 0.36ms
[2024-10-15T03:55:51.813+0000][125][trace][gc,age      ] GC(12) Age table with threshold 15 (max threshold 15)
[2024-10-15T03:55:51.813+0000][125][trace][gc,age      ] GC(12) - age   1:   20737528 bytes,   20737528 total
[2024-10-15T03:55:51.813+0000][125][trace][gc,age      ] GC(12) - age   2:    2966912 bytes,   23704440 total
[2024-10-15T03:55:51.813+0000][125][trace][gc,age      ] GC(12) - age   3:    6844912 bytes,   30549352 total
[2024-10-15T03:55:51.813+0000][125][trace][gc,age      ] GC(12) - age   4:    2945720 bytes,   33495072 total
[2024-10-15T03:55:51.813+0000][125][trace][gc,age      ] GC(12) - age   5:    5567816 bytes,   39062888 total
[2024-10-15T03:55:51.813+0000][125][trace][gc,age      ] GC(12) - age   6:    2692848 bytes,   41755736 total
[2024-10-15T03:55:51.813+0000][125][trace][gc,age      ] GC(12) - age   7:    2599968 bytes,   44355704 total
[2024-10-15T03:55:51.813+0000][125][trace][gc,age      ] GC(12) - age   8:    3649112 bytes,   48004816 total
[2024-10-15T03:55:51.813+0000][125][info ][gc,heap     ] GC(12) Eden regions: 220->0(202)
[2024-10-15T03:55:51.813+0000][125][info ][gc,heap     ] GC(12) Survivor regions: 8->13(73)
[2024-10-15T03:55:51.813+0000][125][info ][gc,heap     ] GC(12) Old regions: 4->4
[2024-10-15T03:55:51.813+0000][125][info ][gc,heap     ] GC(12) Humongous regions: 0->0
[2024-10-15T03:55:51.813+0000][125][info ][gc,metaspace] GC(12) Metaspace: 99175K(101120K)->99175K(101120K) NonClass: 85782K(86912K)->85782K(86912K) Class: 13393K(14208K)->13393K(14208K)
[2024-10-15T03:55:51.813+0000][125][info ][gc          ] GC(12) Pause Young (Concurrent Start) (Metadata GC Threshold) 922M->63M(5476M) 51.826ms
[2024-10-15T03:55:51.813+0000][125][info ][gc,cpu      ] GC(12) User=0.15s Sys=0.01s Real=0.05s
[2024-10-15T03:55:51.813+0000][125][info ][gc          ] GC(13) Concurrent Mark Cycle
[2024-10-15T03:55:51.813+0000][125][info ][gc,marking  ] GC(13) Concurrent Scan Root Regions
[2024-10-15T03:55:51.814+0000][125][info ][safepoint   ] Safepoint "CollectForMetadataAllocation", Time since last: 781628946 ns, Reaching safepoint: 74723 ns, Cleanup: 17492 ns, At safepoint: 52669647 ns, Total: 52761862 ns
[2024-10-15T03:55:51.886+0000][125][info ][gc,marking  ] GC(13) Concurrent Scan Root Regions 72.083ms
[2024-10-15T03:55:51.886+0000][125][info ][gc,marking  ] GC(13) Concurrent Mark
[2024-10-15T03:55:51.886+0000][125][info ][gc,marking  ] GC(13) Concurrent Mark From Roots
[2024-10-15T03:55:51.886+0000][125][info ][gc,task     ] GC(13) Using 1 workers of 1 for marking
[2024-10-15T03:55:51.906+0000][125][info ][safepoint   ] Safepoint "CollectForMetadataAllocation", Time since last: 90775811 ns, Reaching safepoint: 183115 ns, Cleanup: 3901 ns, At safepoint: 729642 ns, Total: 916658 ns
[2024-10-15T03:55:51.925+0000][125][info ][gc,marking  ] GC(13) Concurrent Mark From Roots 39.001ms
[2024-10-15T03:55:51.925+0000][125][info ][gc,marking  ] GC(13) Concurrent Preclean
[2024-10-15T03:55:51.925+0000][125][info ][gc,marking  ] GC(13) Concurrent Preclean 0.090ms
[2024-10-15T03:55:51.926+0000][125][info ][gc,start    ] GC(13) Pause Remark
[2024-10-15T03:55:51.940+0000][125][info ][gc          ] GC(13) Pause Remark 69M->69M(5476M) 14.506ms
[2024-10-15T03:55:51.940+0000][125][info ][gc,cpu      ] GC(13) User=0.03s Sys=0.00s Real=0.01s
[2024-10-15T03:55:51.940+0000][125][info ][safepoint   ] Safepoint "G1PauseRemark", Time since last: 19287526 ns, Reaching safepoint: 742728 ns, Cleanup: 6178 ns, At safepoint: 14589965 ns, Total: 15338871 ns
[2024-10-15T03:55:51.940+0000][125][info ][gc,marking  ] GC(13) Concurrent Mark 54.778ms
[2024-10-15T03:55:51.940+0000][125][info ][gc,marking  ] GC(13) Concurrent Rebuild Remembered Sets and Scrub Regions
[2024-10-15T03:55:51.961+0000][125][info ][gc,marking  ] GC(13) Concurrent Rebuild Remembered Sets and Scrub Regions 20.225ms
[2024-10-15T03:55:51.966+0000][125][info ][gc,start    ] GC(13) Pause Cleanup
[2024-10-15T03:55:51.967+0000][125][info ][gc          ] GC(13) Pause Cleanup 69M->69M(5476M) 0.774ms
[2024-10-15T03:55:51.967+0000][125][info ][gc,cpu      ] GC(13) User=0.00s Sys=0.00s Real=0.00s
[2024-10-15T03:55:51.967+0000][125][info ][safepoint   ] Safepoint "G1PauseCleanup", Time since last: 24277543 ns, Reaching safepoint: 1203398 ns, Cleanup: 28960 ns, At safepoint: 994914 ns, Total: 2227272 ns
[2024-10-15T03:55:51.967+0000][125][info ][gc,marking  ] GC(13) Concurrent Clear Claimed Marks
[2024-10-15T03:55:51.967+0000][125][info ][gc,marking  ] GC(13) Concurrent Clear Claimed Marks 0.201ms
[2024-10-15T03:55:51.967+0000][125][info ][gc,marking  ] GC(13) Concurrent Cleanup for Next Mark
[2024-10-15T03:55:51.979+0000][125][info ][gc,marking  ] GC(13) Concurrent Cleanup for Next Mark 11.457ms
[2024-10-15T03:55:51.979+0000][125][info ][gc          ] GC(13) Concurrent Mark Cycle 165.515ms
[2024-10-15T03:55:53.383+0000][125][info ][safepoint   ] Safepoint "Cleanup", Time since last: 1416289555 ns, Reaching safepoint: 9980 ns, Cleanup: 61671 ns, At safepoint: 44260 ns, Total: 115911 ns
[2024-10-15T03:55:54.387+0000][125][info ][safepoint   ] Safepoint "Cleanup", Time since last: 1002751985 ns, Reaching safepoint: 769965 ns, Cleanup: 104652 ns, At safepoint: 37869 ns, Total: 912486 ns
[2024-10-15T03:55:55.792+0000][125][info ][safepoint   ] Safepoint "Cleanup", Time since last: 1399714268 ns, Reaching safepoint: 966759 ns, Cleanup: 58573 ns, At safepoint: 4650912 ns, Total: 5676244 ns
[2024-10-15T03:55:57.256+0000][125][info ][safepoint   ] Safepoint "Cleanup", Time since last: 1459939706 ns, Reaching safepoint: 3383434 ns, Cleanup: 121277 ns, At safepoint: 70052 ns, Total: 3574763 ns
[2024-10-15T03:55:58.409+0000][125][info ][safepoint   ] Safepoint "Cleanup", Time since last: 1153047133 ns, Reaching safepoint: 6431 ns, Cleanup: 110683 ns, At safepoint: 4854 ns, Total: 121968 ns
[2024-10-15T03:55:59.426+0000][125][info ][safepoint   ] Safepoint "Cleanup", Time since last: 1016580342 ns, Reaching safepoint: 10441 ns, Cleanup: 64588 ns, At safepoint: 58223 ns, Total: 133252 ns
[2024-10-15T03:56:00.435+0000][125][info ][safepoint   ] Safepoint "Cleanup", Time since last: 1001295933 ns, Reaching safepoint: 7884213 ns, Cleanup: 234234 ns, At safepoint: 107546 ns, Total: 8225993 ns
[2024-10-15T03:56:01.620+0000][125][info ][safepoint   ] Safepoint "ICBufferFull", Time since last: 1184975054 ns, Reaching safepoint: 9276 ns, Cleanup: 133937 ns, At safepoint: 13987 ns, Total: 157200 ns
[2024-10-15T03:56:03.071+0000][125][info ][safepoint   ] Safepoint "Cleanup", Time since last: 1423053765 ns, Reaching safepoint: 15224 ns, Cleanup: 27809785 ns, At safepoint: 116823 ns, Total: 27941832 ns
[2024-10-15T03:56:04.114+0000][125][info ][safepoint   ] Safepoint "Cleanup", Time since last: 1002980731 ns, Reaching safepoint: 37391976 ns, Cleanup: 48971 ns, At safepoint: 2709206 ns, Total: 40150153 ns
[2024-10-15T03:56:05.159+0000][125][info ][safepoint   ] Safepoint "Cleanup", Time since last: 1040793512 ns, Reaching safepoint: 2373241 ns, Cleanup: 77978 ns, At safepoint: 1617286 ns, Total: 4068505 ns
[2024-10-15T03:56:06.165+0000][125][info ][safepoint   ] Safepoint "Cleanup", Time since last: 1000980260 ns, Reaching safepoint: 2664385 ns, Cleanup: 46705 ns, At safepoint: 2180193 ns, Total: 4891283 ns
[2024-10-15T03:56:07.593+0000][125][info ][safepoint   ] Safepoint "Cleanup", Time since last: 1418281960 ns, Reaching safepoint: 9062732 ns, Cleanup: 122270 ns, At safepoint: 70879 ns, Total: 9255881 ns
[2024-10-15T03:56:08.619+0000][125][info ][safepoint   ] Safepoint "Cleanup", Time since last: 1009066985 ns, Reaching safepoint: 17218943 ns, Cleanup: 55947 ns, At safepoint: 87778 ns, Total: 17362668 ns
[2024-10-15T03:56:09.629+0000][125][info ][safepoint   ] Safepoint "Cleanup", Time since last: 1007391057 ns, Reaching safepoint: 2605649 ns, Cleanup: 163158 ns, At safepoint: 83832 ns, Total: 2852639 ns
[2024-10-15T03:56:11.280+0000][125][info ][safepoint   ] Safepoint "Cleanup", Time since last: 1649125132 ns, Reaching safepoint: 992968 ns, Cleanup: 138315 ns, At safepoint: 62946 ns, Total: 1194229 ns
[2024-10-15T03:56:12.596+0000][125][info ][safepoint   ] Safepoint "Cleanup", Time since last: 1315472445 ns, Reaching safepoint: 234146 ns, Cleanup: 105764 ns, At safepoint: 107313 ns, Total: 447223 ns
[2024-10-15T03:56:14.128+0000][125][info ][safepoint   ] Safepoint "Cleanup", Time since last: 1529619040 ns, Reaching safepoint: 2178941 ns, Cleanup: 300358 ns, At safepoint: 118910 ns, Total: 2598209 ns
[2024-10-15T03:56:15.241+0000][125][info ][safepoint   ] Safepoint "ICBufferFull", Time since last: 1111895187 ns, Reaching safepoint: 776455 ns, Cleanup: 218442 ns, At safepoint: 39835 ns, Total: 1034732 ns
[2024-10-15T03:56:16.285+0000][125][info ][safepoint   ] Safepoint "ICBufferFull", Time since last: 1044422995 ns, Reaching safepoint: 24694 ns, Cleanup: 181335 ns, At safepoint: 68615 ns, Total: 274644 ns
[2024-10-15T03:56:17.287+0000][125][info ][safepoint   ] Safepoint "Cleanup", Time since last: 1001642370 ns, Reaching safepoint: 24665 ns, Cleanup: 69477 ns, At safepoint: 110298 ns, Total: 204440 ns
[2024-10-15T03:56:18.617+0000][125][info ][safepoint   ] Safepoint "Cleanup", Time since last: 1330331533 ns, Reaching safepoint: 21245 ns, Cleanup: 141948 ns, At safepoint: 17162 ns, Total: 180355 ns
[2024-10-15T03:56:19.619+0000][125][info ][safepoint   ] Safepoint "Cleanup", Time since last: 1001252982 ns, Reaching safepoint: 41708 ns, Cleanup: 14692 ns, At safepoint: 14979 ns, Total: 71379 ns
[2024-10-15T03:56:20.619+0000][125][info ][safepoint   ] Safepoint "Cleanup", Time since last: 1000601373 ns, Reaching safepoint: 20425 ns, Cleanup: 19913 ns, At safepoint: 11860 ns, Total: 52198 ns
[2024-10-15T03:56:22.364+0000][125][info ][safepoint   ] Safepoint "Cleanup", Time since last: 1741888981 ns, Reaching safepoint: 990271 ns, Cleanup: 60523 ns, At safepoint: 1744884 ns, Total: 2795678 ns
[2024-10-15T03:56:23.502+0000][125][info ][safepoint   ] Safepoint "Cleanup", Time since last: 1137033958 ns, Reaching safepoint: 1089528 ns, Cleanup: 126409 ns, At safepoint: 42653 ns, Total: 1258590 ns
[2024-10-15T03:56:24.688+0000][125][info ][safepoint   ] Safepoint "Cleanup", Time since last: 1186050140 ns, Reaching safepoint: 18504 ns, Cleanup: 103105 ns, At safepoint: 41522 ns, Total: 163131 ns
[2024-10-15T03:56:24.907+0000][125][info ][gc,start    ] GC(14) Pause Young (Normal) (G1 Evacuation Pause)
[2024-10-15T03:56:24.907+0000][125][info ][gc,task     ] GC(14) Using 4 workers of 4 for evacuation
[2024-10-15T03:56:24.907+0000][125][debug][gc,age      ] GC(14) Desired survivor size 56623104 bytes, new threshold 15 (max threshold 15)
[2024-10-15T03:56:25.032+0000][125][info ][gc,phases   ] GC(14)   Pre Evacuate Collection Set: 0.81ms
[2024-10-15T03:56:25.032+0000][125][info ][gc,phases   ] GC(14)   Merge Heap Roots: 0.23ms
[2024-10-15T03:56:25.032+0000][125][info ][gc,phases   ] GC(14)   Evacuate Collection Set: 115.44ms
[2024-10-15T03:56:25.032+0000][125][info ][gc,phases   ] GC(14)   Post Evacuate Collection Set: 8.29ms
[2024-10-15T03:56:25.032+0000][125][info ][gc,phases   ] GC(14)   Other: 0.15ms
[2024-10-15T03:56:25.032+0000][125][trace][gc,age      ] GC(14) Age table with threshold 15 (max threshold 15)
[2024-10-15T03:56:25.032+0000][125][trace][gc,age      ] GC(14) - age   1:   65907656 bytes,   65907656 total
[2024-10-15T03:56:25.032+0000][125][trace][gc,age      ] GC(14) - age   2:   19764752 bytes,   85672408 total
[2024-10-15T03:56:25.032+0000][125][trace][gc,age      ] GC(14) - age   3:    2938280 bytes,   88610688 total
[2024-10-15T03:56:25.032+0000][125][trace][gc,age      ] GC(14) - age   4:    6820816 bytes,   95431504 total
[2024-10-15T03:56:25.032+0000][125][trace][gc,age      ] GC(14) - age   5:    2942656 bytes,   98374160 total
[2024-10-15T03:56:25.032+0000][125][trace][gc,age      ] GC(14) - age   6:    5559032 bytes,  103933192 total
[2024-10-15T03:56:25.032+0000][125][trace][gc,age      ] GC(14) - age   7:    2451184 bytes,  106384376 total
[2024-10-15T03:56:25.032+0000][125][trace][gc,age      ] GC(14) - age   8:    2596424 bytes,  108980800 total
[2024-10-15T03:56:25.032+0000][125][trace][gc,age      ] GC(14) - age   9:    3643816 bytes,  112624616 total
[2024-10-15T03:56:25.032+0000][125][info ][gc,heap     ] GC(14) Eden regions: 201->0(70)
[2024-10-15T03:56:25.032+0000][125][info ][gc,heap     ] GC(14) Survivor regions: 13->27(27)
[2024-10-15T03:56:25.032+0000][125][info ][gc,heap     ] GC(14) Old regions: 4->6
[2024-10-15T03:56:25.032+0000][125][info ][gc,heap     ] GC(14) Humongous regions: 2->2
[2024-10-15T03:56:25.032+0000][125][info ][gc,metaspace] GC(14) Metaspace: 141668K(145600K)->141668K(145600K) NonClass: 121547K(123712K)->121547K(123712K) Class: 20120K(21888K)->20120K(21888K)
[2024-10-15T03:56:25.032+0000][125][info ][gc          ] GC(14) Pause Young (Normal) (G1 Evacuation Pause) 875M->138M(5476M) 125.152ms
[2024-10-15T03:56:25.032+0000][125][info ][gc,cpu      ] GC(14) User=0.36s Sys=0.03s Real=0.12s
[2024-10-15T03:56:25.035+0000][125][info ][safepoint   ] Safepoint "G1CollectForAllocation", Time since last: 217661654 ns, Reaching safepoint: 857047 ns, Cleanup: 105351 ns, At safepoint: 128012964 ns, Total: 128975362 ns
[2024-10-15T03:56:26.036+0000][125][info ][safepoint   ] Safepoint "Cleanup", Time since last: 1000905275 ns, Reaching safepoint: 18478 ns, Cleanup: 59415 ns, At safepoint: 15527 ns, Total: 93420 ns
[2024-10-15T03:56:26.943+0000][125][info ][safepoint   ] Safepoint "ICBufferFull", Time since last: 906007168 ns, Reaching safepoint: 904310 ns, Cleanup: 159502 ns, At safepoint: 80194 ns, Total: 1144006 ns
[2024-10-15T03:56:27.677+0000][125][info ][safepoint   ] Safepoint "ICBufferFull", Time since last: 732880967 ns, Reaching safepoint: 20000 ns, Cleanup: 1001533 ns, At safepoint: 32208 ns, Total: 1053741 ns
[2024-10-15T03:56:29.548+0000][125][info ][safepoint   ] Safepoint "Cleanup", Time since last: 1870899009 ns, Reaching safepoint: 21827 ns, Cleanup: 49054 ns, At safepoint: 13431 ns, Total: 84312 ns
[2024-10-15T03:56:31.558+0000][125][info ][safepoint   ] Safepoint "Cleanup", Time since last: 2005723369 ns, Reaching safepoint: 955100 ns, Cleanup: 134448 ns, At safepoint: 3112053 ns, Total: 4201601 ns
[2024-10-15T03:56:32.141+0000][125][info ][safepoint   ] Safepoint "ICBufferFull", Time since last: 580853654 ns, Reaching safepoint: 2222987 ns, Cleanup: 136602 ns, At safepoint: 142354 ns, Total: 2501943 ns
[2024-10-15T03:56:32.777+0000][125][info ][gc,start    ] GC(15) Pause Young (Normal) (G1 Evacuation Pause)
[2024-10-15T03:56:32.777+0000][125][info ][gc,task     ] GC(15) Using 4 workers of 4 for evacuation
[2024-10-15T03:56:32.777+0000][125][debug][gc,age      ] GC(15) Desired survivor size 18874368 bytes, new threshold 1 (max threshold 15)
[2024-10-15T03:56:33.054+0000][125][info ][gc,mmu      ] GC(15) MMU target violated: 201.0ms (200.0ms/201.0ms)
[2024-10-15T03:56:33.054+0000][125][info ][gc,phases   ] GC(15)   Pre Evacuate Collection Set: 0.82ms
[2024-10-15T03:56:33.054+0000][125][info ][gc,phases   ] GC(15)   Merge Heap Roots: 0.53ms
[2024-10-15T03:56:33.054+0000][125][info ][gc,phases   ] GC(15)   Evacuate Collection Set: 266.17ms
[2024-10-15T03:56:33.054+0000][125][info ][gc,phases   ] GC(15)   Post Evacuate Collection Set: 9.12ms
[2024-10-15T03:56:33.054+0000][125][info ][gc,phases   ] GC(15)   Other: 0.20ms
[2024-10-15T03:56:33.054+0000][125][trace][gc,age      ] GC(15) Age table with threshold 1 (max threshold 15)
[2024-10-15T03:56:33.054+0000][125][trace][gc,age      ] GC(15) - age   1:    8008440 bytes,    8008440 total
[2024-10-15T03:56:33.054+0000][125][info ][gc,heap     ] GC(15) Eden regions: 41->0(114)
[2024-10-15T03:56:33.054+0000][125][info ][gc,heap     ] GC(15) Survivor regions: 27->3(9)
[2024-10-15T03:56:33.054+0000][125][info ][gc,heap     ] GC(15) Old regions: 6->34
[2024-10-15T03:56:33.054+0000][125][info ][gc,heap     ] GC(15) Humongous regions: 2->2
[2024-10-15T03:56:33.054+0000][125][info ][gc,metaspace] GC(15) Metaspace: 147308K(151488K)->147308K(151488K) NonClass: 126294K(128640K)->126294K(128640K) Class: 21014K(22848K)->21014K(22848K)
[2024-10-15T03:56:33.054+0000][125][info ][gc          ] GC(15) Pause Young (Normal) (G1 Evacuation Pause) 302M->153M(5476M) 277.055ms
[2024-10-15T03:56:33.054+0000][125][info ][gc,cpu      ] GC(15) User=0.66s Sys=0.04s Real=0.27s
[2024-10-15T03:56:33.071+0000][125][info ][safepoint   ] Safepoint "G1CollectForAllocation", Time since last: 634387671 ns, Reaching safepoint: 1269350 ns, Cleanup: 77300 ns, At safepoint: 293857378 ns, Total: 295204028 ns
[2024-10-15T03:56:33.662+0000][125][info ][safepoint   ] Safepoint "ICBufferFull", Time since last: 590001903 ns, Reaching safepoint: 1060494 ns, Cleanup: 142759 ns, At safepoint: 131240 ns, Total: 1334493 ns
[2024-10-15T03:56:33.705+0000][125][info ][safepoint   ] Safepoint "ICBufferFull", Time since last: 33081636 ns, Reaching safepoint: 1414319 ns, Cleanup: 16500 ns, At safepoint: 8401255 ns, Total: 9832074 ns
[2024-10-15T03:56:33.736+0000][125][info ][safepoint   ] Safepoint "ICBufferFull", Time since last: 29741821 ns, Reaching safepoint: 1077890 ns, Cleanup: 22161 ns, At safepoint: 85514 ns, Total: 1185565 ns
[2024-10-15T03:56:34.508+0000][125][info ][safepoint   ] Safepoint "ICBufferFull", Time since last: 764916166 ns, Reaching safepoint: 890588 ns, Cleanup: 141132 ns, At safepoint: 5868415 ns, Total: 6900135 ns
[2024-10-15T03:56:35.118+0000][125][info ][safepoint   ] Safepoint "ICBufferFull", Time since last: 609196929 ns, Reaching safepoint: 730632 ns, Cleanup: 140133 ns, At safepoint: 121840 ns, Total: 992605 ns
[2024-10-15T03:56:35.880+0000][125][info ][safepoint   ] Safepoint "ICBufferFull", Time since last: 761433326 ns, Reaching safepoint: 286923 ns, Cleanup: 138589 ns, At safepoint: 91997 ns, Total: 517509 ns
[2024-10-15T03:56:36.712+0000][125][info ][safepoint   ] Safepoint "ICBufferFull", Time since last: 826127913 ns, Reaching safepoint: 805516 ns, Cleanup: 137517 ns, At safepoint: 4387702 ns, Total: 5330735 ns
[2024-10-15T03:56:36.723+0000][125][info ][safepoint   ] Safepoint "ICBufferFull", Time since last: 2109425 ns, Reaching safepoint: 278135 ns, Cleanup: 8307 ns, At safepoint: 8580686 ns, Total: 8867128 ns
[2024-10-15T03:56:36.734+0000][125][info ][safepoint   ] Safepoint "ICBufferFull", Time since last: 237859 ns, Reaching safepoint: 1273857 ns, Cleanup: 7134 ns, At safepoint: 10276711 ns, Total: 11557702 ns
[2024-10-15T03:56:37.785+0000][125][info ][safepoint   ] Safepoint "Cleanup", Time since last: 1048648624 ns, Reaching safepoint: 926107 ns, Cleanup: 87749 ns, At safepoint: 1211255 ns, Total: 2225111 ns
[2024-10-15T03:56:38.599+0000][125][info ][safepoint   ] Safepoint "ICBufferFull", Time since last: 803710830 ns, Reaching safepoint: 1069381 ns, Cleanup: 136574 ns, At safepoint: 9123379 ns, Total: 10329334 ns
[2024-10-15T03:56:39.445+0000][125][info ][safepoint   ] Safepoint "ICBufferFull", Time since last: 845241642 ns, Reaching safepoint: 361343 ns, Cleanup: 116093 ns, At safepoint: 122961 ns, Total: 600397 ns
[2024-10-15T03:56:39.446+0000][125][info ][safepoint   ] Safepoint "ICBufferFull", Time since last: 308286 ns, Reaching safepoint: 461104 ns, Cleanup: 6703 ns, At safepoint: 132681 ns, Total: 600488 ns
[2024-10-15T03:56:39.935+0000][125][info ][safepoint   ] Safepoint "ICBufferFull", Time since last: 487845435 ns, Reaching safepoint: 1322423 ns, Cleanup: 107692 ns, At safepoint: 137414 ns, Total: 1567529 ns
[2024-10-15T03:56:40.781+0000][125][info ][safepoint   ] Safepoint "ICBufferFull", Time since last: 840082117 ns, Reaching safepoint: 5662956 ns, Cleanup: 167238 ns, At safepoint: 159375 ns, Total: 5989569 ns
[2024-10-15T03:56:42.071+0000][125][info ][safepoint   ] Safepoint "Cleanup", Time since last: 1288580309 ns, Reaching safepoint: 822919 ns, Cleanup: 138721 ns, At safepoint: 117478 ns, Total: 1079118 ns
[2024-10-15T03:56:43.324+0000][125][info ][safepoint   ] Safepoint "Cleanup", Time since last: 1252932997 ns, Reaching safepoint: 12795 ns, Cleanup: 155763 ns, At safepoint: 89882 ns, Total: 258440 ns
[2024-10-15T03:56:44.657+0000][125][info ][safepoint   ] Safepoint "Cleanup", Time since last: 1332531751 ns, Reaching safepoint: 21784 ns, Cleanup: 47981 ns, At safepoint: 9531 ns, Total: 79296 ns
[2024-10-15T03:56:45.691+0000][125][info ][safepoint   ] Safepoint "Cleanup", Time since last: 1033743506 ns, Reaching safepoint: 29578 ns, Cleanup: 14815 ns, At safepoint: 105031 ns, Total: 149424 ns
[2024-10-15T03:56:46.915+0000][125][info ][safepoint   ] Safepoint "Cleanup", Time since last: 1222352081 ns, Reaching safepoint: 20809 ns, Cleanup: 71572 ns, At safepoint: 10642 ns, Total: 103023 ns
[2024-10-15T03:56:48.408+0000][125][info ][safepoint   ] Safepoint "Cleanup", Time since last: 1492634488 ns, Reaching safepoint: 20748 ns, Cleanup: 46851 ns, At safepoint: 10317 ns, Total: 77916 ns
[2024-10-15T03:56:49.409+0000][125][info ][safepoint   ] Safepoint "Cleanup", Time since last: 1000992664 ns, Reaching safepoint: 24648 ns, Cleanup: 51208 ns, At safepoint: 10668 ns, Total: 86524 ns
[2024-10-15T03:56:52.412+0000][125][info ][safepoint   ] Safepoint "Cleanup", Time since last: 3003108011 ns, Reaching safepoint: 74228 ns, Cleanup: 54322 ns, At safepoint: 49638 ns, Total: 178188 ns
[2024-10-15T03:56:53.413+0000][125][info ][safepoint   ] Safepoint "Cleanup", Time since last: 1000706061 ns, Reaching safepoint: 41095 ns, Cleanup: 19869 ns, At safepoint: 16538 ns, Total: 77502 ns
[2024-10-15T03:56:54.414+0000][125][info ][safepoint   ] Safepoint "Cleanup", Time since last: 1000828921 ns, Reaching safepoint: 23579 ns, Cleanup: 20418 ns, At safepoint: 11440 ns, Total: 55437 ns
[2024-10-15T03:56:55.415+0000][125][info ][safepoint   ] Safepoint "Cleanup", Time since last: 1000845358 ns, Reaching safepoint: 27654 ns, Cleanup: 26462 ns, At safepoint: 13063 ns, Total: 67179 ns
[2024-10-15T03:56:57.417+0000][125][info ][safepoint   ] Safepoint "Cleanup", Time since last: 2001952993 ns, Reaching safepoint: 22409 ns, Cleanup: 40111 ns, At safepoint: 10960 ns, Total: 73480 ns
[2024-10-15T03:56:58.417+0000][125][info ][safepoint   ] Safepoint "Cleanup", Time since last: 1000239275 ns, Reaching safepoint: 24998 ns, Cleanup: 24185 ns, At safepoint: 13294 ns, Total: 62477 ns
[2024-10-15T03:56:59.418+0000][125][info ][safepoint   ] Safepoint "Cleanup", Time since last: 1000803452 ns, Reaching safepoint: 20584 ns, Cleanup: 20534 ns, At safepoint: 9944 ns, Total: 51062 ns
[2024-10-15T03:57:01.420+0000][125][info ][safepoint   ] Safepoint "Cleanup", Time since last: 2001900951 ns, Reaching safepoint: 23000 ns, Cleanup: 46461 ns, At safepoint: 14796 ns, Total: 84257 ns
[2024-10-15T03:57:02.421+0000][125][info ][safepoint   ] Safepoint "Cleanup", Time since last: 1000974682 ns, Reaching safepoint: 20726 ns, Cleanup: 44473 ns, At safepoint: 10327 ns, Total: 75526 ns
[2024-10-15T03:57:04.423+0000][125][info ][safepoint   ] Safepoint "Cleanup", Time since last: 2001729374 ns, Reaching safepoint: 21696 ns, Cleanup: 23508 ns, At safepoint: 12884 ns, Total: 58088 ns
[2024-10-15T03:57:05.424+0000][125][info ][safepoint   ] Safepoint "Cleanup", Time since last: 1001046088 ns, Reaching safepoint: 25367 ns, Cleanup: 32365 ns, At safepoint: 12354 ns, Total: 70086 ns
[2024-10-15T03:57:06.426+0000][125][info ][safepoint   ] Safepoint "Cleanup", Time since last: 1001463134 ns, Reaching safepoint: 91716 ns, Cleanup: 41195 ns, At safepoint: 117379 ns, Total: 250290 ns
[2024-10-15T03:57:07.428+0000][125][info ][safepoint   ] Safepoint "Cleanup", Time since last: 1001817336 ns, Reaching safepoint: 29882 ns, Cleanup: 61083 ns, At safepoint: 66603 ns, Total: 157568 ns
[2024-10-15T03:57:08.429+0000][125][info ][safepoint   ] Safepoint "Cleanup", Time since last: 1001280325 ns, Reaching safepoint: 27406 ns, Cleanup: 13938 ns, At safepoint: 12576 ns, Total: 53920 ns
[2024-10-15T03:57:09.430+0000][125][info ][safepoint   ] Safepoint "Cleanup", Time since last: 1001045880 ns, Reaching safepoint: 32049 ns, Cleanup: 17502 ns, At safepoint: 14705 ns, Total: 64256 ns
[2024-10-15T03:57:10.431+0000][125][info ][safepoint   ] Safepoint "Cleanup", Time since last: 1001009802 ns, Reaching safepoint: 37025 ns, Cleanup: 29040 ns, At safepoint: 88286 ns, Total: 154351 ns
[2024-10-15T03:57:12.433+0000][125][info ][safepoint   ] Safepoint "Cleanup", Time since last: 2001768719 ns, Reaching safepoint: 30323 ns, Cleanup: 70074 ns, At safepoint: 17079 ns, Total: 117476 ns
[2024-10-15T03:57:13.479+0000][125][info ][safepoint   ] Safepoint "Cleanup", Time since last: 1046013656 ns, Reaching safepoint: 72516 ns, Cleanup: 50170 ns, At safepoint: 12418 ns, Total: 135104 ns
[2024-10-15T03:57:15.481+0000][125][info ][safepoint   ] Safepoint "Cleanup", Time since last: 2001748179 ns, Reaching safepoint: 39071 ns, Cleanup: 21153 ns, At safepoint: 19884 ns, Total: 80108 ns
[2024-10-15T03:57:16.484+0000][125][info ][safepoint   ] Safepoint "Cleanup", Time since last: 1001036505 ns, Reaching safepoint: 1763627 ns, Cleanup: 187991 ns, At safepoint: 314291 ns, Total: 2265909 ns
[2024-10-15T03:57:17.486+0000][125][info ][safepoint   ] Safepoint "Cleanup", Time since last: 1001632622 ns, Reaching safepoint: 21022 ns, Cleanup: 20602 ns, At safepoint: 11180 ns, Total: 52804 ns
[2024-10-15T03:57:18.487+0000][125][info ][safepoint   ] Safepoint "Cleanup", Time since last: 1000868232 ns, Reaching safepoint: 31121 ns, Cleanup: 11227 ns, At safepoint: 10870 ns, Total: 53218 ns
[2024-10-15T03:57:19.488+0000][125][info ][safepoint   ] Safepoint "Cleanup", Time since last: 1000924364 ns, Reaching safepoint: 24681 ns, Cleanup: 16254 ns, At safepoint: 10998 ns, Total: 51933 ns
[2024-10-15T03:57:21.490+0000][125][info ][safepoint   ] Safepoint "Cleanup", Time since last: 2001744211 ns, Reaching safepoint: 33891 ns, Cleanup: 28689 ns, At safepoint: 49372 ns, Total: 111952 ns
[2024-10-15T03:57:22.491+0000][125][info ][safepoint   ] Safepoint "Cleanup", Time since last: 1001127579 ns, Reaching safepoint: 20476 ns, Cleanup: 28132 ns, At safepoint: 9989 ns, Total: 58597 ns
[2024-10-15T03:57:24.704+0000][125][info ][gc,start    ] GC(16) Pause Young (Concurrent Start) (CodeCache GC Threshold)
[2024-10-15T03:57:24.704+0000][125][info ][gc,task     ] GC(16) Using 4 workers of 4 for evacuation
[2024-10-15T03:57:24.704+0000][125][debug][gc,age      ] GC(16) Desired survivor size 54525952 bytes, new threshold 15 (max threshold 15)
[2024-10-15T03:57:24.724+0000][125][info ][gc,phases   ] GC(16)   Pre Evacuate Collection Set: 1.04ms
[2024-10-15T03:57:24.725+0000][125][info ][gc,phases   ] GC(16)   Merge Heap Roots: 0.37ms
[2024-10-15T03:57:24.725+0000][125][info ][gc,phases   ] GC(16)   Evacuate Collection Set: 14.70ms
[2024-10-15T03:57:24.725+0000][125][info ][gc,phases   ] GC(16)   Post Evacuate Collection Set: 3.37ms
[2024-10-15T03:57:24.725+0000][125][info ][gc,phases   ] GC(16)   Other: 0.64ms
[2024-10-15T03:57:24.725+0000][125][trace][gc,age      ] GC(16) Age table with threshold 15 (max threshold 15)
[2024-10-15T03:57:24.725+0000][125][trace][gc,age      ] GC(16) - age   1:    8872744 bytes,    8872744 total
[2024-10-15T03:57:24.725+0000][125][trace][gc,age      ] GC(16) - age   2:    3602640 bytes,   12475384 total
[2024-10-15T03:57:24.725+0000][125][info ][gc,heap     ] GC(16) Eden regions: 193->0(216)
[2024-10-15T03:57:24.725+0000][125][info ][gc,heap     ] GC(16) Survivor regions: 3->4(26)
[2024-10-15T03:57:24.725+0000][125][info ][gc,heap     ] GC(16) Old regions: 34->34
[2024-10-15T03:57:24.725+0000][125][info ][gc,heap     ] GC(16) Humongous regions: 2->2
[2024-10-15T03:57:24.725+0000][125][info ][gc,metaspace] GC(16) Metaspace: 151584K(155904K)->151584K(155904K) NonClass: 130231K(132608K)->130231K(132608K) Class: 21353K(23296K)->21353K(23296K)
[2024-10-15T03:57:24.725+0000][125][info ][gc          ] GC(16) Pause Young (Concurrent Start) (CodeCache GC Threshold) 922M->157M(5476M) 20.389ms
[2024-10-15T03:57:24.725+0000][125][info ][gc,cpu      ] GC(16) User=0.06s Sys=0.00s Real=0.02s
[2024-10-15T03:57:24.725+0000][125][info ][gc          ] GC(17) Concurrent Mark Cycle
[2024-10-15T03:57:24.725+0000][125][info ][gc,marking  ] GC(17) Concurrent Scan Root Regions
[2024-10-15T03:57:24.725+0000][125][info ][safepoint   ] Safepoint "G1TryInitiateConcMark", Time since last: 2211689510 ns, Reaching safepoint: 1076401 ns, Cleanup: 34067 ns, At safepoint: 20637924 ns, Total: 21748392 ns
[2024-10-15T03:57:24.750+0000][125][info ][gc,marking  ] GC(17) Concurrent Scan Root Regions 25.314ms
[2024-10-15T03:57:24.750+0000][125][info ][gc,marking  ] GC(17) Concurrent Mark
[2024-10-15T03:57:24.750+0000][125][info ][gc,marking  ] GC(17) Concurrent Mark From Roots
[2024-10-15T03:57:24.750+0000][125][info ][gc,task     ] GC(17) Using 1 workers of 1 for marking
[2024-10-15T03:57:25.024+0000][125][info ][gc,marking  ] GC(17) Concurrent Mark From Roots 273.798ms
[2024-10-15T03:57:25.024+0000][125][info ][gc,marking  ] GC(17) Concurrent Preclean
[2024-10-15T03:57:25.026+0000][125][info ][gc,marking  ] GC(17) Concurrent Preclean 1.497ms
[2024-10-15T03:57:25.026+0000][125][info ][gc,start    ] GC(17) Pause Remark
[2024-10-15T03:57:25.090+0000][125][info ][gc          ] GC(17) Pause Remark 164M->164M(5476M) 63.957ms
[2024-10-15T03:57:25.090+0000][125][info ][gc,cpu      ] GC(17) User=0.19s Sys=0.01s Real=0.07s
[2024-10-15T03:57:25.090+0000][125][info ][safepoint   ] Safepoint "G1PauseRemark", Time since last: 300921402 ns, Reaching safepoint: 30418 ns, Cleanup: 19058 ns, At safepoint: 64128686 ns, Total: 64178162 ns
[2024-10-15T03:57:25.090+0000][125][info ][gc,marking  ] GC(17) Concurrent Mark 339.922ms
[2024-10-15T03:57:25.090+0000][125][info ][gc,marking  ] GC(17) Concurrent Rebuild Remembered Sets and Scrub Regions
[2024-10-15T03:57:25.235+0000][125][info ][gc,marking  ] GC(17) Concurrent Rebuild Remembered Sets and Scrub Regions 144.414ms
[2024-10-15T03:57:25.236+0000][125][info ][gc,start    ] GC(17) Pause Cleanup
[2024-10-15T03:57:25.237+0000][125][info ][gc          ] GC(17) Pause Cleanup 165M->165M(5476M) 0.508ms
[2024-10-15T03:57:25.237+0000][125][info ][gc,cpu      ] GC(17) User=0.00s Sys=0.00s Real=0.00s
[2024-10-15T03:57:25.237+0000][125][info ][safepoint   ] Safepoint "G1PauseCleanup", Time since last: 145014737 ns, Reaching safepoint: 1324931 ns, Cleanup: 28334 ns, At safepoint: 645043 ns, Total: 1998308 ns
[2024-10-15T03:57:25.238+0000][125][info ][gc,marking  ] GC(17) Concurrent Clear Claimed Marks
[2024-10-15T03:57:25.240+0000][125][info ][gc,marking  ] GC(17) Concurrent Clear Claimed Marks 2.004ms
[2024-10-15T03:57:25.240+0000][125][info ][gc,marking  ] GC(17) Concurrent Cleanup for Next Mark
[2024-10-15T03:57:25.248+0000][125][info ][gc,marking  ] GC(17) Concurrent Cleanup for Next Mark 7.929ms
[2024-10-15T03:57:25.248+0000][125][info ][gc          ] GC(17) Concurrent Mark Cycle 522.894ms
[2024-10-15T03:57:26.534+0000][125][info ][safepoint   ] Safepoint "Cleanup", Time since last: 1295760092 ns, Reaching safepoint: 1317692 ns, Cleanup: 46487 ns, At safepoint: 147799 ns, Total: 1511978 ns
[2024-10-15T03:57:27.535+0000][125][info ][safepoint   ] Safepoint "Cleanup", Time since last: 1001218012 ns, Reaching safepoint: 21557 ns, Cleanup: 20933 ns, At safepoint: 9873 ns, Total: 52363 ns
[2024-10-15T03:57:28.536+0000][125][info ][safepoint   ] Safepoint "Cleanup", Time since last: 1000888353 ns, Reaching safepoint: 20008 ns, Cleanup: 18102 ns, At safepoint: 10050 ns, Total: 48160 ns
[2024-10-15T03:57:30.537+0000][125][info ][safepoint   ] Safepoint "Cleanup", Time since last: 2001017808 ns, Reaching safepoint: 21087 ns, Cleanup: 11996 ns, At safepoint: 9659 ns, Total: 42742 ns
[2024-10-15T03:57:31.540+0000][125][info ][safepoint   ] Safepoint "Cleanup", Time since last: 1000618741 ns, Reaching safepoint: 1263953 ns, Cleanup: 78495 ns, At safepoint: 99543 ns, Total: 1441991 ns
[2024-10-15T03:57:32.540+0000][125][info ][safepoint   ] Safepoint "Cleanup", Time since last: 1000694853 ns, Reaching safepoint: 29671 ns, Cleanup: 24832 ns, At safepoint: 13406 ns, Total: 67909 ns
[2024-10-15T03:57:33.728+0000][125][info ][safepoint   ] Safepoint "Cleanup", Time since last: 1187127025 ns, Reaching safepoint: 722299 ns, Cleanup: 71202 ns, At safepoint: 102799 ns, Total: 896300 ns
[2024-10-15T03:57:34.178+0000][125][info ][safepoint   ] Safepoint "ICBufferFull", Time since last: 449048449 ns, Reaching safepoint: 23490 ns, Cleanup: 145436 ns, At safepoint: 11231 ns, Total: 180157 ns
[2024-10-15T03:57:35.856+0000][125][info ][safepoint   ] Safepoint "Cleanup", Time since last: 1677827991 ns, Reaching safepoint: 54700 ns, Cleanup: 74516 ns, At safepoint: 10396 ns, Total: 139612 ns
[2024-10-15T03:57:36.864+0000][125][info ][safepoint   ] Safepoint "Cleanup", Time since last: 1008318973 ns, Reaching safepoint: 19194 ns, Cleanup: 53916 ns, At safepoint: 143716 ns, Total: 216826 ns
[2024-10-15T03:57:37.889+0000][125][info ][safepoint   ] Safepoint "Cleanup", Time since last: 1025235570 ns, Reaching safepoint: 21980 ns, Cleanup: 23225 ns, At safepoint: 10160 ns, Total: 55365 ns
[2024-10-15T03:57:38.935+0000][125][info ][safepoint   ] Safepoint "Cleanup", Time since last: 1046015272 ns, Reaching safepoint: 21761 ns, Cleanup: 19012 ns, At safepoint: 9394 ns, Total: 50167 ns
[2024-10-15T03:57:39.936+0000][125][info ][safepoint   ] Safepoint "Cleanup", Time since last: 1000935183 ns, Reaching safepoint: 21183 ns, Cleanup: 21422 ns, At safepoint: 11358 ns, Total: 53963 ns
[2024-10-15T03:57:41.939+0000][125][info ][safepoint   ] Safepoint "Cleanup", Time since last: 2002043607 ns, Reaching safepoint: 19624 ns, Cleanup: 27908 ns, At safepoint: 10619 ns, Total: 58151 ns
[2024-10-15T03:57:42.939+0000][125][info ][safepoint   ] Safepoint "Cleanup", Time since last: 1000904280 ns, Reaching safepoint: 32022 ns, Cleanup: 41909 ns, At safepoint: 13892 ns, Total: 87823 ns
[2024-10-15T03:57:44.942+0000][125][info ][safepoint   ] Safepoint "Cleanup", Time since last: 2002867230 ns, Reaching safepoint: 32897 ns, Cleanup: 20101 ns, At safepoint: 13321 ns, Total: 66319 ns
[2024-10-15T03:57:45.944+0000][125][info ][safepoint   ] Safepoint "Cleanup", Time since last: 1001096827 ns, Reaching safepoint: 32249 ns, Cleanup: 34203 ns, At safepoint: 18648 ns, Total: 85100 ns
[2024-10-15T03:57:46.990+0000][125][info ][safepoint   ] Safepoint "Cleanup", Time since last: 1045540587 ns, Reaching safepoint: 28898 ns, Cleanup: 23668 ns, At safepoint: 15083 ns, Total: 67649 ns
[2024-10-15T03:57:48.992+0000][125][info ][safepoint   ] Safepoint "Cleanup", Time since last: 2001954666 ns, Reaching safepoint: 20357 ns, Cleanup: 12595 ns, At safepoint: 10109 ns, Total: 43061 ns
[2024-10-15T03:57:49.993+0000][125][info ][safepoint   ] Safepoint "Cleanup", Time since last: 1001074281 ns, Reaching safepoint: 69748 ns, Cleanup: 14080 ns, At safepoint: 14855 ns, Total: 98683 ns
[2024-10-15T03:57:51.995+0000][125][info ][safepoint   ] Safepoint "Cleanup", Time since last: 2001927670 ns, Reaching safepoint: 23251 ns, Cleanup: 29942 ns, At safepoint: 12302 ns, Total: 65495 ns
[2024-10-15T03:57:52.998+0000][125][info ][safepoint   ] Safepoint "Cleanup", Time since last: 1002914268 ns, Reaching safepoint: 28218 ns, Cleanup: 15437 ns, At safepoint: 12074 ns, Total: 55729 ns
[2024-10-15T03:57:55.000+0000][125][info ][safepoint   ] Safepoint "Cleanup", Time since last: 2001937297 ns, Reaching safepoint: 32600 ns, Cleanup: 19153 ns, At safepoint: 14444 ns, Total: 66197 ns
[2024-10-15T03:57:57.066+0000][125][info ][safepoint   ] Safepoint "Cleanup", Time since last: 2065982962 ns, Reaching safepoint: 27441 ns, Cleanup: 28694 ns, At safepoint: 14383 ns, Total: 70518 ns
[2024-10-15T03:57:58.068+0000][125][info ][safepoint   ] Safepoint "Cleanup", Time since last: 1000986846 ns, Reaching safepoint: 76239 ns, Cleanup: 114042 ns, At safepoint: 829065 ns, Total: 1019346 ns
[2024-10-15T03:58:01.072+0000][125][info ][safepoint   ] Safepoint "Cleanup", Time since last: 3003873632 ns, Reaching safepoint: 33595 ns, Cleanup: 21016 ns, At safepoint: 13317 ns, Total: 67928 ns
[2024-10-15T03:58:02.074+0000][125][info ][safepoint   ] Safepoint "Cleanup", Time since last: 1001240154 ns, Reaching safepoint: 34757 ns, Cleanup: 23507 ns, At safepoint: 31049 ns, Total: 89313 ns
[2024-10-15T03:58:04.081+0000][125][info ][safepoint   ] Safepoint "Cleanup", Time since last: 2007088213 ns, Reaching safepoint: 31307 ns, Cleanup: 22652 ns, At safepoint: 15088 ns, Total: 69047 ns
[2024-10-15T03:58:07.085+0000][125][info ][safepoint   ] Safepoint "Cleanup", Time since last: 3004286449 ns, Reaching safepoint: 55935 ns, Cleanup: 27933 ns, At safepoint: 14742 ns, Total: 98610 ns
[2024-10-15T03:58:10.088+0000][125][info ][safepoint   ] Safepoint "Cleanup", Time since last: 3002839204 ns, Reaching safepoint: 25736 ns, Cleanup: 369521 ns, At safepoint: 42198 ns, Total: 437455 ns
[2024-10-15T03:58:12.090+0000][125][info ][safepoint   ] Safepoint "Cleanup", Time since last: 2001749239 ns, Reaching safepoint: 20679 ns, Cleanup: 18970 ns, At safepoint: 10126 ns, Total: 49775 ns
[2024-10-15T03:58:13.110+0000][125][info ][safepoint   ] Safepoint "Cleanup", Time since last: 1019602962 ns, Reaching safepoint: 30218 ns, Cleanup: 37370 ns, At safepoint: 12280 ns, Total: 79868 ns
[2024-10-15T03:58:14.110+0000][125][info ][safepoint   ] Safepoint "Cleanup", Time since last: 1000252903 ns, Reaching safepoint: 41032 ns, Cleanup: 14242 ns, At safepoint: 47212 ns, Total: 102486 ns
[2024-10-15T03:58:16.112+0000][125][info ][safepoint   ] Safepoint "Cleanup", Time since last: 2001965562 ns, Reaching safepoint: 31745 ns, Cleanup: 16723 ns, At safepoint: 48342 ns, Total: 96810 ns
[2024-10-15T03:58:17.114+0000][125][info ][safepoint   ] Safepoint "Cleanup", Time since last: 1001005386 ns, Reaching safepoint: 23538 ns, Cleanup: 23979 ns, At safepoint: 46799 ns, Total: 94316 ns
[2024-10-15T03:58:19.117+0000][125][info ][safepoint   ] Safepoint "Cleanup", Time since last: 2001826116 ns, Reaching safepoint: 1074382 ns, Cleanup: 30154 ns, At safepoint: 170150 ns, Total: 1274686 ns
[2024-10-15T03:58:22.120+0000][125][info ][safepoint   ] Safepoint "Cleanup", Time since last: 3002691940 ns, Reaching safepoint: 48589 ns, Cleanup: 20963 ns, At safepoint: 8937 ns, Total: 78489 ns
[2024-10-15T03:58:23.121+0000][125][info ][safepoint   ] Safepoint "Cleanup", Time since last: 1000751631 ns, Reaching safepoint: 21970 ns, Cleanup: 20140 ns, At safepoint: 11001 ns, Total: 53111 ns
[2024-10-15T03:58:24.121+0000][125][info ][safepoint   ] Safepoint "Cleanup", Time since last: 1000269175 ns, Reaching safepoint: 34612 ns, Cleanup: 82507 ns, At safepoint: 22043 ns, Total: 139162 ns
[2024-10-15T03:58:25.122+0000][125][info ][safepoint   ] Safepoint "Cleanup", Time since last: 1000590471 ns, Reaching safepoint: 23816 ns, Cleanup: 16141 ns, At safepoint: 9911 ns, Total: 49868 ns
[2024-10-15T03:58:26.123+0000][125][info ][safepoint   ] Safepoint "Cleanup", Time since last: 1001169169 ns, Reaching safepoint: 36979 ns, Cleanup: 16101 ns, At safepoint: 12172 ns, Total: 65252 ns
[2024-10-15T03:58:27.124+0000][125][info ][safepoint   ] Safepoint "Cleanup", Time since last: 1000913672 ns, Reaching safepoint: 23531 ns, Cleanup: 23780 ns, At safepoint: 9439 ns, Total: 56750 ns
[2024-10-15T03:58:28.125+0000][125][info ][safepoint   ] Safepoint "Cleanup", Time since last: 1000708849 ns, Reaching safepoint: 33882 ns, Cleanup: 25274 ns, At safepoint: 11947 ns, Total: 71103 ns
[2024-10-15T03:58:29.126+0000][125][info ][safepoint   ] Safepoint "Cleanup", Time since last: 1001312103 ns, Reaching safepoint: 46620 ns, Cleanup: 22447 ns, At safepoint: 21577 ns, Total: 90644 ns
[2024-10-15T03:58:31.128+0000][125][info ][safepoint   ] Safepoint "Cleanup", Time since last: 2001554586 ns, Reaching safepoint: 24668 ns, Cleanup: 13264 ns, At safepoint: 13437 ns, Total: 51369 ns
[2024-10-15T03:58:32.129+0000][125][info ][safepoint   ] Safepoint "Cleanup", Time since last: 1001226247 ns, Reaching safepoint: 27492 ns, Cleanup: 71763 ns, At safepoint: 25215 ns, Total: 124470 ns
[2024-10-15T03:58:34.149+0000][125][info ][safepoint   ] Safepoint "Cleanup", Time since last: 2016441006 ns, Reaching safepoint: 3572817 ns, Cleanup: 32716 ns, At safepoint: 56825 ns, Total: 3662358 ns
[2024-10-15T03:58:35.150+0000][125][info ][safepoint   ] Safepoint "Cleanup", Time since last: 1000399930 ns, Reaching safepoint: 21175 ns, Cleanup: 10996 ns, At safepoint: 10453 ns, Total: 42624 ns
[2024-10-15T03:58:36.765+0000][125][info ][safepoint   ] Safepoint "Cleanup", Time since last: 1614346263 ns, Reaching safepoint: 641870 ns, Cleanup: 34674 ns, At safepoint: 156961 ns, Total: 833505 ns
[2024-10-15T03:58:38.200+0000][125][info ][safepoint   ] Safepoint "Cleanup", Time since last: 1435025981 ns, Reaching safepoint: 25847 ns, Cleanup: 51473 ns, At safepoint: 14037 ns, Total: 91357 ns
[2024-10-15T03:58:39.854+0000][125][info ][safepoint   ] Safepoint "Cleanup", Time since last: 1653915513 ns, Reaching safepoint: 22446 ns, Cleanup: 24242 ns, At safepoint: 14165 ns, Total: 60853 ns
[2024-10-15T03:58:41.256+0000][125][info ][safepoint   ] Safepoint "Cleanup", Time since last: 1402026775 ns, Reaching safepoint: 53943 ns, Cleanup: 68904 ns, At safepoint: 24492 ns, Total: 147339 ns
[2024-10-15T03:58:42.312+0000][125][info ][safepoint   ] Safepoint "Cleanup", Time since last: 1055479523 ns, Reaching safepoint: 76378 ns, Cleanup: 60648 ns, At safepoint: 40049 ns, Total: 177075 ns
[2024-10-15T03:58:43.313+0000][125][info ][safepoint   ] Safepoint "Cleanup", Time since last: 1001140309 ns, Reaching safepoint: 28877 ns, Cleanup: 14397 ns, At safepoint: 13282 ns, Total: 56556 ns
[2024-10-15T03:58:44.314+0000][125][info ][safepoint   ] Safepoint "Cleanup", Time since last: 1000812464 ns, Reaching safepoint: 35048 ns, Cleanup: 15922 ns, At safepoint: 19250 ns, Total: 70220 ns
[2024-10-15T03:58:45.315+0000][125][info ][safepoint   ] Safepoint "Cleanup", Time since last: 1000927890 ns, Reaching safepoint: 31337 ns, Cleanup: 17567 ns, At safepoint: 19597 ns, Total: 68501 ns
[2024-10-15T03:58:47.265+0000][125][info ][safepoint   ] Safepoint "Cleanup", Time since last: 1952528321 ns, Reaching safepoint: 28648 ns, Cleanup: 24712 ns, At safepoint: 15346 ns, Total: 68706 ns
[2024-10-15T03:58:49.274+0000][125][info ][safepoint   ] Safepoint "Cleanup", Time since last: 2009077574 ns, Reaching safepoint: 27227 ns, Cleanup: 14990 ns, At safepoint: 12727 ns, Total: 54944 ns
[2024-10-15T03:58:51.277+0000][125][info ][safepoint   ] Safepoint "Cleanup", Time since last: 2002574951 ns, Reaching safepoint: 85354 ns, Cleanup: 46947 ns, At safepoint: 42102 ns, Total: 174403 ns
[2024-10-15T03:58:52.279+0000][125][info ][safepoint   ] Safepoint "Cleanup", Time since last: 1001686122 ns, Reaching safepoint: 26247 ns, Cleanup: 17063 ns, At safepoint: 15020 ns, Total: 58330 ns
[2024-10-15T03:58:54.281+0000][125][info ][safepoint   ] Safepoint "Cleanup", Time since last: 2001812676 ns, Reaching safepoint: 31934 ns, Cleanup: 20776 ns, At safepoint: 16376 ns, Total: 69086 ns
[2024-10-15T03:58:55.282+0000][125][info ][safepoint   ] Safepoint "Cleanup", Time since last: 1001151575 ns, Reaching safepoint: 26597 ns, Cleanup: 18264 ns, At safepoint: 13010 ns, Total: 57871 ns
[2024-10-15T03:58:56.284+0000][125][info ][safepoint   ] Safepoint "Cleanup", Time since last: 1001431828 ns, Reaching safepoint: 72096 ns, Cleanup: 47541 ns, At safepoint: 32979 ns, Total: 152616 ns
[2024-10-15T03:58:57.285+0000][125][info ][safepoint   ] Safepoint "Cleanup", Time since last: 1000911878 ns, Reaching safepoint: 29588 ns, Cleanup: 17555 ns, At safepoint: 15185 ns, Total: 62328 ns
[2024-10-15T03:58:58.286+0000][125][info ][safepoint   ] Safepoint "Cleanup", Time since last: 1001004926 ns, Reaching safepoint: 25627 ns, Cleanup: 20104 ns, At safepoint: 13460 ns, Total: 59191 ns
[2024-10-15T03:59:02.290+0000][125][info ][safepoint   ] Safepoint "Cleanup", Time since last: 4004111110 ns, Reaching safepoint: 19904 ns, Cleanup: 31102 ns, At safepoint: 9357 ns, Total: 60363 ns
[2024-10-15T03:59:04.292+0000][125][info ][safepoint   ] Safepoint "Cleanup", Time since last: 2001814031 ns, Reaching safepoint: 29623 ns, Cleanup: 12484 ns, At safepoint: 16278 ns, Total: 58385 ns
[2024-10-15T03:59:05.293+0000][125][info ][safepoint   ] Safepoint "Cleanup", Time since last: 1000997857 ns, Reaching safepoint: 19326 ns, Cleanup: 18597 ns, At safepoint: 10397 ns, Total: 48320 ns
[2024-10-15T03:59:06.294+0000][125][info ][safepoint   ] Safepoint "Cleanup", Time since last: 1000771393 ns, Reaching safepoint: 28546 ns, Cleanup: 40413 ns, At safepoint: 15320 ns, Total: 84279 ns
[2024-10-15T03:59:07.295+0000][125][info ][safepoint   ] Safepoint "Cleanup", Time since last: 1000970933 ns, Reaching safepoint: 44746 ns, Cleanup: 26707 ns, At safepoint: 8984 ns, Total: 80437 ns
[2024-10-15T03:59:10.298+0000][125][info ][safepoint   ] Safepoint "Cleanup", Time since last: 3003174421 ns, Reaching safepoint: 66345 ns, Cleanup: 42509 ns, At safepoint: 27358 ns, Total: 136212 ns
[2024-10-15T03:59:12.300+0000][125][info ][safepoint   ] Safepoint "Cleanup", Time since last: 2001924471 ns, Reaching safepoint: 21405 ns, Cleanup: 29028 ns, At safepoint: 10762 ns, Total: 61195 ns
[2024-10-15T03:59:13.301+0000][125][info ][safepoint   ] Safepoint "Cleanup", Time since last: 1000588098 ns, Reaching safepoint: 28939 ns, Cleanup: 15520 ns, At safepoint: 13011 ns, Total: 57470 ns
[2024-10-15T03:59:16.343+0000][125][info ][safepoint   ] Safepoint "Cleanup", Time since last: 3041066362 ns, Reaching safepoint: 893083 ns, Cleanup: 77108 ns, At safepoint: 145354 ns, Total: 1115545 ns
[2024-10-15T03:59:17.348+0000][125][info ][safepoint   ] Safepoint "Cleanup", Time since last: 1001031110 ns, Reaching safepoint: 34021 ns, Cleanup: 26616 ns, At safepoint: 53488 ns, Total: 114125 ns
[2024-10-15T03:59:19.350+0000][125][info ][safepoint   ] Safepoint "Cleanup", Time since last: 2001809508 ns, Reaching safepoint: 849322 ns, Cleanup: 20682 ns, At safepoint: 104944 ns, Total: 974948 ns
[2024-10-15T03:59:22.354+0000][125][info ][safepoint   ] Safepoint "Cleanup", Time since last: 3003090158 ns, Reaching safepoint: 21523 ns, Cleanup: 26436 ns, At safepoint: 48625 ns, Total: 96584 ns
[2024-10-15T03:59:24.357+0000][125][info ][safepoint   ] Safepoint "Cleanup", Time since last: 2002209445 ns, Reaching safepoint: 287944 ns, Cleanup: 297907 ns, At safepoint: 150796 ns, Total: 736647 ns
[2024-10-15T03:59:27.359+0000][125][info ][safepoint   ] Safepoint "Cleanup", Time since last: 3002916131 ns, Reaching safepoint: 19708 ns, Cleanup: 15002 ns, At safepoint: 10498 ns, Total: 45208 ns
[2024-10-15T03:59:28.360+0000][125][info ][safepoint   ] Safepoint "Cleanup", Time since last: 1000860180 ns, Reaching safepoint: 26755 ns, Cleanup: 20570 ns, At safepoint: 15040 ns, Total: 62365 ns
[2024-10-15T03:59:31.381+0000][125][info ][safepoint   ] Safepoint "Cleanup", Time since last: 3020904057 ns, Reaching safepoint: 20901 ns, Cleanup: 14446 ns, At safepoint: 10645 ns, Total: 45992 ns
[2024-10-15T03:59:32.388+0000][125][info ][safepoint   ] Safepoint "Cleanup", Time since last: 1000882185 ns, Reaching safepoint: 5169387 ns, Cleanup: 255261 ns, At safepoint: 51366 ns, Total: 5476014 ns
[2024-10-15T03:59:34.389+0000][125][info ][safepoint   ] Safepoint "Cleanup", Time since last: 2001491486 ns, Reaching safepoint: 19565 ns, Cleanup: 14909 ns, At safepoint: 9498 ns, Total: 43972 ns
[2024-10-15T03:59:35.390+0000][125][info ][safepoint   ] Safepoint "Cleanup", Time since last: 1000993249 ns, Reaching safepoint: 22851 ns, Cleanup: 12842 ns, At safepoint: 9692 ns, Total: 45385 ns
[2024-10-15T03:59:37.392+0000][125][info ][safepoint   ] Safepoint "Cleanup", Time since last: 2002160912 ns, Reaching safepoint: 18787 ns, Cleanup: 23552 ns, At safepoint: 10189 ns, Total: 52528 ns
[2024-10-15T03:59:39.787+0000][125][info ][safepoint   ] Safepoint "Cleanup", Time since last: 2394735654 ns, Reaching safepoint: 29595 ns, Cleanup: 42596 ns, At safepoint: 70634 ns, Total: 142825 ns
[2024-10-15T03:59:41.540+0000][125][info ][safepoint   ] Safepoint "Cleanup", Time since last: 1750928718 ns, Reaching safepoint: 1062959 ns, Cleanup: 58733 ns, At safepoint: 88668 ns, Total: 1210360 ns
[2024-10-15T03:59:42.541+0000][125][info ][safepoint   ] Safepoint "Cleanup", Time since last: 1000937269 ns, Reaching safepoint: 20496 ns, Cleanup: 26446 ns, At safepoint: 10139 ns, Total: 57081 ns
[2024-10-15T03:59:43.547+0000][125][info ][safepoint   ] Safepoint "Cleanup", Time since last: 1006540448 ns, Reaching safepoint: 8563 ns, Cleanup: 212180 ns, At safepoint: 73374 ns, Total: 294117 ns
[2024-10-15T03:59:44.561+0000][125][info ][safepoint   ] Safepoint "Cleanup", Time since last: 1013170351 ns, Reaching safepoint: 694851 ns, Cleanup: 15132 ns, At safepoint: 51244 ns, Total: 761227 ns
[2024-10-15T03:59:45.563+0000][125][info ][safepoint   ] Safepoint "Cleanup", Time since last: 1001285431 ns, Reaching safepoint: 803265 ns, Cleanup: 14577 ns, At safepoint: 73854 ns, Total: 891696 ns
[2024-10-15T03:59:47.365+0000][125][info ][safepoint   ] Safepoint "Cleanup", Time since last: 1800885565 ns, Reaching safepoint: 36287 ns, Cleanup: 28796 ns, At safepoint: 20909 ns, Total: 85992 ns
[2024-10-15T03:59:52.370+0000][125][info ][safepoint   ] Safepoint "Cleanup", Time since last: 5004915128 ns, Reaching safepoint: 27546 ns, Cleanup: 82061 ns, At safepoint: 29596 ns, Total: 139203 ns
[2024-10-15T03:59:54.376+0000][125][info ][safepoint   ] Safepoint "Cleanup", Time since last: 2005196331 ns, Reaching safepoint: 76956 ns, Cleanup: 18848 ns, At safepoint: 15241 ns, Total: 111045 ns
[2024-10-15T04:00:01.383+0000][125][info ][safepoint   ] Safepoint "Cleanup", Time since last: 7007632030 ns, Reaching safepoint: 30083 ns, Cleanup: 13966 ns, At safepoint: 9688 ns, Total: 53737 ns
[2024-10-15T04:00:02.384+0000][125][info ][safepoint   ] Safepoint "Cleanup", Time since last: 1000654999 ns, Reaching safepoint: 20537 ns, Cleanup: 19207 ns, At safepoint: 9779 ns, Total: 49523 ns
[2024-10-15T04:00:03.385+0000][125][info ][safepoint   ] Safepoint "Cleanup", Time since last: 1001247198 ns, Reaching safepoint: 35580 ns, Cleanup: 18622 ns, At safepoint: 15773 ns, Total: 69975 ns
[2024-10-15T04:00:04.386+0000][125][info ][safepoint   ] Safepoint "Cleanup", Time since last: 1000757859 ns, Reaching safepoint: 36668 ns, Cleanup: 18085 ns, At safepoint: 57267 ns, Total: 112020 ns
[2024-10-15T04:00:05.387+0000][125][info ][safepoint   ] Safepoint "Cleanup", Time since last: 1000997932 ns, Reaching safepoint: 30784 ns, Cleanup: 98037 ns, At safepoint: 61527 ns, Total: 190348 ns
[2024-10-15T04:00:06.390+0000][125][info ][safepoint   ] Safepoint "Cleanup", Time since last: 1002457534 ns, Reaching safepoint: 35023 ns, Cleanup: 21151 ns, At safepoint: 16510 ns, Total: 72684 ns
[2024-10-15T04:00:07.391+0000][125][info ][safepoint   ] Safepoint "Cleanup", Time since last: 1001154160 ns, Reaching safepoint: 29072 ns, Cleanup: 24532 ns, At safepoint: 13101 ns, Total: 66705 ns
[2024-10-15T04:00:12.396+0000][125][info ][safepoint   ] Safepoint "Cleanup", Time since last: 5005090108 ns, Reaching safepoint: 51983 ns, Cleanup: 13366 ns, At safepoint: 10175 ns, Total: 75524 ns
[2024-10-15T04:00:16.400+0000][125][info ][safepoint   ] Safepoint "Cleanup", Time since last: 4003996528 ns, Reaching safepoint: 32665 ns, Cleanup: 22328 ns, At safepoint: 14922 ns, Total: 69915 ns
[2024-10-15T04:00:17.386+0000][125][info ][safepoint   ] Safepoint "Cleanup", Time since last: 1000865687 ns, Reaching safepoint: 30454 ns, Cleanup: 16058 ns, At safepoint: 15302 ns, Total: 61814 ns
[2024-10-15T04:00:22.399+0000][125][info ][safepoint   ] Safepoint "Cleanup", Time since last: 5012828884 ns, Reaching safepoint: 19627 ns, Cleanup: 20890 ns, At safepoint: 8624 ns, Total: 49141 ns
[2024-10-15T04:00:23.400+0000][125][info ][safepoint   ] Safepoint "Cleanup", Time since last: 1001025378 ns, Reaching safepoint: 21406 ns, Cleanup: 17074 ns, At safepoint: 10778 ns, Total: 49258 ns
[2024-10-15T04:00:25.402+0000][125][info ][safepoint   ] Safepoint "Cleanup", Time since last: 2002016148 ns, Reaching safepoint: 21191 ns, Cleanup: 13622 ns, At safepoint: 9963 ns, Total: 44776 ns
[2024-10-15T04:00:27.404+0000][125][info ][safepoint   ] Safepoint "Cleanup", Time since last: 2001803432 ns, Reaching safepoint: 28115 ns, Cleanup: 14342 ns, At safepoint: 15173 ns, Total: 57630 ns
[2024-10-15T04:00:31.413+0000][125][info ][safepoint   ] Safepoint "Cleanup", Time since last: 4006150277 ns, Reaching safepoint: 2846769 ns, Cleanup: 79921 ns, At safepoint: 98168 ns, Total: 3024858 ns
[2024-10-15T04:00:32.414+0000][125][info ][safepoint   ] Safepoint "Cleanup", Time since last: 1000953955 ns, Reaching safepoint: 28984 ns, Cleanup: 71914 ns, At safepoint: 11283 ns, Total: 112181 ns
[2024-10-15T04:00:34.416+0000][125][info ][safepoint   ] Safepoint "Cleanup", Time since last: 2001764666 ns, Reaching safepoint: 62896 ns, Cleanup: 60375 ns, At safepoint: 16253 ns, Total: 139524 ns
[2024-10-15T04:00:35.417+0000][125][info ][safepoint   ] Safepoint "Cleanup", Time since last: 1000827328 ns, Reaching safepoint: 30705 ns, Cleanup: 16261 ns, At safepoint: 11283 ns, Total: 58249 ns
[2024-10-15T04:00:37.419+0000][125][info ][safepoint   ] Safepoint "Cleanup", Time since last: 2002070988 ns, Reaching safepoint: 21338 ns, Cleanup: 18643 ns, At safepoint: 10477 ns, Total: 50458 ns
[2024-10-15T04:00:40.423+0000][125][info ][safepoint   ] Safepoint "Cleanup", Time since last: 3003247421 ns, Reaching safepoint: 30067 ns, Cleanup: 22527 ns, At safepoint: 14960 ns, Total: 67554 ns
[2024-10-15T04:00:42.423+0000][125][info ][safepoint   ] Safepoint "Cleanup", Time since last: 2000695339 ns, Reaching safepoint: 22143 ns, Cleanup: 27155 ns, At safepoint: 10665 ns, Total: 59963 ns
[2024-10-15T04:00:43.633+0000][125][info ][safepoint   ] Safepoint "Cleanup", Time since last: 1209898594 ns, Reaching safepoint: 19059 ns, Cleanup: 62621 ns, At safepoint: 46368 ns, Total: 128048 ns
[2024-10-15T04:00:44.661+0000][125][info ][safepoint   ] Safepoint "Cleanup", Time since last: 1026981897 ns, Reaching safepoint: 798184 ns, Cleanup: 26632 ns, At safepoint: 122094 ns, Total: 946910 ns
[2024-10-15T04:00:45.662+0000][125][info ][safepoint   ] Safepoint "Cleanup", Time since last: 1000787822 ns, Reaching safepoint: 32097 ns, Cleanup: 20103 ns, At safepoint: 18635 ns, Total: 70835 ns
[2024-10-15T04:00:46.684+0000][125][info ][safepoint   ] Safepoint "Cleanup", Time since last: 1005584127 ns, Reaching safepoint: 1535956 ns, Cleanup: 30445 ns, At safepoint: 109264 ns, Total: 1675665 ns
[2024-10-15T04:00:47.698+0000][125][info ][safepoint   ] Safepoint "Cleanup", Time since last: 1013679586 ns, Reaching safepoint: 27943 ns, Cleanup: 20322 ns, At safepoint: 15662 ns, Total: 63927 ns
[2024-10-15T04:00:49.700+0000][125][info ][safepoint   ] Safepoint "Cleanup", Time since last: 2002177338 ns, Reaching safepoint: 44126 ns, Cleanup: 21594 ns, At safepoint: 17350 ns, Total: 83070 ns
[2024-10-15T04:00:51.701+0000][125][info ][safepoint   ] Safepoint "Cleanup", Time since last: 2000884043 ns, Reaching safepoint: 38638 ns, Cleanup: 17205 ns, At safepoint: 16813 ns, Total: 72656 ns
[2024-10-15T04:00:54.706+0000][125][info ][safepoint   ] Safepoint "Cleanup", Time since last: 3004736736 ns, Reaching safepoint: 44063 ns, Cleanup: 11820 ns, At safepoint: 11536 ns, Total: 67419 ns
[2024-10-15T04:00:56.710+0000][125][info ][safepoint   ] Safepoint "Cleanup", Time since last: 2003807828 ns, Reaching safepoint: 25071 ns, Cleanup: 18788 ns, At safepoint: 13480 ns, Total: 57339 ns
[2024-10-15T04:00:58.712+0000][125][info ][safepoint   ] Safepoint "Cleanup", Time since last: 2002146608 ns, Reaching safepoint: 21749 ns, Cleanup: 13529 ns, At safepoint: 10786 ns, Total: 46064 ns
[2024-10-15T04:00:59.713+0000][125][info ][safepoint   ] Safepoint "Cleanup", Time since last: 1000764207 ns, Reaching safepoint: 21675 ns, Cleanup: 11209 ns, At safepoint: 10218 ns, Total: 43102 ns
[2024-10-15T04:01:01.715+0000][125][info ][safepoint   ] Safepoint "Cleanup", Time since last: 2002019254 ns, Reaching safepoint: 21846 ns, Cleanup: 13348 ns, At safepoint: 9258 ns, Total: 44452 ns
[2024-10-15T04:01:04.718+0000][125][info ][safepoint   ] Safepoint "Cleanup", Time since last: 3003203476 ns, Reaching safepoint: 28612 ns, Cleanup: 17658 ns, At safepoint: 16840 ns, Total: 63110 ns
[2024-10-15T04:01:05.719+0000][125][info ][safepoint   ] Safepoint "Cleanup", Time since last: 1000695721 ns, Reaching safepoint: 20800 ns, Cleanup: 16668 ns, At safepoint: 10367 ns, Total: 47835 ns
[2024-10-15T04:01:06.723+0000][125][info ][safepoint   ] Safepoint "Cleanup", Time since last: 1003399714 ns, Reaching safepoint: 104652 ns, Cleanup: 83916 ns, At safepoint: 70821 ns, Total: 259389 ns
[2024-10-15T04:01:07.728+0000][125][info ][safepoint   ] Safepoint "Cleanup", Time since last: 1005326247 ns, Reaching safepoint: 32978 ns, Cleanup: 20566 ns, At safepoint: 18077 ns, Total: 71621 ns
[2024-10-15T04:01:10.735+0000][125][info ][safepoint   ] Safepoint "Cleanup", Time since last: 3006604341 ns, Reaching safepoint: 83454 ns, Cleanup: 37745 ns, At safepoint: 14234 ns, Total: 135433 ns
[2024-10-15T04:01:11.937+0000][125][info ][safepoint   ] Safepoint "Cleanup", Time since last: 1202273333 ns, Reaching safepoint: 33799 ns, Cleanup: 132986 ns, At safepoint: 60995 ns, Total: 227780 ns
[2024-10-15T04:01:13.431+0000][125][info ][safepoint   ] Safepoint "Cleanup", Time since last: 1493785058 ns, Reaching safepoint: 11046 ns, Cleanup: 48765 ns, At safepoint: 8779 ns, Total: 68590 ns
[2024-10-15T04:01:14.432+0000][125][info ][safepoint   ] Safepoint "Cleanup", Time since last: 1001191422 ns, Reaching safepoint: 28497 ns, Cleanup: 18820 ns, At safepoint: 12392 ns, Total: 59709 ns
[2024-10-15T04:01:16.434+0000][125][info ][safepoint   ] Safepoint "Cleanup", Time since last: 2001519103 ns, Reaching safepoint: 35097 ns, Cleanup: 137176 ns, At safepoint: 46001 ns, Total: 218274 ns
[2024-10-15T04:01:17.435+0000][125][info ][safepoint   ] Safepoint "Cleanup", Time since last: 1001054581 ns, Reaching safepoint: 71936 ns, Cleanup: 30194 ns, At safepoint: 14881 ns, Total: 117011 ns
[2024-10-15T04:01:18.450+0000][125][info ][safepoint   ] Safepoint "Cleanup", Time since last: 1005729143 ns, Reaching safepoint: 8862782 ns, Cleanup: 32542 ns, At safepoint: 103501 ns, Total: 8998825 ns
[2024-10-15T04:01:19.452+0000][125][info ][safepoint   ] Safepoint "Cleanup", Time since last: 1000998582 ns, Reaching safepoint: 1164287 ns, Cleanup: 53320 ns, At safepoint: 85974 ns, Total: 1303581 ns
[2024-10-15T04:01:20.482+0000][125][info ][safepoint   ] Safepoint "Cleanup", Time since last: 1029584508 ns, Reaching safepoint: 75121 ns, Cleanup: 36899 ns, At safepoint: 14600 ns, Total: 126620 ns
[2024-10-15T04:01:21.483+0000][125][info ][safepoint   ] Safepoint "Cleanup", Time since last: 1000887828 ns, Reaching safepoint: 30707 ns, Cleanup: 26149 ns, At safepoint: 81943 ns, Total: 138799 ns
[2024-10-15T04:01:22.701+0000][125][info ][safepoint   ] Safepoint "Cleanup", Time since last: 1217799638 ns, Reaching safepoint: 25331 ns, Cleanup: 36322 ns, At safepoint: 10452 ns, Total: 72105 ns
[2024-10-15T04:01:24.708+0000][125][info ][safepoint   ] Safepoint "Cleanup", Time since last: 2003541355 ns, Reaching safepoint: 3245581 ns, Cleanup: 58695 ns, At safepoint: 78145 ns, Total: 3382421 ns
[2024-10-15T04:01:25.712+0000][125][info ][safepoint   ] Safepoint "Cleanup", Time since last: 1004024156 ns, Reaching safepoint: 144137 ns, Cleanup: 23741 ns, At safepoint: 36714 ns, Total: 204592 ns
[2024-10-15T04:01:27.350+0000][125][info ][safepoint   ] Safepoint "Cleanup", Time since last: 1638005128 ns, Reaching safepoint: 23308 ns, Cleanup: 23189 ns, At safepoint: 10610 ns, Total: 57107 ns
[2024-10-15T04:01:29.352+0000][125][info ][safepoint   ] Safepoint "Cleanup", Time since last: 2002003951 ns, Reaching safepoint: 20260 ns, Cleanup: 10923 ns, At safepoint: 9812 ns, Total: 40995 ns
[2024-10-15T04:01:31.940+0000][125][info ][safepoint   ] Safepoint "Cleanup", Time since last: 2587447369 ns, Reaching safepoint: 8798 ns, Cleanup: 139199 ns, At safepoint: 39406 ns, Total: 187403 ns
[2024-10-15T04:01:32.941+0000][125][info ][safepoint   ] Safepoint "Cleanup", Time since last: 1001165757 ns, Reaching safepoint: 19065 ns, Cleanup: 28246 ns, At safepoint: 10108 ns, Total: 57419 ns
[2024-10-15T04:01:33.947+0000][125][info ][safepoint   ] Safepoint "Cleanup", Time since last: 1002570175 ns, Reaching safepoint: 3113883 ns, Cleanup: 24123 ns, At safepoint: 110890 ns, Total: 3248896 ns
[2024-10-15T04:01:35.003+0000][125][info ][safepoint   ] Safepoint "Cleanup", Time since last: 1055861925 ns, Reaching safepoint: 9064 ns, Cleanup: 108606 ns, At safepoint: 14762 ns, Total: 132432 ns
[2024-10-15T04:01:36.020+0000][125][info ][safepoint   ] Safepoint "Cleanup", Time since last: 1017328994 ns, Reaching safepoint: 29629 ns, Cleanup: 29753 ns, At safepoint: 12308 ns, Total: 71690 ns
[2024-10-15T04:01:37.021+0000][125][info ][safepoint   ] Safepoint "Cleanup", Time since last: 1000591118 ns, Reaching safepoint: 19997 ns, Cleanup: 22038 ns, At safepoint: 9534 ns, Total: 51569 ns
[2024-10-15T04:01:40.024+0000][125][info ][safepoint   ] Safepoint "Cleanup", Time since last: 3003241763 ns, Reaching safepoint: 20227 ns, Cleanup: 13324 ns, At safepoint: 11076 ns, Total: 44627 ns
[2024-10-15T04:01:42.026+0000][125][info ][safepoint   ] Safepoint "Cleanup", Time since last: 2001695729 ns, Reaching safepoint: 32163 ns, Cleanup: 17757 ns, At safepoint: 14343 ns, Total: 64263 ns
[2024-10-15T04:01:43.034+0000][125][info ][safepoint   ] Safepoint "Cleanup", Time since last: 1007654877 ns, Reaching safepoint: 61477 ns, Cleanup: 64321 ns, At safepoint: 27296 ns, Total: 153094 ns
[2024-10-15T04:01:44.035+0000][125][info ][safepoint   ] Safepoint "Cleanup", Time since last: 1001493846 ns, Reaching safepoint: 25698 ns, Cleanup: 22660 ns, At safepoint: 16237 ns, Total: 64595 ns
[2024-10-15T04:01:45.078+0000][125][info ][safepoint   ] Safepoint "Cleanup", Time since last: 1042850239 ns, Reaching safepoint: 26218 ns, Cleanup: 17126 ns, At safepoint: 14826 ns, Total: 58170 ns
[2024-10-15T04:01:46.618+0000][125][info ][safepoint   ] Safepoint "Cleanup", Time since last: 1539221040 ns, Reaching safepoint: 6677 ns, Cleanup: 28270 ns, At safepoint: 5767 ns, Total: 40714 ns
[2024-10-15T04:01:48.116+0000][125][info ][safepoint   ] Safepoint "Cleanup", Time since last: 1497753700 ns, Reaching safepoint: 36746 ns, Cleanup: 26918 ns, At safepoint: 23976 ns, Total: 87640 ns
[2024-10-15T04:01:49.117+0000][125][info ][safepoint   ] Safepoint "Cleanup", Time since last: 1000754606 ns, Reaching safepoint: 26032 ns, Cleanup: 22476 ns, At safepoint: 15020 ns, Total: 63528 ns
[2024-10-15T04:01:50.119+0000][125][info ][safepoint   ] Safepoint "Cleanup", Time since last: 1001250627 ns, Reaching safepoint: 79078 ns, Cleanup: 103971 ns, At safepoint: 39550 ns, Total: 222599 ns
[2024-10-15T04:01:52.121+0000][125][info ][safepoint   ] Safepoint "Cleanup", Time since last: 2002304294 ns, Reaching safepoint: 25924 ns, Cleanup: 22330 ns, At safepoint: 12384 ns, Total: 60638 ns
[2024-10-15T04:01:54.780+0000][125][info ][safepoint   ] Safepoint "Cleanup", Time since last: 2658916211 ns, Reaching safepoint: 22685 ns, Cleanup: 12127 ns, At safepoint: 10679 ns, Total: 45491 ns
[2024-10-15T04:01:55.781+0000][125][info ][safepoint   ] Safepoint "Cleanup", Time since last: 1000965659 ns, Reaching safepoint: 42195 ns, Cleanup: 16032 ns, At safepoint: 11851 ns, Total: 70078 ns
[2024-10-15T04:01:56.782+0000][125][info ][safepoint   ] Safepoint "Cleanup", Time since last: 1000844006 ns, Reaching safepoint: 32076 ns, Cleanup: 12892 ns, At safepoint: 46921 ns, Total: 91889 ns
[2024-10-15T04:01:58.431+0000][125][info ][safepoint   ] Safepoint "Cleanup", Time since last: 1648568951 ns, Reaching safepoint: 25169 ns, Cleanup: 33842 ns, At safepoint: 49170 ns, Total: 108181 ns
[2024-10-15T04:01:59.678+0000][125][info ][safepoint   ] Safepoint "Cleanup", Time since last: 1247022913 ns, Reaching safepoint: 40748 ns, Cleanup: 425675 ns, At safepoint: 50418 ns, Total: 516841 ns
[2024-10-15T04:02:01.692+0000][125][info ][safepoint   ] Safepoint "Cleanup", Time since last: 2011271794 ns, Reaching safepoint: 2649202 ns, Cleanup: 34530 ns, At safepoint: 95722 ns, Total: 2779454 ns
[2024-10-15T04:02:02.781+0000][125][info ][safepoint   ] Safepoint "Cleanup", Time since last: 1088693849 ns, Reaching safepoint: 20627 ns, Cleanup: 20853 ns, At safepoint: 10453 ns, Total: 51933 ns
[2024-10-15T04:02:04.834+0000][125][info ][safepoint   ] Safepoint "Cleanup", Time since last: 2053039543 ns, Reaching safepoint: 27903 ns, Cleanup: 24170 ns, At safepoint: 21698 ns, Total: 73771 ns
[2024-10-15T04:02:06.855+0000][125][info ][safepoint   ] Safepoint "Cleanup", Time since last: 2020642533 ns, Reaching safepoint: 33526 ns, Cleanup: 15002 ns, At safepoint: 14118 ns, Total: 62646 ns
[2024-10-15T04:02:07.897+0000][125][info ][safepoint   ] Safepoint "Cleanup", Time since last: 1041819916 ns, Reaching safepoint: 27355 ns, Cleanup: 18350 ns, At safepoint: 12692 ns, Total: 58397 ns
[2024-10-15T04:02:11.901+0000][125][info ][safepoint   ] Safepoint "Cleanup", Time since last: 4004514224 ns, Reaching safepoint: 60118 ns, Cleanup: 19942 ns, At safepoint: 14053 ns, Total: 94113 ns
[2024-10-15T04:02:12.902+0000][125][info ][safepoint   ] Safepoint "Cleanup", Time since last: 1000904711 ns, Reaching safepoint: 39882 ns, Cleanup: 18412 ns, At safepoint: 18728 ns, Total: 77022 ns
[2024-10-15T04:02:13.903+0000][125][info ][safepoint   ] Safepoint "Cleanup", Time since last: 1001012648 ns, Reaching safepoint: 51753 ns, Cleanup: 19807 ns, At safepoint: 65304 ns, Total: 136864 ns
[2024-10-15T04:02:16.907+0000][125][info ][safepoint   ] Safepoint "Cleanup", Time since last: 3002766399 ns, Reaching safepoint: 705943 ns, Cleanup: 19255 ns, At safepoint: 84087 ns, Total: 809285 ns
[2024-10-15T04:02:19.911+0000][125][info ][safepoint   ] Safepoint "Cleanup", Time since last: 3002920234 ns, Reaching safepoint: 969056 ns, Cleanup: 21902 ns, At safepoint: 72357 ns, Total: 1063315 ns
[2024-10-15T04:02:21.915+0000][125][info ][safepoint   ] Safepoint "Cleanup", Time since last: 2002148556 ns, Reaching safepoint: 1070472 ns, Cleanup: 19671 ns, At safepoint: 108122 ns, Total: 1198265 ns
[2024-10-15T04:02:22.917+0000][125][info ][safepoint   ] Safepoint "Cleanup", Time since last: 1000846442 ns, Reaching safepoint: 1265395 ns, Cleanup: 18415 ns, At safepoint: 448481 ns, Total: 1732291 ns
[2024-10-15T04:02:25.922+0000][125][info ][safepoint   ] Safepoint "Cleanup", Time since last: 3003851684 ns, Reaching safepoint: 279116 ns, Cleanup: 21822 ns, At safepoint: 127807 ns, Total: 428745 ns
[2024-10-15T04:02:26.923+0000][125][info ][safepoint   ] Safepoint "Cleanup", Time since last: 1001054326 ns, Reaching safepoint: 477872 ns, Cleanup: 64252 ns, At safepoint: 110151 ns, Total: 652275 ns
[2024-10-15T04:02:29.927+0000][125][info ][safepoint   ] Safepoint "Cleanup", Time since last: 3003130777 ns, Reaching safepoint: 24545 ns, Cleanup: 10959 ns, At safepoint: 100913 ns, Total: 136417 ns
[2024-10-15T04:02:31.929+0000][125][info ][safepoint   ] Safepoint "Cleanup", Time since last: 2001785964 ns, Reaching safepoint: 992836 ns, Cleanup: 47227 ns, At safepoint: 109077 ns, Total: 1149140 ns
[2024-10-15T04:02:33.934+0000][125][info ][safepoint   ] Safepoint "Cleanup", Time since last: 2002969898 ns, Reaching safepoint: 1009116 ns, Cleanup: 32676 ns, At safepoint: 70261 ns, Total: 1112053 ns
[2024-10-15T04:02:35.936+0000][125][info ][safepoint   ] Safepoint "Cleanup", Time since last: 2002097906 ns, Reaching safepoint: 23000 ns, Cleanup: 11838 ns, At safepoint: 10025 ns, Total: 44863 ns
[2024-10-15T04:02:37.937+0000][125][info ][safepoint   ] Safepoint "Cleanup", Time since last: 2001628882 ns, Reaching safepoint: 25037 ns, Cleanup: 17653 ns, At safepoint: 52854 ns, Total: 95544 ns
[2024-10-15T04:02:39.941+0000][125][info ][safepoint   ] Safepoint "Cleanup", Time since last: 2001973268 ns, Reaching safepoint: 1070138 ns, Cleanup: 21059 ns, At safepoint: 77248 ns, Total: 1168445 ns
[2024-10-15T04:02:40.941+0000][125][info ][safepoint   ] Safepoint "Cleanup", Time since last: 1000679958 ns, Reaching safepoint: 22216 ns, Cleanup: 13190 ns, At safepoint: 10637 ns, Total: 46043 ns
[2024-10-15T04:02:41.943+0000][125][info ][safepoint   ] Safepoint "Cleanup", Time since last: 1001909614 ns, Reaching safepoint: 46712 ns, Cleanup: 18970 ns, At safepoint: 9649 ns, Total: 75331 ns
[2024-10-15T04:02:42.944+0000][125][info ][safepoint   ] Safepoint "Cleanup", Time since last: 1000989485 ns, Reaching safepoint: 22139 ns, Cleanup: 14702 ns, At safepoint: 94980 ns, Total: 131821 ns
[2024-10-15T04:02:45.946+0000][125][info ][safepoint   ] Safepoint "Cleanup", Time since last: 3001848251 ns, Reaching safepoint: 27054 ns, Cleanup: 13652 ns, At safepoint: 71278 ns, Total: 111984 ns
[2024-10-15T04:02:47.245+0000][125][info ][safepoint   ] Safepoint "Cleanup", Time since last: 1297764680 ns, Reaching safepoint: 6379 ns, Cleanup: 47419 ns, At safepoint: 145806 ns, Total: 199604 ns
[2024-10-15T04:02:48.990+0000][125][info ][safepoint   ] Safepoint "Cleanup", Time since last: 1744126540 ns, Reaching safepoint: 9958 ns, Cleanup: 15838 ns, At safepoint: 6361 ns, Total: 32157 ns
[2024-10-15T04:02:50.273+0000][125][info ][safepoint   ] Safepoint "Cleanup", Time since last: 1283027282 ns, Reaching safepoint: 20218 ns, Cleanup: 24404 ns, At safepoint: 10187 ns, Total: 54809 ns
[2024-10-15T04:02:52.276+0000][125][info ][safepoint   ] Safepoint "Cleanup", Time since last: 2003361707 ns, Reaching safepoint: 64707 ns, Cleanup: 57312 ns, At safepoint: 34648 ns, Total: 156667 ns
[2024-10-15T04:02:53.278+0000][125][info ][safepoint   ] Safepoint "Cleanup", Time since last: 1001265410 ns, Reaching safepoint: 27616 ns, Cleanup: 18515 ns, At safepoint: 13202 ns, Total: 59333 ns
[2024-10-15T04:02:55.279+0000][125][info ][safepoint   ] Safepoint "Cleanup", Time since last: 2001823755 ns, Reaching safepoint: 28910 ns, Cleanup: 17068 ns, At safepoint: 12461 ns, Total: 58439 ns
[2024-10-15T04:02:58.284+0000][125][info ][safepoint   ] Safepoint "Cleanup", Time since last: 3004231475 ns, Reaching safepoint: 89576 ns, Cleanup: 16397 ns, At safepoint: 14472 ns, Total: 120445 ns
[2024-10-15T04:03:02.290+0000][125][info ][safepoint   ] Safepoint "Cleanup", Time since last: 4005725337 ns, Reaching safepoint: 21259 ns, Cleanup: 11777 ns, At safepoint: 10494 ns, Total: 43530 ns
[2024-10-15T04:03:04.293+0000][125][info ][safepoint   ] Safepoint "Cleanup", Time since last: 2003203386 ns, Reaching safepoint: 28665 ns, Cleanup: 14508 ns, At safepoint: 13328 ns, Total: 56501 ns
[2024-10-15T04:03:05.294+0000][125][info ][safepoint   ] Safepoint "Cleanup", Time since last: 1000649852 ns, Reaching safepoint: 21335 ns, Cleanup: 15329 ns, At safepoint: 11366 ns, Total: 48030 ns
[2024-10-15T04:03:07.299+0000][125][info ][safepoint   ] Safepoint "Cleanup", Time since last: 2005153733 ns, Reaching safepoint: 119013 ns, Cleanup: 25547 ns, At safepoint: 32429 ns, Total: 176989 ns
[2024-10-15T04:03:13.305+0000][125][info ][safepoint   ] Safepoint "Cleanup", Time since last: 6005885418 ns, Reaching safepoint: 44333 ns, Cleanup: 12317 ns, At safepoint: 9367 ns, Total: 66017 ns
[2024-10-15T04:03:16.307+0000][125][info ][safepoint   ] Safepoint "Cleanup", Time since last: 3001713098 ns, Reaching safepoint: 19933 ns, Cleanup: 11770 ns, At safepoint: 11076 ns, Total: 42779 ns
[2024-10-15T04:03:17.308+0000][125][info ][safepoint   ] Safepoint "Cleanup", Time since last: 1001081515 ns, Reaching safepoint: 26027 ns, Cleanup: 21835 ns, At safepoint: 12015 ns, Total: 59877 ns
[2024-10-15T04:03:19.310+0000][125][info ][safepoint   ] Safepoint "Cleanup", Time since last: 2001855381 ns, Reaching safepoint: 26973 ns, Cleanup: 14637 ns, At safepoint: 12804 ns, Total: 54414 ns
[2024-10-15T04:03:25.316+0000][125][info ][safepoint   ] Safepoint "Cleanup", Time since last: 6005884723 ns, Reaching safepoint: 27051 ns, Cleanup: 17001 ns, At safepoint: 11002 ns, Total: 55054 ns
[2024-10-15T04:03:27.318+0000][125][info ][safepoint   ] Safepoint "Cleanup", Time since last: 2001950583 ns, Reaching safepoint: 23393 ns, Cleanup: 14785 ns, At safepoint: 12006 ns, Total: 50184 ns
[2024-10-15T04:03:32.323+0000][125][info ][safepoint   ] Safepoint "Cleanup", Time since last: 5004916674 ns, Reaching safepoint: 52139 ns, Cleanup: 27967 ns, At safepoint: 10258 ns, Total: 90364 ns
[2024-10-15T04:03:34.325+0000][125][info ][safepoint   ] Safepoint "Cleanup", Time since last: 2001954706 ns, Reaching safepoint: 25219 ns, Cleanup: 26212 ns, At safepoint: 16930 ns, Total: 68361 ns
[2024-10-15T04:03:35.326+0000][125][info ][safepoint   ] Safepoint "Cleanup", Time since last: 1000857214 ns, Reaching safepoint: 63483 ns, Cleanup: 17175 ns, At safepoint: 16652 ns, Total: 97310 ns
[2024-10-15T04:03:37.328+0000][125][info ][safepoint   ] Safepoint "Cleanup", Time since last: 2001891341 ns, Reaching safepoint: 20544 ns, Cleanup: 15828 ns, At safepoint: 9331 ns, Total: 45703 ns
[2024-10-15T04:03:40.331+0000][125][info ][safepoint   ] Safepoint "Cleanup", Time since last: 3002369086 ns, Reaching safepoint: 25886 ns, Cleanup: 16205 ns, At safepoint: 12290 ns, Total: 54381 ns
[2024-10-15T04:03:42.332+0000][125][info ][safepoint   ] Safepoint "Cleanup", Time since last: 2001614420 ns, Reaching safepoint: 31008 ns, Cleanup: 17715 ns, At safepoint: 11332 ns, Total: 60055 ns
[2024-10-15T04:03:46.725+0000][125][info ][safepoint   ] Safepoint "Cleanup", Time since last: 4391353572 ns, Reaching safepoint: 76552 ns, Cleanup: 18212 ns, At safepoint: 19504 ns, Total: 114268 ns
[2024-10-15T04:03:47.726+0000][125][info ][safepoint   ] Safepoint "Cleanup", Time since last: 1001519829 ns, Reaching safepoint: 25938 ns, Cleanup: 44794 ns, At safepoint: 19289 ns, Total: 90021 ns
[2024-10-15T04:03:49.008+0000][125][info ][safepoint   ] Safepoint "Cleanup", Time since last: 1281095478 ns, Reaching safepoint: 851567 ns, Cleanup: 23079 ns, At safepoint: 98295 ns, Total: 972941 ns
[2024-10-15T04:03:50.402+0000][125][info ][safepoint   ] Safepoint "Cleanup", Time since last: 1393960149 ns, Reaching safepoint: 19991 ns, Cleanup: 23137 ns, At safepoint: 9398 ns, Total: 52526 ns
[2024-10-15T04:03:51.989+0000][125][info ][safepoint   ] Safepoint "Cleanup", Time since last: 1587055465 ns, Reaching safepoint: 12494 ns, Cleanup: 23661 ns, At safepoint: 6919 ns, Total: 43074 ns
[2024-10-15T04:03:53.422+0000][125][info ][safepoint   ] Safepoint "Cleanup", Time since last: 1432926454 ns, Reaching safepoint: 19757 ns, Cleanup: 17319 ns, At safepoint: 9715 ns, Total: 46791 ns
[2024-10-15T04:03:55.428+0000][125][info ][safepoint   ] Safepoint "Cleanup", Time since last: 2005941785 ns, Reaching safepoint: 19685 ns, Cleanup: 12704 ns, At safepoint: 10671 ns, Total: 43060 ns
[2024-10-15T04:03:56.429+0000][125][info ][safepoint   ] Safepoint "Cleanup", Time since last: 1000737578 ns, Reaching safepoint: 65962 ns, Cleanup: 14133 ns, At safepoint: 15077 ns, Total: 95172 ns
[2024-10-15T04:03:57.430+0000][125][info ][safepoint   ] Safepoint "Cleanup", Time since last: 1001062247 ns, Reaching safepoint: 46574 ns, Cleanup: 27998 ns, At safepoint: 40794 ns, Total: 115366 ns
[2024-10-15T04:03:58.431+0000][125][info ][safepoint   ] Safepoint "Cleanup", Time since last: 1000700258 ns, Reaching safepoint: 21572 ns, Cleanup: 15598 ns, At safepoint: 10200 ns, Total: 47370 ns
[2024-10-15T04:04:01.434+0000][125][info ][safepoint   ] Safepoint "Cleanup", Time since last: 3002955075 ns, Reaching safepoint: 20732 ns, Cleanup: 14738 ns, At safepoint: 9446 ns, Total: 44916 ns
[2024-10-15T04:04:02.435+0000][125][info ][safepoint   ] Safepoint "Cleanup", Time since last: 1001099629 ns, Reaching safepoint: 19481 ns, Cleanup: 15213 ns, At safepoint: 10151 ns, Total: 44845 ns
[2024-10-15T04:04:04.437+0000][125][info ][safepoint   ] Safepoint "Cleanup", Time since last: 2002017401 ns, Reaching safepoint: 29876 ns, Cleanup: 15577 ns, At safepoint: 15048 ns, Total: 60501 ns
[2024-10-15T04:04:07.440+0000][125][info ][safepoint   ] Safepoint "Cleanup", Time since last: 3002641482 ns, Reaching safepoint: 24960 ns, Cleanup: 19869 ns, At safepoint: 10891 ns, Total: 55720 ns
[2024-10-15T04:04:10.444+0000][125][info ][safepoint   ] Safepoint "Cleanup", Time since last: 3004079422 ns, Reaching safepoint: 48845 ns, Cleanup: 10912 ns, At safepoint: 11949 ns, Total: 71706 ns
[2024-10-15T04:04:12.446+0000][125][info ][safepoint   ] Safepoint "Cleanup", Time since last: 2002203589 ns, Reaching safepoint: 23232 ns, Cleanup: 14777 ns, At safepoint: 11780 ns, Total: 49789 ns
[2024-10-15T04:04:13.447+0000][125][info ][safepoint   ] Safepoint "Cleanup", Time since last: 1000837518 ns, Reaching safepoint: 21283 ns, Cleanup: 11813 ns, At safepoint: 10802 ns, Total: 43898 ns
[2024-10-15T04:04:16.450+0000][125][info ][safepoint   ] Safepoint "Cleanup", Time since last: 3003020965 ns, Reaching safepoint: 117912 ns, Cleanup: 15330 ns, At safepoint: 26169 ns, Total: 159411 ns
[2024-10-15T04:04:17.452+0000][125][info ][safepoint   ] Safepoint "Cleanup", Time since last: 1000645713 ns, Reaching safepoint: 31818 ns, Cleanup: 17635 ns, At safepoint: 67376 ns, Total: 116829 ns
[2024-10-15T04:04:24.459+0000][125][info ][safepoint   ] Safepoint "Cleanup", Time since last: 7007035451 ns, Reaching safepoint: 31373 ns, Cleanup: 13477 ns, At safepoint: 13959 ns, Total: 58809 ns
[2024-10-15T04:04:27.461+0000][125][info ][safepoint   ] Safepoint "Cleanup", Time since last: 3001741791 ns, Reaching safepoint: 22569 ns, Cleanup: 13025 ns, At safepoint: 10890 ns, Total: 46484 ns
[2024-10-15T04:04:28.462+0000][125][info ][safepoint   ] Safepoint "Cleanup", Time since last: 1001343613 ns, Reaching safepoint: 24271 ns, Cleanup: 10915 ns, At safepoint: 9520 ns, Total: 44706 ns
[2024-10-15T04:04:31.464+0000][125][info ][safepoint   ] Safepoint "Cleanup", Time since last: 3002509405 ns, Reaching safepoint: 19520 ns, Cleanup: 17844 ns, At safepoint: 9851 ns, Total: 47215 ns
[2024-10-15T04:04:32.465+0000][125][info ][safepoint   ] Safepoint "Cleanup", Time since last: 1000969340 ns, Reaching safepoint: 20545 ns, Cleanup: 10381 ns, At safepoint: 10644 ns, Total: 41570 ns
[2024-10-15T04:04:34.468+0000][125][info ][safepoint   ] Safepoint "Cleanup", Time since last: 2001997534 ns, Reaching safepoint: 35115 ns, Cleanup: 16894 ns, At safepoint: 16743 ns, Total: 68752 ns
[2024-10-15T04:04:35.470+0000][125][info ][safepoint   ] Safepoint "Cleanup", Time since last: 1002572186 ns, Reaching safepoint: 65304 ns, Cleanup: 20550 ns, At safepoint: 18290 ns, Total: 104144 ns
[2024-10-15T04:04:37.478+0000][125][info ][safepoint   ] Safepoint "Cleanup", Time since last: 2007398884 ns, Reaching safepoint: 19999 ns, Cleanup: 15028 ns, At safepoint: 9498 ns, Total: 44525 ns
[2024-10-15T04:04:42.483+0000][125][info ][safepoint   ] Safepoint "Cleanup", Time since last: 5005009322 ns, Reaching safepoint: 21298 ns, Cleanup: 16121 ns, At safepoint: 10784 ns, Total: 48203 ns
[2024-10-15T04:04:45.486+0000][125][info ][safepoint   ] Safepoint "Cleanup", Time since last: 3002764588 ns, Reaching safepoint: 45593 ns, Cleanup: 12335 ns, At safepoint: 12877 ns, Total: 70805 ns
[2024-10-15T04:04:46.487+0000][125][info ][safepoint   ] Safepoint "Cleanup", Time since last: 1001241219 ns, Reaching safepoint: 20771 ns, Cleanup: 10902 ns, At safepoint: 10681 ns, Total: 42354 ns
[2024-10-15T04:04:51.955+0000][125][info ][safepoint   ] Safepoint "Cleanup", Time since last: 5466950055 ns, Reaching safepoint: 55735 ns, Cleanup: 102895 ns, At safepoint: 58722 ns, Total: 217352 ns
[2024-10-15T04:04:53.542+0000][125][info ][safepoint   ] Safepoint "Cleanup", Time since last: 1586631136 ns, Reaching safepoint: 23894 ns, Cleanup: 32022 ns, At safepoint: 15015 ns, Total: 70931 ns
[2024-10-15T04:04:55.193+0000][125][info ][safepoint   ] Safepoint "Cleanup", Time since last: 1651577532 ns, Reaching safepoint: 21645 ns, Cleanup: 19449 ns, At safepoint: 9611 ns, Total: 50705 ns
[2024-10-15T04:04:56.571+0000][125][info ][safepoint   ] Safepoint "Cleanup", Time since last: 1377681917 ns, Reaching safepoint: 29156 ns, Cleanup: 35000 ns, At safepoint: 15704 ns, Total: 79860 ns
[2024-10-15T04:04:57.612+0000][125][info ][safepoint   ] Safepoint "Cleanup", Time since last: 1040649117 ns, Reaching safepoint: 19615 ns, Cleanup: 16769 ns, At safepoint: 11665 ns, Total: 48049 ns
[2024-10-15T04:05:02.617+0000][125][info ][safepoint   ] Safepoint "Cleanup", Time since last: 5004779290 ns, Reaching safepoint: 31900 ns, Cleanup: 21065 ns, At safepoint: 20605 ns, Total: 73570 ns
[2024-10-15T04:05:05.620+0000][125][info ][safepoint   ] Safepoint "Cleanup", Time since last: 3003042786 ns, Reaching safepoint: 20426 ns, Cleanup: 19286 ns, At safepoint: 9830 ns, Total: 49542 ns
[2024-10-15T04:05:07.647+0000][125][info ][safepoint   ] Safepoint "Cleanup", Time since last: 2027645527 ns, Reaching safepoint: 26327 ns, Cleanup: 17683 ns, At safepoint: 9509 ns, Total: 53519 ns
[2024-10-15T04:05:13.654+0000][125][info ][safepoint   ] Safepoint "Cleanup", Time since last: 6006157178 ns, Reaching safepoint: 19991 ns, Cleanup: 13126 ns, At safepoint: 10667 ns, Total: 43784 ns
[2024-10-15T04:05:14.655+0000][125][info ][safepoint   ] Safepoint "Cleanup", Time since last: 1001007593 ns, Reaching safepoint: 25515 ns, Cleanup: 14130 ns, At safepoint: 14873 ns, Total: 54518 ns
[2024-10-15T04:05:17.658+0000][125][info ][safepoint   ] Safepoint "Cleanup", Time since last: 3002705099 ns, Reaching safepoint: 44881 ns, Cleanup: 14324 ns, At safepoint: 16337 ns, Total: 75542 ns
[2024-10-15T04:05:19.660+0000][125][info ][safepoint   ] Safepoint "Cleanup", Time since last: 2002112549 ns, Reaching safepoint: 19320 ns, Cleanup: 11720 ns, At safepoint: 9698 ns, Total: 40738 ns
[2024-10-15T04:05:21.661+0000][125][info ][safepoint   ] Safepoint "Cleanup", Time since last: 2000998227 ns, Reaching safepoint: 20950 ns, Cleanup: 15321 ns, At safepoint: 11199 ns, Total: 47470 ns
[2024-10-15T04:05:22.662+0000][125][info ][safepoint   ] Safepoint "Cleanup", Time since last: 1000944052 ns, Reaching safepoint: 19955 ns, Cleanup: 14507 ns, At safepoint: 9419 ns, Total: 43881 ns
[2024-10-15T04:05:24.664+0000][125][info ][safepoint   ] Safepoint "Cleanup", Time since last: 2001813033 ns, Reaching safepoint: 19965 ns, Cleanup: 12691 ns, At safepoint: 9535 ns, Total: 42191 ns
[2024-10-15T04:05:25.665+0000][125][info ][safepoint   ] Safepoint "Cleanup", Time since last: 1001105152 ns, Reaching safepoint: 26276 ns, Cleanup: 20552 ns, At safepoint: 15032 ns, Total: 61860 ns
[2024-10-15T04:05:26.666+0000][125][info ][safepoint   ] Safepoint "Cleanup", Time since last: 1000872540 ns, Reaching safepoint: 19059 ns, Cleanup: 11003 ns, At safepoint: 9628 ns, Total: 39690 ns
[2024-10-15T04:05:28.667+0000][125][info ][safepoint   ] Safepoint "Cleanup", Time since last: 2001290004 ns, Reaching safepoint: 42475 ns, Cleanup: 21592 ns, At safepoint: 21675 ns, Total: 85742 ns
[2024-10-15T04:05:31.670+0000][125][info ][safepoint   ] Safepoint "Cleanup", Time since last: 3002666630 ns, Reaching safepoint: 18994 ns, Cleanup: 26047 ns, At safepoint: 11086 ns, Total: 56127 ns
[2024-10-15T04:05:35.721+0000][125][info ][safepoint   ] Safepoint "Cleanup", Time since last: 4051050024 ns, Reaching safepoint: 19956 ns, Cleanup: 10466 ns, At safepoint: 10799 ns, Total: 41221 ns
[2024-10-15T04:05:36.722+0000][125][info ][safepoint   ] Safepoint "Cleanup", Time since last: 1000898756 ns, Reaching safepoint: 18533 ns, Cleanup: 25502 ns, At safepoint: 10027 ns, Total: 54062 ns
[2024-10-15T04:05:37.723+0000][125][info ][safepoint   ] Safepoint "Cleanup", Time since last: 1000858845 ns, Reaching safepoint: 30937 ns, Cleanup: 18152 ns, At safepoint: 12165 ns, Total: 61254 ns
[2024-10-15T04:05:42.790+0000][125][info ][safepoint   ] Safepoint "Cleanup", Time since last: 5067069823 ns, Reaching safepoint: 23465 ns, Cleanup: 14645 ns, At safepoint: 12423 ns, Total: 50533 ns
[2024-10-15T04:05:48.047+0000][125][info ][safepoint   ] Safepoint "Cleanup", Time since last: 5255937151 ns, Reaching safepoint: 26257 ns, Cleanup: 15383 ns, At safepoint: 14700 ns, Total: 56340 ns
[2024-10-15T04:05:50.049+0000][125][info ][safepoint   ] Safepoint "Cleanup", Time since last: 2001846293 ns, Reaching safepoint: 24593 ns, Cleanup: 16247 ns, At safepoint: 14643 ns, Total: 55483 ns
[2024-10-15T04:05:51.253+0000][125][info ][safepoint   ] Safepoint "Cleanup", Time since last: 1204071341 ns, Reaching safepoint: 6670 ns, Cleanup: 19257 ns, At safepoint: 5365 ns, Total: 31292 ns
[2024-10-15T04:05:52.822+0000][125][info ][safepoint   ] Safepoint "Cleanup", Time since last: 1568783211 ns, Reaching safepoint: 7153 ns, Cleanup: 23800 ns, At safepoint: 5468 ns, Total: 36421 ns
[2024-10-15T04:05:53.847+0000][125][info ][safepoint   ] Safepoint "Cleanup", Time since last: 1024781890 ns, Reaching safepoint: 29664 ns, Cleanup: 16811 ns, At safepoint: 12432 ns, Total: 58907 ns
[2024-10-15T04:05:54.849+0000][125][info ][safepoint   ] Safepoint "Cleanup", Time since last: 1001048603 ns, Reaching safepoint: 881837 ns, Cleanup: 19353 ns, At safepoint: 67465 ns, Total: 968655 ns
[2024-10-15T04:05:55.850+0000][125][info ][safepoint   ] Safepoint "Cleanup", Time since last: 1001148428 ns, Reaching safepoint: 29320 ns, Cleanup: 19139 ns, At safepoint: 16991 ns, Total: 65450 ns
[2024-10-15T04:05:56.851+0000][125][info ][safepoint   ] Safepoint "Cleanup", Time since last: 1000637304 ns, Reaching safepoint: 19960 ns, Cleanup: 16394 ns, At safepoint: 10838 ns, Total: 47192 ns
[2024-10-15T04:05:58.121+0000][125][info ][safepoint   ] Safepoint "Cleanup", Time since last: 1269544232 ns, Reaching safepoint: 8400 ns, Cleanup: 7993 ns, At safepoint: 6238 ns, Total: 22631 ns
[2024-10-15T04:05:59.870+0000][125][info ][safepoint   ] Safepoint "Cleanup", Time since last: 1749765589 ns, Reaching safepoint: 21011 ns, Cleanup: 23224 ns, At safepoint: 9891 ns, Total: 54126 ns
[2024-10-15T04:06:04.875+0000][125][info ][safepoint   ] Safepoint "Cleanup", Time since last: 5004917084 ns, Reaching safepoint: 46792 ns, Cleanup: 13117 ns, At safepoint: 9531 ns, Total: 69440 ns
[2024-10-15T04:06:05.876+0000][125][info ][safepoint   ] Safepoint "Cleanup", Time since last: 1000916139 ns, Reaching safepoint: 19688 ns, Cleanup: 12911 ns, At safepoint: 10453 ns, Total: 43052 ns
[2024-10-15T04:06:07.878+0000][125][info ][safepoint   ] Safepoint "Cleanup", Time since last: 2001994921 ns, Reaching safepoint: 20257 ns, Cleanup: 12148 ns, At safepoint: 9877 ns, Total: 42282 ns
[2024-10-15T04:06:10.881+0000][125][info ][safepoint   ] Safepoint "Cleanup", Time since last: 3002771122 ns, Reaching safepoint: 20513 ns, Cleanup: 22877 ns, At safepoint: 9295 ns, Total: 52685 ns
[2024-10-15T04:06:15.886+0000][125][info ][safepoint   ] Safepoint "Cleanup", Time since last: 5005149429 ns, Reaching safepoint: 27918 ns, Cleanup: 32432 ns, At safepoint: 17556 ns, Total: 77906 ns
[2024-10-15T04:06:24.896+0000][125][info ][safepoint   ] Safepoint "Cleanup", Time since last: 9008840720 ns, Reaching safepoint: 738118 ns, Cleanup: 19745 ns, At safepoint: 108885 ns, Total: 866748 ns
[2024-10-15T04:06:25.898+0000][125][info ][safepoint   ] Safepoint "Cleanup", Time since last: 1001250135 ns, Reaching safepoint: 18706 ns, Cleanup: 12256 ns, At safepoint: 44724 ns, Total: 75686 ns
[2024-10-15T04:06:26.900+0000][125][info ][safepoint   ] Safepoint "Cleanup", Time since last: 1000866142 ns, Reaching safepoint: 916231 ns, Cleanup: 17604 ns, At safepoint: 78623 ns, Total: 1012458 ns
[2024-10-15T04:06:28.903+0000][125][info ][safepoint   ] Safepoint "Cleanup", Time since last: 2002109404 ns, Reaching safepoint: 762890 ns, Cleanup: 17188 ns, At safepoint: 71342 ns, Total: 851420 ns
[2024-10-15T04:06:31.907+0000][125][info ][safepoint   ] Safepoint "Cleanup", Time since last: 3003036947 ns, Reaching safepoint: 898001 ns, Cleanup: 25581 ns, At safepoint: 71328 ns, Total: 994910 ns
[2024-10-15T04:06:34.124+0000][125][info ][safepoint   ] Safepoint "Cleanup", Time since last: 2217081713 ns, Reaching safepoint: 29198 ns, Cleanup: 9957 ns, At safepoint: 7443 ns, Total: 46598 ns
[2024-10-15T04:06:35.937+0000][125][info ][safepoint   ] Safepoint "Cleanup", Time since last: 1812925056 ns, Reaching safepoint: 68711 ns, Cleanup: 32142 ns, At safepoint: 46323 ns, Total: 147176 ns
[2024-10-15T04:06:36.938+0000][125][info ][safepoint   ] Safepoint "Cleanup", Time since last: 1000830962 ns, Reaching safepoint: 21444 ns, Cleanup: 12385 ns, At safepoint: 10805 ns, Total: 44634 ns
[2024-10-15T04:06:37.939+0000][125][info ][safepoint   ] Safepoint "Cleanup", Time since last: 1000779505 ns, Reaching safepoint: 22471 ns, Cleanup: 38980 ns, At safepoint: 22880 ns, Total: 84331 ns
[2024-10-15T04:06:40.942+0000][125][info ][safepoint   ] Safepoint "Cleanup", Time since last: 3002922148 ns, Reaching safepoint: 51350 ns, Cleanup: 16391 ns, At safepoint: 17569 ns, Total: 85310 ns
[2024-10-15T04:06:41.943+0000][125][info ][safepoint   ] Safepoint "Cleanup", Time since last: 1001019715 ns, Reaching safepoint: 29040 ns, Cleanup: 14960 ns, At safepoint: 12311 ns, Total: 56311 ns
[2024-10-15T04:06:42.944+0000][125][info ][safepoint   ] Safepoint "Cleanup", Time since last: 1000793035 ns, Reaching safepoint: 25425 ns, Cleanup: 12945 ns, At safepoint: 11355 ns, Total: 49725 ns
[2024-10-15T04:06:45.947+0000][125][info ][safepoint   ] Safepoint "Cleanup", Time since last: 3003142271 ns, Reaching safepoint: 20219 ns, Cleanup: 10873 ns, At safepoint: 9975 ns, Total: 41067 ns
[2024-10-15T04:06:46.949+0000][125][info ][safepoint   ] Safepoint "Cleanup", Time since last: 1000783947 ns, Reaching safepoint: 29988 ns, Cleanup: 16379 ns, At safepoint: 14120 ns, Total: 60487 ns
[2024-10-15T04:06:50.127+0000][125][info ][safepoint   ] Safepoint "Cleanup", Time since last: 3178241860 ns, Reaching safepoint: 45679 ns, Cleanup: 11300 ns, At safepoint: 9026 ns, Total: 66005 ns
[2024-10-15T04:06:55.133+0000][125][info ][safepoint   ] Safepoint "Cleanup", Time since last: 5005712007 ns, Reaching safepoint: 22872 ns, Cleanup: 14217 ns, At safepoint: 12802 ns, Total: 49891 ns
[2024-10-15T04:06:55.142+0000][125][info ][gc,start    ] GC(18) Pause Young (Prepare Mixed) (G1 Evacuation Pause)
[2024-10-15T04:06:55.142+0000][125][info ][gc,task     ] GC(18) Using 4 workers of 4 for evacuation
[2024-10-15T04:06:55.142+0000][125][debug][gc,age      ] GC(18) Desired survivor size 71303168 bytes, new threshold 15 (max threshold 15)
[2024-10-15T04:06:55.159+0000][125][info ][gc,phases   ] GC(18)   Pre Evacuate Collection Set: 0.65ms
[2024-10-15T04:06:55.159+0000][125][info ][gc,phases   ] GC(18)   Merge Heap Roots: 0.34ms
[2024-10-15T04:06:55.159+0000][125][info ][gc,phases   ] GC(18)   Evacuate Collection Set: 12.90ms
[2024-10-15T04:06:55.159+0000][125][info ][gc,phases   ] GC(18)   Post Evacuate Collection Set: 2.49ms
[2024-10-15T04:06:55.159+0000][125][info ][gc,phases   ] GC(18)   Other: 0.20ms
[2024-10-15T04:06:55.159+0000][125][trace][gc,age      ] GC(18) Age table with threshold 15 (max threshold 15)
[2024-10-15T04:06:55.159+0000][125][trace][gc,age      ] GC(18) - age   1:    6647096 bytes,    6647096 total
[2024-10-15T04:06:55.159+0000][125][trace][gc,age      ] GC(18) - age   2:    6761528 bytes,   13408624 total
[2024-10-15T04:06:55.159+0000][125][trace][gc,age      ] GC(18) - age   3:    3395672 bytes,   16804296 total
[2024-10-15T04:06:55.159+0000][125][info ][gc,heap     ] GC(18) Eden regions: 265->0(802)
[2024-10-15T04:06:55.159+0000][125][info ][gc,heap     ] GC(18) Survivor regions: 4->5(34)
[2024-10-15T04:06:55.159+0000][125][info ][gc,heap     ] GC(18) Old regions: 34->34
[2024-10-15T04:06:55.159+0000][125][info ][gc,heap     ] GC(18) Humongous regions: 2->2
[2024-10-15T04:06:55.159+0000][125][info ][gc,metaspace] GC(18) Metaspace: 154817K(159104K)->154817K(159104K) NonClass: 133333K(135680K)->133333K(135680K) Class: 21483K(23424K)->21483K(23424K)
[2024-10-15T04:06:55.159+0000][125][info ][gc          ] GC(18) Pause Young (Prepare Mixed) (G1 Evacuation Pause) 1217M->159M(5476M) 16.799ms
[2024-10-15T04:06:55.159+0000][125][info ][gc,cpu      ] GC(18) User=0.05s Sys=0.00s Real=0.01s
[2024-10-15T04:06:55.159+0000][125][info ][safepoint   ] Safepoint "G1CollectForAllocation", Time since last: 9139387 ns, Reaching safepoint: 18411 ns, Cleanup: 12203 ns, At safepoint: 16935863 ns, Total: 16966477 ns
[2024-10-15T04:06:57.010+0000][125][info ][safepoint   ] Safepoint "Cleanup", Time since last: 1851048908 ns, Reaching safepoint: 11023 ns, Cleanup: 101245 ns, At safepoint: 13698 ns, Total: 125966 ns
[2024-10-15T04:06:59.017+0000][125][info ][safepoint   ] Safepoint "Cleanup", Time since last: 2006629133 ns, Reaching safepoint: 19960 ns, Cleanup: 12836 ns, At safepoint: 11103 ns, Total: 43899 ns
[2024-10-15T04:07:01.183+0000][125][info ][safepoint   ] Safepoint "Cleanup", Time since last: 2166481205 ns, Reaching safepoint: 13474 ns, Cleanup: 12221 ns, At safepoint: 10161 ns, Total: 35856 ns
[2024-10-15T04:07:03.039+0000][125][info ][safepoint   ] Safepoint "Cleanup", Time since last: 1855529495 ns, Reaching safepoint: 43348 ns, Cleanup: 36010 ns, At safepoint: 11750 ns, Total: 91108 ns
[2024-10-15T04:07:05.041+0000][125][info ][safepoint   ] Safepoint "Cleanup", Time since last: 2002054033 ns, Reaching safepoint: 20569 ns, Cleanup: 11693 ns, At safepoint: 8979 ns, Total: 41241 ns
[2024-10-15T04:07:06.042+0000][125][info ][safepoint   ] Safepoint "Cleanup", Time since last: 1000758624 ns, Reaching safepoint: 21295 ns, Cleanup: 14650 ns, At safepoint: 10557 ns, Total: 46502 ns
[2024-10-15T04:07:12.057+0000][125][info ][safepoint   ] Safepoint "Cleanup", Time since last: 6015076961 ns, Reaching safepoint: 31781 ns, Cleanup: 14615 ns, At safepoint: 11643 ns, Total: 58039 ns
[2024-10-15T04:07:14.060+0000][125][info ][safepoint   ] Safepoint "Cleanup", Time since last: 2002785942 ns, Reaching safepoint: 19440 ns, Cleanup: 10512 ns, At safepoint: 9745 ns, Total: 39697 ns
[2024-10-15T04:07:20.065+0000][125][info ][safepoint   ] Safepoint "Cleanup", Time since last: 6006118059 ns, Reaching safepoint: 44341 ns, Cleanup: 13636 ns, At safepoint: 8659 ns, Total: 66636 ns
[2024-10-15T04:07:22.067+0000][125][info ][safepoint   ] Safepoint "Cleanup", Time since last: 2001892023 ns, Reaching safepoint: 24367 ns, Cleanup: 12126 ns, At safepoint: 11725 ns, Total: 48218 ns
[2024-10-15T04:07:25.071+0000][125][info ][safepoint   ] Safepoint "Cleanup", Time since last: 3003239045 ns, Reaching safepoint: 38089 ns, Cleanup: 17551 ns, At safepoint: 14972 ns, Total: 70612 ns
[2024-10-15T04:07:26.071+0000][125][info ][safepoint   ] Safepoint "Cleanup", Time since last: 1000342868 ns, Reaching safepoint: 20382 ns, Cleanup: 19240 ns, At safepoint: 9646 ns, Total: 49268 ns
[2024-10-15T04:07:27.072+0000][125][info ][safepoint   ] Safepoint "Cleanup", Time since last: 1001218544 ns, Reaching safepoint: 18501 ns, Cleanup: 21366 ns, At safepoint: 9056 ns, Total: 48923 ns
[2024-10-15T04:07:29.079+0000][125][info ][safepoint   ] Safepoint "Cleanup", Time since last: 2006924568 ns, Reaching safepoint: 19686 ns, Cleanup: 23287 ns, At safepoint: 13199 ns, Total: 56172 ns
[2024-10-15T04:07:32.083+0000][125][info ][safepoint   ] Safepoint "Cleanup", Time since last: 3003093138 ns, Reaching safepoint: 50085 ns, Cleanup: 58195 ns, At safepoint: 19102 ns, Total: 127382 ns
[2024-10-15T04:07:35.085+0000][125][info ][safepoint   ] Safepoint "Cleanup", Time since last: 3002602396 ns, Reaching safepoint: 49644 ns, Cleanup: 12511 ns, At safepoint: 9760 ns, Total: 71915 ns
[2024-10-15T04:07:37.087+0000][125][info ][safepoint   ] Safepoint "Cleanup", Time since last: 2001360588 ns, Reaching safepoint: 23669 ns, Cleanup: 15349 ns, At safepoint: 11772 ns, Total: 50790 ns
[2024-10-15T04:07:38.088+0000][125][info ][safepoint   ] Safepoint "Cleanup", Time since last: 1000555224 ns, Reaching safepoint: 866307 ns, Cleanup: 21235 ns, At safepoint: 79440 ns, Total: 966982 ns
[2024-10-15T04:07:39.089+0000][125][info ][safepoint   ] Safepoint "Cleanup", Time since last: 1001157531 ns, Reaching safepoint: 24385 ns, Cleanup: 20792 ns, At safepoint: 11005 ns, Total: 56182 ns
[2024-10-15T04:07:42.092+0000][125][info ][safepoint   ] Safepoint "Cleanup", Time since last: 3002851311 ns, Reaching safepoint: 20833 ns, Cleanup: 11527 ns, At safepoint: 10237 ns, Total: 42597 ns
[2024-10-15T04:07:47.099+0000][125][info ][safepoint   ] Safepoint "Cleanup", Time since last: 5005014424 ns, Reaching safepoint: 20911 ns, Cleanup: 13539 ns, At safepoint: 9993 ns, Total: 44443 ns
[2024-10-15T04:07:49.266+0000][125][info ][safepoint   ] Safepoint "Cleanup", Time since last: 2167077156 ns, Reaching safepoint: 47311 ns, Cleanup: 11453 ns, At safepoint: 12636 ns, Total: 71400 ns
[2024-10-15T04:07:52.269+0000][125][info ][safepoint   ] Safepoint "Cleanup", Time since last: 3002781632 ns, Reaching safepoint: 23120 ns, Cleanup: 13850 ns, At safepoint: 10911 ns, Total: 47881 ns
[2024-10-15T04:07:57.302+0000][125][info ][safepoint   ] Safepoint "Cleanup", Time since last: 5033064845 ns, Reaching safepoint: 19605 ns, Cleanup: 20443 ns, At safepoint: 9503 ns, Total: 49551 ns
[2024-10-15T04:07:59.209+0000][125][info ][safepoint   ] Safepoint "Cleanup", Time since last: 1906880754 ns, Reaching safepoint: 6962 ns, Cleanup: 12549 ns, At safepoint: 5591 ns, Total: 25102 ns
[2024-10-15T04:08:00.231+0000][125][info ][safepoint   ] Safepoint "Cleanup", Time since last: 1021036590 ns, Reaching safepoint: 951488 ns, Cleanup: 36114 ns, At safepoint: 112360 ns, Total: 1099962 ns
[2024-10-15T04:08:02.233+0000][125][info ][safepoint   ] Safepoint "Cleanup", Time since last: 2001719746 ns, Reaching safepoint: 19559 ns, Cleanup: 14832 ns, At safepoint: 10108 ns, Total: 44499 ns
[2024-10-15T04:08:04.174+0000][125][info ][safepoint   ] Safepoint "Cleanup", Time since last: 1941313971 ns, Reaching safepoint: 10009 ns, Cleanup: 16802 ns, At safepoint: 7550 ns, Total: 34361 ns
[2024-10-15T04:08:05.230+0000][125][info ][safepoint   ] Safepoint "Cleanup", Time since last: 1055737038 ns, Reaching safepoint: 26404 ns, Cleanup: 20708 ns, At safepoint: 14700 ns, Total: 61812 ns
[2024-10-15T04:08:10.277+0000][125][info ][safepoint   ] Safepoint "Cleanup", Time since last: 5046925211 ns, Reaching safepoint: 21243 ns, Cleanup: 12116 ns, At safepoint: 9951 ns, Total: 43310 ns
[2024-10-15T04:08:12.279+0000][125][info ][safepoint   ] Safepoint "Cleanup", Time since last: 2001846342 ns, Reaching safepoint: 26936 ns, Cleanup: 17022 ns, At safepoint: 15186 ns, Total: 59144 ns
[2024-10-15T04:08:13.280+0000][125][info ][safepoint   ] Safepoint "Cleanup", Time since last: 1000870102 ns, Reaching safepoint: 25882 ns, Cleanup: 15009 ns, At safepoint: 10993 ns, Total: 51884 ns
[2024-10-15T04:08:16.283+0000][125][info ][safepoint   ] Safepoint "Cleanup", Time since last: 3002835909 ns, Reaching safepoint: 18637 ns, Cleanup: 10895 ns, At safepoint: 10032 ns, Total: 39564 ns
[2024-10-15T04:08:25.300+0000][125][info ][safepoint   ] Safepoint "Cleanup", Time since last: 9016258740 ns, Reaching safepoint: 44363 ns, Cleanup: 11727 ns, At safepoint: 8612 ns, Total: 64702 ns
[2024-10-15T04:08:27.301+0000][125][info ][safepoint   ] Safepoint "Cleanup", Time since last: 2001850406 ns, Reaching safepoint: 20750 ns, Cleanup: 12318 ns, At safepoint: 10646 ns, Total: 43714 ns
[2024-10-15T04:08:28.302+0000][125][info ][safepoint   ] Safepoint "Cleanup", Time since last: 1000876816 ns, Reaching safepoint: 36296 ns, Cleanup: 18892 ns, At safepoint: 69219 ns, Total: 124407 ns
[2024-10-15T04:08:32.307+0000][125][info ][safepoint   ] Safepoint "Cleanup", Time since last: 4004086570 ns, Reaching safepoint: 28386 ns, Cleanup: 17473 ns, At safepoint: 11604 ns, Total: 57463 ns
[2024-10-15T04:08:34.308+0000][125][info ][safepoint   ] Safepoint "Cleanup", Time since last: 2001681386 ns, Reaching safepoint: 26454 ns, Cleanup: 16468 ns, At safepoint: 12170 ns, Total: 55092 ns
[2024-10-15T04:08:35.310+0000][125][info ][safepoint   ] Safepoint "Cleanup", Time since last: 1001197371 ns, Reaching safepoint: 20258 ns, Cleanup: 29374 ns, At safepoint: 14453 ns, Total: 64085 ns
[2024-10-15T04:08:36.310+0000][125][info ][safepoint   ] Safepoint "Cleanup", Time since last: 1000598530 ns, Reaching safepoint: 23658 ns, Cleanup: 13098 ns, At safepoint: 9944 ns, Total: 46700 ns
[2024-10-15T04:08:37.311+0000][125][info ][safepoint   ] Safepoint "Cleanup", Time since last: 1001110196 ns, Reaching safepoint: 19400 ns, Cleanup: 12721 ns, At safepoint: 9790 ns, Total: 41911 ns
[2024-10-15T04:08:39.313+0000][125][info ][safepoint   ] Safepoint "Cleanup", Time since last: 2001922837 ns, Reaching safepoint: 21985 ns, Cleanup: 14618 ns, At safepoint: 10874 ns, Total: 47477 ns
[2024-10-15T04:08:40.315+0000][125][info ][safepoint   ] Safepoint "Cleanup", Time since last: 1001092603 ns, Reaching safepoint: 124846 ns, Cleanup: 14832 ns, At safepoint: 19238 ns, Total: 158916 ns
[2024-10-15T04:08:42.341+0000][125][info ][safepoint   ] Safepoint "Cleanup", Time since last: 2025999421 ns, Reaching safepoint: 26741 ns, Cleanup: 15764 ns, At safepoint: 12861 ns, Total: 55366 ns
[2024-10-15T04:08:43.342+0000][125][info ][safepoint   ] Safepoint "Cleanup", Time since last: 1000850958 ns, Reaching safepoint: 28965 ns, Cleanup: 11578 ns, At safepoint: 10328 ns, Total: 50871 ns
[2024-10-15T04:08:52.419+0000][125][info ][safepoint   ] Safepoint "Cleanup", Time since last: 9088860375 ns, Reaching safepoint: 41969 ns, Cleanup: 11316 ns, At safepoint: 9309 ns, Total: 62594 ns
[2024-10-15T04:09:01.191+0000][125][info ][safepoint   ] Safepoint "Cleanup", Time since last: 8771333965 ns, Reaching safepoint: 353957 ns, Cleanup: 14698 ns, At safepoint: 100400 ns, Total: 469055 ns
[2024-10-15T04:09:02.392+0000][125][info ][safepoint   ] Safepoint "Cleanup", Time since last: 1201005409 ns, Reaching safepoint: 29580 ns, Cleanup: 29847 ns, At safepoint: 62359 ns, Total: 121786 ns
[2024-10-15T04:09:03.412+0000][125][info ][safepoint   ] Safepoint "Cleanup", Time since last: 1019907122 ns, Reaching safepoint: 80577 ns, Cleanup: 15806 ns, At safepoint: 18545 ns, Total: 114928 ns
[2024-10-15T04:09:07.180+0000][125][info ][safepoint   ] Safepoint "Cleanup", Time since last: 3767857916 ns, Reaching safepoint: 49619 ns, Cleanup: 15286 ns, At safepoint: 77551 ns, Total: 142456 ns
[2024-10-15T04:09:08.440+0000][125][info ][safepoint   ] Safepoint "Cleanup", Time since last: 1259935539 ns, Reaching safepoint: 23264 ns, Cleanup: 19527 ns, At safepoint: 11436 ns, Total: 54227 ns
[2024-10-15T04:09:12.444+0000][125][info ][safepoint   ] Safepoint "Cleanup", Time since last: 4003808859 ns, Reaching safepoint: 31244 ns, Cleanup: 29293 ns, At safepoint: 15369 ns, Total: 75906 ns
[2024-10-15T04:09:16.448+0000][125][info ][safepoint   ] Safepoint "Cleanup", Time since last: 4004329905 ns, Reaching safepoint: 31061 ns, Cleanup: 17250 ns, At safepoint: 15536 ns, Total: 63847 ns
[2024-10-15T04:09:17.462+0000][125][info ][safepoint   ] Safepoint "Cleanup", Time since last: 1000659444 ns, Reaching safepoint: 35895 ns, Cleanup: 23022 ns, At safepoint: 16559 ns, Total: 75476 ns
[2024-10-15T04:09:19.464+0000][125][info ][safepoint   ] Safepoint "Cleanup", Time since last: 2002001343 ns, Reaching safepoint: 22037 ns, Cleanup: 15806 ns, At safepoint: 11431 ns, Total: 49274 ns
[2024-10-15T04:09:22.467+0000][125][info ][safepoint   ] Safepoint "Cleanup", Time since last: 3002938139 ns, Reaching safepoint: 53827 ns, Cleanup: 18059 ns, At safepoint: 9878 ns, Total: 81764 ns
[2024-10-15T04:09:28.473+0000][125][info ][safepoint   ] Safepoint "Cleanup", Time since last: 6005956333 ns, Reaching safepoint: 32620 ns, Cleanup: 16736 ns, At safepoint: 14880 ns, Total: 64236 ns
[2024-10-15T04:09:31.481+0000][125][info ][safepoint   ] Safepoint "Cleanup", Time since last: 3007231153 ns, Reaching safepoint: 106508 ns, Cleanup: 10198 ns, At safepoint: 156640 ns, Total: 273346 ns
[2024-10-15T04:09:32.481+0000][125][info ][safepoint   ] Safepoint "Cleanup", Time since last: 1000413249 ns, Reaching safepoint: 22139 ns, Cleanup: 30643 ns, At safepoint: 10833 ns, Total: 63615 ns
[2024-10-15T04:09:35.487+0000][125][info ][safepoint   ] Safepoint "Cleanup", Time since last: 3003987374 ns, Reaching safepoint: 1045674 ns, Cleanup: 29098 ns, At safepoint: 211208 ns, Total: 1285980 ns
[2024-10-15T04:09:37.488+0000][125][info ][safepoint   ] Safepoint "Cleanup", Time since last: 2000824630 ns, Reaching safepoint: 110334 ns, Cleanup: 19649 ns, At safepoint: 13155 ns, Total: 143138 ns
[2024-10-15T04:09:40.490+0000][125][info ][safepoint   ] Safepoint "Cleanup", Time since last: 3002602715 ns, Reaching safepoint: 22816 ns, Cleanup: 26402 ns, At safepoint: 10291 ns, Total: 59509 ns
[2024-10-15T04:09:42.492+0000][125][info ][safepoint   ] Safepoint "Cleanup", Time since last: 2001977838 ns, Reaching safepoint: 22362 ns, Cleanup: 13449 ns, At safepoint: 10883 ns, Total: 46694 ns
[2024-10-15T04:09:50.445+0000][125][info ][safepoint   ] Safepoint "Cleanup", Time since last: 7952180101 ns, Reaching safepoint: 29125 ns, Cleanup: 17692 ns, At safepoint: 16005 ns, Total: 62822 ns
[2024-10-15T04:09:57.452+0000][125][info ][safepoint   ] Safepoint "Cleanup", Time since last: 7006761812 ns, Reaching safepoint: 71065 ns, Cleanup: 23335 ns, At safepoint: 13832 ns, Total: 108232 ns
[2024-10-15T04:10:02.457+0000][125][info ][safepoint   ] Safepoint "Cleanup", Time since last: 5005049686 ns, Reaching safepoint: 32343 ns, Cleanup: 30763 ns, At safepoint: 16490 ns, Total: 79596 ns
[2024-10-15T04:10:04.187+0000][125][info ][safepoint   ] Safepoint "Cleanup", Time since last: 1730241378 ns, Reaching safepoint: 15860 ns, Cleanup: 16925 ns, At safepoint: 9937 ns, Total: 42722 ns
[2024-10-15T04:10:05.657+0000][125][info ][safepoint   ] Safepoint "Cleanup", Time since last: 1469409006 ns, Reaching safepoint: 20544 ns, Cleanup: 21289 ns, At safepoint: 11750 ns, Total: 53583 ns
[2024-10-15T04:10:10.187+0000][125][info ][safepoint   ] Safepoint "Cleanup", Time since last: 4530319332 ns, Reaching safepoint: 43404 ns, Cleanup: 12449 ns, At safepoint: 9604 ns, Total: 65457 ns
[2024-10-15T04:10:11.694+0000][125][info ][safepoint   ] Safepoint "Cleanup", Time since last: 1507081237 ns, Reaching safepoint: 27202 ns, Cleanup: 29746 ns, At safepoint: 14654 ns, Total: 71602 ns
[2024-10-15T04:10:16.708+0000][125][info ][safepoint   ] Safepoint "Cleanup", Time since last: 5012564998 ns, Reaching safepoint: 896863 ns, Cleanup: 18929 ns, At safepoint: 70903 ns, Total: 986695 ns
[2024-10-15T04:10:19.712+0000][125][info ][safepoint   ] Safepoint "Cleanup", Time since last: 3003182516 ns, Reaching safepoint: 32780 ns, Cleanup: 18656 ns, At safepoint: 16257 ns, Total: 67693 ns
[2024-10-15T04:10:22.715+0000][125][info ][safepoint   ] Safepoint "Cleanup", Time since last: 3002771098 ns, Reaching safepoint: 58463 ns, Cleanup: 17625 ns, At safepoint: 19117 ns, Total: 95205 ns
[2024-10-15T04:10:26.718+0000][125][info ][safepoint   ] Safepoint "Cleanup", Time since last: 4003891652 ns, Reaching safepoint: 19714 ns, Cleanup: 12286 ns, At safepoint: 9618 ns, Total: 41618 ns
[2024-10-15T04:10:27.719+0000][125][info ][safepoint   ] Safepoint "Cleanup", Time since last: 1000964597 ns, Reaching safepoint: 19795 ns, Cleanup: 12123 ns, At safepoint: 9873 ns, Total: 41791 ns
[2024-10-15T04:10:30.723+0000][125][info ][safepoint   ] Safepoint "Cleanup", Time since last: 3003016474 ns, Reaching safepoint: 56980 ns, Cleanup: 20687 ns, At safepoint: 100888 ns, Total: 178555 ns
[2024-10-15T04:10:31.724+0000][125][info ][safepoint   ] Safepoint "Cleanup", Time since last: 1000859692 ns, Reaching safepoint: 21458 ns, Cleanup: 23842 ns, At safepoint: 10213 ns, Total: 55513 ns
[2024-10-15T04:10:35.727+0000][125][info ][safepoint   ] Safepoint "Cleanup", Time since last: 4003857251 ns, Reaching safepoint: 22569 ns, Cleanup: 12629 ns, At safepoint: 10747 ns, Total: 45945 ns
[2024-10-15T04:10:36.728+0000][125][info ][safepoint   ] Safepoint "Cleanup", Time since last: 1000611866 ns, Reaching safepoint: 20200 ns, Cleanup: 10353 ns, At safepoint: 8826 ns, Total: 39379 ns
[2024-10-15T04:10:40.733+0000][125][info ][safepoint   ] Safepoint "Cleanup", Time since last: 4004504872 ns, Reaching safepoint: 59185 ns, Cleanup: 13336 ns, At safepoint: 9802 ns, Total: 82323 ns
[2024-10-15T04:10:41.734+0000][125][info ][safepoint   ] Safepoint "Cleanup", Time since last: 1000469615 ns, Reaching safepoint: 976213 ns, Cleanup: 35099 ns, At safepoint: 158138 ns, Total: 1169450 ns
[2024-10-15T04:10:46.739+0000][125][info ][safepoint   ] Safepoint "Cleanup", Time since last: 5004986151 ns, Reaching safepoint: 25007 ns, Cleanup: 13948 ns, At safepoint: 13809 ns, Total: 52764 ns
[2024-10-15T04:10:55.571+0000][125][info ][safepoint   ] Safepoint "Cleanup", Time since last: 8832872926 ns, Reaching safepoint: 36569 ns, Cleanup: 60140 ns, At safepoint: 48328 ns, Total: 145037 ns
[2024-10-15T04:11:01.578+0000][125][info ][safepoint   ] Safepoint "Cleanup", Time since last: 6006488200 ns, Reaching safepoint: 106707 ns, Cleanup: 17842 ns, At safepoint: 28474 ns, Total: 153023 ns
[2024-10-15T04:11:05.582+0000][125][info ][safepoint   ] Safepoint "Cleanup", Time since last: 4004135337 ns, Reaching safepoint: 21239 ns, Cleanup: 12732 ns, At safepoint: 11431 ns, Total: 45402 ns
[2024-10-15T04:11:07.226+0000][125][info ][safepoint   ] Safepoint "Cleanup", Time since last: 1644129197 ns, Reaching safepoint: 14447 ns, Cleanup: 22956 ns, At safepoint: 67243 ns, Total: 104646 ns
[2024-10-15T04:11:08.805+0000][125][info ][safepoint   ] Safepoint "Cleanup", Time since last: 1578674965 ns, Reaching safepoint: 55346 ns, Cleanup: 27460 ns, At safepoint: 14422 ns, Total: 97228 ns
[2024-10-15T04:11:10.812+0000][125][info ][safepoint   ] Safepoint "Cleanup", Time since last: 2007101386 ns, Reaching safepoint: 28262 ns, Cleanup: 16260 ns, At safepoint: 14770 ns, Total: 59292 ns
[2024-10-15T04:11:11.813+0000][125][info ][safepoint   ] Safepoint "Cleanup", Time since last: 1000700377 ns, Reaching safepoint: 21028 ns, Cleanup: 12352 ns, At safepoint: 10722 ns, Total: 44102 ns
[2024-10-15T04:11:12.814+0000][125][info ][safepoint   ] Safepoint "Cleanup", Time since last: 1000985387 ns, Reaching safepoint: 50201 ns, Cleanup: 38763 ns, At safepoint: 22561 ns, Total: 111525 ns
[2024-10-15T04:11:13.825+0000][125][info ][safepoint   ] Safepoint "Cleanup", Time since last: 1010999132 ns, Reaching safepoint: 6681 ns, Cleanup: 18197 ns, At safepoint: 5254 ns, Total: 30132 ns
[2024-10-15T04:11:14.841+0000][125][info ][safepoint   ] Safepoint "Cleanup", Time since last: 1015918772 ns, Reaching safepoint: 19262 ns, Cleanup: 18880 ns, At safepoint: 10554 ns, Total: 48696 ns
[2024-10-15T04:11:16.845+0000][125][info ][safepoint   ] Safepoint "Cleanup", Time since last: 2002039871 ns, Reaching safepoint: 20252 ns, Cleanup: 11618 ns, At safepoint: 21483 ns, Total: 53353 ns
[2024-10-15T04:11:19.849+0000][125][info ][safepoint   ] Safepoint "Cleanup", Time since last: 3003544720 ns, Reaching safepoint: 35943 ns, Cleanup: 19111 ns, At safepoint: 19972 ns, Total: 75026 ns
[2024-10-15T04:11:25.855+0000][125][info ][safepoint   ] Safepoint "Cleanup", Time since last: 6006174512 ns, Reaching safepoint: 57462 ns, Cleanup: 13054 ns, At safepoint: 11989 ns, Total: 82505 ns
[2024-10-15T04:11:27.857+0000][125][info ][safepoint   ] Safepoint "Cleanup", Time since last: 2002219907 ns, Reaching safepoint: 19041 ns, Cleanup: 11178 ns, At safepoint: 9964 ns, Total: 40183 ns
[2024-10-15T04:11:30.865+0000][125][info ][safepoint   ] Safepoint "Cleanup", Time since last: 3008053621 ns, Reaching safepoint: 26791 ns, Cleanup: 13615 ns, At safepoint: 15219 ns, Total: 55625 ns
[2024-10-15T04:11:31.866+0000][125][info ][safepoint   ] Safepoint "Cleanup", Time since last: 1000772125 ns, Reaching safepoint: 19877 ns, Cleanup: 19539 ns, At safepoint: 10012 ns, Total: 49428 ns
[2024-10-15T04:11:34.217+0000][125][info ][safepoint   ] Safepoint "Cleanup", Time since last: 2351053785 ns, Reaching safepoint: 25662 ns, Cleanup: 18119 ns, At safepoint: 51287 ns, Total: 95068 ns
[2024-10-15T04:11:35.900+0000][125][info ][safepoint   ] Safepoint "Cleanup", Time since last: 1682787292 ns, Reaching safepoint: 20388 ns, Cleanup: 35723 ns, At safepoint: 10426 ns, Total: 66537 ns
[2024-10-15T04:11:36.901+0000][125][info ][safepoint   ] Safepoint "Cleanup", Time since last: 1000829487 ns, Reaching safepoint: 21529 ns, Cleanup: 15089 ns, At safepoint: 10674 ns, Total: 47292 ns
[2024-10-15T04:11:40.904+0000][125][info ][safepoint   ] Safepoint "Cleanup", Time since last: 4002895624 ns, Reaching safepoint: 23324 ns, Cleanup: 13950 ns, At safepoint: 10980 ns, Total: 48254 ns
[2024-10-15T04:11:42.821+0000][125][info ][safepoint   ] Safepoint "Cleanup", Time since last: 1917207090 ns, Reaching safepoint: 7273 ns, Cleanup: 12361 ns, At safepoint: 5027 ns, Total: 24661 ns
[2024-10-15T04:11:43.862+0000][125][info ][safepoint   ] Safepoint "Cleanup", Time since last: 1040803991 ns, Reaching safepoint: 27440 ns, Cleanup: 19053 ns, At safepoint: 14089 ns, Total: 60582 ns
[2024-10-15T04:11:46.900+0000][125][info ][safepoint   ] Safepoint "Cleanup", Time since last: 3038288828 ns, Reaching safepoint: 68559 ns, Cleanup: 15560 ns, At safepoint: 24014 ns, Total: 108133 ns
[2024-10-15T04:11:52.801+0000][125][info ][safepoint   ] Safepoint "Cleanup", Time since last: 5901605592 ns, Reaching safepoint: 17868 ns, Cleanup: 9909 ns, At safepoint: 9451 ns, Total: 37228 ns
[2024-10-15T04:11:58.845+0000][125][info ][safepoint   ] Safepoint "Cleanup", Time since last: 6043683762 ns, Reaching safepoint: 33108 ns, Cleanup: 18760 ns, At safepoint: 23751 ns, Total: 75619 ns
[2024-10-15T04:12:00.928+0000][125][info ][safepoint   ] Safepoint "Cleanup", Time since last: 2082272974 ns, Reaching safepoint: 27363 ns, Cleanup: 16539 ns, At safepoint: 479509 ns, Total: 523411 ns
[2024-10-15T04:12:01.949+0000][125][info ][safepoint   ] Safepoint "Cleanup", Time since last: 1021235765 ns, Reaching safepoint: 33492 ns, Cleanup: 17006 ns, At safepoint: 16588 ns, Total: 67086 ns
[2024-10-15T04:12:02.951+0000][125][info ][safepoint   ] Safepoint "Cleanup", Time since last: 1001185832 ns, Reaching safepoint: 30466 ns, Cleanup: 16739 ns, At safepoint: 14895 ns, Total: 62100 ns
[2024-10-15T04:12:10.224+0000][125][info ][safepoint   ] Safepoint "Cleanup", Time since last: 7273455813 ns, Reaching safepoint: 14631 ns, Cleanup: 13881 ns, At safepoint: 194492 ns, Total: 223004 ns
[2024-10-15T04:12:12.170+0000][125][info ][safepoint   ] Safepoint "Cleanup", Time since last: 1945694482 ns, Reaching safepoint: 45982 ns, Cleanup: 208092 ns, At safepoint: 145067 ns, Total: 399141 ns
[2024-10-15T04:12:15.181+0000][125][info ][safepoint   ] Safepoint "Cleanup", Time since last: 3011061202 ns, Reaching safepoint: 21091 ns, Cleanup: 26388 ns, At safepoint: 10992 ns, Total: 58471 ns
[2024-10-15T04:12:16.226+0000][125][info ][safepoint   ] Safepoint "Cleanup", Time since last: 1043860117 ns, Reaching safepoint: 1052357 ns, Cleanup: 28258 ns, At safepoint: 132225 ns, Total: 1212840 ns
[2024-10-15T04:12:18.209+0000][125][info ][safepoint   ] Safepoint "Cleanup", Time since last: 1979901540 ns, Reaching safepoint: 22158 ns, Cleanup: 23258 ns, At safepoint: 10399 ns, Total: 55815 ns
[2024-10-15T04:12:19.210+0000][125][info ][safepoint   ] Safepoint "Cleanup", Time since last: 1000782517 ns, Reaching safepoint: 20883 ns, Cleanup: 8481 ns, At safepoint: 11582 ns, Total: 40946 ns
[2024-10-15T04:12:20.211+0000][125][info ][safepoint   ] Safepoint "Cleanup", Time since last: 1001099425 ns, Reaching safepoint: 22287 ns, Cleanup: 10767 ns, At safepoint: 9971 ns, Total: 43025 ns
[2024-10-15T04:12:23.214+0000][125][info ][safepoint   ] Safepoint "Cleanup", Time since last: 3002886113 ns, Reaching safepoint: 23777 ns, Cleanup: 13266 ns, At safepoint: 10531 ns, Total: 47574 ns
[2024-10-15T04:12:25.218+0000][125][info ][safepoint   ] Safepoint "Cleanup", Time since last: 2001822147 ns, Reaching safepoint: 1098472 ns, Cleanup: 19824 ns, At safepoint: 268989 ns, Total: 1387285 ns
[2024-10-15T04:12:27.220+0000][125][info ][safepoint   ] Safepoint "Cleanup", Time since last: 2001924265 ns, Reaching safepoint: 52725 ns, Cleanup: 13136 ns, At safepoint: 12418 ns, Total: 78279 ns
[2024-10-15T04:12:28.220+0000][125][info ][safepoint   ] Safepoint "Cleanup", Time since last: 1000651628 ns, Reaching safepoint: 25240 ns, Cleanup: 14933 ns, At safepoint: 11638 ns, Total: 51811 ns
[2024-10-15T04:12:31.225+0000][125][info ][safepoint   ] Safepoint "Cleanup", Time since last: 3004992230 ns, Reaching safepoint: 23979 ns, Cleanup: 11601 ns, At safepoint: 10268 ns, Total: 45848 ns
[2024-10-15T04:12:32.226+0000][125][info ][safepoint   ] Safepoint "Cleanup", Time since last: 1000863683 ns, Reaching safepoint: 22577 ns, Cleanup: 19955 ns, At safepoint: 10628 ns, Total: 53160 ns
[2024-10-15T04:12:33.227+0000][125][info ][safepoint   ] Safepoint "Cleanup", Time since last: 1000989168 ns, Reaching safepoint: 35211 ns, Cleanup: 15759 ns, At safepoint: 18177 ns, Total: 69147 ns
[2024-10-15T04:12:34.228+0000][125][info ][safepoint   ] Safepoint "Cleanup", Time since last: 1001053992 ns, Reaching safepoint: 27077 ns, Cleanup: 10831 ns, At safepoint: 11421 ns, Total: 49329 ns
[2024-10-15T04:12:40.233+0000][125][info ][safepoint   ] Safepoint "Cleanup", Time since last: 6004956953 ns, Reaching safepoint: 22128 ns, Cleanup: 10898 ns, At safepoint: 10025 ns, Total: 43051 ns
[2024-10-15T04:12:43.236+0000][125][info ][safepoint   ] Safepoint "Cleanup", Time since last: 3002990450 ns, Reaching safepoint: 26912 ns, Cleanup: 19291 ns, At safepoint: 12195 ns, Total: 58398 ns
[2024-10-15T04:12:47.240+0000][125][info ][safepoint   ] Safepoint "Cleanup", Time since last: 4002763068 ns, Reaching safepoint: 23220 ns, Cleanup: 10746 ns, At safepoint: 10174 ns, Total: 44140 ns
[2024-10-15T04:12:49.940+0000][125][info ][safepoint   ] Safepoint "Cleanup", Time since last: 2700190695 ns, Reaching safepoint: 23320 ns, Cleanup: 10726 ns, At safepoint: 9851 ns, Total: 43897 ns
[2024-10-15T04:12:51.942+0000][125][info ][safepoint   ] Safepoint "Cleanup", Time since last: 2001934851 ns, Reaching safepoint: 21546 ns, Cleanup: 11802 ns, At safepoint: 10127 ns, Total: 43475 ns
[2024-10-15T04:13:01.951+0000][125][info ][safepoint   ] Safepoint "Cleanup", Time since last: 10008920332 ns, Reaching safepoint: 53120 ns, Cleanup: 10788 ns, At safepoint: 9499 ns, Total: 73407 ns
[2024-10-15T04:13:11.968+0000][125][info ][safepoint   ] Safepoint "Cleanup", Time since last: 10017055883 ns, Reaching safepoint: 51312 ns, Cleanup: 13055 ns, At safepoint: 9803 ns, Total: 74170 ns
[2024-10-15T04:13:13.245+0000][125][info ][safepoint   ] Safepoint "Cleanup", Time since last: 1276798149 ns, Reaching safepoint: 56898 ns, Cleanup: 16922 ns, At safepoint: 134624 ns, Total: 208444 ns
[2024-10-15T04:13:14.282+0000][125][info ][safepoint   ] Safepoint "Cleanup", Time since last: 1036698408 ns, Reaching safepoint: 29271 ns, Cleanup: 52377 ns, At safepoint: 20533 ns, Total: 102181 ns
[2024-10-15T04:13:15.341+0000][125][info ][safepoint   ] Safepoint "Cleanup", Time since last: 1058089377 ns, Reaching safepoint: 907952 ns, Cleanup: 16699 ns, At safepoint: 104750 ns, Total: 1029401 ns
[2024-10-15T04:13:17.345+0000][125][info ][safepoint   ] Safepoint "Cleanup", Time since last: 2002060933 ns, Reaching safepoint: 618472 ns, Cleanup: 13379 ns, At safepoint: 191012 ns, Total: 822863 ns
[2024-10-15T04:13:19.248+0000][125][info ][safepoint   ] Safepoint "Cleanup", Time since last: 1903463041 ns, Reaching safepoint: 6278 ns, Cleanup: 8076 ns, At safepoint: 5363 ns, Total: 19717 ns
[2024-10-15T04:13:22.365+0000][125][info ][safepoint   ] Safepoint "Cleanup", Time since last: 3116417081 ns, Reaching safepoint: 33672 ns, Cleanup: 16366 ns, At safepoint: 14044 ns, Total: 64082 ns
[2024-10-15T04:13:27.370+0000][125][info ][safepoint   ] Safepoint "Cleanup", Time since last: 5004987799 ns, Reaching safepoint: 22816 ns, Cleanup: 10673 ns, At safepoint: 10530 ns, Total: 44019 ns
[2024-10-15T04:13:32.375+0000][125][info ][safepoint   ] Safepoint "Cleanup", Time since last: 5004955868 ns, Reaching safepoint: 29600 ns, Cleanup: 23185 ns, At safepoint: 12366 ns, Total: 65151 ns
[2024-10-15T04:13:40.411+0000][125][info ][safepoint   ] Safepoint "Cleanup", Time since last: 8036069699 ns, Reaching safepoint: 29203 ns, Cleanup: 14895 ns, At safepoint: 15252 ns, Total: 59350 ns
[2024-10-15T04:13:47.499+0000][125][info ][safepoint   ] Safepoint "Cleanup", Time since last: 7086922206 ns, Reaching safepoint: 21347 ns, Cleanup: 11570 ns, At safepoint: 9726 ns, Total: 42643 ns
[2024-10-15T04:13:52.106+0000][125][info ][safepoint   ] Safepoint "Cleanup", Time since last: 4607301380 ns, Reaching safepoint: 29916 ns, Cleanup: 15165 ns, At safepoint: 11160 ns, Total: 56241 ns
[2024-10-15T04:13:56.111+0000][125][info ][safepoint   ] Safepoint "Cleanup", Time since last: 4004615536 ns, Reaching safepoint: 21757 ns, Cleanup: 12650 ns, At safepoint: 9525 ns, Total: 43932 ns
[2024-10-15T04:14:05.130+0000][125][info ][safepoint   ] Safepoint "Cleanup", Time since last: 9018875298 ns, Reaching safepoint: 69733 ns, Cleanup: 14151 ns, At safepoint: 18102 ns, Total: 101986 ns
[2024-10-15T04:14:06.252+0000][125][info ][safepoint   ] Safepoint "Cleanup", Time since last: 1122605911 ns, Reaching safepoint: 24819 ns, Cleanup: 14914 ns, At safepoint: 12910 ns, Total: 52643 ns
[2024-10-15T04:14:15.261+0000][125][info ][safepoint   ] Safepoint "Cleanup", Time since last: 9009151917 ns, Reaching safepoint: 46772 ns, Cleanup: 11725 ns, At safepoint: 11334 ns, Total: 69831 ns
[2024-10-15T04:14:16.263+0000][125][info ][safepoint   ] Safepoint "Cleanup", Time since last: 1000995883 ns, Reaching safepoint: 901943 ns, Cleanup: 19772 ns, At safepoint: 64831 ns, Total: 986546 ns
[2024-10-15T04:14:17.231+0000][125][info ][safepoint   ] Safepoint "Cleanup", Time since last: 1007469533 ns, Reaching safepoint: 16952 ns, Cleanup: 37381 ns, At safepoint: 8600 ns, Total: 62933 ns
[2024-10-15T04:14:22.247+0000][125][info ][safepoint   ] Safepoint "Cleanup", Time since last: 5015817259 ns, Reaching safepoint: 9985 ns, Cleanup: 7754 ns, At safepoint: 6942 ns, Total: 24681 ns
[2024-10-15T04:14:23.282+0000][125][info ][safepoint   ] Safepoint "Cleanup", Time since last: 1034612108 ns, Reaching safepoint: 25504 ns, Cleanup: 35652 ns, At safepoint: 10750 ns, Total: 71906 ns
[2024-10-15T04:14:25.394+0000][125][info ][safepoint   ] Safepoint "Cleanup", Time since last: 2112032346 ns, Reaching safepoint: 25093 ns, Cleanup: 15125 ns, At safepoint: 10455 ns, Total: 50673 ns
[2024-10-15T04:14:27.396+0000][125][info ][safepoint   ] Safepoint "Cleanup", Time since last: 2001875587 ns, Reaching safepoint: 24697 ns, Cleanup: 15886 ns, At safepoint: 12631 ns, Total: 53214 ns
[2024-10-15T04:14:28.397+0000][125][info ][safepoint   ] Safepoint "Cleanup", Time since last: 1000825257 ns, Reaching safepoint: 30193 ns, Cleanup: 16534 ns, At safepoint: 15402 ns, Total: 62129 ns
[2024-10-15T04:14:32.401+0000][125][info ][safepoint   ] Safepoint "Cleanup", Time since last: 4003926075 ns, Reaching safepoint: 23881 ns, Cleanup: 26545 ns, At safepoint: 9846 ns, Total: 60272 ns
[2024-10-15T04:14:34.408+0000][125][info ][safepoint   ] Safepoint "Cleanup", Time since last: 2007789899 ns, Reaching safepoint: 21414 ns, Cleanup: 11252 ns, At safepoint: 9274 ns, Total: 41940 ns
[2024-10-15T04:14:37.474+0000][125][info ][safepoint   ] Safepoint "Cleanup", Time since last: 3058368189 ns, Reaching safepoint: 4368139 ns, Cleanup: 1990406 ns, At safepoint: 446694 ns, Total: 6805239 ns
[2024-10-15T04:14:42.484+0000][125][info ][safepoint   ] Safepoint "Cleanup", Time since last: 5010102485 ns, Reaching safepoint: 24072 ns, Cleanup: 11571 ns, At safepoint: 9389 ns, Total: 45032 ns
[2024-10-15T04:14:43.485+0000][125][info ][safepoint   ] Safepoint "Cleanup", Time since last: 1000918509 ns, Reaching safepoint: 29456 ns, Cleanup: 13858 ns, At safepoint: 10375 ns, Total: 53689 ns
[2024-10-15T04:14:45.487+0000][125][info ][safepoint   ] Safepoint "Cleanup", Time since last: 2002052027 ns, Reaching safepoint: 24847 ns, Cleanup: 12467 ns, At safepoint: 10764 ns, Total: 48078 ns
[2024-10-15T04:14:52.319+0000][125][info ][safepoint   ] Safepoint "Cleanup", Time since last: 6790808105 ns, Reaching safepoint: 30223 ns, Cleanup: 15085 ns, At safepoint: 9964 ns, Total: 55272 ns
[2024-10-15T04:15:06.347+0000][125][info ][safepoint   ] Safepoint "Cleanup", Time since last: 14028013551 ns, Reaching safepoint: 34101 ns, Cleanup: 68387 ns, At safepoint: 20455 ns, Total: 122943 ns
[2024-10-15T04:15:07.350+0000][125][info ][safepoint   ] Safepoint "Cleanup", Time since last: 1003076405 ns, Reaching safepoint: 159523 ns, Cleanup: 24821 ns, At safepoint: 19253 ns, Total: 203597 ns
[2024-10-15T04:15:16.377+0000][125][info ][safepoint   ] Safepoint "Cleanup", Time since last: 9026330638 ns, Reaching safepoint: 82121 ns, Cleanup: 17820 ns, At safepoint: 32019 ns, Total: 131960 ns
[2024-10-15T04:15:17.379+0000][125][info ][safepoint   ] Safepoint "Cleanup", Time since last: 1001141152 ns, Reaching safepoint: 22471 ns, Cleanup: 10692 ns, At safepoint: 10011 ns, Total: 43174 ns
[2024-10-15T04:15:19.323+0000][125][info ][safepoint   ] Safepoint "Cleanup", Time since last: 1943999924 ns, Reaching safepoint: 19223 ns, Cleanup: 13894 ns, At safepoint: 49179 ns, Total: 82296 ns
[2024-10-15T04:15:20.753+0000][125][info ][safepoint   ] Safepoint "Cleanup", Time since last: 1429756123 ns, Reaching safepoint: 27294 ns, Cleanup: 17306 ns, At safepoint: 13852 ns, Total: 58452 ns
[2024-10-15T04:15:22.755+0000][125][info ][safepoint   ] Safepoint "Cleanup", Time since last: 2002039859 ns, Reaching safepoint: 27977 ns, Cleanup: 17265 ns, At safepoint: 13861 ns, Total: 59103 ns
[2024-10-15T04:15:25.414+0000][125][info ][safepoint   ] Safepoint "Cleanup", Time since last: 2659368690 ns, Reaching safepoint: 32107 ns, Cleanup: 23083 ns, At safepoint: 57001 ns, Total: 112191 ns
[2024-10-15T04:15:26.937+0000][125][info ][safepoint   ] Safepoint "Cleanup", Time since last: 1522990096 ns, Reaching safepoint: 36373 ns, Cleanup: 19847 ns, At safepoint: 18202 ns, Total: 74422 ns
[2024-10-15T04:15:28.072+0000][125][info ][safepoint   ] Safepoint "Cleanup", Time since last: 1134503920 ns, Reaching safepoint: 29175 ns, Cleanup: 15615 ns, At safepoint: 14695 ns, Total: 59485 ns
[2024-10-15T04:15:32.081+0000][125][info ][safepoint   ] Safepoint "Cleanup", Time since last: 4008694880 ns, Reaching safepoint: 22026 ns, Cleanup: 18031 ns, At safepoint: 9644 ns, Total: 49701 ns
[2024-10-15T04:15:42.133+0000][125][info ][safepoint   ] Safepoint "Cleanup", Time since last: 10052290745 ns, Reaching safepoint: 26141 ns, Cleanup: 17050 ns, At safepoint: 11584 ns, Total: 54775 ns
[2024-10-15T04:15:46.137+0000][125][info ][safepoint   ] Safepoint "Cleanup", Time since last: 4003717437 ns, Reaching safepoint: 22650 ns, Cleanup: 14729 ns, At safepoint: 9655 ns, Total: 47034 ns
[2024-10-15T04:15:49.554+0000][125][info ][safepoint   ] Safepoint "Cleanup", Time since last: 3415774709 ns, Reaching safepoint: 149332 ns, Cleanup: 16850 ns, At safepoint: 20864 ns, Total: 187046 ns
[2024-10-15T04:15:52.556+0000][125][info ][safepoint   ] Safepoint "Cleanup", Time since last: 3002120917 ns, Reaching safepoint: 24306 ns, Cleanup: 16047 ns, At safepoint: 9918 ns, Total: 50271 ns
[2024-10-15T04:15:58.669+0000][125][info ][safepoint   ] Safepoint "Cleanup", Time since last: 6113131974 ns, Reaching safepoint: 27395 ns, Cleanup: 13100 ns, At safepoint: 10278 ns, Total: 50773 ns
[2024-10-15T04:16:01.731+0000][125][info ][safepoint   ] Safepoint "Cleanup", Time since last: 3062459164 ns, Reaching safepoint: 30051 ns, Cleanup: 17062 ns, At safepoint: 12991 ns, Total: 60104 ns
[2024-10-15T04:16:07.754+0000][125][info ][safepoint   ] Safepoint "Cleanup", Time since last: 6022097241 ns, Reaching safepoint: 28833 ns, Cleanup: 14000 ns, At safepoint: 13001 ns, Total: 55834 ns
[2024-10-15T04:16:10.757+0000][125][info ][safepoint   ] Safepoint "Cleanup", Time since last: 3002980821 ns, Reaching safepoint: 19707 ns, Cleanup: 19775 ns, At safepoint: 10292 ns, Total: 49774 ns
[2024-10-15T04:16:12.759+0000][125][info ][safepoint   ] Safepoint "Cleanup", Time since last: 2001941019 ns, Reaching safepoint: 21312 ns, Cleanup: 14387 ns, At safepoint: 8661 ns, Total: 44360 ns
[2024-10-15T04:16:21.768+0000][125][info ][safepoint   ] Safepoint "Cleanup", Time since last: 9008739177 ns, Reaching safepoint: 51753 ns, Cleanup: 15185 ns, At safepoint: 11293 ns, Total: 78231 ns
[2024-10-15T04:16:23.388+0000][125][info ][safepoint   ] Safepoint "Cleanup", Time since last: 1620248022 ns, Reaching safepoint: 19676 ns, Cleanup: 18317 ns, At safepoint: 10151 ns, Total: 48144 ns
[2024-10-15T04:16:24.591+0000][125][info ][safepoint   ] Safepoint "Cleanup", Time since last: 1202713936 ns, Reaching safepoint: 19569 ns, Cleanup: 15550 ns, At safepoint: 9887 ns, Total: 45006 ns
[2024-10-15T04:16:28.336+0000][125][info ][safepoint   ] Safepoint "Cleanup", Time since last: 3745400736 ns, Reaching safepoint: 9860 ns, Cleanup: 8696 ns, At safepoint: 5738 ns, Total: 24294 ns
[2024-10-15T04:16:29.617+0000][125][info ][safepoint   ] Safepoint "Cleanup", Time since last: 1280842432 ns, Reaching safepoint: 19667 ns, Cleanup: 15612 ns, At safepoint: 9884 ns, Total: 45163 ns
[2024-10-15T04:16:31.619+0000][125][info ][safepoint   ] Safepoint "Cleanup", Time since last: 2001761477 ns, Reaching safepoint: 26011 ns, Cleanup: 16177 ns, At safepoint: 11959 ns, Total: 54147 ns
[2024-10-15T04:16:34.634+0000][125][info ][safepoint   ] Safepoint "Cleanup", Time since last: 3014969499 ns, Reaching safepoint: 14175 ns, Cleanup: 12877 ns, At safepoint: 125616 ns, Total: 152668 ns
[2024-10-15T04:16:35.650+0000][125][info ][safepoint   ] Safepoint "Cleanup", Time since last: 1015869585 ns, Reaching safepoint: 19764 ns, Cleanup: 10537 ns, At safepoint: 10546 ns, Total: 40847 ns
[2024-10-15T04:16:36.685+0000][125][info ][safepoint   ] Safepoint "Cleanup", Time since last: 1035084358 ns, Reaching safepoint: 26991 ns, Cleanup: 13725 ns, At safepoint: 14323 ns, Total: 55039 ns
[2024-10-15T04:16:37.686+0000][125][info ][safepoint   ] Safepoint "Cleanup", Time since last: 1000902428 ns, Reaching safepoint: 28767 ns, Cleanup: 19656 ns, At safepoint: 11954 ns, Total: 60377 ns
[2024-10-15T04:16:47.407+0000][125][info ][safepoint   ] Safepoint "Cleanup", Time since last: 9719881441 ns, Reaching safepoint: 67230 ns, Cleanup: 22404 ns, At safepoint: 13483 ns, Total: 103117 ns
[2024-10-15T04:16:49.727+0000][125][info ][safepoint   ] Safepoint "Cleanup", Time since last: 2319778309 ns, Reaching safepoint: 20470 ns, Cleanup: 13132 ns, At safepoint: 9991 ns, Total: 43593 ns
[2024-10-15T04:16:55.733+0000][125][info ][safepoint   ] Safepoint "Cleanup", Time since last: 6005869865 ns, Reaching safepoint: 23217 ns, Cleanup: 14489 ns, At safepoint: 9723 ns, Total: 47429 ns
[2024-10-15T04:17:01.755+0000][125][info ][safepoint   ] Safepoint "Cleanup", Time since last: 6022539091 ns, Reaching safepoint: 96890 ns, Cleanup: 14365 ns, At safepoint: 16305 ns, Total: 127560 ns
[2024-10-15T04:17:12.765+0000][125][info ][safepoint   ] Safepoint "Cleanup", Time since last: 11009466047 ns, Reaching safepoint: 28809 ns, Cleanup: 13253 ns, At safepoint: 56049 ns, Total: 98111 ns
[2024-10-15T04:17:25.557+0000][125][info ][safepoint   ] Safepoint "Cleanup", Time since last: 12791568204 ns, Reaching safepoint: 18506 ns, Cleanup: 10076 ns, At safepoint: 11025 ns, Total: 39607 ns
[2024-10-15T04:17:26.932+0000][125][info ][safepoint   ] Safepoint "Cleanup", Time since last: 1374874885 ns, Reaching safepoint: 13837 ns, Cleanup: 82991 ns, At safepoint: 127296 ns, Total: 224124 ns
[2024-10-15T04:17:32.047+0000][125][info ][safepoint   ] Safepoint "Cleanup", Time since last: 5114953855 ns, Reaching safepoint: 10545 ns, Cleanup: 20136 ns, At safepoint: 6786 ns, Total: 37467 ns
[2024-10-15T04:17:33.060+0000][125][info ][safepoint   ] Safepoint "Cleanup", Time since last: 1012195292 ns, Reaching safepoint: 47866 ns, Cleanup: 14442 ns, At safepoint: 13108 ns, Total: 75416 ns
[2024-10-15T04:17:37.064+0000][125][info ][safepoint   ] Safepoint "Cleanup", Time since last: 4004057177 ns, Reaching safepoint: 34440 ns, Cleanup: 13890 ns, At safepoint: 16060 ns, Total: 64390 ns
[2024-10-15T04:17:39.074+0000][125][info ][safepoint   ] Safepoint "Cleanup", Time since last: 2007368456 ns, Reaching safepoint: 1919069 ns, Cleanup: 44680 ns, At safepoint: 783509 ns, Total: 2747258 ns
[2024-10-15T04:17:40.136+0000][125][info ][safepoint   ] Safepoint "Cleanup", Time since last: 1061607373 ns, Reaching safepoint: 26175 ns, Cleanup: 13341 ns, At safepoint: 13336 ns, Total: 52852 ns
[2024-10-15T04:17:41.161+0000][125][info ][safepoint   ] Safepoint "Cleanup", Time since last: 1025815625 ns, Reaching safepoint: 24261 ns, Cleanup: 17167 ns, At safepoint: 12125 ns, Total: 53553 ns
[2024-10-15T04:17:42.163+0000][125][info ][safepoint   ] Safepoint "Cleanup", Time since last: 1001237964 ns, Reaching safepoint: 21800 ns, Cleanup: 18000 ns, At safepoint: 11371 ns, Total: 51171 ns
[2024-10-15T04:17:43.167+0000][125][info ][safepoint   ] Safepoint "Cleanup", Time since last: 1003851158 ns, Reaching safepoint: 10021 ns, Cleanup: 26178 ns, At safepoint: 5652 ns, Total: 41851 ns
[2024-10-15T04:17:44.177+0000][125][info ][safepoint   ] Safepoint "Cleanup", Time since last: 1010089385 ns, Reaching safepoint: 38061 ns, Cleanup: 24972 ns, At safepoint: 18972 ns, Total: 82005 ns
[2024-10-15T04:17:47.181+0000][125][info ][safepoint   ] Safepoint "Cleanup", Time since last: 3002871529 ns, Reaching safepoint: 24101 ns, Cleanup: 19898 ns, At safepoint: 10872 ns, Total: 54871 ns
[2024-10-15T04:17:48.181+0000][125][info ][safepoint   ] Safepoint "Cleanup", Time since last: 1000778295 ns, Reaching safepoint: 100658 ns, Cleanup: 16096 ns, At safepoint: 16888 ns, Total: 133642 ns
[2024-10-15T04:17:49.937+0000][125][info ][safepoint   ] Safepoint "Cleanup", Time since last: 1755096530 ns, Reaching safepoint: 20276 ns, Cleanup: 13429 ns, At safepoint: 10549 ns, Total: 44254 ns
[2024-10-15T04:17:51.938+0000][125][info ][safepoint   ] Safepoint "Cleanup", Time since last: 2001679037 ns, Reaching safepoint: 31895 ns, Cleanup: 16337 ns, At safepoint: 17492 ns, Total: 65724 ns
[2024-10-15T04:17:55.941+0000][125][info ][safepoint   ] Safepoint "Cleanup", Time since last: 4003079085 ns, Reaching safepoint: 26832 ns, Cleanup: 16238 ns, At safepoint: 17165 ns, Total: 60235 ns
[2024-10-15T04:18:01.947+0000][125][info ][safepoint   ] Safepoint "Cleanup", Time since last: 6005917465 ns, Reaching safepoint: 31678 ns, Cleanup: 17465 ns, At safepoint: 16108 ns, Total: 65251 ns
[2024-10-15T04:18:04.950+0000][125][info ][safepoint   ] Safepoint "Cleanup", Time since last: 3002971264 ns, Reaching safepoint: 44406 ns, Cleanup: 12701 ns, At safepoint: 13045 ns, Total: 70152 ns
[2024-10-15T04:18:05.951+0000][125][info ][safepoint   ] Safepoint "Cleanup", Time since last: 1000860218 ns, Reaching safepoint: 22518 ns, Cleanup: 14150 ns, At safepoint: 11552 ns, Total: 48220 ns
[2024-10-15T04:18:07.953+0000][125][info ][safepoint   ] Safepoint "Cleanup", Time since last: 2001964074 ns, Reaching safepoint: 19038 ns, Cleanup: 17329 ns, At safepoint: 9836 ns, Total: 46203 ns
[2024-10-15T04:18:10.956+0000][125][info ][safepoint   ] Safepoint "Cleanup", Time since last: 3002909228 ns, Reaching safepoint: 21314 ns, Cleanup: 12306 ns, At safepoint: 11598 ns, Total: 45218 ns
[2024-10-15T04:18:11.957+0000][125][info ][safepoint   ] Safepoint "Cleanup", Time since last: 1000884747 ns, Reaching safepoint: 89620 ns, Cleanup: 16780 ns, At safepoint: 34711 ns, Total: 141111 ns
[2024-10-15T04:18:12.958+0000][125][info ][safepoint   ] Safepoint "Cleanup", Time since last: 1000928915 ns, Reaching safepoint: 20967 ns, Cleanup: 11292 ns, At safepoint: 9850 ns, Total: 42109 ns
[2024-10-15T04:18:19.990+0000][125][info ][safepoint   ] Safepoint "Cleanup", Time since last: 7032308445 ns, Reaching safepoint: 62330 ns, Cleanup: 15642 ns, At safepoint: 15698 ns, Total: 93670 ns
[2024-10-15T04:18:21.992+0000][125][info ][safepoint   ] Safepoint "Cleanup", Time since last: 2001617578 ns, Reaching safepoint: 19714 ns, Cleanup: 11432 ns, At safepoint: 10042 ns, Total: 41188 ns
[2024-10-15T04:18:28.002+0000][125][info ][safepoint   ] Safepoint "Cleanup", Time since last: 6009841566 ns, Reaching safepoint: 21800 ns, Cleanup: 12466 ns, At safepoint: 11026 ns, Total: 45292 ns
[2024-10-15T04:18:29.153+0000][125][info ][safepoint   ] Safepoint "Cleanup", Time since last: 1151053906 ns, Reaching safepoint: 16371 ns, Cleanup: 49679 ns, At safepoint: 54559 ns, Total: 120609 ns
[2024-10-15T04:18:32.177+0000][125][info ][safepoint   ] Safepoint "Cleanup", Time since last: 3024073866 ns, Reaching safepoint: 19628 ns, Cleanup: 21190 ns, At safepoint: 10901 ns, Total: 51719 ns
[2024-10-15T04:18:34.377+0000][125][info ][safepoint   ] Safepoint "Cleanup", Time since last: 2199775158 ns, Reaching safepoint: 183221 ns, Cleanup: 15353 ns, At safepoint: 72740 ns, Total: 271314 ns
[2024-10-15T04:18:36.195+0000][125][info ][safepoint   ] Safepoint "Cleanup", Time since last: 1817597343 ns, Reaching safepoint: 25156 ns, Cleanup: 13404 ns, At safepoint: 11637 ns, Total: 50197 ns
[2024-10-15T04:18:42.201+0000][125][info ][safepoint   ] Safepoint "Cleanup", Time since last: 6006140536 ns, Reaching safepoint: 27666 ns, Cleanup: 18550 ns, At safepoint: 16144 ns, Total: 62360 ns
[2024-10-15T04:18:44.203+0000][125][info ][safepoint   ] Safepoint "Cleanup", Time since last: 2002079311 ns, Reaching safepoint: 25662 ns, Cleanup: 14458 ns, At safepoint: 16542 ns, Total: 56662 ns
[2024-10-15T04:18:47.207+0000][125][info ][safepoint   ] Safepoint "Cleanup", Time since last: 3001902507 ns, Reaching safepoint: 22946 ns, Cleanup: 15387 ns, At safepoint: 16493 ns, Total: 54826 ns
[2024-10-15T04:18:49.005+0000][125][info ][safepoint   ] Safepoint "Cleanup", Time since last: 1797706314 ns, Reaching safepoint: 12276 ns, Cleanup: 12975 ns, At safepoint: 6901 ns, Total: 32152 ns
[2024-10-15T04:18:52.008+0000][125][info ][safepoint   ] Safepoint "Cleanup", Time since last: 3002966408 ns, Reaching safepoint: 45532 ns, Cleanup: 12300 ns, At safepoint: 9097 ns, Total: 66929 ns
[2024-10-15T04:18:53.010+0000][125][info ][safepoint   ] Safepoint "Cleanup", Time since last: 1001662710 ns, Reaching safepoint: 34305 ns, Cleanup: 14947 ns, At safepoint: 11375 ns, Total: 60627 ns
[2024-10-15T04:18:56.013+0000][125][info ][safepoint   ] Safepoint "Cleanup", Time since last: 3003388591 ns, Reaching safepoint: 20258 ns, Cleanup: 12166 ns, At safepoint: 9942 ns, Total: 42366 ns
[2024-10-15T04:18:57.014+0000][125][info ][safepoint   ] Safepoint "Cleanup", Time since last: 1000871939 ns, Reaching safepoint: 28643 ns, Cleanup: 16717 ns, At safepoint: 12835 ns, Total: 58195 ns
[2024-10-15T04:19:02.019+0000][125][info ][safepoint   ] Safepoint "Cleanup", Time since last: 5004858522 ns, Reaching safepoint: 19592 ns, Cleanup: 15403 ns, At safepoint: 10603 ns, Total: 45598 ns
[2024-10-15T04:19:06.023+0000][125][info ][safepoint   ] Safepoint "Cleanup", Time since last: 4004042481 ns, Reaching safepoint: 43235 ns, Cleanup: 12818 ns, At safepoint: 8806 ns, Total: 64859 ns
[2024-10-15T04:19:07.024+0000][125][info ][safepoint   ] Safepoint "Cleanup", Time since last: 1001110157 ns, Reaching safepoint: 24883 ns, Cleanup: 14440 ns, At safepoint: 16024 ns, Total: 55347 ns
[2024-10-15T04:19:17.034+0000][125][info ][safepoint   ] Safepoint "Cleanup", Time since last: 10010126758 ns, Reaching safepoint: 73751 ns, Cleanup: 22822 ns, At safepoint: 23781 ns, Total: 120354 ns
[2024-10-15T04:19:18.037+0000][125][info ][safepoint   ] Safepoint "Cleanup", Time since last: 1001509349 ns, Reaching safepoint: 90222 ns, Cleanup: 14794 ns, At safepoint: 18115 ns, Total: 123131 ns
[2024-10-15T04:19:20.039+0000][125][info ][safepoint   ] Safepoint "Cleanup", Time since last: 2001840111 ns, Reaching safepoint: 22103 ns, Cleanup: 13324 ns, At safepoint: 9883 ns, Total: 45310 ns
[2024-10-15T04:19:22.050+0000][125][info ][safepoint   ] Safepoint "Cleanup", Time since last: 2010633880 ns, Reaching safepoint: 93974 ns, Cleanup: 52438 ns, At safepoint: 283428 ns, Total: 429840 ns
[2024-10-15T04:19:23.055+0000][125][info ][safepoint   ] Safepoint "Cleanup", Time since last: 1004990467 ns, Reaching safepoint: 25630 ns, Cleanup: 82568 ns, At safepoint: 21341 ns, Total: 129539 ns
[2024-10-15T04:19:28.566+0000][125][info ][safepoint   ] Safepoint "Cleanup", Time since last: 5511356753 ns, Reaching safepoint: 8399 ns, Cleanup: 8803 ns, At safepoint: 5911 ns, Total: 23113 ns
[2024-10-15T04:19:28.718+0000][125][info ][gc,start    ] GC(19) Pause Young (Concurrent Start) (CodeCache GC Threshold)
[2024-10-15T04:19:28.718+0000][125][info ][gc,task     ] GC(19) Using 4 workers of 4 for evacuation
[2024-10-15T04:19:28.718+0000][125][debug][gc,age      ] GC(19) Desired survivor size 216006656 bytes, new threshold 15 (max threshold 15)
[2024-10-15T04:19:28.782+0000][125][info ][gc,phases   ] GC(19)   Pre Evacuate Collection Set: 2.92ms
[2024-10-15T04:19:28.782+0000][125][info ][gc,phases   ] GC(19)   Merge Heap Roots: 2.61ms
[2024-10-15T04:19:28.782+0000][125][info ][gc,phases   ] GC(19)   Evacuate Collection Set: 55.73ms
[2024-10-15T04:19:28.782+0000][125][info ][gc,phases   ] GC(19)   Post Evacuate Collection Set: 2.13ms
[2024-10-15T04:19:28.782+0000][125][info ][gc,phases   ] GC(19)   Other: 1.17ms
[2024-10-15T04:19:28.782+0000][125][trace][gc,age      ] GC(19) Age table with threshold 15 (max threshold 15)
[2024-10-15T04:19:28.782+0000][125][trace][gc,age      ] GC(19) - age   1:    1039488 bytes,    1039488 total
[2024-10-15T04:19:28.782+0000][125][trace][gc,age      ] GC(19) - age   2:    5311184 bytes,    6350672 total
[2024-10-15T04:19:28.782+0000][125][trace][gc,age      ] GC(19) - age   3:    6760768 bytes,   13111440 total
[2024-10-15T04:19:28.782+0000][125][trace][gc,age      ] GC(19) - age   4:    3395560 bytes,   16507000 total
[2024-10-15T04:19:28.783+0000][125][info ][gc,heap     ] GC(19) Eden regions: 284->0(816)
[2024-10-15T04:19:28.783+0000][125][info ][gc,heap     ] GC(19) Survivor regions: 5->5(103)
[2024-10-15T04:19:28.783+0000][125][info ][gc,heap     ] GC(19) Old regions: 34->34
[2024-10-15T04:19:28.783+0000][125][info ][gc,heap     ] GC(19) Humongous regions: 2->2
[2024-10-15T04:19:28.783+0000][125][info ][gc,metaspace] GC(19) Metaspace: 155822K(160128K)->155822K(160128K) NonClass: 134333K(136704K)->134333K(136704K) Class: 21489K(23424K)->21489K(23424K)
[2024-10-15T04:19:28.783+0000][125][info ][gc          ] GC(19) Pause Young (Concurrent Start) (CodeCache GC Threshold) 1294M->159M(5476M) 64.913ms
[2024-10-15T04:19:28.783+0000][125][info ][gc,cpu      ] GC(19) User=0.19s Sys=0.03s Real=0.06s
[2024-10-15T04:19:28.783+0000][125][info ][gc          ] GC(20) Concurrent Mark Cycle
[2024-10-15T04:19:28.783+0000][125][info ][gc,marking  ] GC(20) Concurrent Scan Root Regions
[2024-10-15T04:19:28.783+0000][125][info ][safepoint   ] Safepoint "G1TryInitiateConcMark", Time since last: 150863427 ns, Reaching safepoint: 471834 ns, Cleanup: 22821 ns, At safepoint: 65338901 ns, Total: 65833556 ns
[2024-10-15T04:19:28.847+0000][125][info ][gc,marking  ] GC(20) Concurrent Scan Root Regions 64.219ms
[2024-10-15T04:19:28.847+0000][125][info ][gc,marking  ] GC(20) Concurrent Mark
[2024-10-15T04:19:28.847+0000][125][info ][gc,marking  ] GC(20) Concurrent Mark From Roots
[2024-10-15T04:19:28.847+0000][125][info ][gc,task     ] GC(20) Using 1 workers of 1 for marking
[2024-10-15T04:19:29.206+0000][125][info ][gc,marking  ] GC(20) Concurrent Mark From Roots 358.816ms
[2024-10-15T04:19:29.206+0000][125][info ][gc,marking  ] GC(20) Concurrent Preclean
[2024-10-15T04:19:29.206+0000][125][info ][gc,marking  ] GC(20) Concurrent Preclean 0.314ms
[2024-10-15T04:19:29.206+0000][125][info ][gc,start    ] GC(20) Pause Remark
[2024-10-15T04:19:29.246+0000][125][info ][gc          ] GC(20) Pause Remark 171M->171M(5476M) 39.415ms
[2024-10-15T04:19:29.246+0000][125][info ][gc,cpu      ] GC(20) User=0.12s Sys=0.00s Real=0.04s
[2024-10-15T04:19:29.246+0000][125][info ][safepoint   ] Safepoint "G1PauseRemark", Time since last: 423483844 ns, Reaching safepoint: 18517 ns, Cleanup: 14112 ns, At safepoint: 39561625 ns, Total: 39594254 ns
[2024-10-15T04:19:29.246+0000][125][info ][gc,marking  ] GC(20) Concurrent Mark 399.118ms
[2024-10-15T04:19:29.246+0000][125][info ][gc,marking  ] GC(20) Concurrent Rebuild Remembered Sets and Scrub Regions
[2024-10-15T04:19:29.360+0000][125][info ][gc,marking  ] GC(20) Concurrent Rebuild Remembered Sets and Scrub Regions 114.023ms
[2024-10-15T04:19:29.361+0000][125][info ][gc,start    ] GC(20) Pause Cleanup
[2024-10-15T04:19:29.362+0000][125][info ][gc          ] GC(20) Pause Cleanup 171M->171M(5476M) 1.402ms
[2024-10-15T04:19:29.362+0000][125][info ][gc,cpu      ] GC(20) User=0.00s Sys=0.00s Real=0.00s
[2024-10-15T04:19:29.362+0000][125][info ][safepoint   ] Safepoint "G1PauseCleanup", Time since last: 114425748 ns, Reaching safepoint: 19008 ns, Cleanup: 87385 ns, At safepoint: 1577609 ns, Total: 1684002 ns
[2024-10-15T04:19:29.363+0000][125][info ][gc,marking  ] GC(20) Concurrent Clear Claimed Marks
[2024-10-15T04:19:29.364+0000][125][info ][gc,marking  ] GC(20) Concurrent Clear Claimed Marks 1.734ms
[2024-10-15T04:19:29.364+0000][125][info ][gc,marking  ] GC(20) Concurrent Cleanup for Next Mark
[2024-10-15T04:19:29.377+0000][125][info ][gc,marking  ] GC(20) Concurrent Cleanup for Next Mark 13.077ms
[2024-10-15T04:19:29.377+0000][125][info ][gc          ] GC(20) Concurrent Mark Cycle 594.825ms
[2024-10-15T04:19:31.579+0000][125][info ][safepoint   ] Safepoint "Cleanup", Time since last: 2216682991 ns, Reaching safepoint: 27884 ns, Cleanup: 15676 ns, At safepoint: 15662 ns, Total: 59222 ns
[2024-10-15T04:19:32.580+0000][125][info ][safepoint   ] Safepoint "Cleanup", Time since last: 1000785849 ns, Reaching safepoint: 20508 ns, Cleanup: 13021 ns, At safepoint: 20197 ns, Total: 53726 ns
[2024-10-15T04:19:36.722+0000][125][info ][safepoint   ] Safepoint "Cleanup", Time since last: 4142361283 ns, Reaching safepoint: 77671 ns, Cleanup: 17627 ns, At safepoint: 18959 ns, Total: 114257 ns
[2024-10-15T04:19:38.693+0000][125][info ][safepoint   ] Safepoint "Cleanup", Time since last: 1970363153 ns, Reaching safepoint: 22592 ns, Cleanup: 18931 ns, At safepoint: 11304 ns, Total: 52827 ns
[2024-10-15T04:19:39.737+0000][125][info ][safepoint   ] Safepoint "Cleanup", Time since last: 1043979887 ns, Reaching safepoint: 33333 ns, Cleanup: 17886 ns, At safepoint: 14246 ns, Total: 65465 ns
[2024-10-15T04:19:40.738+0000][125][info ][safepoint   ] Safepoint "Cleanup", Time since last: 1000895096 ns, Reaching safepoint: 21053 ns, Cleanup: 14345 ns, At safepoint: 10460 ns, Total: 45858 ns
[2024-10-15T04:19:50.110+0000][125][info ][safepoint   ] Safepoint "Cleanup", Time since last: 9371957336 ns, Reaching safepoint: 29158 ns, Cleanup: 16236 ns, At safepoint: 14830 ns, Total: 60224 ns
[2024-10-15T04:19:52.112+0000][125][info ][safepoint   ] Safepoint "Cleanup", Time since last: 2002033848 ns, Reaching safepoint: 53418 ns, Cleanup: 13801 ns, At safepoint: 15294 ns, Total: 82513 ns
[2024-10-15T04:19:59.120+0000][125][info ][safepoint   ] Safepoint "Cleanup", Time since last: 7007973881 ns, Reaching safepoint: 23319 ns, Cleanup: 13166 ns, At safepoint: 10754 ns, Total: 47239 ns
[2024-10-15T04:20:02.124+0000][125][info ][safepoint   ] Safepoint "Cleanup", Time since last: 3003896288 ns, Reaching safepoint: 28211 ns, Cleanup: 18033 ns, At safepoint: 10550 ns, Total: 56794 ns
[2024-10-15T04:20:16.138+0000][125][info ][safepoint   ] Safepoint "Cleanup", Time since last: 14013856424 ns, Reaching safepoint: 19548 ns, Cleanup: 11439 ns, At safepoint: 10608 ns, Total: 41595 ns
[2024-10-15T04:20:17.139+0000][125][info ][safepoint   ] Safepoint "Cleanup", Time since last: 1001182896 ns, Reaching safepoint: 27567 ns, Cleanup: 17238 ns, At safepoint: 15657 ns, Total: 60462 ns
[2024-10-15T04:20:20.149+0000][125][info ][safepoint   ] Safepoint "Cleanup", Time since last: 3008989787 ns, Reaching safepoint: 95780 ns, Cleanup: 19898 ns, At safepoint: 25580 ns, Total: 141258 ns
[2024-10-15T04:20:23.151+0000][125][info ][safepoint   ] Safepoint "Cleanup", Time since last: 3001984838 ns, Reaching safepoint: 53570 ns, Cleanup: 13481 ns, At safepoint: 11306 ns, Total: 78357 ns
[2024-10-15T04:20:26.153+0000][125][info ][safepoint   ] Safepoint "Cleanup", Time since last: 3002637552 ns, Reaching safepoint: 27002 ns, Cleanup: 16012 ns, At safepoint: 24894 ns, Total: 67908 ns
[2024-10-15T04:20:27.154+0000][125][info ][safepoint   ] Safepoint "Cleanup", Time since last: 1000909386 ns, Reaching safepoint: 27926 ns, Cleanup: 18607 ns, At safepoint: 10987 ns, Total: 57520 ns
[2024-10-15T04:20:31.613+0000][125][info ][safepoint   ] Safepoint "Cleanup", Time since last: 4459040667 ns, Reaching safepoint: 17678 ns, Cleanup: 12522 ns, At safepoint: 9186 ns, Total: 39386 ns
[2024-10-15T04:20:40.893+0000][125][info ][safepoint   ] Safepoint "Cleanup", Time since last: 9279810017 ns, Reaching safepoint: 62345 ns, Cleanup: 23342 ns, At safepoint: 15821 ns, Total: 101508 ns
[2024-10-15T04:20:41.934+0000][125][info ][safepoint   ] Safepoint "Cleanup", Time since last: 1036784884 ns, Reaching safepoint: 3982891 ns, Cleanup: 19113 ns, At safepoint: 24727 ns, Total: 4026731 ns
[2024-10-15T04:20:50.249+0000][125][info ][safepoint   ] Safepoint "Cleanup", Time since last: 8313334212 ns, Reaching safepoint: 21299 ns, Cleanup: 13518 ns, At safepoint: 10854 ns, Total: 45671 ns
[2024-10-15T04:20:53.252+0000][125][info ][safepoint   ] Safepoint "Cleanup", Time since last: 3002727280 ns, Reaching safepoint: 56235 ns, Cleanup: 15801 ns, At safepoint: 15120 ns, Total: 87156 ns
[2024-10-15T04:21:02.259+0000][125][info ][safepoint   ] Safepoint "Cleanup", Time since last: 9006731718 ns, Reaching safepoint: 41868 ns, Cleanup: 15952 ns, At safepoint: 14029 ns, Total: 71849 ns
[2024-10-15T04:21:10.267+0000][125][info ][safepoint   ] Safepoint "Cleanup", Time since last: 8008410753 ns, Reaching safepoint: 57082 ns, Cleanup: 14898 ns, At safepoint: 10406 ns, Total: 82386 ns
[2024-10-15T04:21:12.269+0000][125][info ][safepoint   ] Safepoint "Cleanup", Time since last: 2001746631 ns, Reaching safepoint: 20680 ns, Cleanup: 12231 ns, At safepoint: 10929 ns, Total: 43840 ns
[2024-10-15T04:21:17.274+0000][125][info ][safepoint   ] Safepoint "Cleanup", Time since last: 5004813351 ns, Reaching safepoint: 20152 ns, Cleanup: 12200 ns, At safepoint: 10139 ns, Total: 42491 ns
[2024-10-15T04:21:22.279+0000][125][info ][safepoint   ] Safepoint "Cleanup", Time since last: 5004880749 ns, Reaching safepoint: 28554 ns, Cleanup: 14568 ns, At safepoint: 10798 ns, Total: 53920 ns
[2024-10-15T04:21:31.691+0000][125][info ][safepoint   ] Safepoint "Cleanup", Time since last: 9411909103 ns, Reaching safepoint: 11209 ns, Cleanup: 12194 ns, At safepoint: 6631 ns, Total: 30034 ns
[2024-10-15T04:21:33.093+0000][125][info ][safepoint   ] Safepoint "Cleanup", Time since last: 1402077946 ns, Reaching safepoint: 20443 ns, Cleanup: 19994 ns, At safepoint: 9929 ns, Total: 50366 ns
[2024-10-15T04:21:34.690+0000][125][info ][safepoint   ] Safepoint "Cleanup", Time since last: 1596348488 ns, Reaching safepoint: 462444 ns, Cleanup: 18226 ns, At safepoint: 102743 ns, Total: 583413 ns
[2024-10-15T04:21:36.112+0000][125][info ][safepoint   ] Safepoint "Cleanup", Time since last: 1421238116 ns, Reaching safepoint: 26593 ns, Cleanup: 21832 ns, At safepoint: 15562 ns, Total: 63987 ns
[2024-10-15T04:21:38.114+0000][125][info ][safepoint   ] Safepoint "Cleanup", Time since last: 2001752188 ns, Reaching safepoint: 21007 ns, Cleanup: 11830 ns, At safepoint: 10384 ns, Total: 43221 ns
[2024-10-15T04:21:39.152+0000][125][info ][safepoint   ] Safepoint "Cleanup", Time since last: 1038039615 ns, Reaching safepoint: 56249 ns, Cleanup: 13324 ns, At safepoint: 15248 ns, Total: 84821 ns
[2024-10-15T04:21:41.154+0000][125][info ][safepoint   ] Safepoint "Cleanup", Time since last: 2001814073 ns, Reaching safepoint: 22314 ns, Cleanup: 23896 ns, At safepoint: 15154 ns, Total: 61364 ns
[2024-10-15T04:21:43.471+0000][125][info ][safepoint   ] Safepoint "Cleanup", Time since last: 2317056020 ns, Reaching safepoint: 19904 ns, Cleanup: 12474 ns, At safepoint: 9813 ns, Total: 42191 ns
[2024-10-15T04:21:45.177+0000][125][info ][safepoint   ] Safepoint "Cleanup", Time since last: 1706749990 ns, Reaching safepoint: 21246 ns, Cleanup: 22367 ns, At safepoint: 10583 ns, Total: 54196 ns
[2024-10-15T04:21:57.404+0000][125][info ][safepoint   ] Safepoint "Cleanup", Time since last: 12226164702 ns, Reaching safepoint: 21132 ns, Cleanup: 16453 ns, At safepoint: 11320 ns, Total: 48905 ns
[2024-10-15T04:21:59.406+0000][125][info ][safepoint   ] Safepoint "Cleanup", Time since last: 2001770135 ns, Reaching safepoint: 18951 ns, Cleanup: 17757 ns, At safepoint: 9821 ns, Total: 46529 ns
[2024-10-15T04:22:02.409+0000][125][info ][safepoint   ] Safepoint "Cleanup", Time since last: 3002862843 ns, Reaching safepoint: 20130 ns, Cleanup: 11796 ns, At safepoint: 9714 ns, Total: 41640 ns
[2024-10-15T04:22:05.412+0000][125][info ][safepoint   ] Safepoint "Cleanup", Time since last: 3003026098 ns, Reaching safepoint: 19771 ns, Cleanup: 11299 ns, At safepoint: 10147 ns, Total: 41217 ns
[2024-10-15T04:22:06.413+0000][125][info ][safepoint   ] Safepoint "Cleanup", Time since last: 1001204352 ns, Reaching safepoint: 20267 ns, Cleanup: 10818 ns, At safepoint: 8915 ns, Total: 40000 ns
[2024-10-15T04:22:11.418+0000][125][info ][safepoint   ] Safepoint "Cleanup", Time since last: 5004849111 ns, Reaching safepoint: 50524 ns, Cleanup: 10876 ns, At safepoint: 10444 ns, Total: 71844 ns
[2024-10-15T04:22:12.419+0000][125][info ][safepoint   ] Safepoint "Cleanup", Time since last: 1000947312 ns, Reaching safepoint: 29134 ns, Cleanup: 16347 ns, At safepoint: 12545 ns, Total: 58026 ns
[2024-10-15T04:22:17.426+0000][125][info ][safepoint   ] Safepoint "Cleanup", Time since last: 5006113816 ns, Reaching safepoint: 24235 ns, Cleanup: 14000 ns, At safepoint: 10209 ns, Total: 48444 ns
[2024-10-15T04:22:34.692+0000][125][info ][safepoint   ] Safepoint "Cleanup", Time since last: 17264715127 ns, Reaching safepoint: 756175 ns, Cleanup: 17424 ns, At safepoint: 107699 ns, Total: 881298 ns
[2024-10-15T04:22:36.319+0000][125][info ][safepoint   ] Safepoint "Cleanup", Time since last: 1627286083 ns, Reaching safepoint: 22869 ns, Cleanup: 18949 ns, At safepoint: 12197 ns, Total: 54015 ns
[2024-10-15T04:22:37.328+0000][125][info ][safepoint   ] Safepoint "Cleanup", Time since last: 1008827357 ns, Reaching safepoint: 19575 ns, Cleanup: 15563 ns, At safepoint: 10680 ns, Total: 45818 ns
[2024-10-15T04:22:44.335+0000][125][info ][safepoint   ] Safepoint "Cleanup", Time since last: 7006977774 ns, Reaching safepoint: 49893 ns, Cleanup: 13187 ns, At safepoint: 10527 ns, Total: 73607 ns
[2024-10-15T04:22:46.962+0000][125][info ][safepoint   ] Safepoint "Cleanup", Time since last: 2625136087 ns, Reaching safepoint: 617131 ns, Cleanup: 992594 ns, At safepoint: 94244 ns, Total: 1703969 ns
[2024-10-15T04:22:48.359+0000][125][info ][safepoint   ] Safepoint "Cleanup", Time since last: 1402170731 ns, Reaching safepoint: 37591 ns, Cleanup: 32124 ns, At safepoint: 13413 ns, Total: 83128 ns
[2024-10-15T04:22:51.589+0000][125][info ][safepoint   ] Safepoint "Cleanup", Time since last: 3229663492 ns, Reaching safepoint: 28212 ns, Cleanup: 13557 ns, At safepoint: 14322 ns, Total: 56091 ns
[2024-10-15T04:22:52.721+0000][125][info ][safepoint   ] Safepoint "Cleanup", Time since last: 1130987205 ns, Reaching safepoint: 251633 ns, Cleanup: 17200 ns, At safepoint: 654405 ns, Total: 923238 ns
[2024-10-15T04:22:54.751+0000][125][info ][safepoint   ] Safepoint "Cleanup", Time since last: 2030023247 ns, Reaching safepoint: 22526 ns, Cleanup: 13361 ns, At safepoint: 12561 ns, Total: 48448 ns
[2024-10-15T04:22:57.829+0000][125][info ][safepoint   ] Safepoint "Cleanup", Time since last: 3078132575 ns, Reaching safepoint: 22263 ns, Cleanup: 10792 ns, At safepoint: 10605 ns, Total: 43660 ns
[2024-10-15T04:23:04.857+0000][125][info ][safepoint   ] Safepoint "Cleanup", Time since last: 7027762090 ns, Reaching safepoint: 68241 ns, Cleanup: 15075 ns, At safepoint: 58782 ns, Total: 142098 ns
[2024-10-15T04:23:21.908+0000][125][info ][safepoint   ] Safepoint "Cleanup", Time since last: 17020022931 ns, Reaching safepoint: 19776 ns, Cleanup: 10826 ns, At safepoint: 9603 ns, Total: 40205 ns
[2024-10-15T04:23:22.911+0000][125][info ][safepoint   ] Safepoint "Cleanup", Time since last: 1002897118 ns, Reaching safepoint: 35096 ns, Cleanup: 18998 ns, At safepoint: 13919 ns, Total: 68013 ns
[2024-10-15T04:23:30.919+0000][125][info ][safepoint   ] Safepoint "Cleanup", Time since last: 8007773318 ns, Reaching safepoint: 24338 ns, Cleanup: 15314 ns, At safepoint: 12818 ns, Total: 52470 ns
[2024-10-15T04:23:31.920+0000][125][info ][safepoint   ] Safepoint "Cleanup", Time since last: 1001391286 ns, Reaching safepoint: 20832 ns, Cleanup: 16300 ns, At safepoint: 9998 ns, Total: 47130 ns
[2024-10-15T04:23:34.936+0000][125][info ][safepoint   ] Safepoint "Cleanup", Time since last: 3014530499 ns, Reaching safepoint: 982824 ns, Cleanup: 20792 ns, At safepoint: 48447 ns, Total: 1052063 ns
[2024-10-15T04:23:36.804+0000][125][info ][safepoint   ] Safepoint "Cleanup", Time since last: 1867934539 ns, Reaching safepoint: 21261 ns, Cleanup: 12943 ns, At safepoint: 10603 ns, Total: 44807 ns
[2024-10-15T04:23:37.805+0000][125][info ][safepoint   ] Safepoint "Cleanup", Time since last: 1000967972 ns, Reaching safepoint: 26135 ns, Cleanup: 15405 ns, At safepoint: 13203 ns, Total: 54743 ns
[2024-10-15T04:23:42.810+0000][125][info ][safepoint   ] Safepoint "Cleanup", Time since last: 5004939486 ns, Reaching safepoint: 61045 ns, Cleanup: 15713 ns, At safepoint: 16731 ns, Total: 93489 ns
[2024-10-15T04:23:50.919+0000][125][info ][safepoint   ] Safepoint "Cleanup", Time since last: 8100133667 ns, Reaching safepoint: 20120 ns, Cleanup: 12289 ns, At safepoint: 9874 ns, Total: 42283 ns
[2024-10-15T04:23:55.996+0000][125][info ][safepoint   ] Safepoint "Cleanup", Time since last: 5076926945 ns, Reaching safepoint: 40267 ns, Cleanup: 18564 ns, At safepoint: 25325 ns, Total: 84156 ns
[2024-10-15T04:23:59.009+0000][125][info ][safepoint   ] Safepoint "Cleanup", Time since last: 3012941663 ns, Reaching safepoint: 44422 ns, Cleanup: 15085 ns, At safepoint: 9813 ns, Total: 69320 ns
[2024-10-15T04:24:11.020+0000][125][info ][safepoint   ] Safepoint "Cleanup", Time since last: 12011676288 ns, Reaching safepoint: 18772 ns, Cleanup: 10745 ns, At safepoint: 11424 ns, Total: 40941 ns
[2024-10-15T04:24:17.026+0000][125][info ][safepoint   ] Safepoint "Cleanup", Time since last: 6006115262 ns, Reaching safepoint: 19302 ns, Cleanup: 19274 ns, At safepoint: 10147 ns, Total: 48723 ns
[2024-10-15T04:24:31.035+0000][125][info ][safepoint   ] Safepoint "Cleanup", Time since last: 14014461891 ns, Reaching safepoint: 160070 ns, Cleanup: 37215 ns, At safepoint: 123250 ns, Total: 320535 ns
[2024-10-15T04:24:32.036+0000][125][info ][safepoint   ] Safepoint "Cleanup", Time since last: 1001022253 ns, Reaching safepoint: 23365 ns, Cleanup: 13172 ns, At safepoint: 10801 ns, Total: 47338 ns
[2024-10-15T04:24:36.041+0000][125][info ][safepoint   ] Safepoint "Cleanup", Time since last: 4004270567 ns, Reaching safepoint: 20146 ns, Cleanup: 14442 ns, At safepoint: 10089 ns, Total: 44677 ns
[2024-10-15T04:24:37.890+0000][125][info ][safepoint   ] Safepoint "Cleanup", Time since last: 1849743962 ns, Reaching safepoint: 12307 ns, Cleanup: 9673 ns, At safepoint: 8789 ns, Total: 30769 ns
[2024-10-15T04:24:41.509+0000][125][info ][safepoint   ] Safepoint "Cleanup", Time since last: 3618036339 ns, Reaching safepoint: 822964 ns, Cleanup: 28978 ns, At safepoint: 107479 ns, Total: 959421 ns
[2024-10-15T04:24:42.511+0000][125][info ][safepoint   ] Safepoint "Cleanup", Time since last: 1001026109 ns, Reaching safepoint: 878401 ns, Cleanup: 18488 ns, At safepoint: 74444 ns, Total: 971333 ns
[2024-10-15T04:24:52.882+0000][125][info ][safepoint   ] Safepoint "Cleanup", Time since last: 10370223449 ns, Reaching safepoint: 11846 ns, Cleanup: 14363 ns, At safepoint: 7732 ns, Total: 33941 ns
[2024-10-15T04:24:54.684+0000][125][info ][safepoint   ] Safepoint "Cleanup", Time since last: 1801697713 ns, Reaching safepoint: 21363 ns, Cleanup: 14885 ns, At safepoint: 11148 ns, Total: 47396 ns
[2024-10-15T04:24:56.686+0000][125][info ][safepoint   ] Safepoint "Cleanup", Time since last: 2001987420 ns, Reaching safepoint: 19966 ns, Cleanup: 11923 ns, At safepoint: 8915 ns, Total: 40804 ns
[2024-10-15T04:24:57.687+0000][125][info ][safepoint   ] Safepoint "Cleanup", Time since last: 1001143598 ns, Reaching safepoint: 33054 ns, Cleanup: 19056 ns, At safepoint: 19520 ns, Total: 71630 ns
[2024-10-15T04:25:02.750+0000][125][info ][safepoint   ] Safepoint "Cleanup", Time since last: 5063114043 ns, Reaching safepoint: 63148 ns, Cleanup: 17812 ns, At safepoint: 23253 ns, Total: 104213 ns
[2024-10-15T04:25:31.790+0000][125][info ][safepoint   ] Safepoint "Cleanup", Time since last: 29028435347 ns, Reaching safepoint: 1141089 ns, Cleanup: 22410 ns, At safepoint: 105742 ns, Total: 1269241 ns
[2024-10-15T04:25:38.797+0000][125][info ][safepoint   ] Safepoint "Cleanup", Time since last: 7007392636 ns, Reaching safepoint: 31490 ns, Cleanup: 14544 ns, At safepoint: 46242 ns, Total: 92276 ns
[2024-10-15T04:25:40.934+0000][125][info ][safepoint   ] Safepoint "Cleanup", Time since last: 2135827700 ns, Reaching safepoint: 588434 ns, Cleanup: 9686 ns, At safepoint: 236149 ns, Total: 834269 ns
[2024-10-15T04:25:42.831+0000][125][info ][safepoint   ] Safepoint "Cleanup", Time since last: 1896890858 ns, Reaching safepoint: 20016 ns, Cleanup: 15362 ns, At safepoint: 45792 ns, Total: 81170 ns
[2024-10-15T04:25:44.832+0000][125][info ][safepoint   ] Safepoint "Cleanup", Time since last: 2001614851 ns, Reaching safepoint: 113329 ns, Cleanup: 15766 ns, At safepoint: 22413 ns, Total: 151508 ns
[2024-10-15T04:25:47.856+0000][125][info ][safepoint   ] Safepoint "Cleanup", Time since last: 3022159847 ns, Reaching safepoint: 28167 ns, Cleanup: 19528 ns, At safepoint: 14159 ns, Total: 61854 ns
[2024-10-15T04:25:48.857+0000][125][info ][safepoint   ] Safepoint "Cleanup", Time since last: 1000786337 ns, Reaching safepoint: 23557 ns, Cleanup: 11647 ns, At safepoint: 12798 ns, Total: 48002 ns
[2024-10-15T04:25:50.824+0000][125][info ][safepoint   ] Safepoint "Cleanup", Time since last: 1967003128 ns, Reaching safepoint: 21242 ns, Cleanup: 11374 ns, At safepoint: 10109 ns, Total: 42725 ns
[2024-10-15T04:25:51.824+0000][125][info ][safepoint   ] Safepoint "Cleanup", Time since last: 1000697919 ns, Reaching safepoint: 23297 ns, Cleanup: 12405 ns, At safepoint: 11398 ns, Total: 47100 ns
[2024-10-15T04:25:56.150+0000][125][info ][safepoint   ] Safepoint "Cleanup", Time since last: 4325288768 ns, Reaching safepoint: 18578 ns, Cleanup: 10747 ns, At safepoint: 8738 ns, Total: 38063 ns
[2024-10-15T04:25:57.982+0000][125][info ][safepoint   ] Safepoint "Cleanup", Time since last: 1831866401 ns, Reaching safepoint: 32713 ns, Cleanup: 38111 ns, At safepoint: 17199 ns, Total: 88023 ns
[2024-10-15T04:25:58.982+0000][125][info ][safepoint   ] Safepoint "Cleanup", Time since last: 1000714301 ns, Reaching safepoint: 29083 ns, Cleanup: 14447 ns, At safepoint: 11532 ns, Total: 55062 ns
[2024-10-15T04:26:10.103+0000][125][info ][safepoint   ] Safepoint "Cleanup", Time since last: 11120167160 ns, Reaching safepoint: 23252 ns, Cleanup: 14648 ns, At safepoint: 13633 ns, Total: 51533 ns
[2024-10-15T04:26:12.105+0000][125][info ][safepoint   ] Safepoint "Cleanup", Time since last: 2002150564 ns, Reaching safepoint: 25912 ns, Cleanup: 15844 ns, At safepoint: 15312 ns, Total: 57068 ns
[2024-10-15T04:26:15.108+0000][125][info ][safepoint   ] Safepoint "Cleanup", Time since last: 3002675653 ns, Reaching safepoint: 59020 ns, Cleanup: 15691 ns, At safepoint: 16523 ns, Total: 91234 ns
[2024-10-15T04:26:19.113+0000][125][info ][safepoint   ] Safepoint "Cleanup", Time since last: 4004013223 ns, Reaching safepoint: 21011 ns, Cleanup: 11178 ns, At safepoint: 10868 ns, Total: 43057 ns
[2024-10-15T04:26:32.126+0000][125][info ][safepoint   ] Safepoint "Cleanup", Time since last: 13013144049 ns, Reaching safepoint: 57712 ns, Cleanup: 21708 ns, At safepoint: 14468 ns, Total: 93888 ns
[2024-10-15T04:26:34.955+0000][125][info ][safepoint   ] Safepoint "Cleanup", Time since last: 2828680338 ns, Reaching safepoint: 9108 ns, Cleanup: 10908 ns, At safepoint: 6144 ns, Total: 26160 ns
[2024-10-15T04:26:36.198+0000][125][info ][safepoint   ] Safepoint "Cleanup", Time since last: 1242915397 ns, Reaching safepoint: 20052 ns, Cleanup: 21498 ns, At safepoint: 10258 ns, Total: 51808 ns
[2024-10-15T04:26:38.228+0000][125][info ][safepoint   ] Safepoint "Cleanup", Time since last: 2029981728 ns, Reaching safepoint: 19197 ns, Cleanup: 11437 ns, At safepoint: 10888 ns, Total: 41522 ns
[2024-10-15T04:26:39.255+0000][125][info ][safepoint   ] Safepoint "Cleanup", Time since last: 1026997536 ns, Reaching safepoint: 25568 ns, Cleanup: 14887 ns, At safepoint: 12082 ns, Total: 52537 ns
[2024-10-15T04:26:42.258+0000][125][info ][safepoint   ] Safepoint "Cleanup", Time since last: 3002931265 ns, Reaching safepoint: 19922 ns, Cleanup: 13102 ns, At safepoint: 10048 ns, Total: 43072 ns
[2024-10-15T04:26:43.982+0000][125][info ][safepoint   ] Safepoint "Cleanup", Time since last: 1724020614 ns, Reaching safepoint: 11264 ns, Cleanup: 10083 ns, At safepoint: 7269 ns, Total: 28616 ns
[2024-10-15T04:26:45.294+0000][125][info ][safepoint   ] Safepoint "Cleanup", Time since last: 1312024309 ns, Reaching safepoint: 6102 ns, Cleanup: 40842 ns, At safepoint: 5566 ns, Total: 52510 ns
[2024-10-15T04:26:47.308+0000][125][info ][safepoint   ] Safepoint "Cleanup", Time since last: 2013731291 ns, Reaching safepoint: 25202 ns, Cleanup: 13553 ns, At safepoint: 12474 ns, Total: 51229 ns
[2024-10-15T04:26:53.018+0000][125][info ][safepoint   ] Safepoint "Cleanup", Time since last: 5709956164 ns, Reaching safepoint: 32602 ns, Cleanup: 16520 ns, At safepoint: 13398 ns, Total: 62520 ns
[2024-10-15T04:26:55.021+0000][125][info ][safepoint   ] Safepoint "Cleanup", Time since last: 2002178436 ns, Reaching safepoint: 22710 ns, Cleanup: 11125 ns, At safepoint: 11011 ns, Total: 44846 ns
[2024-10-15T04:26:56.022+0000][125][info ][safepoint   ] Safepoint "Cleanup", Time since last: 1000827199 ns, Reaching safepoint: 35732 ns, Cleanup: 21545 ns, At safepoint: 17719 ns, Total: 74996 ns
[2024-10-15T04:26:57.022+0000][125][info ][safepoint   ] Safepoint "Cleanup", Time since last: 1000913852 ns, Reaching safepoint: 20240 ns, Cleanup: 11869 ns, At safepoint: 9769 ns, Total: 41878 ns
[2024-10-15T04:26:58.988+0000][125][info ][safepoint   ] Safepoint "Cleanup", Time since last: 1965949231 ns, Reaching safepoint: 20991 ns, Cleanup: 20072 ns, At safepoint: 12954 ns, Total: 54017 ns
[2024-10-15T04:27:00.355+0000][125][info ][safepoint   ] Safepoint "Cleanup", Time since last: 1365981658 ns, Reaching safepoint: 19033 ns, Cleanup: 26836 ns, At safepoint: 10891 ns, Total: 56760 ns
[2024-10-15T04:27:02.357+0000][125][info ][safepoint   ] Safepoint "Cleanup", Time since last: 2002008914 ns, Reaching safepoint: 148485 ns, Cleanup: 32729 ns, At safepoint: 29238 ns, Total: 210452 ns
[2024-10-15T04:27:12.368+0000][125][info ][safepoint   ] Safepoint "Cleanup", Time since last: 10010917165 ns, Reaching safepoint: 53409 ns, Cleanup: 37614 ns, At safepoint: 49017 ns, Total: 140040 ns
[2024-10-15T04:27:16.371+0000][125][info ][safepoint   ] Safepoint "Cleanup", Time since last: 4003524731 ns, Reaching safepoint: 22960 ns, Cleanup: 11636 ns, At safepoint: 10852 ns, Total: 45448 ns
[2024-10-15T04:27:29.395+0000][125][info ][safepoint   ] Safepoint "Cleanup", Time since last: 13022948124 ns, Reaching safepoint: 30379 ns, Cleanup: 15029 ns, At safepoint: 15391 ns, Total: 60799 ns
[2024-10-15T04:27:32.398+0000][125][info ][safepoint   ] Safepoint "Cleanup", Time since last: 3002898716 ns, Reaching safepoint: 52285 ns, Cleanup: 18062 ns, At safepoint: 9684 ns, Total: 80031 ns
[2024-10-15T04:27:41.409+0000][125][info ][safepoint   ] Safepoint "Cleanup", Time since last: 9011228980 ns, Reaching safepoint: 20720 ns, Cleanup: 11401 ns, At safepoint: 11598 ns, Total: 43719 ns
[2024-10-15T04:27:47.012+0000][125][info ][safepoint   ] Safepoint "Cleanup", Time since last: 5602731856 ns, Reaching safepoint: 9029 ns, Cleanup: 15200 ns, At safepoint: 6002 ns, Total: 30231 ns
[2024-10-15T04:27:48.492+0000][125][info ][safepoint   ] Safepoint "Cleanup", Time since last: 1479121325 ns, Reaching safepoint: 36862 ns, Cleanup: 25055 ns, At safepoint: 20747 ns, Total: 82664 ns
[2024-10-15T04:27:51.174+0000][125][info ][safepoint   ] Safepoint "Cleanup", Time since last: 2681177941 ns, Reaching safepoint: 434870 ns, Cleanup: 16987 ns, At safepoint: 139136 ns, Total: 590993 ns
[2024-10-15T04:27:59.198+0000][125][info ][safepoint   ] Safepoint "Cleanup", Time since last: 8023770275 ns, Reaching safepoint: 18415 ns, Cleanup: 59408 ns, At safepoint: 10666 ns, Total: 88489 ns
[2024-10-15T04:28:02.026+0000][125][info ][safepoint   ] Safepoint "Cleanup", Time since last: 2827534755 ns, Reaching safepoint: 12510 ns, Cleanup: 13671 ns, At safepoint: 6931 ns, Total: 33112 ns
[2024-10-15T04:28:03.541+0000][125][info ][safepoint   ] Safepoint "Cleanup", Time since last: 1515682708 ns, Reaching safepoint: 64116 ns, Cleanup: 22016 ns, At safepoint: 12526 ns, Total: 98658 ns
[2024-10-15T04:28:08.550+0000][125][info ][safepoint   ] Safepoint "Cleanup", Time since last: 5008221421 ns, Reaching safepoint: 25620 ns, Cleanup: 14975 ns, At safepoint: 12876 ns, Total: 53471 ns
[2024-10-15T04:28:17.566+0000][125][info ][safepoint   ] Safepoint "Cleanup", Time since last: 9015566977 ns, Reaching safepoint: 20233 ns, Cleanup: 17684 ns, At safepoint: 9999 ns, Total: 47916 ns
[2024-10-15T04:28:31.585+0000][125][info ][safepoint   ] Safepoint "Cleanup", Time since last: 14019020390 ns, Reaching safepoint: 53772 ns, Cleanup: 11548 ns, At safepoint: 10941 ns, Total: 76261 ns
[2024-10-15T04:28:38.592+0000][125][info ][safepoint   ] Safepoint "Cleanup", Time since last: 7006645042 ns, Reaching safepoint: 43482 ns, Cleanup: 14632 ns, At safepoint: 45590 ns, Total: 103704 ns
[2024-10-15T04:28:50.399+0000][125][info ][safepoint   ] Safepoint "Cleanup", Time since last: 11806193145 ns, Reaching safepoint: 8499 ns, Cleanup: 13941 ns, At safepoint: 5188 ns, Total: 27628 ns
[2024-10-15T04:28:51.691+0000][125][info ][safepoint   ] Safepoint "Cleanup", Time since last: 1292017584 ns, Reaching safepoint: 25250 ns, Cleanup: 24125 ns, At safepoint: 15295 ns, Total: 64670 ns
[2024-10-15T04:29:00.705+0000][125][info ][safepoint   ] Safepoint "Cleanup", Time since last: 9013790017 ns, Reaching safepoint: 18600 ns, Cleanup: 10934 ns, At safepoint: 9396 ns, Total: 38930 ns
[2024-10-15T04:29:01.706+0000][125][info ][safepoint   ] Safepoint "Cleanup", Time since last: 1001036232 ns, Reaching safepoint: 40238 ns, Cleanup: 19615 ns, At safepoint: 25715 ns, Total: 85568 ns
[2024-10-15T04:29:02.707+0000][125][info ][safepoint   ] Safepoint "Cleanup", Time since last: 1000836648 ns, Reaching safepoint: 23780 ns, Cleanup: 13791 ns, At safepoint: 10218 ns, Total: 47789 ns
[2024-10-15T04:29:05.039+0000][125][info ][safepoint   ] Safepoint "Cleanup", Time since last: 2331943972 ns, Reaching safepoint: 29538 ns, Cleanup: 6922 ns, At safepoint: 4919 ns, Total: 41379 ns
[2024-10-15T04:29:06.741+0000][125][info ][safepoint   ] Safepoint "Cleanup", Time since last: 1701984392 ns, Reaching safepoint: 26091 ns, Cleanup: 15518 ns, At safepoint: 8897 ns, Total: 50506 ns
[2024-10-15T04:29:53.089+0000][125][info ][safepoint   ] Safepoint "Cleanup", Time since last: 46343340573 ns, Reaching safepoint: 3692277 ns, Cleanup: 37692 ns, At safepoint: 171343 ns, Total: 3901312 ns
[2024-10-15T04:29:54.881+0000][125][info ][safepoint   ] Safepoint "Cleanup", Time since last: 1791762037 ns, Reaching safepoint: 20504 ns, Cleanup: 14921 ns, At safepoint: 9411 ns, Total: 44836 ns
[2024-10-15T04:30:01.918+0000][125][info ][safepoint   ] Safepoint "Cleanup", Time since last: 7036721445 ns, Reaching safepoint: 22946 ns, Cleanup: 11563 ns, At safepoint: 44626 ns, Total: 79135 ns
[2024-10-15T04:30:05.922+0000][125][info ][safepoint   ] Safepoint "Cleanup", Time since last: 4003911854 ns, Reaching safepoint: 63871 ns, Cleanup: 12603 ns, At safepoint: 10358 ns, Total: 86832 ns
[2024-10-15T04:30:08.942+0000][125][info ][safepoint   ] Safepoint "Cleanup", Time since last: 3020416764 ns, Reaching safepoint: 9158 ns, Cleanup: 12290 ns, At safepoint: 6610 ns, Total: 28058 ns
[2024-10-15T04:30:21.008+0000][125][info ][safepoint   ] Safepoint "Cleanup", Time since last: 12064715782 ns, Reaching safepoint: 123727 ns, Cleanup: 13736 ns, At safepoint: 48034 ns, Total: 185497 ns
[2024-10-15T04:30:23.010+0000][125][info ][safepoint   ] Safepoint "Cleanup", Time since last: 2001510863 ns, Reaching safepoint: 21169 ns, Cleanup: 12037 ns, At safepoint: 10579 ns, Total: 43785 ns
[2024-10-15T04:30:32.024+0000][125][info ][safepoint   ] Safepoint "Cleanup", Time since last: 9013825767 ns, Reaching safepoint: 26966 ns, Cleanup: 22164 ns, At safepoint: 63258 ns, Total: 112388 ns
[2024-10-15T04:30:54.865+0000][125][info ][safepoint   ] Safepoint "Cleanup", Time since last: 22839332997 ns, Reaching safepoint: 19532 ns, Cleanup: 17831 ns, At safepoint: 10144 ns, Total: 47507 ns
[2024-10-15T04:30:57.199+0000][125][info ][safepoint   ] Safepoint "Cleanup", Time since last: 2334073770 ns, Reaching safepoint: 10596 ns, Cleanup: 11624 ns, At safepoint: 7648 ns, Total: 29868 ns
[2024-10-15T04:31:02.238+0000][125][info ][safepoint   ] Safepoint "Cleanup", Time since last: 5038612831 ns, Reaching safepoint: 19270 ns, Cleanup: 11616 ns, At safepoint: 10791 ns, Total: 41677 ns
[2024-10-15T04:31:04.240+0000][125][info ][safepoint   ] Safepoint "Cleanup", Time since last: 2002054642 ns, Reaching safepoint: 20615 ns, Cleanup: 14536 ns, At safepoint: 11260 ns, Total: 46411 ns
[2024-10-15T04:31:05.241+0000][125][info ][safepoint   ] Safepoint "Cleanup", Time since last: 1001055601 ns, Reaching safepoint: 30715 ns, Cleanup: 18002 ns, At safepoint: 12949 ns, Total: 61666 ns
[2024-10-15T04:31:06.242+0000][125][info ][safepoint   ] Safepoint "Cleanup", Time since last: 1000660752 ns, Reaching safepoint: 23075 ns, Cleanup: 14162 ns, At safepoint: 13865 ns, Total: 51102 ns
[2024-10-15T04:31:09.106+0000][125][info ][safepoint   ] Safepoint "Cleanup", Time since last: 2864691864 ns, Reaching safepoint: 11797 ns, Cleanup: 15439 ns, At safepoint: 9196 ns, Total: 36432 ns
[2024-10-15T04:31:10.789+0000][125][info ][safepoint   ] Safepoint "Cleanup", Time since last: 1682525729 ns, Reaching safepoint: 28338 ns, Cleanup: 17871 ns, At safepoint: 40881 ns, Total: 87090 ns
[2024-10-15T04:31:12.231+0000][125][info ][safepoint   ] Safepoint "Cleanup", Time since last: 1441607125 ns, Reaching safepoint: 18763 ns, Cleanup: 33441 ns, At safepoint: 9685 ns, Total: 61889 ns
[2024-10-15T04:31:13.830+0000][125][info ][safepoint   ] Safepoint "Cleanup", Time since last: 1599271953 ns, Reaching safepoint: 20588 ns, Cleanup: 17363 ns, At safepoint: 9791 ns, Total: 47742 ns
[2024-10-15T04:31:19.843+0000][125][info ][safepoint   ] Safepoint "Cleanup", Time since last: 6012032310 ns, Reaching safepoint: 7194 ns, Cleanup: 7800 ns, At safepoint: 5566 ns, Total: 20560 ns
[2024-10-15T04:31:20.857+0000][125][info ][safepoint   ] Safepoint "Cleanup", Time since last: 1014638065 ns, Reaching safepoint: 29733 ns, Cleanup: 13265 ns, At safepoint: 10579 ns, Total: 53577 ns
[2024-10-15T04:31:22.861+0000][125][info ][safepoint   ] Safepoint "Cleanup", Time since last: 2003650904 ns, Reaching safepoint: 138557 ns, Cleanup: 28943 ns, At safepoint: 27734 ns, Total: 195234 ns
[2024-10-15T04:31:31.935+0000][125][info ][safepoint   ] Safepoint "Cleanup", Time since last: 9073500476 ns, Reaching safepoint: 41661 ns, Cleanup: 36699 ns, At safepoint: 20423 ns, Total: 98783 ns
[2024-10-15T04:31:32.936+0000][125][info ][safepoint   ] Safepoint "Cleanup", Time since last: 1000755843 ns, Reaching safepoint: 41056 ns, Cleanup: 15320 ns, At safepoint: 50178 ns, Total: 106554 ns
[2024-10-15T04:31:35.242+0000][125][info ][safepoint   ] Safepoint "Cleanup", Time since last: 2306427239 ns, Reaching safepoint: 8443 ns, Cleanup: 10169 ns, At safepoint: 6377 ns, Total: 24989 ns
[2024-10-15T04:31:36.323+0000][125][info ][safepoint   ] Safepoint "Cleanup", Time since last: 1080651427 ns, Reaching safepoint: 10377 ns, Cleanup: 9670 ns, At safepoint: 5431 ns, Total: 25478 ns
[2024-10-15T04:31:39.435+0000][125][info ][safepoint   ] Safepoint "Cleanup", Time since last: 3112568227 ns, Reaching safepoint: 73214 ns, Cleanup: 13981 ns, At safepoint: 9380 ns, Total: 96575 ns
[2024-10-15T04:31:52.901+0000][125][info ][safepoint   ] Safepoint "Cleanup", Time since last: 13464793220 ns, Reaching safepoint: 25511 ns, Cleanup: 13162 ns, At safepoint: 11862 ns, Total: 50535 ns
[2024-10-15T04:31:57.909+0000][125][info ][safepoint   ] Safepoint "Cleanup", Time since last: 5008104348 ns, Reaching safepoint: 169329 ns, Cleanup: 17111 ns, At safepoint: 11152 ns, Total: 197592 ns
[2024-10-15T04:31:59.271+0000][125][info ][safepoint   ] Safepoint "Cleanup", Time since last: 1360000202 ns, Reaching safepoint: 607522 ns, Cleanup: 132616 ns, At safepoint: 436286 ns, Total: 1176424 ns
[2024-10-15T04:32:00.397+0000][125][info ][safepoint   ] Safepoint "Cleanup", Time since last: 1125446401 ns, Reaching safepoint: 100295 ns, Cleanup: 157509 ns, At safepoint: 144361 ns, Total: 402165 ns
[2024-10-15T04:32:01.670+0000][125][info ][safepoint   ] Safepoint "Cleanup", Time since last: 1273056923 ns, Reaching safepoint: 31506 ns, Cleanup: 42466 ns, At safepoint: 36309 ns, Total: 110281 ns
[2024-10-15T04:32:02.689+0000][125][info ][safepoint   ] Safepoint "Cleanup", Time since last: 1019521696 ns, Reaching safepoint: 23626 ns, Cleanup: 12297 ns, At safepoint: 11969 ns, Total: 47892 ns
[2024-10-15T04:32:04.693+0000][125][info ][safepoint   ] Safepoint "Cleanup", Time since last: 2003565649 ns, Reaching safepoint: 31924 ns, Cleanup: 12886 ns, At safepoint: 12699 ns, Total: 57509 ns
[2024-10-15T04:32:07.696+0000][125][info ][safepoint   ] Safepoint "Cleanup", Time since last: 3002901072 ns, Reaching safepoint: 34686 ns, Cleanup: 16946 ns, At safepoint: 15894 ns, Total: 67526 ns
[2024-10-15T04:32:12.705+0000][125][info ][safepoint   ] Safepoint "Cleanup", Time since last: 5009521367 ns, Reaching safepoint: 27639 ns, Cleanup: 14253 ns, At safepoint: 48827 ns, Total: 90719 ns
[2024-10-15T04:32:14.354+0000][125][info ][safepoint   ] Safepoint "Cleanup", Time since last: 1648613570 ns, Reaching safepoint: 31002 ns, Cleanup: 21390 ns, At safepoint: 12985 ns, Total: 65377 ns
[2024-10-15T04:32:15.605+0000][125][info ][safepoint   ] Safepoint "Cleanup", Time since last: 1250986307 ns, Reaching safepoint: 40493 ns, Cleanup: 95573 ns, At safepoint: 34322 ns, Total: 170388 ns
[2024-10-15T04:32:16.795+0000][125][info ][safepoint   ] Safepoint "Cleanup", Time since last: 1184143545 ns, Reaching safepoint: 5717849 ns, Cleanup: 26299 ns, At safepoint: 86144 ns, Total: 5830292 ns
[2024-10-15T04:32:20.799+0000][125][info ][safepoint   ] Safepoint "Cleanup", Time since last: 4003019274 ns, Reaching safepoint: 20014 ns, Cleanup: 14659 ns, At safepoint: 10766 ns, Total: 45439 ns
[2024-10-15T04:32:31.822+0000][125][info ][safepoint   ] Safepoint "Cleanup", Time since last: 11022972900 ns, Reaching safepoint: 48117 ns, Cleanup: 11924 ns, At safepoint: 9443 ns, Total: 69484 ns
[2024-10-15T04:32:32.824+0000][125][info ][safepoint   ] Safepoint "Cleanup", Time since last: 1001101140 ns, Reaching safepoint: 61234 ns, Cleanup: 15750 ns, At safepoint: 14348 ns, Total: 91332 ns
[2024-10-15T04:32:37.828+0000][125][info ][safepoint   ] Safepoint "Cleanup", Time since last: 5004751128 ns, Reaching safepoint: 19525 ns, Cleanup: 17130 ns, At safepoint: 10202 ns, Total: 46857 ns
[2024-10-15T04:32:40.118+0000][125][info ][safepoint   ] Safepoint "Cleanup", Time since last: 2289294394 ns, Reaching safepoint: 23530 ns, Cleanup: 12450 ns, At safepoint: 66148 ns, Total: 102128 ns
[2024-10-15T04:32:41.153+0000][125][info ][safepoint   ] Safepoint "Cleanup", Time since last: 1034841596 ns, Reaching safepoint: 22083 ns, Cleanup: 11589 ns, At safepoint: 48446 ns, Total: 82118 ns
[2024-10-15T04:32:43.154+0000][125][info ][safepoint   ] Safepoint "Cleanup", Time since last: 2001610048 ns, Reaching safepoint: 22777 ns, Cleanup: 12813 ns, At safepoint: 10317 ns, Total: 45907 ns
[2024-10-15T04:32:44.214+0000][125][info ][safepoint   ] Safepoint "Cleanup", Time since last: 1059359419 ns, Reaching safepoint: 22175 ns, Cleanup: 17778 ns, At safepoint: 12755 ns, Total: 52708 ns
[2024-10-15T04:32:46.226+0000][125][info ][safepoint   ] Safepoint "Cleanup", Time since last: 2012615065 ns, Reaching safepoint: 19876 ns, Cleanup: 11443 ns, At safepoint: 10653 ns, Total: 41972 ns
[2024-10-15T04:32:47.227+0000][125][info ][safepoint   ] Safepoint "Cleanup", Time since last: 1000989555 ns, Reaching safepoint: 19274 ns, Cleanup: 11372 ns, At safepoint: 9231 ns, Total: 39877 ns
[2024-10-15T04:32:49.229+0000][125][info ][safepoint   ] Safepoint "Cleanup", Time since last: 2001732057 ns, Reaching safepoint: 25328 ns, Cleanup: 13242 ns, At safepoint: 11375 ns, Total: 49945 ns
[2024-10-15T04:33:02.273+0000][125][info ][safepoint   ] Safepoint "Cleanup", Time since last: 13044161752 ns, Reaching safepoint: 11730 ns, Cleanup: 12501 ns, At safepoint: 6039 ns, Total: 30270 ns
[2024-10-15T04:33:04.054+0000][125][info ][safepoint   ] Safepoint "Cleanup", Time since last: 1780667912 ns, Reaching safepoint: 18668 ns, Cleanup: 11074 ns, At safepoint: 9529 ns, Total: 39271 ns
[2024-10-15T04:33:18.074+0000][125][info ][safepoint   ] Safepoint "Cleanup", Time since last: 14018464128 ns, Reaching safepoint: 7515 ns, Cleanup: 8459 ns, At safepoint: 5390 ns, Total: 21364 ns
[2024-10-15T04:33:23.096+0000][125][info ][safepoint   ] Safepoint "Cleanup", Time since last: 5021498110 ns, Reaching safepoint: 24526 ns, Cleanup: 13347 ns, At safepoint: 11684 ns, Total: 49557 ns
[2024-10-15T04:33:32.109+0000][125][info ][safepoint   ] Safepoint "Cleanup", Time since last: 9013321523 ns, Reaching safepoint: 48214 ns, Cleanup: 12379 ns, At safepoint: 9314 ns, Total: 69907 ns
[2024-10-15T04:33:33.110+0000][125][info ][safepoint   ] Safepoint "Cleanup", Time since last: 1000765100 ns, Reaching safepoint: 26358 ns, Cleanup: 15010 ns, At safepoint: 14882 ns, Total: 56250 ns
[2024-10-15T04:33:39.116+0000][125][info ][safepoint   ] Safepoint "Cleanup", Time since last: 6005867939 ns, Reaching safepoint: 21756 ns, Cleanup: 12065 ns, At safepoint: 10247 ns, Total: 44068 ns
[2024-10-15T04:33:51.983+0000][125][info ][safepoint   ] Safepoint "Cleanup", Time since last: 12866134809 ns, Reaching safepoint: 20168 ns, Cleanup: 11447 ns, At safepoint: 9332 ns, Total: 40947 ns
[2024-10-15T04:34:02.402+0000][125][info ][safepoint   ] Safepoint "Cleanup", Time since last: 10418425238 ns, Reaching safepoint: 403796 ns, Cleanup: 11255 ns, At safepoint: 102448 ns, Total: 517499 ns
[2024-10-15T04:34:04.197+0000][125][info ][safepoint   ] Safepoint "Cleanup", Time since last: 1794811475 ns, Reaching safepoint: 18812 ns, Cleanup: 13288 ns, At safepoint: 8916 ns, Total: 41016 ns
[2024-10-15T04:34:06.201+0000][125][info ][safepoint   ] Safepoint "Cleanup", Time since last: 2002557976 ns, Reaching safepoint: 1546243 ns, Cleanup: 20490 ns, At safepoint: 170460 ns, Total: 1737193 ns
[2024-10-15T04:34:12.209+0000][125][info ][safepoint   ] Safepoint "Cleanup", Time since last: 6008075335 ns, Reaching safepoint: 67994 ns, Cleanup: 15828 ns, At safepoint: 82043 ns, Total: 165865 ns
[2024-10-15T04:34:13.210+0000][125][info ][safepoint   ] Safepoint "Cleanup", Time since last: 1000635536 ns, Reaching safepoint: 20627 ns, Cleanup: 13345 ns, At safepoint: 11412 ns, Total: 45384 ns
[2024-10-15T04:34:20.424+0000][125][info ][safepoint   ] Safepoint "Cleanup", Time since last: 7213517454 ns, Reaching safepoint: 14732 ns, Cleanup: 12003 ns, At safepoint: 182538 ns, Total: 209273 ns
[2024-10-15T04:34:22.238+0000][125][info ][safepoint   ] Safepoint "Cleanup", Time since last: 1813565844 ns, Reaching safepoint: 420768 ns, Cleanup: 19750 ns, At safepoint: 68536 ns, Total: 509054 ns
[2024-10-15T04:34:32.270+0000][125][info ][safepoint   ] Safepoint "Cleanup", Time since last: 10032109840 ns, Reaching safepoint: 62062 ns, Cleanup: 15215 ns, At safepoint: 15715 ns, Total: 92992 ns
[2024-10-15T04:34:42.305+0000][125][info ][safepoint   ] Safepoint "Cleanup", Time since last: 10034143734 ns, Reaching safepoint: 32278 ns, Cleanup: 18172 ns, At safepoint: 15953 ns, Total: 66403 ns
[2024-10-15T04:34:47.340+0000][125][info ][safepoint   ] Safepoint "Cleanup", Time since last: 5019059439 ns, Reaching safepoint: 13837176 ns, Cleanup: 17858 ns, At safepoint: 2602470 ns, Total: 16457504 ns
[2024-10-15T04:35:05.373+0000][125][info ][safepoint   ] Safepoint "Cleanup", Time since last: 18031676066 ns, Reaching safepoint: 35845 ns, Cleanup: 11428 ns, At safepoint: 46057 ns, Total: 93330 ns
[2024-10-15T04:35:07.525+0000][125][info ][safepoint   ] Safepoint "Cleanup", Time since last: 2150420594 ns, Reaching safepoint: 1010889 ns, Cleanup: 23982 ns, At safepoint: 124773 ns, Total: 1159644 ns
[2024-10-15T04:35:17.538+0000][125][info ][safepoint   ] Safepoint "Cleanup", Time since last: 10011920887 ns, Reaching safepoint: 76489 ns, Cleanup: 38389 ns, At safepoint: 36510 ns, Total: 151388 ns
[2024-10-15T04:35:23.545+0000][125][info ][safepoint   ] Safepoint "Cleanup", Time since last: 6007129317 ns, Reaching safepoint: 19171 ns, Cleanup: 15463 ns, At safepoint: 54354 ns, Total: 88988 ns
[2024-10-15T04:35:24.565+0000][125][info ][safepoint   ] Safepoint "Cleanup", Time since last: 1019579405 ns, Reaching safepoint: 20456 ns, Cleanup: 11382 ns, At safepoint: 9402 ns, Total: 41240 ns
[2024-10-15T04:35:25.606+0000][125][info ][safepoint   ] Safepoint "Cleanup", Time since last: 1040865660 ns, Reaching safepoint: 19694 ns, Cleanup: 12163 ns, At safepoint: 10590 ns, Total: 42447 ns
[2024-10-15T04:35:26.606+0000][125][info ][safepoint   ] Safepoint "Cleanup", Time since last: 1000862307 ns, Reaching safepoint: 19493 ns, Cleanup: 12270 ns, At safepoint: 9873 ns, Total: 41636 ns
[2024-10-15T04:35:58.335+0000][125][info ][safepoint   ] Safepoint "Cleanup", Time since last: 31727203833 ns, Reaching safepoint: 36796 ns, Cleanup: 17009 ns, At safepoint: 17335 ns, Total: 71140 ns
[2024-10-15T04:36:08.691+0000][125][info ][safepoint   ] Safepoint "Cleanup", Time since last: 10355669537 ns, Reaching safepoint: 17760 ns, Cleanup: 13540 ns, At safepoint: 11246 ns, Total: 42546 ns
[2024-10-15T04:36:09.720+0000][125][info ][safepoint   ] Safepoint "Cleanup", Time since last: 1029105679 ns, Reaching safepoint: 21519 ns, Cleanup: 12012 ns, At safepoint: 11517 ns, Total: 45048 ns
[2024-10-15T04:36:11.722+0000][125][info ][safepoint   ] Safepoint "Cleanup", Time since last: 2002030545 ns, Reaching safepoint: 19539 ns, Cleanup: 14938 ns, At safepoint: 9607 ns, Total: 44084 ns
[2024-10-15T04:36:12.723+0000][125][info ][safepoint   ] Safepoint "Cleanup", Time since last: 1000712432 ns, Reaching safepoint: 19404 ns, Cleanup: 11337 ns, At safepoint: 9794 ns, Total: 40535 ns
[2024-10-15T04:36:15.726+0000][125][info ][safepoint   ] Safepoint "Cleanup", Time since last: 3002889677 ns, Reaching safepoint: 47816 ns, Cleanup: 11747 ns, At safepoint: 8789 ns, Total: 68352 ns
[2024-10-15T04:36:16.727+0000][125][info ][safepoint   ] Safepoint "Cleanup", Time since last: 1001209236 ns, Reaching safepoint: 26923 ns, Cleanup: 14944 ns, At safepoint: 13927 ns, Total: 55794 ns
[2024-10-15T04:36:17.729+0000][125][info ][safepoint   ] Safepoint "Cleanup", Time since last: 1000692153 ns, Reaching safepoint: 30874 ns, Cleanup: 22173 ns, At safepoint: 14495 ns, Total: 67542 ns
[2024-10-15T04:36:26.403+0000][125][info ][safepoint   ] Safepoint "Cleanup", Time since last: 8673904076 ns, Reaching safepoint: 10012 ns, Cleanup: 8227 ns, At safepoint: 91320 ns, Total: 109559 ns
[2024-10-15T04:36:27.757+0000][125][info ][safepoint   ] Safepoint "Cleanup", Time since last: 1354496294 ns, Reaching safepoint: 23413 ns, Cleanup: 21053 ns, At safepoint: 11405 ns, Total: 55871 ns
[2024-10-15T04:36:31.761+0000][125][info ][safepoint   ] Safepoint "Cleanup", Time since last: 4003824647 ns, Reaching safepoint: 32400 ns, Cleanup: 20785 ns, At safepoint: 14764 ns, Total: 67949 ns
[2024-10-15T04:36:38.408+0000][125][info ][safepoint   ] Safepoint "Cleanup", Time since last: 6647067659 ns, Reaching safepoint: 20186 ns, Cleanup: 16526 ns, At safepoint: 12496 ns, Total: 49208 ns
[2024-10-15T04:36:39.795+0000][125][info ][safepoint   ] Safepoint "Cleanup", Time since last: 1386613774 ns, Reaching safepoint: 26505 ns, Cleanup: 13637 ns, At safepoint: 11212 ns, Total: 51354 ns
[2024-10-15T04:36:42.836+0000][125][info ][safepoint   ] Safepoint "Cleanup", Time since last: 3040815450 ns, Reaching safepoint: 19629 ns, Cleanup: 12963 ns, At safepoint: 10001 ns, Total: 42593 ns
[2024-10-15T04:36:44.838+0000][125][info ][safepoint   ] Safepoint "Cleanup", Time since last: 2002119348 ns, Reaching safepoint: 18898 ns, Cleanup: 10784 ns, At safepoint: 10500 ns, Total: 40182 ns
[2024-10-15T04:37:08.421+0000][125][info ][safepoint   ] Safepoint "Cleanup", Time since last: 23582253421 ns, Reaching safepoint: 22004 ns, Cleanup: 16577 ns, At safepoint: 18490 ns, Total: 57071 ns
[2024-10-15T04:37:11.413+0000][125][info ][safepoint   ] Safepoint "Cleanup", Time since last: 2990413761 ns, Reaching safepoint: 948861 ns, Cleanup: 19281 ns, At safepoint: 314712 ns, Total: 1282854 ns
[2024-10-15T04:37:12.908+0000][125][info ][safepoint   ] Safepoint "Cleanup", Time since last: 1495066407 ns, Reaching safepoint: 11580 ns, Cleanup: 54374 ns, At safepoint: 8914 ns, Total: 74868 ns
[2024-10-15T04:37:14.920+0000][125][info ][safepoint   ] Safepoint "Cleanup", Time since last: 2011780268 ns, Reaching safepoint: 31258 ns, Cleanup: 14978 ns, At safepoint: 12145 ns, Total: 58381 ns
[2024-10-15T04:37:29.414+0000][125][info ][safepoint   ] Safepoint "Cleanup", Time since last: 14493540093 ns, Reaching safepoint: 10573 ns, Cleanup: 13807 ns, At safepoint: 8015 ns, Total: 32395 ns
[2024-10-15T04:37:30.953+0000][125][info ][safepoint   ] Safepoint "Cleanup", Time since last: 1538480154 ns, Reaching safepoint: 63215 ns, Cleanup: 17925 ns, At safepoint: 18750 ns, Total: 99890 ns
[2024-10-15T04:37:31.953+0000][125][info ][safepoint   ] Safepoint "Cleanup", Time since last: 1000492826 ns, Reaching safepoint: 20377 ns, Cleanup: 14600 ns, At safepoint: 9411 ns, Total: 44388 ns
[2024-10-15T04:37:36.958+0000][125][info ][safepoint   ] Safepoint "Cleanup", Time since last: 5005062969 ns, Reaching safepoint: 24793 ns, Cleanup: 12589 ns, At safepoint: 11772 ns, Total: 49154 ns
[2024-10-15T04:37:59.544+0000][125][info ][safepoint   ] Safepoint "Cleanup", Time since last: 22585068524 ns, Reaching safepoint: 21973 ns, Cleanup: 11168 ns, At safepoint: 10542 ns, Total: 43683 ns
[2024-10-15T04:38:01.546+0000][125][info ][safepoint   ] Safepoint "Cleanup", Time since last: 2001762953 ns, Reaching safepoint: 22151 ns, Cleanup: 12002 ns, At safepoint: 10548 ns, Total: 44701 ns
[2024-10-15T04:38:06.551+0000][125][info ][safepoint   ] Safepoint "Cleanup", Time since last: 5005295929 ns, Reaching safepoint: 51815 ns, Cleanup: 12425 ns, At safepoint: 9746 ns, Total: 73986 ns
[2024-10-15T04:38:07.553+0000][125][info ][safepoint   ] Safepoint "Cleanup", Time since last: 1000745346 ns, Reaching safepoint: 969438 ns, Cleanup: 47517 ns, At safepoint: 74918 ns, Total: 1091873 ns
[2024-10-15T04:38:10.555+0000][125][info ][safepoint   ] Safepoint "Cleanup", Time since last: 3002010454 ns, Reaching safepoint: 34302 ns, Cleanup: 24033 ns, At safepoint: 18028 ns, Total: 76363 ns
[2024-10-15T04:38:14.437+0000][125][info ][safepoint   ] Safepoint "Cleanup", Time since last: 3881253332 ns, Reaching safepoint: 10839 ns, Cleanup: 12246 ns, At safepoint: 38600 ns, Total: 61685 ns
[2024-10-15T04:38:16.059+0000][125][info ][safepoint   ] Safepoint "Cleanup", Time since last: 1622601610 ns, Reaching safepoint: 19656 ns, Cleanup: 11550 ns, At safepoint: 9829 ns, Total: 41035 ns
[2024-10-15T04:38:32.075+0000][125][info ][safepoint   ] Safepoint "Cleanup", Time since last: 16014996649 ns, Reaching safepoint: 20413 ns, Cleanup: 13107 ns, At safepoint: 11059 ns, Total: 44579 ns
[2024-10-15T04:38:33.082+0000][125][info ][safepoint   ] Safepoint "Cleanup", Time since last: 1006884340 ns, Reaching safepoint: 28484 ns, Cleanup: 17919 ns, At safepoint: 6759 ns, Total: 53162 ns
[2024-10-15T04:38:36.101+0000][125][info ][safepoint   ] Safepoint "Cleanup", Time since last: 3018771181 ns, Reaching safepoint: 23281 ns, Cleanup: 12618 ns, At safepoint: 11082 ns, Total: 46981 ns
[2024-10-15T04:38:42.117+0000][125][info ][safepoint   ] Safepoint "Cleanup", Time since last: 6016205291 ns, Reaching safepoint: 35133 ns, Cleanup: 16878 ns, At safepoint: 16076 ns, Total: 68087 ns
[2024-10-15T04:38:49.216+0000][125][info ][safepoint   ] Safepoint "Cleanup", Time since last: 7097761631 ns, Reaching safepoint: 43813 ns, Cleanup: 11349 ns, At safepoint: 9221 ns, Total: 64383 ns
[2024-10-15T04:38:51.218+0000][125][info ][safepoint   ] Safepoint "Cleanup", Time since last: 2002064220 ns, Reaching safepoint: 22050 ns, Cleanup: 10431 ns, At safepoint: 9797 ns, Total: 42278 ns
[2024-10-15T04:38:59.741+0000][125][info ][safepoint   ] Safepoint "Cleanup", Time since last: 8523044197 ns, Reaching safepoint: 20938 ns, Cleanup: 11326 ns, At safepoint: 10055 ns, Total: 42319 ns
[2024-10-15T04:39:02.744+0000][125][info ][safepoint   ] Safepoint "Cleanup", Time since last: 3002767477 ns, Reaching safepoint: 21812 ns, Cleanup: 16087 ns, At safepoint: 11609 ns, Total: 49508 ns
[2024-10-15T04:39:07.749+0000][125][info ][safepoint   ] Safepoint "Cleanup", Time since last: 5005019977 ns, Reaching safepoint: 103225 ns, Cleanup: 22274 ns, At safepoint: 13624 ns, Total: 139123 ns
[2024-10-15T04:39:17.429+0000][125][info ][safepoint   ] Safepoint "Cleanup", Time since last: 9679699907 ns, Reaching safepoint: 17363 ns, Cleanup: 13831 ns, At safepoint: 10091 ns, Total: 41285 ns
[2024-10-15T04:39:19.291+0000][125][info ][safepoint   ] Safepoint "Cleanup", Time since last: 1860048544 ns, Reaching safepoint: 1003978 ns, Cleanup: 21794 ns, At safepoint: 134221 ns, Total: 1159993 ns
[2024-10-15T04:39:35.584+0000][125][info ][safepoint   ] Safepoint "Cleanup", Time since last: 16292040370 ns, Reaching safepoint: 1114022 ns, Cleanup: 16197 ns, At safepoint: 223465 ns, Total: 1353684 ns
[2024-10-15T04:39:37.376+0000][125][info ][safepoint   ] Safepoint "Cleanup", Time since last: 1791321249 ns, Reaching safepoint: 20727 ns, Cleanup: 15807 ns, At safepoint: 10323 ns, Total: 46857 ns
[2024-10-15T04:39:42.381+0000][125][info ][safepoint   ] Safepoint "Cleanup", Time since last: 5004967058 ns, Reaching safepoint: 19827 ns, Cleanup: 11064 ns, At safepoint: 9871 ns, Total: 40762 ns
[2024-10-15T04:39:45.384+0000][125][info ][safepoint   ] Safepoint "Cleanup", Time since last: 3003276105 ns, Reaching safepoint: 79158 ns, Cleanup: 14262 ns, At safepoint: 19935 ns, Total: 113355 ns
[2024-10-15T04:39:53.839+0000][125][info ][safepoint   ] Safepoint "Cleanup", Time since last: 8453743916 ns, Reaching safepoint: 19556 ns, Cleanup: 11828 ns, At safepoint: 10050 ns, Total: 41434 ns
[2024-10-15T04:40:06.852+0000][125][info ][safepoint   ] Safepoint "Cleanup", Time since last: 13012918886 ns, Reaching safepoint: 59515 ns, Cleanup: 14367 ns, At safepoint: 13166 ns, Total: 87048 ns
[2024-10-15T04:40:10.856+0000][125][info ][safepoint   ] Safepoint "Cleanup", Time since last: 4003960491 ns, Reaching safepoint: 25720 ns, Cleanup: 14840 ns, At safepoint: 15787 ns, Total: 56347 ns
[2024-10-15T04:40:17.529+0000][125][info ][safepoint   ] Safepoint "Cleanup", Time since last: 6673114210 ns, Reaching safepoint: 17134 ns, Cleanup: 18037 ns, At safepoint: 13149 ns, Total: 48320 ns
[2024-10-15T04:40:19.466+0000][125][info ][safepoint   ] Safepoint "Cleanup", Time since last: 1935827897 ns, Reaching safepoint: 19777 ns, Cleanup: 10222 ns, At safepoint: 12342 ns, Total: 42341 ns
[2024-10-15T04:40:27.474+0000][125][info ][safepoint   ] Safepoint "Cleanup", Time since last: 8008008573 ns, Reaching safepoint: 60907 ns, Cleanup: 16547 ns, At safepoint: 111414 ns, Total: 188868 ns
[2024-10-15T04:40:36.482+0000][125][info ][safepoint   ] Safepoint "Cleanup", Time since last: 9007741964 ns, Reaching safepoint: 131422 ns, Cleanup: 13163 ns, At safepoint: 12924 ns, Total: 157509 ns
[2024-10-15T04:40:37.483+0000][125][info ][safepoint   ] Safepoint "Cleanup", Time since last: 1000913914 ns, Reaching safepoint: 21243 ns, Cleanup: 12232 ns, At safepoint: 10662 ns, Total: 44137 ns
[2024-10-15T04:40:43.508+0000][125][info ][safepoint   ] Safepoint "Cleanup", Time since last: 6024825412 ns, Reaching safepoint: 21228 ns, Cleanup: 16403 ns, At safepoint: 8774 ns, Total: 46405 ns
[2024-10-15T04:40:46.511+0000][125][info ][safepoint   ] Safepoint "Cleanup", Time since last: 3002983003 ns, Reaching safepoint: 28158 ns, Cleanup: 16922 ns, At safepoint: 12643 ns, Total: 57723 ns
[2024-10-15T04:40:52.956+0000][125][info ][safepoint   ] Safepoint "Cleanup", Time since last: 6447065733 ns, Reaching safepoint: 20942 ns, Cleanup: 13102 ns, At safepoint: 11663 ns, Total: 45707 ns
[2024-10-15T04:41:05.969+0000][125][info ][safepoint   ] Safepoint "Cleanup", Time since last: 13012551594 ns, Reaching safepoint: 43956 ns, Cleanup: 11530 ns, At safepoint: 11596 ns, Total: 67082 ns
[2024-10-15T04:41:09.973+0000][125][info ][safepoint   ] Safepoint "Cleanup", Time since last: 4004119279 ns, Reaching safepoint: 26745 ns, Cleanup: 14602 ns, At safepoint: 14263 ns, Total: 55610 ns
[2024-10-15T04:41:12.976+0000][125][info ][safepoint   ] Safepoint "Cleanup", Time since last: 3002751067 ns, Reaching safepoint: 18710 ns, Cleanup: 12754 ns, At safepoint: 9398 ns, Total: 40862 ns
[2024-10-15T04:41:22.627+0000][125][info ][safepoint   ] Safepoint "Cleanup", Time since last: 9646132002 ns, Reaching safepoint: 1134288 ns, Cleanup: 17941 ns, At safepoint: 104555 ns, Total: 1256784 ns
[2024-10-15T04:41:26.638+0000][125][info ][safepoint   ] Safepoint "Cleanup", Time since last: 4011749144 ns, Reaching safepoint: 27213 ns, Cleanup: 55694 ns, At safepoint: 10998 ns, Total: 93905 ns
[2024-10-15T04:41:27.639+0000][125][info ][safepoint   ] Safepoint "Cleanup", Time since last: 1000787393 ns, Reaching safepoint: 31338 ns, Cleanup: 18820 ns, At safepoint: 16839 ns, Total: 66997 ns
[2024-10-15T04:41:31.546+0000][125][info ][safepoint   ] Safepoint "Cleanup", Time since last: 3906994536 ns, Reaching safepoint: 12452 ns, Cleanup: 11116 ns, At safepoint: 8279 ns, Total: 31847 ns
[2024-10-15T04:41:32.547+0000][125][info ][safepoint   ] Safepoint "Cleanup", Time since last: 1000263456 ns, Reaching safepoint: 6956 ns, Cleanup: 10174 ns, At safepoint: 4464 ns, Total: 21594 ns
[2024-10-15T04:41:33.667+0000][125][info ][safepoint   ] Safepoint "Cleanup", Time since last: 1119863717 ns, Reaching safepoint: 22059 ns, Cleanup: 14381 ns, At safepoint: 10292 ns, Total: 46732 ns
[2024-10-15T04:41:35.557+0000][125][info ][safepoint   ] Safepoint "Cleanup", Time since last: 1889934546 ns, Reaching safepoint: 19582 ns, Cleanup: 11384 ns, At safepoint: 92266 ns, Total: 123232 ns
[2024-10-15T04:41:36.702+0000][125][info ][safepoint   ] Safepoint "Cleanup", Time since last: 1145609598 ns, Reaching safepoint: 54225 ns, Cleanup: 33346 ns, At safepoint: 16891 ns, Total: 104462 ns
[2024-10-15T04:41:39.738+0000][125][info ][safepoint   ] Safepoint "Cleanup", Time since last: 3035988001 ns, Reaching safepoint: 19971 ns, Cleanup: 12817 ns, At safepoint: 9550 ns, Total: 42338 ns
[2024-10-15T04:41:45.787+0000][125][info ][safepoint   ] Safepoint "Cleanup", Time since last: 6048115705 ns, Reaching safepoint: 37844 ns, Cleanup: 43590 ns, At safepoint: 48084 ns, Total: 129518 ns
[2024-10-15T04:42:01.106+0000][125][info ][safepoint   ] Safepoint "Cleanup", Time since last: 15319119617 ns, Reaching safepoint: 28038 ns, Cleanup: 23452 ns, At safepoint: 11728 ns, Total: 63218 ns
[2024-10-15T04:42:02.339+0000][125][info ][safepoint   ] Safepoint "Cleanup", Time since last: 1232557106 ns, Reaching safepoint: 19817 ns, Cleanup: 11176 ns, At safepoint: 10714 ns, Total: 41707 ns
[2024-10-15T04:42:03.340+0000][125][info ][safepoint   ] Safepoint "Cleanup", Time since last: 1001235240 ns, Reaching safepoint: 26654 ns, Cleanup: 17126 ns, At safepoint: 15344 ns, Total: 59124 ns
[2024-10-15T04:42:04.392+0000][125][info ][safepoint   ] Safepoint "Cleanup", Time since last: 1051813604 ns, Reaching safepoint: 30936 ns, Cleanup: 13286 ns, At safepoint: 13191 ns, Total: 57413 ns
[2024-10-15T04:42:23.676+0000][125][info ][safepoint   ] Safepoint "Cleanup", Time since last: 19283525301 ns, Reaching safepoint: 20915 ns, Cleanup: 125392 ns, At safepoint: 26208 ns, Total: 172515 ns
[2024-10-15T04:42:24.906+0000][125][info ][safepoint   ] Safepoint "Cleanup", Time since last: 1229831680 ns, Reaching safepoint: 12374 ns, Cleanup: 18934 ns, At safepoint: 7111 ns, Total: 38419 ns
[2024-10-15T04:42:32.023+0000][125][info ][safepoint   ] Safepoint "Cleanup", Time since last: 7116463280 ns, Reaching safepoint: 20864 ns, Cleanup: 13416 ns, At safepoint: 10867 ns, Total: 45147 ns
[2024-10-15T04:42:33.030+0000][125][info ][safepoint   ] Safepoint "Cleanup", Time since last: 1007057501 ns, Reaching safepoint: 29320 ns, Cleanup: 13575 ns, At safepoint: 13130 ns, Total: 56025 ns
[2024-10-15T04:42:36.033+0000][125][info ][safepoint   ] Safepoint "Cleanup", Time since last: 3002974209 ns, Reaching safepoint: 26725 ns, Cleanup: 15257 ns, At safepoint: 15768 ns, Total: 57750 ns
[2024-10-15T04:42:45.079+0000][125][info ][safepoint   ] Safepoint "Cleanup", Time since last: 9045758245 ns, Reaching safepoint: 16070 ns, Cleanup: 12403 ns, At safepoint: 9878 ns, Total: 38351 ns
[2024-10-15T04:42:55.312+0000][125][info ][safepoint   ] Safepoint "Cleanup", Time since last: 10231905991 ns, Reaching safepoint: 21510 ns, Cleanup: 17415 ns, At safepoint: 10088 ns, Total: 49013 ns
[2024-10-15T04:42:57.314+0000][125][info ][safepoint   ] Safepoint "Cleanup", Time since last: 2002125699 ns, Reaching safepoint: 27740 ns, Cleanup: 16985 ns, At safepoint: 17647 ns, Total: 62372 ns
[2024-10-15T04:43:11.165+0000][125][info ][safepoint   ] Safepoint "Cleanup", Time since last: 13850936315 ns, Reaching safepoint: 14760 ns, Cleanup: 17600 ns, At safepoint: 9735 ns, Total: 42095 ns
[2024-10-15T04:43:12.639+0000][125][info ][safepoint   ] Safepoint "Cleanup", Time since last: 1474597581 ns, Reaching safepoint: 21020 ns, Cleanup: 11918 ns, At safepoint: 10058 ns, Total: 42996 ns
[2024-10-15T04:43:13.657+0000][125][info ][safepoint   ] Safepoint "Cleanup", Time since last: 1017316591 ns, Reaching safepoint: 7131 ns, Cleanup: 6503 ns, At safepoint: 4731 ns, Total: 18365 ns
[2024-10-15T04:43:14.674+0000][125][info ][safepoint   ] Safepoint "Cleanup", Time since last: 1017689246 ns, Reaching safepoint: 31357 ns, Cleanup: 13061 ns, At safepoint: 13034 ns, Total: 57452 ns
[2024-10-15T04:43:22.683+0000][125][info ][safepoint   ] Safepoint "Cleanup", Time since last: 8007242476 ns, Reaching safepoint: 21493 ns, Cleanup: 12184 ns, At safepoint: 11582 ns, Total: 45259 ns
[2024-10-15T04:43:26.554+0000][125][info ][safepoint   ] Safepoint "Cleanup", Time since last: 3870822412 ns, Reaching safepoint: 10058 ns, Cleanup: 7606 ns, At safepoint: 6232 ns, Total: 23896 ns
[2024-10-15T04:43:28.226+0000][125][info ][safepoint   ] Safepoint "Cleanup", Time since last: 1672049474 ns, Reaching safepoint: 19960 ns, Cleanup: 12313 ns, At safepoint: 47842 ns, Total: 80115 ns
[2024-10-15T04:43:32.238+0000][125][info ][safepoint   ] Safepoint "Cleanup", Time since last: 4011605258 ns, Reaching safepoint: 28731 ns, Cleanup: 23413 ns, At safepoint: 13120 ns, Total: 65264 ns
[2024-10-15T04:43:36.757+0000][125][info ][safepoint   ] Safepoint "Cleanup", Time since last: 4518731161 ns, Reaching safepoint: 42355 ns, Cleanup: 23734 ns, At safepoint: 20058 ns, Total: 86147 ns
[2024-10-15T04:43:47.579+0000][125][info ][safepoint   ] Safepoint "Cleanup", Time since last: 10822385501 ns, Reaching safepoint: 9280 ns, Cleanup: 9369 ns, At safepoint: 8269 ns, Total: 26918 ns
[2024-10-15T04:43:49.384+0000][125][info ][safepoint   ] Safepoint "Cleanup", Time since last: 1804091144 ns, Reaching safepoint: 60705 ns, Cleanup: 30712 ns, At safepoint: 25466 ns, Total: 116883 ns
[2024-10-15T04:43:51.386+0000][125][info ][safepoint   ] Safepoint "Cleanup", Time since last: 2001669396 ns, Reaching safepoint: 29985 ns, Cleanup: 20804 ns, At safepoint: 14281 ns, Total: 65070 ns
[2024-10-15T04:43:53.391+0000][125][info ][safepoint   ] Safepoint "Cleanup", Time since last: 2004991316 ns, Reaching safepoint: 21415 ns, Cleanup: 17190 ns, At safepoint: 9878 ns, Total: 48483 ns
[2024-10-15T04:43:55.393+0000][125][info ][safepoint   ] Safepoint "Cleanup", Time since last: 2002064371 ns, Reaching safepoint: 45336 ns, Cleanup: 12928 ns, At safepoint: 9591 ns, Total: 67855 ns
[2024-10-15T04:43:57.395+0000][125][info ][safepoint   ] Safepoint "Cleanup", Time since last: 2001549156 ns, Reaching safepoint: 21374 ns, Cleanup: 14117 ns, At safepoint: 10852 ns, Total: 46343 ns
[2024-10-15T04:43:59.397+0000][125][info ][safepoint   ] Safepoint "Cleanup", Time since last: 2002081425 ns, Reaching safepoint: 23551 ns, Cleanup: 14536 ns, At safepoint: 11529 ns, Total: 49616 ns
[2024-10-15T04:44:00.398+0000][125][info ][safepoint   ] Safepoint "Cleanup", Time since last: 1000985603 ns, Reaching safepoint: 79360 ns, Cleanup: 24601 ns, At safepoint: 20310 ns, Total: 124271 ns
[2024-10-15T04:44:02.400+0000][125][info ][safepoint   ] Safepoint "Cleanup", Time since last: 2002074428 ns, Reaching safepoint: 20954 ns, Cleanup: 11835 ns, At safepoint: 10157 ns, Total: 42946 ns
[2024-10-15T04:44:30.521+0000][125][info ][safepoint   ] Safepoint "Cleanup", Time since last: 28120091662 ns, Reaching safepoint: 13277 ns, Cleanup: 12483 ns, At safepoint: 10006 ns, Total: 35766 ns
[2024-10-15T04:44:32.545+0000][125][info ][safepoint   ] Safepoint "Cleanup", Time since last: 2022545779 ns, Reaching safepoint: 1202400 ns, Cleanup: 15285 ns, At safepoint: 100541 ns, Total: 1318226 ns
[2024-10-15T04:44:34.547+0000][125][info ][safepoint   ] Safepoint "Cleanup", Time since last: 2001840399 ns, Reaching safepoint: 19085 ns, Cleanup: 10720 ns, At safepoint: 12121 ns, Total: 41926 ns
[2024-10-15T04:44:37.550+0000][125][info ][safepoint   ] Safepoint "Cleanup", Time since last: 3002848505 ns, Reaching safepoint: 25600 ns, Cleanup: 16594 ns, At safepoint: 17098 ns, Total: 59292 ns
[2024-10-15T04:44:52.402+0000][125][info ][safepoint   ] Safepoint "Cleanup", Time since last: 14851439861 ns, Reaching safepoint: 13146 ns, Cleanup: 14630 ns, At safepoint: 10358 ns, Total: 38134 ns
[2024-10-15T04:44:53.403+0000][125][info ][safepoint   ] Safepoint "Cleanup", Time since last: 1001697094 ns, Reaching safepoint: 27545 ns, Cleanup: 13937 ns, At safepoint: 12259 ns, Total: 53741 ns
[2024-10-15T04:44:54.404+0000][125][info ][safepoint   ] Safepoint "Cleanup", Time since last: 1000904705 ns, Reaching safepoint: 20345 ns, Cleanup: 10833 ns, At safepoint: 10121 ns, Total: 41299 ns
[2024-10-15T04:44:56.408+0000][125][info ][safepoint   ] Safepoint "Cleanup", Time since last: 2003344701 ns, Reaching safepoint: 80558 ns, Cleanup: 22215 ns, At safepoint: 23055 ns, Total: 125828 ns
[2024-10-15T04:45:02.414+0000][125][info ][safepoint   ] Safepoint "Cleanup", Time since last: 6006397163 ns, Reaching safepoint: 19585 ns, Cleanup: 11043 ns, At safepoint: 10277 ns, Total: 40905 ns
[2024-10-15T04:45:32.622+0000][125][info ][safepoint   ] Safepoint "Cleanup", Time since last: 30206503669 ns, Reaching safepoint: 9551 ns, Cleanup: 8719 ns, At safepoint: 6016 ns, Total: 24286 ns
[2024-10-15T04:45:33.660+0000][125][info ][safepoint   ] Safepoint "Cleanup", Time since last: 1038179268 ns, Reaching safepoint: 18563 ns, Cleanup: 17006 ns, At safepoint: 8784 ns, Total: 44353 ns
[2024-10-15T04:45:34.701+0000][125][info ][safepoint   ] Safepoint "Cleanup", Time since last: 1040309733 ns, Reaching safepoint: 29952 ns, Cleanup: 16396 ns, At safepoint: 55870 ns, Total: 102218 ns
[2024-10-15T04:45:53.613+0000][125][info ][safepoint   ] Safepoint "Cleanup", Time since last: 18910841510 ns, Reaching safepoint: 11388 ns, Cleanup: 13253 ns, At safepoint: 5940 ns, Total: 30581 ns
[2024-10-15T04:45:54.740+0000][125][info ][safepoint   ] Safepoint "Cleanup", Time since last: 1127054809 ns, Reaching safepoint: 25810 ns, Cleanup: 20757 ns, At safepoint: 15120 ns, Total: 61687 ns
[2024-10-15T04:45:56.763+0000][125][info ][safepoint   ] Safepoint "Cleanup", Time since last: 2022992912 ns, Reaching safepoint: 27217 ns, Cleanup: 16863 ns, At safepoint: 15277 ns, Total: 59357 ns
[2024-10-15T04:45:57.763+0000][125][info ][safepoint   ] Safepoint "Cleanup", Time since last: 1000522630 ns, Reaching safepoint: 55559 ns, Cleanup: 13475 ns, At safepoint: 52707 ns, Total: 121741 ns
[2024-10-15T04:45:59.766+0000][125][info ][safepoint   ] Safepoint "Cleanup", Time since last: 2002158095 ns, Reaching safepoint: 20067 ns, Cleanup: 11315 ns, At safepoint: 9568 ns, Total: 40950 ns
[2024-10-15T04:46:10.777+0000][125][info ][safepoint   ] Safepoint "Cleanup", Time since last: 11011038703 ns, Reaching safepoint: 20500 ns, Cleanup: 13226 ns, At safepoint: 9550 ns, Total: 43276 ns
[2024-10-15T04:46:21.787+0000][125][info ][safepoint   ] Safepoint "Cleanup", Time since last: 11009819325 ns, Reaching safepoint: 26748 ns, Cleanup: 15082 ns, At safepoint: 14713 ns, Total: 56543 ns
[2024-10-15T04:46:35.813+0000][125][info ][safepoint   ] Safepoint "Cleanup", Time since last: 14025186317 ns, Reaching safepoint: 6886 ns, Cleanup: 6703 ns, At safepoint: 5646 ns, Total: 19235 ns
[2024-10-15T04:46:38.689+0000][125][info ][safepoint   ] Safepoint "Cleanup", Time since last: 2876323002 ns, Reaching safepoint: 15079 ns, Cleanup: 16021 ns, At safepoint: 9205 ns, Total: 40305 ns
[2024-10-15T04:46:39.874+0000][125][info ][safepoint   ] Safepoint "Cleanup", Time since last: 1184899368 ns, Reaching safepoint: 16391 ns, Cleanup: 10637 ns, At safepoint: 55932 ns, Total: 82960 ns
[2024-10-15T04:46:41.887+0000][125][info ][safepoint   ] Safepoint "Cleanup", Time since last: 2012513989 ns, Reaching safepoint: 20116 ns, Cleanup: 12320 ns, At safepoint: 9009 ns, Total: 41445 ns
[2024-10-15T04:46:56.693+0000][125][info ][safepoint   ] Safepoint "Cleanup", Time since last: 14805525481 ns, Reaching safepoint: 9250 ns, Cleanup: 7213 ns, At safepoint: 6482 ns, Total: 22945 ns
[2024-10-15T04:46:57.942+0000][125][info ][safepoint   ] Safepoint "Cleanup", Time since last: 1249119141 ns, Reaching safepoint: 19789 ns, Cleanup: 10993 ns, At safepoint: 10412 ns, Total: 41194 ns
[2024-10-15T04:46:58.943+0000][125][info ][safepoint   ] Safepoint "Cleanup", Time since last: 1001119460 ns, Reaching safepoint: 42000 ns, Cleanup: 18433 ns, At safepoint: 12892 ns, Total: 73325 ns
[2024-10-15T04:47:02.947+0000][125][info ][safepoint   ] Safepoint "Cleanup", Time since last: 4003881105 ns, Reaching safepoint: 52505 ns, Cleanup: 14915 ns, At safepoint: 12806 ns, Total: 80226 ns
[2024-10-15T04:47:04.949+0000][125][info ][safepoint   ] Safepoint "Cleanup", Time since last: 2001941126 ns, Reaching safepoint: 19880 ns, Cleanup: 10625 ns, At safepoint: 9751 ns, Total: 40256 ns
[2024-10-15T04:47:31.976+0000][125][info ][safepoint   ] Safepoint "Cleanup", Time since last: 27027842095 ns, Reaching safepoint: 18434 ns, Cleanup: 12664 ns, At safepoint: 9890 ns, Total: 40988 ns
[2024-10-15T04:47:32.977+0000][125][info ][safepoint   ] Safepoint "Cleanup", Time since last: 1000899978 ns, Reaching safepoint: 18298 ns, Cleanup: 11600 ns, At safepoint: 9680 ns, Total: 39578 ns
[2024-10-15T04:47:37.983+0000][125][info ][safepoint   ] Safepoint "Cleanup", Time since last: 5005287758 ns, Reaching safepoint: 19110 ns, Cleanup: 13468 ns, At safepoint: 10155 ns, Total: 42733 ns
[2024-10-15T04:47:39.000+0000][125][info ][safepoint   ] Safepoint "Cleanup", Time since last: 1017296635 ns, Reaching safepoint: 9511 ns, Cleanup: 13646 ns, At safepoint: 6883 ns, Total: 30040 ns
[2024-10-15T04:47:40.043+0000][125][info ][safepoint   ] Safepoint "Cleanup", Time since last: 1042507621 ns, Reaching safepoint: 29741 ns, Cleanup: 32584 ns, At safepoint: 47266 ns, Total: 109591 ns
[2024-10-15T04:47:46.048+0000][125][info ][safepoint   ] Safepoint "Cleanup", Time since last: 6005042214 ns, Reaching safepoint: 72646 ns, Cleanup: 14044 ns, At safepoint: 18278 ns, Total: 104968 ns
[2024-10-15T04:47:51.055+0000][125][info ][safepoint   ] Safepoint "Cleanup", Time since last: 5004805359 ns, Reaching safepoint: 19809 ns, Cleanup: 11317 ns, At safepoint: 9915 ns, Total: 41041 ns
[2024-10-15T04:47:57.753+0000][125][info ][safepoint   ] Safepoint "Cleanup", Time since last: 6697863310 ns, Reaching safepoint: 34155 ns, Cleanup: 18975 ns, At safepoint: 16582 ns, Total: 69712 ns
[2024-10-15T04:47:59.689+0000][125][info ][safepoint   ] Safepoint "Cleanup", Time since last: 1935498810 ns, Reaching safepoint: 9512 ns, Cleanup: 8325 ns, At safepoint: 6319 ns, Total: 24156 ns
[2024-10-15T04:48:01.079+0000][125][info ][safepoint   ] Safepoint "Cleanup", Time since last: 1390575670 ns, Reaching safepoint: 25823 ns, Cleanup: 14637 ns, At safepoint: 16030 ns, Total: 56490 ns
[2024-10-15T04:48:08.349+0000][125][info ][safepoint   ] Safepoint "Cleanup", Time since last: 7270146521 ns, Reaching safepoint: 11389 ns, Cleanup: 9951 ns, At safepoint: 9160 ns, Total: 30500 ns
[2024-10-15T04:48:13.364+0000][125][info ][safepoint   ] Safepoint "Cleanup", Time since last: 5014803933 ns, Reaching safepoint: 26910 ns, Cleanup: 15234 ns, At safepoint: 15844 ns, Total: 57988 ns
[2024-10-15T04:48:32.384+0000][125][info ][safepoint   ] Safepoint "Cleanup", Time since last: 19018803039 ns, Reaching safepoint: 43448 ns, Cleanup: 12185 ns, At safepoint: 9643 ns, Total: 65276 ns
[2024-10-15T04:48:41.860+0000][125][info ][safepoint   ] Safepoint "Cleanup", Time since last: 9475879023 ns, Reaching safepoint: 66637 ns, Cleanup: 50386 ns, At safepoint: 32472 ns, Total: 149495 ns
[2024-10-15T04:48:45.488+0000][125][info ][safepoint   ] Safepoint "Cleanup", Time since last: 3626588698 ns, Reaching safepoint: 1647054 ns, Cleanup: 24896 ns, At safepoint: 55757 ns, Total: 1727707 ns
[2024-10-15T04:49:00.819+0000][125][info ][safepoint   ] Safepoint "Cleanup", Time since last: 15329570085 ns, Reaching safepoint: 19599 ns, Cleanup: 11603 ns, At safepoint: 9515 ns, Total: 40717 ns
[2024-10-15T04:49:02.723+0000][125][info ][safepoint   ] Safepoint "Cleanup", Time since last: 1904935533 ns, Reaching safepoint: 26462 ns, Cleanup: 11502 ns, At safepoint: 6394 ns, Total: 44358 ns
[2024-10-15T04:49:07.537+0000][125][info ][safepoint   ] Safepoint "Cleanup", Time since last: 4812998851 ns, Reaching safepoint: 23320 ns, Cleanup: 16940 ns, At safepoint: 11484 ns, Total: 51744 ns
[2024-10-15T04:49:32.589+0000][125][info ][safepoint   ] Safepoint "Cleanup", Time since last: 25050753623 ns, Reaching safepoint: 45761 ns, Cleanup: 12190 ns, At safepoint: 9738 ns, Total: 67689 ns
[2024-10-15T04:49:44.848+0000][125][info ][safepoint   ] Safepoint "Cleanup", Time since last: 12259685439 ns, Reaching safepoint: 17890 ns, Cleanup: 13701 ns, At safepoint: 10404 ns, Total: 41995 ns
[2024-10-15T04:49:46.770+0000][125][info ][safepoint   ] Safepoint "Cleanup", Time since last: 1921621230 ns, Reaching safepoint: 13643 ns, Cleanup: 18098 ns, At safepoint: 122061 ns, Total: 153802 ns
[2024-10-15T04:49:47.775+0000][125][info ][safepoint   ] Safepoint "Cleanup", Time since last: 1004709282 ns, Reaching safepoint: 19751 ns, Cleanup: 11640 ns, At safepoint: 9764 ns, Total: 41155 ns
[2024-10-15T04:50:01.864+0000][125][info ][safepoint   ] Safepoint "Cleanup", Time since last: 14088929925 ns, Reaching safepoint: 19220 ns, Cleanup: 12298 ns, At safepoint: 9664 ns, Total: 41182 ns
[2024-10-15T04:50:05.754+0000][125][info ][safepoint   ] Safepoint "Cleanup", Time since last: 3890193676 ns, Reaching safepoint: 42087 ns, Cleanup: 9503 ns, At safepoint: 10969 ns, Total: 62559 ns
[2024-10-15T04:50:06.768+0000][125][info ][safepoint   ] Safepoint "Cleanup", Time since last: 1013459713 ns, Reaching safepoint: 19064 ns, Cleanup: 14049 ns, At safepoint: 10755 ns, Total: 43868 ns
[2024-10-15T04:50:23.834+0000][125][info ][safepoint   ] Safepoint "Cleanup", Time since last: 17064151109 ns, Reaching safepoint: 19008 ns, Cleanup: 10966 ns, At safepoint: 44549 ns, Total: 74523 ns
[2024-10-15T04:50:31.843+0000][125][info ][safepoint   ] Safepoint "Cleanup", Time since last: 8007845055 ns, Reaching safepoint: 909035 ns, Cleanup: 29472 ns, At safepoint: 133370 ns, Total: 1071877 ns
[2024-10-15T04:50:32.844+0000][125][info ][safepoint   ] Safepoint "Cleanup", Time since last: 1001053030 ns, Reaching safepoint: 21006 ns, Cleanup: 14355 ns, At safepoint: 10385 ns, Total: 45746 ns
[2024-10-15T04:50:36.848+0000][125][info ][safepoint   ] Safepoint "Cleanup", Time since last: 4003795277 ns, Reaching safepoint: 27699 ns, Cleanup: 11775 ns, At safepoint: 15395 ns, Total: 54869 ns
[2024-10-15T04:50:47.768+0000][125][info ][safepoint   ] Safepoint "Cleanup", Time since last: 10919247480 ns, Reaching safepoint: 18479 ns, Cleanup: 13322 ns, At safepoint: 10670 ns, Total: 42471 ns
[2024-10-15T04:50:48.791+0000][125][info ][safepoint   ] Safepoint "Cleanup", Time since last: 1023778867 ns, Reaching safepoint: 24223 ns, Cleanup: 14075 ns, At safepoint: 10292 ns, Total: 48590 ns
[2024-10-15T04:50:49.888+0000][125][info ][safepoint   ] Safepoint "Cleanup", Time since last: 1096716732 ns, Reaching safepoint: 46953 ns, Cleanup: 11355 ns, At safepoint: 49345 ns, Total: 107653 ns
[2024-10-15T04:50:50.889+0000][125][info ][safepoint   ] Safepoint "Cleanup", Time since last: 1000214053 ns, Reaching safepoint: 19439 ns, Cleanup: 11782 ns, At safepoint: 10271 ns, Total: 41492 ns
[2024-10-15T04:50:52.890+0000][125][info ][safepoint   ] Safepoint "Cleanup", Time since last: 2001760387 ns, Reaching safepoint: 21100 ns, Cleanup: 13286 ns, At safepoint: 9980 ns, Total: 44366 ns
[2024-10-15T04:50:57.899+0000][125][info ][safepoint   ] Safepoint "Cleanup", Time since last: 5008952464 ns, Reaching safepoint: 25418 ns, Cleanup: 22666 ns, At safepoint: 9663 ns, Total: 57747 ns
[2024-10-15T04:51:01.904+0000][125][info ][safepoint   ] Safepoint "Cleanup", Time since last: 4004128735 ns, Reaching safepoint: 28532 ns, Cleanup: 13270 ns, At safepoint: 11896 ns, Total: 53698 ns
[2024-10-15T04:51:02.904+0000][125][info ][safepoint   ] Safepoint "Cleanup", Time since last: 1000685499 ns, Reaching safepoint: 25156 ns, Cleanup: 16070 ns, At safepoint: 11804 ns, Total: 53030 ns
[2024-10-15T04:51:08.909+0000][125][info ][safepoint   ] Safepoint "Cleanup", Time since last: 6005133891 ns, Reaching safepoint: 6711 ns, Cleanup: 6444 ns, At safepoint: 4881 ns, Total: 18036 ns
[2024-10-15T04:51:10.943+0000][125][info ][safepoint   ] Safepoint "Cleanup", Time since last: 2033716893 ns, Reaching safepoint: 19483 ns, Cleanup: 11954 ns, At safepoint: 8682 ns, Total: 40119 ns
[2024-10-15T04:51:31.965+0000][125][info ][safepoint   ] Safepoint "Cleanup", Time since last: 21020361440 ns, Reaching safepoint: 64235 ns, Cleanup: 17925 ns, At safepoint: 13203 ns, Total: 95363 ns
[2024-10-15T04:51:37.971+0000][125][info ][safepoint   ] Safepoint "Cleanup", Time since last: 6005892126 ns, Reaching safepoint: 831311 ns, Cleanup: 17678 ns, At safepoint: 86147 ns, Total: 935136 ns
[2024-10-15T04:51:42.001+0000][125][info ][safepoint   ] Safepoint "Cleanup", Time since last: 4029779189 ns, Reaching safepoint: 21952 ns, Cleanup: 16914 ns, At safepoint: 9997 ns, Total: 48863 ns
[2024-10-15T04:51:48.036+0000][125][info ][safepoint   ] Safepoint "Cleanup", Time since last: 6034238750 ns, Reaching safepoint: 84251 ns, Cleanup: 59457 ns, At safepoint: 87551 ns, Total: 231259 ns
[2024-10-15T04:51:50.783+0000][125][info ][safepoint   ] Safepoint "Cleanup", Time since last: 2746974831 ns, Reaching safepoint: 9869 ns, Cleanup: 9424 ns, At safepoint: 5257 ns, Total: 24550 ns
[2024-10-15T04:51:52.062+0000][125][info ][safepoint   ] Safepoint "Cleanup", Time since last: 1278946159 ns, Reaching safepoint: 58658 ns, Cleanup: 14912 ns, At safepoint: 14338 ns, Total: 87908 ns
[2024-10-15T04:52:03.958+0000][125][info ][safepoint   ] Safepoint "Cleanup", Time since last: 11895603733 ns, Reaching safepoint: 23227 ns, Cleanup: 12008 ns, At safepoint: 9742 ns, Total: 44977 ns
[2024-10-15T04:52:09.964+0000][125][info ][safepoint   ] Safepoint "Cleanup", Time since last: 6005967220 ns, Reaching safepoint: 55078 ns, Cleanup: 13703 ns, At safepoint: 13413 ns, Total: 82194 ns
[2024-10-15T04:52:12.111+0000][125][info ][safepoint   ] Safepoint "Cleanup", Time since last: 2147314082 ns, Reaching safepoint: 18730 ns, Cleanup: 11117 ns, At safepoint: 62043 ns, Total: 91890 ns
[2024-10-15T04:52:13.367+0000][125][info ][safepoint   ] Safepoint "Cleanup", Time since last: 1255808007 ns, Reaching safepoint: 8467 ns, Cleanup: 5900 ns, At safepoint: 5954 ns, Total: 20321 ns
[2024-10-15T04:52:14.891+0000][125][info ][safepoint   ] Safepoint "Cleanup", Time since last: 1523511529 ns, Reaching safepoint: 27035 ns, Cleanup: 33365 ns, At safepoint: 15097 ns, Total: 75497 ns
[2024-10-15T04:52:32.910+0000][125][info ][safepoint   ] Safepoint "Cleanup", Time since last: 18018089044 ns, Reaching safepoint: 48019 ns, Cleanup: 10416 ns, At safepoint: 9781 ns, Total: 68216 ns
[2024-10-15T04:52:54.198+0000][125][info ][safepoint   ] Safepoint "Cleanup", Time since last: 21286996183 ns, Reaching safepoint: 13410 ns, Cleanup: 7326 ns, At safepoint: 5698 ns, Total: 26434 ns
[2024-10-15T04:52:55.201+0000][125][info ][safepoint   ] Safepoint "Cleanup", Time since last: 1003077575 ns, Reaching safepoint: 10580 ns, Cleanup: 10628 ns, At safepoint: 10010 ns, Total: 31218 ns
[2024-10-15T04:53:15.231+0000][125][info ][safepoint   ] Safepoint "Cleanup", Time since last: 20030213809 ns, Reaching safepoint: 6533 ns, Cleanup: 10809 ns, At safepoint: 5121 ns, Total: 22463 ns
[2024-10-15T04:53:23.250+0000][125][info ][safepoint   ] Safepoint "Cleanup", Time since last: 8017474188 ns, Reaching safepoint: 43901 ns, Cleanup: 18601 ns, At safepoint: 13900 ns, Total: 76402 ns
[2024-10-15T04:53:24.251+0000][125][info ][safepoint   ] Safepoint "Cleanup", Time since last: 1000983037 ns, Reaching safepoint: 40064 ns, Cleanup: 16545 ns, At safepoint: 12612 ns, Total: 69221 ns
[2024-10-15T04:53:33.260+0000][125][info ][safepoint   ] Safepoint "Cleanup", Time since last: 9008920830 ns, Reaching safepoint: 22566 ns, Cleanup: 14221 ns, At safepoint: 11176 ns, Total: 47963 ns
[2024-10-15T04:53:54.067+0000][125][info ][safepoint   ] Safepoint "Cleanup", Time since last: 20805759030 ns, Reaching safepoint: 26039 ns, Cleanup: 16623 ns, At safepoint: 12180 ns, Total: 54842 ns
[2024-10-15T04:53:56.854+0000][125][info ][safepoint   ] Safepoint "Cleanup", Time since last: 2787604238 ns, Reaching safepoint: 13250 ns, Cleanup: 9795 ns, At safepoint: 9698 ns, Total: 32743 ns
[2024-10-15T04:53:58.313+0000][125][info ][safepoint   ] Safepoint "Cleanup", Time since last: 1457382006 ns, Reaching safepoint: 948820 ns, Cleanup: 13920 ns, At safepoint: 108520 ns, Total: 1071260 ns
[2024-10-15T04:54:05.320+0000][125][info ][safepoint   ] Safepoint "Cleanup", Time since last: 7007165076 ns, Reaching safepoint: 27288 ns, Cleanup: 13510 ns, At safepoint: 80525 ns, Total: 121323 ns
[2024-10-15T04:54:07.323+0000][125][info ][safepoint   ] Safepoint "Cleanup", Time since last: 2001893294 ns, Reaching safepoint: 893209 ns, Cleanup: 14705 ns, At safepoint: 71080 ns, Total: 978994 ns
[2024-10-15T04:54:18.339+0000][125][info ][safepoint   ] Safepoint "Cleanup", Time since last: 11014522321 ns, Reaching safepoint: 131304 ns, Cleanup: 11699 ns, At safepoint: 45908 ns, Total: 188911 ns
[2024-10-15T04:54:28.358+0000][125][info ][safepoint   ] Safepoint "Cleanup", Time since last: 10019167782 ns, Reaching safepoint: 54386 ns, Cleanup: 10966 ns, At safepoint: 13037 ns, Total: 78389 ns
[2024-10-15T04:54:32.362+0000][125][info ][safepoint   ] Safepoint "Cleanup", Time since last: 4003861667 ns, Reaching safepoint: 52072 ns, Cleanup: 13430 ns, At safepoint: 14112 ns, Total: 79614 ns
[2024-10-15T04:54:33.363+0000][125][info ][safepoint   ] Safepoint "Cleanup", Time since last: 1001181104 ns, Reaching safepoint: 30800 ns, Cleanup: 14404 ns, At safepoint: 18389 ns, Total: 63593 ns
[2024-10-15T04:54:49.385+0000][125][info ][safepoint   ] Safepoint "Cleanup", Time since last: 16021557154 ns, Reaching safepoint: 31029 ns, Cleanup: 12846 ns, At safepoint: 39837 ns, Total: 83712 ns
[2024-10-15T04:55:06.449+0000][125][info ][safepoint   ] Safepoint "Cleanup", Time since last: 17063670779 ns, Reaching safepoint: 342842 ns, Cleanup: 12021 ns, At safepoint: 132370 ns, Total: 487233 ns
[2024-10-15T04:55:07.450+0000][125][info ][safepoint   ] Safepoint "Cleanup", Time since last: 1000396836 ns, Reaching safepoint: 23091 ns, Cleanup: 13796 ns, At safepoint: 17717 ns, Total: 54604 ns
[2024-10-15T04:55:21.468+0000][125][info ][safepoint   ] Safepoint "Cleanup", Time since last: 14017499789 ns, Reaching safepoint: 24457 ns, Cleanup: 11712 ns, At safepoint: 8570 ns, Total: 44739 ns
[2024-10-15T04:55:22.479+0000][125][info ][safepoint   ] Safepoint "Cleanup", Time since last: 1010080957 ns, Reaching safepoint: 20284 ns, Cleanup: 10856 ns, At safepoint: 9108 ns, Total: 40248 ns
[2024-10-15T04:55:33.489+0000][125][info ][safepoint   ] Safepoint "Cleanup", Time since last: 11010774413 ns, Reaching safepoint: 48047 ns, Cleanup: 15894 ns, At safepoint: 10792 ns, Total: 74733 ns
[2024-10-15T04:55:36.492+0000][125][info ][safepoint   ] Safepoint "Cleanup", Time since last: 3003005840 ns, Reaching safepoint: 22585 ns, Cleanup: 11414 ns, At safepoint: 9607 ns, Total: 43606 ns
[2024-10-15T04:55:44.519+0000][125][info ][gc,start    ] GC(21) Pause Young (Prepare Mixed) (G1 Evacuation Pause)
[2024-10-15T04:55:44.519+0000][125][info ][gc,task     ] GC(21) Using 4 workers of 4 for evacuation
[2024-10-15T04:55:44.519+0000][125][debug][gc,age      ] GC(21) Desired survivor size 216006656 bytes, new threshold 15 (max threshold 15)
[2024-10-15T04:55:44.537+0000][125][info ][gc,phases   ] GC(21)   Pre Evacuate Collection Set: 0.80ms
[2024-10-15T04:55:44.537+0000][125][info ][gc,phases   ] GC(21)   Merge Heap Roots: 0.53ms
[2024-10-15T04:55:44.537+0000][125][info ][gc,phases   ] GC(21)   Evacuate Collection Set: 12.98ms
[2024-10-15T04:55:44.537+0000][125][info ][gc,phases   ] GC(21)   Post Evacuate Collection Set: 3.31ms
[2024-10-15T04:55:44.537+0000][125][info ][gc,phases   ] GC(21)   Other: 0.35ms
[2024-10-15T04:55:44.537+0000][125][trace][gc,age      ] GC(21) Age table with threshold 15 (max threshold 15)
[2024-10-15T04:55:44.537+0000][125][trace][gc,age      ] GC(21) - age   1:    1246144 bytes,    1246144 total
[2024-10-15T04:55:44.537+0000][125][trace][gc,age      ] GC(21) - age   2:      93256 bytes,    1339400 total
[2024-10-15T04:55:44.537+0000][125][trace][gc,age      ] GC(21) - age   3:    4987536 bytes,    6326936 total
[2024-10-15T04:55:44.537+0000][125][trace][gc,age      ] GC(21) - age   4:    6713608 bytes,   13040544 total
[2024-10-15T04:55:44.537+0000][125][trace][gc,age      ] GC(21) - age   5:    3332488 bytes,   16373032 total
[2024-10-15T04:55:44.537+0000][125][info ][gc,heap     ] GC(21) Eden regions: 816->0(816)
[2024-10-15T04:55:44.537+0000][125][info ][gc,heap     ] GC(21) Survivor regions: 5->5(103)
[2024-10-15T04:55:44.537+0000][125][info ][gc,heap     ] GC(21) Old regions: 34->34
[2024-10-15T04:55:44.537+0000][125][info ][gc,heap     ] GC(21) Humongous regions: 2->2
[2024-10-15T04:55:44.537+0000][125][info ][gc,metaspace] GC(21) Metaspace: 157217K(161536K)->157217K(161536K) NonClass: 135670K(138048K)->135670K(138048K) Class: 21546K(23488K)->21546K(23488K)
[2024-10-15T04:55:44.537+0000][125][info ][gc          ] GC(21) Pause Young (Prepare Mixed) (G1 Evacuation Pause) 3423M->160M(5476M) 18.176ms
[2024-10-15T04:55:44.537+0000][125][info ][gc,cpu      ] GC(21) User=0.05s Sys=0.01s Real=0.02s
[2024-10-15T04:55:44.537+0000][125][info ][safepoint   ] Safepoint "G1CollectForAllocation", Time since last: 8026504505 ns, Reaching safepoint: 42268 ns, Cleanup: 4419 ns, At safepoint: 18417503 ns, Total: 18464190 ns
[2024-10-15T04:56:00.311+0000][125][info ][safepoint   ] Safepoint "Cleanup", Time since last: 15773256685 ns, Reaching safepoint: 44044 ns, Cleanup: 11520 ns, At safepoint: 8882 ns, Total: 64446 ns
[2024-10-15T04:56:02.894+0000][125][info ][safepoint   ] Safepoint "Cleanup", Time since last: 2582654047 ns, Reaching safepoint: 9765 ns, Cleanup: 11156 ns, At safepoint: 5336 ns, Total: 26257 ns
[2024-10-15T04:56:04.554+0000][125][info ][safepoint   ] Safepoint "Cleanup", Time since last: 1658998230 ns, Reaching safepoint: 872661 ns, Cleanup: 30739 ns, At safepoint: 132542 ns, Total: 1035942 ns
[2024-10-15T04:56:05.555+0000][125][info ][safepoint   ] Safepoint "Cleanup", Time since last: 1000939431 ns, Reaching safepoint: 21424 ns, Cleanup: 11052 ns, At safepoint: 11410 ns, Total: 43886 ns
[2024-10-15T04:56:06.556+0000][125][info ][safepoint   ] Safepoint "Cleanup", Time since last: 1000929606 ns, Reaching safepoint: 21611 ns, Cleanup: 11281 ns, At safepoint: 11218 ns, Total: 44110 ns
[2024-10-15T04:56:07.557+0000][125][info ][safepoint   ] Safepoint "Cleanup", Time since last: 1000860125 ns, Reaching safepoint: 30000 ns, Cleanup: 21429 ns, At safepoint: 51245 ns, Total: 102674 ns
[2024-10-15T04:56:23.906+0000][125][info ][safepoint   ] Safepoint "Cleanup", Time since last: 16347784314 ns, Reaching safepoint: 9639 ns, Cleanup: 5897 ns, At safepoint: 5261 ns, Total: 20797 ns
[2024-10-15T04:56:25.586+0000][125][info ][safepoint   ] Safepoint "Cleanup", Time since last: 1680013868 ns, Reaching safepoint: 29960 ns, Cleanup: 19412 ns, At safepoint: 18245 ns, Total: 67617 ns
[2024-10-15T04:56:27.589+0000][125][info ][safepoint   ] Safepoint "Cleanup", Time since last: 2002374029 ns, Reaching safepoint: 55203 ns, Cleanup: 17268 ns, At safepoint: 20034 ns, Total: 92505 ns
[2024-10-15T04:56:32.594+0000][125][info ][safepoint   ] Safepoint "Cleanup", Time since last: 5004694766 ns, Reaching safepoint: 33381 ns, Cleanup: 19170 ns, At safepoint: 17996 ns, Total: 70547 ns
[2024-10-15T04:56:33.606+0000][125][info ][safepoint   ] Safepoint "Cleanup", Time since last: 1012079087 ns, Reaching safepoint: 21599 ns, Cleanup: 35176 ns, At safepoint: 10483 ns, Total: 67258 ns
[2024-10-15T04:56:34.625+0000][125][info ][safepoint   ] Safepoint "Cleanup", Time since last: 1019542616 ns, Reaching safepoint: 25489 ns, Cleanup: 14945 ns, At safepoint: 13209 ns, Total: 53643 ns
[2024-10-15T04:56:35.652+0000][125][info ][safepoint   ] Safepoint "Cleanup", Time since last: 1027022926 ns, Reaching safepoint: 13883 ns, Cleanup: 8918 ns, At safepoint: 8200 ns, Total: 31001 ns
[2024-10-15T04:56:36.686+0000][125][info ][safepoint   ] Safepoint "Cleanup", Time since last: 1033961875 ns, Reaching safepoint: 18687 ns, Cleanup: 10199 ns, At safepoint: 8073 ns, Total: 36959 ns
[2024-10-15T04:56:38.539+0000][125][info ][safepoint   ] Safepoint "Cleanup", Time since last: 1852360156 ns, Reaching safepoint: 17363 ns, Cleanup: 11279 ns, At safepoint: 11605 ns, Total: 40247 ns
[2024-10-15T04:56:39.773+0000][125][info ][safepoint   ] Safepoint "Cleanup", Time since last: 1234156122 ns, Reaching safepoint: 9881 ns, Cleanup: 94371 ns, At safepoint: 38511 ns, Total: 142763 ns
[2024-10-15T04:56:40.837+0000][125][info ][safepoint   ] Safepoint "Cleanup", Time since last: 1063884421 ns, Reaching safepoint: 29772 ns, Cleanup: 19899 ns, At safepoint: 19172 ns, Total: 68843 ns
[2024-10-15T04:56:41.888+0000][125][info ][safepoint   ] Safepoint "Cleanup", Time since last: 1051317963 ns, Reaching safepoint: 13121 ns, Cleanup: 21859 ns, At safepoint: 7844 ns, Total: 42824 ns
[2024-10-15T04:56:42.913+0000][125][info ][safepoint   ] Safepoint "Cleanup", Time since last: 1024614403 ns, Reaching safepoint: 27720 ns, Cleanup: 24386 ns, At safepoint: 9367 ns, Total: 61473 ns
[2024-10-15T04:56:45.571+0000][125][info ][safepoint   ] Safepoint "Cleanup", Time since last: 2658271156 ns, Reaching safepoint: 21748 ns, Cleanup: 12949 ns, At safepoint: 11778 ns, Total: 46475 ns
[2024-10-15T04:56:54.339+0000][125][info ][safepoint   ] Safepoint "Cleanup", Time since last: 8766877347 ns, Reaching safepoint: 18508 ns, Cleanup: 15591 ns, At safepoint: 10145 ns, Total: 44244 ns
[2024-10-15T04:57:03.348+0000][125][info ][safepoint   ] Safepoint "Cleanup", Time since last: 9009337557 ns, Reaching safepoint: 55388 ns, Cleanup: 12501 ns, At safepoint: 12856 ns, Total: 80745 ns
[2024-10-15T04:57:06.925+0000][125][info ][safepoint   ] Safepoint "Cleanup", Time since last: 3576940624 ns, Reaching safepoint: 24854 ns, Cleanup: 16488 ns, At safepoint: 14472 ns, Total: 55814 ns
[2024-10-15T04:57:08.012+0000][125][info ][safepoint   ] Safepoint "Cleanup", Time since last: 1087146032 ns, Reaching safepoint: 11295 ns, Cleanup: 12610 ns, At safepoint: 6105 ns, Total: 30010 ns
[2024-10-15T04:57:09.020+0000][125][info ][safepoint   ] Safepoint "Cleanup", Time since last: 1007482143 ns, Reaching safepoint: 19455 ns, Cleanup: 13563 ns, At safepoint: 9945 ns, Total: 42963 ns
[2024-10-15T04:57:13.612+0000][125][info ][safepoint   ] Safepoint "Cleanup", Time since last: 4592230877 ns, Reaching safepoint: 52839 ns, Cleanup: 17393 ns, At safepoint: 54869 ns, Total: 125101 ns
[2024-10-15T04:57:15.622+0000][125][info ][safepoint   ] Safepoint "Cleanup", Time since last: 2009702801 ns, Reaching safepoint: 20553 ns, Cleanup: 17422 ns, At safepoint: 12438 ns, Total: 50413 ns
[2024-10-15T04:57:26.912+0000][125][info ][safepoint   ] Safepoint "Cleanup", Time since last: 11288906973 ns, Reaching safepoint: 9899 ns, Cleanup: 10954 ns, At safepoint: 5480 ns, Total: 26333 ns
[2024-10-15T04:57:28.057+0000][125][info ][safepoint   ] Safepoint "Cleanup", Time since last: 1145079521 ns, Reaching safepoint: 26580 ns, Cleanup: 16478 ns, At safepoint: 13756 ns, Total: 56814 ns
[2024-10-15T04:57:32.079+0000][125][info ][safepoint   ] Safepoint "Cleanup", Time since last: 4021986637 ns, Reaching safepoint: 58263 ns, Cleanup: 13735 ns, At safepoint: 11369 ns, Total: 83367 ns
[2024-10-15T04:57:33.080+0000][125][info ][safepoint   ] Safepoint "Cleanup", Time since last: 1000813697 ns, Reaching safepoint: 21145 ns, Cleanup: 12430 ns, At safepoint: 10840 ns, Total: 44415 ns
[2024-10-15T04:57:39.093+0000][125][info ][safepoint   ] Safepoint "Cleanup", Time since last: 6012573238 ns, Reaching safepoint: 26898 ns, Cleanup: 19937 ns, At safepoint: 15321 ns, Total: 62156 ns
[2024-10-15T04:57:42.113+0000][125][info ][safepoint   ] Safepoint "Cleanup", Time since last: 3020408647 ns, Reaching safepoint: 25058 ns, Cleanup: 12394 ns, At safepoint: 23928 ns, Total: 61380 ns
[2024-10-15T04:57:50.122+0000][125][info ][safepoint   ] Safepoint "Cleanup", Time since last: 8007726882 ns, Reaching safepoint: 44199 ns, Cleanup: 14108 ns, At safepoint: 9222 ns, Total: 67529 ns
[2024-10-15T04:57:53.125+0000][125][info ][safepoint   ] Safepoint "Cleanup", Time since last: 3003033162 ns, Reaching safepoint: 19474 ns, Cleanup: 12520 ns, At safepoint: 11229 ns, Total: 43223 ns
[2024-10-15T04:57:54.432+0000][125][info ][safepoint   ] Safepoint "Cleanup", Time since last: 1306895672 ns, Reaching safepoint: 28458 ns, Cleanup: 15320 ns, At safepoint: 16621 ns, Total: 60399 ns
[2024-10-15T04:57:58.436+0000][125][info ][safepoint   ] Safepoint "Cleanup", Time since last: 4003872556 ns, Reaching safepoint: 20652 ns, Cleanup: 20560 ns, At safepoint: 15225 ns, Total: 56437 ns
[2024-10-15T04:58:07.444+0000][125][info ][safepoint   ] Safepoint "Cleanup", Time since last: 9007937360 ns, Reaching safepoint: 42955 ns, Cleanup: 11824 ns, At safepoint: 13490 ns, Total: 68269 ns
[2024-10-15T04:58:08.457+0000][125][info ][safepoint   ] Safepoint "Cleanup", Time since last: 1013359106 ns, Reaching safepoint: 24805 ns, Cleanup: 25884 ns, At safepoint: 21343 ns, Total: 72032 ns
[2024-10-15T04:58:10.214+0000][125][info ][safepoint   ] Safepoint "Cleanup", Time since last: 1756710372 ns, Reaching safepoint: 21844 ns, Cleanup: 27580 ns, At safepoint: 52207 ns, Total: 101631 ns
[2024-10-15T04:58:28.248+0000][125][info ][safepoint   ] Safepoint "Cleanup", Time since last: 18032718498 ns, Reaching safepoint: 21226 ns, Cleanup: 13689 ns, At safepoint: 12708 ns, Total: 47623 ns
[2024-10-15T04:58:30.264+0000][125][info ][safepoint   ] Safepoint "Cleanup", Time since last: 2015990269 ns, Reaching safepoint: 19947 ns, Cleanup: 19078 ns, At safepoint: 57223 ns, Total: 96248 ns
[2024-10-15T04:58:32.278+0000][125][info ][safepoint   ] Safepoint "Cleanup", Time since last: 2013902478 ns, Reaching safepoint: 20660 ns, Cleanup: 20192 ns, At safepoint: 12193 ns, Total: 53045 ns
[2024-10-15T04:58:48.311+0000][125][info ][safepoint   ] Safepoint "Cleanup", Time since last: 16032762861 ns, Reaching safepoint: 23342 ns, Cleanup: 16900 ns, At safepoint: 12632 ns, Total: 52874 ns
[2024-10-15T04:59:02.586+0000][125][info ][safepoint   ] Safepoint "Cleanup", Time since last: 14275085566 ns, Reaching safepoint: 37904 ns, Cleanup: 10783 ns, At safepoint: 9528 ns, Total: 58215 ns
[2024-10-15T04:59:10.593+0000][125][info ][safepoint   ] Safepoint "Cleanup", Time since last: 8007121562 ns, Reaching safepoint: 20663 ns, Cleanup: 14160 ns, At safepoint: 12546 ns, Total: 47369 ns
[2024-10-15T04:59:13.361+0000][125][info ][safepoint   ] Safepoint "Cleanup", Time since last: 2767787190 ns, Reaching safepoint: 19789 ns, Cleanup: 11840 ns, At safepoint: 10915 ns, Total: 42544 ns
[2024-10-15T04:59:15.364+0000][125][info ][safepoint   ] Safepoint "Cleanup", Time since last: 2002394208 ns, Reaching safepoint: 20892 ns, Cleanup: 14465 ns, At safepoint: 12944 ns, Total: 48301 ns
[2024-10-15T04:59:32.382+0000][125][info ][safepoint   ] Safepoint "Cleanup", Time since last: 17016752214 ns, Reaching safepoint: 64832 ns, Cleanup: 20711 ns, At safepoint: 56057 ns, Total: 141600 ns
[2024-10-15T04:59:33.385+0000][125][info ][safepoint   ] Safepoint "Cleanup", Time since last: 1003162618 ns, Reaching safepoint: 9566 ns, Cleanup: 7181 ns, At safepoint: 5890 ns, Total: 22637 ns
[2024-10-15T04:59:37.401+0000][125][info ][safepoint   ] Safepoint "Cleanup", Time since last: 4015363996 ns, Reaching safepoint: 24382 ns, Cleanup: 14714 ns, At safepoint: 20156 ns, Total: 59252 ns
[2024-10-15T04:59:54.624+0000][125][info ][safepoint   ] Safepoint "Cleanup", Time since last: 17221990233 ns, Reaching safepoint: 28268 ns, Cleanup: 19390 ns, At safepoint: 17375 ns, Total: 65033 ns
[2024-10-15T04:59:55.625+0000][125][info ][safepoint   ] Safepoint "Cleanup", Time since last: 1001087135 ns, Reaching safepoint: 15649 ns, Cleanup: 11915 ns, At safepoint: 9089 ns, Total: 36653 ns
[2024-10-15T05:00:03.639+0000][125][info ][safepoint   ] Safepoint "Cleanup", Time since last: 8013834926 ns, Reaching safepoint: 16289 ns, Cleanup: 11774 ns, At safepoint: 9502 ns, Total: 37565 ns
[2024-10-15T05:00:12.650+0000][125][info ][safepoint   ] Safepoint "Cleanup", Time since last: 9011433660 ns, Reaching safepoint: 15635 ns, Cleanup: 13104 ns, At safepoint: 9206 ns, Total: 37945 ns
[2024-10-15T05:00:14.938+0000][125][info ][safepoint   ] Safepoint "Cleanup", Time since last: 2286598741 ns, Reaching safepoint: 1251489 ns, Cleanup: 20430 ns, At safepoint: 168315 ns, Total: 1440234 ns
[2024-10-15T05:00:32.505+0000][125][info ][safepoint   ] Safepoint "Cleanup", Time since last: 17565570707 ns, Reaching safepoint: 43978 ns, Cleanup: 16212 ns, At safepoint: 8866 ns, Total: 69056 ns
[2024-10-15T05:00:35.941+0000][125][info ][safepoint   ] Safepoint "Cleanup", Time since last: 3436149145 ns, Reaching safepoint: 11537 ns, Cleanup: 12225 ns, At safepoint: 6490 ns, Total: 30252 ns
[2024-10-15T05:00:43.531+0000][125][info ][safepoint   ] Safepoint "Cleanup", Time since last: 7590494377 ns, Reaching safepoint: 20564 ns, Cleanup: 16260 ns, At safepoint: 10908 ns, Total: 47732 ns
[2024-10-15T05:01:10.659+0000][125][info ][safepoint   ] Safepoint "Cleanup", Time since last: 27127320892 ns, Reaching safepoint: 22745 ns, Cleanup: 16770 ns, At safepoint: 14433 ns, Total: 53948 ns
[2024-10-15T05:01:24.654+0000][125][info ][safepoint   ] Safepoint "Cleanup", Time since last: 13993886087 ns, Reaching safepoint: 45064 ns, Cleanup: 13926 ns, At safepoint: 9788 ns, Total: 68778 ns
[2024-10-15T05:01:30.661+0000][125][info ][safepoint   ] Safepoint "Cleanup", Time since last: 6006069502 ns, Reaching safepoint: 17095 ns, Cleanup: 10687 ns, At safepoint: 10047 ns, Total: 37829 ns
[2024-10-15T05:01:31.661+0000][125][info ][safepoint   ] Safepoint "Cleanup", Time since last: 1000639950 ns, Reaching safepoint: 16114 ns, Cleanup: 14807 ns, At safepoint: 9076 ns, Total: 39997 ns
[2024-10-15T05:01:33.663+0000][125][info ][safepoint   ] Safepoint "Cleanup", Time since last: 2002150317 ns, Reaching safepoint: 16065 ns, Cleanup: 11458 ns, At safepoint: 9590 ns, Total: 37113 ns
[2024-10-15T05:01:37.681+0000][125][info ][safepoint   ] Safepoint "Cleanup", Time since last: 4017924333 ns, Reaching safepoint: 42431 ns, Cleanup: 11392 ns, At safepoint: 8928 ns, Total: 62751 ns
[2024-10-15T05:01:38.948+0000][125][info ][safepoint   ] Safepoint "Cleanup", Time since last: 1266610680 ns, Reaching safepoint: 8587 ns, Cleanup: 7012 ns, At safepoint: 5754 ns, Total: 21353 ns
[2024-10-15T05:01:40.001+0000][125][info ][safepoint   ] Safepoint "Cleanup", Time since last: 1053128728 ns, Reaching safepoint: 6540 ns, Cleanup: 13591 ns, At safepoint: 4944 ns, Total: 25075 ns
[2024-10-15T05:01:42.709+0000][125][info ][safepoint   ] Safepoint "Cleanup", Time since last: 2707329197 ns, Reaching safepoint: 7275 ns, Cleanup: 9574 ns, At safepoint: 5372 ns, Total: 22221 ns
[2024-10-15T05:01:43.719+0000][125][info ][safepoint   ] Safepoint "Cleanup", Time since last: 1009995640 ns, Reaching safepoint: 17374 ns, Cleanup: 14781 ns, At safepoint: 10642 ns, Total: 42797 ns
[2024-10-15T05:01:45.036+0000][125][info ][safepoint   ] Safepoint "Cleanup", Time since last: 1316889744 ns, Reaching safepoint: 17824 ns, Cleanup: 13557 ns, At safepoint: 10619 ns, Total: 42000 ns
[2024-10-15T05:01:49.040+0000][125][info ][safepoint   ] Safepoint "Cleanup", Time since last: 4003731977 ns, Reaching safepoint: 16715 ns, Cleanup: 12042 ns, At safepoint: 8933 ns, Total: 37690 ns
[2024-10-15T05:02:14.093+0000][125][info ][safepoint   ] Safepoint "Cleanup", Time since last: 25052319930 ns, Reaching safepoint: 6217 ns, Cleanup: 7393 ns, At safepoint: 4629 ns, Total: 18239 ns
[2024-10-15T05:02:15.111+0000][125][info ][safepoint   ] Safepoint "Cleanup", Time since last: 1018015034 ns, Reaching safepoint: 19407 ns, Cleanup: 13646 ns, At safepoint: 12089 ns, Total: 45142 ns
[2024-10-15T05:02:20.956+0000][125][info ][safepoint   ] Safepoint "Cleanup", Time since last: 5844813421 ns, Reaching safepoint: 11203 ns, Cleanup: 13023 ns, At safepoint: 6385 ns, Total: 30611 ns
[2024-10-15T05:02:22.872+0000][125][info ][safepoint   ] Safepoint "Cleanup", Time since last: 1915743449 ns, Reaching safepoint: 6943 ns, Cleanup: 9091 ns, At safepoint: 5249 ns, Total: 21283 ns
[2024-10-15T05:02:27.881+0000][125][info ][safepoint   ] Safepoint "Cleanup", Time since last: 5009081451 ns, Reaching safepoint: 16128 ns, Cleanup: 10510 ns, At safepoint: 9250 ns, Total: 35888 ns
[2024-10-15T05:02:31.886+0000][125][info ][safepoint   ] Safepoint "Cleanup", Time since last: 4004184932 ns, Reaching safepoint: 19197 ns, Cleanup: 12908 ns, At safepoint: 10788 ns, Total: 42893 ns
[2024-10-15T05:02:39.893+0000][125][info ][safepoint   ] Safepoint "Cleanup", Time since last: 8007824038 ns, Reaching safepoint: 42114 ns, Cleanup: 13453 ns, At safepoint: 12372 ns, Total: 67939 ns
[2024-10-15T05:02:42.900+0000][125][info ][safepoint   ] Safepoint "Cleanup", Time since last: 3006959864 ns, Reaching safepoint: 6652 ns, Cleanup: 11035 ns, At safepoint: 5326 ns, Total: 23013 ns
[2024-10-15T05:03:18.198+0000][125][info ][safepoint   ] Safepoint "Cleanup", Time since last: 35296290051 ns, Reaching safepoint: 15543 ns, Cleanup: 13183 ns, At safepoint: 9972 ns, Total: 38698 ns
[2024-10-15T05:03:23.204+0000][125][info ][safepoint   ] Safepoint "Cleanup", Time since last: 5005600240 ns, Reaching safepoint: 37807 ns, Cleanup: 10519 ns, At safepoint: 11523 ns, Total: 59849 ns
[2024-10-15T05:03:24.964+0000][125][info ][safepoint   ] Safepoint "Cleanup", Time since last: 1760184690 ns, Reaching safepoint: 6694 ns, Cleanup: 10856 ns, At safepoint: 5386 ns, Total: 22936 ns
[2024-10-15T05:03:42.005+0000][125][info ][safepoint   ] Safepoint "Cleanup", Time since last: 17040866389 ns, Reaching safepoint: 43474 ns, Cleanup: 11035 ns, At safepoint: 10828 ns, Total: 65337 ns
[2024-10-15T05:03:44.970+0000][125][info ][safepoint   ] Safepoint "Cleanup", Time since last: 2965154172 ns, Reaching safepoint: 9593 ns, Cleanup: 8551 ns, At safepoint: 5892 ns, Total: 24036 ns
[2024-10-15T05:03:45.991+0000][125][info ][safepoint   ] Safepoint "Cleanup", Time since last: 1020663455 ns, Reaching safepoint: 16643 ns, Cleanup: 21278 ns, At safepoint: 9401 ns, Total: 47322 ns
[2024-10-15T05:04:16.116+0000][125][info ][safepoint   ] Safepoint "Cleanup", Time since last: 30123773424 ns, Reaching safepoint: 65109 ns, Cleanup: 16310 ns, At safepoint: 97532 ns, Total: 178951 ns
[2024-10-15T05:04:26.988+0000][125][info ][safepoint   ] Safepoint "Cleanup", Time since last: 10870383680 ns, Reaching safepoint: 8787 ns, Cleanup: 8565 ns, At safepoint: 5413 ns, Total: 22765 ns
[2024-10-15T05:04:33.166+0000][125][info ][safepoint   ] Safepoint "Cleanup", Time since last: 6178246270 ns, Reaching safepoint: 23013 ns, Cleanup: 15513 ns, At safepoint: 15446 ns, Total: 53972 ns
[2024-10-15T05:04:47.987+0000][125][info ][safepoint   ] Safepoint "Cleanup", Time since last: 14826299810 ns, Reaching safepoint: 61430 ns, Cleanup: 24751 ns, At safepoint: 44820 ns, Total: 131001 ns
[2024-10-15T05:04:53.264+0000][125][info ][safepoint   ] Safepoint "Cleanup", Time since last: 5276688328 ns, Reaching safepoint: 20557 ns, Cleanup: 18253 ns, At safepoint: 11396 ns, Total: 50206 ns
[2024-10-15T05:05:18.176+0000][125][info ][safepoint   ] Safepoint "Cleanup", Time since last: 24905002278 ns, Reaching safepoint: 49911 ns, Cleanup: 13356 ns, At safepoint: 10980 ns, Total: 74247 ns
[2024-10-15T05:05:28.186+0000][125][info ][safepoint   ] Safepoint "Cleanup", Time since last: 10009971986 ns, Reaching safepoint: 18602 ns, Cleanup: 12908 ns, At safepoint: 37545 ns, Total: 69055 ns
[2024-10-15T05:05:32.388+0000][125][info ][safepoint   ] Safepoint "Cleanup", Time since last: 4201922925 ns, Reaching safepoint: 25671 ns, Cleanup: 15713 ns, At safepoint: 17700 ns, Total: 59084 ns
[2024-10-15T05:05:33.388+0000][125][info ][safepoint   ] Safepoint "Cleanup", Time since last: 1000267811 ns, Reaching safepoint: 22813 ns, Cleanup: 16682 ns, At safepoint: 12237 ns, Total: 51732 ns
[2024-10-15T05:05:37.392+0000][125][info ][safepoint   ] Safepoint "Cleanup", Time since last: 4003684164 ns, Reaching safepoint: 18972 ns, Cleanup: 13617 ns, At safepoint: 12134 ns, Total: 44723 ns
[2024-10-15T05:05:42.396+0000][125][info ][safepoint   ] Safepoint "Cleanup", Time since last: 5004587070 ns, Reaching safepoint: 50552 ns, Cleanup: 14091 ns, At safepoint: 11961 ns, Total: 76604 ns
[2024-10-15T05:05:47.404+0000][125][info ][safepoint   ] Safepoint "Cleanup", Time since last: 5007037806 ns, Reaching safepoint: 16756 ns, Cleanup: 11255 ns, At safepoint: 11993 ns, Total: 40004 ns
[2024-10-15T05:05:51.003+0000][125][info ][safepoint   ] Safepoint "Cleanup", Time since last: 3602680699 ns, Reaching safepoint: 9128 ns, Cleanup: 7109 ns, At safepoint: 5599 ns, Total: 21836 ns
[2024-10-15T05:05:52.421+0000][125][info ][safepoint   ] Safepoint "Cleanup", Time since last: 1417331395 ns, Reaching safepoint: 16258 ns, Cleanup: 14523 ns, At safepoint: 9488 ns, Total: 40269 ns
[2024-10-15T05:06:07.251+0000][125][info ][safepoint   ] Safepoint "Cleanup", Time since last: 14830252458 ns, Reaching safepoint: 15254 ns, Cleanup: 12103 ns, At safepoint: 10148 ns, Total: 37505 ns
[2024-10-15T05:06:18.267+0000][125][info ][safepoint   ] Safepoint "Cleanup", Time since last: 11010769605 ns, Reaching safepoint: 15403 ns, Cleanup: 11451 ns, At safepoint: 9552 ns, Total: 36406 ns
[2024-10-15T05:06:32.280+0000][125][info ][safepoint   ] Safepoint "Cleanup", Time since last: 14013796267 ns, Reaching safepoint: 56443 ns, Cleanup: 16145 ns, At safepoint: 14132 ns, Total: 86720 ns
[2024-10-15T05:06:33.490+0000][125][info ][safepoint   ] Safepoint "Cleanup", Time since last: 1210044000 ns, Reaching safepoint: 13019 ns, Cleanup: 10244 ns, At safepoint: 9769 ns, Total: 33032 ns
[2024-10-15T05:06:42.518+0000][125][info ][safepoint   ] Safepoint "Cleanup", Time since last: 9026918461 ns, Reaching safepoint: 24262 ns, Cleanup: 12608 ns, At safepoint: 52246 ns, Total: 89116 ns
[2024-10-15T05:06:44.997+0000][125][info ][safepoint   ] Safepoint "Cleanup", Time since last: 2479416975 ns, Reaching safepoint: 12859 ns, Cleanup: 10357 ns, At safepoint: 9623 ns, Total: 32839 ns
[2024-10-15T05:06:46.546+0000][125][info ][safepoint   ] Safepoint "Cleanup", Time since last: 1549271929 ns, Reaching safepoint: 14936 ns, Cleanup: 27030 ns, At safepoint: 9058 ns, Total: 51024 ns
[2024-10-15T05:06:48.568+0000][125][info ][safepoint   ] Safepoint "Cleanup", Time since last: 2020636042 ns, Reaching safepoint: 25754 ns, Cleanup: 18732 ns, At safepoint: 14364 ns, Total: 58850 ns
[2024-10-15T05:06:53.601+0000][125][info ][safepoint   ] Safepoint "Cleanup", Time since last: 5032946551 ns, Reaching safepoint: 20385 ns, Cleanup: 16037 ns, At safepoint: 15540 ns, Total: 51962 ns
[2024-10-15T05:06:54.605+0000][125][info ][safepoint   ] Safepoint "Cleanup", Time since last: 1004519623 ns, Reaching safepoint: 13569 ns, Cleanup: 16034 ns, At safepoint: 9880 ns, Total: 39483 ns
[2024-10-15T05:07:09.630+0000][125][info ][safepoint   ] Safepoint "Cleanup", Time since last: 15024253189 ns, Reaching safepoint: 61100 ns, Cleanup: 16412 ns, At safepoint: 15188 ns, Total: 92700 ns
[2024-10-15T05:07:13.518+0000][125][info ][safepoint   ] Safepoint "Cleanup", Time since last: 3888467432 ns, Reaching safepoint: 15290 ns, Cleanup: 14094 ns, At safepoint: 8700 ns, Total: 38084 ns
[2024-10-15T05:07:35.987+0000][125][info ][safepoint   ] Safepoint "Cleanup", Time since last: 22467112853 ns, Reaching safepoint: 820541 ns, Cleanup: 14360 ns, At safepoint: 121913 ns, Total: 956814 ns
[2024-10-15T05:07:37.684+0000][125][info ][safepoint   ] Safepoint "Cleanup", Time since last: 1697243194 ns, Reaching safepoint: 6228 ns, Cleanup: 12406 ns, At safepoint: 5776 ns, Total: 24410 ns
[2024-10-15T05:07:57.730+0000][125][info ][safepoint   ] Safepoint "Cleanup", Time since last: 20044889425 ns, Reaching safepoint: 7113 ns, Cleanup: 8957 ns, At safepoint: 5385 ns, Total: 21455 ns
[2024-10-15T05:08:12.753+0000][125][info ][safepoint   ] Safepoint "Cleanup", Time since last: 15022863004 ns, Reaching safepoint: 15674 ns, Cleanup: 11533 ns, At safepoint: 9255 ns, Total: 36462 ns
[2024-10-15T05:08:19.760+0000][125][info ][safepoint   ] Safepoint "Cleanup", Time since last: 7006114525 ns, Reaching safepoint: 15558 ns, Cleanup: 11480 ns, At safepoint: 9285 ns, Total: 36323 ns
[2024-10-15T05:08:32.774+0000][125][info ][safepoint   ] Safepoint "Cleanup", Time since last: 13013221915 ns, Reaching safepoint: 38896 ns, Cleanup: 12231 ns, At safepoint: 10272 ns, Total: 61399 ns
[2024-10-15T05:08:39.011+0000][125][info ][safepoint   ] Safepoint "Cleanup", Time since last: 6237094374 ns, Reaching safepoint: 8967 ns, Cleanup: 8259 ns, At safepoint: 6135 ns, Total: 23361 ns
[2024-10-15T05:08:48.824+0000][125][info ][safepoint   ] Safepoint "Cleanup", Time since last: 9811637945 ns, Reaching safepoint: 717135 ns, Cleanup: 15807 ns, At safepoint: 99349 ns, Total: 832291 ns
[2024-10-15T05:09:00.000+0000][125][info ][safepoint   ] Safepoint "Cleanup", Time since last: 11175890205 ns, Reaching safepoint: 9288 ns, Cleanup: 6960 ns, At safepoint: 6046 ns, Total: 22294 ns
[2024-10-15T05:09:01.877+0000][125][info ][safepoint   ] Safepoint "Cleanup", Time since last: 1876909469 ns, Reaching safepoint: 55656 ns, Cleanup: 14188 ns, At safepoint: 14012 ns, Total: 83856 ns
[2024-10-15T05:09:02.878+0000][125][info ][safepoint   ] Safepoint "Cleanup", Time since last: 1001074620 ns, Reaching safepoint: 14817 ns, Cleanup: 12093 ns, At safepoint: 9166 ns, Total: 36076 ns
[2024-10-15T05:10:21.007+0000][125][info ][safepoint   ] Safepoint "Cleanup", Time since last: 78125706762 ns, Reaching safepoint: 76054 ns, Cleanup: 15110 ns, At safepoint: 9034 ns, Total: 100198 ns
[2024-10-15T05:10:22.008+0000][125][info ][safepoint   ] Safepoint "Cleanup", Time since last: 1000896535 ns, Reaching safepoint: 17301 ns, Cleanup: 12372 ns, At safepoint: 10542 ns, Total: 40215 ns
[2024-10-15T05:10:32.018+0000][125][info ][safepoint   ] Safepoint "Cleanup", Time since last: 10010462565 ns, Reaching safepoint: 17089 ns, Cleanup: 12056 ns, At safepoint: 11674 ns, Total: 40819 ns
[2024-10-15T05:10:43.028+0000][125][info ][safepoint   ] Safepoint "Cleanup", Time since last: 11009782825 ns, Reaching safepoint: 24336 ns, Cleanup: 17151 ns, At safepoint: 12390 ns, Total: 53877 ns
[2024-10-15T05:10:46.043+0000][125][info ][safepoint   ] Safepoint "Cleanup", Time since last: 3015221732 ns, Reaching safepoint: 6844 ns, Cleanup: 6855 ns, At safepoint: 5326 ns, Total: 19025 ns
[2024-10-15T05:11:18.104+0000][125][info ][safepoint   ] Safepoint "Cleanup", Time since last: 32058641394 ns, Reaching safepoint: 16609 ns, Cleanup: 10910 ns, At safepoint: 8826 ns, Total: 36345 ns
[2024-10-15T05:11:23.112+0000][125][info ][safepoint   ] Safepoint "Cleanup", Time since last: 5008408933 ns, Reaching safepoint: 61713 ns, Cleanup: 15591 ns, At safepoint: 10016 ns, Total: 87320 ns
[2024-10-15T05:11:48.229+0000][125][info ][safepoint   ] Safepoint "Cleanup", Time since last: 25115924801 ns, Reaching safepoint: 13012 ns, Cleanup: 38938 ns, At safepoint: 59325 ns, Total: 111275 ns
[2024-10-15T05:11:51.231+0000][125][info ][safepoint   ] Safepoint "Cleanup", Time since last: 3001502377 ns, Reaching safepoint: 54343 ns, Cleanup: 13055 ns, At safepoint: 9586 ns, Total: 76984 ns
[2024-10-15T05:12:09.061+0000][125][info ][safepoint   ] Safepoint "Cleanup", Time since last: 17830686412 ns, Reaching safepoint: 8120 ns, Cleanup: 7178 ns, At safepoint: 5959 ns, Total: 21257 ns
[2024-10-15T05:12:10.286+0000][125][info ][safepoint   ] Safepoint "Cleanup", Time since last: 1224002765 ns, Reaching safepoint: 20890 ns, Cleanup: 13588 ns, At safepoint: 15084 ns, Total: 49562 ns
[2024-10-15T05:12:16.291+0000][125][info ][safepoint   ] Safepoint "Cleanup", Time since last: 6005945022 ns, Reaching safepoint: 20950 ns, Cleanup: 15808 ns, At safepoint: 14136 ns, Total: 50894 ns
[2024-10-15T05:12:18.295+0000][125][info ][safepoint   ] Safepoint "Cleanup", Time since last: 2002146001 ns, Reaching safepoint: 26767 ns, Cleanup: 17113 ns, At safepoint: 17972 ns, Total: 61852 ns
[2024-10-15T05:12:21.297+0000][125][info ][safepoint   ] Safepoint "Cleanup", Time since last: 3002249131 ns, Reaching safepoint: 64912 ns, Cleanup: 14875 ns, At safepoint: 19243 ns, Total: 99030 ns
[2024-10-15T05:12:23.300+0000][125][info ][safepoint   ] Safepoint "Cleanup", Time since last: 2002993182 ns, Reaching safepoint: 25445 ns, Cleanup: 16379 ns, At safepoint: 13916 ns, Total: 55740 ns
[2024-10-15T05:12:32.311+0000][125][info ][safepoint   ] Safepoint "Cleanup", Time since last: 9010575051 ns, Reaching safepoint: 20246 ns, Cleanup: 16146 ns, At safepoint: 15244 ns, Total: 51636 ns
[2024-10-15T05:12:43.322+0000][125][info ][safepoint   ] Safepoint "Cleanup", Time since last: 11011118521 ns, Reaching safepoint: 50662 ns, Cleanup: 14428 ns, At safepoint: 13750 ns, Total: 78840 ns
[2024-10-15T05:12:51.358+0000][125][info ][safepoint   ] Safepoint "Cleanup", Time since last: 8034558060 ns, Reaching safepoint: 254512 ns, Cleanup: 8843 ns, At safepoint: 60875 ns, Total: 324230 ns
[2024-10-15T05:12:52.361+0000][125][info ][safepoint   ] Safepoint "Cleanup", Time since last: 1002974563 ns, Reaching safepoint: 9943 ns, Cleanup: 9009 ns, At safepoint: 7759 ns, Total: 26711 ns
[2024-10-15T05:13:12.052+0000][125][info ][safepoint   ] Safepoint "Cleanup", Time since last: 19691767780 ns, Reaching safepoint: 8819 ns, Cleanup: 7029 ns, At safepoint: 6347 ns, Total: 22195 ns
[2024-10-15T05:13:13.413+0000][125][info ][safepoint   ] Safepoint "Cleanup", Time since last: 1360381973 ns, Reaching safepoint: 19960 ns, Cleanup: 14390 ns, At safepoint: 14940 ns, Total: 49290 ns
[2024-10-15T05:13:37.488+0000][125][info ][safepoint   ] Safepoint "Cleanup", Time since last: 24074319284 ns, Reaching safepoint: 14632 ns, Cleanup: 10317 ns, At safepoint: 9434 ns, Total: 34383 ns
[2024-10-15T05:13:54.506+0000][125][info ][safepoint   ] Safepoint "Cleanup", Time since last: 17017316169 ns, Reaching safepoint: 6748 ns, Cleanup: 7799 ns, At safepoint: 5267 ns, Total: 19814 ns
[2024-10-15T05:14:32.636+0000][125][info ][safepoint   ] Safepoint "Cleanup", Time since last: 38129153267 ns, Reaching safepoint: 20222 ns, Cleanup: 16240 ns, At safepoint: 15080 ns, Total: 51542 ns
[2024-10-15T05:14:33.637+0000][125][info ][safepoint   ] Safepoint "Cleanup", Time since last: 1000545572 ns, Reaching safepoint: 19585 ns, Cleanup: 14705 ns, At safepoint: 15488 ns, Total: 49778 ns
[2024-10-15T05:14:52.656+0000][125][info ][safepoint   ] Safepoint "Cleanup", Time since last: 19018095439 ns, Reaching safepoint: 14578 ns, Cleanup: 11110 ns, At safepoint: 9822 ns, Total: 35510 ns
[2024-10-15T05:14:57.680+0000][125][info ][safepoint   ] Safepoint "Cleanup", Time since last: 5024475549 ns, Reaching safepoint: 9920 ns, Cleanup: 6941 ns, At safepoint: 6308 ns, Total: 23169 ns
[2024-10-15T05:14:58.713+0000][125][info ][safepoint   ] Safepoint "Cleanup", Time since last: 1032334922 ns, Reaching safepoint: 28526 ns, Cleanup: 19001 ns, At safepoint: 22144 ns, Total: 69671 ns
[2024-10-15T05:15:06.748+0000][125][info ][safepoint   ] Safepoint "Cleanup", Time since last: 8035389831 ns, Reaching safepoint: 30933 ns, Cleanup: 20222 ns, At safepoint: 16502 ns, Total: 67657 ns
[2024-10-15T05:15:18.768+0000][125][info ][safepoint   ] Safepoint "Cleanup", Time since last: 12018334868 ns, Reaching safepoint: 8500 ns, Cleanup: 8820 ns, At safepoint: 5735 ns, Total: 23055 ns
[2024-10-15T05:15:32.791+0000][125][info ][safepoint   ] Safepoint "Cleanup", Time since last: 14023174183 ns, Reaching safepoint: 16526 ns, Cleanup: 12820 ns, At safepoint: 10580 ns, Total: 39926 ns
[2024-10-15T05:16:00.090+0000][125][info ][safepoint   ] Safepoint "Cleanup", Time since last: 27298054460 ns, Reaching safepoint: 14618 ns, Cleanup: 8707 ns, At safepoint: 9066 ns, Total: 32391 ns
[2024-10-15T05:16:21.116+0000][125][info ][safepoint   ] Safepoint "Cleanup", Time since last: 21025210300 ns, Reaching safepoint: 8833 ns, Cleanup: 7568 ns, At safepoint: 5781 ns, Total: 22182 ns
[2024-10-15T05:16:27.897+0000][125][info ][safepoint   ] Safepoint "Cleanup", Time since last: 6781557026 ns, Reaching safepoint: 20393 ns, Cleanup: 15120 ns, At safepoint: 15092 ns, Total: 50605 ns
[2024-10-15T05:16:51.121+0000][125][info ][safepoint   ] Safepoint "Cleanup", Time since last: 23222749326 ns, Reaching safepoint: 8934 ns, Cleanup: 8392 ns, At safepoint: 5888 ns, Total: 23214 ns
[2024-10-15T05:16:52.944+0000][125][info ][safepoint   ] Safepoint "Cleanup", Time since last: 1823084264 ns, Reaching safepoint: 19600 ns, Cleanup: 15952 ns, At safepoint: 14246 ns, Total: 49798 ns
[2024-10-15T05:17:03.110+0000][125][info ][safepoint   ] Safepoint "Cleanup", Time since last: 10166007805 ns, Reaching safepoint: 8544 ns, Cleanup: 7707 ns, At safepoint: 5711 ns, Total: 21962 ns
[2024-10-15T05:17:05.004+0000][125][info ][safepoint   ] Safepoint "Cleanup", Time since last: 1893867934 ns, Reaching safepoint: 21150 ns, Cleanup: 14400 ns, At safepoint: 16314 ns, Total: 51864 ns
[2024-10-15T05:17:24.128+0000][125][info ][safepoint   ] Safepoint "Cleanup", Time since last: 19121311376 ns, Reaching safepoint: 988854 ns, Cleanup: 20451 ns, At safepoint: 97378 ns, Total: 1106683 ns
[2024-10-15T05:17:26.059+0000][125][info ][safepoint   ] Safepoint "Cleanup", Time since last: 1930872908 ns, Reaching safepoint: 16574 ns, Cleanup: 12445 ns, At safepoint: 10024 ns, Total: 39043 ns
[2024-10-15T05:17:32.065+0000][125][info ][safepoint   ] Safepoint "Cleanup", Time since last: 6005940328 ns, Reaching safepoint: 41772 ns, Cleanup: 11463 ns, At safepoint: 9719 ns, Total: 62954 ns
[2024-10-15T05:18:09.137+0000][125][info ][safepoint   ] Safepoint "Cleanup", Time since last: 37071105446 ns, Reaching safepoint: 21093 ns, Cleanup: 16139 ns, At safepoint: 11703 ns, Total: 48935 ns
[2024-10-15T05:18:27.123+0000][125][info ][safepoint   ] Safepoint "Cleanup", Time since last: 17985530004 ns, Reaching safepoint: 14721 ns, Cleanup: 10810 ns, At safepoint: 10304 ns, Total: 35835 ns
[2024-10-15T05:18:28.165+0000][125][info ][safepoint   ] Safepoint "Cleanup", Time since last: 1041602587 ns, Reaching safepoint: 6781 ns, Cleanup: 7465 ns, At safepoint: 5059 ns, Total: 19305 ns
[2024-10-15T05:19:09.322+0000][125][info ][safepoint   ] Safepoint "Cleanup", Time since last: 41155001845 ns, Reaching safepoint: 1359104 ns, Cleanup: 18305 ns, At safepoint: 103053 ns, Total: 1480462 ns
[2024-10-15T05:19:10.906+0000][125][info ][safepoint   ] Safepoint "Cleanup", Time since last: 1584062520 ns, Reaching safepoint: 9590 ns, Cleanup: 11442 ns, At safepoint: 8750 ns, Total: 29782 ns
[2024-10-15T05:19:15.931+0000][125][info ][safepoint   ] Safepoint "Cleanup", Time since last: 5025192532 ns, Reaching safepoint: 15147 ns, Cleanup: 16747 ns, At safepoint: 9850 ns, Total: 41744 ns
[2024-10-15T05:19:30.191+0000][125][info ][safepoint   ] Safepoint "Cleanup", Time since last: 14259166351 ns, Reaching safepoint: 15382 ns, Cleanup: 9333 ns, At safepoint: 14580 ns, Total: 39295 ns
[2024-10-15T05:20:00.864+0000][125][info ][safepoint   ] Safepoint "Cleanup", Time since last: 28516607104 ns, Reaching safepoint: 15302 ns, Cleanup: 11892 ns, At safepoint: 10056 ns, Total: 37250 ns
[2024-10-15T05:20:10.885+0000][125][info ][safepoint   ] Safepoint "Cleanup", Time since last: 10020661206 ns, Reaching safepoint: 15531 ns, Cleanup: 11450 ns, At safepoint: 9733 ns, Total: 36714 ns
[2024-10-15T05:20:12.658+0000][125][info ][safepoint   ] Safepoint "Cleanup", Time since last: 1773067117 ns, Reaching safepoint: 15255 ns, Cleanup: 18638 ns, At safepoint: 45856 ns, Total: 79749 ns
[2024-10-15T05:29:32.370+0000][125][info ][safepoint   ] Safepoint "Cleanup", Time since last: 559840423342 ns, Reaching safepoint: 318149265 ns, Cleanup: 23490 ns, At safepoint: 562423 ns, Total: 318735178 ns
[2024-10-15T05:29:33.440+0000][125][info ][safepoint   ] Safepoint "Cleanup", Time since last: 1061002949 ns, Reaching safepoint: 11191663 ns, Cleanup: 29382 ns, At safepoint: 117368 ns, Total: 11338413 ns
[2024-10-15T05:29:34.477+0000][125][info ][safepoint   ] Safepoint "Cleanup", Time since last: 1037331841 ns, Reaching safepoint: 18903 ns, Cleanup: 33097 ns, At safepoint: 13093 ns, Total: 65093 ns
[2024-10-15T05:29:42.433+0000][125][info ][safepoint   ] Safepoint "Cleanup", Time since last: 7955233531 ns, Reaching safepoint: 14984 ns, Cleanup: 10803 ns, At safepoint: 8877 ns, Total: 34664 ns
[2024-10-15T05:29:43.482+0000][125][info ][safepoint   ] Safepoint "Cleanup", Time since last: 1048880609 ns, Reaching safepoint: 6825 ns, Cleanup: 7194 ns, At safepoint: 5029 ns, Total: 19048 ns
[2024-10-15T05:29:52.496+0000][125][info ][safepoint   ] Safepoint "Cleanup", Time since last: 9013989248 ns, Reaching safepoint: 25745 ns, Cleanup: 15878 ns, At safepoint: 20770 ns, Total: 62393 ns
[2024-10-15T05:29:57.500+0000][125][info ][safepoint   ] Safepoint "Cleanup", Time since last: 5004768025 ns, Reaching safepoint: 14588 ns, Cleanup: 9664 ns, At safepoint: 9702 ns, Total: 33954 ns
[2024-10-15T05:50:02.021+0000][125][info ][safepoint   ] Safepoint "Cleanup", Time since last: 1203737531718 ns, Reaching safepoint: 10731 ns, Cleanup: 13090 ns, At safepoint: 12943 ns, Total: 36764 ns
[2024-10-15T05:50:03.172+0000][125][info ][safepoint   ] Safepoint "Cleanup", Time since last: 1151289038 ns, Reaching safepoint: 10082 ns, Cleanup: 152453 ns, At safepoint: 9473 ns, Total: 172008 ns
[2024-10-15T05:50:06.109+0000][125][info ][safepoint   ] Safepoint "Cleanup", Time since last: 2937115739 ns, Reaching safepoint: 13907 ns, Cleanup: 9400 ns, At safepoint: 7771 ns, Total: 31078 ns
[2024-10-15T05:50:31.303+0000][125][info ][safepoint   ] Safepoint "Cleanup", Time since last: 25168930919 ns, Reaching safepoint: 19831 ns, Cleanup: 13801 ns, At safepoint: 14432 ns, Total: 48064 ns
[2024-10-15T05:50:39.308+0000][125][info ][safepoint   ] Safepoint "Cleanup", Time since last: 8005134154 ns, Reaching safepoint: 43438 ns, Cleanup: 10772 ns, At safepoint: 9805 ns, Total: 64015 ns
[2024-10-15T05:50:41.309+0000][125][info ][safepoint   ] Safepoint "Cleanup", Time since last: 2000964644 ns, Reaching safepoint: 18177 ns, Cleanup: 17355 ns, At safepoint: 9708 ns, Total: 45240 ns
[2024-10-15T05:53:51.653+0000][125][info ][safepoint   ] Safepoint "Cleanup", Time since last: 190344494790 ns, Reaching safepoint: 15656 ns, Cleanup: 8313 ns, At safepoint: 8503 ns, Total: 32472 ns
[2024-10-15T05:53:52.708+0000][125][info ][safepoint   ] Safepoint "Cleanup", Time since last: 1731133248 ns, Reaching safepoint: 6832 ns, Cleanup: 9760 ns, At safepoint: 5551 ns, Total: 22143 ns
[2024-10-15T05:54:06.813+0000][125][info ][safepoint   ] Safepoint "Cleanup", Time since last: 14104573392 ns, Reaching safepoint: 401007 ns, Cleanup: 13396 ns, At safepoint: 22137 ns, Total: 436540 ns
[2024-10-15T05:54:15.823+0000][125][info ][safepoint   ] Safepoint "Cleanup", Time since last: 9009989087 ns, Reaching safepoint: 21114 ns, Cleanup: 15332 ns, At safepoint: 63002 ns, Total: 99448 ns
[2024-10-15T05:54:44.814+0000][125][info ][safepoint   ] Safepoint "Cleanup", Time since last: 30069854757 ns, Reaching safepoint: 61184 ns, Cleanup: 61787 ns, At safepoint: 14781 ns, Total: 137752 ns
[2024-10-15T05:54:49.715+0000][125][info ][safepoint   ] Safepoint "Cleanup", Time since last: 4901424556 ns, Reaching safepoint: 30681 ns, Cleanup: 18732 ns, At safepoint: 14834 ns, Total: 64247 ns
[2024-10-15T05:54:53.912+0000][125][info ][safepoint   ] Safepoint "Cleanup", Time since last: 4195749127 ns, Reaching safepoint: 145187 ns, Cleanup: 16275 ns, At safepoint: 20185 ns, Total: 181647 ns
[2024-10-15T05:55:02.565+0000][125][info ][safepoint   ] Safepoint "Cleanup", Time since last: 8651671564 ns, Reaching safepoint: 636428 ns, Cleanup: 13662 ns, At safepoint: 137602 ns, Total: 787692 ns
[2024-10-15T05:55:04.108+0000][125][info ][safepoint   ] Safepoint "Cleanup", Time since last: 1543748988 ns, Reaching safepoint: 28514 ns, Cleanup: 16819 ns, At safepoint: 16041 ns, Total: 61374 ns
[2024-10-15T05:55:24.706+0000][125][info ][safepoint   ] Safepoint "Cleanup", Time since last: 20596560807 ns, Reaching safepoint: 6668 ns, Cleanup: 6660 ns, At safepoint: 4404 ns, Total: 17732 ns
[2024-10-15T05:55:35.103+0000][125][info ][safepoint   ] Safepoint "Cleanup", Time since last: 10396690231 ns, Reaching safepoint: 24017 ns, Cleanup: 16075 ns, At safepoint: 14698 ns, Total: 54790 ns
[2024-10-15T05:55:39.132+0000][125][info ][safepoint   ] Safepoint "Cleanup", Time since last: 4029746454 ns, Reaching safepoint: 16457 ns, Cleanup: 13449 ns, At safepoint: 9526 ns, Total: 39432 ns
[2024-10-15T05:55:49.943+0000][125][info ][safepoint   ] Safepoint "Cleanup", Time since last: 10810277117 ns, Reaching safepoint: 184239 ns, Cleanup: 17063 ns, At safepoint: 14433 ns, Total: 215735 ns
[2024-10-15T05:55:56.662+0000][125][info ][safepoint   ] Safepoint "Cleanup", Time since last: 6718899487 ns, Reaching safepoint: 13584 ns, Cleanup: 9320 ns, At safepoint: 8838 ns, Total: 31742 ns
[2024-10-15T05:55:57.697+0000][125][info ][safepoint   ] Safepoint "Cleanup", Time since last: 1034925650 ns, Reaching safepoint: 13122 ns, Cleanup: 22218 ns, At safepoint: 10837 ns, Total: 46177 ns
[2024-10-15T05:56:04.804+0000][125][info ][safepoint   ] Safepoint "Cleanup", Time since last: 7106716400 ns, Reaching safepoint: 21680 ns, Cleanup: 19630 ns, At safepoint: 14131 ns, Total: 55441 ns
[2024-10-15T05:56:08.808+0000][125][info ][safepoint   ] Safepoint "Cleanup", Time since last: 4003908944 ns, Reaching safepoint: 55875 ns, Cleanup: 30160 ns, At safepoint: 23727 ns, Total: 109762 ns
[2024-10-15T05:56:19.856+0000][125][info ][safepoint   ] Safepoint "Cleanup", Time since last: 11047917699 ns, Reaching safepoint: 17424 ns, Cleanup: 11815 ns, At safepoint: 10601 ns, Total: 39840 ns
[2024-10-15T05:56:31.869+0000][125][info ][safepoint   ] Safepoint "Cleanup", Time since last: 12011958215 ns, Reaching safepoint: 16043 ns, Cleanup: 10465 ns, At safepoint: 9670 ns, Total: 36178 ns
[2024-10-15T05:56:35.385+0000][125][info ][safepoint   ] Safepoint "Cleanup", Time since last: 3515634963 ns, Reaching safepoint: 9619 ns, Cleanup: 7916 ns, At safepoint: 6344 ns, Total: 23879 ns
[2024-10-15T05:56:36.920+0000][125][info ][safepoint   ] Safepoint "Cleanup", Time since last: 1535049339 ns, Reaching safepoint: 25798 ns, Cleanup: 62826 ns, At safepoint: 16807 ns, Total: 105431 ns
[2024-10-15T05:56:39.772+0000][125][info ][safepoint   ] Safepoint "Cleanup", Time since last: 2851462498 ns, Reaching safepoint: 6255 ns, Cleanup: 8793 ns, At safepoint: 4733 ns, Total: 19781 ns
[2024-10-15T05:56:41.435+0000][125][info ][safepoint   ] Safepoint "Cleanup", Time since last: 1663757917 ns, Reaching safepoint: 11030 ns, Cleanup: 8052 ns, At safepoint: 5976 ns, Total: 25058 ns
[2024-10-15T05:56:43.063+0000][125][info ][safepoint   ] Safepoint "Cleanup", Time since last: 1628022423 ns, Reaching safepoint: 17626 ns, Cleanup: 33783 ns, At safepoint: 10263 ns, Total: 61672 ns
[2024-10-15T05:56:45.104+0000][125][info ][safepoint   ] Safepoint "Cleanup", Time since last: 2040313980 ns, Reaching safepoint: 7395 ns, Cleanup: 13079 ns, At safepoint: 5584 ns, Total: 26058 ns
[2024-10-15T05:56:50.118+0000][125][info ][safepoint   ] Safepoint "Cleanup", Time since last: 5013330992 ns, Reaching safepoint: 25293 ns, Cleanup: 17005 ns, At safepoint: 12671 ns, Total: 54969 ns
[2024-10-15T05:56:54.151+0000][125][info ][safepoint   ] Safepoint "Cleanup", Time since last: 4033092038 ns, Reaching safepoint: 41653 ns, Cleanup: 11028 ns, At safepoint: 12083 ns, Total: 64764 ns
[2024-10-15T05:56:55.152+0000][125][info ][safepoint   ] Safepoint "Cleanup", Time since last: 1000735635 ns, Reaching safepoint: 18780 ns, Cleanup: 13708 ns, At safepoint: 11135 ns, Total: 43623 ns
[2024-10-15T05:56:59.420+0000][125][info ][safepoint   ] Safepoint "Cleanup", Time since last: 4267284848 ns, Reaching safepoint: 156086 ns, Cleanup: 13990 ns, At safepoint: 16340 ns, Total: 186416 ns
[2024-10-15T05:57:01.179+0000][125][info ][safepoint   ] Safepoint "Cleanup", Time since last: 1759772003 ns, Reaching safepoint: 6988 ns, Cleanup: 12216 ns, At safepoint: 5212 ns, Total: 24416 ns
[2024-10-15T05:57:06.220+0000][125][info ][safepoint   ] Safepoint "Cleanup", Time since last: 5040790373 ns, Reaching safepoint: 60889 ns, Cleanup: 17862 ns, At safepoint: 42640 ns, Total: 121391 ns
[2024-10-15T05:57:44.648+0000][125][info ][safepoint   ] Safepoint "Cleanup", Time since last: 38426208592 ns, Reaching safepoint: 56172 ns, Cleanup: 16008 ns, At safepoint: 131998 ns, Total: 204178 ns
[2024-10-15T05:57:49.654+0000][125][info ][safepoint   ] Safepoint "Cleanup", Time since last: 5004513156 ns, Reaching safepoint: 1465868 ns, Cleanup: 18538 ns, At safepoint: 119507 ns, Total: 1603913 ns
[2024-10-15T05:57:51.327+0000][125][info ][safepoint   ] Safepoint "Cleanup", Time since last: 1672465409 ns, Reaching safepoint: 31356 ns, Cleanup: 21182 ns, At safepoint: 22498 ns, Total: 75036 ns
[2024-10-15T05:57:54.741+0000][125][info ][safepoint   ] Safepoint "Cleanup", Time since last: 3413809598 ns, Reaching safepoint: 10311 ns, Cleanup: 9655 ns, At safepoint: 7075 ns, Total: 27041 ns
[2024-10-15T05:57:56.668+0000][125][info ][safepoint   ] Safepoint "Cleanup", Time since last: 1927136710 ns, Reaching safepoint: 25379 ns, Cleanup: 21611 ns, At safepoint: 50100 ns, Total: 97090 ns
[2024-10-15T05:58:03.392+0000][125][info ][safepoint   ] Safepoint "Cleanup", Time since last: 6723765886 ns, Reaching safepoint: 7305 ns, Cleanup: 6645 ns, At safepoint: 5352 ns, Total: 19302 ns
[2024-10-15T05:58:08.408+0000][125][info ][safepoint   ] Safepoint "Cleanup", Time since last: 5015902384 ns, Reaching safepoint: 22275 ns, Cleanup: 17221 ns, At safepoint: 12422 ns, Total: 51918 ns
[2024-10-15T05:58:34.435+0000][125][info ][safepoint   ] Safepoint "Cleanup", Time since last: 26026151150 ns, Reaching safepoint: 22440 ns, Cleanup: 14978 ns, At safepoint: 15432 ns, Total: 52850 ns
[2024-10-15T05:59:05.429+0000][125][info ][safepoint   ] Safepoint "Cleanup", Time since last: 30994047021 ns, Reaching safepoint: 12525 ns, Cleanup: 9956 ns, At safepoint: 10550 ns, Total: 33031 ns
[2024-10-15T05:59:06.600+0000][125][info ][safepoint   ] Safepoint "Cleanup", Time since last: 1168532996 ns, Reaching safepoint: 1109449 ns, Cleanup: 118954 ns, At safepoint: 1636023 ns, Total: 2864426 ns
[2024-10-15T05:59:35.689+0000][125][info ][safepoint   ] Safepoint "Cleanup", Time since last: 29086409486 ns, Reaching safepoint: 71428 ns, Cleanup: 14973 ns, At safepoint: 13375 ns, Total: 99776 ns
[2024-10-15T05:59:44.699+0000][125][info ][safepoint   ] Safepoint "Cleanup", Time since last: 9010068863 ns, Reaching safepoint: 375094 ns, Cleanup: 12077 ns, At safepoint: 79969 ns, Total: 467140 ns
[2024-10-15T05:59:47.714+0000][125][info ][safepoint   ] Safepoint "Cleanup", Time since last: 3009784604 ns, Reaching safepoint: 5024770 ns, Cleanup: 40480 ns, At safepoint: 140764 ns, Total: 5206014 ns
[2024-10-15T05:59:50.422+0000][125][info ][safepoint   ] Safepoint "Cleanup", Time since last: 2712864566 ns, Reaching safepoint: 7476 ns, Cleanup: 11497 ns, At safepoint: 5114 ns, Total: 24087 ns
[2024-10-15T06:00:01.436+0000][125][info ][safepoint   ] Safepoint "Cleanup", Time since last: 11013522830 ns, Reaching safepoint: 17630 ns, Cleanup: 10102 ns, At safepoint: 10067 ns, Total: 37799 ns
[2024-10-15T06:00:05.406+0000][125][info ][safepoint   ] Safepoint "Cleanup", Time since last: 3970340413 ns, Reaching safepoint: 9774 ns, Cleanup: 7081 ns, At safepoint: 6026 ns, Total: 22881 ns
[2024-10-15T06:00:06.857+0000][125][info ][safepoint   ] Safepoint "Cleanup", Time since last: 1450677542 ns, Reaching safepoint: 25539 ns, Cleanup: 13984 ns, At safepoint: 14126 ns, Total: 53649 ns
[2024-10-15T06:00:19.937+0000][125][info ][safepoint   ] Safepoint "Cleanup", Time since last: 13079203013 ns, Reaching safepoint: 617199 ns, Cleanup: 16258 ns, At safepoint: 15305 ns, Total: 648762 ns
[2024-10-15T06:00:49.986+0000][125][info ][safepoint   ] Safepoint "Cleanup", Time since last: 30057022558 ns, Reaching safepoint: 16536 ns, Cleanup: 12092 ns, At safepoint: 8661 ns, Total: 37289 ns
[2024-10-15T06:01:05.811+0000][125][info ][safepoint   ] Safepoint "Cleanup", Time since last: 15808799461 ns, Reaching safepoint: 30052 ns, Cleanup: 61947 ns, At safepoint: 70665 ns, Total: 162664 ns
[2024-10-15T06:01:07.151+0000][125][info ][safepoint   ] Safepoint "Cleanup", Time since last: 1340000321 ns, Reaching safepoint: 89531 ns, Cleanup: 50444 ns, At safepoint: 48846 ns, Total: 188821 ns
[2024-10-15T06:01:10.154+0000][125][info ][safepoint   ] Safepoint "Cleanup", Time since last: 3002713031 ns, Reaching safepoint: 17181 ns, Cleanup: 12170 ns, At safepoint: 9166 ns, Total: 38517 ns
[2024-10-15T06:01:11.199+0000][125][info ][safepoint   ] Safepoint "Cleanup", Time since last: 1045041674 ns, Reaching safepoint: 22865 ns, Cleanup: 14610 ns, At safepoint: 117962 ns, Total: 155437 ns
[2024-10-15T06:01:13.106+0000][125][info ][safepoint   ] Safepoint "Cleanup", Time since last: 1906621625 ns, Reaching safepoint: 16461 ns, Cleanup: 13809 ns, At safepoint: 10743 ns, Total: 41013 ns
[2024-10-15T06:01:35.182+0000][125][info ][safepoint   ] Safepoint "Cleanup", Time since last: 22086153099 ns, Reaching safepoint: 81751 ns, Cleanup: 46677 ns, At safepoint: 69174 ns, Total: 197602 ns
[2024-10-15T06:01:50.197+0000][125][info ][safepoint   ] Safepoint "Cleanup", Time since last: 15014704287 ns, Reaching safepoint: 59956 ns, Cleanup: 15193 ns, At safepoint: 14628 ns, Total: 89777 ns
[2024-10-15T06:01:54.898+0000][125][info ][safepoint   ] Safepoint "Cleanup", Time since last: 4690048838 ns, Reaching safepoint: 24868 ns, Cleanup: 16021 ns, At safepoint: 12856 ns, Total: 53745 ns
[2024-10-15T06:02:14.436+0000][125][info ][safepoint   ] Safepoint "Cleanup", Time since last: 19536649311 ns, Reaching safepoint: 1296644 ns, Cleanup: 27505 ns, At safepoint: 69744 ns, Total: 1393893 ns
[2024-10-15T06:02:16.286+0000][125][info ][safepoint   ] Safepoint "Cleanup", Time since last: 1849088186 ns, Reaching safepoint: 22552 ns, Cleanup: 24032 ns, At safepoint: 85001 ns, Total: 131585 ns
[2024-10-15T06:02:50.356+0000][125][info ][safepoint   ] Safepoint "Cleanup", Time since last: 34067949741 ns, Reaching safepoint: 388720 ns, Cleanup: 116471 ns, At safepoint: 188444 ns, Total: 693635 ns
[2024-10-15T06:03:14.523+0000][125][info ][safepoint   ] Safepoint "Cleanup", Time since last: 24167016603 ns, Reaching safepoint: 15796 ns, Cleanup: 12275 ns, At safepoint: 9419 ns, Total: 37490 ns
[2024-10-15T06:03:15.554+0000][125][info ][safepoint   ] Safepoint "Cleanup", Time since last: 1031039869 ns, Reaching safepoint: 38208 ns, Cleanup: 24760 ns, At safepoint: 24982 ns, Total: 87950 ns
[2024-10-15T06:03:16.596+0000][125][info ][safepoint   ] Safepoint "Cleanup", Time since last: 1041877152 ns, Reaching safepoint: 10766 ns, Cleanup: 13302 ns, At safepoint: 8990 ns, Total: 33058 ns
[2024-10-15T06:03:17.606+0000][125][info ][safepoint   ] Safepoint "Cleanup", Time since last: 1009442473 ns, Reaching safepoint: 14017 ns, Cleanup: 9731 ns, At safepoint: 6170 ns, Total: 29918 ns
[2024-10-15T06:03:20.648+0000][125][info ][safepoint   ] Safepoint "Cleanup", Time since last: 3041432815 ns, Reaching safepoint: 16222 ns, Cleanup: 13282 ns, At safepoint: 9659 ns, Total: 39163 ns
[2024-10-15T06:03:39.695+0000][125][info ][safepoint   ] Safepoint "Cleanup", Time since last: 19045226415 ns, Reaching safepoint: 1278242 ns, Cleanup: 56458 ns, At safepoint: 97273 ns, Total: 1431973 ns
[2024-10-15T06:03:49.708+0000][125][info ][safepoint   ] Safepoint "Cleanup", Time since last: 10012210549 ns, Reaching safepoint: 1060501 ns, Cleanup: 41240 ns, At safepoint: 573462 ns, Total: 1675203 ns
[2024-10-15T06:03:50.711+0000][125][info ][safepoint   ] Safepoint "Cleanup", Time since last: 1001411922 ns, Reaching safepoint: 34508 ns, Cleanup: 16899 ns, At safepoint: 12879 ns, Total: 64286 ns
[2024-10-15T06:03:51.057+0000][125][info ][gc,start    ] GC(22) Pause Young (Mixed) (G1 Evacuation Pause)
[2024-10-15T06:03:51.057+0000][125][info ][gc,task     ] GC(22) Using 4 workers of 4 for evacuation
[2024-10-15T06:03:51.057+0000][125][debug][gc,age      ] GC(22) Desired survivor size 216006656 bytes, new threshold 15 (max threshold 15)
[2024-10-15T06:03:51.089+0000][125][info ][gc,phases   ] GC(22)   Pre Evacuate Collection Set: 1.39ms
[2024-10-15T06:03:51.089+0000][125][info ][gc,phases   ] GC(22)   Merge Heap Roots: 0.69ms
[2024-10-15T06:03:51.089+0000][125][info ][gc,phases   ] GC(22)   Evacuate Collection Set: 23.47ms
[2024-10-15T06:03:51.089+0000][125][info ][gc,phases   ] GC(22)   Post Evacuate Collection Set: 5.49ms
[2024-10-15T06:03:51.089+0000][125][info ][gc,phases   ] GC(22)   Other: 0.31ms
[2024-10-15T06:03:51.089+0000][125][trace][gc,age      ] GC(22) Age table with threshold 15 (max threshold 15)
[2024-10-15T06:03:51.089+0000][125][trace][gc,age      ] GC(22) - age   1:    2039440 bytes,    2039440 total
[2024-10-15T06:03:51.089+0000][125][trace][gc,age      ] GC(22) - age   2:     478920 bytes,    2518360 total
[2024-10-15T06:03:51.089+0000][125][trace][gc,age      ] GC(22) - age   3:      91160 bytes,    2609520 total
[2024-10-15T06:03:51.089+0000][125][trace][gc,age      ] GC(22) - age   4:    4981624 bytes,    7591144 total
[2024-10-15T06:03:51.089+0000][125][trace][gc,age      ] GC(22) - age   5:    6708480 bytes,   14299624 total
[2024-10-15T06:03:51.089+0000][125][trace][gc,age      ] GC(22) - age   6:    3331536 bytes,   17631160 total
[2024-10-15T06:03:51.089+0000][125][info ][gc,heap     ] GC(22) Eden regions: 816->0(816)
[2024-10-15T06:03:51.089+0000][125][info ][gc,heap     ] GC(22) Survivor regions: 5->5(103)
[2024-10-15T06:03:51.089+0000][125][info ][gc,heap     ] GC(22) Old regions: 34->34
[2024-10-15T06:03:51.089+0000][125][info ][gc,heap     ] GC(22) Humongous regions: 2->2
[2024-10-15T06:03:51.089+0000][125][info ][gc,metaspace] GC(22) Metaspace: 157934K(162240K)->157934K(162240K) NonClass: 136350K(138752K)->136350K(138752K) Class: 21584K(23488K)->21584K(23488K)
[2024-10-15T06:03:51.089+0000][125][info ][gc          ] GC(22) Pause Young (Mixed) (G1 Evacuation Pause) 3424M->161M(5476M) 31.657ms
[2024-10-15T06:03:51.089+0000][125][info ][gc,cpu      ] GC(22) User=0.10s Sys=0.01s Real=0.03s
[2024-10-15T06:03:51.089+0000][125][info ][safepoint   ] Safepoint "G1CollectForAllocation", Time since last: 346028800 ns, Reaching safepoint: 15347 ns, Cleanup: 3683 ns, At safepoint: 31873213 ns, Total: 31892243 ns
[2024-10-15T06:04:10.712+0000][125][info ][safepoint   ] Safepoint "Cleanup", Time since last: 19622998488 ns, Reaching safepoint: 169506 ns, Cleanup: 16153 ns, At safepoint: 15726 ns, Total: 201385 ns
[2024-10-15T06:04:12.776+0000][125][info ][safepoint   ] Safepoint "Cleanup", Time since last: 2063752886 ns, Reaching safepoint: 33671 ns, Cleanup: 11753 ns, At safepoint: 10063 ns, Total: 55487 ns
[2024-10-15T06:04:15.785+0000][125][info ][safepoint   ] Safepoint "Cleanup", Time since last: 3009161773 ns, Reaching safepoint: 24040 ns, Cleanup: 15272 ns, At safepoint: 15640 ns, Total: 54952 ns
[2024-10-15T06:04:38.271+0000][125][info ][safepoint   ] Safepoint "Cleanup", Time since last: 22484999783 ns, Reaching safepoint: 113520 ns, Cleanup: 20231 ns, At safepoint: 22919 ns, Total: 156670 ns
[2024-10-15T06:04:40.272+0000][125][info ][safepoint   ] Safepoint "Cleanup", Time since last: 2001592949 ns, Reaching safepoint: 16003 ns, Cleanup: 11456 ns, At safepoint: 12390 ns, Total: 39849 ns
[2024-10-15T06:04:50.334+0000][125][info ][safepoint   ] Safepoint "Cleanup", Time since last: 10061117164 ns, Reaching safepoint: 58534 ns, Cleanup: 15732 ns, At safepoint: 17396 ns, Total: 91662 ns
[2024-10-15T06:04:59.551+0000][125][info ][safepoint   ] Safepoint "Cleanup", Time since last: 9217651936 ns, Reaching safepoint: 15595 ns, Cleanup: 10789 ns, At safepoint: 9489 ns, Total: 35873 ns
[2024-10-15T06:05:02.898+0000][125][info ][safepoint   ] Safepoint "Cleanup", Time since last: 3346675538 ns, Reaching safepoint: 6957 ns, Cleanup: 8172 ns, At safepoint: 5001 ns, Total: 20130 ns
[2024-10-15T06:05:20.128+0000][125][info ][safepoint   ] Safepoint "Cleanup", Time since last: 17229656281 ns, Reaching safepoint: 22690 ns, Cleanup: 12713 ns, At safepoint: 13041 ns, Total: 48444 ns
[2024-10-15T06:05:23.648+0000][125][info ][safepoint   ] Safepoint "Cleanup", Time since last: 3518624003 ns, Reaching safepoint: 27389 ns, Cleanup: 8539 ns, At safepoint: 14690 ns, Total: 50618 ns
[2024-10-15T06:05:24.944+0000][125][info ][safepoint   ] Safepoint "Cleanup", Time since last: 1295920528 ns, Reaching safepoint: 9327 ns, Cleanup: 7049 ns, At safepoint: 5926 ns, Total: 22302 ns
[2024-10-15T06:05:39.457+0000][125][info ][safepoint   ] Safepoint "Cleanup", Time since last: 14513272073 ns, Reaching safepoint: 58958 ns, Cleanup: 23086 ns, At safepoint: 13564 ns, Total: 95608 ns
[2024-10-15T06:06:10.600+0000][125][info ][safepoint   ] Safepoint "Cleanup", Time since last: 31141524477 ns, Reaching safepoint: 26301 ns, Cleanup: 14142 ns, At safepoint: 15141 ns, Total: 55584 ns
[2024-10-15T06:06:20.655+0000][125][info ][safepoint   ] Safepoint "Cleanup", Time since last: 10053813456 ns, Reaching safepoint: 9011 ns, Cleanup: 7136 ns, At safepoint: 6510 ns, Total: 22657 ns
[2024-10-15T06:06:40.680+0000][125][info ][safepoint   ] Safepoint "Cleanup", Time since last: 20024190970 ns, Reaching safepoint: 62732 ns, Cleanup: 12350 ns, At safepoint: 10635 ns, Total: 85717 ns
[2024-10-15T06:07:29.700+0000][125][info ][safepoint   ] Safepoint "Cleanup", Time since last: 49018950888 ns, Reaching safepoint: 9303 ns, Cleanup: 6593 ns, At safepoint: 6256 ns, Total: 22152 ns
[2024-10-15T06:07:31.130+0000][125][info ][safepoint   ] Safepoint "Cleanup", Time since last: 1429969803 ns, Reaching safepoint: 21688 ns, Cleanup: 21242 ns, At safepoint: 14476 ns, Total: 57406 ns
[2024-10-15T06:07:40.148+0000][125][info ][safepoint   ] Safepoint "Cleanup", Time since last: 9015696084 ns, Reaching safepoint: 1564103 ns, Cleanup: 13420 ns, At safepoint: 34417 ns, Total: 1611940 ns
[2024-10-15T06:07:50.171+0000][125][info ][safepoint   ] Safepoint "Cleanup", Time since last: 10023682550 ns, Reaching safepoint: 16391 ns, Cleanup: 15353 ns, At safepoint: 9277 ns, Total: 41021 ns
[2024-10-15T06:07:59.414+0000][125][info ][safepoint   ] Safepoint "Cleanup", Time since last: 9246254191 ns, Reaching safepoint: 10939 ns, Cleanup: 7942 ns, At safepoint: 6160 ns, Total: 25041 ns
[2024-10-15T06:08:25.155+0000][125][info ][safepoint   ] Safepoint "Cleanup", Time since last: 25750767885 ns, Reaching safepoint: 54705 ns, Cleanup: 19267 ns, At safepoint: 15350 ns, Total: 89322 ns
[2024-10-15T06:08:30.237+0000][125][info ][safepoint   ] Safepoint "Cleanup", Time since last: 5080848964 ns, Reaching safepoint: 830532 ns, Cleanup: 14632 ns, At safepoint: 102402 ns, Total: 947566 ns
[2024-10-15T06:09:10.072+0000][125][info ][safepoint   ] Safepoint "Cleanup", Time since last: 39818906418 ns, Reaching safepoint: 17819 ns, Cleanup: 12886 ns, At safepoint: 11010 ns, Total: 41715 ns
[2024-10-15T06:09:28.335+0000][125][info ][safepoint   ] Safepoint "Cleanup", Time since last: 16756610741 ns, Reaching safepoint: 7311 ns, Cleanup: 6887 ns, At safepoint: 5015 ns, Total: 19213 ns
[2024-10-15T06:09:34.978+0000][125][info ][safepoint   ] Safepoint "Cleanup", Time since last: 6642980560 ns, Reaching safepoint: 7459 ns, Cleanup: 7637 ns, At safepoint: 5279 ns, Total: 20375 ns
[2024-10-15T06:10:06.704+0000][125][info ][safepoint   ] Safepoint "Cleanup", Time since last: 31713345494 ns, Reaching safepoint: 36805 ns, Cleanup: 24560 ns, At safepoint: 21888 ns, Total: 83253 ns
[2024-10-15T06:10:08.176+0000][125][info ][safepoint   ] Safepoint "Cleanup", Time since last: 1472443936 ns, Reaching safepoint: 8284 ns, Cleanup: 6996 ns, At safepoint: 5153 ns, Total: 20433 ns
[2024-10-15T06:10:12.290+0000][125][info ][safepoint   ] Safepoint "Cleanup", Time since last: 4113577211 ns, Reaching safepoint: 16748 ns, Cleanup: 11758 ns, At safepoint: 10624 ns, Total: 39130 ns
[2024-10-15T06:10:13.380+0000][125][info ][safepoint   ] Safepoint "Cleanup", Time since last: 1090179728 ns, Reaching safepoint: 11319 ns, Cleanup: 7740 ns, At safepoint: 8328 ns, Total: 27387 ns
[2024-10-15T06:10:14.928+0000][125][info ][safepoint   ] Safepoint "Cleanup", Time since last: 1546690397 ns, Reaching safepoint: 1184682 ns, Cleanup: 26410 ns, At safepoint: 217708 ns, Total: 1428800 ns
[2024-10-15T06:10:31.410+0000][125][info ][safepoint   ] Safepoint "Cleanup", Time since last: 16480669021 ns, Reaching safepoint: 14339 ns, Cleanup: 11148 ns, At safepoint: 9603 ns, Total: 35090 ns
[2024-10-15T06:10:32.448+0000][125][info ][safepoint   ] Safepoint "Cleanup", Time since last: 1037533265 ns, Reaching safepoint: 17992 ns, Cleanup: 21458 ns, At safepoint: 12774 ns, Total: 52224 ns
[2024-10-15T06:10:43.440+0000][125][info ][safepoint   ] Safepoint "Cleanup", Time since last: 10992283438 ns, Reaching safepoint: 16714 ns, Cleanup: 9807 ns, At safepoint: 9409 ns, Total: 35930 ns
[2024-10-15T06:10:51.448+0000][125][info ][safepoint   ] Safepoint "Cleanup", Time since last: 8007897830 ns, Reaching safepoint: 43484 ns, Cleanup: 20461 ns, At safepoint: 9729 ns, Total: 73674 ns
[2024-10-15T06:11:11.789+0000][125][info ][safepoint   ] Safepoint "Cleanup", Time since last: 20340355861 ns, Reaching safepoint: 56490 ns, Cleanup: 14086 ns, At safepoint: 14364 ns, Total: 84940 ns
[2024-10-15T06:11:35.543+0000][125][info ][safepoint   ] Safepoint "Cleanup", Time since last: 23752977930 ns, Reaching safepoint: 20453 ns, Cleanup: 9158 ns, At safepoint: 5283 ns, Total: 34894 ns
[2024-10-15T06:11:40.574+0000][125][info ][safepoint   ] Safepoint "Cleanup", Time since last: 5031268631 ns, Reaching safepoint: 10789 ns, Cleanup: 7599 ns, At safepoint: 6619 ns, Total: 25007 ns
[2024-10-15T06:11:41.585+0000][125][info ][safepoint   ] Safepoint "Cleanup", Time since last: 1010373176 ns, Reaching safepoint: 16115 ns, Cleanup: 10220 ns, At safepoint: 9739 ns, Total: 36074 ns
[2024-10-15T06:12:41.743+0000][125][info ][safepoint   ] Safepoint "Cleanup", Time since last: 60156061538 ns, Reaching safepoint: 23078 ns, Cleanup: 14168 ns, At safepoint: 14686 ns, Total: 51932 ns
[2024-10-15T06:12:43.609+0000][125][info ][safepoint   ] Safepoint "Cleanup", Time since last: 1866352740 ns, Reaching safepoint: 6726 ns, Cleanup: 7458 ns, At safepoint: 5323 ns, Total: 19507 ns
[2024-10-15T06:12:44.758+0000][125][info ][safepoint   ] Safepoint "Cleanup", Time since last: 1148524189 ns, Reaching safepoint: 16806 ns, Cleanup: 16435 ns, At safepoint: 9873 ns, Total: 43114 ns
[2024-10-15T06:13:26.515+0000][125][info ][safepoint   ] Safepoint "Cleanup", Time since last: 41755797256 ns, Reaching safepoint: 20625 ns, Cleanup: 12163 ns, At safepoint: 13246 ns, Total: 46034 ns
[2024-10-15T06:13:37.864+0000][125][info ][safepoint   ] Safepoint "Cleanup", Time since last: 11349381015 ns, Reaching safepoint: 23354 ns, Cleanup: 14702 ns, At safepoint: 38151 ns, Total: 76207 ns
[2024-10-15T06:13:48.011+0000][125][info ][safepoint   ] Safepoint "Cleanup", Time since last: 10145901757 ns, Reaching safepoint: 928976 ns, Cleanup: 27446 ns, At safepoint: 37362 ns, Total: 993784 ns
[2024-10-15T06:13:52.015+0000][125][info ][safepoint   ] Safepoint "Cleanup", Time since last: 4003836750 ns, Reaching safepoint: 44000 ns, Cleanup: 39607 ns, At safepoint: 11267 ns, Total: 94874 ns
[2024-10-15T06:13:59.030+0000][125][info ][safepoint   ] Safepoint "Cleanup", Time since last: 7013836734 ns, Reaching safepoint: 17154 ns, Cleanup: 13319 ns, At safepoint: 9428 ns, Total: 39901 ns
[2024-10-15T06:14:22.037+0000][125][info ][safepoint   ] Safepoint "Cleanup", Time since last: 23005609096 ns, Reaching safepoint: 1205023 ns, Cleanup: 23860 ns, At safepoint: 49458 ns, Total: 1278341 ns
[2024-10-15T06:14:23.104+0000][125][info ][safepoint   ] Safepoint "Cleanup", Time since last: 1065575628 ns, Reaching safepoint: 26882 ns, Cleanup: 1727351 ns, At safepoint: 89149 ns, Total: 1843382 ns
[2024-10-15T06:14:25.093+0000][125][info ][safepoint   ] Safepoint "Cleanup", Time since last: 1988862591 ns, Reaching safepoint: 160556 ns, Cleanup: 35801 ns, At safepoint: 20857 ns, Total: 217214 ns
[2024-10-15T06:14:41.326+0000][125][info ][safepoint   ] Safepoint "Cleanup", Time since last: 16232907802 ns, Reaching safepoint: 8442 ns, Cleanup: 7465 ns, At safepoint: 5369 ns, Total: 21276 ns
[2024-10-15T06:14:50.394+0000][125][info ][safepoint   ] Safepoint "Cleanup", Time since last: 9067980361 ns, Reaching safepoint: 10371 ns, Cleanup: 11608 ns, At safepoint: 6811 ns, Total: 28790 ns
[2024-10-15T06:14:51.540+0000][125][info ][safepoint   ] Safepoint "Cleanup", Time since last: 1145973443 ns, Reaching safepoint: 127719 ns, Cleanup: 20036 ns, At safepoint: 15332 ns, Total: 163087 ns
[2024-10-15T06:15:07.609+0000][125][info ][safepoint   ] Safepoint "Cleanup", Time since last: 16077568548 ns, Reaching safepoint: 26024 ns, Cleanup: 20827 ns, At safepoint: 9498 ns, Total: 56349 ns
[2024-10-15T06:15:08.673+0000][125][info ][safepoint   ] Safepoint "Cleanup", Time since last: 1063942609 ns, Reaching safepoint: 56900 ns, Cleanup: 42832 ns, At safepoint: 27520 ns, Total: 127252 ns
[2024-10-15T06:15:42.176+0000][125][info ][safepoint   ] Safepoint "Cleanup", Time since last: 33490482959 ns, Reaching safepoint: 21862 ns, Cleanup: 14419 ns, At safepoint: 89705 ns, Total: 125986 ns
[2024-10-15T06:15:43.641+0000][125][info ][safepoint   ] Safepoint "Cleanup", Time since last: 1465007090 ns, Reaching safepoint: 13741 ns, Cleanup: 8526 ns, At safepoint: 6566 ns, Total: 28833 ns
[2024-10-15T06:15:44.944+0000][125][info ][safepoint   ] Safepoint "Cleanup", Time since last: 1303129182 ns, Reaching safepoint: 8786 ns, Cleanup: 7343 ns, At safepoint: 5514 ns, Total: 21643 ns
[2024-10-15T06:15:51.956+0000][125][info ][safepoint   ] Safepoint "Cleanup", Time since last: 7011749858 ns, Reaching safepoint: 15343 ns, Cleanup: 11093 ns, At safepoint: 9673 ns, Total: 36109 ns
[2024-10-15T06:17:22.180+0000][125][info ][safepoint   ] Safepoint "Cleanup", Time since last: 90221359985 ns, Reaching safepoint: 44103 ns, Cleanup: 122213 ns, At safepoint: 33266 ns, Total: 199582 ns
[2024-10-15T06:17:51.270+0000][125][info ][safepoint   ] Safepoint "Cleanup", Time since last: 29089434396 ns, Reaching safepoint: 28607 ns, Cleanup: 14770 ns, At safepoint: 49203 ns, Total: 92580 ns
[2024-10-15T06:18:02.339+0000][125][info ][safepoint   ] Safepoint "Cleanup", Time since last: 11067174054 ns, Reaching safepoint: 24995 ns, Cleanup: 13741 ns, At safepoint: 10705 ns, Total: 49441 ns
[2024-10-15T06:18:03.239+0000][125][info ][safepoint   ] Safepoint "ICBufferFull", Time since last: 899751375 ns, Reaching safepoint: 28932 ns, Cleanup: 163287 ns, At safepoint: 14392 ns, Total: 206611 ns
[2024-10-15T06:18:03.409+0000][125][info ][safepoint   ] Safepoint "ICBufferFull", Time since last: 170367788 ns, Reaching safepoint: 17335 ns, Cleanup: 270982 ns, At safepoint: 24427 ns, Total: 312744 ns
[2024-10-15T06:18:04.410+0000][125][info ][safepoint   ] Safepoint "Cleanup", Time since last: 1001131730 ns, Reaching safepoint: 26275 ns, Cleanup: 47815 ns, At safepoint: 11676 ns, Total: 85766 ns
[2024-10-15T06:18:05.412+0000][125][info ][safepoint   ] Safepoint "Cleanup", Time since last: 1001037392 ns, Reaching safepoint: 26960 ns, Cleanup: 14299 ns, At safepoint: 14817 ns, Total: 56076 ns
[2024-10-15T06:18:07.413+0000][125][info ][safepoint   ] Safepoint "Cleanup", Time since last: 2001912763 ns, Reaching safepoint: 16079 ns, Cleanup: 10703 ns, At safepoint: 9434 ns, Total: 36216 ns
[2024-10-15T06:18:11.417+0000][125][info ][safepoint   ] Safepoint "Cleanup", Time since last: 4003937961 ns, Reaching safepoint: 17101 ns, Cleanup: 10105 ns, At safepoint: 9323 ns, Total: 36529 ns
[2024-10-15T06:18:12.418+0000][125][info ][safepoint   ] Safepoint "Cleanup", Time since last: 1001023742 ns, Reaching safepoint: 17216 ns, Cleanup: 12116 ns, At safepoint: 10473 ns, Total: 39805 ns
[2024-10-15T06:18:18.425+0000][125][info ][safepoint   ] Safepoint "Cleanup", Time since last: 6005986823 ns, Reaching safepoint: 28471 ns, Cleanup: 25241 ns, At safepoint: 17197 ns, Total: 70909 ns
[2024-10-15T06:18:20.426+0000][125][info ][safepoint   ] Safepoint "Cleanup", Time since last: 2001832702 ns, Reaching safepoint: 16587 ns, Cleanup: 22222 ns, At safepoint: 10064 ns, Total: 48873 ns
[2024-10-15T06:18:21.427+0000][125][info ][safepoint   ] Safepoint "Cleanup", Time since last: 1000879684 ns, Reaching safepoint: 47188 ns, Cleanup: 19214 ns, At safepoint: 16156 ns, Total: 82558 ns
[2024-10-15T06:18:22.429+0000][125][info ][safepoint   ] Safepoint "Cleanup", Time since last: 1000806884 ns, Reaching safepoint: 19662 ns, Cleanup: 13704 ns, At safepoint: 10040 ns, Total: 43406 ns
[2024-10-15T06:18:25.608+0000][125][info ][safepoint   ] Safepoint "Cleanup", Time since last: 3178088761 ns, Reaching safepoint: 275360 ns, Cleanup: 17093 ns, At safepoint: 193970 ns, Total: 486423 ns
[2024-10-15T06:18:27.239+0000][125][info ][safepoint   ] Safepoint "Cleanup", Time since last: 1631501196 ns, Reaching safepoint: 25258 ns, Cleanup: 22386 ns, At safepoint: 12084 ns, Total: 59728 ns
[2024-10-15T06:18:28.240+0000][125][info ][safepoint   ] Safepoint "Cleanup", Time since last: 1000993995 ns, Reaching safepoint: 16884 ns, Cleanup: 10400 ns, At safepoint: 9904 ns, Total: 37188 ns
[2024-10-15T06:18:29.398+0000][125][info ][safepoint   ] Safepoint "Cleanup", Time since last: 1157178899 ns, Reaching safepoint: 98200 ns, Cleanup: 25004 ns, At safepoint: 19436 ns, Total: 142640 ns
[2024-10-15T06:18:42.413+0000][125][info ][safepoint   ] Safepoint "Cleanup", Time since last: 13014640740 ns, Reaching safepoint: 878498 ns, Cleanup: 14166 ns, At safepoint: 116665 ns, Total: 1009329 ns
[2024-10-15T06:18:51.432+0000][125][info ][safepoint   ] Safepoint "Cleanup", Time since last: 9017967585 ns, Reaching safepoint: 62349 ns, Cleanup: 25038 ns, At safepoint: 18362 ns, Total: 105749 ns
[2024-10-15T06:18:52.433+0000][125][info ][safepoint   ] Safepoint "Cleanup", Time since last: 1000869361 ns, Reaching safepoint: 16739 ns, Cleanup: 22384 ns, At safepoint: 10600 ns, Total: 49723 ns
[2024-10-15T06:18:53.439+0000][125][info ][safepoint   ] Safepoint "Cleanup", Time since last: 1006043001 ns, Reaching safepoint: 8540 ns, Cleanup: 10120 ns, At safepoint: 5400 ns, Total: 24060 ns
[2024-10-15T06:19:01.697+0000][125][info ][safepoint   ] Safepoint "Cleanup", Time since last: 8258246531 ns, Reaching safepoint: 7587 ns, Cleanup: 8245 ns, At safepoint: 5248 ns, Total: 21080 ns
[2024-10-15T06:19:03.493+0000][125][info ][safepoint   ] Safepoint "Cleanup", Time since last: 1795574300 ns, Reaching safepoint: 23984 ns, Cleanup: 18294 ns, At safepoint: 15060 ns, Total: 57338 ns
[2024-10-15T06:19:18.497+0000][125][info ][safepoint   ] Safepoint "Cleanup", Time since last: 15002054943 ns, Reaching safepoint: 1788340 ns, Cleanup: 21221 ns, At safepoint: 51521 ns, Total: 1861082 ns
[2024-10-15T06:19:23.535+0000][125][info ][safepoint   ] Safepoint "Cleanup", Time since last: 5038064294 ns, Reaching safepoint: 16667 ns, Cleanup: 15038 ns, At safepoint: 10440 ns, Total: 42145 ns
[2024-10-15T06:19:25.537+0000][125][info ][safepoint   ] Safepoint "Cleanup", Time since last: 2002125677 ns, Reaching safepoint: 69254 ns, Cleanup: 29534 ns, At safepoint: 23337 ns, Total: 122125 ns
[2024-10-15T06:19:27.539+0000][125][info ][safepoint   ] Safepoint "Cleanup", Time since last: 2001712730 ns, Reaching safepoint: 22070 ns, Cleanup: 14398 ns, At safepoint: 13945 ns, Total: 50413 ns
[2024-10-15T06:19:29.541+0000][125][info ][safepoint   ] Safepoint "Cleanup", Time since last: 2001928696 ns, Reaching safepoint: 29162 ns, Cleanup: 18103 ns, At safepoint: 16103 ns, Total: 63368 ns
[2024-10-15T06:19:32.544+0000][125][info ][safepoint   ] Safepoint "Cleanup", Time since last: 3002942068 ns, Reaching safepoint: 21786 ns, Cleanup: 12010 ns, At safepoint: 10764 ns, Total: 44560 ns
[2024-10-15T06:19:35.548+0000][125][info ][safepoint   ] Safepoint "Cleanup", Time since last: 3003134486 ns, Reaching safepoint: 169513 ns, Cleanup: 60542 ns, At safepoint: 228123 ns, Total: 458178 ns
[2024-10-15T06:19:42.555+0000][125][info ][safepoint   ] Safepoint "Cleanup", Time since last: 7007628609 ns, Reaching safepoint: 59701 ns, Cleanup: 15930 ns, At safepoint: 17629 ns, Total: 93260 ns
[2024-10-15T06:19:47.559+0000][125][info ][safepoint   ] Safepoint "Cleanup", Time since last: 5003584303 ns, Reaching safepoint: 23564 ns, Cleanup: 17852 ns, At safepoint: 16144 ns, Total: 57560 ns
[2024-10-15T06:19:51.564+0000][125][info ][safepoint   ] Safepoint "Cleanup", Time since last: 4005070487 ns, Reaching safepoint: 23156 ns, Cleanup: 13654 ns, At safepoint: 12236 ns, Total: 49046 ns
[2024-10-15T06:19:55.720+0000][125][info ][safepoint   ] Safepoint "Cleanup", Time since last: 4166957119 ns, Reaching safepoint: 30741 ns, Cleanup: 9390 ns, At safepoint: 20075 ns, Total: 60206 ns
[2024-10-15T06:19:57.759+0000][125][info ][safepoint   ] Safepoint "Cleanup", Time since last: 2038253400 ns, Reaching safepoint: 21262 ns, Cleanup: 25263 ns, At safepoint: 14903 ns, Total: 61428 ns
[2024-10-15T06:20:01.763+0000][125][info ][safepoint   ] Safepoint "Cleanup", Time since last: 4003710648 ns, Reaching safepoint: 102736 ns, Cleanup: 13495 ns, At safepoint: 12200 ns, Total: 128431 ns
[2024-10-15T06:20:05.709+0000][125][info ][safepoint   ] Safepoint "Cleanup", Time since last: 3946765103 ns, Reaching safepoint: 17502 ns, Cleanup: 13864 ns, At safepoint: 9385 ns, Total: 40751 ns
[2024-10-15T06:20:10.797+0000][125][info ][safepoint   ] Safepoint "Cleanup", Time since last: 5087611141 ns, Reaching safepoint: 175773 ns, Cleanup: 58545 ns, At safepoint: 66752 ns, Total: 301070 ns
[2024-10-15T06:20:11.809+0000][125][info ][safepoint   ] Safepoint "Cleanup", Time since last: 1011846957 ns, Reaching safepoint: 19298 ns, Cleanup: 19173 ns, At safepoint: 10202 ns, Total: 48673 ns
[2024-10-15T06:20:19.908+0000][125][info ][safepoint   ] Safepoint "Cleanup", Time since last: 8098412733 ns, Reaching safepoint: 80486 ns, Cleanup: 37829 ns, At safepoint: 23408 ns, Total: 141723 ns
[2024-10-15T06:20:21.921+0000][125][info ][safepoint   ] Safepoint "Cleanup", Time since last: 2012977688 ns, Reaching safepoint: 25714 ns, Cleanup: 26830 ns, At safepoint: 51757 ns, Total: 104301 ns
[2024-10-15T06:20:27.877+0000][125][info ][safepoint   ] Safepoint "Cleanup", Time since last: 5943658057 ns, Reaching safepoint: 49848 ns, Cleanup: 28847 ns, At safepoint: 17793 ns, Total: 96488 ns
[2024-10-15T06:20:30.885+0000][125][info ][safepoint   ] Safepoint "Cleanup", Time since last: 3007711056 ns, Reaching safepoint: 25909 ns, Cleanup: 17155 ns, At safepoint: 12427 ns, Total: 55491 ns
[2024-10-15T06:20:36.891+0000][125][info ][safepoint   ] Safepoint "Cleanup", Time since last: 6005985301 ns, Reaching safepoint: 27136 ns, Cleanup: 14497 ns, At safepoint: 14140 ns, Total: 55773 ns
[2024-10-15T06:20:58.706+0000][125][info ][safepoint   ] Safepoint "Cleanup", Time since last: 21811511321 ns, Reaching safepoint: 1459980 ns, Cleanup: 28249 ns, At safepoint: 112109 ns, Total: 1600338 ns
[2024-10-15T06:21:00.014+0000][125][info ][safepoint   ] Safepoint "Cleanup", Time since last: 1308042468 ns, Reaching safepoint: 12121 ns, Cleanup: 26661 ns, At safepoint: 5862 ns, Total: 44644 ns
[2024-10-15T06:21:07.934+0000][125][info ][safepoint   ] Safepoint "Cleanup", Time since last: 7919461490 ns, Reaching safepoint: 9880 ns, Cleanup: 11282 ns, At safepoint: 5578 ns, Total: 26740 ns
[2024-10-15T06:21:12.120+0000][125][info ][safepoint   ] Safepoint "Cleanup", Time since last: 4186168914 ns, Reaching safepoint: 22645 ns, Cleanup: 12233 ns, At safepoint: 11364 ns, Total: 46242 ns
[2024-10-15T06:21:21.129+0000][125][info ][safepoint   ] Safepoint "Cleanup", Time since last: 9009544673 ns, Reaching safepoint: 56054 ns, Cleanup: 16014 ns, At safepoint: 12903 ns, Total: 84971 ns
[2024-10-15T06:21:52.169+0000][125][info ][safepoint   ] Safepoint "Cleanup", Time since last: 31040346272 ns, Reaching safepoint: 41514 ns, Cleanup: 10308 ns, At safepoint: 8662 ns, Total: 60484 ns
[2024-10-15T06:21:55.521+0000][125][info ][safepoint   ] Safepoint "Cleanup", Time since last: 3349034426 ns, Reaching safepoint: 13812 ns, Cleanup: 8545 ns, At safepoint: 7329 ns, Total: 29686 ns
[2024-10-15T06:21:56.785+0000][125][info ][safepoint   ] Safepoint "Cleanup", Time since last: 1263911583 ns, Reaching safepoint: 34883 ns, Cleanup: 106336 ns, At safepoint: 49632 ns, Total: 190851 ns
[2024-10-15T06:21:57.787+0000][125][info ][safepoint   ] Safepoint "Cleanup", Time since last: 1001100223 ns, Reaching safepoint: 65241 ns, Cleanup: 99610 ns, At safepoint: 484373 ns, Total: 649224 ns
[2024-10-15T06:21:58.789+0000][125][info ][safepoint   ] Safepoint "Cleanup", Time since last: 1001362756 ns, Reaching safepoint: 537599 ns, Cleanup: 39678 ns, At safepoint: 212329 ns, Total: 789606 ns
[2024-10-15T06:21:59.790+0000][125][info ][safepoint   ] Safepoint "Cleanup", Time since last: 1001389054 ns, Reaching safepoint: 60387 ns, Cleanup: 63600 ns, At safepoint: 38752 ns, Total: 162739 ns
[2024-10-15T06:22:00.810+0000][125][info ][safepoint   ] Safepoint "Cleanup", Time since last: 1017866759 ns, Reaching safepoint: 1333241 ns, Cleanup: 27259 ns, At safepoint: 241486 ns, Total: 1601986 ns
[2024-10-15T06:22:01.828+0000][125][info ][safepoint   ] Safepoint "Cleanup", Time since last: 1018391922 ns, Reaching safepoint: 24595 ns, Cleanup: 134038 ns, At safepoint: 35817 ns, Total: 194450 ns
[2024-10-15T06:22:03.308+0000][125][info ][safepoint   ] Safepoint "Cleanup", Time since last: 1479892895 ns, Reaching safepoint: 24074 ns, Cleanup: 32181 ns, At safepoint: 46941 ns, Total: 103196 ns
[2024-10-15T06:22:04.310+0000][125][info ][safepoint   ] Safepoint "Cleanup", Time since last: 1001621724 ns, Reaching safepoint: 26919 ns, Cleanup: 16000 ns, At safepoint: 18086 ns, Total: 61005 ns
[2024-10-15T06:22:05.312+0000][125][info ][safepoint   ] Safepoint "Cleanup", Time since last: 1000535307 ns, Reaching safepoint: 1261361 ns, Cleanup: 37022 ns, At safepoint: 86015 ns, Total: 1384398 ns
[2024-10-15T06:22:06.315+0000][125][info ][safepoint   ] Safepoint "Cleanup", Time since last: 1002153750 ns, Reaching safepoint: 462927 ns, Cleanup: 20819 ns, At safepoint: 71658 ns, Total: 555404 ns
[2024-10-15T06:22:07.317+0000][125][info ][safepoint   ] Safepoint "Cleanup", Time since last: 1000880936 ns, Reaching safepoint: 1065358 ns, Cleanup: 19918 ns, At safepoint: 82319 ns, Total: 1167595 ns
[2024-10-15T06:22:08.328+0000][125][info ][safepoint   ] Safepoint "Cleanup", Time since last: 1011137900 ns, Reaching safepoint: 27481 ns, Cleanup: 25538 ns, At safepoint: 13006 ns, Total: 66025 ns
[2024-10-15T06:22:09.332+0000][125][info ][safepoint   ] Safepoint "Cleanup", Time since last: 1002014343 ns, Reaching safepoint: 1741072 ns, Cleanup: 17754 ns, At safepoint: 41040 ns, Total: 1799866 ns
[2024-10-15T06:22:10.332+0000][125][info ][safepoint   ] Safepoint "Cleanup", Time since last: 1000812768 ns, Reaching safepoint: 23172 ns, Cleanup: 15363 ns, At safepoint: 10659 ns, Total: 49194 ns
[2024-10-15T06:22:11.374+0000][125][info ][safepoint   ] Safepoint "Cleanup", Time since last: 1041190551 ns, Reaching safepoint: 19024 ns, Cleanup: 42492 ns, At safepoint: 6681 ns, Total: 68197 ns
[2024-10-15T06:22:12.463+0000][125][info ][safepoint   ] Safepoint "Cleanup", Time since last: 1088897006 ns, Reaching safepoint: 25141 ns, Cleanup: 17963 ns, At safepoint: 20118 ns, Total: 63222 ns
[2024-10-15T06:22:13.464+0000][125][info ][safepoint   ] Safepoint "Cleanup", Time since last: 1001021962 ns, Reaching safepoint: 25350 ns, Cleanup: 17817 ns, At safepoint: 13125 ns, Total: 56292 ns
[2024-10-15T06:22:14.466+0000][125][info ][safepoint   ] Safepoint "Cleanup", Time since last: 1000785335 ns, Reaching safepoint: 900273 ns, Cleanup: 19231 ns, At safepoint: 112123 ns, Total: 1031627 ns
[2024-10-15T06:22:15.467+0000][125][info ][safepoint   ] Safepoint "Cleanup", Time since last: 1000897290 ns, Reaching safepoint: 829323 ns, Cleanup: 23200 ns, At safepoint: 128571 ns, Total: 981094 ns
[2024-10-15T06:22:16.470+0000][125][info ][safepoint   ] Safepoint "Cleanup", Time since last: 1001074398 ns, Reaching safepoint: 818541 ns, Cleanup: 40793 ns, At safepoint: 122501 ns, Total: 981835 ns
[2024-10-15T06:22:17.471+0000][125][info ][safepoint   ] Safepoint "Cleanup", Time since last: 1001269950 ns, Reaching safepoint: 62207 ns, Cleanup: 38542 ns, At safepoint: 121816 ns, Total: 222565 ns
[2024-10-15T06:22:18.473+0000][125][info ][safepoint   ] Safepoint "Cleanup", Time since last: 1000402463 ns, Reaching safepoint: 1246553 ns, Cleanup: 75787 ns, At safepoint: 243101 ns, Total: 1565441 ns
[2024-10-15T06:22:19.474+0000][125][info ][safepoint   ] Safepoint "Cleanup", Time since last: 1000808210 ns, Reaching safepoint: 22428 ns, Cleanup: 17352 ns, At safepoint: 11476 ns, Total: 51256 ns
[2024-10-15T06:22:20.480+0000][125][info ][safepoint   ] Safepoint "Cleanup", Time since last: 1006158326 ns, Reaching safepoint: 352459 ns, Cleanup: 46920 ns, At safepoint: 36062 ns, Total: 435441 ns
[2024-10-15T06:22:21.505+0000][125][info ][safepoint   ] Safepoint "Cleanup", Time since last: 1016089237 ns, Reaching safepoint: 1465013 ns, Cleanup: 87986 ns, At safepoint: 7061112 ns, Total: 8614111 ns
[2024-10-15T06:22:22.511+0000][125][info ][safepoint   ] Safepoint "Cleanup", Time since last: 1004269865 ns, Reaching safepoint: 1211195 ns, Cleanup: 31202 ns, At safepoint: 199288 ns, Total: 1441685 ns
[2024-10-15T06:22:23.065+0000][125][info ][gc,start    ] GC(23) Pause Young (Concurrent Start) (CodeCache GC Threshold)
[2024-10-15T06:22:23.065+0000][125][info ][gc,task     ] GC(23) Using 4 workers of 4 for evacuation
[2024-10-15T06:22:23.065+0000][125][debug][gc,age      ] GC(23) Desired survivor size 216006656 bytes, new threshold 15 (max threshold 15)
[2024-10-15T06:22:23.212+0000][125][info ][gc,phases   ] GC(23)   Pre Evacuate Collection Set: 0.84ms
[2024-10-15T06:22:23.212+0000][125][info ][gc,phases   ] GC(23)   Merge Heap Roots: 0.54ms
[2024-10-15T06:22:23.212+0000][125][info ][gc,phases   ] GC(23)   Evacuate Collection Set: 140.18ms
[2024-10-15T06:22:23.212+0000][125][info ][gc,phases   ] GC(23)   Post Evacuate Collection Set: 4.66ms
[2024-10-15T06:22:23.212+0000][125][info ][gc,phases   ] GC(23)   Other: 0.50ms
[2024-10-15T06:22:23.212+0000][125][trace][gc,age      ] GC(23) Age table with threshold 15 (max threshold 15)
[2024-10-15T06:22:23.212+0000][125][trace][gc,age      ] GC(23) - age   1:    3069944 bytes,    3069944 total
[2024-10-15T06:22:23.212+0000][125][trace][gc,age      ] GC(23) - age   2:     959144 bytes,    4029088 total
[2024-10-15T06:22:23.212+0000][125][trace][gc,age      ] GC(23) - age   3:     281656 bytes,    4310744 total
[2024-10-15T06:22:23.212+0000][125][trace][gc,age      ] GC(23) - age   4:      90728 bytes,    4401472 total
[2024-10-15T06:22:23.212+0000][125][trace][gc,age      ] GC(23) - age   5:    4964224 bytes,    9365696 total
[2024-10-15T06:22:23.212+0000][125][trace][gc,age      ] GC(23) - age   6:    6581472 bytes,   15947168 total
[2024-10-15T06:22:23.212+0000][125][trace][gc,age      ] GC(23) - age   7:    3282824 bytes,   19229992 total
[2024-10-15T06:22:23.212+0000][125][info ][gc,heap     ] GC(23) Eden regions: 516->0(815)
[2024-10-15T06:22:23.212+0000][125][info ][gc,heap     ] GC(23) Survivor regions: 5->6(103)
[2024-10-15T06:22:23.212+0000][125][info ][gc,heap     ] GC(23) Old regions: 34->34
[2024-10-15T06:22:23.212+0000][125][info ][gc,heap     ] GC(23) Humongous regions: 2->2
[2024-10-15T06:22:23.212+0000][125][info ][gc,metaspace] GC(23) Metaspace: 158575K(162880K)->158575K(162880K) NonClass: 136931K(139264K)->136931K(139264K) Class: 21643K(23616K)->21643K(23616K)
[2024-10-15T06:22:23.212+0000][125][info ][gc          ] GC(23) Pause Young (Concurrent Start) (CodeCache GC Threshold) 2224M->162M(5476M) 147.204ms
[2024-10-15T06:22:23.212+0000][125][info ][gc,cpu      ] GC(23) User=0.52s Sys=0.02s Real=0.14s
[2024-10-15T06:22:23.212+0000][125][info ][gc          ] GC(24) Concurrent Mark Cycle
[2024-10-15T06:22:23.213+0000][125][info ][gc,marking  ] GC(24) Concurrent Scan Root Regions
[2024-10-15T06:22:23.213+0000][125][info ][safepoint   ] Safepoint "G1TryInitiateConcMark", Time since last: 553136952 ns, Reaching safepoint: 266268 ns, Cleanup: 21304 ns, At safepoint: 148003804 ns, Total: 148291376 ns
[2024-10-15T06:22:23.242+0000][125][info ][gc,marking  ] GC(24) Concurrent Scan Root Regions 29.848ms
[2024-10-15T06:22:23.242+0000][125][info ][gc,marking  ] GC(24) Concurrent Mark
[2024-10-15T06:22:23.242+0000][125][info ][gc,marking  ] GC(24) Concurrent Mark From Roots
[2024-10-15T06:22:23.242+0000][125][info ][gc,task     ] GC(24) Using 1 workers of 1 for marking
[2024-10-15T06:22:24.242+0000][125][info ][safepoint   ] Safepoint "Cleanup", Time since last: 1025068745 ns, Reaching safepoint: 3662409 ns, Cleanup: 23537 ns, At safepoint: 54743 ns, Total: 3740689 ns
[2024-10-15T06:22:24.468+0000][125][info ][gc,marking  ] GC(24) Concurrent Mark From Roots 1225.339ms
[2024-10-15T06:22:24.468+0000][125][info ][gc,marking  ] GC(24) Concurrent Preclean
[2024-10-15T06:22:24.470+0000][125][info ][gc,marking  ] GC(24) Concurrent Preclean 1.759ms
[2024-10-15T06:22:24.471+0000][125][info ][gc,start    ] GC(24) Pause Remark
[2024-10-15T06:22:24.869+0000][125][info ][gc,mmu      ] GC(24) MMU target violated: 201.0ms (200.0ms/201.0ms)
[2024-10-15T06:22:24.869+0000][125][info ][gc          ] GC(24) Pause Remark 190M->189M(5476M) 397.876ms
[2024-10-15T06:22:24.869+0000][125][info ][gc,cpu      ] GC(24) User=1.34s Sys=0.02s Real=0.40s
[2024-10-15T06:22:24.872+0000][125][info ][safepoint   ] Safepoint "G1PauseRemark", Time since last: 228743248 ns, Reaching safepoint: 238510 ns, Cleanup: 16753 ns, At safepoint: 401035574 ns, Total: 401290837 ns
[2024-10-15T06:22:24.873+0000][125][info ][gc,marking  ] GC(24) Concurrent Mark 1630.369ms
[2024-10-15T06:22:24.873+0000][125][info ][gc,marking  ] GC(24) Concurrent Rebuild Remembered Sets and Scrub Regions
[2024-10-15T06:22:25.226+0000][125][info ][gc,marking  ] GC(24) Concurrent Rebuild Remembered Sets and Scrub Regions 353.460ms
[2024-10-15T06:22:25.227+0000][125][info ][gc,start    ] GC(24) Pause Cleanup
[2024-10-15T06:22:25.228+0000][125][info ][gc          ] GC(24) Pause Cleanup 198M->198M(5476M) 1.081ms
[2024-10-15T06:22:25.228+0000][125][info ][gc,cpu      ] GC(24) User=0.00s Sys=0.00s Real=0.00s
[2024-10-15T06:22:25.228+0000][125][info ][safepoint   ] Safepoint "G1PauseCleanup", Time since last: 354900272 ns, Reaching safepoint: 21843 ns, Cleanup: 104937 ns, At safepoint: 1444983 ns, Total: 1571763 ns
[2024-10-15T06:22:25.229+0000][125][info ][gc,marking  ] GC(24) Concurrent Clear Claimed Marks
[2024-10-15T06:22:25.229+0000][125][info ][gc,marking  ] GC(24) Concurrent Clear Claimed Marks 0.250ms
[2024-10-15T06:22:25.229+0000][125][info ][gc,marking  ] GC(24) Concurrent Cleanup for Next Mark
[2024-10-15T06:22:25.249+0000][125][info ][gc,marking  ] GC(24) Concurrent Cleanup for Next Mark 19.878ms
[2024-10-15T06:22:25.249+0000][125][info ][gc          ] GC(24) Concurrent Mark Cycle 2036.837ms
[2024-10-15T06:22:26.229+0000][125][info ][safepoint   ] Safepoint "Cleanup", Time since last: 1001111965 ns, Reaching safepoint: 38945 ns, Cleanup: 39561 ns, At safepoint: 16239 ns, Total: 94745 ns
[2024-10-15T06:22:27.230+0000][125][info ][safepoint   ] Safepoint "Cleanup", Time since last: 1000900656 ns, Reaching safepoint: 28726 ns, Cleanup: 25110 ns, At safepoint: 14082 ns, Total: 67918 ns
[2024-10-15T06:22:28.235+0000][125][info ][safepoint   ] Safepoint "Cleanup", Time since last: 1004206250 ns, Reaching safepoint: 412203 ns, Cleanup: 25576 ns, At safepoint: 23447 ns, Total: 461226 ns
[2024-10-15T06:22:29.236+0000][125][info ][safepoint   ] Safepoint "Cleanup", Time since last: 1001027384 ns, Reaching safepoint: 92808 ns, Cleanup: 32127 ns, At safepoint: 29340 ns, Total: 154275 ns
[2024-10-15T06:22:30.237+0000][125][info ][safepoint   ] Safepoint "Cleanup", Time since last: 1000984293 ns, Reaching safepoint: 21705 ns, Cleanup: 14271 ns, At safepoint: 51387 ns, Total: 87363 ns
[2024-10-15T06:22:31.246+0000][125][info ][safepoint   ] Safepoint "Cleanup", Time since last: 1008405444 ns, Reaching safepoint: 32921 ns, Cleanup: 20424 ns, At safepoint: 22490 ns, Total: 75835 ns
[2024-10-15T06:22:32.247+0000][125][info ][safepoint   ] Safepoint "Cleanup", Time since last: 1000213852 ns, Reaching safepoint: 1068254 ns, Cleanup: 20198 ns, At safepoint: 80830 ns, Total: 1169282 ns
[2024-10-15T06:22:33.250+0000][125][info ][safepoint   ] Safepoint "Cleanup", Time since last: 1002406123 ns, Reaching safepoint: 29134 ns, Cleanup: 20542 ns, At safepoint: 12994 ns, Total: 62670 ns
[2024-10-15T06:22:34.250+0000][125][info ][safepoint   ] Safepoint "Cleanup", Time since last: 1000315359 ns, Reaching safepoint: 26263 ns, Cleanup: 14585 ns, At safepoint: 15088 ns, Total: 55936 ns
[2024-10-15T06:22:35.253+0000][125][info ][safepoint   ] Safepoint "Cleanup", Time since last: 1003028767 ns, Reaching safepoint: 24690 ns, Cleanup: 18798 ns, At safepoint: 10471 ns, Total: 53959 ns
[2024-10-15T06:22:36.255+0000][125][info ][safepoint   ] Safepoint "Cleanup", Time since last: 1001196503 ns, Reaching safepoint: 914400 ns, Cleanup: 22285 ns, At safepoint: 129362 ns, Total: 1066047 ns
[2024-10-15T06:22:37.257+0000][125][info ][safepoint   ] Safepoint "Cleanup", Time since last: 1001098208 ns, Reaching safepoint: 29203 ns, Cleanup: 54439 ns, At safepoint: 18312 ns, Total: 101954 ns
[2024-10-15T06:22:38.269+0000][125][info ][safepoint   ] Safepoint "Cleanup", Time since last: 1011557116 ns, Reaching safepoint: 810856 ns, Cleanup: 17818 ns, At safepoint: 166605 ns, Total: 995279 ns
[2024-10-15T06:22:40.276+0000][125][info ][safepoint   ] Safepoint "Cleanup", Time since last: 2006372694 ns, Reaching safepoint: 25561 ns, Cleanup: 25878 ns, At safepoint: 11686 ns, Total: 63125 ns
[2024-10-15T06:22:41.276+0000][125][info ][safepoint   ] Safepoint "Cleanup", Time since last: 1000783637 ns, Reaching safepoint: 25492 ns, Cleanup: 18595 ns, At safepoint: 11560 ns, Total: 55647 ns
[2024-10-15T06:22:42.278+0000][125][info ][safepoint   ] Safepoint "Cleanup", Time since last: 1001614384 ns, Reaching safepoint: 45342 ns, Cleanup: 34850 ns, At safepoint: 145804 ns, Total: 225996 ns
[2024-10-15T06:22:43.280+0000][125][info ][safepoint   ] Safepoint "Cleanup", Time since last: 1000946024 ns, Reaching safepoint: 886633 ns, Cleanup: 30458 ns, At safepoint: 119255 ns, Total: 1036346 ns
[2024-10-15T06:22:44.282+0000][125][info ][safepoint   ] Safepoint "Cleanup", Time since last: 1001720211 ns, Reaching safepoint: 19591 ns, Cleanup: 12735 ns, At safepoint: 11473 ns, Total: 43799 ns
[2024-10-15T06:22:46.284+0000][125][info ][safepoint   ] Safepoint "Cleanup", Time since last: 2002405432 ns, Reaching safepoint: 26293 ns, Cleanup: 14758 ns, At safepoint: 14289 ns, Total: 55340 ns
[2024-10-15T06:22:47.286+0000][125][info ][safepoint   ] Safepoint "Cleanup", Time since last: 1001028559 ns, Reaching safepoint: 35634 ns, Cleanup: 21166 ns, At safepoint: 18524 ns, Total: 75324 ns
[2024-10-15T06:22:48.286+0000][125][info ][safepoint   ] Safepoint "Cleanup", Time since last: 1000770963 ns, Reaching safepoint: 26371 ns, Cleanup: 17745 ns, At safepoint: 17559 ns, Total: 61675 ns
[2024-10-15T06:22:49.287+0000][125][info ][safepoint   ] Safepoint "Cleanup", Time since last: 1000708101 ns, Reaching safepoint: 20803 ns, Cleanup: 15097 ns, At safepoint: 11200 ns, Total: 47100 ns
[2024-10-15T06:22:50.289+0000][125][info ][safepoint   ] Safepoint "Cleanup", Time since last: 1001110424 ns, Reaching safepoint: 1033291 ns, Cleanup: 28980 ns, At safepoint: 147436 ns, Total: 1209707 ns
[2024-10-15T06:22:51.294+0000][125][info ][safepoint   ] Safepoint "Cleanup", Time since last: 1001600811 ns, Reaching safepoint: 1574233 ns, Cleanup: 22683 ns, At safepoint: 919819 ns, Total: 2516735 ns
[2024-10-15T06:22:52.301+0000][125][info ][safepoint   ] Safepoint "Cleanup", Time since last: 1006552105 ns, Reaching safepoint: 950704 ns, Cleanup: 21256 ns, At safepoint: 219049 ns, Total: 1191009 ns
[2024-10-15T06:22:53.304+0000][125][info ][safepoint   ] Safepoint "Cleanup", Time since last: 1000900222 ns, Reaching safepoint: 909977 ns, Cleanup: 17129 ns, At safepoint: 106323 ns, Total: 1033429 ns
[2024-10-15T06:22:54.312+0000][125][info ][safepoint   ] Safepoint "Cleanup", Time since last: 1008207988 ns, Reaching safepoint: 45301 ns, Cleanup: 36896 ns, At safepoint: 24083 ns, Total: 106280 ns
[2024-10-15T06:22:55.694+0000][125][info ][safepoint   ] Safepoint "Cleanup", Time since last: 1381648922 ns, Reaching safepoint: 14599 ns, Cleanup: 64899 ns, At safepoint: 48715 ns, Total: 128213 ns
[2024-10-15T06:22:56.704+0000][125][info ][safepoint   ] Safepoint "Cleanup", Time since last: 1003896740 ns, Reaching safepoint: 5781803 ns, Cleanup: 45063 ns, At safepoint: 89802 ns, Total: 5916668 ns
[2024-10-15T06:22:58.669+0000][125][info ][safepoint   ] Safepoint "Cleanup", Time since last: 1965121400 ns, Reaching safepoint: 22967 ns, Cleanup: 55873 ns, At safepoint: 20533 ns, Total: 99373 ns
[2024-10-15T06:22:59.672+0000][125][info ][safepoint   ] Safepoint "Cleanup", Time since last: 1002658658 ns, Reaching safepoint: 24503 ns, Cleanup: 15498 ns, At safepoint: 12696 ns, Total: 52697 ns
[2024-10-15T06:23:00.710+0000][125][info ][safepoint   ] Safepoint "Cleanup", Time since last: 1038009939 ns, Reaching safepoint: 28577 ns, Cleanup: 116071 ns, At safepoint: 56235 ns, Total: 200883 ns
[2024-10-15T06:23:04.775+0000][125][info ][safepoint   ] Safepoint "Cleanup", Time since last: 4064640477 ns, Reaching safepoint: 18244 ns, Cleanup: 13879 ns, At safepoint: 9964 ns, Total: 42087 ns
[2024-10-15T06:23:06.096+0000][125][info ][safepoint   ] Safepoint "Cleanup", Time since last: 1321531954 ns, Reaching safepoint: 10382 ns, Cleanup: 28048 ns, At safepoint: 36510 ns, Total: 74940 ns
[2024-10-15T06:23:08.606+0000][125][info ][safepoint   ] Safepoint "Cleanup", Time since last: 2509155366 ns, Reaching safepoint: 19547 ns, Cleanup: 13731 ns, At safepoint: 10215 ns, Total: 43493 ns
[2024-10-15T06:23:10.540+0000][125][info ][safepoint   ] Safepoint "Cleanup", Time since last: 1934742435 ns, Reaching safepoint: 18290 ns, Cleanup: 46629 ns, At safepoint: 48020 ns, Total: 112939 ns
[2024-10-15T06:23:11.896+0000][125][info ][safepoint   ] Safepoint "Cleanup", Time since last: 1354484884 ns, Reaching safepoint: 890463 ns, Cleanup: 14001 ns, At safepoint: 35533 ns, Total: 939997 ns
[2024-10-15T06:23:13.003+0000][125][info ][safepoint   ] Safepoint "Cleanup", Time since last: 1106664368 ns, Reaching safepoint: 28156 ns, Cleanup: 25796 ns, At safepoint: 151724 ns, Total: 205676 ns
[2024-10-15T06:23:14.359+0000][125][info ][safepoint   ] Safepoint "Cleanup", Time since last: 1355910297 ns, Reaching safepoint: 22845 ns, Cleanup: 16332 ns, At safepoint: 60600 ns, Total: 99777 ns
[2024-10-15T06:23:15.627+0000][125][info ][safepoint   ] Safepoint "Cleanup", Time since last: 1268738528 ns, Reaching safepoint: 10092 ns, Cleanup: 9664 ns, At safepoint: 5453 ns, Total: 25209 ns
[2024-10-15T06:23:16.734+0000][125][info ][safepoint   ] Safepoint "Cleanup", Time since last: 1106387889 ns, Reaching safepoint: 21272 ns, Cleanup: 93545 ns, At safepoint: 9386 ns, Total: 124203 ns
[2024-10-15T06:23:17.981+0000][125][info ][safepoint   ] Safepoint "Cleanup", Time since last: 1247044944 ns, Reaching safepoint: 25890 ns, Cleanup: 29541 ns, At safepoint: 11680 ns, Total: 67111 ns
[2024-10-15T06:23:19.316+0000][125][info ][safepoint   ] Safepoint "Cleanup", Time since last: 1335281222 ns, Reaching safepoint: 28854 ns, Cleanup: 20135 ns, At safepoint: 13964 ns, Total: 62953 ns
[2024-10-15T06:23:20.449+0000][125][info ][safepoint   ] Safepoint "Cleanup", Time since last: 1131875387 ns, Reaching safepoint: 556338 ns, Cleanup: 28062 ns, At safepoint: 203355 ns, Total: 787755 ns
[2024-10-15T06:23:21.549+0000][125][info ][safepoint   ] Safepoint "Cleanup", Time since last: 1098460618 ns, Reaching safepoint: 1687374 ns, Cleanup: 93018 ns, At safepoint: 152998 ns, Total: 1933390 ns
[2024-10-15T06:23:22.612+0000][125][info ][safepoint   ] Safepoint "Cleanup", Time since last: 1062305460 ns, Reaching safepoint: 26236 ns, Cleanup: 17850 ns, At safepoint: 13650 ns, Total: 57736 ns
[2024-10-15T06:23:23.653+0000][125][info ][safepoint   ] Safepoint "Cleanup", Time since last: 1039874811 ns, Reaching safepoint: 1212190 ns, Cleanup: 23234 ns, At safepoint: 58909 ns, Total: 1294333 ns
[2024-10-15T06:23:24.705+0000][125][info ][safepoint   ] Safepoint "Cleanup", Time since last: 1050761679 ns, Reaching safepoint: 1005644 ns, Cleanup: 13454 ns, At safepoint: 54129 ns, Total: 1073227 ns
[2024-10-15T06:23:25.750+0000][125][info ][safepoint   ] Safepoint "Cleanup", Time since last: 1044936052 ns, Reaching safepoint: 19373 ns, Cleanup: 16288 ns, At safepoint: 12084 ns, Total: 47745 ns
[2024-10-15T06:23:26.857+0000][125][info ][safepoint   ] Safepoint "Cleanup", Time since last: 1105692488 ns, Reaching safepoint: 1295617 ns, Cleanup: 65248 ns, At safepoint: 116362 ns, Total: 1477227 ns
[2024-10-15T06:23:27.942+0000][125][info ][safepoint   ] Safepoint "Cleanup", Time since last: 1083851501 ns, Reaching safepoint: 297715 ns, Cleanup: 19387 ns, At safepoint: 37144 ns, Total: 354246 ns
[2024-10-15T06:23:29.033+0000][125][info ][safepoint   ] Safepoint "Cleanup", Time since last: 1090615386 ns, Reaching safepoint: 990549 ns, Cleanup: 14516 ns, At safepoint: 39754 ns, Total: 1044819 ns
[2024-10-15T06:23:30.104+0000][125][info ][safepoint   ] Safepoint "Cleanup", Time since last: 1070049869 ns, Reaching safepoint: 79280 ns, Cleanup: 16167 ns, At safepoint: 43879 ns, Total: 139326 ns
[2024-10-15T06:23:32.241+0000][125][info ][safepoint   ] Safepoint "Cleanup", Time since last: 2136810586 ns, Reaching safepoint: 1041146 ns, Cleanup: 52416 ns, At safepoint: 75160 ns, Total: 1168722 ns
[2024-10-15T06:23:33.296+0000][125][info ][safepoint   ] Safepoint "Cleanup", Time since last: 1054630286 ns, Reaching safepoint: 26863 ns, Cleanup: 25154 ns, At safepoint: 15683 ns, Total: 67700 ns
[2024-10-15T06:23:35.629+0000][125][info ][safepoint   ] Safepoint "Cleanup", Time since last: 2333020058 ns, Reaching safepoint: 23350 ns, Cleanup: 17897 ns, At safepoint: 18255 ns, Total: 59502 ns
[2024-10-15T06:23:36.792+0000][125][info ][safepoint   ] Safepoint "Cleanup", Time since last: 1162779875 ns, Reaching safepoint: 13262 ns, Cleanup: 21410 ns, At safepoint: 6324 ns, Total: 40996 ns
[2024-10-15T06:23:38.148+0000][125][info ][safepoint   ] Safepoint "Cleanup", Time since last: 1356280395 ns, Reaching safepoint: 17602 ns, Cleanup: 20632 ns, At safepoint: 84524 ns, Total: 122758 ns
[2024-10-15T06:23:40.245+0000][125][info ][safepoint   ] Safepoint "Cleanup", Time since last: 2096380367 ns, Reaching safepoint: 99474 ns, Cleanup: 17469 ns, At safepoint: 228400 ns, Total: 345343 ns
[2024-10-15T06:23:41.246+0000][125][info ][safepoint   ] Safepoint "Cleanup", Time since last: 1001075293 ns, Reaching safepoint: 23049 ns, Cleanup: 15154 ns, At safepoint: 71661 ns, Total: 109864 ns
[2024-10-15T06:23:44.249+0000][125][info ][safepoint   ] Safepoint "Cleanup", Time since last: 3002845279 ns, Reaching safepoint: 164158 ns, Cleanup: 18324 ns, At safepoint: 17684 ns, Total: 200166 ns
[2024-10-15T06:23:45.250+0000][125][info ][safepoint   ] Safepoint "Cleanup", Time since last: 1000695043 ns, Reaching safepoint: 24129 ns, Cleanup: 17240 ns, At safepoint: 130579 ns, Total: 171948 ns
[2024-10-15T06:23:48.179+0000][125][info ][gc,start    ] GC(25) Pause Young (Prepare Mixed) (G1 Evacuation Pause)
[2024-10-15T06:23:48.179+0000][125][info ][gc,task     ] GC(25) Using 4 workers of 4 for evacuation
[2024-10-15T06:23:48.179+0000][125][debug][gc,age      ] GC(25) Desired survivor size 216006656 bytes, new threshold 15 (max threshold 15)
[2024-10-15T06:23:48.215+0000][125][info ][gc,phases   ] GC(25)   Pre Evacuate Collection Set: 0.55ms
[2024-10-15T06:23:48.215+0000][125][info ][gc,phases   ] GC(25)   Merge Heap Roots: 0.47ms
[2024-10-15T06:23:48.215+0000][125][info ][gc,phases   ] GC(25)   Evacuate Collection Set: 28.26ms
[2024-10-15T06:23:48.215+0000][125][info ][gc,phases   ] GC(25)   Post Evacuate Collection Set: 6.23ms
[2024-10-15T06:23:48.215+0000][125][info ][gc,phases   ] GC(25)   Other: 0.21ms
[2024-10-15T06:23:48.215+0000][125][trace][gc,age      ] GC(25) Age table with threshold 15 (max threshold 15)
[2024-10-15T06:23:48.215+0000][125][trace][gc,age      ] GC(25) - age   1:    2162208 bytes,    2162208 total
[2024-10-15T06:23:48.215+0000][125][trace][gc,age      ] GC(25) - age   2:    1783072 bytes,    3945280 total
[2024-10-15T06:23:48.215+0000][125][trace][gc,age      ] GC(25) - age   3:     940824 bytes,    4886104 total
[2024-10-15T06:23:48.215+0000][125][trace][gc,age      ] GC(25) - age   4:     281520 bytes,    5167624 total
[2024-10-15T06:23:48.215+0000][125][trace][gc,age      ] GC(25) - age   5:      90688 bytes,    5258312 total
[2024-10-15T06:23:48.215+0000][125][trace][gc,age      ] GC(25) - age   6:    4944680 bytes,   10202992 total
[2024-10-15T06:23:48.215+0000][125][trace][gc,age      ] GC(25) - age   7:    6524128 bytes,   16727120 total
[2024-10-15T06:23:48.215+0000][125][trace][gc,age      ] GC(25) - age   8:    3266680 bytes,   19993800 total
[2024-10-15T06:23:48.215+0000][125][info ][gc,heap     ] GC(25) Eden regions: 815->0(815)
[2024-10-15T06:23:48.215+0000][125][info ][gc,heap     ] GC(25) Survivor regions: 6->6(103)
[2024-10-15T06:23:48.215+0000][125][info ][gc,heap     ] GC(25) Old regions: 33->33
[2024-10-15T06:23:48.215+0000][125][info ][gc,heap     ] GC(25) Humongous regions: 2->2
[2024-10-15T06:23:48.215+0000][125][info ][gc,metaspace] GC(25) Metaspace: 156082K(162880K)->156082K(162880K) NonClass: 135104K(139264K)->135104K(139264K) Class: 20977K(23616K)->20977K(23616K)
[2024-10-15T06:23:48.215+0000][125][info ][gc          ] GC(25) Pause Young (Prepare Mixed) (G1 Evacuation Pause) 3421M->162M(5476M) 36.196ms
[2024-10-15T06:23:48.215+0000][125][info ][gc,cpu      ] GC(25) User=0.13s Sys=0.00s Real=0.04s
[2024-10-15T06:23:48.215+0000][125][info ][safepoint   ] Safepoint "G1CollectForAllocation", Time since last: 2928619522 ns, Reaching safepoint: 39567 ns, Cleanup: 4190 ns, At safepoint: 36403445 ns, Total: 36447202 ns
[2024-10-15T06:23:49.216+0000][125][info ][safepoint   ] Safepoint "Cleanup", Time since last: 1000305846 ns, Reaching safepoint: 27918 ns, Cleanup: 14904 ns, At safepoint: 16282 ns, Total: 59104 ns
[2024-10-15T06:23:50.217+0000][125][info ][safepoint   ] Safepoint "Cleanup", Time since last: 1000764535 ns, Reaching safepoint: 36444 ns, Cleanup: 78106 ns, At safepoint: 28602 ns, Total: 143152 ns
[2024-10-15T06:23:51.708+0000][125][info ][safepoint   ] Safepoint "Cleanup", Time since last: 1489686114 ns, Reaching safepoint: 1458918 ns, Cleanup: 78847 ns, At safepoint: 45264 ns, Total: 1583029 ns
[2024-10-15T06:23:52.710+0000][125][info ][safepoint   ] Safepoint "Cleanup", Time since last: 1001264900 ns, Reaching safepoint: 33152 ns, Cleanup: 17314 ns, At safepoint: 21566 ns, Total: 72032 ns
[2024-10-15T06:23:53.759+0000][125][info ][safepoint   ] Safepoint "Cleanup", Time since last: 1047965460 ns, Reaching safepoint: 881557 ns, Cleanup: 20555 ns, At safepoint: 68223 ns, Total: 970335 ns
[2024-10-15T06:23:55.787+0000][125][info ][safepoint   ] Safepoint "Cleanup", Time since last: 2027766140 ns, Reaching safepoint: 22517 ns, Cleanup: 15083 ns, At safepoint: 14859 ns, Total: 52459 ns
[2024-10-15T06:23:57.980+0000][125][info ][safepoint   ] Safepoint "Cleanup", Time since last: 2192182413 ns, Reaching safepoint: 1042739 ns, Cleanup: 13652 ns, At safepoint: 55110 ns, Total: 1111501 ns
[2024-10-15T06:24:00.918+0000][125][info ][safepoint   ] Safepoint "Cleanup", Time since last: 2938091066 ns, Reaching safepoint: 25906 ns, Cleanup: 25179 ns, At safepoint: 9922 ns, Total: 61007 ns
[2024-10-15T06:24:02.481+0000][125][info ][safepoint   ] Safepoint "Cleanup", Time since last: 1563157524 ns, Reaching safepoint: 25006 ns, Cleanup: 56017 ns, At safepoint: 19719 ns, Total: 100742 ns
[2024-10-15T06:24:03.546+0000][125][info ][safepoint   ] Safepoint "Cleanup", Time since last: 1062534833 ns, Reaching safepoint: 1619128 ns, Cleanup: 579794 ns, At safepoint: 314781 ns, Total: 2513703 ns
[2024-10-15T06:24:04.748+0000][125][info ][safepoint   ] Safepoint "Cleanup", Time since last: 1201458489 ns, Reaching safepoint: 20727 ns, Cleanup: 12760 ns, At safepoint: 52983 ns, Total: 86470 ns
[2024-10-15T06:24:05.758+0000][125][info ][safepoint   ] Safepoint "Cleanup", Time since last: 1010089271 ns, Reaching safepoint: 13897 ns, Cleanup: 46484 ns, At safepoint: 6073 ns, Total: 66454 ns
[2024-10-15T06:24:07.946+0000][125][info ][safepoint   ] Safepoint "Cleanup", Time since last: 2187272996 ns, Reaching safepoint: 395052 ns, Cleanup: 19769 ns, At safepoint: 62168 ns, Total: 476989 ns
[2024-10-15T06:24:09.145+0000][125][info ][safepoint   ] Safepoint "Cleanup", Time since last: 1197618078 ns, Reaching safepoint: 1323554 ns, Cleanup: 22686 ns, At safepoint: 77014 ns, Total: 1423254 ns
[2024-10-15T06:24:12.713+0000][125][info ][safepoint   ] Safepoint "Cleanup", Time since last: 3567929107 ns, Reaching safepoint: 36589 ns, Cleanup: 19982 ns, At safepoint: 22427 ns, Total: 78998 ns
[2024-10-15T06:24:13.794+0000][125][info ][safepoint   ] Safepoint "Cleanup", Time since last: 1080348355 ns, Reaching safepoint: 611163 ns, Cleanup: 15136 ns, At safepoint: 62207 ns, Total: 688506 ns
[2024-10-15T06:24:15.126+0000][125][info ][safepoint   ] Safepoint "Cleanup", Time since last: 1331614243 ns, Reaching safepoint: 13004 ns, Cleanup: 16781 ns, At safepoint: 5538 ns, Total: 35323 ns
[2024-10-15T06:24:16.128+0000][125][info ][safepoint   ] Safepoint "Cleanup", Time since last: 1002465742 ns, Reaching safepoint: 21578 ns, Cleanup: 38222 ns, At safepoint: 10229 ns, Total: 70029 ns
[2024-10-15T06:24:17.154+0000][125][info ][safepoint   ] Safepoint "Cleanup", Time since last: 1026212164 ns, Reaching safepoint: 21383 ns, Cleanup: 22143 ns, At safepoint: 13693 ns, Total: 57219 ns
[2024-10-15T06:24:18.232+0000][125][info ][safepoint   ] Safepoint "Cleanup", Time since last: 1076699947 ns, Reaching safepoint: 692391 ns, Cleanup: 20280 ns, At safepoint: 102197 ns, Total: 814868 ns
[2024-10-15T06:24:22.597+0000][125][info ][safepoint   ] Safepoint "Cleanup", Time since last: 4363320832 ns, Reaching safepoint: 26877 ns, Cleanup: 21207 ns, At safepoint: 14782 ns, Total: 62866 ns
[2024-10-15T06:24:24.926+0000][125][info ][safepoint   ] Safepoint "Cleanup", Time since last: 2327536209 ns, Reaching safepoint: 1957269 ns, Cleanup: 21609 ns, At safepoint: 117932 ns, Total: 2096810 ns
[2024-10-15T06:24:25.931+0000][125][info ][safepoint   ] Safepoint "Cleanup", Time since last: 1004315045 ns, Reaching safepoint: 24123 ns, Cleanup: 15311 ns, At safepoint: 14829 ns, Total: 54263 ns
[2024-10-15T06:24:27.029+0000][125][info ][safepoint   ] Safepoint "Cleanup", Time since last: 1097566018 ns, Reaching safepoint: 36517 ns, Cleanup: 24513 ns, At safepoint: 56349 ns, Total: 117379 ns
[2024-10-15T06:24:28.077+0000][125][info ][safepoint   ] Safepoint "Cleanup", Time since last: 1048186410 ns, Reaching safepoint: 27680 ns, Cleanup: 22312 ns, At safepoint: 16564 ns, Total: 66556 ns
[2024-10-15T06:24:43.372+0000][125][info ][safepoint   ] Safepoint "Cleanup", Time since last: 15295167222 ns, Reaching safepoint: 29869 ns, Cleanup: 18382 ns, At safepoint: 15859 ns, Total: 64110 ns
[2024-10-15T06:24:44.987+0000][125][info ][gc,start    ] GC(26) Pause Young (Mixed) (G1 Evacuation Pause)
[2024-10-15T06:24:44.987+0000][125][info ][gc,task     ] GC(26) Using 4 workers of 4 for evacuation
[2024-10-15T06:24:44.987+0000][125][debug][gc,age      ] GC(26) Desired survivor size 216006656 bytes, new threshold 15 (max threshold 15)
[2024-10-15T06:24:45.022+0000][125][info ][gc,phases   ] GC(26)   Pre Evacuate Collection Set: 0.81ms
[2024-10-15T06:24:45.022+0000][125][info ][gc,phases   ] GC(26)   Merge Heap Roots: 0.51ms
[2024-10-15T06:24:45.022+0000][125][info ][gc,phases   ] GC(26)   Evacuate Collection Set: 28.74ms
[2024-10-15T06:24:45.022+0000][125][info ][gc,phases   ] GC(26)   Post Evacuate Collection Set: 4.80ms
[2024-10-15T06:24:45.022+0000][125][info ][gc,phases   ] GC(26)   Other: 0.27ms
[2024-10-15T06:24:45.022+0000][125][trace][gc,age      ] GC(26) Age table with threshold 15 (max threshold 15)
[2024-10-15T06:24:45.022+0000][125][trace][gc,age      ] GC(26) - age   1:    2722816 bytes,    2722816 total
[2024-10-15T06:24:45.022+0000][125][trace][gc,age      ] GC(26) - age   2:      61776 bytes,    2784592 total
[2024-10-15T06:24:45.022+0000][125][trace][gc,age      ] GC(26) - age   3:    1140840 bytes,    3925432 total
[2024-10-15T06:24:45.022+0000][125][trace][gc,age      ] GC(26) - age   4:     940560 bytes,    4865992 total
[2024-10-15T06:24:45.022+0000][125][trace][gc,age      ] GC(26) - age   5:     281520 bytes,    5147512 total
[2024-10-15T06:24:45.022+0000][125][trace][gc,age      ] GC(26) - age   6:      90688 bytes,    5238200 total
[2024-10-15T06:24:45.022+0000][125][trace][gc,age      ] GC(26) - age   7:    4944680 bytes,   10182880 total
[2024-10-15T06:24:45.022+0000][125][trace][gc,age      ] GC(26) - age   8:    6524128 bytes,   16707008 total
[2024-10-15T06:24:45.022+0000][125][trace][gc,age      ] GC(26) - age   9:    3266680 bytes,   19973688 total
[2024-10-15T06:24:45.022+0000][125][info ][gc,heap     ] GC(26) Eden regions: 815->0(815)
[2024-10-15T06:24:45.022+0000][125][info ][gc,heap     ] GC(26) Survivor regions: 6->6(103)
[2024-10-15T06:24:45.022+0000][125][info ][gc,heap     ] GC(26) Old regions: 33->33
[2024-10-15T06:24:45.022+0000][125][info ][gc,heap     ] GC(26) Humongous regions: 2->2
[2024-10-15T06:24:45.022+0000][125][info ][gc,metaspace] GC(26) Metaspace: 156140K(162880K)->156140K(162880K) NonClass: 135161K(139264K)->135161K(139264K) Class: 20978K(23616K)->20978K(23616K)
[2024-10-15T06:24:45.022+0000][125][info ][gc          ] GC(26) Pause Young (Mixed) (G1 Evacuation Pause) 3422M->159M(5476M) 35.428ms
[2024-10-15T06:24:45.022+0000][125][info ][gc,cpu      ] GC(26) User=0.11s Sys=0.00s Real=0.03s
[2024-10-15T06:24:45.023+0000][125][info ][safepoint   ] Safepoint "G1CollectForAllocation", Time since last: 1614730704 ns, Reaching safepoint: 21030 ns, Cleanup: 5733 ns, At safepoint: 35841563 ns, Total: 35868326 ns
[2024-10-15T06:24:47.027+0000][125][info ][safepoint   ] Safepoint "Cleanup", Time since last: 2004632274 ns, Reaching safepoint: 25557 ns, Cleanup: 14757 ns, At safepoint: 15346 ns, Total: 55660 ns
[2024-10-15T06:24:48.028+0000][125][info ][safepoint   ] Safepoint "Cleanup", Time since last: 1000313907 ns, Reaching safepoint: 26385 ns, Cleanup: 17080 ns, At safepoint: 20662 ns, Total: 64127 ns
[2024-10-15T06:24:52.045+0000][125][info ][safepoint   ] Safepoint "Cleanup", Time since last: 4016837391 ns, Reaching safepoint: 24960 ns, Cleanup: 18512 ns, At safepoint: 10763 ns, Total: 54235 ns
[2024-10-15T06:24:56.018+0000][125][info ][safepoint   ] Safepoint "Cleanup", Time since last: 4082900927 ns, Reaching safepoint: 22226 ns, Cleanup: 17588 ns, At safepoint: 12495 ns, Total: 52309 ns
[2024-10-15T06:25:01.023+0000][125][info ][safepoint   ] Safepoint "Cleanup", Time since last: 5004934949 ns, Reaching safepoint: 25844 ns, Cleanup: 17360 ns, At safepoint: 13451 ns, Total: 56655 ns
[2024-10-15T06:25:02.024+0000][125][info ][safepoint   ] Safepoint "Cleanup", Time since last: 1001437890 ns, Reaching safepoint: 23660 ns, Cleanup: 15617 ns, At safepoint: 16485 ns, Total: 55762 ns
[2024-10-15T06:25:03.025+0000][125][info ][safepoint   ] Safepoint "Cleanup", Time since last: 1000623898 ns, Reaching safepoint: 22110 ns, Cleanup: 18817 ns, At safepoint: 20861 ns, Total: 61788 ns
[2024-10-15T06:25:05.044+0000][125][info ][safepoint   ] Safepoint "Cleanup", Time since last: 2018804029 ns, Reaching safepoint: 24123 ns, Cleanup: 15669 ns, At safepoint: 12503 ns, Total: 52295 ns
[2024-10-15T06:25:10.757+0000][125][info ][safepoint   ] Safepoint "Cleanup", Time since last: 5713345510 ns, Reaching safepoint: 17049 ns, Cleanup: 12301 ns, At safepoint: 9715 ns, Total: 39065 ns
[2024-10-15T06:25:12.012+0000][125][info ][safepoint   ] Safepoint "Cleanup", Time since last: 1255320407 ns, Reaching safepoint: 14115 ns, Cleanup: 29611 ns, At safepoint: 10138 ns, Total: 53864 ns
[2024-10-15T06:25:19.781+0000][125][info ][safepoint   ] Safepoint "Cleanup", Time since last: 7768494844 ns, Reaching safepoint: 11795 ns, Cleanup: 10199 ns, At safepoint: 6338 ns, Total: 28332 ns
[2024-10-15T06:25:21.301+0000][125][info ][safepoint   ] Safepoint "Cleanup", Time since last: 1520172985 ns, Reaching safepoint: 11452 ns, Cleanup: 11814 ns, At safepoint: 7237 ns, Total: 30503 ns
[2024-10-15T06:25:23.114+0000][125][info ][safepoint   ] Safepoint "Cleanup", Time since last: 1700850132 ns, Reaching safepoint: 61668 ns, Cleanup: 25191 ns, At safepoint: 13554 ns, Total: 100413 ns
[2024-10-15T06:25:38.230+0000][125][info ][safepoint   ] Safepoint "Cleanup", Time since last: 15115723763 ns, Reaching safepoint: 81286 ns, Cleanup: 24540 ns, At safepoint: 28614 ns, Total: 134440 ns
[2024-10-15T06:25:52.244+0000][125][info ][safepoint   ] Safepoint "Cleanup", Time since last: 14014627332 ns, Reaching safepoint: 40739 ns, Cleanup: 13638 ns, At safepoint: 8907 ns, Total: 63284 ns
[2024-10-15T06:25:53.247+0000][125][info ][safepoint   ] Safepoint "Cleanup", Time since last: 1000902035 ns, Reaching safepoint: 17280 ns, Cleanup: 11344 ns, At safepoint: 9507 ns, Total: 38131 ns
[2024-10-15T06:26:07.246+0000][125][info ][safepoint   ] Safepoint "Cleanup", Time since last: 13998504853 ns, Reaching safepoint: 151968 ns, Cleanup: 19098 ns, At safepoint: 21996 ns, Total: 193062 ns
[2024-10-15T06:26:10.249+0000][125][info ][safepoint   ] Safepoint "Cleanup", Time since last: 3003411063 ns, Reaching safepoint: 125424 ns, Cleanup: 33146 ns, At safepoint: 52661 ns, Total: 211231 ns
[2024-10-15T06:26:11.383+0000][125][info ][safepoint   ] Safepoint "Cleanup", Time since last: 1133697330 ns, Reaching safepoint: 13180 ns, Cleanup: 20165 ns, At safepoint: 44916 ns, Total: 78261 ns
[2024-10-15T06:26:19.928+0000][125][info ][safepoint   ] Safepoint "Cleanup", Time since last: 8544873666 ns, Reaching safepoint: 6962 ns, Cleanup: 9026 ns, At safepoint: 4894 ns, Total: 20882 ns
[2024-10-15T06:26:21.437+0000][125][info ][safepoint   ] Safepoint "Cleanup", Time since last: 1509002149 ns, Reaching safepoint: 27161 ns, Cleanup: 19734 ns, At safepoint: 15705 ns, Total: 62600 ns
[2024-10-15T06:26:22.438+0000][125][info ][safepoint   ] Safepoint "Cleanup", Time since last: 1000995501 ns, Reaching safepoint: 43327 ns, Cleanup: 11624 ns, At safepoint: 9333 ns, Total: 64284 ns
[2024-10-15T06:26:27.444+0000][125][info ][safepoint   ] Safepoint "Cleanup", Time since last: 5004968843 ns, Reaching safepoint: 16643 ns, Cleanup: 11589 ns, At safepoint: 9964 ns, Total: 38196 ns
[2024-10-15T06:26:53.176+0000][125][info ][safepoint   ] Safepoint "Cleanup", Time since last: 25730693919 ns, Reaching safepoint: 61908 ns, Cleanup: 15782 ns, At safepoint: 471194 ns, Total: 548884 ns
[2024-10-15T06:26:56.295+0000][125][info ][safepoint   ] Safepoint "Cleanup", Time since last: 3119633180 ns, Reaching safepoint: 21219 ns, Cleanup: 12247 ns, At safepoint: 11584 ns, Total: 45050 ns
[2024-10-15T06:26:58.298+0000][125][info ][safepoint   ] Safepoint "Cleanup", Time since last: 2002160733 ns, Reaching safepoint: 21930 ns, Cleanup: 17465 ns, At safepoint: 30828 ns, Total: 70223 ns
[2024-10-15T06:27:05.305+0000][125][info ][safepoint   ] Safepoint "Cleanup", Time since last: 7006946514 ns, Reaching safepoint: 29085 ns, Cleanup: 16472 ns, At safepoint: 16413 ns, Total: 61970 ns
[2024-10-15T06:27:13.953+0000][125][info ][safepoint   ] Safepoint "Cleanup", Time since last: 8648259346 ns, Reaching safepoint: 7465 ns, Cleanup: 6728 ns, At safepoint: 5221 ns, Total: 19414 ns
[2024-10-15T06:27:18.438+0000][125][info ][safepoint   ] Safepoint "Cleanup", Time since last: 4483641479 ns, Reaching safepoint: 926457 ns, Cleanup: 293526 ns, At safepoint: 229514 ns, Total: 1449497 ns
[2024-10-15T06:27:19.452+0000][125][info ][safepoint   ] Safepoint "Cleanup", Time since last: 1014216038 ns, Reaching safepoint: 26417 ns, Cleanup: 23159 ns, At safepoint: 14721 ns, Total: 64297 ns
[2024-10-15T06:27:20.453+0000][125][info ][safepoint   ] Safepoint "Cleanup", Time since last: 1001152980 ns, Reaching safepoint: 16819 ns, Cleanup: 11237 ns, At safepoint: 9600 ns, Total: 37656 ns
[2024-10-15T06:27:22.456+0000][125][info ][safepoint   ] Safepoint "Cleanup", Time since last: 2002105498 ns, Reaching safepoint: 17379 ns, Cleanup: 14905 ns, At safepoint: 9863 ns, Total: 42147 ns
[2024-10-15T06:27:23.545+0000][125][info ][safepoint   ] Safepoint "Cleanup", Time since last: 1088911950 ns, Reaching safepoint: 7533 ns, Cleanup: 10338 ns, At safepoint: 5547 ns, Total: 23418 ns
[2024-10-15T06:27:24.561+0000][125][info ][safepoint   ] Safepoint "Cleanup", Time since last: 1015702450 ns, Reaching safepoint: 20698 ns, Cleanup: 12789 ns, At safepoint: 11454 ns, Total: 44941 ns
[2024-10-15T06:27:32.569+0000][125][info ][safepoint   ] Safepoint "Cleanup", Time since last: 8008018420 ns, Reaching safepoint: 20311 ns, Cleanup: 12925 ns, At safepoint: 12050 ns, Total: 45286 ns
[2024-10-15T06:27:45.582+0000][125][info ][safepoint   ] Safepoint "Cleanup", Time since last: 13013165217 ns, Reaching safepoint: 16781 ns, Cleanup: 41964 ns, At safepoint: 11203 ns, Total: 69948 ns
[2024-10-15T06:27:49.586+0000][125][info ][safepoint   ] Safepoint "Cleanup", Time since last: 4003829225 ns, Reaching safepoint: 17267 ns, Cleanup: 11464 ns, At safepoint: 9532 ns, Total: 38263 ns
[2024-10-15T06:27:51.588+0000][125][info ][safepoint   ] Safepoint "Cleanup", Time since last: 2001841878 ns, Reaching safepoint: 17038 ns, Cleanup: 12274 ns, At safepoint: 8818 ns, Total: 38130 ns
[2024-10-15T06:27:56.240+0000][125][info ][safepoint   ] Safepoint "Cleanup", Time since last: 4648914412 ns, Reaching safepoint: 1199386 ns, Cleanup: 158793 ns, At safepoint: 1073834 ns, Total: 2432013 ns
[2024-10-15T06:27:56.960+0000][125][info ][gc,start    ] GC(27) Pause Young (Concurrent Start) (G1 Evacuation Pause)
[2024-10-15T06:27:56.960+0000][125][info ][gc,task     ] GC(27) Using 4 workers of 4 for evacuation
[2024-10-15T06:27:56.960+0000][125][debug][gc,age      ] GC(27) Desired survivor size 216006656 bytes, new threshold 15 (max threshold 15)
[2024-10-15T06:27:56.995+0000][125][info ][gc,phases   ] GC(27)   Pre Evacuate Collection Set: 0.85ms
[2024-10-15T06:27:56.995+0000][125][info ][gc,phases   ] GC(27)   Merge Heap Roots: 0.83ms
[2024-10-15T06:27:56.995+0000][125][info ][gc,phases   ] GC(27)   Evacuate Collection Set: 28.40ms
[2024-10-15T06:27:56.995+0000][125][info ][gc,phases   ] GC(27)   Post Evacuate Collection Set: 4.31ms
[2024-10-15T06:27:56.995+0000][125][info ][gc,phases   ] GC(27)   Other: 0.33ms
[2024-10-15T06:27:56.995+0000][125][trace][gc,age      ] GC(27) Age table with threshold 15 (max threshold 15)
[2024-10-15T06:27:56.995+0000][125][trace][gc,age      ] GC(27) - age   1:    9026400 bytes,    9026400 total
[2024-10-15T06:27:56.995+0000][125][trace][gc,age      ] GC(27) - age   2:      77832 bytes,    9104232 total
[2024-10-15T06:27:56.995+0000][125][trace][gc,age      ] GC(27) - age   3:      43552 bytes,    9147784 total
[2024-10-15T06:27:56.995+0000][125][trace][gc,age      ] GC(27) - age   4:     601792 bytes,    9749576 total
[2024-10-15T06:27:56.995+0000][125][trace][gc,age      ] GC(27) - age   5:     889920 bytes,   10639496 total
[2024-10-15T06:27:56.995+0000][125][trace][gc,age      ] GC(27) - age   6:     281520 bytes,   10921016 total
[2024-10-15T06:27:56.995+0000][125][trace][gc,age      ] GC(27) - age   7:      90664 bytes,   11011680 total
[2024-10-15T06:27:56.995+0000][125][trace][gc,age      ] GC(27) - age   8:    4944680 bytes,   15956360 total
[2024-10-15T06:27:56.995+0000][125][trace][gc,age      ] GC(27) - age   9:    6491568 bytes,   22447928 total
[2024-10-15T06:27:56.995+0000][125][trace][gc,age      ] GC(27) - age  10:    3266624 bytes,   25714552 total
[2024-10-15T06:27:56.995+0000][125][info ][gc,heap     ] GC(27) Eden regions: 815->0(814)
[2024-10-15T06:27:56.995+0000][125][info ][gc,heap     ] GC(27) Survivor regions: 6->7(103)
[2024-10-15T06:27:56.995+0000][125][info ][gc,heap     ] GC(27) Old regions: 33->33
[2024-10-15T06:27:56.995+0000][125][info ][gc,heap     ] GC(27) Humongous regions: 2->2
[2024-10-15T06:27:56.995+0000][125][info ][gc,metaspace] GC(27) Metaspace: 156293K(162880K)->156293K(162880K) NonClass: 135293K(139264K)->135293K(139264K) Class: 20999K(23616K)->20999K(23616K)
[2024-10-15T06:27:56.995+0000][125][info ][gc          ] GC(27) Pause Young (Concurrent Start) (G1 Evacuation Pause) 3419M->164M(5476M) 35.126ms
[2024-10-15T06:27:56.995+0000][125][info ][gc,cpu      ] GC(27) User=0.13s Sys=0.00s Real=0.04s
[2024-10-15T06:27:56.996+0000][125][info ][gc          ] GC(28) Concurrent Mark Cycle
[2024-10-15T06:27:56.996+0000][125][info ][gc,marking  ] GC(28) Concurrent Scan Root Regions
[2024-10-15T06:27:56.998+0000][125][info ][safepoint   ] Safepoint "G1CollectForAllocation", Time since last: 718627172 ns, Reaching safepoint: 971896 ns, Cleanup: 22880 ns, At safepoint: 38001899 ns, Total: 38996675 ns
[2024-10-15T06:27:57.095+0000][125][info ][gc,marking  ] GC(28) Concurrent Scan Root Regions 99.201ms
[2024-10-15T06:27:57.095+0000][125][info ][gc,marking  ] GC(28) Concurrent Mark
[2024-10-15T06:27:57.095+0000][125][info ][gc,marking  ] GC(28) Concurrent Mark From Roots
[2024-10-15T06:27:57.095+0000][125][info ][gc,task     ] GC(28) Using 1 workers of 1 for marking
[2024-10-15T06:27:57.823+0000][125][info ][gc,marking  ] GC(28) Concurrent Mark From Roots 727.270ms
[2024-10-15T06:27:57.823+0000][125][info ][gc,marking  ] GC(28) Concurrent Preclean
[2024-10-15T06:27:57.823+0000][125][info ][gc,marking  ] GC(28) Concurrent Preclean 0.728ms
[2024-10-15T06:27:57.835+0000][125][info ][gc,start    ] GC(28) Pause Remark
[2024-10-15T06:27:57.927+0000][125][info ][gc          ] GC(28) Pause Remark 1248M->1248M(5476M) 91.919ms
[2024-10-15T06:27:57.927+0000][125][info ][gc,cpu      ] GC(28) User=0.23s Sys=0.02s Real=0.09s
[2024-10-15T06:27:57.930+0000][125][info ][safepoint   ] Safepoint "G1PauseRemark", Time since last: 836206359 ns, Reaching safepoint: 629811 ns, Cleanup: 13946 ns, At safepoint: 95670338 ns, Total: 96314095 ns
[2024-10-15T06:27:57.931+0000][125][info ][gc,marking  ] GC(28) Concurrent Mark 836.147ms
[2024-10-15T06:27:57.932+0000][125][info ][gc,marking  ] GC(28) Concurrent Rebuild Remembered Sets and Scrub Regions
[2024-10-15T06:27:58.163+0000][125][info ][gc,marking  ] GC(28) Concurrent Rebuild Remembered Sets and Scrub Regions 231.698ms
[2024-10-15T06:27:58.164+0000][125][info ][gc,start    ] GC(28) Pause Cleanup
[2024-10-15T06:27:58.165+0000][125][info ][gc          ] GC(28) Pause Cleanup 1730M->1730M(5476M) 0.329ms
[2024-10-15T06:27:58.165+0000][125][info ][gc,cpu      ] GC(28) User=0.00s Sys=0.00s Real=0.00s
[2024-10-15T06:27:58.165+0000][125][info ][safepoint   ] Safepoint "G1PauseCleanup", Time since last: 232827534 ns, Reaching safepoint: 991148 ns, Cleanup: 121313 ns, At safepoint: 699261 ns, Total: 1811722 ns
[2024-10-15T06:27:58.165+0000][125][info ][gc,marking  ] GC(28) Concurrent Clear Claimed Marks
[2024-10-15T06:27:58.166+0000][125][info ][gc,marking  ] GC(28) Concurrent Clear Claimed Marks 0.387ms
[2024-10-15T06:27:58.166+0000][125][info ][gc,marking  ] GC(28) Concurrent Cleanup for Next Mark
[2024-10-15T06:27:58.209+0000][125][info ][gc,marking  ] GC(28) Concurrent Cleanup for Next Mark 42.766ms
[2024-10-15T06:27:58.209+0000][125][info ][gc          ] GC(28) Concurrent Mark Cycle 1212.722ms
[2024-10-15T06:27:58.762+0000][125][info ][gc,start    ] GC(29) Pause Young (Prepare Mixed) (G1 Evacuation Pause)
[2024-10-15T06:27:58.762+0000][125][info ][gc,task     ] GC(29) Using 4 workers of 4 for evacuation
[2024-10-15T06:27:58.762+0000][125][debug][gc,age      ] GC(29) Desired survivor size 216006656 bytes, new threshold 15 (max threshold 15)
[2024-10-15T06:27:58.789+0000][125][info ][gc,phases   ] GC(29)   Pre Evacuate Collection Set: 0.65ms
[2024-10-15T06:27:58.789+0000][125][info ][gc,phases   ] GC(29)   Merge Heap Roots: 1.06ms
[2024-10-15T06:27:58.789+0000][125][info ][gc,phases   ] GC(29)   Evacuate Collection Set: 22.17ms
[2024-10-15T06:27:58.789+0000][125][info ][gc,phases   ] GC(29)   Post Evacuate Collection Set: 3.23ms
[2024-10-15T06:27:58.789+0000][125][info ][gc,phases   ] GC(29)   Other: 0.14ms
[2024-10-15T06:27:58.789+0000][125][trace][gc,age      ] GC(29) Age table with threshold 15 (max threshold 15)
[2024-10-15T06:27:58.789+0000][125][trace][gc,age      ] GC(29) - age   1:    7912368 bytes,    7912368 total
[2024-10-15T06:27:58.789+0000][125][trace][gc,age      ] GC(29) - age   2:    2985288 bytes,   10897656 total
[2024-10-15T06:27:58.789+0000][125][trace][gc,age      ] GC(29) - age   3:      77800 bytes,   10975456 total
[2024-10-15T06:27:58.789+0000][125][trace][gc,age      ] GC(29) - age   4:      43416 bytes,   11018872 total
[2024-10-15T06:27:58.789+0000][125][trace][gc,age      ] GC(29) - age   5:     601536 bytes,   11620408 total
[2024-10-15T06:27:58.789+0000][125][trace][gc,age      ] GC(29) - age   6:     889920 bytes,   12510328 total
[2024-10-15T06:27:58.789+0000][125][trace][gc,age      ] GC(29) - age   7:     281520 bytes,   12791848 total
[2024-10-15T06:27:58.789+0000][125][trace][gc,age      ] GC(29) - age   8:      90664 bytes,   12882512 total
[2024-10-15T06:27:58.789+0000][125][trace][gc,age      ] GC(29) - age   9:    4944408 bytes,   17826920 total
[2024-10-15T06:27:58.789+0000][125][trace][gc,age      ] GC(29) - age  10:    6490736 bytes,   24317656 total
[2024-10-15T06:27:58.789+0000][125][trace][gc,age      ] GC(29) - age  11:    3234560 bytes,   27552216 total
[2024-10-15T06:27:58.789+0000][125][info ][gc,heap     ] GC(29) Eden regions: 814->0(813)
[2024-10-15T06:27:58.789+0000][125][info ][gc,heap     ] GC(29) Survivor regions: 7->8(103)
[2024-10-15T06:27:58.789+0000][125][info ][gc,heap     ] GC(29) Old regions: 33->33
[2024-10-15T06:27:58.789+0000][125][info ][gc,heap     ] GC(29) Humongous regions: 2->2
[2024-10-15T06:27:58.789+0000][125][info ][gc,metaspace] GC(29) Metaspace: 156294K(162880K)->156294K(162880K) NonClass: 135295K(139264K)->135295K(139264K) Class: 20999K(23616K)->20999K(23616K)
[2024-10-15T06:27:58.789+0000][125][info ][gc          ] GC(29) Pause Young (Prepare Mixed) (G1 Evacuation Pause) 3420M->167M(5476M) 27.604ms
[2024-10-15T06:27:58.790+0000][125][info ][gc,cpu      ] GC(29) User=0.08s Sys=0.01s Real=0.03s
[2024-10-15T06:27:58.790+0000][125][info ][safepoint   ] Safepoint "G1CollectForAllocation", Time since last: 596459898 ns, Reaching safepoint: 250847 ns, Cleanup: 17080 ns, At safepoint: 27820854 ns, Total: 28088781 ns
[2024-10-15T06:28:00.354+0000][125][info ][safepoint   ] Safepoint "Cleanup", Time since last: 1563705972 ns, Reaching safepoint: 569479 ns, Cleanup: 34210 ns, At safepoint: 106862 ns, Total: 710551 ns
[2024-10-15T06:28:00.541+0000][125][info ][gc,start    ] GC(30) Pause Young (Mixed) (G1 Evacuation Pause)
[2024-10-15T06:28:00.542+0000][125][info ][gc,task     ] GC(30) Using 4 workers of 4 for evacuation
[2024-10-15T06:28:00.542+0000][125][debug][gc,age      ] GC(30) Desired survivor size 216006656 bytes, new threshold 15 (max threshold 15)
[2024-10-15T06:28:00.573+0000][125][info ][gc,phases   ] GC(30)   Pre Evacuate Collection Set: 0.60ms
[2024-10-15T06:28:00.573+0000][125][info ][gc,phases   ] GC(30)   Merge Heap Roots: 0.39ms
[2024-10-15T06:28:00.573+0000][125][info ][gc,phases   ] GC(30)   Evacuate Collection Set: 27.59ms
[2024-10-15T06:28:00.573+0000][125][info ][gc,phases   ] GC(30)   Post Evacuate Collection Set: 2.98ms
[2024-10-15T06:28:00.573+0000][125][info ][gc,phases   ] GC(30)   Other: 0.15ms
[2024-10-15T06:28:00.573+0000][125][trace][gc,age      ] GC(30) Age table with threshold 15 (max threshold 15)
[2024-10-15T06:28:00.573+0000][125][trace][gc,age      ] GC(30) - age   1:    5693712 bytes,    5693712 total
[2024-10-15T06:28:00.573+0000][125][trace][gc,age      ] GC(30) - age   2:     165808 bytes,    5859520 total
[2024-10-15T06:28:00.573+0000][125][trace][gc,age      ] GC(30) - age   3:    2973768 bytes,    8833288 total
[2024-10-15T06:28:00.573+0000][125][trace][gc,age      ] GC(30) - age   4:      77800 bytes,    8911088 total
[2024-10-15T06:28:00.573+0000][125][trace][gc,age      ] GC(30) - age   5:      43416 bytes,    8954504 total
[2024-10-15T06:28:00.573+0000][125][trace][gc,age      ] GC(30) - age   6:     601536 bytes,    9556040 total
[2024-10-15T06:28:00.573+0000][125][trace][gc,age      ] GC(30) - age   7:     889920 bytes,   10445960 total
[2024-10-15T06:28:00.573+0000][125][trace][gc,age      ] GC(30) - age   8:     281520 bytes,   10727480 total
[2024-10-15T06:28:00.573+0000][125][trace][gc,age      ] GC(30) - age   9:      90664 bytes,   10818144 total
[2024-10-15T06:28:00.573+0000][125][trace][gc,age      ] GC(30) - age  10:    4944408 bytes,   15762552 total
[2024-10-15T06:28:00.573+0000][125][trace][gc,age      ] GC(30) - age  11:    6490736 bytes,   22253288 total
[2024-10-15T06:28:00.573+0000][125][trace][gc,age      ] GC(30) - age  12:    3234520 bytes,   25487808 total
[2024-10-15T06:28:00.573+0000][125][info ][gc,heap     ] GC(30) Eden regions: 813->0(814)
[2024-10-15T06:28:00.573+0000][125][info ][gc,heap     ] GC(30) Survivor regions: 8->7(103)
[2024-10-15T06:28:00.573+0000][125][info ][gc,heap     ] GC(30) Old regions: 33->33
[2024-10-15T06:28:00.573+0000][125][info ][gc,heap     ] GC(30) Humongous regions: 2->2
[2024-10-15T06:28:00.573+0000][125][info ][gc,metaspace] GC(30) Metaspace: 156297K(162880K)->156297K(162880K) NonClass: 135298K(139264K)->135298K(139264K) Class: 20999K(23616K)->20999K(23616K)
[2024-10-15T06:28:00.573+0000][125][info ][gc          ] GC(30) Pause Young (Mixed) (G1 Evacuation Pause) 3419M->164M(5476M) 31.981ms
[2024-10-15T06:28:00.573+0000][125][info ][gc,cpu      ] GC(30) User=0.13s Sys=0.00s Real=0.04s
[2024-10-15T06:28:00.578+0000][125][info ][safepoint   ] Safepoint "G1CollectForAllocation", Time since last: 187314020 ns, Reaching safepoint: 23357 ns, Cleanup: 21673 ns, At safepoint: 36457971 ns, Total: 36503001 ns
[2024-10-15T06:28:04.846+0000][125][info ][safepoint   ] Safepoint "Cleanup", Time since last: 4267493531 ns, Reaching safepoint: 85846 ns, Cleanup: 41820 ns, At safepoint: 32263 ns, Total: 159929 ns
[2024-10-15T06:28:06.631+0000][125][info ][safepoint   ] Safepoint "Cleanup", Time since last: 1772056817 ns, Reaching safepoint: 13095469 ns, Cleanup: 28648 ns, At safepoint: 424417 ns, Total: 13548534 ns
[2024-10-15T06:28:07.636+0000][125][info ][safepoint   ] Safepoint "Cleanup", Time since last: 1004303443 ns, Reaching safepoint: 25226 ns, Cleanup: 15503 ns, At safepoint: 14372 ns, Total: 55101 ns
[2024-10-15T06:28:12.863+0000][125][info ][safepoint   ] Safepoint "Cleanup", Time since last: 5227719782 ns, Reaching safepoint: 19392 ns, Cleanup: 12612 ns, At safepoint: 11144 ns, Total: 43148 ns
[2024-10-15T06:28:13.864+0000][125][info ][safepoint   ] Safepoint "Cleanup", Time since last: 1000741106 ns, Reaching safepoint: 20782 ns, Cleanup: 14906 ns, At safepoint: 10069 ns, Total: 45757 ns
[2024-10-15T06:28:15.866+0000][125][info ][safepoint   ] Safepoint "Cleanup", Time since last: 2001945233 ns, Reaching safepoint: 28568 ns, Cleanup: 16384 ns, At safepoint: 16367 ns, Total: 61319 ns
[2024-10-15T06:28:17.059+0000][125][info ][safepoint   ] Safepoint "Cleanup", Time since last: 1192685985 ns, Reaching safepoint: 453707 ns, Cleanup: 16239 ns, At safepoint: 118207 ns, Total: 588153 ns
[2024-10-15T06:28:21.678+0000][125][info ][safepoint   ] Safepoint "Cleanup", Time since last: 4618377482 ns, Reaching safepoint: 20957 ns, Cleanup: 18176 ns, At safepoint: 9284 ns, Total: 48417 ns
[2024-10-15T06:28:22.668+0000][125][info ][safepoint   ] Safepoint "Cleanup", Time since last: 1001113396 ns, Reaching safepoint: 25041 ns, Cleanup: 17282 ns, At safepoint: 12674 ns, Total: 54997 ns
[2024-10-15T06:28:26.033+0000][125][info ][safepoint   ] Safepoint "Cleanup", Time since last: 3363694879 ns, Reaching safepoint: 1446355 ns, Cleanup: 17849 ns, At safepoint: 41943 ns, Total: 1506147 ns
[2024-10-15T06:28:27.701+0000][125][info ][safepoint   ] Safepoint "Cleanup", Time since last: 1668081395 ns, Reaching safepoint: 19982 ns, Cleanup: 12238 ns, At safepoint: 10245 ns, Total: 42465 ns
[2024-10-15T06:28:49.189+0000][125][info ][safepoint   ] Safepoint "Cleanup", Time since last: 21487980004 ns, Reaching safepoint: 23337 ns, Cleanup: 18590 ns, At safepoint: 14790 ns, Total: 56717 ns
[2024-10-15T06:28:50.190+0000][125][info ][safepoint   ] Safepoint "Cleanup", Time since last: 1000702870 ns, Reaching safepoint: 145318 ns, Cleanup: 15591 ns, At safepoint: 21766 ns, Total: 182675 ns
[2024-10-15T06:28:52.193+0000][125][info ][safepoint   ] Safepoint "Cleanup", Time since last: 2003040451 ns, Reaching safepoint: 30284 ns, Cleanup: 17311 ns, At safepoint: 20491 ns, Total: 68086 ns
[2024-10-15T06:29:02.482+0000][125][info ][safepoint   ] Safepoint "Cleanup", Time since last: 10284846325 ns, Reaching safepoint: 17363 ns, Cleanup: 11878 ns, At safepoint: 10634 ns, Total: 39875 ns
[2024-10-15T06:29:20.021+0000][125][info ][safepoint   ] Safepoint "Cleanup", Time since last: 17539002697 ns, Reaching safepoint: 7242 ns, Cleanup: 8233 ns, At safepoint: 5288 ns, Total: 20763 ns
[2024-10-15T06:29:21.792+0000][125][info ][safepoint   ] Safepoint "Cleanup", Time since last: 1769906206 ns, Reaching safepoint: 963390 ns, Cleanup: 33085 ns, At safepoint: 99433 ns, Total: 1095908 ns
[2024-10-15T06:29:33.827+0000][125][info ][safepoint   ] Safepoint "Cleanup", Time since last: 12025028545 ns, Reaching safepoint: 23192 ns, Cleanup: 16474 ns, At safepoint: 15434 ns, Total: 55100 ns
[2024-10-15T06:29:42.839+0000][125][info ][safepoint   ] Safepoint "Cleanup", Time since last: 9011857298 ns, Reaching safepoint: 54242 ns, Cleanup: 14667 ns, At safepoint: 13766 ns, Total: 82675 ns
[2024-10-15T06:29:49.846+0000][125][info ][safepoint   ] Safepoint "Cleanup", Time since last: 7006932754 ns, Reaching safepoint: 24570 ns, Cleanup: 16272 ns, At safepoint: 12982 ns, Total: 53824 ns
[2024-10-15T06:29:51.848+0000][125][info ][safepoint   ] Safepoint "Cleanup", Time since last: 2001810807 ns, Reaching safepoint: 27195 ns, Cleanup: 21927 ns, At safepoint: 16140 ns, Total: 65262 ns
[2024-10-15T06:29:58.439+0000][125][info ][safepoint   ] Safepoint "Cleanup", Time since last: 6590319896 ns, Reaching safepoint: 13985 ns, Cleanup: 21390 ns, At safepoint: 9832 ns, Total: 45207 ns
[2024-10-15T06:29:59.441+0000][125][info ][safepoint   ] Safepoint "Cleanup", Time since last: 1002031334 ns, Reaching safepoint: 7513 ns, Cleanup: 30701 ns, At safepoint: 12590 ns, Total: 50804 ns
[2024-10-15T06:30:00.450+0000][125][info ][safepoint   ] Safepoint "Cleanup", Time since last: 1008820158 ns, Reaching safepoint: 24134 ns, Cleanup: 16268 ns, At safepoint: 15435 ns, Total: 55837 ns
[2024-10-15T06:30:06.455+0000][125][info ][safepoint   ] Safepoint "Cleanup", Time since last: 6004974740 ns, Reaching safepoint: 30047 ns, Cleanup: 15390 ns, At safepoint: 17558 ns, Total: 62995 ns
[2024-10-15T06:30:11.029+0000][125][info ][safepoint   ] Safepoint "Cleanup", Time since last: 4572478786 ns, Reaching safepoint: 1202593 ns, Cleanup: 13622 ns, At safepoint: 68148 ns, Total: 1284363 ns
[2024-10-15T06:30:12.889+0000][125][info ][safepoint   ] Safepoint "Cleanup", Time since last: 1859742627 ns, Reaching safepoint: 56078 ns, Cleanup: 16824 ns, At safepoint: 15516 ns, Total: 88418 ns
[2024-10-15T06:30:21.899+0000][125][info ][safepoint   ] Safepoint "Cleanup", Time since last: 9009950472 ns, Reaching safepoint: 18284 ns, Cleanup: 12129 ns, At safepoint: 11083 ns, Total: 41496 ns
[2024-10-15T06:30:23.052+0000][125][info ][safepoint   ] Safepoint "Cleanup", Time since last: 1151867165 ns, Reaching safepoint: 942579 ns, Cleanup: 15571 ns, At safepoint: 70895 ns, Total: 1029045 ns
[2024-10-15T06:30:24.943+0000][125][info ][safepoint   ] Safepoint "Cleanup", Time since last: 1890235605 ns, Reaching safepoint: 11720 ns, Cleanup: 38372 ns, At safepoint: 9213 ns, Total: 59305 ns
[2024-10-15T06:30:27.949+0000][125][info ][safepoint   ] Safepoint "Cleanup", Time since last: 3006696934 ns, Reaching safepoint: 38992 ns, Cleanup: 11650 ns, At safepoint: 11307 ns, Total: 61949 ns
[2024-10-15T06:30:29.952+0000][125][info ][safepoint   ] Safepoint "Cleanup", Time since last: 2002083762 ns, Reaching safepoint: 23525 ns, Cleanup: 12078 ns, At safepoint: 11117 ns, Total: 46720 ns
[2024-10-15T06:30:50.989+0000][125][info ][safepoint   ] Safepoint "Cleanup", Time since last: 21036954090 ns, Reaching safepoint: 63734 ns, Cleanup: 14045 ns, At safepoint: 17017 ns, Total: 94796 ns
[2024-10-15T06:30:51.990+0000][125][info ][safepoint   ] Safepoint "Cleanup", Time since last: 1000880274 ns, Reaching safepoint: 28758 ns, Cleanup: 94217 ns, At safepoint: 20997 ns, Total: 143972 ns
[2024-10-15T06:30:52.992+0000][125][info ][safepoint   ] Safepoint "Cleanup", Time since last: 1000744320 ns, Reaching safepoint: 21941 ns, Cleanup: 13661 ns, At safepoint: 11068 ns, Total: 46670 ns
[2024-10-15T06:31:18.715+0000][125][info ][safepoint   ] Safepoint "Cleanup", Time since last: 25723021952 ns, Reaching safepoint: 101170 ns, Cleanup: 13926 ns, At safepoint: 18556 ns, Total: 133652 ns
[2024-10-15T06:31:50.157+0000][125][info ][safepoint   ] Safepoint "Cleanup", Time since last: 31448822478 ns, Reaching safepoint: 85688 ns, Cleanup: 11786 ns, At safepoint: 10254 ns, Total: 107728 ns
[2024-10-15T06:32:18.791+0000][125][info ][safepoint   ] Safepoint "Cleanup", Time since last: 28635227088 ns, Reaching safepoint: 46041 ns, Cleanup: 13018 ns, At safepoint: 9688 ns, Total: 68747 ns
[2024-10-15T06:32:29.152+0000][125][info ][safepoint   ] Safepoint "Cleanup", Time since last: 10360399996 ns, Reaching safepoint: 7311 ns, Cleanup: 125615 ns, At safepoint: 44679 ns, Total: 177605 ns
[2024-10-15T06:32:39.215+0000][125][info ][safepoint   ] Safepoint "Cleanup", Time since last: 10062405947 ns, Reaching safepoint: 25040 ns, Cleanup: 19630 ns, At safepoint: 16238 ns, Total: 60908 ns
[2024-10-15T06:33:30.057+0000][125][info ][safepoint   ] Safepoint "Cleanup", Time since last: 50840454404 ns, Reaching safepoint: 33241 ns, Cleanup: 17616 ns, At safepoint: 18287 ns, Total: 69144 ns
[2024-10-15T06:33:41.226+0000][125][info ][safepoint   ] Safepoint "Cleanup", Time since last: 11169118139 ns, Reaching safepoint: 9388 ns, Cleanup: 7796 ns, At safepoint: 5337 ns, Total: 22521 ns
[2024-10-15T06:34:14.540+0000][125][info ][safepoint   ] Safepoint "Cleanup", Time since last: 33314035029 ns, Reaching safepoint: 45053 ns, Cleanup: 11588 ns, At safepoint: 9119 ns, Total: 65760 ns
[2024-10-15T06:34:37.895+0000][125][info ][safepoint   ] Safepoint "Cleanup", Time since last: 23356785121 ns, Reaching safepoint: 18628 ns, Cleanup: 13071 ns, At safepoint: 10175 ns, Total: 41874 ns
[2024-10-15T06:35:05.967+0000][125][info ][safepoint   ] Safepoint "Cleanup", Time since last: 28068821611 ns, Reaching safepoint: 24151 ns, Cleanup: 6982 ns, At safepoint: 5629 ns, Total: 36762 ns
[2024-10-15T06:35:12.000+0000][125][info ][safepoint   ] Safepoint "Cleanup", Time since last: 6032781266 ns, Reaching safepoint: 13932 ns, Cleanup: 10238 ns, At safepoint: 10082 ns, Total: 34252 ns
[2024-10-15T06:35:39.098+0000][125][info ][safepoint   ] Safepoint "Cleanup", Time since last: 27096314769 ns, Reaching safepoint: 10623 ns, Cleanup: 8360 ns, At safepoint: 4446 ns, Total: 23429 ns
[2024-10-15T06:35:40.239+0000][125][info ][safepoint   ] Safepoint "Cleanup", Time since last: 1140981998 ns, Reaching safepoint: 7658 ns, Cleanup: 14669 ns, At safepoint: 5787 ns, Total: 28114 ns
[2024-10-15T06:35:48.256+0000][125][info ][safepoint   ] Safepoint "Cleanup", Time since last: 8017109844 ns, Reaching safepoint: 7656 ns, Cleanup: 7668 ns, At safepoint: 5538 ns, Total: 20862 ns
[2024-10-15T06:35:50.269+0000][125][info ][safepoint   ] Safepoint "Cleanup", Time since last: 2011681127 ns, Reaching safepoint: 1135769 ns, Cleanup: 19771 ns, At safepoint: 88243 ns, Total: 1243783 ns
[2024-10-15T06:35:52.271+0000][125][info ][safepoint   ] Safepoint "Cleanup", Time since last: 2001849206 ns, Reaching safepoint: 24272 ns, Cleanup: 12919 ns, At safepoint: 11042 ns, Total: 48233 ns
[2024-10-15T06:35:53.272+0000][125][info ][safepoint   ] Safepoint "Cleanup", Time since last: 1000908162 ns, Reaching safepoint: 17463 ns, Cleanup: 10638 ns, At safepoint: 10097 ns, Total: 38198 ns
[2024-10-15T06:36:02.546+0000][125][info ][safepoint   ] Safepoint "Cleanup", Time since last: 9273289547 ns, Reaching safepoint: 15785 ns, Cleanup: 10617 ns, At safepoint: 9849 ns, Total: 36251 ns
[2024-10-15T06:36:10.554+0000][125][info ][safepoint   ] Safepoint "Cleanup", Time since last: 8007897606 ns, Reaching safepoint: 16611 ns, Cleanup: 11820 ns, At safepoint: 9839 ns, Total: 38270 ns
[2024-10-15T06:36:23.563+0000][125][info ][safepoint   ] Safepoint "Cleanup", Time since last: 13012904420 ns, Reaching safepoint: 19641 ns, Cleanup: 18753 ns, At safepoint: 33807 ns, Total: 72201 ns
[2024-10-15T06:36:41.308+0000][125][info ][safepoint   ] Safepoint "Cleanup", Time since last: 17745593526 ns, Reaching safepoint: 10538 ns, Cleanup: 7822 ns, At safepoint: 5070 ns, Total: 23430 ns
[2024-10-15T06:36:56.491+0000][125][info ][safepoint   ] Safepoint "Cleanup", Time since last: 15177455685 ns, Reaching safepoint: 36117 ns, Cleanup: 20297 ns, At safepoint: 20337 ns, Total: 76751 ns
[2024-10-15T06:36:57.786+0000][125][info ][safepoint   ] Safepoint "Cleanup", Time since last: 1283728751 ns, Reaching safepoint: 11012919 ns, Cleanup: 131729 ns, At safepoint: 159270 ns, Total: 11303918 ns
[2024-10-15T06:37:19.810+0000][125][info ][safepoint   ] Safepoint "Cleanup", Time since last: 22022810923 ns, Reaching safepoint: 782066 ns, Cleanup: 16525 ns, At safepoint: 112996 ns, Total: 911587 ns
[2024-10-15T06:37:20.818+0000][125][info ][safepoint   ] Safepoint "Cleanup", Time since last: 1000096801 ns, Reaching safepoint: 1777044 ns, Cleanup: 40330 ns, At safepoint: 6611053 ns, Total: 8428427 ns
[2024-10-15T06:37:20.828+0000][125][info ][gc,start    ] GC(31) Pause Young (Concurrent Start) (G1 Evacuation Pause)
[2024-10-15T06:37:20.828+0000][125][info ][gc,task     ] GC(31) Using 4 workers of 4 for evacuation
[2024-10-15T06:37:20.828+0000][125][debug][gc,age      ] GC(31) Desired survivor size 216006656 bytes, new threshold 15 (max threshold 15)
[2024-10-15T06:37:20.856+0000][125][info ][gc,phases   ] GC(31)   Pre Evacuate Collection Set: 0.68ms
[2024-10-15T06:37:20.856+0000][125][info ][gc,phases   ] GC(31)   Merge Heap Roots: 0.42ms
[2024-10-15T06:37:20.856+0000][125][info ][gc,phases   ] GC(31)   Evacuate Collection Set: 21.81ms
[2024-10-15T06:37:20.856+0000][125][info ][gc,phases   ] GC(31)   Post Evacuate Collection Set: 5.44ms
[2024-10-15T06:37:20.856+0000][125][info ][gc,phases   ] GC(31)   Other: 0.21ms
[2024-10-15T06:37:20.856+0000][125][trace][gc,age      ] GC(31) Age table with threshold 15 (max threshold 15)
[2024-10-15T06:37:20.856+0000][125][trace][gc,age      ] GC(31) - age   1:    7408112 bytes,    7408112 total
[2024-10-15T06:37:20.856+0000][125][trace][gc,age      ] GC(31) - age   2:      72056 bytes,    7480168 total
[2024-10-15T06:37:20.856+0000][125][trace][gc,age      ] GC(31) - age   3:      67784 bytes,    7547952 total
[2024-10-15T06:37:20.857+0000][125][trace][gc,age      ] GC(31) - age   4:    1690304 bytes,    9238256 total
[2024-10-15T06:37:20.857+0000][125][trace][gc,age      ] GC(31) - age   5:      10128 bytes,    9248384 total
[2024-10-15T06:37:20.857+0000][125][trace][gc,age      ] GC(31) - age   6:      42688 bytes,    9291072 total
[2024-10-15T06:37:20.857+0000][125][trace][gc,age      ] GC(31) - age   7:     578872 bytes,    9869944 total
[2024-10-15T06:37:20.857+0000][125][trace][gc,age      ] GC(31) - age   8:     889392 bytes,   10759336 total
[2024-10-15T06:37:20.857+0000][125][trace][gc,age      ] GC(31) - age   9:     281520 bytes,   11040856 total
[2024-10-15T06:37:20.857+0000][125][trace][gc,age      ] GC(31) - age  10:      90608 bytes,   11131464 total
[2024-10-15T06:37:20.857+0000][125][trace][gc,age      ] GC(31) - age  11:    4943864 bytes,   16075328 total
[2024-10-15T06:37:20.857+0000][125][trace][gc,age      ] GC(31) - age  12:    6490640 bytes,   22565968 total
[2024-10-15T06:37:20.857+0000][125][trace][gc,age      ] GC(31) - age  13:    3234480 bytes,   25800448 total
[2024-10-15T06:37:20.857+0000][125][info ][gc,heap     ] GC(31) Eden regions: 814->0(814)
[2024-10-15T06:37:20.857+0000][125][info ][gc,heap     ] GC(31) Survivor regions: 7->7(103)
[2024-10-15T06:37:20.857+0000][125][info ][gc,heap     ] GC(31) Old regions: 33->33
[2024-10-15T06:37:20.857+0000][125][info ][gc,heap     ] GC(31) Humongous regions: 2->2
[2024-10-15T06:37:20.857+0000][125][info ][gc,metaspace] GC(31) Metaspace: 156484K(162944K)->156484K(162944K) NonClass: 135484K(139328K)->135484K(139328K) Class: 21000K(23616K)->21000K(23616K)
[2024-10-15T06:37:20.857+0000][125][info ][gc          ] GC(31) Pause Young (Concurrent Start) (G1 Evacuation Pause) 3420M->164M(5476M) 28.823ms
[2024-10-15T06:37:20.857+0000][125][info ][gc,cpu      ] GC(31) User=0.07s Sys=0.00s Real=0.02s
[2024-10-15T06:37:20.857+0000][125][info ][safepoint   ] Safepoint "G1CollectForAllocation", Time since last: 9445292 ns, Reaching safepoint: 22011 ns, Cleanup: 5347 ns, At safepoint: 28946096 ns, Total: 28973454 ns
[2024-10-15T06:37:20.857+0000][125][info ][gc          ] GC(32) Concurrent Mark Cycle
[2024-10-15T06:37:20.857+0000][125][info ][gc,marking  ] GC(32) Concurrent Scan Root Regions
[2024-10-15T06:37:20.928+0000][125][info ][gc,marking  ] GC(32) Concurrent Scan Root Regions 70.548ms
[2024-10-15T06:37:20.928+0000][125][info ][gc,marking  ] GC(32) Concurrent Mark
[2024-10-15T06:37:20.928+0000][125][info ][gc,marking  ] GC(32) Concurrent Mark From Roots
[2024-10-15T06:37:20.928+0000][125][info ][gc,task     ] GC(32) Using 1 workers of 1 for marking
[2024-10-15T06:37:22.148+0000][125][info ][gc,marking  ] GC(32) Concurrent Mark From Roots 1220.330ms
[2024-10-15T06:37:22.148+0000][125][info ][gc,marking  ] GC(32) Concurrent Preclean
[2024-10-15T06:37:22.149+0000][125][info ][gc,marking  ] GC(32) Concurrent Preclean 0.809ms
[2024-10-15T06:37:22.150+0000][125][info ][gc,start    ] GC(32) Pause Remark
[2024-10-15T06:37:22.178+0000][125][info ][gc          ] GC(32) Pause Remark 1960M->1960M(5476M) 28.196ms
[2024-10-15T06:37:22.178+0000][125][info ][gc,cpu      ] GC(32) User=0.08s Sys=0.00s Real=0.03s
[2024-10-15T06:37:22.181+0000][125][info ][safepoint   ] Safepoint "G1PauseRemark", Time since last: 1292267621 ns, Reaching safepoint: 720218 ns, Cleanup: 28352 ns, At safepoint: 31507465 ns, Total: 32256035 ns
[2024-10-15T06:37:22.181+0000][125][info ][gc,marking  ] GC(32) Concurrent Mark 1253.774ms
[2024-10-15T06:37:22.181+0000][125][info ][gc,marking  ] GC(32) Concurrent Rebuild Remembered Sets and Scrub Regions
[2024-10-15T06:37:22.730+0000][125][info ][gc,marking  ] GC(32) Concurrent Rebuild Remembered Sets and Scrub Regions 548.192ms
[2024-10-15T06:37:22.731+0000][125][info ][gc,start    ] GC(32) Pause Cleanup
[2024-10-15T06:37:22.731+0000][125][info ][gc          ] GC(32) Pause Cleanup 2704M->2704M(5476M) 0.378ms
[2024-10-15T06:37:22.731+0000][125][info ][gc,cpu      ] GC(32) User=0.00s Sys=0.00s Real=0.00s
[2024-10-15T06:37:22.731+0000][125][info ][safepoint   ] Safepoint "G1PauseCleanup", Time since last: 548513857 ns, Reaching safepoint: 780344 ns, Cleanup: 40580 ns, At safepoint: 560742 ns, Total: 1381666 ns
[2024-10-15T06:37:22.733+0000][125][info ][gc,marking  ] GC(32) Concurrent Clear Claimed Marks
[2024-10-15T06:37:22.734+0000][125][info ][gc,marking  ] GC(32) Concurrent Clear Claimed Marks 0.902ms
[2024-10-15T06:37:22.734+0000][125][info ][gc,marking  ] GC(32) Concurrent Cleanup for Next Mark
[2024-10-15T06:37:22.777+0000][125][info ][gc,marking  ] GC(32) Concurrent Cleanup for Next Mark 43.045ms
[2024-10-15T06:37:22.777+0000][125][info ][gc          ] GC(32) Concurrent Mark Cycle 1919.964ms
[2024-10-15T06:37:23.020+0000][125][info ][gc,start    ] GC(33) Pause Young (Prepare Mixed) (G1 Evacuation Pause)
[2024-10-15T06:37:23.020+0000][125][info ][gc,task     ] GC(33) Using 4 workers of 4 for evacuation
[2024-10-15T06:37:23.020+0000][125][debug][gc,age      ] GC(33) Desired survivor size 216006656 bytes, new threshold 15 (max threshold 15)
[2024-10-15T06:37:23.043+0000][125][info ][gc,phases   ] GC(33)   Pre Evacuate Collection Set: 0.68ms
[2024-10-15T06:37:23.043+0000][125][info ][gc,phases   ] GC(33)   Merge Heap Roots: 0.50ms
[2024-10-15T06:37:23.043+0000][125][info ][gc,phases   ] GC(33)   Evacuate Collection Set: 19.05ms
[2024-10-15T06:37:23.043+0000][125][info ][gc,phases   ] GC(33)   Post Evacuate Collection Set: 2.64ms
[2024-10-15T06:37:23.043+0000][125][info ][gc,phases   ] GC(33)   Other: 0.10ms
[2024-10-15T06:37:23.043+0000][125][trace][gc,age      ] GC(33) Age table with threshold 15 (max threshold 15)
[2024-10-15T06:37:23.043+0000][125][trace][gc,age      ] GC(33) - age   1:    9191912 bytes,    9191912 total
[2024-10-15T06:37:23.043+0000][125][trace][gc,age      ] GC(33) - age   2:    3823464 bytes,   13015376 total
[2024-10-15T06:37:23.043+0000][125][trace][gc,age      ] GC(33) - age   3:      71256 bytes,   13086632 total
[2024-10-15T06:37:23.044+0000][125][trace][gc,age      ] GC(33) - age   4:      67784 bytes,   13154416 total
[2024-10-15T06:37:23.044+0000][125][trace][gc,age      ] GC(33) - age   5:    1689968 bytes,   14844384 total
[2024-10-15T06:37:23.044+0000][125][trace][gc,age      ] GC(33) - age   6:      10128 bytes,   14854512 total
[2024-10-15T06:37:23.044+0000][125][trace][gc,age      ] GC(33) - age   7:      42688 bytes,   14897200 total
[2024-10-15T06:37:23.044+0000][125][trace][gc,age      ] GC(33) - age   8:     578872 bytes,   15476072 total
[2024-10-15T06:37:23.044+0000][125][trace][gc,age      ] GC(33) - age   9:     889392 bytes,   16365464 total
[2024-10-15T06:37:23.044+0000][125][trace][gc,age      ] GC(33) - age  10:     281520 bytes,   16646984 total
[2024-10-15T06:37:23.044+0000][125][trace][gc,age      ] GC(33) - age  11:      90608 bytes,   16737592 total
[2024-10-15T06:37:23.044+0000][125][trace][gc,age      ] GC(33) - age  12:    4943864 bytes,   21681456 total
[2024-10-15T06:37:23.044+0000][125][trace][gc,age      ] GC(33) - age  13:    6490368 bytes,   28171824 total
[2024-10-15T06:37:23.044+0000][125][trace][gc,age      ] GC(33) - age  14:    3234440 bytes,   31406264 total
[2024-10-15T06:37:23.044+0000][125][info ][gc,heap     ] GC(33) Eden regions: 814->0(813)
[2024-10-15T06:37:23.044+0000][125][info ][gc,heap     ] GC(33) Survivor regions: 7->8(103)
[2024-10-15T06:37:23.044+0000][125][info ][gc,heap     ] GC(33) Old regions: 33->33
[2024-10-15T06:37:23.044+0000][125][info ][gc,heap     ] GC(33) Humongous regions: 2->2
[2024-10-15T06:37:23.044+0000][125][info ][gc,metaspace] GC(33) Metaspace: 156493K(162944K)->156493K(162944K) NonClass: 135493K(139328K)->135493K(139328K) Class: 21000K(23616K)->21000K(23616K)
[2024-10-15T06:37:23.044+0000][125][info ][gc          ] GC(33) Pause Young (Prepare Mixed) (G1 Evacuation Pause) 3420M->169M(5476M) 23.216ms
[2024-10-15T06:37:23.044+0000][125][info ][gc,cpu      ] GC(33) User=0.07s Sys=0.00s Real=0.02s
[2024-10-15T06:37:23.046+0000][125][info ][safepoint   ] Safepoint "G1CollectForAllocation", Time since last: 288177579 ns, Reaching safepoint: 272423 ns, Cleanup: 5026 ns, At safepoint: 25958882 ns, Total: 26236331 ns
[2024-10-15T06:37:24.281+0000][125][info ][gc,start    ] GC(34) Pause Young (Mixed) (G1 Evacuation Pause)
[2024-10-15T06:37:24.281+0000][125][info ][gc,task     ] GC(34) Using 4 workers of 4 for evacuation
[2024-10-15T06:37:24.281+0000][125][debug][gc,age      ] GC(34) Desired survivor size 216006656 bytes, new threshold 15 (max threshold 15)
[2024-10-15T06:37:24.305+0000][125][info ][gc,phases   ] GC(34)   Pre Evacuate Collection Set: 0.57ms
[2024-10-15T06:37:24.305+0000][125][info ][gc,phases   ] GC(34)   Merge Heap Roots: 0.44ms
[2024-10-15T06:37:24.305+0000][125][info ][gc,phases   ] GC(34)   Evacuate Collection Set: 20.80ms
[2024-10-15T06:37:24.305+0000][125][info ][gc,phases   ] GC(34)   Post Evacuate Collection Set: 2.65ms
[2024-10-15T06:37:24.305+0000][125][info ][gc,phases   ] GC(34)   Other: 0.11ms
[2024-10-15T06:37:24.305+0000][125][trace][gc,age      ] GC(34) Age table with threshold 15 (max threshold 15)
[2024-10-15T06:37:24.305+0000][125][trace][gc,age      ] GC(34) - age   1:    9233528 bytes,    9233528 total
[2024-10-15T06:37:24.305+0000][125][trace][gc,age      ] GC(34) - age   2:    5029160 bytes,   14262688 total
[2024-10-15T06:37:24.305+0000][125][trace][gc,age      ] GC(34) - age   3:    2771064 bytes,   17033752 total
[2024-10-15T06:37:24.305+0000][125][trace][gc,age      ] GC(34) - age   4:      71176 bytes,   17104928 total
[2024-10-15T06:37:24.305+0000][125][trace][gc,age      ] GC(34) - age   5:      67784 bytes,   17172712 total
[2024-10-15T06:37:24.305+0000][125][trace][gc,age      ] GC(34) - age   6:    1689968 bytes,   18862680 total
[2024-10-15T06:37:24.305+0000][125][trace][gc,age      ] GC(34) - age   7:      10128 bytes,   18872808 total
[2024-10-15T06:37:24.305+0000][125][trace][gc,age      ] GC(34) - age   8:      42688 bytes,   18915496 total
[2024-10-15T06:37:24.305+0000][125][trace][gc,age      ] GC(34) - age   9:     578872 bytes,   19494368 total
[2024-10-15T06:37:24.305+0000][125][trace][gc,age      ] GC(34) - age  10:     889392 bytes,   20383760 total
[2024-10-15T06:37:24.305+0000][125][trace][gc,age      ] GC(34) - age  11:     281520 bytes,   20665280 total
[2024-10-15T06:37:24.305+0000][125][trace][gc,age      ] GC(34) - age  12:      90608 bytes,   20755888 total
[2024-10-15T06:37:24.305+0000][125][trace][gc,age      ] GC(34) - age  13:    4943832 bytes,   25699720 total
[2024-10-15T06:37:24.305+0000][125][trace][gc,age      ] GC(34) - age  14:    6490064 bytes,   32189784 total
[2024-10-15T06:37:24.305+0000][125][trace][gc,age      ] GC(34) - age  15:    3234232 bytes,   35424016 total
[2024-10-15T06:37:24.305+0000][125][info ][gc,heap     ] GC(34) Eden regions: 813->0(811)
[2024-10-15T06:37:24.305+0000][125][info ][gc,heap     ] GC(34) Survivor regions: 8->10(103)
[2024-10-15T06:37:24.305+0000][125][info ][gc,heap     ] GC(34) Old regions: 33->33
[2024-10-15T06:37:24.305+0000][125][info ][gc,heap     ] GC(34) Humongous regions: 2->2
[2024-10-15T06:37:24.305+0000][125][info ][gc,metaspace] GC(34) Metaspace: 156495K(162944K)->156495K(162944K) NonClass: 135495K(139328K)->135495K(139328K) Class: 21000K(23616K)->21000K(23616K)
[2024-10-15T06:37:24.305+0000][125][info ][gc          ] GC(34) Pause Young (Mixed) (G1 Evacuation Pause) 3421M->173M(5476M) 24.865ms
[2024-10-15T06:37:24.306+0000][125][info ][gc,cpu      ] GC(34) User=0.09s Sys=0.00s Real=0.02s
[2024-10-15T06:37:24.306+0000][125][info ][safepoint   ] Safepoint "G1CollectForAllocation", Time since last: 1232752014 ns, Reaching safepoint: 1513050 ns, Cleanup: 14578 ns, At safepoint: 25055531 ns, Total: 26583159 ns
[2024-10-15T06:37:25.307+0000][125][info ][safepoint   ] Safepoint "Cleanup", Time since last: 1001278012 ns, Reaching safepoint: 23937 ns, Cleanup: 19150 ns, At safepoint: 14290 ns, Total: 57377 ns
[2024-10-15T06:37:41.363+0000][125][info ][safepoint   ] Safepoint "Cleanup", Time since last: 16056050589 ns, Reaching safepoint: 9402 ns, Cleanup: 8454 ns, At safepoint: 5184 ns, Total: 23040 ns
[2024-10-15T06:37:42.678+0000][125][info ][safepoint   ] Safepoint "Cleanup", Time since last: 1314645571 ns, Reaching safepoint: 23941 ns, Cleanup: 14463 ns, At safepoint: 13691 ns, Total: 52095 ns
[2024-10-15T06:38:00.024+0000][125][info ][safepoint   ] Safepoint "Cleanup", Time since last: 17344364814 ns, Reaching safepoint: 690772 ns, Cleanup: 16122 ns, At safepoint: 80629 ns, Total: 787523 ns
[2024-10-15T06:38:01.025+0000][125][info ][safepoint   ] Safepoint "Cleanup", Time since last: 1000669865 ns, Reaching safepoint: 19994 ns, Cleanup: 11170 ns, At safepoint: 11042 ns, Total: 42206 ns
[2024-10-15T06:38:22.905+0000][125][info ][safepoint   ] Safepoint "Cleanup", Time since last: 21880514047 ns, Reaching safepoint: 15438 ns, Cleanup: 11221 ns, At safepoint: 8716 ns, Total: 35375 ns
[2024-10-15T06:38:24.332+0000][125][info ][safepoint   ] Safepoint "Cleanup", Time since last: 1426012634 ns, Reaching safepoint: 59468 ns, Cleanup: 31171 ns, At safepoint: 17374 ns, Total: 108013 ns
[2024-10-15T06:38:25.446+0000][125][info ][safepoint   ] Safepoint "Cleanup", Time since last: 1113755818 ns, Reaching safepoint: 7721 ns, Cleanup: 25723 ns, At safepoint: 5449 ns, Total: 38893 ns
[2024-10-15T06:38:27.799+0000][125][info ][safepoint   ] Safepoint "Cleanup", Time since last: 2351554605 ns, Reaching safepoint: 1001430 ns, Cleanup: 55185 ns, At safepoint: 138062 ns, Total: 1194677 ns
[2024-10-15T06:38:28.810+0000][125][info ][safepoint   ] Safepoint "Cleanup", Time since last: 1011782574 ns, Reaching safepoint: 21818 ns, Cleanup: 16909 ns, At safepoint: 10571 ns, Total: 49298 ns
[2024-10-15T06:38:29.811+0000][125][info ][safepoint   ] Safepoint "Cleanup", Time since last: 1000645246 ns, Reaching safepoint: 23686 ns, Cleanup: 52004 ns, At safepoint: 71561 ns, Total: 147251 ns
[2024-10-15T06:38:30.812+0000][125][info ][safepoint   ] Safepoint "Cleanup", Time since last: 1000927314 ns, Reaching safepoint: 18774 ns, Cleanup: 13049 ns, At safepoint: 9338 ns, Total: 41161 ns
[2024-10-15T06:38:32.814+0000][125][info ][safepoint   ] Safepoint "Cleanup", Time since last: 2001300342 ns, Reaching safepoint: 626919 ns, Cleanup: 23086 ns, At safepoint: 81327 ns, Total: 731332 ns
[2024-10-15T06:38:35.684+0000][125][info ][safepoint   ] Safepoint "Cleanup", Time since last: 2868644607 ns, Reaching safepoint: 1329985 ns, Cleanup: 38676 ns, At safepoint: 99984 ns, Total: 1468645 ns
[2024-10-15T06:38:36.832+0000][125][info ][safepoint   ] Safepoint "Cleanup", Time since last: 1147155636 ns, Reaching safepoint: 17216 ns, Cleanup: 14881 ns, At safepoint: 10129 ns, Total: 42226 ns
[2024-10-15T06:38:38.340+0000][125][info ][safepoint   ] Safepoint "Cleanup", Time since last: 1508780525 ns, Reaching safepoint: 18006 ns, Cleanup: 24978 ns, At safepoint: 10306 ns, Total: 53290 ns
[2024-10-15T06:38:39.459+0000][125][info ][safepoint   ] Safepoint "Cleanup", Time since last: 1118656752 ns, Reaching safepoint: 246886 ns, Cleanup: 23251 ns, At safepoint: 31662 ns, Total: 301799 ns
[2024-10-15T06:38:56.424+0000][125][info ][safepoint   ] Safepoint "Cleanup", Time since last: 16964086080 ns, Reaching safepoint: 31015 ns, Cleanup: 7946 ns, At safepoint: 6576 ns, Total: 45537 ns
[2024-10-15T06:38:58.244+0000][125][info ][safepoint   ] Safepoint "Cleanup", Time since last: 1819884564 ns, Reaching safepoint: 17049 ns, Cleanup: 9926 ns, At safepoint: 9504 ns, Total: 36479 ns
[2024-10-15T06:39:00.532+0000][125][info ][safepoint   ] Safepoint "Cleanup", Time since last: 2287509845 ns, Reaching safepoint: 8087 ns, Cleanup: 17170 ns, At safepoint: 5060 ns, Total: 30317 ns
[2024-10-15T06:39:28.581+0000][125][info ][safepoint   ] Safepoint "Cleanup", Time since last: 28048549542 ns, Reaching safepoint: 59115 ns, Cleanup: 13692 ns, At safepoint: 44737 ns, Total: 117544 ns
[2024-10-15T06:39:38.590+0000][125][info ][safepoint   ] Safepoint "Cleanup", Time since last: 10008828861 ns, Reaching safepoint: 64526 ns, Cleanup: 41629 ns, At safepoint: 37264 ns, Total: 143419 ns
[2024-10-15T06:39:42.362+0000][125][info ][safepoint   ] Safepoint "Cleanup", Time since last: 3770927031 ns, Reaching safepoint: 1217509 ns, Cleanup: 18691 ns, At safepoint: 146875 ns, Total: 1383075 ns
[2024-10-15T06:39:43.418+0000][125][info ][safepoint   ] Safepoint "Cleanup", Time since last: 1054637601 ns, Reaching safepoint: 926304 ns, Cleanup: 57952 ns, At safepoint: 151356 ns, Total: 1135612 ns
[2024-10-15T06:39:43.722+0000][125][info ][gc,start    ] GC(35) Pause Young (Concurrent Start) (G1 Evacuation Pause)
[2024-10-15T06:39:43.722+0000][125][info ][gc,task     ] GC(35) Using 4 workers of 4 for evacuation
[2024-10-15T06:39:43.722+0000][125][debug][gc,age      ] GC(35) Desired survivor size 216006656 bytes, new threshold 15 (max threshold 15)
[2024-10-15T06:39:43.764+0000][125][info ][gc,phases   ] GC(35)   Pre Evacuate Collection Set: 1.18ms
[2024-10-15T06:39:43.764+0000][125][info ][gc,phases   ] GC(35)   Merge Heap Roots: 0.75ms
[2024-10-15T06:39:43.764+0000][125][info ][gc,phases   ] GC(35)   Evacuate Collection Set: 35.63ms
[2024-10-15T06:39:43.764+0000][125][info ][gc,phases   ] GC(35)   Post Evacuate Collection Set: 3.38ms
[2024-10-15T06:39:43.764+0000][125][info ][gc,phases   ] GC(35)   Other: 0.57ms
[2024-10-15T06:39:43.764+0000][125][trace][gc,age      ] GC(35) Age table with threshold 15 (max threshold 15)
[2024-10-15T06:39:43.764+0000][125][trace][gc,age      ] GC(35) - age   1:    6685056 bytes,    6685056 total
[2024-10-15T06:39:43.764+0000][125][trace][gc,age      ] GC(35) - age   2:        728 bytes,    6685784 total
[2024-10-15T06:39:43.764+0000][125][trace][gc,age      ] GC(35) - age   3:    1184672 bytes,    7870456 total
[2024-10-15T06:39:43.764+0000][125][trace][gc,age      ] GC(35) - age   4:     196520 bytes,    8066976 total
[2024-10-15T06:39:43.764+0000][125][trace][gc,age      ] GC(35) - age   5:      16936 bytes,    8083912 total
[2024-10-15T06:39:43.764+0000][125][trace][gc,age      ] GC(35) - age   6:      67112 bytes,    8151024 total
[2024-10-15T06:39:43.764+0000][125][trace][gc,age      ] GC(35) - age   7:    1270440 bytes,    9421464 total
[2024-10-15T06:39:43.764+0000][125][trace][gc,age      ] GC(35) - age   8:      10104 bytes,    9431568 total
[2024-10-15T06:39:43.764+0000][125][trace][gc,age      ] GC(35) - age   9:      42688 bytes,    9474256 total
[2024-10-15T06:39:43.764+0000][125][trace][gc,age      ] GC(35) - age  10:     577048 bytes,   10051304 total
[2024-10-15T06:39:43.764+0000][125][trace][gc,age      ] GC(35) - age  11:     889352 bytes,   10940656 total
[2024-10-15T06:39:43.764+0000][125][trace][gc,age      ] GC(35) - age  12:     281520 bytes,   11222176 total
[2024-10-15T06:39:43.764+0000][125][trace][gc,age      ] GC(35) - age  13:      90608 bytes,   11312784 total
[2024-10-15T06:39:43.764+0000][125][trace][gc,age      ] GC(35) - age  14:    4943832 bytes,   16256616 total
[2024-10-15T06:39:43.764+0000][125][trace][gc,age      ] GC(35) - age  15:    6489608 bytes,   22746224 total
[2024-10-15T06:39:43.764+0000][125][info ][gc,heap     ] GC(35) Eden regions: 811->0(815)
[2024-10-15T06:39:43.764+0000][125][info ][gc,heap     ] GC(35) Survivor regions: 10->6(103)
[2024-10-15T06:39:43.764+0000][125][info ][gc,heap     ] GC(35) Old regions: 33->33
[2024-10-15T06:39:43.764+0000][125][info ][gc,heap     ] GC(35) Humongous regions: 2->2
[2024-10-15T06:39:43.764+0000][125][info ][gc,metaspace] GC(35) Metaspace: 156646K(162944K)->156646K(162944K) NonClass: 135646K(139328K)->135646K(139328K) Class: 21000K(23616K)->21000K(23616K)
[2024-10-15T06:39:43.764+0000][125][info ][gc          ] GC(35) Pause Young (Concurrent Start) (G1 Evacuation Pause) 3417M->163M(5476M) 41.988ms
[2024-10-15T06:39:43.764+0000][125][info ][gc,cpu      ] GC(35) User=0.15s Sys=0.01s Real=0.04s
[2024-10-15T06:39:43.765+0000][125][info ][gc          ] GC(36) Concurrent Mark Cycle
[2024-10-15T06:39:43.765+0000][125][info ][gc,marking  ] GC(36) Concurrent Scan Root Regions
[2024-10-15T06:39:43.772+0000][125][info ][safepoint   ] Safepoint "G1CollectForAllocation", Time since last: 300256264 ns, Reaching safepoint: 3712112 ns, Cleanup: 25421 ns, At safepoint: 49633840 ns, Total: 53371373 ns
[2024-10-15T06:39:43.823+0000][125][info ][gc,marking  ] GC(36) Concurrent Scan Root Regions 57.748ms
[2024-10-15T06:39:43.823+0000][125][info ][gc,marking  ] GC(36) Concurrent Mark
[2024-10-15T06:39:43.823+0000][125][info ][gc,marking  ] GC(36) Concurrent Mark From Roots
[2024-10-15T06:39:43.823+0000][125][info ][gc,task     ] GC(36) Using 1 workers of 1 for marking
[2024-10-15T06:39:44.469+0000][125][info ][gc,marking  ] GC(36) Concurrent Mark From Roots 645.886ms
[2024-10-15T06:39:44.469+0000][125][info ][gc,marking  ] GC(36) Concurrent Preclean
[2024-10-15T06:39:44.470+0000][125][info ][gc,marking  ] GC(36) Concurrent Preclean 0.933ms
[2024-10-15T06:39:44.472+0000][125][info ][gc,start    ] GC(36) Pause Remark
[2024-10-15T06:39:44.573+0000][125][info ][gc          ] GC(36) Pause Remark 1251M->1251M(5476M) 100.824ms
[2024-10-15T06:39:44.573+0000][125][info ][gc,cpu      ] GC(36) User=0.23s Sys=0.01s Real=0.09s
[2024-10-15T06:39:44.574+0000][125][info ][safepoint   ] Safepoint "G1PauseRemark", Time since last: 698722325 ns, Reaching safepoint: 1249452 ns, Cleanup: 21343 ns, At safepoint: 102230525 ns, Total: 103501320 ns
[2024-10-15T06:39:44.583+0000][125][info ][gc,marking  ] GC(36) Concurrent Mark 760.280ms
[2024-10-15T06:39:44.586+0000][125][info ][gc,marking  ] GC(36) Concurrent Rebuild Remembered Sets and Scrub Regions
[2024-10-15T06:39:44.760+0000][125][info ][gc,marking  ] GC(36) Concurrent Rebuild Remembered Sets and Scrub Regions 174.527ms
[2024-10-15T06:39:44.762+0000][125][info ][gc,start    ] GC(36) Pause Cleanup
[2024-10-15T06:39:44.762+0000][125][info ][gc          ] GC(36) Pause Cleanup 1463M->1463M(5476M) 0.392ms
[2024-10-15T06:39:44.762+0000][125][info ][gc,cpu      ] GC(36) User=0.00s Sys=0.00s Real=0.00s
[2024-10-15T06:39:44.767+0000][125][info ][safepoint   ] Safepoint "G1PauseCleanup", Time since last: 186358789 ns, Reaching safepoint: 1399115 ns, Cleanup: 30195 ns, At safepoint: 4901730 ns, Total: 6331040 ns
[2024-10-15T06:39:44.773+0000][125][info ][gc,marking  ] GC(36) Concurrent Clear Claimed Marks
[2024-10-15T06:39:44.773+0000][125][info ][gc,marking  ] GC(36) Concurrent Clear Claimed Marks 0.265ms
[2024-10-15T06:39:44.773+0000][125][info ][gc,marking  ] GC(36) Concurrent Cleanup for Next Mark
[2024-10-15T06:39:44.814+0000][125][info ][gc,marking  ] GC(36) Concurrent Cleanup for Next Mark 41.479ms
[2024-10-15T06:39:44.814+0000][125][info ][gc          ] GC(36) Concurrent Mark Cycle 1049.656ms
[2024-10-15T06:39:46.068+0000][125][info ][safepoint   ] Safepoint "Cleanup", Time since last: 1299218582 ns, Reaching safepoint: 2297263 ns, Cleanup: 30405 ns, At safepoint: 192074 ns, Total: 2519742 ns
[2024-10-15T06:39:46.286+0000][125][info ][gc,start    ] GC(37) Pause Young (Prepare Mixed) (G1 Evacuation Pause)
[2024-10-15T06:39:46.286+0000][125][info ][gc,task     ] GC(37) Using 4 workers of 4 for evacuation
[2024-10-15T06:39:46.286+0000][125][debug][gc,age      ] GC(37) Desired survivor size 216006656 bytes, new threshold 15 (max threshold 15)
[2024-10-15T06:39:46.315+0000][125][info ][gc,phases   ] GC(37)   Pre Evacuate Collection Set: 0.53ms
[2024-10-15T06:39:46.315+0000][125][info ][gc,phases   ] GC(37)   Merge Heap Roots: 0.41ms
[2024-10-15T06:39:46.315+0000][125][info ][gc,phases   ] GC(37)   Evacuate Collection Set: 24.08ms
[2024-10-15T06:39:46.315+0000][125][info ][gc,phases   ] GC(37)   Post Evacuate Collection Set: 3.86ms
[2024-10-15T06:39:46.315+0000][125][info ][gc,phases   ] GC(37)   Other: 0.16ms
[2024-10-15T06:39:46.315+0000][125][trace][gc,age      ] GC(37) Age table with threshold 15 (max threshold 15)
[2024-10-15T06:39:46.315+0000][125][trace][gc,age      ] GC(37) - age   1:    8508440 bytes,    8508440 total
[2024-10-15T06:39:46.315+0000][125][trace][gc,age      ] GC(37) - age   2:    1500408 bytes,   10008848 total
[2024-10-15T06:39:46.315+0000][125][trace][gc,age      ] GC(37) - age   3:        568 bytes,   10009416 total
[2024-10-15T06:39:46.315+0000][125][trace][gc,age      ] GC(37) - age   4:    1184552 bytes,   11193968 total
[2024-10-15T06:39:46.315+0000][125][trace][gc,age      ] GC(37) - age   5:     196448 bytes,   11390416 total
[2024-10-15T06:39:46.315+0000][125][trace][gc,age      ] GC(37) - age   6:      16936 bytes,   11407352 total
[2024-10-15T06:39:46.315+0000][125][trace][gc,age      ] GC(37) - age   7:      67112 bytes,   11474464 total
[2024-10-15T06:39:46.315+0000][125][trace][gc,age      ] GC(37) - age   8:    1270440 bytes,   12744904 total
[2024-10-15T06:39:46.315+0000][125][trace][gc,age      ] GC(37) - age   9:      10104 bytes,   12755008 total
[2024-10-15T06:39:46.315+0000][125][trace][gc,age      ] GC(37) - age  10:      42688 bytes,   12797696 total
[2024-10-15T06:39:46.315+0000][125][trace][gc,age      ] GC(37) - age  11:     577048 bytes,   13374744 total
[2024-10-15T06:39:46.315+0000][125][trace][gc,age      ] GC(37) - age  12:     889352 bytes,   14264096 total
[2024-10-15T06:39:46.315+0000][125][trace][gc,age      ] GC(37) - age  13:     281520 bytes,   14545616 total
[2024-10-15T06:39:46.315+0000][125][trace][gc,age      ] GC(37) - age  14:      90608 bytes,   14636224 total
[2024-10-15T06:39:46.315+0000][125][trace][gc,age      ] GC(37) - age  15:    4943832 bytes,   19580056 total
[2024-10-15T06:39:46.315+0000][125][info ][gc,heap     ] GC(37) Eden regions: 815->0(815)
[2024-10-15T06:39:46.315+0000][125][info ][gc,heap     ] GC(37) Survivor regions: 6->6(103)
[2024-10-15T06:39:46.315+0000][125][info ][gc,heap     ] GC(37) Old regions: 33->35
[2024-10-15T06:39:46.315+0000][125][info ][gc,heap     ] GC(37) Humongous regions: 2->2
[2024-10-15T06:39:46.315+0000][125][info ][gc,metaspace] GC(37) Metaspace: 156654K(162944K)->156654K(162944K) NonClass: 135653K(139328K)->135653K(139328K) Class: 21000K(23616K)->21000K(23616K)
[2024-10-15T06:39:46.315+0000][125][info ][gc          ] GC(37) Pause Young (Prepare Mixed) (G1 Evacuation Pause) 3423M->167M(5476M) 29.396ms
[2024-10-15T06:39:46.315+0000][125][info ][gc,cpu      ] GC(37) User=0.10s Sys=0.00s Real=0.03s
[2024-10-15T06:39:46.318+0000][125][info ][safepoint   ] Safepoint "G1CollectForAllocation", Time since last: 216114472 ns, Reaching safepoint: 1093842 ns, Cleanup: 14955 ns, At safepoint: 32911557 ns, Total: 34020354 ns
[2024-10-15T06:39:47.627+0000][125][info ][safepoint   ] Safepoint "Cleanup", Time since last: 1306193149 ns, Reaching safepoint: 1879594 ns, Cleanup: 18353 ns, At safepoint: 125517 ns, Total: 2023464 ns
[2024-10-15T06:39:48.353+0000][125][info ][gc,start    ] GC(38) Pause Young (Mixed) (G1 Evacuation Pause)
[2024-10-15T06:39:48.353+0000][125][info ][gc,task     ] GC(38) Using 4 workers of 4 for evacuation
[2024-10-15T06:39:48.353+0000][125][debug][gc,age      ] GC(38) Desired survivor size 216006656 bytes, new threshold 15 (max threshold 15)
[2024-10-15T06:39:48.372+0000][125][info ][gc,phases   ] GC(38)   Pre Evacuate Collection Set: 0.84ms
[2024-10-15T06:39:48.372+0000][125][info ][gc,phases   ] GC(38)   Merge Heap Roots: 0.64ms
[2024-10-15T06:39:48.372+0000][125][info ][gc,phases   ] GC(38)   Evacuate Collection Set: 14.71ms
[2024-10-15T06:39:48.372+0000][125][info ][gc,phases   ] GC(38)   Post Evacuate Collection Set: 2.66ms
[2024-10-15T06:39:48.372+0000][125][info ][gc,phases   ] GC(38)   Other: 0.15ms
[2024-10-15T06:39:48.372+0000][125][trace][gc,age      ] GC(38) Age table with threshold 15 (max threshold 15)
[2024-10-15T06:39:48.372+0000][125][trace][gc,age      ] GC(38) - age   1:    7935496 bytes,    7935496 total
[2024-10-15T06:39:48.372+0000][125][trace][gc,age      ] GC(38) - age   2:     193944 bytes,    8129440 total
[2024-10-15T06:39:48.372+0000][125][trace][gc,age      ] GC(38) - age   3:    1004624 bytes,    9134064 total
[2024-10-15T06:39:48.372+0000][125][trace][gc,age      ] GC(38) - age   4:        448 bytes,    9134512 total
[2024-10-15T06:39:48.372+0000][125][trace][gc,age      ] GC(38) - age   5:    1184512 bytes,   10319024 total
[2024-10-15T06:39:48.372+0000][125][trace][gc,age      ] GC(38) - age   6:     196328 bytes,   10515352 total
[2024-10-15T06:39:48.372+0000][125][trace][gc,age      ] GC(38) - age   7:      16936 bytes,   10532288 total
[2024-10-15T06:39:48.372+0000][125][trace][gc,age      ] GC(38) - age   8:      67072 bytes,   10599360 total
[2024-10-15T06:39:48.372+0000][125][trace][gc,age      ] GC(38) - age   9:    1270440 bytes,   11869800 total
[2024-10-15T06:39:48.372+0000][125][trace][gc,age      ] GC(38) - age  10:      10104 bytes,   11879904 total
[2024-10-15T06:39:48.372+0000][125][trace][gc,age      ] GC(38) - age  11:      42688 bytes,   11922592 total
[2024-10-15T06:39:48.372+0000][125][trace][gc,age      ] GC(38) - age  12:     577048 bytes,   12499640 total
[2024-10-15T06:39:48.372+0000][125][trace][gc,age      ] GC(38) - age  13:     889352 bytes,   13388992 total
[2024-10-15T06:39:48.372+0000][125][trace][gc,age      ] GC(38) - age  14:     281520 bytes,   13670512 total
[2024-10-15T06:39:48.372+0000][125][trace][gc,age      ] GC(38) - age  15:      90608 bytes,   13761120 total
[2024-10-15T06:39:48.372+0000][125][info ][gc,heap     ] GC(38) Eden regions: 815->0(817)
[2024-10-15T06:39:48.372+0000][125][info ][gc,heap     ] GC(38) Survivor regions: 6->4(103)
[2024-10-15T06:39:48.372+0000][125][info ][gc,heap     ] GC(38) Old regions: 35->36
[2024-10-15T06:39:48.372+0000][125][info ][gc,heap     ] GC(38) Humongous regions: 2->2
[2024-10-15T06:39:48.372+0000][125][info ][gc,metaspace] GC(38) Metaspace: 156655K(162944K)->156655K(162944K) NonClass: 135655K(139328K)->135655K(139328K) Class: 21000K(23616K)->21000K(23616K)
[2024-10-15T06:39:48.372+0000][125][info ][gc          ] GC(38) Pause Young (Mixed) (G1 Evacuation Pause) 3427M->165M(5476M) 19.291ms
[2024-10-15T06:39:48.372+0000][125][info ][gc,cpu      ] GC(38) User=0.06s Sys=0.00s Real=0.02s
[2024-10-15T06:39:48.372+0000][125][info ][safepoint   ] Safepoint "G1CollectForAllocation", Time since last: 725448608 ns, Reaching safepoint: 409796 ns, Cleanup: 14367 ns, At safepoint: 19561839 ns, Total: 19986002 ns
[2024-10-15T06:39:49.390+0000][125][info ][safepoint   ] Safepoint "Cleanup", Time since last: 1013153780 ns, Reaching safepoint: 2962808 ns, Cleanup: 96579 ns, At safepoint: 1872644 ns, Total: 4932031 ns
[2024-10-15T06:39:50.352+0000][125][info ][gc,start    ] GC(39) Pause Young (Concurrent Start) (G1 Evacuation Pause)
[2024-10-15T06:39:50.352+0000][125][info ][gc,task     ] GC(39) Using 4 workers of 4 for evacuation
[2024-10-15T06:39:50.352+0000][125][debug][gc,age      ] GC(39) Desired survivor size 216006656 bytes, new threshold 15 (max threshold 15)
[2024-10-15T06:39:50.368+0000][125][info ][gc,phases   ] GC(39)   Pre Evacuate Collection Set: 1.02ms
[2024-10-15T06:39:50.368+0000][125][info ][gc,phases   ] GC(39)   Merge Heap Roots: 0.52ms
[2024-10-15T06:39:50.368+0000][125][info ][gc,phases   ] GC(39)   Evacuate Collection Set: 11.34ms
[2024-10-15T06:39:50.368+0000][125][info ][gc,phases   ] GC(39)   Post Evacuate Collection Set: 2.70ms
[2024-10-15T06:39:50.368+0000][125][info ][gc,phases   ] GC(39)   Other: 0.33ms
[2024-10-15T06:39:50.368+0000][125][trace][gc,age      ] GC(39) Age table with threshold 15 (max threshold 15)
[2024-10-15T06:39:50.368+0000][125][trace][gc,age      ] GC(39) - age   1:    8139944 bytes,    8139944 total
[2024-10-15T06:39:50.368+0000][125][trace][gc,age      ] GC(39) - age   2:    1463336 bytes,    9603280 total
[2024-10-15T06:39:50.368+0000][125][trace][gc,age      ] GC(39) - age   3:     191600 bytes,    9794880 total
[2024-10-15T06:39:50.368+0000][125][trace][gc,age      ] GC(39) - age   4:    1004416 bytes,   10799296 total
[2024-10-15T06:39:50.368+0000][125][trace][gc,age      ] GC(39) - age   5:        448 bytes,   10799744 total
[2024-10-15T06:39:50.368+0000][125][trace][gc,age      ] GC(39) - age   6:    1184512 bytes,   11984256 total
[2024-10-15T06:39:50.368+0000][125][trace][gc,age      ] GC(39) - age   7:     196288 bytes,   12180544 total
[2024-10-15T06:39:50.368+0000][125][trace][gc,age      ] GC(39) - age   8:      16936 bytes,   12197480 total
[2024-10-15T06:39:50.368+0000][125][trace][gc,age      ] GC(39) - age   9:      67072 bytes,   12264552 total
[2024-10-15T06:39:50.368+0000][125][trace][gc,age      ] GC(39) - age  10:    1270400 bytes,   13534952 total
[2024-10-15T06:39:50.368+0000][125][trace][gc,age      ] GC(39) - age  11:      10104 bytes,   13545056 total
[2024-10-15T06:39:50.368+0000][125][trace][gc,age      ] GC(39) - age  12:      42688 bytes,   13587744 total
[2024-10-15T06:39:50.368+0000][125][trace][gc,age      ] GC(39) - age  13:     577048 bytes,   14164792 total
[2024-10-15T06:39:50.368+0000][125][trace][gc,age      ] GC(39) - age  14:     889352 bytes,   15054144 total
[2024-10-15T06:39:50.368+0000][125][trace][gc,age      ] GC(39) - age  15:     281520 bytes,   15335664 total
[2024-10-15T06:39:50.368+0000][125][info ][gc,heap     ] GC(39) Eden regions: 817->0(816)
[2024-10-15T06:39:50.368+0000][125][info ][gc,heap     ] GC(39) Survivor regions: 4->5(103)
[2024-10-15T06:39:50.368+0000][125][info ][gc,heap     ] GC(39) Old regions: 36->37
[2024-10-15T06:39:50.368+0000][125][info ][gc,heap     ] GC(39) Humongous regions: 2->2
[2024-10-15T06:39:50.368+0000][125][info ][gc,metaspace] GC(39) Metaspace: 156659K(162944K)->156659K(162944K) NonClass: 135658K(139328K)->135658K(139328K) Class: 21000K(23616K)->21000K(23616K)
[2024-10-15T06:39:50.368+0000][125][info ][gc          ] GC(39) Pause Young (Concurrent Start) (G1 Evacuation Pause) 3433M->169M(5476M) 16.241ms
[2024-10-15T06:39:50.368+0000][125][info ][gc,cpu      ] GC(39) User=0.04s Sys=0.00s Real=0.01s
[2024-10-15T06:39:50.371+0000][125][info ][safepoint   ] Safepoint "G1CollectForAllocation", Time since last: 960254718 ns, Reaching safepoint: 1154656 ns, Cleanup: 16152 ns, At safepoint: 19729949 ns, Total: 20900757 ns
[2024-10-15T06:39:50.372+0000][125][info ][gc          ] GC(40) Concurrent Mark Cycle
[2024-10-15T06:39:50.372+0000][125][info ][gc,marking  ] GC(40) Concurrent Scan Root Regions
[2024-10-15T06:39:50.395+0000][125][info ][gc,marking  ] GC(40) Concurrent Scan Root Regions 23.196ms
[2024-10-15T06:39:50.395+0000][125][info ][gc,marking  ] GC(40) Concurrent Mark
[2024-10-15T06:39:50.395+0000][125][info ][gc,marking  ] GC(40) Concurrent Mark From Roots
[2024-10-15T06:39:50.395+0000][125][info ][gc,task     ] GC(40) Using 1 workers of 1 for marking
[2024-10-15T06:39:51.426+0000][125][info ][safepoint   ] Safepoint "Cleanup", Time since last: 1008354238 ns, Reaching safepoint: 31073171 ns, Cleanup: 26127 ns, At safepoint: 14908980 ns, Total: 46008278 ns
[2024-10-15T06:39:51.644+0000][125][info ][gc,marking  ] GC(40) Concurrent Mark From Roots 1248.696ms
[2024-10-15T06:39:51.644+0000][125][info ][gc,marking  ] GC(40) Concurrent Preclean
[2024-10-15T06:39:51.645+0000][125][info ][gc,marking  ] GC(40) Concurrent Preclean 1.056ms
[2024-10-15T06:39:51.647+0000][125][info ][gc,start    ] GC(40) Pause Remark
[2024-10-15T06:39:51.735+0000][125][info ][gc          ] GC(40) Pause Remark 937M->937M(5476M) 88.818ms
[2024-10-15T06:39:51.736+0000][125][info ][gc,cpu      ] GC(40) User=0.27s Sys=0.00s Real=0.09s
[2024-10-15T06:39:51.739+0000][125][info ][safepoint   ] Safepoint "G1PauseRemark", Time since last: 219528059 ns, Reaching safepoint: 1249571 ns, Cleanup: 13037 ns, At safepoint: 92807615 ns, Total: 94070223 ns
[2024-10-15T06:39:51.745+0000][125][info ][gc,marking  ] GC(40) Concurrent Mark 1349.409ms
[2024-10-15T06:39:51.746+0000][125][info ][gc,marking  ] GC(40) Concurrent Rebuild Remembered Sets and Scrub Regions
[2024-10-15T06:39:52.591+0000][125][info ][gc,marking  ] GC(40) Concurrent Rebuild Remembered Sets and Scrub Regions 845.001ms
[2024-10-15T06:39:52.594+0000][125][info ][gc,start    ] GC(40) Pause Cleanup
[2024-10-15T06:39:52.595+0000][125][info ][gc          ] GC(40) Pause Cleanup 1633M->1633M(5476M) 0.914ms
[2024-10-15T06:39:52.595+0000][125][info ][gc,cpu      ] GC(40) User=0.00s Sys=0.00s Real=0.00s
[2024-10-15T06:39:52.595+0000][125][info ][safepoint   ] Safepoint "G1PauseCleanup", Time since last: 853625529 ns, Reaching safepoint: 1121541 ns, Cleanup: 66848 ns, At safepoint: 1340060 ns, Total: 2528449 ns
[2024-10-15T06:39:52.599+0000][125][info ][gc,marking  ] GC(40) Concurrent Clear Claimed Marks
[2024-10-15T06:39:52.599+0000][125][info ][gc,marking  ] GC(40) Concurrent Clear Claimed Marks 0.243ms
[2024-10-15T06:39:52.599+0000][125][info ][gc,marking  ] GC(40) Concurrent Cleanup for Next Mark
[2024-10-15T06:39:52.624+0000][125][info ][gc,marking  ] GC(40) Concurrent Cleanup for Next Mark 24.718ms
[2024-10-15T06:39:52.624+0000][125][info ][gc          ] GC(40) Concurrent Mark Cycle 2251.848ms
[2024-10-15T06:39:53.839+0000][125][info ][safepoint   ] Safepoint "Cleanup", Time since last: 1257688421 ns, Reaching safepoint: 797290 ns, Cleanup: 27749 ns, At safepoint: 102011 ns, Total: 927050 ns
[2024-10-15T06:39:54.051+0000][125][info ][gc,start    ] GC(41) Pause Young (Prepare Mixed) (G1 Evacuation Pause)
[2024-10-15T06:39:54.051+0000][125][info ][gc,task     ] GC(41) Using 4 workers of 4 for evacuation
[2024-10-15T06:39:54.051+0000][125][debug][gc,age      ] GC(41) Desired survivor size 216006656 bytes, new threshold 15 (max threshold 15)
[2024-10-15T06:39:54.069+0000][125][info ][gc,phases   ] GC(41)   Pre Evacuate Collection Set: 0.97ms
[2024-10-15T06:39:54.069+0000][125][info ][gc,phases   ] GC(41)   Merge Heap Roots: 0.90ms
[2024-10-15T06:39:54.069+0000][125][info ][gc,phases   ] GC(41)   Evacuate Collection Set: 13.10ms
[2024-10-15T06:39:54.069+0000][125][info ][gc,phases   ] GC(41)   Post Evacuate Collection Set: 2.50ms
[2024-10-15T06:39:54.069+0000][125][info ][gc,phases   ] GC(41)   Other: 0.22ms
[2024-10-15T06:39:54.069+0000][125][trace][gc,age      ] GC(41) Age table with threshold 15 (max threshold 15)
[2024-10-15T06:39:54.069+0000][125][trace][gc,age      ] GC(41) - age   1:    7869920 bytes,    7869920 total
[2024-10-15T06:39:54.069+0000][125][trace][gc,age      ] GC(41) - age   2:     263488 bytes,    8133408 total
[2024-10-15T06:39:54.069+0000][125][trace][gc,age      ] GC(41) - age   3:     265184 bytes,    8398592 total
[2024-10-15T06:39:54.069+0000][125][trace][gc,age      ] GC(41) - age   4:      89008 bytes,    8487600 total
[2024-10-15T06:39:54.069+0000][125][trace][gc,age      ] GC(41) - age   5:     975424 bytes,    9463024 total
[2024-10-15T06:39:54.069+0000][125][trace][gc,age      ] GC(41) - age   6:        448 bytes,    9463472 total
[2024-10-15T06:39:54.069+0000][125][trace][gc,age      ] GC(41) - age   7:    1184512 bytes,   10647984 total
[2024-10-15T06:39:54.069+0000][125][trace][gc,age      ] GC(41) - age   8:     196168 bytes,   10844152 total
[2024-10-15T06:39:54.069+0000][125][trace][gc,age      ] GC(41) - age   9:      16936 bytes,   10861088 total
[2024-10-15T06:39:54.069+0000][125][trace][gc,age      ] GC(41) - age  10:      67072 bytes,   10928160 total
[2024-10-15T06:39:54.069+0000][125][trace][gc,age      ] GC(41) - age  11:    1270400 bytes,   12198560 total
[2024-10-15T06:39:54.069+0000][125][trace][gc,age      ] GC(41) - age  12:      10104 bytes,   12208664 total
[2024-10-15T06:39:54.069+0000][125][trace][gc,age      ] GC(41) - age  13:      42688 bytes,   12251352 total
[2024-10-15T06:39:54.069+0000][125][trace][gc,age      ] GC(41) - age  14:     577048 bytes,   12828400 total
[2024-10-15T06:39:54.069+0000][125][trace][gc,age      ] GC(41) - age  15:     889352 bytes,   13717752 total
[2024-10-15T06:39:54.069+0000][125][info ][gc,heap     ] GC(41) Eden regions: 816->0(817)
[2024-10-15T06:39:54.069+0000][125][info ][gc,heap     ] GC(41) Survivor regions: 5->4(103)
[2024-10-15T06:39:54.069+0000][125][info ][gc,heap     ] GC(41) Old regions: 37->37
[2024-10-15T06:39:54.069+0000][125][info ][gc,heap     ] GC(41) Humongous regions: 2->2
[2024-10-15T06:39:54.069+0000][125][info ][gc,metaspace] GC(41) Metaspace: 156554K(162944K)->156554K(162944K) NonClass: 135584K(139328K)->135584K(139328K) Class: 20970K(23616K)->20970K(23616K)
[2024-10-15T06:39:54.069+0000][125][info ][gc          ] GC(41) Pause Young (Prepare Mixed) (G1 Evacuation Pause) 3433M->166M(5476M) 18.006ms
[2024-10-15T06:39:54.069+0000][125][info ][gc,cpu      ] GC(41) User=0.04s Sys=0.00s Real=0.02s
[2024-10-15T06:39:54.069+0000][125][info ][safepoint   ] Safepoint "G1CollectForAllocation", Time since last: 210714511 ns, Reaching safepoint: 895940 ns, Cleanup: 11118 ns, At safepoint: 18258407 ns, Total: 19165465 ns
[2024-10-15T06:39:55.322+0000][125][info ][safepoint   ] Safepoint "Cleanup", Time since last: 1252234343 ns, Reaching safepoint: 250617 ns, Cleanup: 12205 ns, At safepoint: 77815 ns, Total: 340637 ns
[2024-10-15T06:39:56.421+0000][125][info ][gc,start    ] GC(42) Pause Young (Mixed) (G1 Evacuation Pause)
[2024-10-15T06:39:56.421+0000][125][info ][gc,task     ] GC(42) Using 4 workers of 4 for evacuation
[2024-10-15T06:39:56.421+0000][125][debug][gc,age      ] GC(42) Desired survivor size 216006656 bytes, new threshold 15 (max threshold 15)
[2024-10-15T06:39:56.442+0000][125][info ][gc,phases   ] GC(42)   Pre Evacuate Collection Set: 0.98ms
[2024-10-15T06:39:56.442+0000][125][info ][gc,phases   ] GC(42)   Merge Heap Roots: 0.44ms
[2024-10-15T06:39:56.442+0000][125][info ][gc,phases   ] GC(42)   Evacuate Collection Set: 15.74ms
[2024-10-15T06:39:56.442+0000][125][info ][gc,phases   ] GC(42)   Post Evacuate Collection Set: 3.81ms
[2024-10-15T06:39:56.442+0000][125][info ][gc,phases   ] GC(42)   Other: 0.18ms
[2024-10-15T06:39:56.442+0000][125][trace][gc,age      ] GC(42) Age table with threshold 15 (max threshold 15)
[2024-10-15T06:39:56.442+0000][125][trace][gc,age      ] GC(42) - age   1:    5569264 bytes,    5569264 total
[2024-10-15T06:39:56.442+0000][125][trace][gc,age      ] GC(42) - age   2:    1234416 bytes,    6803680 total
[2024-10-15T06:39:56.442+0000][125][trace][gc,age      ] GC(42) - age   3:     163432 bytes,    6967112 total
[2024-10-15T06:39:56.442+0000][125][trace][gc,age      ] GC(42) - age   4:     214608 bytes,    7181720 total
[2024-10-15T06:39:56.442+0000][125][trace][gc,age      ] GC(42) - age   5:      88256 bytes,    7269976 total
[2024-10-15T06:39:56.442+0000][125][trace][gc,age      ] GC(42) - age   6:     975304 bytes,    8245280 total
[2024-10-15T06:39:56.442+0000][125][trace][gc,age      ] GC(42) - age   7:        328 bytes,    8245608 total
[2024-10-15T06:39:56.442+0000][125][trace][gc,age      ] GC(42) - age   8:    1184432 bytes,    9430040 total
[2024-10-15T06:39:56.442+0000][125][trace][gc,age      ] GC(42) - age   9:     196168 bytes,    9626208 total
[2024-10-15T06:39:56.442+0000][125][trace][gc,age      ] GC(42) - age  10:      16936 bytes,    9643144 total
[2024-10-15T06:39:56.442+0000][125][trace][gc,age      ] GC(42) - age  11:      67072 bytes,    9710216 total
[2024-10-15T06:39:56.442+0000][125][trace][gc,age      ] GC(42) - age  12:    1270400 bytes,   10980616 total
[2024-10-15T06:39:56.442+0000][125][trace][gc,age      ] GC(42) - age  13:      10104 bytes,   10990720 total
[2024-10-15T06:39:56.442+0000][125][trace][gc,age      ] GC(42) - age  14:      42688 bytes,   11033408 total
[2024-10-15T06:39:56.442+0000][125][trace][gc,age      ] GC(42) - age  15:     577048 bytes,   11610456 total
[2024-10-15T06:39:56.442+0000][125][info ][gc,heap     ] GC(42) Eden regions: 817->0(817)
[2024-10-15T06:39:56.442+0000][125][info ][gc,heap     ] GC(42) Survivor regions: 4->4(103)
[2024-10-15T06:39:56.442+0000][125][info ][gc,heap     ] GC(42) Old regions: 37->37
[2024-10-15T06:39:56.442+0000][125][info ][gc,heap     ] GC(42) Humongous regions: 2->2
[2024-10-15T06:39:56.442+0000][125][info ][gc,metaspace] GC(42) Metaspace: 156560K(162944K)->156560K(162944K) NonClass: 135590K(139328K)->135590K(139328K) Class: 20970K(23616K)->20970K(23616K)
[2024-10-15T06:39:56.442+0000][125][info ][gc          ] GC(42) Pause Young (Mixed) (G1 Evacuation Pause) 3434M->164M(5476M) 21.615ms
[2024-10-15T06:39:56.442+0000][125][info ][gc,cpu      ] GC(42) User=0.04s Sys=0.00s Real=0.02s
[2024-10-15T06:39:56.445+0000][125][info ][safepoint   ] Safepoint "G1CollectForAllocation", Time since last: 1097918483 ns, Reaching safepoint: 1165933 ns, Cleanup: 16028 ns, At safepoint: 24845656 ns, Total: 26027617 ns
[2024-10-15T06:39:57.482+0000][125][info ][safepoint   ] Safepoint "Cleanup", Time since last: 1029144823 ns, Reaching safepoint: 695762 ns, Cleanup: 11453 ns, At safepoint: 7072252 ns, Total: 7779467 ns
[2024-10-15T06:39:58.722+0000][125][info ][safepoint   ] Safepoint "Cleanup", Time since last: 1231195226 ns, Reaching safepoint: 6071680 ns, Cleanup: 21773 ns, At safepoint: 2095399 ns, Total: 8188852 ns
[2024-10-15T06:39:59.141+0000][125][info ][gc,start    ] GC(43) Pause Young (Concurrent Start) (G1 Evacuation Pause)
[2024-10-15T06:39:59.141+0000][125][info ][gc,task     ] GC(43) Using 4 workers of 4 for evacuation
[2024-10-15T06:39:59.141+0000][125][debug][gc,age      ] GC(43) Desired survivor size 216006656 bytes, new threshold 15 (max threshold 15)
[2024-10-15T06:39:59.162+0000][125][info ][gc,phases   ] GC(43)   Pre Evacuate Collection Set: 1.44ms
[2024-10-15T06:39:59.162+0000][125][info ][gc,phases   ] GC(43)   Merge Heap Roots: 0.95ms
[2024-10-15T06:39:59.162+0000][125][info ][gc,phases   ] GC(43)   Evacuate Collection Set: 14.79ms
[2024-10-15T06:39:59.162+0000][125][info ][gc,phases   ] GC(43)   Post Evacuate Collection Set: 2.65ms
[2024-10-15T06:39:59.162+0000][125][info ][gc,phases   ] GC(43)   Other: 0.56ms
[2024-10-15T06:39:59.162+0000][125][trace][gc,age      ] GC(43) Age table with threshold 15 (max threshold 15)
[2024-10-15T06:39:59.162+0000][125][trace][gc,age      ] GC(43) - age   1:    8009072 bytes,    8009072 total
[2024-10-15T06:39:59.162+0000][125][trace][gc,age      ] GC(43) - age   2:     513032 bytes,    8522104 total
[2024-10-15T06:39:59.162+0000][125][trace][gc,age      ] GC(43) - age   3:    1232192 bytes,    9754296 total
[2024-10-15T06:39:59.162+0000][125][trace][gc,age      ] GC(43) - age   4:     163392 bytes,    9917688 total
[2024-10-15T06:39:59.162+0000][125][trace][gc,age      ] GC(43) - age   5:     214488 bytes,   10132176 total
[2024-10-15T06:39:59.162+0000][125][trace][gc,age      ] GC(43) - age   6:      88216 bytes,   10220392 total
[2024-10-15T06:39:59.162+0000][125][trace][gc,age      ] GC(43) - age   7:     975224 bytes,   11195616 total
[2024-10-15T06:39:59.162+0000][125][trace][gc,age      ] GC(43) - age   8:        328 bytes,   11195944 total
[2024-10-15T06:39:59.162+0000][125][trace][gc,age      ] GC(43) - age   9:    1184352 bytes,   12380296 total
[2024-10-15T06:39:59.162+0000][125][trace][gc,age      ] GC(43) - age  10:     196128 bytes,   12576424 total
[2024-10-15T06:39:59.162+0000][125][trace][gc,age      ] GC(43) - age  11:      16936 bytes,   12593360 total
[2024-10-15T06:39:59.162+0000][125][trace][gc,age      ] GC(43) - age  12:      67072 bytes,   12660432 total
[2024-10-15T06:39:59.162+0000][125][trace][gc,age      ] GC(43) - age  13:    1270400 bytes,   13930832 total
[2024-10-15T06:39:59.162+0000][125][trace][gc,age      ] GC(43) - age  14:      10104 bytes,   13940936 total
[2024-10-15T06:39:59.162+0000][125][trace][gc,age      ] GC(43) - age  15:      42584 bytes,   13983520 total
[2024-10-15T06:39:59.162+0000][125][info ][gc,heap     ] GC(43) Eden regions: 817->0(817)
[2024-10-15T06:39:59.162+0000][125][info ][gc,heap     ] GC(43) Survivor regions: 4->4(103)
[2024-10-15T06:39:59.162+0000][125][info ][gc,heap     ] GC(43) Old regions: 37->37
[2024-10-15T06:39:59.162+0000][125][info ][gc,heap     ] GC(43) Humongous regions: 2->2
[2024-10-15T06:39:59.162+0000][125][info ][gc,metaspace] GC(43) Metaspace: 156569K(162944K)->156569K(162944K) NonClass: 135598K(139328K)->135598K(139328K) Class: 20970K(23616K)->20970K(23616K)
[2024-10-15T06:39:59.162+0000][125][info ][gc          ] GC(43) Pause Young (Concurrent Start) (G1 Evacuation Pause) 3432M->167M(5476M) 21.315ms
[2024-10-15T06:39:59.162+0000][125][info ][gc          ] GC(44) Concurrent Mark Cycle
[2024-10-15T06:39:59.162+0000][125][info ][gc,marking  ] GC(44) Concurrent Scan Root Regions
[2024-10-15T06:39:59.162+0000][125][info ][gc,cpu      ] GC(43) User=0.06s Sys=0.00s Real=0.02s
[2024-10-15T06:39:59.167+0000][125][info ][safepoint   ] Safepoint "G1CollectForAllocation", Time since last: 414648466 ns, Reaching safepoint: 4149624 ns, Cleanup: 85620 ns, At safepoint: 26718570 ns, Total: 30953814 ns
[2024-10-15T06:39:59.174+0000][125][info ][gc,marking  ] GC(44) Concurrent Scan Root Regions 11.852ms
[2024-10-15T06:39:59.174+0000][125][info ][gc,marking  ] GC(44) Concurrent Mark
[2024-10-15T06:39:59.174+0000][125][info ][gc,marking  ] GC(44) Concurrent Mark From Roots
[2024-10-15T06:39:59.174+0000][125][info ][gc,task     ] GC(44) Using 1 workers of 1 for marking
[2024-10-15T06:39:59.878+0000][125][info ][gc,marking  ] GC(44) Concurrent Mark From Roots 704.288ms
[2024-10-15T06:39:59.878+0000][125][info ][gc,marking  ] GC(44) Concurrent Preclean
[2024-10-15T06:39:59.883+0000][125][info ][gc,marking  ] GC(44) Concurrent Preclean 5.079ms
[2024-10-15T06:39:59.888+0000][125][info ][gc,start    ] GC(44) Pause Remark
[2024-10-15T06:39:59.910+0000][125][info ][gc          ] GC(44) Pause Remark 1175M->1175M(5476M) 21.950ms
[2024-10-15T06:39:59.910+0000][125][info ][gc,cpu      ] GC(44) User=0.04s Sys=0.00s Real=0.02s
[2024-10-15T06:39:59.911+0000][125][info ][safepoint   ] Safepoint "G1PauseRemark", Time since last: 720464517 ns, Reaching safepoint: 588580 ns, Cleanup: 17604 ns, At safepoint: 22826866 ns, Total: 23433050 ns
[2024-10-15T06:39:59.912+0000][125][info ][gc,marking  ] GC(44) Concurrent Mark 737.615ms
[2024-10-15T06:39:59.912+0000][125][info ][gc,marking  ] GC(44) Concurrent Rebuild Remembered Sets and Scrub Regions
[2024-10-15T06:40:00.288+0000][125][info ][gc,marking  ] GC(44) Concurrent Rebuild Remembered Sets and Scrub Regions 375.882ms
[2024-10-15T06:40:00.289+0000][125][info ][gc,start    ] GC(44) Pause Cleanup
[2024-10-15T06:40:00.290+0000][125][info ][gc          ] GC(44) Pause Cleanup 1821M->1821M(5476M) 1.197ms
[2024-10-15T06:40:00.290+0000][125][info ][gc,cpu      ] GC(44) User=0.00s Sys=0.00s Real=0.00s
[2024-10-15T06:40:00.294+0000][125][info ][safepoint   ] Safepoint "G1PauseCleanup", Time since last: 376499418 ns, Reaching safepoint: 867367 ns, Cleanup: 24612 ns, At safepoint: 5641399 ns, Total: 6533378 ns
[2024-10-15T06:40:00.294+0000][125][info ][gc,marking  ] GC(44) Concurrent Clear Claimed Marks
[2024-10-15T06:40:00.295+0000][125][info ][gc,marking  ] GC(44) Concurrent Clear Claimed Marks 0.447ms
[2024-10-15T06:40:00.295+0000][125][info ][gc,marking  ] GC(44) Concurrent Cleanup for Next Mark
[2024-10-15T06:40:00.315+0000][125][info ][gc,marking  ] GC(44) Concurrent Cleanup for Next Mark 20.472ms
[2024-10-15T06:40:00.315+0000][125][info ][gc          ] GC(44) Concurrent Mark Cycle 1153.441ms
[2024-10-15T06:40:01.223+0000][125][info ][gc,start    ] GC(45) Pause Young (Prepare Mixed) (G1 Evacuation Pause)
[2024-10-15T06:40:01.223+0000][125][info ][gc,task     ] GC(45) Using 4 workers of 4 for evacuation
[2024-10-15T06:40:01.223+0000][125][debug][gc,age      ] GC(45) Desired survivor size 216006656 bytes, new threshold 15 (max threshold 15)
[2024-10-15T06:40:01.237+0000][125][info ][gc,phases   ] GC(45)   Pre Evacuate Collection Set: 0.93ms
[2024-10-15T06:40:01.237+0000][125][info ][gc,phases   ] GC(45)   Merge Heap Roots: 0.35ms
[2024-10-15T06:40:01.237+0000][125][info ][gc,phases   ] GC(45)   Evacuate Collection Set: 9.97ms
[2024-10-15T06:40:01.237+0000][125][info ][gc,phases   ] GC(45)   Post Evacuate Collection Set: 2.52ms
[2024-10-15T06:40:01.237+0000][125][info ][gc,phases   ] GC(45)   Other: 0.14ms
[2024-10-15T06:40:01.237+0000][125][trace][gc,age      ] GC(45) Age table with threshold 15 (max threshold 15)
[2024-10-15T06:40:01.237+0000][125][trace][gc,age      ] GC(45) - age   1:    9477344 bytes,    9477344 total
[2024-10-15T06:40:01.237+0000][125][trace][gc,age      ] GC(45) - age   2:    4557688 bytes,   14035032 total
[2024-10-15T06:40:01.237+0000][125][trace][gc,age      ] GC(45) - age   3:     223576 bytes,   14258608 total
[2024-10-15T06:40:01.237+0000][125][trace][gc,age      ] GC(45) - age   4:     167888 bytes,   14426496 total
[2024-10-15T06:40:01.237+0000][125][trace][gc,age      ] GC(45) - age   5:     103968 bytes,   14530464 total
[2024-10-15T06:40:01.237+0000][125][trace][gc,age      ] GC(45) - age   6:     126000 bytes,   14656464 total
[2024-10-15T06:40:01.237+0000][125][trace][gc,age      ] GC(45) - age   7:      88136 bytes,   14744600 total
[2024-10-15T06:40:01.237+0000][125][trace][gc,age      ] GC(45) - age   8:     886576 bytes,   15631176 total
[2024-10-15T06:40:01.237+0000][125][trace][gc,age      ] GC(45) - age   9:        328 bytes,   15631504 total
[2024-10-15T06:40:01.237+0000][125][trace][gc,age      ] GC(45) - age  10:    1184352 bytes,   16815856 total
[2024-10-15T06:40:01.237+0000][125][trace][gc,age      ] GC(45) - age  11:     190352 bytes,   17006208 total
[2024-10-15T06:40:01.237+0000][125][trace][gc,age      ] GC(45) - age  12:      16936 bytes,   17023144 total
[2024-10-15T06:40:01.237+0000][125][trace][gc,age      ] GC(45) - age  13:      67072 bytes,   17090216 total
[2024-10-15T06:40:01.237+0000][125][trace][gc,age      ] GC(45) - age  14:    1270336 bytes,   18360552 total
[2024-10-15T06:40:01.237+0000][125][trace][gc,age      ] GC(45) - age  15:      10104 bytes,   18370656 total
[2024-10-15T06:40:01.237+0000][125][info ][gc,heap     ] GC(45) Eden regions: 817->0(816)
[2024-10-15T06:40:01.237+0000][125][info ][gc,heap     ] GC(45) Survivor regions: 4->5(103)
[2024-10-15T06:40:01.237+0000][125][info ][gc,heap     ] GC(45) Old regions: 37->37
[2024-10-15T06:40:01.237+0000][125][info ][gc,heap     ] GC(45) Humongous regions: 2->2
[2024-10-15T06:40:01.237+0000][125][info ][gc,metaspace] GC(45) Metaspace: 156569K(162944K)->156569K(162944K) NonClass: 135598K(139328K)->135598K(139328K) Class: 20970K(23616K)->20970K(23616K)
[2024-10-15T06:40:01.237+0000][125][info ][gc          ] GC(45) Pause Young (Prepare Mixed) (G1 Evacuation Pause) 3435M->172M(5476M) 14.160ms
[2024-10-15T06:40:01.237+0000][125][info ][gc,cpu      ] GC(45) User=0.03s Sys=0.00s Real=0.02s
[2024-10-15T06:40:01.243+0000][125][info ][safepoint   ] Safepoint "G1CollectForAllocation", Time since last: 927507055 ns, Reaching safepoint: 980250 ns, Cleanup: 20374 ns, At safepoint: 19908327 ns, Total: 20908951 ns
[2024-10-15T06:40:03.278+0000][125][info ][safepoint   ] Safepoint "Cleanup", Time since last: 2023765159 ns, Reaching safepoint: 10980133 ns, Cleanup: 16874 ns, At safepoint: 133532 ns, Total: 11130539 ns
[2024-10-15T06:40:04.448+0000][125][info ][gc,start    ] GC(46) Pause Young (Mixed) (G1 Evacuation Pause)
[2024-10-15T06:40:04.448+0000][125][info ][gc,task     ] GC(46) Using 4 workers of 4 for evacuation
[2024-10-15T06:40:04.448+0000][125][debug][gc,age      ] GC(46) Desired survivor size 216006656 bytes, new threshold 15 (max threshold 15)
[2024-10-15T06:40:04.479+0000][125][info ][gc,phases   ] GC(46)   Pre Evacuate Collection Set: 1.10ms
[2024-10-15T06:40:04.479+0000][125][info ][gc,phases   ] GC(46)   Merge Heap Roots: 0.82ms
[2024-10-15T06:40:04.479+0000][125][info ][gc,phases   ] GC(46)   Evacuate Collection Set: 25.06ms
[2024-10-15T06:40:04.479+0000][125][info ][gc,phases   ] GC(46)   Post Evacuate Collection Set: 3.39ms
[2024-10-15T06:40:04.479+0000][125][info ][gc,phases   ] GC(46)   Other: 0.19ms
[2024-10-15T06:40:04.479+0000][125][trace][gc,age      ] GC(46) Age table with threshold 15 (max threshold 15)
[2024-10-15T06:40:04.479+0000][125][trace][gc,age      ] GC(46) - age   1:    9078312 bytes,    9078312 total
[2024-10-15T06:40:04.479+0000][125][trace][gc,age      ] GC(46) - age   2:    5150992 bytes,   14229304 total
[2024-10-15T06:40:04.479+0000][125][trace][gc,age      ] GC(46) - age   3:    4256248 bytes,   18485552 total
[2024-10-15T06:40:04.479+0000][125][trace][gc,age      ] GC(46) - age   4:     223464 bytes,   18709016 total
[2024-10-15T06:40:04.479+0000][125][trace][gc,age      ] GC(46) - age   5:     166992 bytes,   18876008 total
[2024-10-15T06:40:04.479+0000][125][trace][gc,age      ] GC(46) - age   6:     103968 bytes,   18979976 total
[2024-10-15T06:40:04.479+0000][125][trace][gc,age      ] GC(46) - age   7:     126000 bytes,   19105976 total
[2024-10-15T06:40:04.479+0000][125][trace][gc,age      ] GC(46) - age   8:      88136 bytes,   19194112 total
[2024-10-15T06:40:04.479+0000][125][trace][gc,age      ] GC(46) - age   9:     886296 bytes,   20080408 total
[2024-10-15T06:40:04.479+0000][125][trace][gc,age      ] GC(46) - age  10:        328 bytes,   20080736 total
[2024-10-15T06:40:04.479+0000][125][trace][gc,age      ] GC(46) - age  11:    1184352 bytes,   21265088 total
[2024-10-15T06:40:04.479+0000][125][trace][gc,age      ] GC(46) - age  12:     189984 bytes,   21455072 total
[2024-10-15T06:40:04.479+0000][125][trace][gc,age      ] GC(46) - age  13:      16936 bytes,   21472008 total
[2024-10-15T06:40:04.479+0000][125][trace][gc,age      ] GC(46) - age  14:      67072 bytes,   21539080 total
[2024-10-15T06:40:04.479+0000][125][trace][gc,age      ] GC(46) - age  15:    1270336 bytes,   22809416 total
[2024-10-15T06:40:04.479+0000][125][info ][gc,heap     ] GC(46) Eden regions: 816->0(814)
[2024-10-15T06:40:04.479+0000][125][info ][gc,heap     ] GC(46) Survivor regions: 5->7(103)
[2024-10-15T06:40:04.479+0000][125][info ][gc,heap     ] GC(46) Old regions: 37->37
[2024-10-15T06:40:04.479+0000][125][info ][gc,heap     ] GC(46) Humongous regions: 2->2
[2024-10-15T06:40:04.479+0000][125][info ][gc,metaspace] GC(46) Metaspace: 156569K(162944K)->156569K(162944K) NonClass: 135598K(139328K)->135598K(139328K) Class: 20970K(23616K)->20970K(23616K)
[2024-10-15T06:40:04.479+0000][125][info ][gc          ] GC(46) Pause Young (Mixed) (G1 Evacuation Pause) 3436M->177M(5476M) 30.839ms
[2024-10-15T06:40:04.479+0000][125][info ][gc,cpu      ] GC(46) User=0.10s Sys=0.00s Real=0.03s
[2024-10-15T06:40:04.481+0000][125][info ][safepoint   ] Safepoint "G1CollectForAllocation", Time since last: 1168670700 ns, Reaching safepoint: 1625244 ns, Cleanup: 72225 ns, At safepoint: 33154620 ns, Total: 34852089 ns
[2024-10-15T06:40:05.489+0000][125][info ][safepoint   ] Safepoint "Cleanup", Time since last: 1002792792 ns, Reaching safepoint: 4832789 ns, Cleanup: 13807 ns, At safepoint: 150933 ns, Total: 4997529 ns
[2024-10-15T06:40:07.618+0000][125][info ][gc,start    ] GC(47) Pause Young (Concurrent Start) (G1 Evacuation Pause)
[2024-10-15T06:40:07.618+0000][125][info ][gc,task     ] GC(47) Using 4 workers of 4 for evacuation
[2024-10-15T06:40:07.618+0000][125][debug][gc,age      ] GC(47) Desired survivor size 216006656 bytes, new threshold 15 (max threshold 15)
[2024-10-15T06:40:07.671+0000][125][info ][gc,phases   ] GC(47)   Pre Evacuate Collection Set: 1.38ms
[2024-10-15T06:40:07.671+0000][125][info ][gc,phases   ] GC(47)   Merge Heap Roots: 0.79ms
[2024-10-15T06:40:07.671+0000][125][info ][gc,phases   ] GC(47)   Evacuate Collection Set: 42.06ms
[2024-10-15T06:40:07.671+0000][125][info ][gc,phases   ] GC(47)   Post Evacuate Collection Set: 7.53ms
[2024-10-15T06:40:07.671+0000][125][info ][gc,phases   ] GC(47)   Other: 0.73ms
[2024-10-15T06:40:07.671+0000][125][trace][gc,age      ] GC(47) Age table with threshold 15 (max threshold 15)
[2024-10-15T06:40:07.671+0000][125][trace][gc,age      ] GC(47) - age   1:    9621904 bytes,    9621904 total
[2024-10-15T06:40:07.671+0000][125][trace][gc,age      ] GC(47) - age   2:    4061600 bytes,   13683504 total
[2024-10-15T06:40:07.671+0000][125][trace][gc,age      ] GC(47) - age   3:    4949272 bytes,   18632776 total
[2024-10-15T06:40:07.671+0000][125][trace][gc,age      ] GC(47) - age   4:    4124960 bytes,   22757736 total
[2024-10-15T06:40:07.671+0000][125][trace][gc,age      ] GC(47) - age   5:     223464 bytes,   22981200 total
[2024-10-15T06:40:07.671+0000][125][trace][gc,age      ] GC(47) - age   6:     166992 bytes,   23148192 total
[2024-10-15T06:40:07.671+0000][125][trace][gc,age      ] GC(47) - age   7:     103968 bytes,   23252160 total
[2024-10-15T06:40:07.671+0000][125][trace][gc,age      ] GC(47) - age   8:     125960 bytes,   23378120 total
[2024-10-15T06:40:07.671+0000][125][trace][gc,age      ] GC(47) - age   9:      88096 bytes,   23466216 total
[2024-10-15T06:40:07.671+0000][125][trace][gc,age      ] GC(47) - age  10:     886296 bytes,   24352512 total
[2024-10-15T06:40:07.671+0000][125][trace][gc,age      ] GC(47) - age  11:        288 bytes,   24352800 total
[2024-10-15T06:40:07.671+0000][125][trace][gc,age      ] GC(47) - age  12:    1184352 bytes,   25537152 total
[2024-10-15T06:40:07.671+0000][125][trace][gc,age      ] GC(47) - age  13:     189984 bytes,   25727136 total
[2024-10-15T06:40:07.671+0000][125][trace][gc,age      ] GC(47) - age  14:      16936 bytes,   25744072 total
[2024-10-15T06:40:07.671+0000][125][trace][gc,age      ] GC(47) - age  15:      67072 bytes,   25811144 total
[2024-10-15T06:40:07.671+0000][125][info ][gc,heap     ] GC(47) Eden regions: 814->0(814)
[2024-10-15T06:40:07.671+0000][125][info ][gc,heap     ] GC(47) Survivor regions: 7->7(103)
[2024-10-15T06:40:07.671+0000][125][info ][gc,heap     ] GC(47) Old regions: 37->37
[2024-10-15T06:40:07.671+0000][125][info ][gc,heap     ] GC(47) Humongous regions: 2->2
[2024-10-15T06:40:07.671+0000][125][info ][gc,metaspace] GC(47) Metaspace: 156569K(162944K)->156569K(162944K) NonClass: 135598K(139328K)->135598K(139328K) Class: 20970K(23616K)->20970K(23616K)
[2024-10-15T06:40:07.671+0000][125][info ][gc          ] GC(47) Pause Young (Concurrent Start) (G1 Evacuation Pause) 3433M->182M(5476M) 53.083ms
[2024-10-15T06:40:07.671+0000][125][info ][gc,cpu      ] GC(47) User=0.12s Sys=0.02s Real=0.05s
[2024-10-15T06:40:07.673+0000][125][info ][gc          ] GC(48) Concurrent Mark Cycle
[2024-10-15T06:40:07.673+0000][125][info ][gc,marking  ] GC(48) Concurrent Scan Root Regions
[2024-10-15T06:40:07.674+0000][125][info ][safepoint   ] Safepoint "G1CollectForAllocation", Time since last: 2041253041 ns, Reaching safepoint: 87568647 ns, Cleanup: 9341 ns, At safepoint: 55793300 ns, Total: 143371288 ns
[2024-10-15T06:40:07.704+0000][125][info ][gc,marking  ] GC(48) Concurrent Scan Root Regions 30.212ms
[2024-10-15T06:40:07.704+0000][125][info ][gc,marking  ] GC(48) Concurrent Mark
[2024-10-15T06:40:07.704+0000][125][info ][gc,marking  ] GC(48) Concurrent Mark From Roots
[2024-10-15T06:40:07.704+0000][125][info ][gc,task     ] GC(48) Using 1 workers of 1 for marking
[2024-10-15T06:40:08.741+0000][125][info ][gc,marking  ] GC(48) Concurrent Mark From Roots 1037.450ms
[2024-10-15T06:40:08.742+0000][125][info ][gc,marking  ] GC(48) Concurrent Preclean
[2024-10-15T06:40:08.742+0000][125][info ][gc,marking  ] GC(48) Concurrent Preclean 0.909ms
[2024-10-15T06:40:08.747+0000][125][info ][gc,start    ] GC(48) Pause Remark
[2024-10-15T06:40:08.909+0000][125][info ][gc          ] GC(48) Pause Remark 1252M->1252M(5476M) 161.982ms
[2024-10-15T06:40:08.909+0000][125][info ][gc,cpu      ] GC(48) User=0.29s Sys=0.02s Real=0.16s
[2024-10-15T06:40:08.934+0000][125][info ][safepoint   ] Safepoint "G1PauseRemark", Time since last: 1069186313 ns, Reaching safepoint: 3960919 ns, Cleanup: 9211 ns, At safepoint: 187657406 ns, Total: 191627536 ns
[2024-10-15T06:40:08.941+0000][125][info ][gc,marking  ] GC(48) Concurrent Mark 1236.647ms
[2024-10-15T06:40:08.941+0000][125][info ][gc,marking  ] GC(48) Concurrent Rebuild Remembered Sets and Scrub Regions
[2024-10-15T06:40:09.772+0000][125][info ][gc,marking  ] GC(48) Concurrent Rebuild Remembered Sets and Scrub Regions 830.968ms
[2024-10-15T06:40:09.777+0000][125][info ][gc,start    ] GC(48) Pause Cleanup
[2024-10-15T06:40:09.792+0000][125][info ][gc          ] GC(48) Pause Cleanup 1706M->1706M(5476M) 14.520ms
[2024-10-15T06:40:09.792+0000][125][info ][gc,cpu      ] GC(48) User=0.03s Sys=0.01s Real=0.01s
[2024-10-15T06:40:09.792+0000][125][info ][safepoint   ] Safepoint "G1PauseCleanup", Time since last: 837857133 ns, Reaching safepoint: 4649249 ns, Cleanup: 55959 ns, At safepoint: 14813276 ns, Total: 19518484 ns
[2024-10-15T06:40:09.792+0000][125][info ][gc,marking  ] GC(48) Concurrent Clear Claimed Marks
[2024-10-15T06:40:09.792+0000][125][info ][gc,marking  ] GC(48) Concurrent Clear Claimed Marks 0.216ms
[2024-10-15T06:40:09.792+0000][125][info ][gc,marking  ] GC(48) Concurrent Cleanup for Next Mark
[2024-10-15T06:40:09.802+0000][125][info ][gc,marking  ] GC(48) Concurrent Cleanup for Next Mark 9.761ms
[2024-10-15T06:40:09.802+0000][125][info ][gc          ] GC(48) Concurrent Mark Cycle 2128.619ms
[2024-10-15T06:40:11.564+0000][125][info ][gc,start    ] GC(49) Pause Young (Prepare Mixed) (G1 Evacuation Pause)
[2024-10-15T06:40:11.564+0000][125][info ][gc,task     ] GC(49) Using 4 workers of 4 for evacuation
[2024-10-15T06:40:11.564+0000][125][debug][gc,age      ] GC(49) Desired survivor size 216006656 bytes, new threshold 15 (max threshold 15)
[2024-10-15T06:40:11.604+0000][125][info ][gc,phases   ] GC(49)   Pre Evacuate Collection Set: 1.43ms
[2024-10-15T06:40:11.604+0000][125][info ][gc,phases   ] GC(49)   Merge Heap Roots: 4.26ms
[2024-10-15T06:40:11.604+0000][125][info ][gc,phases   ] GC(49)   Evacuate Collection Set: 20.90ms
[2024-10-15T06:40:11.604+0000][125][info ][gc,phases   ] GC(49)   Post Evacuate Collection Set: 13.03ms
[2024-10-15T06:40:11.604+0000][125][info ][gc,phases   ] GC(49)   Other: 0.17ms
[2024-10-15T06:40:11.604+0000][125][trace][gc,age      ] GC(49) Age table with threshold 15 (max threshold 15)
[2024-10-15T06:40:11.604+0000][125][trace][gc,age      ] GC(49) - age   1:   10021120 bytes,   10021120 total
[2024-10-15T06:40:11.604+0000][125][trace][gc,age      ] GC(49) - age   2:    3987640 bytes,   14008760 total
[2024-10-15T06:40:11.604+0000][125][trace][gc,age      ] GC(49) - age   3:    4051448 bytes,   18060208 total
[2024-10-15T06:40:11.604+0000][125][trace][gc,age      ] GC(49) - age   4:    4947984 bytes,   23008192 total
[2024-10-15T06:40:11.604+0000][125][trace][gc,age      ] GC(49) - age   5:    4122384 bytes,   27130576 total
[2024-10-15T06:40:11.604+0000][125][trace][gc,age      ] GC(49) - age   6:     223464 bytes,   27354040 total
[2024-10-15T06:40:11.604+0000][125][trace][gc,age      ] GC(49) - age   7:     166952 bytes,   27520992 total
[2024-10-15T06:40:11.604+0000][125][trace][gc,age      ] GC(49) - age   8:     103968 bytes,   27624960 total
[2024-10-15T06:40:11.604+0000][125][trace][gc,age      ] GC(49) - age   9:     125960 bytes,   27750920 total
[2024-10-15T06:40:11.604+0000][125][trace][gc,age      ] GC(49) - age  10:      88096 bytes,   27839016 total
[2024-10-15T06:40:11.604+0000][125][trace][gc,age      ] GC(49) - age  11:     886296 bytes,   28725312 total
[2024-10-15T06:40:11.604+0000][125][trace][gc,age      ] GC(49) - age  12:        288 bytes,   28725600 total
[2024-10-15T06:40:11.604+0000][125][trace][gc,age      ] GC(49) - age  13:    1184352 bytes,   29909952 total
[2024-10-15T06:40:11.604+0000][125][trace][gc,age      ] GC(49) - age  14:     189984 bytes,   30099936 total
[2024-10-15T06:40:11.604+0000][125][trace][gc,age      ] GC(49) - age  15:      16936 bytes,   30116872 total
[2024-10-15T06:40:11.604+0000][125][info ][gc,heap     ] GC(49) Eden regions: 814->0(812)
[2024-10-15T06:40:11.604+0000][125][info ][gc,heap     ] GC(49) Survivor regions: 7->9(103)
[2024-10-15T06:40:11.604+0000][125][info ][gc,heap     ] GC(49) Old regions: 37->37
[2024-10-15T06:40:11.604+0000][125][info ][gc,heap     ] GC(49) Humongous regions: 2->2
[2024-10-15T06:40:11.604+0000][125][info ][gc,metaspace] GC(49) Metaspace: 156569K(162944K)->156569K(162944K) NonClass: 135598K(139328K)->135598K(139328K) Class: 20970K(23616K)->20970K(23616K)
[2024-10-15T06:40:11.604+0000][125][info ][gc          ] GC(49) Pause Young (Prepare Mixed) (G1 Evacuation Pause) 3438M->188M(5476M) 40.266ms
[2024-10-15T06:40:11.604+0000][125][info ][gc,cpu      ] GC(49) User=0.09s Sys=0.01s Real=0.04s
[2024-10-15T06:40:11.604+0000][125][info ][safepoint   ] Safepoint "G1CollectForAllocation", Time since last: 1769725445 ns, Reaching safepoint: 2277827 ns, Cleanup: 8367 ns, At safepoint: 40469241 ns, Total: 42755435 ns
[2024-10-15T06:40:13.020+0000][125][info ][safepoint   ] Safepoint "Cleanup", Time since last: 1409408316 ns, Reaching safepoint: 896504 ns, Cleanup: 62444 ns, At safepoint: 5066958 ns, Total: 6025906 ns
[2024-10-15T06:40:14.071+0000][125][info ][safepoint   ] Safepoint "Cleanup", Time since last: 1049645591 ns, Reaching safepoint: 1330164 ns, Cleanup: 24755 ns, At safepoint: 152817 ns, Total: 1507736 ns
[2024-10-15T06:40:15.108+0000][125][info ][safepoint   ] Safepoint "Cleanup", Time since last: 1014745940 ns, Reaching safepoint: 9743453 ns, Cleanup: 33190 ns, At safepoint: 12430648 ns, Total: 22207291 ns
[2024-10-15T06:40:15.754+0000][125][info ][gc,start    ] GC(50) Pause Young (Mixed) (G1 Evacuation Pause)
[2024-10-15T06:40:15.754+0000][125][info ][gc,task     ] GC(50) Using 4 workers of 4 for evacuation
[2024-10-15T06:40:15.754+0000][125][debug][gc,age      ] GC(50) Desired survivor size 216006656 bytes, new threshold 15 (max threshold 15)
[2024-10-15T06:40:15.788+0000][125][info ][gc,phases   ] GC(50)   Pre Evacuate Collection Set: 1.05ms
[2024-10-15T06:40:15.788+0000][125][info ][gc,phases   ] GC(50)   Merge Heap Roots: 1.01ms
[2024-10-15T06:40:15.788+0000][125][info ][gc,phases   ] GC(50)   Evacuate Collection Set: 29.59ms
[2024-10-15T06:40:15.788+0000][125][info ][gc,phases   ] GC(50)   Post Evacuate Collection Set: 2.54ms
[2024-10-15T06:40:15.788+0000][125][info ][gc,phases   ] GC(50)   Other: 0.25ms
[2024-10-15T06:40:15.788+0000][125][trace][gc,age      ] GC(50) Age table with threshold 15 (max threshold 15)
[2024-10-15T06:40:15.788+0000][125][trace][gc,age      ] GC(50) - age   1:    6791992 bytes,    6791992 total
[2024-10-15T06:40:15.788+0000][125][trace][gc,age      ] GC(50) - age   2:       1256 bytes,    6793248 total
[2024-10-15T06:40:15.788+0000][125][trace][gc,age      ] GC(50) - age   3:        160 bytes,    6793408 total
[2024-10-15T06:40:15.788+0000][125][trace][gc,age      ] GC(50) - age   4:        768 bytes,    6794176 total
[2024-10-15T06:40:15.788+0000][125][trace][gc,age      ] GC(50) - age   5:    1238488 bytes,    8032664 total
[2024-10-15T06:40:15.788+0000][125][trace][gc,age      ] GC(50) - age   6:     116984 bytes,    8149648 total
[2024-10-15T06:40:15.788+0000][125][trace][gc,age      ] GC(50) - age   7:     101360 bytes,    8251008 total
[2024-10-15T06:40:15.788+0000][125][trace][gc,age      ] GC(50) - age   8:      66720 bytes,    8317728 total
[2024-10-15T06:40:15.788+0000][125][trace][gc,age      ] GC(50) - age   9:     103144 bytes,    8420872 total
[2024-10-15T06:40:15.788+0000][125][trace][gc,age      ] GC(50) - age  10:     100472 bytes,    8521344 total
[2024-10-15T06:40:15.788+0000][125][trace][gc,age      ] GC(50) - age  11:      87720 bytes,    8609064 total
[2024-10-15T06:40:15.788+0000][125][trace][gc,age      ] GC(50) - age  12:     777096 bytes,    9386160 total
[2024-10-15T06:40:15.788+0000][125][trace][gc,age      ] GC(50) - age  13:        288 bytes,    9386448 total
[2024-10-15T06:40:15.788+0000][125][trace][gc,age      ] GC(50) - age  14:    1184352 bytes,   10570800 total
[2024-10-15T06:40:15.788+0000][125][trace][gc,age      ] GC(50) - age  15:     169552 bytes,   10740352 total
[2024-10-15T06:40:15.788+0000][125][info ][gc,heap     ] GC(50) Eden regions: 812->0(818)
[2024-10-15T06:40:15.788+0000][125][info ][gc,heap     ] GC(50) Survivor regions: 9->3(103)
[2024-10-15T06:40:15.788+0000][125][info ][gc,heap     ] GC(50) Old regions: 37->37
[2024-10-15T06:40:15.788+0000][125][info ][gc,heap     ] GC(50) Humongous regions: 2->2
[2024-10-15T06:40:15.788+0000][125][info ][gc,metaspace] GC(50) Metaspace: 156569K(162944K)->156569K(162944K) NonClass: 135599K(139328K)->135599K(139328K) Class: 20970K(23616K)->20970K(23616K)
[2024-10-15T06:40:15.788+0000][125][info ][gc          ] GC(50) Pause Young (Mixed) (G1 Evacuation Pause) 3436M->165M(5476M) 34.800ms
[2024-10-15T06:40:15.788+0000][125][info ][gc,cpu      ] GC(50) User=0.12s Sys=0.00s Real=0.04s
[2024-10-15T06:40:15.798+0000][125][info ][safepoint   ] Safepoint "G1CollectForAllocation", Time since last: 644383496 ns, Reaching safepoint: 1341718 ns, Cleanup: 32127 ns, At safepoint: 44713321 ns, Total: 46087166 ns
[2024-10-15T06:40:16.803+0000][125][info ][safepoint   ] Safepoint "Cleanup", Time since last: 1003727562 ns, Reaching safepoint: 505092 ns, Cleanup: 22123 ns, At safepoint: 139036 ns, Total: 666251 ns
[2024-10-15T06:40:17.855+0000][125][info ][safepoint   ] Safepoint "Cleanup", Time since last: 1050524006 ns, Reaching safepoint: 1469870 ns, Cleanup: 25911 ns, At safepoint: 46708 ns, Total: 1542489 ns
[2024-10-15T06:40:18.629+0000][125][info ][gc,start    ] GC(51) Pause Young (Concurrent Start) (G1 Evacuation Pause)
[2024-10-15T06:40:18.630+0000][125][info ][gc,task     ] GC(51) Using 4 workers of 4 for evacuation
[2024-10-15T06:40:18.630+0000][125][debug][gc,age      ] GC(51) Desired survivor size 216006656 bytes, new threshold 15 (max threshold 15)
[2024-10-15T06:40:18.646+0000][125][info ][gc,phases   ] GC(51)   Pre Evacuate Collection Set: 0.67ms
[2024-10-15T06:40:18.646+0000][125][info ][gc,phases   ] GC(51)   Merge Heap Roots: 0.65ms
[2024-10-15T06:40:18.646+0000][125][info ][gc,phases   ] GC(51)   Evacuate Collection Set: 11.42ms
[2024-10-15T06:40:18.646+0000][125][info ][gc,phases   ] GC(51)   Post Evacuate Collection Set: 3.30ms
[2024-10-15T06:40:18.646+0000][125][info ][gc,phases   ] GC(51)   Other: 0.30ms
[2024-10-15T06:40:18.646+0000][125][trace][gc,age      ] GC(51) Age table with threshold 15 (max threshold 15)
[2024-10-15T06:40:18.646+0000][125][trace][gc,age      ] GC(51) - age   1:    5508112 bytes,    5508112 total
[2024-10-15T06:40:18.646+0000][125][trace][gc,age      ] GC(51) - age   2:     932184 bytes,    6440296 total
[2024-10-15T06:40:18.646+0000][125][trace][gc,age      ] GC(51) - age   3:        808 bytes,    6441104 total
[2024-10-15T06:40:18.646+0000][125][trace][gc,age      ] GC(51) - age   4:        120 bytes,    6441224 total
[2024-10-15T06:40:18.646+0000][125][trace][gc,age      ] GC(51) - age   5:        688 bytes,    6441912 total
[2024-10-15T06:40:18.646+0000][125][trace][gc,age      ] GC(51) - age   6:    1238488 bytes,    7680400 total
[2024-10-15T06:40:18.646+0000][125][trace][gc,age      ] GC(51) - age   7:     116200 bytes,    7796600 total
[2024-10-15T06:40:18.646+0000][125][trace][gc,age      ] GC(51) - age   8:     101360 bytes,    7897960 total
[2024-10-15T06:40:18.647+0000][125][trace][gc,age      ] GC(51) - age   9:      66720 bytes,    7964680 total
[2024-10-15T06:40:18.647+0000][125][trace][gc,age      ] GC(51) - age  10:     103064 bytes,    8067744 total
[2024-10-15T06:40:18.647+0000][125][trace][gc,age      ] GC(51) - age  11:     100472 bytes,    8168216 total
[2024-10-15T06:40:18.647+0000][125][trace][gc,age      ] GC(51) - age  12:      87560 bytes,    8255776 total
[2024-10-15T06:40:18.647+0000][125][trace][gc,age      ] GC(51) - age  13:     776816 bytes,    9032592 total
[2024-10-15T06:40:18.647+0000][125][trace][gc,age      ] GC(51) - age  14:        288 bytes,    9032880 total
[2024-10-15T06:40:18.647+0000][125][trace][gc,age      ] GC(51) - age  15:    1184352 bytes,   10217232 total
[2024-10-15T06:40:18.647+0000][125][info ][gc,heap     ] GC(51) Eden regions: 818->0(818)
[2024-10-15T06:40:18.647+0000][125][info ][gc,heap     ] GC(51) Survivor regions: 3->3(103)
[2024-10-15T06:40:18.647+0000][125][info ][gc,heap     ] GC(51) Old regions: 37->37
[2024-10-15T06:40:18.647+0000][125][info ][gc,heap     ] GC(51) Humongous regions: 2->2
[2024-10-15T06:40:18.647+0000][125][info ][gc,metaspace] GC(51) Metaspace: 156569K(162944K)->156569K(162944K) NonClass: 135599K(139328K)->135599K(139328K) Class: 20970K(23616K)->20970K(23616K)
[2024-10-15T06:40:18.648+0000][125][info ][gc          ] GC(51) Pause Young (Concurrent Start) (G1 Evacuation Pause) 3437M->165M(5476M) 18.020ms
[2024-10-15T06:40:18.648+0000][125][info ][gc,cpu      ] GC(51) User=0.04s Sys=0.01s Real=0.02s
[2024-10-15T06:40:18.648+0000][125][info ][gc          ] GC(52) Concurrent Mark Cycle
[2024-10-15T06:40:18.648+0000][125][info ][gc,marking  ] GC(52) Concurrent Scan Root Regions
[2024-10-15T06:40:18.653+0000][125][info ][safepoint   ] Safepoint "G1CollectForAllocation", Time since last: 774458625 ns, Reaching safepoint: 310798 ns, Cleanup: 7799 ns, At safepoint: 23596107 ns, Total: 23914704 ns
[2024-10-15T06:40:18.659+0000][125][info ][gc,marking  ] GC(52) Concurrent Scan Root Regions 11.503ms
[2024-10-15T06:40:18.659+0000][125][info ][gc,marking  ] GC(52) Concurrent Mark
[2024-10-15T06:40:18.659+0000][125][info ][gc,marking  ] GC(52) Concurrent Mark From Roots
[2024-10-15T06:40:18.659+0000][125][info ][gc,task     ] GC(52) Using 1 workers of 1 for marking
[2024-10-15T06:40:19.389+0000][125][info ][gc,marking  ] GC(52) Concurrent Mark From Roots 730.047ms
[2024-10-15T06:40:19.389+0000][125][info ][gc,marking  ] GC(52) Concurrent Preclean
[2024-10-15T06:40:19.390+0000][125][info ][gc,marking  ] GC(52) Concurrent Preclean 0.926ms
[2024-10-15T06:40:19.397+0000][125][info ][gc,start    ] GC(52) Pause Remark
[2024-10-15T06:40:19.420+0000][125][info ][gc          ] GC(52) Pause Remark 1301M->1301M(5476M) 22.445ms
[2024-10-15T06:40:19.420+0000][125][info ][gc,cpu      ] GC(52) User=0.08s Sys=0.00s Real=0.02s
[2024-10-15T06:40:19.429+0000][125][info ][safepoint   ] Safepoint "G1PauseRemark", Time since last: 743534531 ns, Reaching safepoint: 863241 ns, Cleanup: 14121 ns, At safepoint: 31193333 ns, Total: 32070695 ns
[2024-10-15T06:40:19.432+0000][125][info ][gc,marking  ] GC(52) Concurrent Mark 773.081ms
[2024-10-15T06:40:19.433+0000][125][info ][gc,marking  ] GC(52) Concurrent Rebuild Remembered Sets and Scrub Regions
[2024-10-15T06:40:19.742+0000][125][info ][gc,marking  ] GC(52) Concurrent Rebuild Remembered Sets and Scrub Regions 309.705ms
[2024-10-15T06:40:19.744+0000][125][info ][gc,start    ] GC(52) Pause Cleanup
[2024-10-15T06:40:19.744+0000][125][info ][gc          ] GC(52) Pause Cleanup 1465M->1465M(5476M) 0.396ms
[2024-10-15T06:40:19.744+0000][125][info ][gc,cpu      ] GC(52) User=0.00s Sys=0.00s Real=0.00s
[2024-10-15T06:40:19.745+0000][125][info ][safepoint   ] Safepoint "G1PauseCleanup", Time since last: 314211365 ns, Reaching safepoint: 688154 ns, Cleanup: 4917 ns, At safepoint: 1271718 ns, Total: 1964789 ns
[2024-10-15T06:40:19.745+0000][125][info ][gc,marking  ] GC(52) Concurrent Clear Claimed Marks
[2024-10-15T06:40:19.745+0000][125][info ][gc,marking  ] GC(52) Concurrent Clear Claimed Marks 0.250ms
[2024-10-15T06:40:19.745+0000][125][info ][gc,marking  ] GC(52) Concurrent Cleanup for Next Mark
[2024-10-15T06:40:19.764+0000][125][info ][gc,marking  ] GC(52) Concurrent Cleanup for Next Mark 18.202ms
[2024-10-15T06:40:19.764+0000][125][info ][gc          ] GC(52) Concurrent Mark Cycle 1116.241ms
[2024-10-15T06:40:21.148+0000][125][info ][safepoint   ] Safepoint "Cleanup", Time since last: 1402130972 ns, Reaching safepoint: 468230 ns, Cleanup: 17007 ns, At safepoint: 87563 ns, Total: 572800 ns
[2024-10-15T06:40:21.924+0000][125][info ][gc,start    ] GC(53) Pause Young (Prepare Mixed) (G1 Evacuation Pause)
[2024-10-15T06:40:21.924+0000][125][info ][gc,task     ] GC(53) Using 4 workers of 4 for evacuation
[2024-10-15T06:40:21.924+0000][125][debug][gc,age      ] GC(53) Desired survivor size 216006656 bytes, new threshold 15 (max threshold 15)
[2024-10-15T06:40:21.949+0000][125][info ][gc,phases   ] GC(53)   Pre Evacuate Collection Set: 0.48ms
[2024-10-15T06:40:21.949+0000][125][info ][gc,phases   ] GC(53)   Merge Heap Roots: 0.47ms
[2024-10-15T06:40:21.949+0000][125][info ][gc,phases   ] GC(53)   Evacuate Collection Set: 10.67ms
[2024-10-15T06:40:21.949+0000][125][info ][gc,phases   ] GC(53)   Post Evacuate Collection Set: 13.97ms
[2024-10-15T06:40:21.949+0000][125][info ][gc,phases   ] GC(53)   Other: 0.12ms
[2024-10-15T06:40:21.949+0000][125][trace][gc,age      ] GC(53) Age table with threshold 15 (max threshold 15)
[2024-10-15T06:40:21.949+0000][125][trace][gc,age      ] GC(53) - age   1:    5926112 bytes,    5926112 total
[2024-10-15T06:40:21.949+0000][125][trace][gc,age      ] GC(53) - age   2:     206352 bytes,    6132464 total
[2024-10-15T06:40:21.949+0000][125][trace][gc,age      ] GC(53) - age   3:     710920 bytes,    6843384 total
[2024-10-15T06:40:21.949+0000][125][trace][gc,age      ] GC(53) - age   4:        728 bytes,    6844112 total
[2024-10-15T06:40:21.949+0000][125][trace][gc,age      ] GC(53) - age   5:         80 bytes,    6844192 total
[2024-10-15T06:40:21.949+0000][125][trace][gc,age      ] GC(53) - age   6:        688 bytes,    6844880 total
[2024-10-15T06:40:21.949+0000][125][trace][gc,age      ] GC(53) - age   7:    1237928 bytes,    8082808 total
[2024-10-15T06:40:21.949+0000][125][trace][gc,age      ] GC(53) - age   8:      41648 bytes,    8124456 total
[2024-10-15T06:40:21.949+0000][125][trace][gc,age      ] GC(53) - age   9:       1520 bytes,    8125976 total
[2024-10-15T06:40:21.949+0000][125][trace][gc,age      ] GC(53) - age  10:      53496 bytes,    8179472 total
[2024-10-15T06:40:21.949+0000][125][trace][gc,age      ] GC(53) - age  11:     102648 bytes,    8282120 total
[2024-10-15T06:40:21.949+0000][125][trace][gc,age      ] GC(53) - age  12:      99944 bytes,    8382064 total
[2024-10-15T06:40:21.949+0000][125][trace][gc,age      ] GC(53) - age  13:      87136 bytes,    8469200 total
[2024-10-15T06:40:21.949+0000][125][trace][gc,age      ] GC(53) - age  14:     776184 bytes,    9245384 total
[2024-10-15T06:40:21.950+0000][125][trace][gc,age      ] GC(53) - age  15:        288 bytes,    9245672 total
[2024-10-15T06:40:21.950+0000][125][info ][gc,heap     ] GC(53) Eden regions: 818->0(818)
[2024-10-15T06:40:21.950+0000][125][info ][gc,heap     ] GC(53) Survivor regions: 3->3(103)
[2024-10-15T06:40:21.950+0000][125][info ][gc,heap     ] GC(53) Old regions: 37->37
[2024-10-15T06:40:21.950+0000][125][info ][gc,heap     ] GC(53) Humongous regions: 2->2
[2024-10-15T06:40:21.950+0000][125][info ][gc,metaspace] GC(53) Metaspace: 156569K(162944K)->156569K(162944K) NonClass: 135599K(139328K)->135599K(139328K) Class: 20970K(23616K)->20970K(23616K)
[2024-10-15T06:40:21.950+0000][125][info ][gc          ] GC(53) Pause Young (Prepare Mixed) (G1 Evacuation Pause) 3437M->165M(5476M) 25.979ms
[2024-10-15T06:40:21.950+0000][125][info ][gc,cpu      ] GC(53) User=0.07s Sys=0.01s Real=0.03s
[2024-10-15T06:40:21.950+0000][125][info ][safepoint   ] Safepoint "G1CollectForAllocation", Time since last: 774585868 ns, Reaching safepoint: 1412002 ns, Cleanup: 6400 ns, At safepoint: 26143554 ns, Total: 27561956 ns
[2024-10-15T06:40:23.090+0000][125][info ][safepoint   ] Safepoint "Cleanup", Time since last: 1117164229 ns, Reaching safepoint: 718098 ns, Cleanup: 15973 ns, At safepoint: 6307464 ns, Total: 7041535 ns
[2024-10-15T06:40:24.507+0000][125][info ][safepoint   ] Safepoint "Cleanup", Time since last: 1416096642 ns, Reaching safepoint: 492252 ns, Cleanup: 8626 ns, At safepoint: 124713 ns, Total: 625591 ns
[2024-10-15T06:40:24.767+0000][125][info ][gc,start    ] GC(54) Pause Young (Mixed) (G1 Evacuation Pause)
[2024-10-15T06:40:24.767+0000][125][info ][gc,task     ] GC(54) Using 4 workers of 4 for evacuation
[2024-10-15T06:40:24.767+0000][125][debug][gc,age      ] GC(54) Desired survivor size 216006656 bytes, new threshold 15 (max threshold 15)
[2024-10-15T06:40:24.787+0000][125][info ][gc,phases   ] GC(54)   Pre Evacuate Collection Set: 0.45ms
[2024-10-15T06:40:24.787+0000][125][info ][gc,phases   ] GC(54)   Merge Heap Roots: 0.53ms
[2024-10-15T06:40:24.787+0000][125][info ][gc,phases   ] GC(54)   Evacuate Collection Set: 15.54ms
[2024-10-15T06:40:24.787+0000][125][info ][gc,phases   ] GC(54)   Post Evacuate Collection Set: 3.42ms
[2024-10-15T06:40:24.787+0000][125][info ][gc,phases   ] GC(54)   Other: 0.13ms
[2024-10-15T06:40:24.787+0000][125][trace][gc,age      ] GC(54) Age table with threshold 15 (max threshold 15)
[2024-10-15T06:40:24.787+0000][125][trace][gc,age      ] GC(54) - age   1:    4563768 bytes,    4563768 total
[2024-10-15T06:40:24.787+0000][125][trace][gc,age      ] GC(54) - age   2:     191720 bytes,    4755488 total
[2024-10-15T06:40:24.787+0000][125][trace][gc,age      ] GC(54) - age   3:      58704 bytes,    4814192 total
[2024-10-15T06:40:24.787+0000][125][trace][gc,age      ] GC(54) - age   4:     631016 bytes,    5445208 total
[2024-10-15T06:40:24.787+0000][125][trace][gc,age      ] GC(54) - age   5:        608 bytes,    5445816 total
[2024-10-15T06:40:24.787+0000][125][trace][gc,age      ] GC(54) - age   6:         80 bytes,    5445896 total
[2024-10-15T06:40:24.787+0000][125][trace][gc,age      ] GC(54) - age   7:        688 bytes,    5446584 total
[2024-10-15T06:40:24.787+0000][125][trace][gc,age      ] GC(54) - age   8:    1237928 bytes,    6684512 total
[2024-10-15T06:40:24.787+0000][125][trace][gc,age      ] GC(54) - age   9:      17896 bytes,    6702408 total
[2024-10-15T06:40:24.787+0000][125][trace][gc,age      ] GC(54) - age  10:       1144 bytes,    6703552 total
[2024-10-15T06:40:24.787+0000][125][trace][gc,age      ] GC(54) - age  11:      17912 bytes,    6721464 total
[2024-10-15T06:40:24.787+0000][125][trace][gc,age      ] GC(54) - age  12:     102648 bytes,    6824112 total
[2024-10-15T06:40:24.787+0000][125][trace][gc,age      ] GC(54) - age  13:      99944 bytes,    6924056 total
[2024-10-15T06:40:24.787+0000][125][trace][gc,age      ] GC(54) - age  14:      87056 bytes,    7011112 total
[2024-10-15T06:40:24.787+0000][125][trace][gc,age      ] GC(54) - age  15:     652808 bytes,    7663920 total
[2024-10-15T06:40:24.787+0000][125][info ][gc,heap     ] GC(54) Eden regions: 818->0(818)
[2024-10-15T06:40:24.787+0000][125][info ][gc,heap     ] GC(54) Survivor regions: 3->3(103)
[2024-10-15T06:40:24.787+0000][125][info ][gc,heap     ] GC(54) Old regions: 37->37
[2024-10-15T06:40:24.787+0000][125][info ][gc,heap     ] GC(54) Humongous regions: 2->2
[2024-10-15T06:40:24.787+0000][125][info ][gc,metaspace] GC(54) Metaspace: 156569K(162944K)->156569K(162944K) NonClass: 135599K(139328K)->135599K(139328K) Class: 20970K(23616K)->20970K(23616K)
[2024-10-15T06:40:24.787+0000][125][info ][gc          ] GC(54) Pause Young (Mixed) (G1 Evacuation Pause) 3437M->164M(5476M) 20.326ms
[2024-10-15T06:40:24.787+0000][125][info ][gc,cpu      ] GC(54) User=0.05s Sys=0.00s Real=0.02s
[2024-10-15T06:40:24.787+0000][125][info ][safepoint   ] Safepoint "G1CollectForAllocation", Time since last: 259061902 ns, Reaching safepoint: 262170 ns, Cleanup: 14938 ns, At safepoint: 20581890 ns, Total: 20858998 ns
[2024-10-15T06:40:25.789+0000][125][info ][safepoint   ] Safepoint "Cleanup", Time since last: 1000031990 ns, Reaching safepoint: 849800 ns, Cleanup: 15161 ns, At safepoint: 629521 ns, Total: 1494482 ns
[2024-10-15T06:40:26.491+0000][125][info ][gc,start    ] GC(55) Pause Young (Concurrent Start) (G1 Evacuation Pause)
[2024-10-15T06:40:26.491+0000][125][info ][gc,task     ] GC(55) Using 4 workers of 4 for evacuation
[2024-10-15T06:40:26.491+0000][125][debug][gc,age      ] GC(55) Desired survivor size 216006656 bytes, new threshold 15 (max threshold 15)
[2024-10-15T06:40:26.501+0000][125][info ][gc,phases   ] GC(55)   Pre Evacuate Collection Set: 0.59ms
[2024-10-15T06:40:26.501+0000][125][info ][gc,phases   ] GC(55)   Merge Heap Roots: 0.34ms
[2024-10-15T06:40:26.501+0000][125][info ][gc,phases   ] GC(55)   Evacuate Collection Set: 6.21ms
[2024-10-15T06:40:26.501+0000][125][info ][gc,phases   ] GC(55)   Post Evacuate Collection Set: 2.04ms
[2024-10-15T06:40:26.501+0000][125][info ][gc,phases   ] GC(55)   Other: 0.37ms
[2024-10-15T06:40:26.501+0000][125][trace][gc,age      ] GC(55) Age table with threshold 15 (max threshold 15)
[2024-10-15T06:40:26.501+0000][125][trace][gc,age      ] GC(55) - age   1:    7379816 bytes,    7379816 total
[2024-10-15T06:40:26.501+0000][125][trace][gc,age      ] GC(55) - age   2:     302976 bytes,    7682792 total
[2024-10-15T06:40:26.501+0000][125][trace][gc,age      ] GC(55) - age   3:      41056 bytes,    7723848 total
[2024-10-15T06:40:26.501+0000][125][trace][gc,age      ] GC(55) - age   4:       8112 bytes,    7731960 total
[2024-10-15T06:40:26.501+0000][125][trace][gc,age      ] GC(55) - age   5:     630560 bytes,    8362520 total
[2024-10-15T06:40:26.501+0000][125][trace][gc,age      ] GC(55) - age   6:        608 bytes,    8363128 total
[2024-10-15T06:40:26.501+0000][125][trace][gc,age      ] GC(55) - age   7:         80 bytes,    8363208 total
[2024-10-15T06:40:26.501+0000][125][trace][gc,age      ] GC(55) - age   8:        688 bytes,    8363896 total
[2024-10-15T06:40:26.501+0000][125][trace][gc,age      ] GC(55) - age   9:    1237928 bytes,    9601824 total
[2024-10-15T06:40:26.501+0000][125][trace][gc,age      ] GC(55) - age  10:      17856 bytes,    9619680 total
[2024-10-15T06:40:26.501+0000][125][trace][gc,age      ] GC(55) - age  11:       1144 bytes,    9620824 total
[2024-10-15T06:40:26.501+0000][125][trace][gc,age      ] GC(55) - age  12:      17912 bytes,    9638736 total
[2024-10-15T06:40:26.501+0000][125][trace][gc,age      ] GC(55) - age  13:     102648 bytes,    9741384 total
[2024-10-15T06:40:26.501+0000][125][trace][gc,age      ] GC(55) - age  14:      99904 bytes,    9841288 total
[2024-10-15T06:40:26.501+0000][125][trace][gc,age      ] GC(55) - age  15:      87056 bytes,    9928344 total
[2024-10-15T06:40:26.501+0000][125][info ][gc,heap     ] GC(55) Eden regions: 818->0(818)
[2024-10-15T06:40:26.501+0000][125][info ][gc,heap     ] GC(55) Survivor regions: 3->3(103)
[2024-10-15T06:40:26.501+0000][125][info ][gc,heap     ] GC(55) Old regions: 37->37
[2024-10-15T06:40:26.501+0000][125][info ][gc,heap     ] GC(55) Humongous regions: 2->2
[2024-10-15T06:40:26.501+0000][125][info ][gc,metaspace] GC(55) Metaspace: 156570K(162944K)->156570K(162944K) NonClass: 135600K(139328K)->135600K(139328K) Class: 20970K(23616K)->20970K(23616K)
[2024-10-15T06:40:26.501+0000][125][info ][gc          ] GC(55) Pause Young (Concurrent Start) (G1 Evacuation Pause) 3436M->166M(5476M) 9.802ms
[2024-10-15T06:40:26.501+0000][125][info ][gc,cpu      ] GC(55) User=0.03s Sys=0.00s Real=0.01s
[2024-10-15T06:40:26.501+0000][125][info ][gc          ] GC(56) Concurrent Mark Cycle
[2024-10-15T06:40:26.501+0000][125][info ][gc,marking  ] GC(56) Concurrent Scan Root Regions
[2024-10-15T06:40:26.501+0000][125][info ][safepoint   ] Safepoint "G1CollectForAllocation", Time since last: 701971397 ns, Reaching safepoint: 337618 ns, Cleanup: 10728 ns, At safepoint: 10019828 ns, Total: 10368174 ns
[2024-10-15T06:40:26.514+0000][125][info ][gc,marking  ] GC(56) Concurrent Scan Root Regions 13.304ms
[2024-10-15T06:40:26.514+0000][125][info ][gc,marking  ] GC(56) Concurrent Mark
[2024-10-15T06:40:26.514+0000][125][info ][gc,marking  ] GC(56) Concurrent Mark From Roots
[2024-10-15T06:40:26.514+0000][125][info ][gc,task     ] GC(56) Using 1 workers of 1 for marking
[2024-10-15T06:40:27.507+0000][125][info ][gc,marking  ] GC(56) Concurrent Mark From Roots 992.979ms
[2024-10-15T06:40:27.507+0000][125][info ][gc,marking  ] GC(56) Concurrent Preclean
[2024-10-15T06:40:27.509+0000][125][info ][gc,marking  ] GC(56) Concurrent Preclean 1.205ms
[2024-10-15T06:40:27.510+0000][125][info ][gc,start    ] GC(56) Pause Remark
[2024-10-15T06:40:27.526+0000][125][info ][gc          ] GC(56) Pause Remark 1580M->1580M(5476M) 16.269ms
[2024-10-15T06:40:27.527+0000][125][info ][gc,cpu      ] GC(56) User=0.05s Sys=0.00s Real=0.02s
[2024-10-15T06:40:27.530+0000][125][info ][safepoint   ] Safepoint "G1PauseRemark", Time since last: 1007791320 ns, Reaching safepoint: 1330802 ns, Cleanup: 14470 ns, At safepoint: 20031061 ns, Total: 21376333 ns
[2024-10-15T06:40:27.530+0000][125][info ][gc,marking  ] GC(56) Concurrent Mark 1015.993ms
[2024-10-15T06:40:27.530+0000][125][info ][gc,marking  ] GC(56) Concurrent Rebuild Remembered Sets and Scrub Regions
[2024-10-15T06:40:27.715+0000][125][info ][gc,marking  ] GC(56) Concurrent Rebuild Remembered Sets and Scrub Regions 184.795ms
[2024-10-15T06:40:27.716+0000][125][info ][gc,start    ] GC(56) Pause Cleanup
[2024-10-15T06:40:27.716+0000][125][info ][gc          ] GC(56) Pause Cleanup 1840M->1840M(5476M) 0.057ms
[2024-10-15T06:40:27.716+0000][125][info ][gc,cpu      ] GC(56) User=0.00s Sys=0.00s Real=0.00s
[2024-10-15T06:40:27.716+0000][125][info ][safepoint   ] Safepoint "G1PauseCleanup", Time since last: 185161673 ns, Reaching safepoint: 910012 ns, Cleanup: 21520 ns, At safepoint: 225218 ns, Total: 1156750 ns
[2024-10-15T06:40:27.717+0000][125][info ][gc,marking  ] GC(56) Concurrent Clear Claimed Marks
[2024-10-15T06:40:27.717+0000][125][info ][gc,marking  ] GC(56) Concurrent Clear Claimed Marks 0.254ms
[2024-10-15T06:40:27.717+0000][125][info ][gc,marking  ] GC(56) Concurrent Cleanup for Next Mark
[2024-10-15T06:40:27.742+0000][125][info ][gc,marking  ] GC(56) Concurrent Cleanup for Next Mark 24.807ms
[2024-10-15T06:40:27.742+0000][125][info ][gc          ] GC(56) Concurrent Mark Cycle 1240.907ms
[2024-10-15T06:40:28.443+0000][125][info ][gc,start    ] GC(57) Pause Young (Normal) (G1 Evacuation Pause)
[2024-10-15T06:40:28.443+0000][125][info ][gc,task     ] GC(57) Using 4 workers of 4 for evacuation
[2024-10-15T06:40:28.443+0000][125][debug][gc,age      ] GC(57) Desired survivor size 216006656 bytes, new threshold 15 (max threshold 15)
[2024-10-15T06:40:28.455+0000][125][info ][gc,phases   ] GC(57)   Pre Evacuate Collection Set: 0.89ms
[2024-10-15T06:40:28.455+0000][125][info ][gc,phases   ] GC(57)   Merge Heap Roots: 0.39ms
[2024-10-15T06:40:28.455+0000][125][info ][gc,phases   ] GC(57)   Evacuate Collection Set: 7.72ms
[2024-10-15T06:40:28.455+0000][125][info ][gc,phases   ] GC(57)   Post Evacuate Collection Set: 2.51ms
[2024-10-15T06:40:28.455+0000][125][info ][gc,phases   ] GC(57)   Other: 0.36ms
[2024-10-15T06:40:28.455+0000][125][trace][gc,age      ] GC(57) Age table with threshold 15 (max threshold 15)
[2024-10-15T06:40:28.455+0000][125][trace][gc,age      ] GC(57) - age   1:    9488744 bytes,    9488744 total
[2024-10-15T06:40:28.455+0000][125][trace][gc,age      ] GC(57) - age   2:      53344 bytes,    9542088 total
[2024-10-15T06:40:28.455+0000][125][trace][gc,age      ] GC(57) - age   3:     127576 bytes,    9669664 total
[2024-10-15T06:40:28.455+0000][125][trace][gc,age      ] GC(57) - age   4:      39792 bytes,    9709456 total
[2024-10-15T06:40:28.455+0000][125][trace][gc,age      ] GC(57) - age   5:       8072 bytes,    9717528 total
[2024-10-15T06:40:28.455+0000][125][trace][gc,age      ] GC(57) - age   6:     630400 bytes,   10347928 total
[2024-10-15T06:40:28.455+0000][125][trace][gc,age      ] GC(57) - age   7:        608 bytes,   10348536 total
[2024-10-15T06:40:28.455+0000][125][trace][gc,age      ] GC(57) - age   8:         80 bytes,   10348616 total
[2024-10-15T06:40:28.455+0000][125][trace][gc,age      ] GC(57) - age   9:        688 bytes,   10349304 total
[2024-10-15T06:40:28.455+0000][125][trace][gc,age      ] GC(57) - age  10:    1237928 bytes,   11587232 total
[2024-10-15T06:40:28.455+0000][125][trace][gc,age      ] GC(57) - age  11:      17856 bytes,   11605088 total
[2024-10-15T06:40:28.455+0000][125][trace][gc,age      ] GC(57) - age  12:       1144 bytes,   11606232 total
[2024-10-15T06:40:28.455+0000][125][trace][gc,age      ] GC(57) - age  13:      17912 bytes,   11624144 total
[2024-10-15T06:40:28.455+0000][125][trace][gc,age      ] GC(57) - age  14:     102648 bytes,   11726792 total
[2024-10-15T06:40:28.455+0000][125][trace][gc,age      ] GC(57) - age  15:      99392 bytes,   11826184 total
[2024-10-15T06:40:28.456+0000][125][info ][gc,heap     ] GC(57) Eden regions: 818->0(817)
[2024-10-15T06:40:28.456+0000][125][info ][gc,heap     ] GC(57) Survivor regions: 3->4(103)
[2024-10-15T06:40:28.456+0000][125][info ][gc,heap     ] GC(57) Old regions: 37->38
[2024-10-15T06:40:28.456+0000][125][info ][gc,heap     ] GC(57) Humongous regions: 2->2
[2024-10-15T06:40:28.456+0000][125][info ][gc,metaspace] GC(57) Metaspace: 156574K(162944K)->156574K(162944K) NonClass: 135603K(139328K)->135603K(139328K) Class: 20971K(23616K)->20971K(23616K)
[2024-10-15T06:40:28.456+0000][125][info ][gc          ] GC(57) Pause Young (Normal) (G1 Evacuation Pause) 3438M->168M(5476M) 12.204ms
[2024-10-15T06:40:28.456+0000][125][info ][gc,cpu      ] GC(57) User=0.03s Sys=0.00s Real=0.01s
[2024-10-15T06:40:28.458+0000][125][info ][safepoint   ] Safepoint "G1CollectForAllocation", Time since last: 725674388 ns, Reaching safepoint: 1168645 ns, Cleanup: 9048 ns, At safepoint: 14899613 ns, Total: 16077306 ns
[2024-10-15T06:40:30.012+0000][125][info ][safepoint   ] Safepoint "Cleanup", Time since last: 1551628182 ns, Reaching safepoint: 2380087 ns, Cleanup: 17380 ns, At safepoint: 51516 ns, Total: 2448983 ns
[2024-10-15T06:40:30.428+0000][125][info ][gc,start    ] GC(58) Pause Young (Concurrent Start) (G1 Evacuation Pause)
[2024-10-15T06:40:30.428+0000][125][info ][gc,task     ] GC(58) Using 4 workers of 4 for evacuation
[2024-10-15T06:40:30.428+0000][125][debug][gc,age      ] GC(58) Desired survivor size 216006656 bytes, new threshold 15 (max threshold 15)
[2024-10-15T06:40:30.439+0000][125][info ][gc,phases   ] GC(58)   Pre Evacuate Collection Set: 0.48ms
[2024-10-15T06:40:30.439+0000][125][info ][gc,phases   ] GC(58)   Merge Heap Roots: 0.38ms
[2024-10-15T06:40:30.439+0000][125][info ][gc,phases   ] GC(58)   Evacuate Collection Set: 7.93ms
[2024-10-15T06:40:30.439+0000][125][info ][gc,phases   ] GC(58)   Post Evacuate Collection Set: 1.93ms
[2024-10-15T06:40:30.439+0000][125][info ][gc,phases   ] GC(58)   Other: 0.30ms
[2024-10-15T06:40:30.439+0000][125][trace][gc,age      ] GC(58) Age table with threshold 15 (max threshold 15)
[2024-10-15T06:40:30.439+0000][125][trace][gc,age      ] GC(58) - age   1:    7771416 bytes,    7771416 total
[2024-10-15T06:40:30.439+0000][125][trace][gc,age      ] GC(58) - age   2:    1181224 bytes,    8952640 total
[2024-10-15T06:40:30.439+0000][125][trace][gc,age      ] GC(58) - age   3:      52080 bytes,    9004720 total
[2024-10-15T06:40:30.439+0000][125][trace][gc,age      ] GC(58) - age   4:     127152 bytes,    9131872 total
[2024-10-15T06:40:30.439+0000][125][trace][gc,age      ] GC(58) - age   5:      39728 bytes,    9171600 total
[2024-10-15T06:40:30.439+0000][125][trace][gc,age      ] GC(58) - age   6:       7952 bytes,    9179552 total
[2024-10-15T06:40:30.439+0000][125][trace][gc,age      ] GC(58) - age   7:     630360 bytes,    9809912 total
[2024-10-15T06:40:30.439+0000][125][trace][gc,age      ] GC(58) - age   8:        608 bytes,    9810520 total
[2024-10-15T06:40:30.439+0000][125][trace][gc,age      ] GC(58) - age   9:         80 bytes,    9810600 total
[2024-10-15T06:40:30.439+0000][125][trace][gc,age      ] GC(58) - age  10:        688 bytes,    9811288 total
[2024-10-15T06:40:30.440+0000][125][trace][gc,age      ] GC(58) - age  11:    1237320 bytes,   11048608 total
[2024-10-15T06:40:30.440+0000][125][trace][gc,age      ] GC(58) - age  12:      17856 bytes,   11066464 total
[2024-10-15T06:40:30.440+0000][125][trace][gc,age      ] GC(58) - age  13:       1144 bytes,   11067608 total
[2024-10-15T06:40:30.440+0000][125][trace][gc,age      ] GC(58) - age  14:      17912 bytes,   11085520 total
[2024-10-15T06:40:30.440+0000][125][trace][gc,age      ] GC(58) - age  15:     102648 bytes,   11188168 total
[2024-10-15T06:40:30.440+0000][125][info ][gc,heap     ] GC(58) Eden regions: 817->0(818)
[2024-10-15T06:40:30.440+0000][125][info ][gc,heap     ] GC(58) Survivor regions: 4->3(103)
[2024-10-15T06:40:30.440+0000][125][info ][gc,heap     ] GC(58) Old regions: 38->38
[2024-10-15T06:40:30.440+0000][125][info ][gc,heap     ] GC(58) Humongous regions: 2->2
[2024-10-15T06:40:30.440+0000][125][info ][gc,metaspace] GC(58) Metaspace: 156574K(162944K)->156574K(162944K) NonClass: 135603K(139328K)->135603K(139328K) Class: 20971K(23616K)->20971K(23616K)
[2024-10-15T06:40:30.440+0000][125][info ][gc          ] GC(58) Pause Young (Concurrent Start) (G1 Evacuation Pause) 3436M->167M(5476M) 11.646ms
[2024-10-15T06:40:30.440+0000][125][info ][gc          ] GC(59) Concurrent Mark Cycle
[2024-10-15T06:40:30.440+0000][125][info ][gc,marking  ] GC(59) Concurrent Scan Root Regions
[2024-10-15T06:40:30.442+0000][125][info ][gc,cpu      ] GC(58) User=0.03s Sys=0.00s Real=0.01s
[2024-10-15T06:40:30.443+0000][125][info ][safepoint   ] Safepoint "G1CollectForAllocation", Time since last: 415443013 ns, Reaching safepoint: 305336 ns, Cleanup: 13583 ns, At safepoint: 14501464 ns, Total: 14820383 ns
[2024-10-15T06:40:30.450+0000][125][info ][gc,marking  ] GC(59) Concurrent Scan Root Regions 10.283ms
[2024-10-15T06:40:30.450+0000][125][info ][gc,marking  ] GC(59) Concurrent Mark
[2024-10-15T06:40:30.450+0000][125][info ][gc,marking  ] GC(59) Concurrent Mark From Roots
[2024-10-15T06:40:30.450+0000][125][info ][gc,task     ] GC(59) Using 1 workers of 1 for marking
[2024-10-15T06:40:31.572+0000][125][info ][gc,marking  ] GC(59) Concurrent Mark From Roots 1121.906ms
[2024-10-15T06:40:31.572+0000][125][info ][gc,marking  ] GC(59) Concurrent Preclean
[2024-10-15T06:40:31.573+0000][125][info ][gc,marking  ] GC(59) Concurrent Preclean 0.843ms
[2024-10-15T06:40:31.576+0000][125][info ][gc,start    ] GC(59) Pause Remark
[2024-10-15T06:40:31.594+0000][125][info ][gc          ] GC(59) Pause Remark 1455M->1455M(5476M) 18.649ms
[2024-10-15T06:40:31.595+0000][125][info ][gc,cpu      ] GC(59) User=0.06s Sys=0.00s Real=0.02s
[2024-10-15T06:40:31.603+0000][125][info ][safepoint   ] Safepoint "G1PauseRemark", Time since last: 1132066545 ns, Reaching safepoint: 1154882 ns, Cleanup: 6685 ns, At safepoint: 27336848 ns, Total: 28498415 ns
[2024-10-15T06:40:31.607+0000][125][info ][gc,marking  ] GC(59) Concurrent Mark 1156.806ms
[2024-10-15T06:40:31.607+0000][125][info ][gc,marking  ] GC(59) Concurrent Rebuild Remembered Sets and Scrub Regions
[2024-10-15T06:40:31.969+0000][125][info ][gc,marking  ] GC(59) Concurrent Rebuild Remembered Sets and Scrub Regions 361.903ms
[2024-10-15T06:40:31.988+0000][125][info ][gc,start    ] GC(59) Pause Cleanup
[2024-10-15T06:40:31.989+0000][125][info ][gc          ] GC(59) Pause Cleanup 1591M->1591M(5476M) 0.396ms
[2024-10-15T06:40:31.989+0000][125][info ][gc,cpu      ] GC(59) User=0.00s Sys=0.00s Real=0.00s
[2024-10-15T06:40:31.989+0000][125][info ][safepoint   ] Safepoint "G1PauseCleanup", Time since last: 384197196 ns, Reaching safepoint: 1042882 ns, Cleanup: 23967 ns, At safepoint: 654764 ns, Total: 1721613 ns
[2024-10-15T06:40:31.991+0000][125][info ][gc,marking  ] GC(59) Concurrent Clear Claimed Marks
[2024-10-15T06:40:31.991+0000][125][info ][gc,marking  ] GC(59) Concurrent Clear Claimed Marks 0.213ms
[2024-10-15T06:40:31.991+0000][125][info ][gc,marking  ] GC(59) Concurrent Cleanup for Next Mark
[2024-10-15T06:40:32.001+0000][125][info ][gc,marking  ] GC(59) Concurrent Cleanup for Next Mark 9.659ms
[2024-10-15T06:40:32.001+0000][125][info ][gc          ] GC(59) Concurrent Mark Cycle 1561.320ms
[2024-10-15T06:40:33.507+0000][125][info ][safepoint   ] Safepoint "Cleanup", Time since last: 1500382786 ns, Reaching safepoint: 572414 ns, Cleanup: 17681 ns, At safepoint: 17307075 ns, Total: 17897170 ns
[2024-10-15T06:40:34.037+0000][125][info ][gc,start    ] GC(60) Pause Young (Normal) (G1 Evacuation Pause)
[2024-10-15T06:40:34.037+0000][125][info ][gc,task     ] GC(60) Using 4 workers of 4 for evacuation
[2024-10-15T06:40:34.037+0000][125][debug][gc,age      ] GC(60) Desired survivor size 216006656 bytes, new threshold 15 (max threshold 15)
[2024-10-15T06:40:34.052+0000][125][info ][gc,phases   ] GC(60)   Pre Evacuate Collection Set: 1.14ms
[2024-10-15T06:40:34.052+0000][125][info ][gc,phases   ] GC(60)   Merge Heap Roots: 0.71ms
[2024-10-15T06:40:34.052+0000][125][info ][gc,phases   ] GC(60)   Evacuate Collection Set: 9.56ms
[2024-10-15T06:40:34.052+0000][125][info ][gc,phases   ] GC(60)   Post Evacuate Collection Set: 3.55ms
[2024-10-15T06:40:34.052+0000][125][info ][gc,phases   ] GC(60)   Other: 0.17ms
[2024-10-15T06:40:34.052+0000][125][trace][gc,age      ] GC(60) Age table with threshold 15 (max threshold 15)
[2024-10-15T06:40:34.052+0000][125][trace][gc,age      ] GC(60) - age   1:    5922384 bytes,    5922384 total
[2024-10-15T06:40:34.052+0000][125][trace][gc,age      ] GC(60) - age   2:     273304 bytes,    6195688 total
[2024-10-15T06:40:34.052+0000][125][trace][gc,age      ] GC(60) - age   3:    1178624 bytes,    7374312 total
[2024-10-15T06:40:34.052+0000][125][trace][gc,age      ] GC(60) - age   4:      51528 bytes,    7425840 total
[2024-10-15T06:40:34.052+0000][125][trace][gc,age      ] GC(60) - age   5:      87744 bytes,    7513584 total
[2024-10-15T06:40:34.052+0000][125][trace][gc,age      ] GC(60) - age   6:      39648 bytes,    7553232 total
[2024-10-15T06:40:34.052+0000][125][trace][gc,age      ] GC(60) - age   7:       7912 bytes,    7561144 total
[2024-10-15T06:40:34.053+0000][125][trace][gc,age      ] GC(60) - age   8:     564632 bytes,    8125776 total
[2024-10-15T06:40:34.053+0000][125][trace][gc,age      ] GC(60) - age   9:        504 bytes,    8126280 total
[2024-10-15T06:40:34.053+0000][125][trace][gc,age      ] GC(60) - age  10:         80 bytes,    8126360 total
[2024-10-15T06:40:34.053+0000][125][trace][gc,age      ] GC(60) - age  11:        688 bytes,    8127048 total
[2024-10-15T06:40:34.053+0000][125][trace][gc,age      ] GC(60) - age  12:    1237320 bytes,    9364368 total
[2024-10-15T06:40:34.053+0000][125][trace][gc,age      ] GC(60) - age  13:      17856 bytes,    9382224 total
[2024-10-15T06:40:34.053+0000][125][trace][gc,age      ] GC(60) - age  14:       1144 bytes,    9383368 total
[2024-10-15T06:40:34.053+0000][125][trace][gc,age      ] GC(60) - age  15:      17872 bytes,    9401240 total
[2024-10-15T06:40:34.053+0000][125][info ][gc,heap     ] GC(60) Eden regions: 818->0(818)
[2024-10-15T06:40:34.053+0000][125][info ][gc,heap     ] GC(60) Survivor regions: 3->3(103)
[2024-10-15T06:40:34.053+0000][125][info ][gc,heap     ] GC(60) Old regions: 38->38
[2024-10-15T06:40:34.053+0000][125][info ][gc,heap     ] GC(60) Humongous regions: 2->2
[2024-10-15T06:40:34.053+0000][125][info ][gc,metaspace] GC(60) Metaspace: 156579K(162944K)->156579K(162944K) NonClass: 135607K(139328K)->135607K(139328K) Class: 20971K(23616K)->20971K(23616K)
[2024-10-15T06:40:34.053+0000][125][info ][gc          ] GC(60) Pause Young (Normal) (G1 Evacuation Pause) 3439M->166M(5476M) 15.484ms
[2024-10-15T06:40:34.053+0000][125][info ][gc,cpu      ] GC(60) User=0.03s Sys=0.01s Real=0.01s
[2024-10-15T06:40:34.053+0000][125][info ][safepoint   ] Safepoint "G1CollectForAllocation", Time since last: 529767614 ns, Reaching safepoint: 20813 ns, Cleanup: 19142 ns, At safepoint: 15669069 ns, Total: 15709024 ns
[2024-10-15T06:40:35.204+0000][125][info ][safepoint   ] Safepoint "Cleanup", Time since last: 1145412644 ns, Reaching safepoint: 967118 ns, Cleanup: 10061 ns, At safepoint: 5000242 ns, Total: 5977421 ns
[2024-10-15T06:40:36.282+0000][125][info ][gc,start    ] GC(61) Pause Young (Concurrent Start) (G1 Evacuation Pause)
[2024-10-15T06:40:36.282+0000][125][info ][gc,task     ] GC(61) Using 4 workers of 4 for evacuation
[2024-10-15T06:40:36.282+0000][125][debug][gc,age      ] GC(61) Desired survivor size 216006656 bytes, new threshold 15 (max threshold 15)
[2024-10-15T06:40:36.295+0000][125][info ][gc,phases   ] GC(61)   Pre Evacuate Collection Set: 0.64ms
[2024-10-15T06:40:36.296+0000][125][info ][gc,phases   ] GC(61)   Merge Heap Roots: 0.30ms
[2024-10-15T06:40:36.296+0000][125][info ][gc,phases   ] GC(61)   Evacuate Collection Set: 9.61ms
[2024-10-15T06:40:36.296+0000][125][info ][gc,phases   ] GC(61)   Post Evacuate Collection Set: 2.50ms
[2024-10-15T06:40:36.296+0000][125][info ][gc,phases   ] GC(61)   Other: 0.23ms
[2024-10-15T06:40:36.296+0000][125][trace][gc,age      ] GC(61) Age table with threshold 15 (max threshold 15)
[2024-10-15T06:40:36.296+0000][125][trace][gc,age      ] GC(61) - age   1:    6942264 bytes,    6942264 total
[2024-10-15T06:40:36.296+0000][125][trace][gc,age      ] GC(61) - age   2:     319384 bytes,    7261648 total
[2024-10-15T06:40:36.296+0000][125][trace][gc,age      ] GC(61) - age   3:       4752 bytes,    7266400 total
[2024-10-15T06:40:36.296+0000][125][trace][gc,age      ] GC(61) - age   4:    1054488 bytes,    8320888 total
[2024-10-15T06:40:36.296+0000][125][trace][gc,age      ] GC(61) - age   5:      24304 bytes,    8345192 total
[2024-10-15T06:40:36.296+0000][125][trace][gc,age      ] GC(61) - age   6:      87288 bytes,    8432480 total
[2024-10-15T06:40:36.296+0000][125][trace][gc,age      ] GC(61) - age   7:      39488 bytes,    8471968 total
[2024-10-15T06:40:36.296+0000][125][trace][gc,age      ] GC(61) - age   8:       7896 bytes,    8479864 total
[2024-10-15T06:40:36.296+0000][125][trace][gc,age      ] GC(61) - age   9:     539632 bytes,    9019496 total
[2024-10-15T06:40:36.296+0000][125][trace][gc,age      ] GC(61) - age  10:        504 bytes,    9020000 total
[2024-10-15T06:40:36.296+0000][125][trace][gc,age      ] GC(61) - age  11:         80 bytes,    9020080 total
[2024-10-15T06:40:36.296+0000][125][trace][gc,age      ] GC(61) - age  12:        688 bytes,    9020768 total
[2024-10-15T06:40:36.296+0000][125][trace][gc,age      ] GC(61) - age  13:    1237280 bytes,   10258048 total
[2024-10-15T06:40:36.296+0000][125][trace][gc,age      ] GC(61) - age  14:      17520 bytes,   10275568 total
[2024-10-15T06:40:36.296+0000][125][trace][gc,age      ] GC(61) - age  15:       1144 bytes,   10276712 total
[2024-10-15T06:40:36.296+0000][125][info ][gc,heap     ] GC(61) Eden regions: 818->0(818)
[2024-10-15T06:40:36.296+0000][125][info ][gc,heap     ] GC(61) Survivor regions: 3->3(103)
[2024-10-15T06:40:36.296+0000][125][info ][gc,heap     ] GC(61) Old regions: 38->38
[2024-10-15T06:40:36.296+0000][125][info ][gc,heap     ] GC(61) Humongous regions: 2->2
[2024-10-15T06:40:36.296+0000][125][info ][gc,metaspace] GC(61) Metaspace: 156579K(162944K)->156579K(162944K) NonClass: 135607K(139328K)->135607K(139328K) Class: 20971K(23616K)->20971K(23616K)
[2024-10-15T06:40:36.296+0000][125][info ][gc          ] GC(61) Pause Young (Concurrent Start) (G1 Evacuation Pause) 3438M->167M(5476M) 13.672ms
[2024-10-15T06:40:36.296+0000][125][info ][gc          ] GC(62) Concurrent Mark Cycle
[2024-10-15T06:40:36.296+0000][125][info ][gc,marking  ] GC(62) Concurrent Scan Root Regions
[2024-10-15T06:40:36.296+0000][125][info ][gc,cpu      ] GC(61) User=0.04s Sys=0.00s Real=0.02s
[2024-10-15T06:40:36.299+0000][125][info ][safepoint   ] Safepoint "G1CollectForAllocation", Time since last: 1076976706 ns, Reaching safepoint: 891103 ns, Cleanup: 11594 ns, At safepoint: 17114538 ns, Total: 18017235 ns
[2024-10-15T06:40:36.321+0000][125][info ][gc,marking  ] GC(62) Concurrent Scan Root Regions 25.195ms
[2024-10-15T06:40:36.321+0000][125][info ][gc,marking  ] GC(62) Concurrent Mark
[2024-10-15T06:40:36.321+0000][125][info ][gc,marking  ] GC(62) Concurrent Mark From Roots
[2024-10-15T06:40:36.321+0000][125][info ][gc,task     ] GC(62) Using 1 workers of 1 for marking
[2024-10-15T06:40:37.320+0000][125][info ][gc,marking  ] GC(62) Concurrent Mark From Roots 999.004ms
[2024-10-15T06:40:37.320+0000][125][info ][gc,marking  ] GC(62) Concurrent Preclean
[2024-10-15T06:40:37.323+0000][125][info ][gc,marking  ] GC(62) Concurrent Preclean 1.082ms
[2024-10-15T06:40:37.326+0000][125][info ][gc,start    ] GC(62) Pause Remark
[2024-10-15T06:40:37.342+0000][125][info ][gc          ] GC(62) Pause Remark 1113M->1113M(5476M) 15.277ms
[2024-10-15T06:40:37.342+0000][125][info ][gc,cpu      ] GC(62) User=0.04s Sys=0.00s Real=0.01s
[2024-10-15T06:40:37.342+0000][125][info ][safepoint   ] Safepoint "G1PauseRemark", Time since last: 1025954090 ns, Reaching safepoint: 1154507 ns, Cleanup: 6978 ns, At safepoint: 15394404 ns, Total: 16555889 ns
[2024-10-15T06:40:37.349+0000][125][info ][gc,marking  ] GC(62) Concurrent Mark 1027.956ms
[2024-10-15T06:40:37.349+0000][125][info ][gc,marking  ] GC(62) Concurrent Rebuild Remembered Sets and Scrub Regions
[2024-10-15T06:40:37.636+0000][125][info ][gc,marking  ] GC(62) Concurrent Rebuild Remembered Sets and Scrub Regions 287.267ms
[2024-10-15T06:40:37.672+0000][125][info ][gc,start    ] GC(62) Pause Cleanup
[2024-10-15T06:40:37.674+0000][125][info ][gc          ] GC(62) Pause Cleanup 1215M->1215M(5476M) 1.686ms
[2024-10-15T06:40:37.674+0000][125][info ][gc,cpu      ] GC(62) User=0.00s Sys=0.00s Real=0.01s
[2024-10-15T06:40:37.674+0000][125][info ][safepoint   ] Safepoint "G1PauseCleanup", Time since last: 330346758 ns, Reaching safepoint: 31248 ns, Cleanup: 6550 ns, At safepoint: 2350125 ns, Total: 2387923 ns
[2024-10-15T06:40:37.675+0000][125][info ][gc,marking  ] GC(62) Concurrent Clear Claimed Marks
[2024-10-15T06:40:37.675+0000][125][info ][gc,marking  ] GC(62) Concurrent Clear Claimed Marks 0.290ms
[2024-10-15T06:40:37.675+0000][125][info ][gc,marking  ] GC(62) Concurrent Cleanup for Next Mark
[2024-10-15T06:40:37.702+0000][125][info ][gc,marking  ] GC(62) Concurrent Cleanup for Next Mark 26.851ms
[2024-10-15T06:40:37.702+0000][125][info ][gc          ] GC(62) Concurrent Mark Cycle 1406.304ms
[2024-10-15T06:40:38.782+0000][125][info ][safepoint   ] Safepoint "Cleanup", Time since last: 1104220161 ns, Reaching safepoint: 2893127 ns, Cleanup: 12217 ns, At safepoint: 100215 ns, Total: 3005559 ns
[2024-10-15T06:40:39.622+0000][125][info ][gc,start    ] GC(63) Pause Young (Normal) (G1 Evacuation Pause)
[2024-10-15T06:40:39.622+0000][125][info ][gc,task     ] GC(63) Using 4 workers of 4 for evacuation
[2024-10-15T06:40:39.622+0000][125][debug][gc,age      ] GC(63) Desired survivor size 216006656 bytes, new threshold 15 (max threshold 15)
[2024-10-15T06:40:39.636+0000][125][info ][gc,phases   ] GC(63)   Pre Evacuate Collection Set: 1.04ms
[2024-10-15T06:40:39.636+0000][125][info ][gc,phases   ] GC(63)   Merge Heap Roots: 0.51ms
[2024-10-15T06:40:39.636+0000][125][info ][gc,phases   ] GC(63)   Evacuate Collection Set: 9.26ms
[2024-10-15T06:40:39.636+0000][125][info ][gc,phases   ] GC(63)   Post Evacuate Collection Set: 2.77ms
[2024-10-15T06:40:39.636+0000][125][info ][gc,phases   ] GC(63)   Other: 0.25ms
[2024-10-15T06:40:39.636+0000][125][trace][gc,age      ] GC(63) Age table with threshold 15 (max threshold 15)
[2024-10-15T06:40:39.636+0000][125][trace][gc,age      ] GC(63) - age   1:    5587832 bytes,    5587832 total
[2024-10-15T06:40:39.636+0000][125][trace][gc,age      ] GC(63) - age   2:     173672 bytes,    5761504 total
[2024-10-15T06:40:39.636+0000][125][trace][gc,age      ] GC(63) - age   3:     317264 bytes,    6078768 total
[2024-10-15T06:40:39.636+0000][125][trace][gc,age      ] GC(63) - age   4:       4608 bytes,    6083376 total
[2024-10-15T06:40:39.636+0000][125][trace][gc,age      ] GC(63) - age   5:    1054376 bytes,    7137752 total
[2024-10-15T06:40:39.636+0000][125][trace][gc,age      ] GC(63) - age   6:      24304 bytes,    7162056 total
[2024-10-15T06:40:39.636+0000][125][trace][gc,age      ] GC(63) - age   7:      87248 bytes,    7249304 total
[2024-10-15T06:40:39.636+0000][125][trace][gc,age      ] GC(63) - age   8:      39408 bytes,    7288712 total
[2024-10-15T06:40:39.636+0000][125][trace][gc,age      ] GC(63) - age   9:       7896 bytes,    7296608 total
[2024-10-15T06:40:39.636+0000][125][trace][gc,age      ] GC(63) - age  10:     539632 bytes,    7836240 total
[2024-10-15T06:40:39.636+0000][125][trace][gc,age      ] GC(63) - age  11:        504 bytes,    7836744 total
[2024-10-15T06:40:39.636+0000][125][trace][gc,age      ] GC(63) - age  12:         80 bytes,    7836824 total
[2024-10-15T06:40:39.636+0000][125][trace][gc,age      ] GC(63) - age  13:        688 bytes,    7837512 total
[2024-10-15T06:40:39.636+0000][125][trace][gc,age      ] GC(63) - age  14:    1237280 bytes,    9074792 total
[2024-10-15T06:40:39.636+0000][125][trace][gc,age      ] GC(63) - age  15:      17520 bytes,    9092312 total
[2024-10-15T06:40:39.636+0000][125][info ][gc,heap     ] GC(63) Eden regions: 818->0(818)
[2024-10-15T06:40:39.636+0000][125][info ][gc,heap     ] GC(63) Survivor regions: 3->3(103)
[2024-10-15T06:40:39.636+0000][125][info ][gc,heap     ] GC(63) Old regions: 38->38
[2024-10-15T06:40:39.636+0000][125][info ][gc,heap     ] GC(63) Humongous regions: 2->2
[2024-10-15T06:40:39.636+0000][125][info ][gc,metaspace] GC(63) Metaspace: 156579K(162944K)->156579K(162944K) NonClass: 135607K(139328K)->135607K(139328K) Class: 20971K(23616K)->20971K(23616K)
[2024-10-15T06:40:39.636+0000][125][info ][gc          ] GC(63) Pause Young (Normal) (G1 Evacuation Pause) 3439M->166M(5476M) 14.122ms
[2024-10-15T06:40:39.636+0000][125][info ][gc,cpu      ] GC(63) User=0.04s Sys=0.01s Real=0.02s
[2024-10-15T06:40:39.637+0000][125][info ][safepoint   ] Safepoint "G1CollectForAllocation", Time since last: 838344773 ns, Reaching safepoint: 1550776 ns, Cleanup: 62949 ns, At safepoint: 15641647 ns, Total: 17255372 ns
[2024-10-15T06:40:40.796+0000][125][info ][safepoint   ] Safepoint "Cleanup", Time since last: 1157968720 ns, Reaching safepoint: 1066760 ns, Cleanup: 16680 ns, At safepoint: 142078 ns, Total: 1225518 ns
[2024-10-15T06:40:42.038+0000][125][info ][gc,start    ] GC(64) Pause Young (Normal) (G1 Evacuation Pause)
[2024-10-15T06:40:42.038+0000][125][info ][gc,task     ] GC(64) Using 4 workers of 4 for evacuation
[2024-10-15T06:40:42.038+0000][125][debug][gc,age      ] GC(64) Desired survivor size 216006656 bytes, new threshold 15 (max threshold 15)
[2024-10-15T06:40:42.059+0000][125][info ][gc,phases   ] GC(64)   Pre Evacuate Collection Set: 1.03ms
[2024-10-15T06:40:42.060+0000][125][info ][gc,phases   ] GC(64)   Merge Heap Roots: 0.67ms
[2024-10-15T06:40:42.060+0000][125][info ][gc,phases   ] GC(64)   Evacuate Collection Set: 15.90ms
[2024-10-15T06:40:42.060+0000][125][info ][gc,phases   ] GC(64)   Post Evacuate Collection Set: 3.74ms
[2024-10-15T06:40:42.060+0000][125][info ][gc,phases   ] GC(64)   Other: 0.17ms
[2024-10-15T06:40:42.060+0000][125][trace][gc,age      ] GC(64) Age table with threshold 15 (max threshold 15)
[2024-10-15T06:40:42.060+0000][125][trace][gc,age      ] GC(64) - age   1:    8695008 bytes,    8695008 total
[2024-10-15T06:40:42.060+0000][125][trace][gc,age      ] GC(64) - age   2:     155824 bytes,    8850832 total
[2024-10-15T06:40:42.060+0000][125][trace][gc,age      ] GC(64) - age   3:      24944 bytes,    8875776 total
[2024-10-15T06:40:42.060+0000][125][trace][gc,age      ] GC(64) - age   4:     267224 bytes,    9143000 total
[2024-10-15T06:40:42.060+0000][125][trace][gc,age      ] GC(64) - age   5:       2560 bytes,    9145560 total
[2024-10-15T06:40:42.060+0000][125][trace][gc,age      ] GC(64) - age   6:    1054336 bytes,   10199896 total
[2024-10-15T06:40:42.060+0000][125][trace][gc,age      ] GC(64) - age   7:      24304 bytes,   10224200 total
[2024-10-15T06:40:42.060+0000][125][trace][gc,age      ] GC(64) - age   8:      87168 bytes,   10311368 total
[2024-10-15T06:40:42.060+0000][125][trace][gc,age      ] GC(64) - age   9:      39368 bytes,   10350736 total
[2024-10-15T06:40:42.060+0000][125][trace][gc,age      ] GC(64) - age  10:       7896 bytes,   10358632 total
[2024-10-15T06:40:42.060+0000][125][trace][gc,age      ] GC(64) - age  11:     539632 bytes,   10898264 total
[2024-10-15T06:40:42.060+0000][125][trace][gc,age      ] GC(64) - age  12:        504 bytes,   10898768 total
[2024-10-15T06:40:42.060+0000][125][trace][gc,age      ] GC(64) - age  13:         80 bytes,   10898848 total
[2024-10-15T06:40:42.060+0000][125][trace][gc,age      ] GC(64) - age  14:        688 bytes,   10899536 total
[2024-10-15T06:40:42.060+0000][125][trace][gc,age      ] GC(64) - age  15:    1237280 bytes,   12136816 total
[2024-10-15T06:40:42.060+0000][125][info ][gc,heap     ] GC(64) Eden regions: 818->0(817)
[2024-10-15T06:40:42.060+0000][125][info ][gc,heap     ] GC(64) Survivor regions: 3->4(103)
[2024-10-15T06:40:42.060+0000][125][info ][gc,heap     ] GC(64) Old regions: 38->38
[2024-10-15T06:40:42.060+0000][125][info ][gc,heap     ] GC(64) Humongous regions: 2->2
[2024-10-15T06:40:42.060+0000][125][info ][gc,metaspace] GC(64) Metaspace: 156579K(162944K)->156579K(162944K) NonClass: 135607K(139328K)->135607K(139328K) Class: 20971K(23616K)->20971K(23616K)
[2024-10-15T06:40:42.060+0000][125][info ][gc          ] GC(64) Pause Young (Normal) (G1 Evacuation Pause) 3438M->169M(5476M) 22.069ms
[2024-10-15T06:40:42.060+0000][125][info ][gc,cpu      ] GC(64) User=0.05s Sys=0.00s Real=0.02s
[2024-10-15T06:40:42.060+0000][125][info ][safepoint   ] Safepoint "G1CollectForAllocation", Time since last: 1239983361 ns, Reaching safepoint: 1255541 ns, Cleanup: 10630 ns, At safepoint: 22329255 ns, Total: 23595426 ns
[2024-10-15T06:40:43.079+0000][125][info ][safepoint   ] Safepoint "Cleanup", Time since last: 1006320959 ns, Reaching safepoint: 680965 ns, Cleanup: 15429 ns, At safepoint: 11900458 ns, Total: 12596852 ns
[2024-10-15T06:40:44.084+0000][125][info ][safepoint   ] Safepoint "Cleanup", Time since last: 1003794363 ns, Reaching safepoint: 787582 ns, Cleanup: 19207 ns, At safepoint: 128056 ns, Total: 934845 ns
[2024-10-15T06:40:45.937+0000][125][info ][safepoint   ] Safepoint "Cleanup", Time since last: 1839698547 ns, Reaching safepoint: 1996937 ns, Cleanup: 32794 ns, At safepoint: 11544869 ns, Total: 13574600 ns
[2024-10-15T06:40:46.161+0000][125][info ][gc,start    ] GC(65) Pause Young (Normal) (G1 Evacuation Pause)
[2024-10-15T06:40:46.161+0000][125][info ][gc,task     ] GC(65) Using 4 workers of 4 for evacuation
[2024-10-15T06:40:46.161+0000][125][debug][gc,age      ] GC(65) Desired survivor size 216006656 bytes, new threshold 15 (max threshold 15)
[2024-10-15T06:40:46.188+0000][125][info ][gc,phases   ] GC(65)   Pre Evacuate Collection Set: 0.94ms
[2024-10-15T06:40:46.188+0000][125][info ][gc,phases   ] GC(65)   Merge Heap Roots: 0.66ms
[2024-10-15T06:40:46.188+0000][125][info ][gc,phases   ] GC(65)   Evacuate Collection Set: 21.43ms
[2024-10-15T06:40:46.188+0000][125][info ][gc,phases   ] GC(65)   Post Evacuate Collection Set: 3.56ms
[2024-10-15T06:40:46.188+0000][125][info ][gc,phases   ] GC(65)   Other: 0.23ms
[2024-10-15T06:40:46.188+0000][125][trace][gc,age      ] GC(65) Age table with threshold 15 (max threshold 15)
[2024-10-15T06:40:46.188+0000][125][trace][gc,age      ] GC(65) - age   1:    6431944 bytes,    6431944 total
[2024-10-15T06:40:46.188+0000][125][trace][gc,age      ] GC(65) - age   2:      32656 bytes,    6464600 total
[2024-10-15T06:40:46.188+0000][125][trace][gc,age      ] GC(65) - age   3:       4480 bytes,    6469080 total
[2024-10-15T06:40:46.188+0000][125][trace][gc,age      ] GC(65) - age   4:      23864 bytes,    6492944 total
[2024-10-15T06:40:46.188+0000][125][trace][gc,age      ] GC(65) - age   5:     266960 bytes,    6759904 total
[2024-10-15T06:40:46.188+0000][125][trace][gc,age      ] GC(65) - age   6:       2560 bytes,    6762464 total
[2024-10-15T06:40:46.188+0000][125][trace][gc,age      ] GC(65) - age   7:    1053568 bytes,    7816032 total
[2024-10-15T06:40:46.188+0000][125][trace][gc,age      ] GC(65) - age   8:      24264 bytes,    7840296 total
[2024-10-15T06:40:46.188+0000][125][trace][gc,age      ] GC(65) - age   9:      87128 bytes,    7927424 total
[2024-10-15T06:40:46.188+0000][125][trace][gc,age      ] GC(65) - age  10:      39328 bytes,    7966752 total
[2024-10-15T06:40:46.188+0000][125][trace][gc,age      ] GC(65) - age  11:       7896 bytes,    7974648 total
[2024-10-15T06:40:46.188+0000][125][trace][gc,age      ] GC(65) - age  12:     539120 bytes,    8513768 total
[2024-10-15T06:40:46.188+0000][125][trace][gc,age      ] GC(65) - age  13:        464 bytes,    8514232 total
[2024-10-15T06:40:46.188+0000][125][trace][gc,age      ] GC(65) - age  14:         80 bytes,    8514312 total
[2024-10-15T06:40:46.188+0000][125][trace][gc,age      ] GC(65) - age  15:        688 bytes,    8515000 total
[2024-10-15T06:40:46.188+0000][125][info ][gc,heap     ] GC(65) Eden regions: 817->0(818)
[2024-10-15T06:40:46.188+0000][125][info ][gc,heap     ] GC(65) Survivor regions: 4->3(103)
[2024-10-15T06:40:46.188+0000][125][info ][gc,heap     ] GC(65) Old regions: 38->38
[2024-10-15T06:40:46.188+0000][125][info ][gc,heap     ] GC(65) Humongous regions: 2->2
[2024-10-15T06:40:46.188+0000][125][info ][gc,metaspace] GC(65) Metaspace: 156584K(162944K)->156584K(162944K) NonClass: 135611K(139328K)->135611K(139328K) Class: 20972K(23616K)->20972K(23616K)
[2024-10-15T06:40:46.188+0000][125][info ][gc          ] GC(65) Pause Young (Normal) (G1 Evacuation Pause) 3437M->166M(5476M) 27.193ms
[2024-10-15T06:40:46.188+0000][125][info ][gc,cpu      ] GC(65) User=0.04s Sys=0.01s Real=0.03s
[2024-10-15T06:40:46.189+0000][125][info ][safepoint   ] Safepoint "G1CollectForAllocation", Time since last: 223368630 ns, Reaching safepoint: 853976 ns, Cleanup: 12399 ns, At safepoint: 27953461 ns, Total: 28819836 ns
[2024-10-15T06:40:47.203+0000][125][info ][safepoint   ] Safepoint "Cleanup", Time since last: 1002243349 ns, Reaching safepoint: 1735513 ns, Cleanup: 20368 ns, At safepoint: 10275728 ns, Total: 12031609 ns
[2024-10-15T06:40:48.207+0000][125][info ][safepoint   ] Safepoint "Cleanup", Time since last: 1002408508 ns, Reaching safepoint: 1173291 ns, Cleanup: 14729 ns, At safepoint: 156845 ns, Total: 1344865 ns
[2024-10-15T06:40:48.971+0000][125][info ][gc,start    ] GC(66) Pause Young (Normal) (G1 Evacuation Pause)
[2024-10-15T06:40:48.972+0000][125][info ][gc,task     ] GC(66) Using 4 workers of 4 for evacuation
[2024-10-15T06:40:48.972+0000][125][debug][gc,age      ] GC(66) Desired survivor size 216006656 bytes, new threshold 15 (max threshold 15)
[2024-10-15T06:40:49.002+0000][125][info ][gc,phases   ] GC(66)   Pre Evacuate Collection Set: 2.45ms
[2024-10-15T06:40:49.002+0000][125][info ][gc,phases   ] GC(66)   Merge Heap Roots: 0.22ms
[2024-10-15T06:40:49.002+0000][125][info ][gc,phases   ] GC(66)   Evacuate Collection Set: 21.67ms
[2024-10-15T06:40:49.002+0000][125][info ][gc,phases   ] GC(66)   Post Evacuate Collection Set: 3.57ms
[2024-10-15T06:40:49.002+0000][125][info ][gc,phases   ] GC(66)   Other: 2.50ms
[2024-10-15T06:40:49.002+0000][125][trace][gc,age      ] GC(66) Age table with threshold 15 (max threshold 15)
[2024-10-15T06:40:49.002+0000][125][trace][gc,age      ] GC(66) - age   1:    9205304 bytes,    9205304 total
[2024-10-15T06:40:49.002+0000][125][trace][gc,age      ] GC(66) - age   2:    2623024 bytes,   11828328 total
[2024-10-15T06:40:49.002+0000][125][trace][gc,age      ] GC(66) - age   3:      31504 bytes,   11859832 total
[2024-10-15T06:40:49.002+0000][125][trace][gc,age      ] GC(66) - age   4:       4384 bytes,   11864216 total
[2024-10-15T06:40:49.002+0000][125][trace][gc,age      ] GC(66) - age   5:      23824 bytes,   11888040 total
[2024-10-15T06:40:49.002+0000][125][trace][gc,age      ] GC(66) - age   6:     266568 bytes,   12154608 total
[2024-10-15T06:40:49.002+0000][125][trace][gc,age      ] GC(66) - age   7:       2480 bytes,   12157088 total
[2024-10-15T06:40:49.002+0000][125][trace][gc,age      ] GC(66) - age   8:    1053488 bytes,   13210576 total
[2024-10-15T06:40:49.002+0000][125][trace][gc,age      ] GC(66) - age   9:      24224 bytes,   13234800 total
[2024-10-15T06:40:49.002+0000][125][trace][gc,age      ] GC(66) - age  10:      87128 bytes,   13321928 total
[2024-10-15T06:40:49.002+0000][125][trace][gc,age      ] GC(66) - age  11:      39328 bytes,   13361256 total
[2024-10-15T06:40:49.002+0000][125][trace][gc,age      ] GC(66) - age  12:       7896 bytes,   13369152 total
[2024-10-15T06:40:49.002+0000][125][trace][gc,age      ] GC(66) - age  13:     539120 bytes,   13908272 total
[2024-10-15T06:40:49.002+0000][125][trace][gc,age      ] GC(66) - age  14:        464 bytes,   13908736 total
[2024-10-15T06:40:49.002+0000][125][trace][gc,age      ] GC(66) - age  15:         80 bytes,   13908816 total
[2024-10-15T06:40:49.002+0000][125][info ][gc,heap     ] GC(66) Eden regions: 818->0(817)
[2024-10-15T06:40:49.002+0000][125][info ][gc,heap     ] GC(66) Survivor regions: 3->4(103)
[2024-10-15T06:40:49.002+0000][125][info ][gc,heap     ] GC(66) Old regions: 38->38
[2024-10-15T06:40:49.002+0000][125][info ][gc,heap     ] GC(66) Humongous regions: 2->2
[2024-10-15T06:40:49.002+0000][125][info ][gc,metaspace] GC(66) Metaspace: 156584K(162944K)->156584K(162944K) NonClass: 135611K(139328K)->135611K(139328K) Class: 20972K(23616K)->20972K(23616K)
[2024-10-15T06:40:49.002+0000][125][info ][gc          ] GC(66) Pause Young (Normal) (G1 Evacuation Pause) 3438M->171M(5476M) 30.748ms
[2024-10-15T06:40:49.002+0000][125][info ][gc,cpu      ] GC(66) User=0.06s Sys=0.01s Real=0.03s
[2024-10-15T06:40:49.004+0000][125][info ][safepoint   ] Safepoint "G1CollectForAllocation", Time since last: 752136652 ns, Reaching safepoint: 12054004 ns, Cleanup: 13143 ns, At safepoint: 32416851 ns, Total: 44483998 ns
[2024-10-15T06:40:50.668+0000][125][info ][safepoint   ] Safepoint "Cleanup", Time since last: 1651972435 ns, Reaching safepoint: 4081953 ns, Cleanup: 21192 ns, At safepoint: 7648645 ns, Total: 11751790 ns
[2024-10-15T06:40:52.319+0000][125][info ][safepoint   ] Safepoint "Cleanup", Time since last: 1646193684 ns, Reaching safepoint: 5233757 ns, Cleanup: 72479 ns, At safepoint: 88972 ns, Total: 5395208 ns
[2024-10-15T06:40:52.321+0000][125][info ][gc,start    ] GC(67) Pause Young (Normal) (G1 Evacuation Pause)
[2024-10-15T06:40:52.321+0000][125][info ][gc,task     ] GC(67) Using 4 workers of 4 for evacuation
[2024-10-15T06:40:52.321+0000][125][debug][gc,age      ] GC(67) Desired survivor size 216006656 bytes, new threshold 15 (max threshold 15)
[2024-10-15T06:40:52.345+0000][125][info ][gc,phases   ] GC(67)   Pre Evacuate Collection Set: 1.55ms
[2024-10-15T06:40:52.345+0000][125][info ][gc,phases   ] GC(67)   Merge Heap Roots: 1.21ms
[2024-10-15T06:40:52.345+0000][125][info ][gc,phases   ] GC(67)   Evacuate Collection Set: 18.25ms
[2024-10-15T06:40:52.345+0000][125][info ][gc,phases   ] GC(67)   Post Evacuate Collection Set: 3.34ms
[2024-10-15T06:40:52.345+0000][125][info ][gc,phases   ] GC(67)   Other: 0.24ms
[2024-10-15T06:40:52.345+0000][125][trace][gc,age      ] GC(67) Age table with threshold 15 (max threshold 15)
[2024-10-15T06:40:52.345+0000][125][trace][gc,age      ] GC(67) - age   1:   10497192 bytes,   10497192 total
[2024-10-15T06:40:52.345+0000][125][trace][gc,age      ] GC(67) - age   2:    5407144 bytes,   15904336 total
[2024-10-15T06:40:52.345+0000][125][trace][gc,age      ] GC(67) - age   3:    2393192 bytes,   18297528 total
[2024-10-15T06:40:52.345+0000][125][trace][gc,age      ] GC(67) - age   4:      31280 bytes,   18328808 total
[2024-10-15T06:40:52.345+0000][125][trace][gc,age      ] GC(67) - age   5:       4304 bytes,   18333112 total
[2024-10-15T06:40:52.345+0000][125][trace][gc,age      ] GC(67) - age   6:      23744 bytes,   18356856 total
[2024-10-15T06:40:52.345+0000][125][trace][gc,age      ] GC(67) - age   7:     265664 bytes,   18622520 total
[2024-10-15T06:40:52.345+0000][125][trace][gc,age      ] GC(67) - age   8:       1880 bytes,   18624400 total
[2024-10-15T06:40:52.345+0000][125][trace][gc,age      ] GC(67) - age   9:    1052928 bytes,   19677328 total
[2024-10-15T06:40:52.345+0000][125][trace][gc,age      ] GC(67) - age  10:      24224 bytes,   19701552 total
[2024-10-15T06:40:52.345+0000][125][trace][gc,age      ] GC(67) - age  11:      86648 bytes,   19788200 total
[2024-10-15T06:40:52.345+0000][125][trace][gc,age      ] GC(67) - age  12:      26488 bytes,   19814688 total
[2024-10-15T06:40:52.345+0000][125][trace][gc,age      ] GC(67) - age  13:       1400 bytes,   19816088 total
[2024-10-15T06:40:52.345+0000][125][trace][gc,age      ] GC(67) - age  14:     453992 bytes,   20270080 total
[2024-10-15T06:40:52.345+0000][125][trace][gc,age      ] GC(67) - age  15:        464 bytes,   20270544 total
[2024-10-15T06:40:52.345+0000][125][info ][gc,heap     ] GC(67) Eden regions: 817->0(815)
[2024-10-15T06:40:52.346+0000][125][info ][gc,heap     ] GC(67) Survivor regions: 4->6(103)
[2024-10-15T06:40:52.346+0000][125][info ][gc,heap     ] GC(67) Old regions: 38->38
[2024-10-15T06:40:52.346+0000][125][info ][gc,heap     ] GC(67) Humongous regions: 2->2
[2024-10-15T06:40:52.346+0000][125][info ][gc,metaspace] GC(67) Metaspace: 156586K(162944K)->156586K(162944K) NonClass: 135613K(139328K)->135613K(139328K) Class: 20972K(23616K)->20972K(23616K)
[2024-10-15T06:40:52.346+0000][125][info ][gc          ] GC(67) Pause Young (Normal) (G1 Evacuation Pause) 3439M->178M(5476M) 25.782ms
[2024-10-15T06:40:52.346+0000][125][info ][gc,cpu      ] GC(67) User=0.06s Sys=0.01s Real=0.03s
[2024-10-15T06:40:52.347+0000][125][info ][safepoint   ] Safepoint "G1CollectForAllocation", Time since last: 490041 ns, Reaching safepoint: 900956 ns, Cleanup: 9230 ns, At safepoint: 26127812 ns, Total: 27037998 ns
[2024-10-15T06:40:53.387+0000][125][info ][safepoint   ] Safepoint "Cleanup", Time since last: 1047139787 ns, Reaching safepoint: 5549428 ns, Cleanup: 68611 ns, At safepoint: 9157027 ns, Total: 14775066 ns
[2024-10-15T06:40:54.972+0000][125][info ][safepoint   ] Safepoint "Cleanup", Time since last: 1583498010 ns, Reaching safepoint: 976941 ns, Cleanup: 12608 ns, At safepoint: 153731 ns, Total: 1143280 ns
[2024-10-15T06:40:55.261+0000][125][info ][gc,start    ] GC(68) Pause Young (Normal) (G1 Evacuation Pause)
[2024-10-15T06:40:55.261+0000][125][info ][gc,task     ] GC(68) Using 4 workers of 4 for evacuation
[2024-10-15T06:40:55.261+0000][125][debug][gc,age      ] GC(68) Desired survivor size 216006656 bytes, new threshold 15 (max threshold 15)
[2024-10-15T06:40:55.275+0000][125][info ][gc,phases   ] GC(68)   Pre Evacuate Collection Set: 0.85ms
[2024-10-15T06:40:55.275+0000][125][info ][gc,phases   ] GC(68)   Merge Heap Roots: 0.43ms
[2024-10-15T06:40:55.275+0000][125][info ][gc,phases   ] GC(68)   Evacuate Collection Set: 9.92ms
[2024-10-15T06:40:55.275+0000][125][info ][gc,phases   ] GC(68)   Post Evacuate Collection Set: 2.42ms
[2024-10-15T06:40:55.275+0000][125][info ][gc,phases   ] GC(68)   Other: 0.13ms
[2024-10-15T06:40:55.275+0000][125][trace][gc,age      ] GC(68) Age table with threshold 15 (max threshold 15)
[2024-10-15T06:40:55.275+0000][125][trace][gc,age      ] GC(68) - age   1:   10851600 bytes,   10851600 total
[2024-10-15T06:40:55.275+0000][125][trace][gc,age      ] GC(68) - age   2:    4070808 bytes,   14922408 total
[2024-10-15T06:40:55.275+0000][125][trace][gc,age      ] GC(68) - age   3:    4979008 bytes,   19901416 total
[2024-10-15T06:40:55.275+0000][125][trace][gc,age      ] GC(68) - age   4:    2392816 bytes,   22294232 total
[2024-10-15T06:40:55.275+0000][125][trace][gc,age      ] GC(68) - age   5:      31200 bytes,   22325432 total
[2024-10-15T06:40:55.275+0000][125][trace][gc,age      ] GC(68) - age   6:       4304 bytes,   22329736 total
[2024-10-15T06:40:55.275+0000][125][trace][gc,age      ] GC(68) - age   7:      23744 bytes,   22353480 total
[2024-10-15T06:40:55.275+0000][125][trace][gc,age      ] GC(68) - age   8:     265664 bytes,   22619144 total
[2024-10-15T06:40:55.275+0000][125][trace][gc,age      ] GC(68) - age   9:       1840 bytes,   22620984 total
[2024-10-15T06:40:55.275+0000][125][trace][gc,age      ] GC(68) - age  10:    1052928 bytes,   23673912 total
[2024-10-15T06:40:55.275+0000][125][trace][gc,age      ] GC(68) - age  11:      24224 bytes,   23698136 total
[2024-10-15T06:40:55.275+0000][125][trace][gc,age      ] GC(68) - age  12:      75168 bytes,   23773304 total
[2024-10-15T06:40:55.275+0000][125][trace][gc,age      ] GC(68) - age  13:      26488 bytes,   23799792 total
[2024-10-15T06:40:55.275+0000][125][trace][gc,age      ] GC(68) - age  14:       1296 bytes,   23801088 total
[2024-10-15T06:40:55.275+0000][125][trace][gc,age      ] GC(68) - age  15:     261160 bytes,   24062248 total
[2024-10-15T06:40:55.275+0000][125][info ][gc,heap     ] GC(68) Eden regions: 815->0(814)
[2024-10-15T06:40:55.275+0000][125][info ][gc,heap     ] GC(68) Survivor regions: 6->7(103)
[2024-10-15T06:40:55.275+0000][125][info ][gc,heap     ] GC(68) Old regions: 38->38
[2024-10-15T06:40:55.275+0000][125][info ][gc,heap     ] GC(68) Humongous regions: 2->2
[2024-10-15T06:40:55.275+0000][125][info ][gc,metaspace] GC(68) Metaspace: 156586K(162944K)->156586K(162944K) NonClass: 135613K(139328K)->135613K(139328K) Class: 20972K(23616K)->20972K(23616K)
[2024-10-15T06:40:55.275+0000][125][info ][gc          ] GC(68) Pause Young (Normal) (G1 Evacuation Pause) 3438M->183M(5476M) 14.507ms
[2024-10-15T06:40:55.275+0000][125][info ][gc,cpu      ] GC(68) User=0.04s Sys=0.01s Real=0.02s
[2024-10-15T06:40:55.275+0000][125][info ][safepoint   ] Safepoint "G1CollectForAllocation", Time since last: 288013901 ns, Reaching safepoint: 657133 ns, Cleanup: 6783 ns, At safepoint: 14698938 ns, Total: 15362854 ns
[2024-10-15T06:40:58.518+0000][125][info ][gc,start    ] GC(69) Pause Young (Normal) (G1 Evacuation Pause)
[2024-10-15T06:40:58.518+0000][125][info ][gc,task     ] GC(69) Using 4 workers of 4 for evacuation
[2024-10-15T06:40:58.518+0000][125][debug][gc,age      ] GC(69) Desired survivor size 216006656 bytes, new threshold 15 (max threshold 15)
[2024-10-15T06:40:58.533+0000][125][info ][gc,phases   ] GC(69)   Pre Evacuate Collection Set: 1.04ms
[2024-10-15T06:40:58.533+0000][125][info ][gc,phases   ] GC(69)   Merge Heap Roots: 0.36ms
[2024-10-15T06:40:58.533+0000][125][info ][gc,phases   ] GC(69)   Evacuate Collection Set: 10.98ms
[2024-10-15T06:40:58.533+0000][125][info ][gc,phases   ] GC(69)   Post Evacuate Collection Set: 2.33ms
[2024-10-15T06:40:58.533+0000][125][info ][gc,phases   ] GC(69)   Other: 0.13ms
[2024-10-15T06:40:58.533+0000][125][trace][gc,age      ] GC(69) Age table with threshold 15 (max threshold 15)
[2024-10-15T06:40:58.533+0000][125][trace][gc,age      ] GC(69) - age   1:    8519840 bytes,    8519840 total
[2024-10-15T06:40:58.533+0000][125][trace][gc,age      ] GC(69) - age   2:    5969184 bytes,   14489024 total
[2024-10-15T06:40:58.533+0000][125][trace][gc,age      ] GC(69) - age   3:    3966888 bytes,   18455912 total
[2024-10-15T06:40:58.533+0000][125][trace][gc,age      ] GC(69) - age   4:    4847560 bytes,   23303472 total
[2024-10-15T06:40:58.533+0000][125][trace][gc,age      ] GC(69) - age   5:    2392736 bytes,   25696208 total
[2024-10-15T06:40:58.533+0000][125][trace][gc,age      ] GC(69) - age   6:      31200 bytes,   25727408 total
[2024-10-15T06:40:58.533+0000][125][trace][gc,age      ] GC(69) - age   7:       4304 bytes,   25731712 total
[2024-10-15T06:40:58.533+0000][125][trace][gc,age      ] GC(69) - age   8:      23744 bytes,   25755456 total
[2024-10-15T06:40:58.533+0000][125][trace][gc,age      ] GC(69) - age   9:     265400 bytes,   26020856 total
[2024-10-15T06:40:58.533+0000][125][trace][gc,age      ] GC(69) - age  10:       1840 bytes,   26022696 total
[2024-10-15T06:40:58.533+0000][125][trace][gc,age      ] GC(69) - age  11:    1052888 bytes,   27075584 total
[2024-10-15T06:40:58.533+0000][125][trace][gc,age      ] GC(69) - age  12:      24224 bytes,   27099808 total
[2024-10-15T06:40:58.533+0000][125][trace][gc,age      ] GC(69) - age  13:      75168 bytes,   27174976 total
[2024-10-15T06:40:58.533+0000][125][trace][gc,age      ] GC(69) - age  14:      26488 bytes,   27201464 total
[2024-10-15T06:40:58.533+0000][125][trace][gc,age      ] GC(69) - age  15:       1192 bytes,   27202656 total
[2024-10-15T06:40:58.533+0000][125][info ][gc,heap     ] GC(69) Eden regions: 814->0(813)
[2024-10-15T06:40:58.533+0000][125][info ][gc,heap     ] GC(69) Survivor regions: 7->8(103)
[2024-10-15T06:40:58.533+0000][125][info ][gc,heap     ] GC(69) Old regions: 38->38
[2024-10-15T06:40:58.533+0000][125][info ][gc,heap     ] GC(69) Humongous regions: 2->2
[2024-10-15T06:40:58.533+0000][125][info ][gc,metaspace] GC(69) Metaspace: 156586K(162944K)->156586K(162944K) NonClass: 135613K(139328K)->135613K(139328K) Class: 20972K(23616K)->20972K(23616K)
[2024-10-15T06:40:58.533+0000][125][info ][gc          ] GC(69) Pause Young (Normal) (G1 Evacuation Pause) 3439M->189M(5476M) 15.121ms
[2024-10-15T06:40:58.533+0000][125][info ][gc,cpu      ] GC(69) User=0.04s Sys=0.00s Real=0.02s
[2024-10-15T06:40:58.533+0000][125][info ][safepoint   ] Safepoint "G1CollectForAllocation", Time since last: 3242060134 ns, Reaching safepoint: 628155 ns, Cleanup: 49343 ns, At safepoint: 15346133 ns, Total: 16023631 ns
[2024-10-15T06:40:59.578+0000][125][info ][safepoint   ] Safepoint "Cleanup", Time since last: 1028384966 ns, Reaching safepoint: 2369628 ns, Cleanup: 14253 ns, At safepoint: 14146755 ns, Total: 16530636 ns
[2024-10-15T06:41:01.823+0000][125][info ][gc,start    ] GC(70) Pause Young (Normal) (G1 Evacuation Pause)
[2024-10-15T06:41:01.823+0000][125][info ][gc,task     ] GC(70) Using 4 workers of 4 for evacuation
[2024-10-15T06:41:01.823+0000][125][debug][gc,age      ] GC(70) Desired survivor size 216006656 bytes, new threshold 15 (max threshold 15)
[2024-10-15T06:41:01.835+0000][125][info ][gc,phases   ] GC(70)   Pre Evacuate Collection Set: 0.82ms
[2024-10-15T06:41:01.835+0000][125][info ][gc,phases   ] GC(70)   Merge Heap Roots: 0.38ms
[2024-10-15T06:41:01.835+0000][125][info ][gc,phases   ] GC(70)   Evacuate Collection Set: 8.54ms
[2024-10-15T06:41:01.835+0000][125][info ][gc,phases   ] GC(70)   Post Evacuate Collection Set: 2.07ms
[2024-10-15T06:41:01.835+0000][125][info ][gc,phases   ] GC(70)   Other: 0.09ms
[2024-10-15T06:41:01.835+0000][125][trace][gc,age      ] GC(70) Age table with threshold 15 (max threshold 15)
[2024-10-15T06:41:01.835+0000][125][trace][gc,age      ] GC(70) - age   1:   10241336 bytes,   10241336 total
[2024-10-15T06:41:01.835+0000][125][trace][gc,age      ] GC(70) - age   2:    3434152 bytes,   13675488 total
[2024-10-15T06:41:01.835+0000][125][trace][gc,age      ] GC(70) - age   3:    4301560 bytes,   17977048 total
[2024-10-15T06:41:01.835+0000][125][trace][gc,age      ] GC(70) - age   4:    3962752 bytes,   21939800 total
[2024-10-15T06:41:01.835+0000][125][trace][gc,age      ] GC(70) - age   5:    4846808 bytes,   26786608 total
[2024-10-15T06:41:01.835+0000][125][trace][gc,age      ] GC(70) - age   6:    2392736 bytes,   29179344 total
[2024-10-15T06:41:01.835+0000][125][trace][gc,age      ] GC(70) - age   7:      31160 bytes,   29210504 total
[2024-10-15T06:41:01.835+0000][125][trace][gc,age      ] GC(70) - age   8:       4304 bytes,   29214808 total
[2024-10-15T06:41:01.835+0000][125][trace][gc,age      ] GC(70) - age   9:      23704 bytes,   29238512 total
[2024-10-15T06:41:01.835+0000][125][trace][gc,age      ] GC(70) - age  10:     265360 bytes,   29503872 total
[2024-10-15T06:41:01.835+0000][125][trace][gc,age      ] GC(70) - age  11:       1272 bytes,   29505144 total
[2024-10-15T06:41:01.835+0000][125][trace][gc,age      ] GC(70) - age  12:    1052888 bytes,   30558032 total
[2024-10-15T06:41:01.835+0000][125][trace][gc,age      ] GC(70) - age  13:      24224 bytes,   30582256 total
[2024-10-15T06:41:01.835+0000][125][trace][gc,age      ] GC(70) - age  14:      75168 bytes,   30657424 total
[2024-10-15T06:41:01.835+0000][125][trace][gc,age      ] GC(70) - age  15:      26488 bytes,   30683912 total
[2024-10-15T06:41:01.835+0000][125][info ][gc,heap     ] GC(70) Eden regions: 813->0(812)
[2024-10-15T06:41:01.835+0000][125][info ][gc,heap     ] GC(70) Survivor regions: 8->9(103)
[2024-10-15T06:41:01.835+0000][125][info ][gc,heap     ] GC(70) Old regions: 38->38
[2024-10-15T06:41:01.835+0000][125][info ][gc,heap     ] GC(70) Humongous regions: 2->2
[2024-10-15T06:41:01.835+0000][125][info ][gc,metaspace] GC(70) Metaspace: 156592K(162944K)->156592K(162944K) NonClass: 135619K(139328K)->135619K(139328K) Class: 20972K(23616K)->20972K(23616K)
[2024-10-15T06:41:01.835+0000][125][info ][gc          ] GC(70) Pause Young (Normal) (G1 Evacuation Pause) 3441M->193M(5476M) 12.175ms
[2024-10-15T06:41:01.835+0000][125][info ][gc,cpu      ] GC(70) User=0.03s Sys=0.00s Real=0.01s
[2024-10-15T06:41:01.835+0000][125][info ][safepoint   ] Safepoint "G1CollectForAllocation", Time since last: 2243684182 ns, Reaching safepoint: 1026004 ns, Cleanup: 9537 ns, At safepoint: 12440684 ns, Total: 13476225 ns
[2024-10-15T06:41:03.407+0000][125][info ][safepoint   ] Safepoint "Cleanup", Time since last: 1570568840 ns, Reaching safepoint: 721125 ns, Cleanup: 49209 ns, At safepoint: 136026 ns, Total: 906360 ns
[2024-10-15T06:41:04.003+0000][125][info ][gc,start    ] GC(71) Pause Young (Normal) (G1 Evacuation Pause)
[2024-10-15T06:41:04.003+0000][125][info ][gc,task     ] GC(71) Using 4 workers of 4 for evacuation
[2024-10-15T06:41:04.003+0000][125][debug][gc,age      ] GC(71) Desired survivor size 216006656 bytes, new threshold 15 (max threshold 15)
[2024-10-15T06:41:04.019+0000][125][info ][gc,phases   ] GC(71)   Pre Evacuate Collection Set: 0.60ms
[2024-10-15T06:41:04.019+0000][125][info ][gc,phases   ] GC(71)   Merge Heap Roots: 0.27ms
[2024-10-15T06:41:04.019+0000][125][info ][gc,phases   ] GC(71)   Evacuate Collection Set: 12.08ms
[2024-10-15T06:41:04.019+0000][125][info ][gc,phases   ] GC(71)   Post Evacuate Collection Set: 3.22ms
[2024-10-15T06:41:04.019+0000][125][info ][gc,phases   ] GC(71)   Other: 0.15ms
[2024-10-15T06:41:04.019+0000][125][trace][gc,age      ] GC(71) Age table with threshold 15 (max threshold 15)
[2024-10-15T06:41:04.019+0000][125][trace][gc,age      ] GC(71) - age   1:   11230208 bytes,   11230208 total
[2024-10-15T06:41:04.019+0000][125][trace][gc,age      ] GC(71) - age   2:    3999088 bytes,   15229296 total
[2024-10-15T06:41:04.019+0000][125][trace][gc,age      ] GC(71) - age   3:    3223968 bytes,   18453264 total
[2024-10-15T06:41:04.019+0000][125][trace][gc,age      ] GC(71) - age   4:    3902120 bytes,   22355384 total
[2024-10-15T06:41:04.019+0000][125][trace][gc,age      ] GC(71) - age   5:    3958752 bytes,   26314136 total
[2024-10-15T06:41:04.019+0000][125][trace][gc,age      ] GC(71) - age   6:    4846560 bytes,   31160696 total
[2024-10-15T06:41:04.019+0000][125][trace][gc,age      ] GC(71) - age   7:    2392656 bytes,   33553352 total
[2024-10-15T06:41:04.019+0000][125][trace][gc,age      ] GC(71) - age   8:      31160 bytes,   33584512 total
[2024-10-15T06:41:04.019+0000][125][trace][gc,age      ] GC(71) - age   9:       4304 bytes,   33588816 total
[2024-10-15T06:41:04.019+0000][125][trace][gc,age      ] GC(71) - age  10:      23704 bytes,   33612520 total
[2024-10-15T06:41:04.019+0000][125][trace][gc,age      ] GC(71) - age  11:     265280 bytes,   33877800 total
[2024-10-15T06:41:04.019+0000][125][trace][gc,age      ] GC(71) - age  12:       1232 bytes,   33879032 total
[2024-10-15T06:41:04.019+0000][125][trace][gc,age      ] GC(71) - age  13:    1052888 bytes,   34931920 total
[2024-10-15T06:41:04.019+0000][125][trace][gc,age      ] GC(71) - age  14:      24224 bytes,   34956144 total
[2024-10-15T06:41:04.019+0000][125][trace][gc,age      ] GC(71) - age  15:      75128 bytes,   35031272 total
[2024-10-15T06:41:04.019+0000][125][info ][gc,heap     ] GC(71) Eden regions: 812->0(812)
[2024-10-15T06:41:04.019+0000][125][info ][gc,heap     ] GC(71) Survivor regions: 9->9(103)
[2024-10-15T06:41:04.019+0000][125][info ][gc,heap     ] GC(71) Old regions: 38->38
[2024-10-15T06:41:04.019+0000][125][info ][gc,heap     ] GC(71) Humongous regions: 2->2
[2024-10-15T06:41:04.019+0000][125][info ][gc,metaspace] GC(71) Metaspace: 156593K(162944K)->156593K(162944K) NonClass: 135620K(139328K)->135620K(139328K) Class: 20972K(23616K)->20972K(23616K)
[2024-10-15T06:41:04.019+0000][125][info ][gc          ] GC(71) Pause Young (Normal) (G1 Evacuation Pause) 3441M->193M(5476M) 16.571ms
[2024-10-15T06:41:04.019+0000][125][info ][gc,cpu      ] GC(71) User=0.05s Sys=0.01s Real=0.01s
[2024-10-15T06:41:04.021+0000][125][info ][safepoint   ] Safepoint "G1CollectForAllocation", Time since last: 595475682 ns, Reaching safepoint: 319514 ns, Cleanup: 4893 ns, At safepoint: 18202927 ns, Total: 18527334 ns
[2024-10-15T06:41:05.673+0000][125][info ][safepoint   ] Safepoint "Cleanup", Time since last: 1650690676 ns, Reaching safepoint: 1150770 ns, Cleanup: 18621 ns, At safepoint: 297340 ns, Total: 1466731 ns
[2024-10-15T06:41:07.621+0000][125][info ][safepoint   ] Safepoint "Cleanup", Time since last: 1947736576 ns, Reaching safepoint: 25640 ns, Cleanup: 20045 ns, At safepoint: 12472 ns, Total: 58157 ns
[2024-10-15T06:41:15.635+0000][125][info ][safepoint   ] Safepoint "Cleanup", Time since last: 8014207636 ns, Reaching safepoint: 113102 ns, Cleanup: 12222 ns, At safepoint: 12427 ns, Total: 137751 ns
[2024-10-15T06:41:16.636+0000][125][info ][safepoint   ] Safepoint "Cleanup", Time since last: 1000933554 ns, Reaching safepoint: 16570 ns, Cleanup: 18444 ns, At safepoint: 9519 ns, Total: 44533 ns
[2024-10-15T06:41:27.673+0000][125][info ][safepoint   ] Safepoint "Cleanup", Time since last: 11013841662 ns, Reaching safepoint: 17215 ns, Cleanup: 19907 ns, At safepoint: 9714 ns, Total: 46836 ns
[2024-10-15T06:41:37.683+0000][125][info ][safepoint   ] Safepoint "Cleanup", Time since last: 10009927422 ns, Reaching safepoint: 31575 ns, Cleanup: 16682 ns, At safepoint: 14222 ns, Total: 62479 ns
[2024-10-15T06:41:42.819+0000][125][info ][safepoint   ] Safepoint "Cleanup", Time since last: 5135826345 ns, Reaching safepoint: 29724 ns, Cleanup: 17132 ns, At safepoint: 25608 ns, Total: 72464 ns
[2024-10-15T06:41:51.828+0000][125][info ][safepoint   ] Safepoint "Cleanup", Time since last: 9008831909 ns, Reaching safepoint: 25268 ns, Cleanup: 73323 ns, At safepoint: 8895 ns, Total: 107486 ns
[2024-10-15T06:41:52.829+0000][125][info ][safepoint   ] Safepoint "Cleanup", Time since last: 1001087120 ns, Reaching safepoint: 30226 ns, Cleanup: 29002 ns, At safepoint: 10090 ns, Total: 69318 ns
[2024-10-15T06:41:53.833+0000][125][info ][safepoint   ] Safepoint "Cleanup", Time since last: 1004040992 ns, Reaching safepoint: 12269 ns, Cleanup: 10658 ns, At safepoint: 9112 ns, Total: 32039 ns
[2024-10-15T06:42:02.517+0000][125][info ][safepoint   ] Safepoint "Cleanup", Time since last: 8683550095 ns, Reaching safepoint: 12188 ns, Cleanup: 126925 ns, At safepoint: 14275 ns, Total: 153388 ns
[2024-10-15T06:42:03.583+0000][125][info ][safepoint   ] Safepoint "Cleanup", Time since last: 1066251338 ns, Reaching safepoint: 16501 ns, Cleanup: 10117 ns, At safepoint: 8300 ns, Total: 34918 ns
[2024-10-15T06:42:05.994+0000][125][info ][safepoint   ] Safepoint "Cleanup", Time since last: 2410263914 ns, Reaching safepoint: 13888 ns, Cleanup: 10771 ns, At safepoint: 7615 ns, Total: 32274 ns
[2024-10-15T06:42:16.100+0000][125][info ][safepoint   ] Safepoint "Cleanup", Time since last: 10106421121 ns, Reaching safepoint: 37526 ns, Cleanup: 10071 ns, At safepoint: 8449 ns, Total: 56046 ns
[2024-10-15T06:42:17.101+0000][125][info ][safepoint   ] Safepoint "Cleanup", Time since last: 1001185709 ns, Reaching safepoint: 17563 ns, Cleanup: 20296 ns, At safepoint: 8854 ns, Total: 46713 ns
[2024-10-15T06:42:27.118+0000][125][info ][safepoint   ] Safepoint "Cleanup", Time since last: 10015756555 ns, Reaching safepoint: 24789 ns, Cleanup: 14377 ns, At safepoint: 12725 ns, Total: 51891 ns
[2024-10-15T06:42:34.652+0000][125][info ][safepoint   ] Safepoint "Cleanup", Time since last: 7532821554 ns, Reaching safepoint: 1128550 ns, Cleanup: 83012 ns, At safepoint: 75577 ns, Total: 1287139 ns
[2024-10-15T06:42:35.922+0000][125][info ][safepoint   ] Safepoint "Cleanup", Time since last: 1269839249 ns, Reaching safepoint: 27660 ns, Cleanup: 98072 ns, At safepoint: 19447 ns, Total: 145179 ns
[2024-10-15T06:42:47.957+0000][125][info ][safepoint   ] Safepoint "Cleanup", Time since last: 12034957574 ns, Reaching safepoint: 71053 ns, Cleanup: 15015 ns, At safepoint: 15088 ns, Total: 101156 ns
[2024-10-15T06:42:51.961+0000][125][info ][safepoint   ] Safepoint "Cleanup", Time since last: 4003914176 ns, Reaching safepoint: 16368 ns, Cleanup: 20390 ns, At safepoint: 9912 ns, Total: 46670 ns
[2024-10-15T06:43:07.632+0000][125][info ][safepoint   ] Safepoint "Cleanup", Time since last: 15669837396 ns, Reaching safepoint: 16872 ns, Cleanup: 35547 ns, At safepoint: 9313 ns, Total: 61732 ns
[2024-10-15T06:43:08.705+0000][125][info ][safepoint   ] Safepoint "Cleanup", Time since last: 1073235036 ns, Reaching safepoint: 7650 ns, Cleanup: 7412 ns, At safepoint: 4778 ns, Total: 19840 ns
[2024-10-15T06:43:22.263+0000][125][info ][safepoint   ] Safepoint "Cleanup", Time since last: 13558028306 ns, Reaching safepoint: 58521 ns, Cleanup: 15096 ns, At safepoint: 15118 ns, Total: 88735 ns
[2024-10-15T06:43:33.368+0000][125][info ][safepoint   ] Safepoint "Cleanup", Time since last: 11104027409 ns, Reaching safepoint: 19946 ns, Cleanup: 11390 ns, At safepoint: 11300 ns, Total: 42636 ns
[2024-10-15T06:43:35.172+0000][125][info ][safepoint   ] Safepoint "Cleanup", Time since last: 1803537839 ns, Reaching safepoint: 10710 ns, Cleanup: 16418 ns, At safepoint: 9258 ns, Total: 36386 ns
[2024-10-15T06:43:36.179+0000][125][info ][safepoint   ] Safepoint "Cleanup", Time since last: 1006171295 ns, Reaching safepoint: 856263 ns, Cleanup: 36004 ns, At safepoint: 195328 ns, Total: 1087595 ns
[2024-10-15T06:43:52.194+0000][125][info ][safepoint   ] Safepoint "Cleanup", Time since last: 16014612496 ns, Reaching safepoint: 28498 ns, Cleanup: 81987 ns, At safepoint: 43964 ns, Total: 154449 ns
[2024-10-15T06:43:57.759+0000][125][info ][safepoint   ] Safepoint "Cleanup", Time since last: 5564302227 ns, Reaching safepoint: 7317 ns, Cleanup: 13272 ns, At safepoint: 5505 ns, Total: 26094 ns
[2024-10-15T06:44:15.449+0000][125][info ][safepoint   ] Safepoint "Cleanup", Time since last: 17690499568 ns, Reaching safepoint: 42629 ns, Cleanup: 11144 ns, At safepoint: 9075 ns, Total: 62848 ns
[2024-10-15T06:44:36.473+0000][125][info ][safepoint   ] Safepoint "Cleanup", Time since last: 21022935720 ns, Reaching safepoint: 59174 ns, Cleanup: 16738 ns, At safepoint: 14785 ns, Total: 90697 ns
[2024-10-15T06:44:51.515+0000][125][info ][safepoint   ] Safepoint "Cleanup", Time since last: 15041544736 ns, Reaching safepoint: 59862 ns, Cleanup: 30684 ns, At safepoint: 14159 ns, Total: 104705 ns
[2024-10-15T06:45:02.740+0000][125][info ][safepoint   ] Safepoint "Cleanup", Time since last: 11224978675 ns, Reaching safepoint: 9848 ns, Cleanup: 12381 ns, At safepoint: 5752 ns, Total: 27981 ns
[2024-10-15T06:45:13.617+0000][125][info ][safepoint   ] Safepoint "Cleanup", Time since last: 10876425017 ns, Reaching safepoint: 30745 ns, Cleanup: 23560 ns, At safepoint: 12412 ns, Total: 66717 ns
[2024-10-15T06:45:21.766+0000][125][info ][safepoint   ] Safepoint "Cleanup", Time since last: 8148769028 ns, Reaching safepoint: 33146 ns, Cleanup: 12576 ns, At safepoint: 12519 ns, Total: 58241 ns
[2024-10-15T06:45:23.553+0000][125][info ][safepoint   ] Safepoint "Cleanup", Time since last: 1786902184 ns, Reaching safepoint: 52032 ns, Cleanup: 15146 ns, At safepoint: 48824 ns, Total: 116002 ns
[2024-10-15T06:45:24.576+0000][125][info ][safepoint   ] Safepoint "Cleanup", Time since last: 1022256409 ns, Reaching safepoint: 23250 ns, Cleanup: 14968 ns, At safepoint: 14684 ns, Total: 52902 ns
[2024-10-15T06:45:37.589+0000][125][info ][safepoint   ] Safepoint "Cleanup", Time since last: 13012760626 ns, Reaching safepoint: 40515 ns, Cleanup: 12800 ns, At safepoint: 9732 ns, Total: 63047 ns
[2024-10-15T06:45:51.607+0000][125][info ][safepoint   ] Safepoint "Cleanup", Time since last: 14018194468 ns, Reaching safepoint: 24116 ns, Cleanup: 66320 ns, At safepoint: 60800 ns, Total: 151236 ns
[2024-10-15T06:45:52.320+0000][125][info ][safepoint   ] Safepoint "ICBufferFull", Time since last: 711786619 ns, Reaching safepoint: 560498 ns, Cleanup: 121466 ns, At safepoint: 77812 ns, Total: 759776 ns
[2024-10-15T06:45:53.987+0000][125][info ][safepoint   ] Safepoint "Cleanup", Time since last: 1676864421 ns, Reaching safepoint: 1912817 ns, Cleanup: 81949 ns, At safepoint: 39275 ns, Total: 2034041 ns
[2024-10-15T06:45:55.600+0000][125][info ][safepoint   ] Safepoint "Cleanup", Time since last: 1612001685 ns, Reaching safepoint: 990119 ns, Cleanup: 27414 ns, At safepoint: 252061 ns, Total: 1269594 ns
[2024-10-15T06:45:57.041+0000][125][info ][safepoint   ] Safepoint "Cleanup", Time since last: 1440812587 ns, Reaching safepoint: 11963 ns, Cleanup: 23050 ns, At safepoint: 7006 ns, Total: 42019 ns
[2024-10-15T06:45:58.870+0000][125][info ][safepoint   ] Safepoint "Cleanup", Time since last: 1828992939 ns, Reaching safepoint: 31240 ns, Cleanup: 46147 ns, At safepoint: 17397 ns, Total: 94784 ns
[2024-10-15T06:46:05.748+0000][125][info ][safepoint   ] Safepoint "Cleanup", Time since last: 6878327103 ns, Reaching safepoint: 18447 ns, Cleanup: 25334 ns, At safepoint: 12761 ns, Total: 56542 ns
[2024-10-15T06:46:06.946+0000][125][info ][safepoint   ] Safepoint "Cleanup", Time since last: 1197522187 ns, Reaching safepoint: 13824 ns, Cleanup: 49996 ns, At safepoint: 51957 ns, Total: 115777 ns
[2024-10-15T06:46:08.968+0000][125][info ][safepoint   ] Safepoint "Cleanup", Time since last: 2020812016 ns, Reaching safepoint: 1159789 ns, Cleanup: 17488 ns, At safepoint: 66465 ns, Total: 1243742 ns
[2024-10-15T06:46:09.969+0000][125][info ][safepoint   ] Safepoint "Cleanup", Time since last: 1000849253 ns, Reaching safepoint: 17714 ns, Cleanup: 11208 ns, At safepoint: 24111 ns, Total: 53033 ns
[2024-10-15T06:46:10.971+0000][125][info ][safepoint   ] Safepoint "Cleanup", Time since last: 1001059817 ns, Reaching safepoint: 1008183 ns, Cleanup: 150230 ns, At safepoint: 99627 ns, Total: 1258040 ns
[2024-10-15T06:46:11.972+0000][125][info ][safepoint   ] Safepoint "Cleanup", Time since last: 1000557736 ns, Reaching safepoint: 27710 ns, Cleanup: 25087 ns, At safepoint: 17698 ns, Total: 70495 ns
[2024-10-15T06:46:17.734+0000][125][info ][safepoint   ] Safepoint "Cleanup", Time since last: 5761873682 ns, Reaching safepoint: 22717 ns, Cleanup: 21400 ns, At safepoint: 51214 ns, Total: 95331 ns
[2024-10-15T06:46:19.027+0000][125][info ][safepoint   ] Safepoint "Cleanup", Time since last: 1293105110 ns, Reaching safepoint: 43378 ns, Cleanup: 30305 ns, At safepoint: 20079 ns, Total: 93762 ns
[2024-10-15T06:46:24.044+0000][125][info ][safepoint   ] Safepoint "Cleanup", Time since last: 5004974117 ns, Reaching safepoint: 17139 ns, Cleanup: 10219 ns, At safepoint: 10151 ns, Total: 37509 ns
[2024-10-15T06:46:30.050+0000][125][info ][safepoint   ] Safepoint "Cleanup", Time since last: 6005610594 ns, Reaching safepoint: 22499 ns, Cleanup: 14000 ns, At safepoint: 10861 ns, Total: 47360 ns
[2024-10-15T06:46:33.054+0000][125][info ][safepoint   ] Safepoint "Cleanup", Time since last: 3003698935 ns, Reaching safepoint: 22596 ns, Cleanup: 13509 ns, At safepoint: 11145 ns, Total: 47250 ns
[2024-10-15T06:46:36.699+0000][125][info ][safepoint   ] Safepoint "Cleanup", Time since last: 3645303515 ns, Reaching safepoint: 48435 ns, Cleanup: 19195 ns, At safepoint: 16523 ns, Total: 84153 ns
[2024-10-15T06:46:38.701+0000][125][info ][safepoint   ] Safepoint "Cleanup", Time since last: 2001915869 ns, Reaching safepoint: 17355 ns, Cleanup: 12128 ns, At safepoint: 10272 ns, Total: 39755 ns
[2024-10-15T06:46:51.760+0000][125][info ][safepoint   ] Safepoint "Cleanup", Time since last: 13059158776 ns, Reaching safepoint: 24970 ns, Cleanup: 23088 ns, At safepoint: 11594 ns, Total: 59652 ns
[2024-10-15T06:46:54.020+0000][125][info ][safepoint   ] Safepoint "Cleanup", Time since last: 2257712926 ns, Reaching safepoint: 17109 ns, Cleanup: 22964 ns, At safepoint: 55137 ns, Total: 95210 ns
[2024-10-15T06:46:55.022+0000][125][info ][safepoint   ] Safepoint "Cleanup", Time since last: 1001929297 ns, Reaching safepoint: 28670 ns, Cleanup: 37881 ns, At safepoint: 14754 ns, Total: 81305 ns
[2024-10-15T06:46:58.025+0000][125][info ][safepoint   ] Safepoint "Cleanup", Time since last: 3003063805 ns, Reaching safepoint: 28121 ns, Cleanup: 16505 ns, At safepoint: 14907 ns, Total: 59533 ns
[2024-10-15T06:47:03.092+0000][125][info ][safepoint   ] Safepoint "Cleanup", Time since last: 5067057933 ns, Reaching safepoint: 17671 ns, Cleanup: 11674 ns, At safepoint: 9757 ns, Total: 39102 ns
[2024-10-15T06:47:07.096+0000][125][info ][safepoint   ] Safepoint "Cleanup", Time since last: 4004009632 ns, Reaching safepoint: 17043 ns, Cleanup: 32907 ns, At safepoint: 10988 ns, Total: 60938 ns
[2024-10-15T06:47:08.097+0000][125][info ][safepoint   ] Safepoint "Cleanup", Time since last: 1000837120 ns, Reaching safepoint: 23248 ns, Cleanup: 13682 ns, At safepoint: 11603 ns, Total: 48533 ns
[2024-10-15T06:47:09.193+0000][125][info ][safepoint   ] Safepoint "Cleanup", Time since last: 1095481760 ns, Reaching safepoint: 22046 ns, Cleanup: 18554 ns, At safepoint: 11171 ns, Total: 51771 ns
[2024-10-15T06:47:13.238+0000][125][info ][safepoint   ] Safepoint "Cleanup", Time since last: 4045093116 ns, Reaching safepoint: 25909 ns, Cleanup: 39877 ns, At safepoint: 52114 ns, Total: 117900 ns
[2024-10-15T06:47:15.241+0000][125][info ][safepoint   ] Safepoint "Cleanup", Time since last: 2002286686 ns, Reaching safepoint: 850398 ns, Cleanup: 15040 ns, At safepoint: 190897 ns, Total: 1056335 ns
[2024-10-15T06:47:18.244+0000][125][info ][safepoint   ] Safepoint "Cleanup", Time since last: 3002975849 ns, Reaching safepoint: 34615 ns, Cleanup: 56995 ns, At safepoint: 168891 ns, Total: 260501 ns
[2024-10-15T06:47:24.270+0000][125][info ][safepoint   ] Safepoint "Cleanup", Time since last: 6024541176 ns, Reaching safepoint: 16452 ns, Cleanup: 19606 ns, At safepoint: 10569 ns, Total: 46627 ns
[2024-10-15T06:47:40.285+0000][125][info ][safepoint   ] Safepoint "Cleanup", Time since last: 16014816853 ns, Reaching safepoint: 19255 ns, Cleanup: 11215 ns, At safepoint: 10292 ns, Total: 40762 ns
[2024-10-15T06:47:52.296+0000][125][info ][safepoint   ] Safepoint "Cleanup", Time since last: 12011107686 ns, Reaching safepoint: 65364 ns, Cleanup: 46859 ns, At safepoint: 21860 ns, Total: 134083 ns
[2024-10-15T06:47:53.297+0000][125][info ][safepoint   ] Safepoint "Cleanup", Time since last: 1000679935 ns, Reaching safepoint: 25352 ns, Cleanup: 13291 ns, At safepoint: 13706 ns, Total: 52349 ns
[2024-10-15T06:48:05.251+0000][125][info ][safepoint   ] Safepoint "Cleanup", Time since last: 11953531822 ns, Reaching safepoint: 53030 ns, Cleanup: 26373 ns, At safepoint: 19736 ns, Total: 99139 ns
[2024-10-15T06:48:06.981+0000][125][info ][safepoint   ] Safepoint "Cleanup", Time since last: 1729803904 ns, Reaching safepoint: 223572 ns, Cleanup: 59818 ns, At safepoint: 54111 ns, Total: 337501 ns
[2024-10-15T06:48:08.983+0000][125][info ][safepoint   ] Safepoint "Cleanup", Time since last: 2002362929 ns, Reaching safepoint: 38910 ns, Cleanup: 10924 ns, At safepoint: 8585 ns, Total: 58419 ns
[2024-10-15T06:48:23.792+0000][125][info ][safepoint   ] Safepoint "Cleanup", Time since last: 14808996573 ns, Reaching safepoint: 20172 ns, Cleanup: 10929 ns, At safepoint: 9943 ns, Total: 41044 ns
[2024-10-15T06:48:42.451+0000][125][info ][safepoint   ] Safepoint "Cleanup", Time since last: 18658089855 ns, Reaching safepoint: 55803 ns, Cleanup: 15670 ns, At safepoint: 14173 ns, Total: 85646 ns
[2024-10-15T06:48:52.472+0000][125][info ][safepoint   ] Safepoint "Cleanup", Time since last: 10021303675 ns, Reaching safepoint: 27982 ns, Cleanup: 24390 ns, At safepoint: 44324 ns, Total: 96696 ns
[2024-10-15T06:48:55.433+0000][125][info ][safepoint   ] Safepoint "Cleanup", Time since last: 2965992668 ns, Reaching safepoint: 25826 ns, Cleanup: 21275 ns, At safepoint: 13863 ns, Total: 60964 ns
[2024-10-15T06:49:05.366+0000][125][info ][safepoint   ] Safepoint "Cleanup", Time since last: 9933068469 ns, Reaching safepoint: 17785 ns, Cleanup: 13119 ns, At safepoint: 9327 ns, Total: 40231 ns
[2024-10-15T06:49:06.367+0000][125][info ][safepoint   ] Safepoint "Cleanup", Time since last: 1001049267 ns, Reaching safepoint: 96266 ns, Cleanup: 14810 ns, At safepoint: 14033 ns, Total: 125109 ns
[2024-10-15T06:49:08.396+0000][125][info ][safepoint   ] Safepoint "Cleanup", Time since last: 2028617634 ns, Reaching safepoint: 19930 ns, Cleanup: 14658 ns, At safepoint: 8519 ns, Total: 43107 ns
[2024-10-15T06:49:09.397+0000][125][info ][safepoint   ] Safepoint "Cleanup", Time since last: 1001405697 ns, Reaching safepoint: 40627 ns, Cleanup: 10394 ns, At safepoint: 11097 ns, Total: 62118 ns
[2024-10-15T06:49:13.408+0000][125][info ][safepoint   ] Safepoint "Cleanup", Time since last: 4010702291 ns, Reaching safepoint: 23111 ns, Cleanup: 18753 ns, At safepoint: 13951 ns, Total: 55815 ns
[2024-10-15T06:49:14.842+0000][125][info ][safepoint   ] Safepoint "Cleanup", Time since last: 1433999026 ns, Reaching safepoint: 17157 ns, Cleanup: 8377 ns, At safepoint: 9414 ns, Total: 34948 ns
[2024-10-15T06:49:16.629+0000][125][info ][safepoint   ] Safepoint "Cleanup", Time since last: 1787182644 ns, Reaching safepoint: 19793 ns, Cleanup: 10374 ns, At safepoint: 9857 ns, Total: 40024 ns
[2024-10-15T06:49:21.634+0000][125][info ][safepoint   ] Safepoint "Cleanup", Time since last: 5004888987 ns, Reaching safepoint: 54892 ns, Cleanup: 18975 ns, At safepoint: 18177 ns, Total: 92044 ns
[2024-10-15T06:49:26.822+0000][125][info ][safepoint   ] Safepoint "Cleanup", Time since last: 5180613003 ns, Reaching safepoint: 18880 ns, Cleanup: 7174 ns, At safepoint: 6113 ns, Total: 32167 ns
[2024-10-15T06:49:28.675+0000][125][info ][safepoint   ] Safepoint "Cleanup", Time since last: 1853114123 ns, Reaching safepoint: 17504 ns, Cleanup: 11859 ns, At safepoint: 10688 ns, Total: 40051 ns
[2024-10-15T06:49:36.373+0000][125][info ][safepoint   ] Safepoint "Cleanup", Time since last: 7698055326 ns, Reaching safepoint: 10772 ns, Cleanup: 8077 ns, At safepoint: 5689 ns, Total: 24538 ns
[2024-10-15T06:49:51.633+0000][125][info ][safepoint   ] Safepoint "Cleanup", Time since last: 15259933378 ns, Reaching safepoint: 56381 ns, Cleanup: 16656 ns, At safepoint: 12750 ns, Total: 85787 ns
[2024-10-15T06:50:06.753+0000][125][info ][safepoint   ] Safepoint "Cleanup", Time since last: 15118873764 ns, Reaching safepoint: 25467 ns, Cleanup: 16431 ns, At safepoint: 13641 ns, Total: 55539 ns
[2024-10-15T06:50:18.943+0000][125][info ][safepoint   ] Safepoint "Cleanup", Time since last: 12189212975 ns, Reaching safepoint: 18540 ns, Cleanup: 12179 ns, At safepoint: 11253 ns, Total: 41972 ns
[2024-10-15T06:50:29.896+0000][125][info ][safepoint   ] Safepoint "Cleanup", Time since last: 10951988519 ns, Reaching safepoint: 645803 ns, Cleanup: 14532 ns, At safepoint: 101124 ns, Total: 761459 ns
[2024-10-15T06:50:30.901+0000][125][info ][safepoint   ] Safepoint "Cleanup", Time since last: 1005316045 ns, Reaching safepoint: 10662 ns, Cleanup: 12832 ns, At safepoint: 5790 ns, Total: 29284 ns
[2024-10-15T06:50:32.785+0000][125][info ][safepoint   ] Safepoint "Cleanup", Time since last: 1882784460 ns, Reaching safepoint: 379199 ns, Cleanup: 46920 ns, At safepoint: 786567 ns, Total: 1212686 ns
[2024-10-15T06:50:38.790+0000][125][info ][safepoint   ] Safepoint "Cleanup", Time since last: 6004742779 ns, Reaching safepoint: 73557 ns, Cleanup: 11049 ns, At safepoint: 47310 ns, Total: 131916 ns
[2024-10-15T06:50:51.803+0000][125][info ][safepoint   ] Safepoint "Cleanup", Time since last: 13012660180 ns, Reaching safepoint: 56717 ns, Cleanup: 14478 ns, At safepoint: 10151 ns, Total: 81346 ns
[2024-10-15T06:51:10.481+0000][125][info ][safepoint   ] Safepoint "Cleanup", Time since last: 18676973698 ns, Reaching safepoint: 17871 ns, Cleanup: 11855 ns, At safepoint: 11635 ns, Total: 41361 ns
[2024-10-15T06:51:21.957+0000][125][info ][safepoint   ] Safepoint "Cleanup", Time since last: 11476421684 ns, Reaching safepoint: 22409 ns, Cleanup: 13655 ns, At safepoint: 49183 ns, Total: 85247 ns
[2024-10-15T06:51:22.973+0000][125][info ][safepoint   ] Safepoint "Cleanup", Time since last: 1016099393 ns, Reaching safepoint: 19403 ns, Cleanup: 24202 ns, At safepoint: 10903 ns, Total: 54508 ns
[2024-10-15T06:51:52.144+0000][125][info ][safepoint   ] Safepoint "Cleanup", Time since last: 29170432577 ns, Reaching safepoint: 24871 ns, Cleanup: 28228 ns, At safepoint: 55012 ns, Total: 108111 ns
[2024-10-15T06:51:53.146+0000][125][info ][safepoint   ] Safepoint "Cleanup", Time since last: 1000788092 ns, Reaching safepoint: 1025204 ns, Cleanup: 18785 ns, At safepoint: 73366 ns, Total: 1117355 ns
[2024-10-15T06:52:11.899+0000][125][info ][safepoint   ] Safepoint "Cleanup", Time since last: 18752073998 ns, Reaching safepoint: 17408 ns, Cleanup: 10880 ns, At safepoint: 9786 ns, Total: 38074 ns
[2024-10-15T06:52:12.903+0000][125][info ][safepoint   ] Safepoint "Cleanup", Time since last: 1003847316 ns, Reaching safepoint: 31329 ns, Cleanup: 16431 ns, At safepoint: 17391 ns, Total: 65151 ns
[2024-10-15T06:52:30.383+0000][125][info ][safepoint   ] Safepoint "Cleanup", Time since last: 17479006814 ns, Reaching safepoint: 23130 ns, Cleanup: 13596 ns, At safepoint: 11654 ns, Total: 48380 ns
[2024-10-15T06:52:35.078+0000][125][info ][safepoint   ] Safepoint "Cleanup", Time since last: 4694462942 ns, Reaching safepoint: 179805 ns, Cleanup: 61573 ns, At safepoint: 95582 ns, Total: 336960 ns
[2024-10-15T06:52:36.371+0000][125][info ][safepoint   ] Safepoint "Cleanup", Time since last: 1293219414 ns, Reaching safepoint: 9014 ns, Cleanup: 49294 ns, At safepoint: 7935 ns, Total: 66243 ns
[2024-10-15T06:52:40.496+0000][125][info ][safepoint   ] Safepoint "Cleanup", Time since last: 4123699883 ns, Reaching safepoint: 531986 ns, Cleanup: 164476 ns, At safepoint: 23138 ns, Total: 719600 ns
[2024-10-15T06:52:50.413+0000][125][info ][gc,start    ] GC(72) Pause Young (Normal) (G1 Evacuation Pause)
[2024-10-15T06:52:50.413+0000][125][info ][gc,task     ] GC(72) Using 4 workers of 4 for evacuation
[2024-10-15T06:52:50.413+0000][125][debug][gc,age      ] GC(72) Desired survivor size 216006656 bytes, new threshold 15 (max threshold 15)
[2024-10-15T06:52:50.434+0000][125][info ][gc,phases   ] GC(72)   Pre Evacuate Collection Set: 0.50ms
[2024-10-15T06:52:50.434+0000][125][info ][gc,phases   ] GC(72)   Merge Heap Roots: 0.61ms
[2024-10-15T06:52:50.434+0000][125][info ][gc,phases   ] GC(72)   Evacuate Collection Set: 15.79ms
[2024-10-15T06:52:50.434+0000][125][info ][gc,phases   ] GC(72)   Post Evacuate Collection Set: 3.71ms
[2024-10-15T06:52:50.434+0000][125][info ][gc,phases   ] GC(72)   Other: 0.11ms
[2024-10-15T06:52:50.434+0000][125][trace][gc,age      ] GC(72) Age table with threshold 15 (max threshold 15)
[2024-10-15T06:52:50.434+0000][125][trace][gc,age      ] GC(72) - age   1:    6814736 bytes,    6814736 total
[2024-10-15T06:52:50.434+0000][125][trace][gc,age      ] GC(72) - age   2:    1055672 bytes,    7870408 total
[2024-10-15T06:52:50.434+0000][125][trace][gc,age      ] GC(72) - age   3:      16208 bytes,    7886616 total
[2024-10-15T06:52:50.434+0000][125][trace][gc,age      ] GC(72) - age   4:      16144 bytes,    7902760 total
[2024-10-15T06:52:50.434+0000][125][trace][gc,age      ] GC(72) - age   5:        632 bytes,    7903392 total
[2024-10-15T06:52:50.434+0000][125][trace][gc,age      ] GC(72) - age   6:       2408 bytes,    7905800 total
[2024-10-15T06:52:50.434+0000][125][trace][gc,age      ] GC(72) - age   7:       4080 bytes,    7909880 total
[2024-10-15T06:52:50.434+0000][125][trace][gc,age      ] GC(72) - age   8:      50824 bytes,    7960704 total
[2024-10-15T06:52:50.434+0000][125][trace][gc,age      ] GC(72) - age   9:       3968 bytes,    7964672 total
[2024-10-15T06:52:50.434+0000][125][trace][gc,age      ] GC(72) - age  10:       4008 bytes,    7968680 total
[2024-10-15T06:52:50.434+0000][125][trace][gc,age      ] GC(72) - age  11:        640 bytes,    7969320 total
[2024-10-15T06:52:50.434+0000][125][trace][gc,age      ] GC(72) - age  12:       3144 bytes,    7972464 total
[2024-10-15T06:52:50.434+0000][125][trace][gc,age      ] GC(72) - age  13:       1016 bytes,    7973480 total
[2024-10-15T06:52:50.434+0000][125][trace][gc,age      ] GC(72) - age  14:    1052688 bytes,    9026168 total
[2024-10-15T06:52:50.434+0000][125][trace][gc,age      ] GC(72) - age  15:        696 bytes,    9026864 total
[2024-10-15T06:52:50.435+0000][125][info ][gc,heap     ] GC(72) Eden regions: 812->0(818)
[2024-10-15T06:52:50.435+0000][125][info ][gc,heap     ] GC(72) Survivor regions: 9->3(103)
[2024-10-15T06:52:50.435+0000][125][info ][gc,heap     ] GC(72) Old regions: 38->38
[2024-10-15T06:52:50.435+0000][125][info ][gc,heap     ] GC(72) Humongous regions: 2->2
[2024-10-15T06:52:50.435+0000][125][info ][gc,metaspace] GC(72) Metaspace: 156853K(163008K)->156853K(163008K) NonClass: 135845K(139392K)->135845K(139392K) Class: 21007K(23616K)->21007K(23616K)
[2024-10-15T06:52:50.435+0000][125][info ][gc          ] GC(72) Pause Young (Normal) (G1 Evacuation Pause) 3441M->168M(5476M) 22.295ms
[2024-10-15T06:52:50.436+0000][125][info ][gc,cpu      ] GC(72) User=0.06s Sys=0.00s Real=0.02s
[2024-10-15T06:52:50.436+0000][125][info ][safepoint   ] Safepoint "G1CollectForAllocation", Time since last: 9916112515 ns, Reaching safepoint: 1324695 ns, Cleanup: 14472 ns, At safepoint: 22562116 ns, Total: 23901283 ns
[2024-10-15T06:52:52.150+0000][125][info ][safepoint   ] Safepoint "Cleanup", Time since last: 1713795681 ns, Reaching safepoint: 646488 ns, Cleanup: 20321 ns, At safepoint: 147925 ns, Total: 814734 ns
[2024-10-15T06:52:52.763+0000][125][info ][gc,start    ] GC(73) Pause Young (Normal) (G1 Evacuation Pause)
[2024-10-15T06:52:52.763+0000][125][info ][gc,task     ] GC(73) Using 4 workers of 4 for evacuation
[2024-10-15T06:52:52.763+0000][125][debug][gc,age      ] GC(73) Desired survivor size 216006656 bytes, new threshold 15 (max threshold 15)
[2024-10-15T06:52:52.791+0000][125][info ][gc,phases   ] GC(73)   Pre Evacuate Collection Set: 0.54ms
[2024-10-15T06:52:52.791+0000][125][info ][gc,phases   ] GC(73)   Merge Heap Roots: 0.73ms
[2024-10-15T06:52:52.791+0000][125][info ][gc,phases   ] GC(73)   Evacuate Collection Set: 23.97ms
[2024-10-15T06:52:52.791+0000][125][info ][gc,phases   ] GC(73)   Post Evacuate Collection Set: 2.28ms
[2024-10-15T06:52:52.791+0000][125][info ][gc,phases   ] GC(73)   Other: 0.16ms
[2024-10-15T06:52:52.791+0000][125][trace][gc,age      ] GC(73) Age table with threshold 15 (max threshold 15)
[2024-10-15T06:52:52.791+0000][125][trace][gc,age      ] GC(73) - age   1:    5364480 bytes,    5364480 total
[2024-10-15T06:52:52.791+0000][125][trace][gc,age      ] GC(73) - age   2:    2352728 bytes,    7717208 total
[2024-10-15T06:52:52.791+0000][125][trace][gc,age      ] GC(73) - age   3:    1055432 bytes,    8772640 total
[2024-10-15T06:52:52.791+0000][125][trace][gc,age      ] GC(73) - age   4:      16208 bytes,    8788848 total
[2024-10-15T06:52:52.791+0000][125][trace][gc,age      ] GC(73) - age   5:      16144 bytes,    8804992 total
[2024-10-15T06:52:52.791+0000][125][trace][gc,age      ] GC(73) - age   6:        632 bytes,    8805624 total
[2024-10-15T06:52:52.791+0000][125][trace][gc,age      ] GC(73) - age   7:       2408 bytes,    8808032 total
[2024-10-15T06:52:52.791+0000][125][trace][gc,age      ] GC(73) - age   8:       4080 bytes,    8812112 total
[2024-10-15T06:52:52.791+0000][125][trace][gc,age      ] GC(73) - age   9:      50792 bytes,    8862904 total
[2024-10-15T06:52:52.791+0000][125][trace][gc,age      ] GC(73) - age  10:       3968 bytes,    8866872 total
[2024-10-15T06:52:52.791+0000][125][trace][gc,age      ] GC(73) - age  11:       4008 bytes,    8870880 total
[2024-10-15T06:52:52.791+0000][125][trace][gc,age      ] GC(73) - age  12:        640 bytes,    8871520 total
[2024-10-15T06:52:52.791+0000][125][trace][gc,age      ] GC(73) - age  13:       3144 bytes,    8874664 total
[2024-10-15T06:52:52.791+0000][125][trace][gc,age      ] GC(73) - age  14:       1016 bytes,    8875680 total
[2024-10-15T06:52:52.791+0000][125][trace][gc,age      ] GC(73) - age  15:    1052688 bytes,    9928368 total
[2024-10-15T06:52:52.791+0000][125][info ][gc,heap     ] GC(73) Eden regions: 818->0(817)
[2024-10-15T06:52:52.791+0000][125][info ][gc,heap     ] GC(73) Survivor regions: 3->4(103)
[2024-10-15T06:52:52.791+0000][125][info ][gc,heap     ] GC(73) Old regions: 38->38
[2024-10-15T06:52:52.791+0000][125][info ][gc,heap     ] GC(73) Humongous regions: 2->2
[2024-10-15T06:52:52.791+0000][125][info ][gc,metaspace] GC(73) Metaspace: 156853K(163008K)->156853K(163008K) NonClass: 135845K(139392K)->135845K(139392K) Class: 21007K(23616K)->21007K(23616K)
[2024-10-15T06:52:52.791+0000][125][info ][gc          ] GC(73) Pause Young (Normal) (G1 Evacuation Pause) 3440M->171M(5476M) 28.062ms
[2024-10-15T06:52:52.791+0000][125][info ][gc,cpu      ] GC(73) User=0.10s Sys=0.00s Real=0.03s
[2024-10-15T06:52:52.791+0000][125][info ][safepoint   ] Safepoint "G1CollectForAllocation", Time since last: 611861880 ns, Reaching safepoint: 740076 ns, Cleanup: 28430 ns, At safepoint: 28355502 ns, Total: 29124008 ns
[2024-10-15T06:52:53.834+0000][125][info ][safepoint   ] Safepoint "Cleanup", Time since last: 1043002256 ns, Reaching safepoint: 1544636 ns, Cleanup: 19402 ns, At safepoint: 83493 ns, Total: 1647531 ns
[2024-10-15T06:52:54.759+0000][125][info ][gc,start    ] GC(74) Pause Young (Normal) (G1 Evacuation Pause)
[2024-10-15T06:52:54.759+0000][125][info ][gc,task     ] GC(74) Using 4 workers of 4 for evacuation
[2024-10-15T06:52:54.759+0000][125][debug][gc,age      ] GC(74) Desired survivor size 216006656 bytes, new threshold 15 (max threshold 15)
[2024-10-15T06:52:54.777+0000][125][info ][gc,phases   ] GC(74)   Pre Evacuate Collection Set: 0.66ms
[2024-10-15T06:52:54.777+0000][125][info ][gc,phases   ] GC(74)   Merge Heap Roots: 0.26ms
[2024-10-15T06:52:54.777+0000][125][info ][gc,phases   ] GC(74)   Evacuate Collection Set: 14.41ms
[2024-10-15T06:52:54.777+0000][125][info ][gc,phases   ] GC(74)   Post Evacuate Collection Set: 2.71ms
[2024-10-15T06:52:54.777+0000][125][info ][gc,phases   ] GC(74)   Other: 0.17ms
[2024-10-15T06:52:54.777+0000][125][trace][gc,age      ] GC(74) Age table with threshold 15 (max threshold 15)
[2024-10-15T06:52:54.777+0000][125][trace][gc,age      ] GC(74) - age   1:    6850256 bytes,    6850256 total
[2024-10-15T06:52:54.777+0000][125][trace][gc,age      ] GC(74) - age   2:     250120 bytes,    7100376 total
[2024-10-15T06:52:54.777+0000][125][trace][gc,age      ] GC(74) - age   3:    2328832 bytes,    9429208 total
[2024-10-15T06:52:54.777+0000][125][trace][gc,age      ] GC(74) - age   4:    1055432 bytes,   10484640 total
[2024-10-15T06:52:54.777+0000][125][trace][gc,age      ] GC(74) - age   5:      16208 bytes,   10500848 total
[2024-10-15T06:52:54.777+0000][125][trace][gc,age      ] GC(74) - age   6:      16144 bytes,   10516992 total
[2024-10-15T06:52:54.777+0000][125][trace][gc,age      ] GC(74) - age   7:        632 bytes,   10517624 total
[2024-10-15T06:52:54.777+0000][125][trace][gc,age      ] GC(74) - age   8:       2408 bytes,   10520032 total
[2024-10-15T06:52:54.777+0000][125][trace][gc,age      ] GC(74) - age   9:       4080 bytes,   10524112 total
[2024-10-15T06:52:54.777+0000][125][trace][gc,age      ] GC(74) - age  10:      50792 bytes,   10574904 total
[2024-10-15T06:52:54.777+0000][125][trace][gc,age      ] GC(74) - age  11:       3968 bytes,   10578872 total
[2024-10-15T06:52:54.777+0000][125][trace][gc,age      ] GC(74) - age  12:       4008 bytes,   10582880 total
[2024-10-15T06:52:54.777+0000][125][trace][gc,age      ] GC(74) - age  13:        640 bytes,   10583520 total
[2024-10-15T06:52:54.777+0000][125][trace][gc,age      ] GC(74) - age  14:       3144 bytes,   10586664 total
[2024-10-15T06:52:54.777+0000][125][trace][gc,age      ] GC(74) - age  15:       1016 bytes,   10587680 total
[2024-10-15T06:52:54.777+0000][125][info ][gc,heap     ] GC(74) Eden regions: 817->0(818)
[2024-10-15T06:52:54.777+0000][125][info ][gc,heap     ] GC(74) Survivor regions: 4->3(103)
[2024-10-15T06:52:54.777+0000][125][info ][gc,heap     ] GC(74) Old regions: 38->38
[2024-10-15T06:52:54.777+0000][125][info ][gc,heap     ] GC(74) Humongous regions: 2->2
[2024-10-15T06:52:54.777+0000][125][info ][gc,metaspace] GC(74) Metaspace: 156861K(163008K)->156861K(163008K) NonClass: 135853K(139392K)->135853K(139392K) Class: 21007K(23616K)->21007K(23616K)
[2024-10-15T06:52:54.777+0000][125][info ][gc          ] GC(74) Pause Young (Normal) (G1 Evacuation Pause) 3439M->171M(5476M) 18.551ms
[2024-10-15T06:52:54.777+0000][125][info ][gc,cpu      ] GC(74) User=0.06s Sys=0.00s Real=0.02s
[2024-10-15T06:52:54.783+0000][125][info ][safepoint   ] Safepoint "G1CollectForAllocation", Time since last: 923321103 ns, Reaching safepoint: 816170 ns, Cleanup: 6930 ns, At safepoint: 24021023 ns, Total: 24844123 ns
[2024-10-15T06:52:56.712+0000][125][info ][safepoint   ] Safepoint "Cleanup", Time since last: 1929141359 ns, Reaching safepoint: 16265 ns, Cleanup: 19625 ns, At safepoint: 6914 ns, Total: 42804 ns
[2024-10-15T06:52:58.109+0000][125][info ][safepoint   ] Safepoint "Cleanup", Time since last: 1396982300 ns, Reaching safepoint: 29754 ns, Cleanup: 19569 ns, At safepoint: 17183 ns, Total: 66506 ns
[2024-10-15T06:52:59.969+0000][125][info ][safepoint   ] Safepoint "Cleanup", Time since last: 1859704299 ns, Reaching safepoint: 83403 ns, Cleanup: 18517 ns, At safepoint: 14902 ns, Total: 116822 ns
[2024-10-15T06:53:11.277+0000][125][info ][safepoint   ] Safepoint "Cleanup", Time since last: 11308745945 ns, Reaching safepoint: 30085 ns, Cleanup: 16164 ns, At safepoint: 12307 ns, Total: 58556 ns
[2024-10-15T06:53:12.282+0000][125][info ][safepoint   ] Safepoint "Cleanup", Time since last: 1004669201 ns, Reaching safepoint: 28817 ns, Cleanup: 14358 ns, At safepoint: 13964 ns, Total: 57139 ns
[2024-10-15T06:53:15.381+0000][125][info ][safepoint   ] Safepoint "Cleanup", Time since last: 3099097624 ns, Reaching safepoint: 84166 ns, Cleanup: 14565 ns, At safepoint: 19754 ns, Total: 118485 ns
[2024-10-15T06:53:38.709+0000][125][info ][safepoint   ] Safepoint "Cleanup", Time since last: 23261731254 ns, Reaching safepoint: 33379 ns, Cleanup: 56037 ns, At safepoint: 199569 ns, Total: 288985 ns
[2024-10-15T06:53:40.042+0000][125][info ][safepoint   ] Safepoint "Cleanup", Time since last: 1332791633 ns, Reaching safepoint: 7430 ns, Cleanup: 12923 ns, At safepoint: 5446 ns, Total: 25799 ns
[2024-10-15T06:53:52.066+0000][125][info ][safepoint   ] Safepoint "Cleanup", Time since last: 12024253128 ns, Reaching safepoint: 55119 ns, Cleanup: 15831 ns, At safepoint: 11721 ns, Total: 82671 ns
[2024-10-15T06:54:00.774+0000][125][info ][safepoint   ] Safepoint "Cleanup", Time since last: 8708897081 ns, Reaching safepoint: 8262 ns, Cleanup: 9549 ns, At safepoint: 5024 ns, Total: 22835 ns
[2024-10-15T06:54:03.240+0000][125][info ][safepoint   ] Safepoint "Cleanup", Time since last: 2461192567 ns, Reaching safepoint: 2194193 ns, Cleanup: 123948 ns, At safepoint: 1629489 ns, Total: 3947630 ns
[2024-10-15T06:54:04.243+0000][125][info ][safepoint   ] Safepoint "Cleanup", Time since last: 1003024039 ns, Reaching safepoint: 20135 ns, Cleanup: 26478 ns, At safepoint: 11934 ns, Total: 58547 ns
[2024-10-15T06:54:07.245+0000][125][info ][safepoint   ] Safepoint "Cleanup", Time since last: 3002561167 ns, Reaching safepoint: 25297 ns, Cleanup: 58245 ns, At safepoint: 12706 ns, Total: 96248 ns
[2024-10-15T06:54:08.926+0000][125][info ][safepoint   ] Safepoint "Cleanup", Time since last: 1680157923 ns, Reaching safepoint: 25062 ns, Cleanup: 12440 ns, At safepoint: 11446 ns, Total: 48948 ns
[2024-10-15T06:54:13.026+0000][125][info ][gc,start    ] GC(75) Pause Young (Normal) (G1 Evacuation Pause)
[2024-10-15T06:54:13.027+0000][125][info ][gc,task     ] GC(75) Using 4 workers of 4 for evacuation
[2024-10-15T06:54:13.027+0000][125][debug][gc,age      ] GC(75) Desired survivor size 216006656 bytes, new threshold 15 (max threshold 15)
[2024-10-15T06:54:13.038+0000][125][info ][gc,phases   ] GC(75)   Pre Evacuate Collection Set: 0.91ms
[2024-10-15T06:54:13.038+0000][125][info ][gc,phases   ] GC(75)   Merge Heap Roots: 0.48ms
[2024-10-15T06:54:13.038+0000][125][info ][gc,phases   ] GC(75)   Evacuate Collection Set: 7.90ms
[2024-10-15T06:54:13.038+0000][125][info ][gc,phases   ] GC(75)   Post Evacuate Collection Set: 2.36ms
[2024-10-15T06:54:13.038+0000][125][info ][gc,phases   ] GC(75)   Other: 0.14ms
[2024-10-15T06:54:13.038+0000][125][trace][gc,age      ] GC(75) Age table with threshold 15 (max threshold 15)
[2024-10-15T06:54:13.038+0000][125][trace][gc,age      ] GC(75) - age   1:    5426632 bytes,    5426632 total
[2024-10-15T06:54:13.038+0000][125][trace][gc,age      ] GC(75) - age   2:        632 bytes,    5427264 total
[2024-10-15T06:54:13.038+0000][125][trace][gc,age      ] GC(75) - age   3:        808 bytes,    5428072 total
[2024-10-15T06:54:13.038+0000][125][trace][gc,age      ] GC(75) - age   4:     881432 bytes,    6309504 total
[2024-10-15T06:54:13.038+0000][125][trace][gc,age      ] GC(75) - age   5:    1055392 bytes,    7364896 total
[2024-10-15T06:54:13.038+0000][125][trace][gc,age      ] GC(75) - age   6:      16128 bytes,    7381024 total
[2024-10-15T06:54:13.038+0000][125][trace][gc,age      ] GC(75) - age   7:      16144 bytes,    7397168 total
[2024-10-15T06:54:13.038+0000][125][trace][gc,age      ] GC(75) - age   8:        632 bytes,    7397800 total
[2024-10-15T06:54:13.038+0000][125][trace][gc,age      ] GC(75) - age   9:       2328 bytes,    7400128 total
[2024-10-15T06:54:13.038+0000][125][trace][gc,age      ] GC(75) - age  10:       4080 bytes,    7404208 total
[2024-10-15T06:54:13.038+0000][125][trace][gc,age      ] GC(75) - age  11:      50728 bytes,    7454936 total
[2024-10-15T06:54:13.038+0000][125][trace][gc,age      ] GC(75) - age  12:       3968 bytes,    7458904 total
[2024-10-15T06:54:13.038+0000][125][trace][gc,age      ] GC(75) - age  13:       3968 bytes,    7462872 total
[2024-10-15T06:54:13.038+0000][125][trace][gc,age      ] GC(75) - age  14:        640 bytes,    7463512 total
[2024-10-15T06:54:13.039+0000][125][trace][gc,age      ] GC(75) - age  15:       3144 bytes,    7466656 total
[2024-10-15T06:54:13.039+0000][125][info ][gc,heap     ] GC(75) Eden regions: 818->0(818)
[2024-10-15T06:54:13.039+0000][125][info ][gc,heap     ] GC(75) Survivor regions: 3->3(103)
[2024-10-15T06:54:13.039+0000][125][info ][gc,heap     ] GC(75) Old regions: 38->38
[2024-10-15T06:54:13.039+0000][125][info ][gc,heap     ] GC(75) Humongous regions: 2->2
[2024-10-15T06:54:13.039+0000][125][info ][gc,metaspace] GC(75) Metaspace: 156918K(163008K)->156918K(163008K) NonClass: 135910K(139392K)->135910K(139392K) Class: 21008K(23616K)->21008K(23616K)
[2024-10-15T06:54:13.039+0000][125][info ][gc          ] GC(75) Pause Young (Normal) (G1 Evacuation Pause) 3443M->168M(5476M) 12.072ms
[2024-10-15T06:54:13.039+0000][125][info ][gc,cpu      ] GC(75) User=0.03s Sys=0.00s Real=0.01s
[2024-10-15T06:54:13.039+0000][125][info ][safepoint   ] Safepoint "G1CollectForAllocation", Time since last: 4100228709 ns, Reaching safepoint: 697640 ns, Cleanup: 20067 ns, At safepoint: 12304750 ns, Total: 13022457 ns
[2024-10-15T06:54:14.348+0000][125][info ][safepoint   ] Safepoint "Cleanup", Time since last: 1307488248 ns, Reaching safepoint: 991621 ns, Cleanup: 13071 ns, At safepoint: 1031373 ns, Total: 2036065 ns
[2024-10-15T06:54:14.889+0000][125][info ][gc,start    ] GC(76) Pause Young (Normal) (G1 Evacuation Pause)
[2024-10-15T06:54:14.890+0000][125][info ][gc,task     ] GC(76) Using 4 workers of 4 for evacuation
[2024-10-15T06:54:14.890+0000][125][debug][gc,age      ] GC(76) Desired survivor size 216006656 bytes, new threshold 15 (max threshold 15)
[2024-10-15T06:54:14.901+0000][125][info ][gc,phases   ] GC(76)   Pre Evacuate Collection Set: 0.74ms
[2024-10-15T06:54:14.901+0000][125][info ][gc,phases   ] GC(76)   Merge Heap Roots: 0.33ms
[2024-10-15T06:54:14.902+0000][125][info ][gc,phases   ] GC(76)   Evacuate Collection Set: 7.13ms
[2024-10-15T06:54:14.902+0000][125][info ][gc,phases   ] GC(76)   Post Evacuate Collection Set: 3.14ms
[2024-10-15T06:54:14.902+0000][125][info ][gc,phases   ] GC(76)   Other: 0.24ms
[2024-10-15T06:54:14.902+0000][125][trace][gc,age      ] GC(76) Age table with threshold 15 (max threshold 15)
[2024-10-15T06:54:14.902+0000][125][trace][gc,age      ] GC(76) - age   1:    4404592 bytes,    4404592 total
[2024-10-15T06:54:14.902+0000][125][trace][gc,age      ] GC(76) - age   2:    1311120 bytes,    5715712 total
[2024-10-15T06:54:14.902+0000][125][trace][gc,age      ] GC(76) - age   3:        432 bytes,    5716144 total
[2024-10-15T06:54:14.902+0000][125][trace][gc,age      ] GC(76) - age   4:        568 bytes,    5716712 total
[2024-10-15T06:54:14.902+0000][125][trace][gc,age      ] GC(76) - age   5:     880792 bytes,    6597504 total
[2024-10-15T06:54:14.902+0000][125][trace][gc,age      ] GC(76) - age   6:    1055392 bytes,    7652896 total
[2024-10-15T06:54:14.902+0000][125][trace][gc,age      ] GC(76) - age   7:      16128 bytes,    7669024 total
[2024-10-15T06:54:14.902+0000][125][trace][gc,age      ] GC(76) - age   8:      16144 bytes,    7685168 total
[2024-10-15T06:54:14.902+0000][125][trace][gc,age      ] GC(76) - age   9:        632 bytes,    7685800 total
[2024-10-15T06:54:14.902+0000][125][trace][gc,age      ] GC(76) - age  10:       2328 bytes,    7688128 total
[2024-10-15T06:54:14.902+0000][125][trace][gc,age      ] GC(76) - age  11:       4080 bytes,    7692208 total
[2024-10-15T06:54:14.902+0000][125][trace][gc,age      ] GC(76) - age  12:      50728 bytes,    7742936 total
[2024-10-15T06:54:14.902+0000][125][trace][gc,age      ] GC(76) - age  13:       3968 bytes,    7746904 total
[2024-10-15T06:54:14.902+0000][125][trace][gc,age      ] GC(76) - age  14:       3968 bytes,    7750872 total
[2024-10-15T06:54:14.902+0000][125][trace][gc,age      ] GC(76) - age  15:        640 bytes,    7751512 total
[2024-10-15T06:54:14.902+0000][125][info ][gc,heap     ] GC(76) Eden regions: 818->0(818)
[2024-10-15T06:54:14.902+0000][125][info ][gc,heap     ] GC(76) Survivor regions: 3->3(103)
[2024-10-15T06:54:14.902+0000][125][info ][gc,heap     ] GC(76) Old regions: 38->38
[2024-10-15T06:54:14.902+0000][125][info ][gc,heap     ] GC(76) Humongous regions: 2->2
[2024-10-15T06:54:14.902+0000][125][info ][gc,metaspace] GC(76) Metaspace: 156920K(163008K)->156920K(163008K) NonClass: 135911K(139392K)->135911K(139392K) Class: 21008K(23616K)->21008K(23616K)
[2024-10-15T06:54:14.903+0000][125][info ][gc          ] GC(76) Pause Young (Normal) (G1 Evacuation Pause) 3440M->168M(5476M) 13.234ms
[2024-10-15T06:54:14.903+0000][125][info ][gc,cpu      ] GC(76) User=0.03s Sys=0.01s Real=0.01s
[2024-10-15T06:54:14.904+0000][125][info ][safepoint   ] Safepoint "G1CollectForAllocation", Time since last: 540871438 ns, Reaching safepoint: 233696 ns, Cleanup: 7169 ns, At safepoint: 14213831 ns, Total: 14454696 ns
[2024-10-15T06:54:16.340+0000][125][info ][safepoint   ] Safepoint "Cleanup", Time since last: 1432588550 ns, Reaching safepoint: 1040065 ns, Cleanup: 13389 ns, At safepoint: 3194940 ns, Total: 4248394 ns
[2024-10-15T06:54:17.199+0000][125][info ][gc,start    ] GC(77) Pause Young (Normal) (G1 Evacuation Pause)
[2024-10-15T06:54:17.200+0000][125][info ][gc,task     ] GC(77) Using 4 workers of 4 for evacuation
[2024-10-15T06:54:17.200+0000][125][debug][gc,age      ] GC(77) Desired survivor size 216006656 bytes, new threshold 15 (max threshold 15)
[2024-10-15T06:54:17.212+0000][125][info ][gc,phases   ] GC(77)   Pre Evacuate Collection Set: 0.78ms
[2024-10-15T06:54:17.212+0000][125][info ][gc,phases   ] GC(77)   Merge Heap Roots: 0.49ms
[2024-10-15T06:54:17.212+0000][125][info ][gc,phases   ] GC(77)   Evacuate Collection Set: 8.68ms
[2024-10-15T06:54:17.212+0000][125][info ][gc,phases   ] GC(77)   Post Evacuate Collection Set: 2.20ms
[2024-10-15T06:54:17.212+0000][125][info ][gc,phases   ] GC(77)   Other: 0.18ms
[2024-10-15T06:54:17.212+0000][125][trace][gc,age      ] GC(77) Age table with threshold 15 (max threshold 15)
[2024-10-15T06:54:17.212+0000][125][trace][gc,age      ] GC(77) - age   1:    8467088 bytes,    8467088 total
[2024-10-15T06:54:17.212+0000][125][trace][gc,age      ] GC(77) - age   2:     207032 bytes,    8674120 total
[2024-10-15T06:54:17.212+0000][125][trace][gc,age      ] GC(77) - age   3:    1243136 bytes,    9917256 total
[2024-10-15T06:54:17.212+0000][125][trace][gc,age      ] GC(77) - age   4:        392 bytes,    9917648 total
[2024-10-15T06:54:17.212+0000][125][trace][gc,age      ] GC(77) - age   5:        568 bytes,    9918216 total
[2024-10-15T06:54:17.212+0000][125][trace][gc,age      ] GC(77) - age   6:     880792 bytes,   10799008 total
[2024-10-15T06:54:17.212+0000][125][trace][gc,age      ] GC(77) - age   7:    1055392 bytes,   11854400 total
[2024-10-15T06:54:17.212+0000][125][trace][gc,age      ] GC(77) - age   8:      16128 bytes,   11870528 total
[2024-10-15T06:54:17.212+0000][125][trace][gc,age      ] GC(77) - age   9:      16144 bytes,   11886672 total
[2024-10-15T06:54:17.212+0000][125][trace][gc,age      ] GC(77) - age  10:        632 bytes,   11887304 total
[2024-10-15T06:54:17.212+0000][125][trace][gc,age      ] GC(77) - age  11:       2328 bytes,   11889632 total
[2024-10-15T06:54:17.212+0000][125][trace][gc,age      ] GC(77) - age  12:       4080 bytes,   11893712 total
[2024-10-15T06:54:17.212+0000][125][trace][gc,age      ] GC(77) - age  13:      50728 bytes,   11944440 total
[2024-10-15T06:54:17.212+0000][125][trace][gc,age      ] GC(77) - age  14:       3968 bytes,   11948408 total
[2024-10-15T06:54:17.212+0000][125][trace][gc,age      ] GC(77) - age  15:       3968 bytes,   11952376 total
[2024-10-15T06:54:17.212+0000][125][info ][gc,heap     ] GC(77) Eden regions: 818->0(818)
[2024-10-15T06:54:17.212+0000][125][info ][gc,heap     ] GC(77) Survivor regions: 3->3(103)
[2024-10-15T06:54:17.212+0000][125][info ][gc,heap     ] GC(77) Old regions: 38->38
[2024-10-15T06:54:17.212+0000][125][info ][gc,heap     ] GC(77) Humongous regions: 2->2
[2024-10-15T06:54:17.212+0000][125][info ][gc,metaspace] GC(77) Metaspace: 156920K(163008K)->156920K(163008K) NonClass: 135912K(139392K)->135912K(139392K) Class: 21008K(23616K)->21008K(23616K)
[2024-10-15T06:54:17.212+0000][125][info ][gc          ] GC(77) Pause Young (Normal) (G1 Evacuation Pause) 3440M->171M(5476M) 12.676ms
[2024-10-15T06:54:17.212+0000][125][info ][gc,cpu      ] GC(77) User=0.04s Sys=0.00s Real=0.01s
[2024-10-15T06:54:17.216+0000][125][info ][safepoint   ] Safepoint "G1CollectForAllocation", Time since last: 857964083 ns, Reaching safepoint: 1002597 ns, Cleanup: 9609 ns, At safepoint: 16071652 ns, Total: 17083858 ns
[2024-10-15T06:54:18.609+0000][125][info ][gc,start    ] GC(78) Pause Young (Normal) (G1 Evacuation Pause)
[2024-10-15T06:54:18.609+0000][125][info ][gc,task     ] GC(78) Using 4 workers of 4 for evacuation
[2024-10-15T06:54:18.610+0000][125][debug][gc,age      ] GC(78) Desired survivor size 216006656 bytes, new threshold 15 (max threshold 15)
[2024-10-15T06:54:18.626+0000][125][info ][gc,phases   ] GC(78)   Pre Evacuate Collection Set: 1.13ms
[2024-10-15T06:54:18.626+0000][125][info ][gc,phases   ] GC(78)   Merge Heap Roots: 0.89ms
[2024-10-15T06:54:18.626+0000][125][info ][gc,phases   ] GC(78)   Evacuate Collection Set: 11.63ms
[2024-10-15T06:54:18.626+0000][125][info ][gc,phases   ] GC(78)   Post Evacuate Collection Set: 2.26ms
[2024-10-15T06:54:18.626+0000][125][info ][gc,phases   ] GC(78)   Other: 0.22ms
[2024-10-15T06:54:18.626+0000][125][trace][gc,age      ] GC(78) Age table with threshold 15 (max threshold 15)
[2024-10-15T06:54:18.626+0000][125][trace][gc,age      ] GC(78) - age   1:    6069448 bytes,    6069448 total
[2024-10-15T06:54:18.626+0000][125][trace][gc,age      ] GC(78) - age   2:    1167752 bytes,    7237200 total
[2024-10-15T06:54:18.626+0000][125][trace][gc,age      ] GC(78) - age   3:      53376 bytes,    7290576 total
[2024-10-15T06:54:18.626+0000][125][trace][gc,age      ] GC(78) - age   4:    1233392 bytes,    8523968 total
[2024-10-15T06:54:18.626+0000][125][trace][gc,age      ] GC(78) - age   5:        392 bytes,    8524360 total
[2024-10-15T06:54:18.626+0000][125][trace][gc,age      ] GC(78) - age   6:        488 bytes,    8524848 total
[2024-10-15T06:54:18.626+0000][125][trace][gc,age      ] GC(78) - age   7:     880600 bytes,    9405448 total
[2024-10-15T06:54:18.626+0000][125][trace][gc,age      ] GC(78) - age   8:    1055392 bytes,   10460840 total
[2024-10-15T06:54:18.626+0000][125][trace][gc,age      ] GC(78) - age   9:      16128 bytes,   10476968 total
[2024-10-15T06:54:18.626+0000][125][trace][gc,age      ] GC(78) - age  10:      16144 bytes,   10493112 total
[2024-10-15T06:54:18.626+0000][125][trace][gc,age      ] GC(78) - age  11:        632 bytes,   10493744 total
[2024-10-15T06:54:18.626+0000][125][trace][gc,age      ] GC(78) - age  12:       2328 bytes,   10496072 total
[2024-10-15T06:54:18.626+0000][125][trace][gc,age      ] GC(78) - age  13:       4080 bytes,   10500152 total
[2024-10-15T06:54:18.626+0000][125][trace][gc,age      ] GC(78) - age  14:      50728 bytes,   10550880 total
[2024-10-15T06:54:18.626+0000][125][trace][gc,age      ] GC(78) - age  15:       3968 bytes,   10554848 total
[2024-10-15T06:54:18.626+0000][125][info ][gc,heap     ] GC(78) Eden regions: 818->0(818)
[2024-10-15T06:54:18.626+0000][125][info ][gc,heap     ] GC(78) Survivor regions: 3->3(103)
[2024-10-15T06:54:18.626+0000][125][info ][gc,heap     ] GC(78) Old regions: 38->38
[2024-10-15T06:54:18.626+0000][125][info ][gc,heap     ] GC(78) Humongous regions: 2->2
[2024-10-15T06:54:18.626+0000][125][info ][gc,metaspace] GC(78) Metaspace: 156920K(163008K)->156920K(163008K) NonClass: 135912K(139392K)->135912K(139392K) Class: 21008K(23616K)->21008K(23616K)
[2024-10-15T06:54:18.626+0000][125][info ][gc          ] GC(78) Pause Young (Normal) (G1 Evacuation Pause) 3443M->170M(5476M) 16.620ms
[2024-10-15T06:54:18.626+0000][125][info ][gc,cpu      ] GC(78) User=0.04s Sys=0.00s Real=0.02s
[2024-10-15T06:54:18.626+0000][125][info ][safepoint   ] Safepoint "G1CollectForAllocation", Time since last: 1393699486 ns, Reaching safepoint: 18249 ns, Cleanup: 86852 ns, At safepoint: 17023092 ns, Total: 17128193 ns
[2024-10-15T06:54:23.686+0000][125][info ][safepoint   ] Safepoint "Cleanup", Time since last: 5057312911 ns, Reaching safepoint: 99650 ns, Cleanup: 62613 ns, At safepoint: 70045 ns, Total: 232308 ns
[2024-10-15T06:54:25.300+0000][125][info ][safepoint   ] Safepoint "Cleanup", Time since last: 1613507350 ns, Reaching safepoint: 7619 ns, Cleanup: 10574 ns, At safepoint: 5946 ns, Total: 24139 ns
[2024-10-15T06:54:52.392+0000][125][info ][safepoint   ] Safepoint "Cleanup", Time since last: 27092158752 ns, Reaching safepoint: 62854 ns, Cleanup: 20296 ns, At safepoint: 11283 ns, Total: 94433 ns
[2024-10-15T06:54:53.393+0000][125][info ][safepoint   ] Safepoint "Cleanup", Time since last: 1000697058 ns, Reaching safepoint: 34612 ns, Cleanup: 21860 ns, At safepoint: 125622 ns, Total: 182094 ns
[2024-10-15T06:54:54.395+0000][125][info ][safepoint   ] Safepoint "Cleanup", Time since last: 1001304432 ns, Reaching safepoint: 28257 ns, Cleanup: 13565 ns, At safepoint: 18098 ns, Total: 59920 ns
[2024-10-15T06:55:02.263+0000][125][info ][safepoint   ] Safepoint "Cleanup", Time since last: 7867133356 ns, Reaching safepoint: 1387979 ns, Cleanup: 13795 ns, At safepoint: 141632 ns, Total: 1543406 ns
[2024-10-15T06:55:03.426+0000][125][info ][gc,start    ] GC(79) Pause Young (Normal) (G1 Evacuation Pause)
[2024-10-15T06:55:03.426+0000][125][info ][gc,task     ] GC(79) Using 4 workers of 4 for evacuation
[2024-10-15T06:55:03.426+0000][125][debug][gc,age      ] GC(79) Desired survivor size 216006656 bytes, new threshold 15 (max threshold 15)
[2024-10-15T06:55:03.449+0000][125][info ][gc,phases   ] GC(79)   Pre Evacuate Collection Set: 0.70ms
[2024-10-15T06:55:03.449+0000][125][info ][gc,phases   ] GC(79)   Merge Heap Roots: 0.54ms
[2024-10-15T06:55:03.449+0000][125][info ][gc,phases   ] GC(79)   Evacuate Collection Set: 9.98ms
[2024-10-15T06:55:03.449+0000][125][info ][gc,phases   ] GC(79)   Post Evacuate Collection Set: 10.81ms
[2024-10-15T06:55:03.449+0000][125][info ][gc,phases   ] GC(79)   Other: 0.30ms
[2024-10-15T06:55:03.449+0000][125][trace][gc,age      ] GC(79) Age table with threshold 15 (max threshold 15)
[2024-10-15T06:55:03.449+0000][125][trace][gc,age      ] GC(79) - age   1:    8729096 bytes,    8729096 total
[2024-10-15T06:55:03.449+0000][125][trace][gc,age      ] GC(79) - age   2:      43224 bytes,    8772320 total
[2024-10-15T06:55:03.449+0000][125][trace][gc,age      ] GC(79) - age   3:    1133928 bytes,    9906248 total
[2024-10-15T06:55:03.449+0000][125][trace][gc,age      ] GC(79) - age   4:       1896 bytes,    9908144 total
[2024-10-15T06:55:03.449+0000][125][trace][gc,age      ] GC(79) - age   5:     838928 bytes,   10747072 total
[2024-10-15T06:55:03.449+0000][125][trace][gc,age      ] GC(79) - age   6:        272 bytes,   10747344 total
[2024-10-15T06:55:03.449+0000][125][trace][gc,age      ] GC(79) - age   7:        448 bytes,   10747792 total
[2024-10-15T06:55:03.449+0000][125][trace][gc,age      ] GC(79) - age   8:     874480 bytes,   11622272 total
[2024-10-15T06:55:03.449+0000][125][trace][gc,age      ] GC(79) - age   9:    1055328 bytes,   12677600 total
[2024-10-15T06:55:03.449+0000][125][trace][gc,age      ] GC(79) - age  10:      16128 bytes,   12693728 total
[2024-10-15T06:55:03.449+0000][125][trace][gc,age      ] GC(79) - age  11:      16144 bytes,   12709872 total
[2024-10-15T06:55:03.449+0000][125][trace][gc,age      ] GC(79) - age  12:        592 bytes,   12710464 total
[2024-10-15T06:55:03.449+0000][125][trace][gc,age      ] GC(79) - age  13:       2328 bytes,   12712792 total
[2024-10-15T06:55:03.449+0000][125][trace][gc,age      ] GC(79) - age  14:       4080 bytes,   12716872 total
[2024-10-15T06:55:03.449+0000][125][trace][gc,age      ] GC(79) - age  15:      50728 bytes,   12767600 total
[2024-10-15T06:55:03.449+0000][125][info ][gc,heap     ] GC(79) Eden regions: 818->0(817)
[2024-10-15T06:55:03.449+0000][125][info ][gc,heap     ] GC(79) Survivor regions: 3->4(103)
[2024-10-15T06:55:03.449+0000][125][info ][gc,heap     ] GC(79) Old regions: 38->38
[2024-10-15T06:55:03.449+0000][125][info ][gc,heap     ] GC(79) Humongous regions: 2->2
[2024-10-15T06:55:03.449+0000][125][info ][gc,metaspace] GC(79) Metaspace: 156923K(163008K)->156923K(163008K) NonClass: 135914K(139392K)->135914K(139392K) Class: 21008K(23616K)->21008K(23616K)
[2024-10-15T06:55:03.449+0000][125][info ][gc          ] GC(79) Pause Young (Normal) (G1 Evacuation Pause) 3442M->173M(5476M) 22.744ms
[2024-10-15T06:55:03.449+0000][125][info ][gc,cpu      ] GC(79) User=0.05s Sys=0.01s Real=0.03s
[2024-10-15T06:55:03.449+0000][125][info ][safepoint   ] Safepoint "G1CollectForAllocation", Time since last: 1162247511 ns, Reaching safepoint: 459670 ns, Cleanup: 9446 ns, At safepoint: 23084439 ns, Total: 23553555 ns
[2024-10-15T06:55:06.472+0000][125][info ][safepoint   ] Safepoint "Cleanup", Time since last: 3018413902 ns, Reaching safepoint: 2997756 ns, Cleanup: 15212 ns, At safepoint: 1619526 ns, Total: 4632494 ns
[2024-10-15T06:55:07.491+0000][125][info ][safepoint   ] Safepoint "Cleanup", Time since last: 1014435595 ns, Reaching safepoint: 341018 ns, Cleanup: 21951 ns, At safepoint: 4063567 ns, Total: 4426536 ns
[2024-10-15T06:55:08.737+0000][125][info ][gc,start    ] GC(80) Pause Young (Normal) (G1 Evacuation Pause)
[2024-10-15T06:55:08.737+0000][125][info ][gc,task     ] GC(80) Using 4 workers of 4 for evacuation
[2024-10-15T06:55:08.737+0000][125][debug][gc,age      ] GC(80) Desired survivor size 216006656 bytes, new threshold 15 (max threshold 15)
[2024-10-15T06:55:08.779+0000][125][info ][gc,phases   ] GC(80)   Pre Evacuate Collection Set: 2.29ms
[2024-10-15T06:55:08.779+0000][125][info ][gc,phases   ] GC(80)   Merge Heap Roots: 0.89ms
[2024-10-15T06:55:08.779+0000][125][info ][gc,phases   ] GC(80)   Evacuate Collection Set: 31.51ms
[2024-10-15T06:55:08.779+0000][125][info ][gc,phases   ] GC(80)   Post Evacuate Collection Set: 7.32ms
[2024-10-15T06:55:08.779+0000][125][info ][gc,phases   ] GC(80)   Other: 0.13ms
[2024-10-15T06:55:08.779+0000][125][trace][gc,age      ] GC(80) Age table with threshold 15 (max threshold 15)
[2024-10-15T06:55:08.779+0000][125][trace][gc,age      ] GC(80) - age   1:    4723024 bytes,    4723024 total
[2024-10-15T06:55:08.779+0000][125][trace][gc,age      ] GC(80) - age   2:     637960 bytes,    5360984 total
[2024-10-15T06:55:08.779+0000][125][trace][gc,age      ] GC(80) - age   3:      42424 bytes,    5403408 total
[2024-10-15T06:55:08.779+0000][125][trace][gc,age      ] GC(80) - age   4:      65616 bytes,    5469024 total
[2024-10-15T06:55:08.779+0000][125][trace][gc,age      ] GC(80) - age   5:       1824 bytes,    5470848 total
[2024-10-15T06:55:08.779+0000][125][trace][gc,age      ] GC(80) - age   6:     814608 bytes,    6285456 total
[2024-10-15T06:55:08.779+0000][125][trace][gc,age      ] GC(80) - age   7:        272 bytes,    6285728 total
[2024-10-15T06:55:08.779+0000][125][trace][gc,age      ] GC(80) - age   8:        168 bytes,    6285896 total
[2024-10-15T06:55:08.779+0000][125][trace][gc,age      ] GC(80) - age   9:     873048 bytes,    7158944 total
[2024-10-15T06:55:08.779+0000][125][trace][gc,age      ] GC(80) - age  10:    1055328 bytes,    8214272 total
[2024-10-15T06:55:08.779+0000][125][trace][gc,age      ] GC(80) - age  11:      16128 bytes,    8230400 total
[2024-10-15T06:55:08.779+0000][125][trace][gc,age      ] GC(80) - age  12:      16144 bytes,    8246544 total
[2024-10-15T06:55:08.779+0000][125][trace][gc,age      ] GC(80) - age  13:        592 bytes,    8247136 total
[2024-10-15T06:55:08.779+0000][125][trace][gc,age      ] GC(80) - age  14:       2328 bytes,    8249464 total
[2024-10-15T06:55:08.779+0000][125][trace][gc,age      ] GC(80) - age  15:       4080 bytes,    8253544 total
[2024-10-15T06:55:08.779+0000][125][info ][gc,heap     ] GC(80) Eden regions: 817->0(818)
[2024-10-15T06:55:08.779+0000][125][info ][gc,heap     ] GC(80) Survivor regions: 4->3(103)
[2024-10-15T06:55:08.779+0000][125][info ][gc,heap     ] GC(80) Old regions: 38->38
[2024-10-15T06:55:08.779+0000][125][info ][gc,heap     ] GC(80) Humongous regions: 2->2
[2024-10-15T06:55:08.779+0000][125][info ][gc,metaspace] GC(80) Metaspace: 156931K(163008K)->156931K(163008K) NonClass: 135923K(139392K)->135923K(139392K) Class: 21008K(23616K)->21008K(23616K)
[2024-10-15T06:55:08.779+0000][125][info ][gc          ] GC(80) Pause Young (Normal) (G1 Evacuation Pause) 3441M->168M(5476M) 42.634ms
[2024-10-15T06:55:08.779+0000][125][info ][gc,cpu      ] GC(80) User=0.06s Sys=0.01s Real=0.05s
[2024-10-15T06:55:08.780+0000][125][info ][safepoint   ] Safepoint "G1CollectForAllocation", Time since last: 1244886372 ns, Reaching safepoint: 751572 ns, Cleanup: 6707 ns, At safepoint: 42788970 ns, Total: 43547249 ns
[2024-10-15T06:55:10.652+0000][125][info ][safepoint   ] Safepoint "Cleanup", Time since last: 1870321015 ns, Reaching safepoint: 1602917 ns, Cleanup: 13561 ns, At safepoint: 155935 ns, Total: 1772413 ns
[2024-10-15T06:55:11.634+0000][125][info ][gc,start    ] GC(81) Pause Young (Normal) (G1 Evacuation Pause)
[2024-10-15T06:55:11.634+0000][125][info ][gc,task     ] GC(81) Using 4 workers of 4 for evacuation
[2024-10-15T06:55:11.634+0000][125][debug][gc,age      ] GC(81) Desired survivor size 216006656 bytes, new threshold 15 (max threshold 15)
[2024-10-15T06:55:11.653+0000][125][info ][gc,phases   ] GC(81)   Pre Evacuate Collection Set: 0.71ms
[2024-10-15T06:55:11.653+0000][125][info ][gc,phases   ] GC(81)   Merge Heap Roots: 0.36ms
[2024-10-15T06:55:11.653+0000][125][info ][gc,phases   ] GC(81)   Evacuate Collection Set: 14.48ms
[2024-10-15T06:55:11.653+0000][125][info ][gc,phases   ] GC(81)   Post Evacuate Collection Set: 2.89ms
[2024-10-15T06:55:11.653+0000][125][info ][gc,phases   ] GC(81)   Other: 0.22ms
[2024-10-15T06:55:11.653+0000][125][trace][gc,age      ] GC(81) Age table with threshold 15 (max threshold 15)
[2024-10-15T06:55:11.653+0000][125][trace][gc,age      ] GC(81) - age   1:    8832608 bytes,    8832608 total
[2024-10-15T06:55:11.653+0000][125][trace][gc,age      ] GC(81) - age   2:     312416 bytes,    9145024 total
[2024-10-15T06:55:11.653+0000][125][trace][gc,age      ] GC(81) - age   3:     567096 bytes,    9712120 total
[2024-10-15T06:55:11.653+0000][125][trace][gc,age      ] GC(81) - age   4:      42368 bytes,    9754488 total
[2024-10-15T06:55:11.653+0000][125][trace][gc,age      ] GC(81) - age   5:       3848 bytes,    9758336 total
[2024-10-15T06:55:11.653+0000][125][trace][gc,age      ] GC(81) - age   6:       1432 bytes,    9759768 total
[2024-10-15T06:55:11.653+0000][125][trace][gc,age      ] GC(81) - age   7:     752208 bytes,   10511976 total
[2024-10-15T06:55:11.653+0000][125][trace][gc,age      ] GC(81) - age   8:        272 bytes,   10512248 total
[2024-10-15T06:55:11.653+0000][125][trace][gc,age      ] GC(81) - age   9:        168 bytes,   10512416 total
[2024-10-15T06:55:11.653+0000][125][trace][gc,age      ] GC(81) - age  10:     860368 bytes,   11372784 total
[2024-10-15T06:55:11.653+0000][125][trace][gc,age      ] GC(81) - age  11:    1055328 bytes,   12428112 total
[2024-10-15T06:55:11.653+0000][125][trace][gc,age      ] GC(81) - age  12:      16128 bytes,   12444240 total
[2024-10-15T06:55:11.653+0000][125][trace][gc,age      ] GC(81) - age  13:      16144 bytes,   12460384 total
[2024-10-15T06:55:11.653+0000][125][trace][gc,age      ] GC(81) - age  14:        592 bytes,   12460976 total
[2024-10-15T06:55:11.653+0000][125][trace][gc,age      ] GC(81) - age  15:       2328 bytes,   12463304 total
[2024-10-15T06:55:11.653+0000][125][info ][gc,heap     ] GC(81) Eden regions: 818->0(817)
[2024-10-15T06:55:11.653+0000][125][info ][gc,heap     ] GC(81) Survivor regions: 3->4(103)
[2024-10-15T06:55:11.653+0000][125][info ][gc,heap     ] GC(81) Old regions: 38->38
[2024-10-15T06:55:11.653+0000][125][info ][gc,heap     ] GC(81) Humongous regions: 2->2
[2024-10-15T06:55:11.653+0000][125][info ][gc,metaspace] GC(81) Metaspace: 156932K(163008K)->156932K(163008K) NonClass: 135924K(139392K)->135924K(139392K) Class: 21008K(23616K)->21008K(23616K)
[2024-10-15T06:55:11.653+0000][125][info ][gc          ] GC(81) Pause Young (Normal) (G1 Evacuation Pause) 3440M->173M(5476M) 18.986ms
[2024-10-15T06:55:11.653+0000][125][info ][gc,cpu      ] GC(81) User=0.05s Sys=0.00s Real=0.02s
[2024-10-15T06:55:11.654+0000][125][info ][safepoint   ] Safepoint "G1CollectForAllocation", Time since last: 982169856 ns, Reaching safepoint: 543559 ns, Cleanup: 5834 ns, At safepoint: 19207615 ns, Total: 19757008 ns
[2024-10-15T06:55:18.461+0000][125][info ][safepoint   ] Safepoint "Cleanup", Time since last: 6807558872 ns, Reaching safepoint: 57843 ns, Cleanup: 16695 ns, At safepoint: 11596 ns, Total: 86134 ns
[2024-10-15T06:55:19.872+0000][125][info ][safepoint   ] Safepoint "Cleanup", Time since last: 1411038750 ns, Reaching safepoint: 18136 ns, Cleanup: 16199 ns, At safepoint: 10332 ns, Total: 44667 ns
[2024-10-15T06:55:24.797+0000][125][info ][safepoint   ] Safepoint "Cleanup", Time since last: 4922971901 ns, Reaching safepoint: 12770 ns, Cleanup: 20532 ns, At safepoint: 7450 ns, Total: 40752 ns
[2024-10-15T06:55:25.929+0000][125][info ][safepoint   ] Safepoint "Cleanup", Time since last: 1131930483 ns, Reaching safepoint: 27235 ns, Cleanup: 13980 ns, At safepoint: 11953 ns, Total: 53168 ns
[2024-10-15T06:55:40.922+0000][125][info ][safepoint   ] Safepoint "Cleanup", Time since last: 14992966419 ns, Reaching safepoint: 27204 ns, Cleanup: 13482 ns, At safepoint: 10991 ns, Total: 51677 ns
[2024-10-15T06:55:43.935+0000][125][info ][safepoint   ] Safepoint "Cleanup", Time since last: 3006463535 ns, Reaching safepoint: 421372 ns, Cleanup: 57059 ns, At safepoint: 6201187 ns, Total: 6679618 ns
[2024-10-15T06:55:44.341+0000][125][info ][gc,start    ] GC(82) Pause Young (Normal) (G1 Evacuation Pause)
[2024-10-15T06:55:44.341+0000][125][info ][gc,task     ] GC(82) Using 4 workers of 4 for evacuation
[2024-10-15T06:55:44.341+0000][125][debug][gc,age      ] GC(82) Desired survivor size 216006656 bytes, new threshold 15 (max threshold 15)
[2024-10-15T06:55:44.353+0000][125][info ][gc,phases   ] GC(82)   Pre Evacuate Collection Set: 0.64ms
[2024-10-15T06:55:44.353+0000][125][info ][gc,phases   ] GC(82)   Merge Heap Roots: 0.47ms
[2024-10-15T06:55:44.353+0000][125][info ][gc,phases   ] GC(82)   Evacuate Collection Set: 7.41ms
[2024-10-15T06:55:44.353+0000][125][info ][gc,phases   ] GC(82)   Post Evacuate Collection Set: 3.24ms
[2024-10-15T06:55:44.353+0000][125][info ][gc,phases   ] GC(82)   Other: 0.15ms
[2024-10-15T06:55:44.353+0000][125][trace][gc,age      ] GC(82) Age table with threshold 15 (max threshold 15)
[2024-10-15T06:55:44.353+0000][125][trace][gc,age      ] GC(82) - age   1:    9282872 bytes,    9282872 total
[2024-10-15T06:55:44.353+0000][125][trace][gc,age      ] GC(82) - age   2:      80088 bytes,    9362960 total
[2024-10-15T06:55:44.353+0000][125][trace][gc,age      ] GC(82) - age   3:     104368 bytes,    9467328 total
[2024-10-15T06:55:44.353+0000][125][trace][gc,age      ] GC(82) - age   4:     129296 bytes,    9596624 total
[2024-10-15T06:55:44.353+0000][125][trace][gc,age      ] GC(82) - age   5:      18576 bytes,    9615200 total
[2024-10-15T06:55:44.353+0000][125][trace][gc,age      ] GC(82) - age   6:       2048 bytes,    9617248 total
[2024-10-15T06:55:44.353+0000][125][trace][gc,age      ] GC(82) - age   7:       1280 bytes,    9618528 total
[2024-10-15T06:55:44.353+0000][125][trace][gc,age      ] GC(82) - age   8:     682432 bytes,   10300960 total
[2024-10-15T06:55:44.353+0000][125][trace][gc,age      ] GC(82) - age   9:        272 bytes,   10301232 total
[2024-10-15T06:55:44.353+0000][125][trace][gc,age      ] GC(82) - age  10:        168 bytes,   10301400 total
[2024-10-15T06:55:44.353+0000][125][trace][gc,age      ] GC(82) - age  11:     845528 bytes,   11146928 total
[2024-10-15T06:55:44.353+0000][125][trace][gc,age      ] GC(82) - age  12:    1055328 bytes,   12202256 total
[2024-10-15T06:55:44.353+0000][125][trace][gc,age      ] GC(82) - age  13:      16128 bytes,   12218384 total
[2024-10-15T06:55:44.353+0000][125][trace][gc,age      ] GC(82) - age  14:      16144 bytes,   12234528 total
[2024-10-15T06:55:44.353+0000][125][trace][gc,age      ] GC(82) - age  15:        592 bytes,   12235120 total
[2024-10-15T06:55:44.353+0000][125][info ][gc,heap     ] GC(82) Eden regions: 817->0(817)
[2024-10-15T06:55:44.353+0000][125][info ][gc,heap     ] GC(82) Survivor regions: 4->4(103)
[2024-10-15T06:55:44.353+0000][125][info ][gc,heap     ] GC(82) Old regions: 38->38
[2024-10-15T06:55:44.353+0000][125][info ][gc,heap     ] GC(82) Humongous regions: 2->2
[2024-10-15T06:55:44.353+0000][125][info ][gc,metaspace] GC(82) Metaspace: 156948K(163008K)->156948K(163008K) NonClass: 135940K(139392K)->135940K(139392K) Class: 21008K(23616K)->21008K(23616K)
[2024-10-15T06:55:44.353+0000][125][info ][gc          ] GC(82) Pause Young (Normal) (G1 Evacuation Pause) 3441M->172M(5476M) 12.226ms
[2024-10-15T06:55:44.353+0000][125][info ][gc,cpu      ] GC(82) User=0.03s Sys=0.00s Real=0.01s
[2024-10-15T06:55:44.357+0000][125][info ][safepoint   ] Safepoint "G1CollectForAllocation", Time since last: 406136235 ns, Reaching safepoint: 220959 ns, Cleanup: 18719 ns, At safepoint: 16268346 ns, Total: 16508024 ns
[2024-10-15T06:55:45.380+0000][125][info ][safepoint   ] Safepoint "Cleanup", Time since last: 1020536871 ns, Reaching safepoint: 1526087 ns, Cleanup: 16337 ns, At safepoint: 90557 ns, Total: 1632981 ns
[2024-10-15T06:55:46.746+0000][125][info ][gc,start    ] GC(83) Pause Young (Normal) (G1 Evacuation Pause)
[2024-10-15T06:55:46.746+0000][125][info ][gc,task     ] GC(83) Using 4 workers of 4 for evacuation
[2024-10-15T06:55:46.746+0000][125][debug][gc,age      ] GC(83) Desired survivor size 216006656 bytes, new threshold 15 (max threshold 15)
[2024-10-15T06:55:46.766+0000][125][info ][gc,phases   ] GC(83)   Pre Evacuate Collection Set: 0.68ms
[2024-10-15T06:55:46.766+0000][125][info ][gc,phases   ] GC(83)   Merge Heap Roots: 0.67ms
[2024-10-15T06:55:46.766+0000][125][info ][gc,phases   ] GC(83)   Evacuate Collection Set: 15.72ms
[2024-10-15T06:55:46.766+0000][125][info ][gc,phases   ] GC(83)   Post Evacuate Collection Set: 2.71ms
[2024-10-15T06:55:46.766+0000][125][info ][gc,phases   ] GC(83)   Other: 0.18ms
[2024-10-15T06:55:46.766+0000][125][trace][gc,age      ] GC(83) Age table with threshold 15 (max threshold 15)
[2024-10-15T06:55:46.766+0000][125][trace][gc,age      ] GC(83) - age   1:    7451968 bytes,    7451968 total
[2024-10-15T06:55:46.766+0000][125][trace][gc,age      ] GC(83) - age   2:    5703560 bytes,   13155528 total
[2024-10-15T06:55:46.766+0000][125][trace][gc,age      ] GC(83) - age   3:      78696 bytes,   13234224 total
[2024-10-15T06:55:46.766+0000][125][trace][gc,age      ] GC(83) - age   4:     104184 bytes,   13338408 total
[2024-10-15T06:55:46.766+0000][125][trace][gc,age      ] GC(83) - age   5:      40872 bytes,   13379280 total
[2024-10-15T06:55:46.766+0000][125][trace][gc,age      ] GC(83) - age   6:      18576 bytes,   13397856 total
[2024-10-15T06:55:46.766+0000][125][trace][gc,age      ] GC(83) - age   7:       2048 bytes,   13399904 total
[2024-10-15T06:55:46.766+0000][125][trace][gc,age      ] GC(83) - age   8:       1280 bytes,   13401184 total
[2024-10-15T06:55:46.766+0000][125][trace][gc,age      ] GC(83) - age   9:     682352 bytes,   14083536 total
[2024-10-15T06:55:46.766+0000][125][trace][gc,age      ] GC(83) - age  10:        272 bytes,   14083808 total
[2024-10-15T06:55:46.766+0000][125][trace][gc,age      ] GC(83) - age  11:        168 bytes,   14083976 total
[2024-10-15T06:55:46.766+0000][125][trace][gc,age      ] GC(83) - age  12:     845424 bytes,   14929400 total
[2024-10-15T06:55:46.766+0000][125][trace][gc,age      ] GC(83) - age  13:    1055328 bytes,   15984728 total
[2024-10-15T06:55:46.766+0000][125][trace][gc,age      ] GC(83) - age  14:      16128 bytes,   16000856 total
[2024-10-15T06:55:46.766+0000][125][trace][gc,age      ] GC(83) - age  15:      16144 bytes,   16017000 total
[2024-10-15T06:55:46.766+0000][125][info ][gc,heap     ] GC(83) Eden regions: 817->0(816)
[2024-10-15T06:55:46.766+0000][125][info ][gc,heap     ] GC(83) Survivor regions: 4->5(103)
[2024-10-15T06:55:46.766+0000][125][info ][gc,heap     ] GC(83) Old regions: 38->39
[2024-10-15T06:55:46.766+0000][125][info ][gc,heap     ] GC(83) Humongous regions: 2->2
[2024-10-15T06:55:46.766+0000][125][info ][gc,metaspace] GC(83) Metaspace: 156948K(163008K)->156948K(163008K) NonClass: 135940K(139392K)->135940K(139392K) Class: 21008K(23616K)->21008K(23616K)
[2024-10-15T06:55:46.766+0000][125][info ][gc          ] GC(83) Pause Young (Normal) (G1 Evacuation Pause) 3440M->176M(5476M) 20.239ms
[2024-10-15T06:55:46.766+0000][125][info ][gc,cpu      ] GC(83) User=0.06s Sys=0.01s Real=0.02s
[2024-10-15T06:55:46.766+0000][125][info ][safepoint   ] Safepoint "G1CollectForAllocation", Time since last: 1365751531 ns, Reaching safepoint: 152868 ns, Cleanup: 78784 ns, At safepoint: 20442469 ns, Total: 20674121 ns
[2024-10-15T06:55:48.027+0000][125][info ][safepoint   ] Safepoint "Cleanup", Time since last: 1259678825 ns, Reaching safepoint: 697741 ns, Cleanup: 90082 ns, At safepoint: 236238 ns, Total: 1024061 ns
[2024-10-15T06:55:49.328+0000][125][info ][gc,start    ] GC(84) Pause Young (Normal) (G1 Evacuation Pause)
[2024-10-15T06:55:49.329+0000][125][info ][gc,task     ] GC(84) Using 4 workers of 4 for evacuation
[2024-10-15T06:55:49.329+0000][125][debug][gc,age      ] GC(84) Desired survivor size 216006656 bytes, new threshold 15 (max threshold 15)
[2024-10-15T06:55:49.360+0000][125][info ][gc,phases   ] GC(84)   Pre Evacuate Collection Set: 0.52ms
[2024-10-15T06:55:49.360+0000][125][info ][gc,phases   ] GC(84)   Merge Heap Roots: 0.48ms
[2024-10-15T06:55:49.360+0000][125][info ][gc,phases   ] GC(84)   Evacuate Collection Set: 27.08ms
[2024-10-15T06:55:49.360+0000][125][info ][gc,phases   ] GC(84)   Post Evacuate Collection Set: 3.39ms
[2024-10-15T06:55:49.360+0000][125][info ][gc,phases   ] GC(84)   Other: 0.10ms
[2024-10-15T06:55:49.360+0000][125][trace][gc,age      ] GC(84) Age table with threshold 15 (max threshold 15)
[2024-10-15T06:55:49.360+0000][125][trace][gc,age      ] GC(84) - age   1:    7241888 bytes,    7241888 total
[2024-10-15T06:55:49.360+0000][125][trace][gc,age      ] GC(84) - age   2:     212832 bytes,    7454720 total
[2024-10-15T06:55:49.360+0000][125][trace][gc,age      ] GC(84) - age   3:    1831624 bytes,    9286344 total
[2024-10-15T06:55:49.360+0000][125][trace][gc,age      ] GC(84) - age   4:      78616 bytes,    9364960 total
[2024-10-15T06:55:49.360+0000][125][trace][gc,age      ] GC(84) - age   5:     103944 bytes,    9468904 total
[2024-10-15T06:55:49.360+0000][125][trace][gc,age      ] GC(84) - age   6:      40776 bytes,    9509680 total
[2024-10-15T06:55:49.360+0000][125][trace][gc,age      ] GC(84) - age   7:      18576 bytes,    9528256 total
[2024-10-15T06:55:49.360+0000][125][trace][gc,age      ] GC(84) - age   8:       2048 bytes,    9530304 total
[2024-10-15T06:55:49.360+0000][125][trace][gc,age      ] GC(84) - age   9:       1280 bytes,    9531584 total
[2024-10-15T06:55:49.360+0000][125][trace][gc,age      ] GC(84) - age  10:     682312 bytes,   10213896 total
[2024-10-15T06:55:49.360+0000][125][trace][gc,age      ] GC(84) - age  11:        272 bytes,   10214168 total
[2024-10-15T06:55:49.360+0000][125][trace][gc,age      ] GC(84) - age  12:        168 bytes,   10214336 total
[2024-10-15T06:55:49.360+0000][125][trace][gc,age      ] GC(84) - age  13:     845424 bytes,   11059760 total
[2024-10-15T06:55:49.361+0000][125][trace][gc,age      ] GC(84) - age  14:    1055328 bytes,   12115088 total
[2024-10-15T06:55:49.361+0000][125][trace][gc,age      ] GC(84) - age  15:      16128 bytes,   12131216 total
[2024-10-15T06:55:49.361+0000][125][info ][gc,heap     ] GC(84) Eden regions: 816->0(817)
[2024-10-15T06:55:49.361+0000][125][info ][gc,heap     ] GC(84) Survivor regions: 5->4(103)
[2024-10-15T06:55:49.361+0000][125][info ][gc,heap     ] GC(84) Old regions: 39->39
[2024-10-15T06:55:49.361+0000][125][info ][gc,heap     ] GC(84) Humongous regions: 2->2
[2024-10-15T06:55:49.361+0000][125][info ][gc,metaspace] GC(84) Metaspace: 156950K(163008K)->156950K(163008K) NonClass: 135941K(139392K)->135941K(139392K) Class: 21008K(23616K)->21008K(23616K)
[2024-10-15T06:55:49.361+0000][125][info ][gc          ] GC(84) Pause Young (Normal) (G1 Evacuation Pause) 3440M->173M(5476M) 32.151ms
[2024-10-15T06:55:49.361+0000][125][info ][gc,cpu      ] GC(84) User=0.09s Sys=0.01s Real=0.03s
[2024-10-15T06:55:49.361+0000][125][info ][safepoint   ] Safepoint "G1CollectForAllocation", Time since last: 1300829508 ns, Reaching safepoint: 863593 ns, Cleanup: 5863 ns, At safepoint: 32329008 ns, Total: 33198464 ns
[2024-10-15T06:55:50.679+0000][125][info ][safepoint   ] Safepoint "Cleanup", Time since last: 1317063382 ns, Reaching safepoint: 712831 ns, Cleanup: 13796 ns, At safepoint: 147849 ns, Total: 874476 ns
[2024-10-15T06:55:51.926+0000][125][info ][safepoint   ] Safepoint "Cleanup", Time since last: 1246852901 ns, Reaching safepoint: 244789 ns, Cleanup: 22745 ns, At safepoint: 36887 ns, Total: 304421 ns
[2024-10-15T06:55:52.185+0000][125][info ][gc,start    ] GC(85) Pause Young (Normal) (G1 Evacuation Pause)
[2024-10-15T06:55:52.185+0000][125][info ][gc,task     ] GC(85) Using 4 workers of 4 for evacuation
[2024-10-15T06:55:52.185+0000][125][debug][gc,age      ] GC(85) Desired survivor size 216006656 bytes, new threshold 15 (max threshold 15)
[2024-10-15T06:55:52.193+0000][125][info ][gc,phases   ] GC(85)   Pre Evacuate Collection Set: 0.81ms
[2024-10-15T06:55:52.193+0000][125][info ][gc,phases   ] GC(85)   Merge Heap Roots: 0.61ms
[2024-10-15T06:55:52.193+0000][125][info ][gc,phases   ] GC(85)   Evacuate Collection Set: 4.58ms
[2024-10-15T06:55:52.193+0000][125][info ][gc,phases   ] GC(85)   Post Evacuate Collection Set: 2.03ms
[2024-10-15T06:55:52.193+0000][125][info ][gc,phases   ] GC(85)   Other: 0.16ms
[2024-10-15T06:55:52.193+0000][125][trace][gc,age      ] GC(85) Age table with threshold 15 (max threshold 15)
[2024-10-15T06:55:52.193+0000][125][trace][gc,age      ] GC(85) - age   1:    2032976 bytes,    2032976 total
[2024-10-15T06:55:52.193+0000][125][trace][gc,age      ] GC(85) - age   2:     212840 bytes,    2245816 total
[2024-10-15T06:55:52.193+0000][125][trace][gc,age      ] GC(85) - age   3:     210224 bytes,    2456040 total
[2024-10-15T06:55:52.193+0000][125][trace][gc,age      ] GC(85) - age   4:    1734680 bytes,    4190720 total
[2024-10-15T06:55:52.193+0000][125][trace][gc,age      ] GC(85) - age   5:      78616 bytes,    4269336 total
[2024-10-15T06:55:52.193+0000][125][trace][gc,age      ] GC(85) - age   6:     103832 bytes,    4373168 total
[2024-10-15T06:55:52.193+0000][125][trace][gc,age      ] GC(85) - age   7:      38760 bytes,    4411928 total
[2024-10-15T06:55:52.193+0000][125][trace][gc,age      ] GC(85) - age   8:      17968 bytes,    4429896 total
[2024-10-15T06:55:52.193+0000][125][trace][gc,age      ] GC(85) - age   9:       1752 bytes,    4431648 total
[2024-10-15T06:55:52.193+0000][125][trace][gc,age      ] GC(85) - age  10:       1280 bytes,    4432928 total
[2024-10-15T06:55:52.193+0000][125][trace][gc,age      ] GC(85) - age  11:     682000 bytes,    5114928 total
[2024-10-15T06:55:52.193+0000][125][trace][gc,age      ] GC(85) - age  12:        272 bytes,    5115200 total
[2024-10-15T06:55:52.193+0000][125][trace][gc,age      ] GC(85) - age  13:        168 bytes,    5115368 total
[2024-10-15T06:55:52.193+0000][125][trace][gc,age      ] GC(85) - age  14:     845384 bytes,    5960752 total
[2024-10-15T06:55:52.193+0000][125][trace][gc,age      ] GC(85) - age  15:    1055328 bytes,    7016080 total
[2024-10-15T06:55:52.193+0000][125][info ][gc,heap     ] GC(85) Eden regions: 817->0(818)
[2024-10-15T06:55:52.193+0000][125][info ][gc,heap     ] GC(85) Survivor regions: 4->3(103)
[2024-10-15T06:55:52.193+0000][125][info ][gc,heap     ] GC(85) Old regions: 39->39
[2024-10-15T06:55:52.193+0000][125][info ][gc,heap     ] GC(85) Humongous regions: 2->2
[2024-10-15T06:55:52.193+0000][125][info ][gc,metaspace] GC(85) Metaspace: 156950K(163008K)->156950K(163008K) NonClass: 135941K(139392K)->135941K(139392K) Class: 21008K(23616K)->21008K(23616K)
[2024-10-15T06:55:52.193+0000][125][info ][gc          ] GC(85) Pause Young (Normal) (G1 Evacuation Pause) 3441M->168M(5476M) 8.455ms
[2024-10-15T06:55:52.193+0000][125][info ][gc,cpu      ] GC(85) User=0.03s Sys=0.00s Real=0.01s
[2024-10-15T06:55:52.193+0000][125][info ][safepoint   ] Safepoint "G1CollectForAllocation", Time since last: 257575614 ns, Reaching safepoint: 1291305 ns, Cleanup: 10047 ns, At safepoint: 8697688 ns, Total: 9999040 ns
[2024-10-15T06:55:53.196+0000][125][info ][safepoint   ] Safepoint "Cleanup", Time since last: 1002754894 ns, Reaching safepoint: 18248 ns, Cleanup: 30807 ns, At safepoint: 10521 ns, Total: 59576 ns
[2024-10-15T06:56:10.471+0000][125][info ][safepoint   ] Safepoint "Cleanup", Time since last: 17273353987 ns, Reaching safepoint: 19952 ns, Cleanup: 11848 ns, At safepoint: 10940 ns, Total: 42740 ns
[2024-10-15T06:56:19.846+0000][125][info ][safepoint   ] Safepoint "Cleanup", Time since last: 9374201461 ns, Reaching safepoint: 649626 ns, Cleanup: 11274 ns, At safepoint: 118082 ns, Total: 778982 ns
[2024-10-15T06:56:28.172+0000][125][info ][safepoint   ] Safepoint "Cleanup", Time since last: 8325247832 ns, Reaching safepoint: 23395 ns, Cleanup: 11492 ns, At safepoint: 11253 ns, Total: 46140 ns
[2024-10-15T06:56:29.599+0000][125][info ][safepoint   ] Safepoint "Cleanup", Time since last: 1426931509 ns, Reaching safepoint: 10726 ns, Cleanup: 11210 ns, At safepoint: 6243 ns, Total: 28179 ns
[2024-10-15T06:56:32.985+0000][125][info ][safepoint   ] Safepoint "Cleanup", Time since last: 3386445443 ns, Reaching safepoint: 22655 ns, Cleanup: 27390 ns, At safepoint: 44004 ns, Total: 94049 ns
[2024-10-15T06:56:36.528+0000][125][info ][safepoint   ] Safepoint "Cleanup", Time since last: 3542709484 ns, Reaching safepoint: 14587 ns, Cleanup: 9303 ns, At safepoint: 117762 ns, Total: 141652 ns
[2024-10-15T06:56:38.363+0000][125][info ][safepoint   ] Safepoint "Cleanup", Time since last: 1834541956 ns, Reaching safepoint: 75359 ns, Cleanup: 83934 ns, At safepoint: 29701 ns, Total: 188994 ns
[2024-10-15T06:56:41.006+0000][125][info ][safepoint   ] Safepoint "Cleanup", Time since last: 2643590502 ns, Reaching safepoint: 36705 ns, Cleanup: 20951 ns, At safepoint: 24346 ns, Total: 82002 ns
[2024-10-15T06:56:42.512+0000][125][info ][safepoint   ] Safepoint "Cleanup", Time since last: 1505335010 ns, Reaching safepoint: 8610 ns, Cleanup: 7338 ns, At safepoint: 4988 ns, Total: 20936 ns
[2024-10-15T06:56:44.402+0000][125][info ][safepoint   ] Safepoint "Cleanup", Time since last: 1890677162 ns, Reaching safepoint: 16847 ns, Cleanup: 42252 ns, At safepoint: 10458 ns, Total: 69557 ns
[2024-10-15T06:56:45.526+0000][125][info ][safepoint   ] Safepoint "Cleanup", Time since last: 1122935389 ns, Reaching safepoint: 19336 ns, Cleanup: 12880 ns, At safepoint: 235931 ns, Total: 268147 ns
[2024-10-15T06:56:47.455+0000][125][info ][safepoint   ] Safepoint "Cleanup", Time since last: 1929695024 ns, Reaching safepoint: 17972 ns, Cleanup: 20981 ns, At safepoint: 9428 ns, Total: 48381 ns
[2024-10-15T06:56:48.456+0000][125][info ][safepoint   ] Safepoint "Cleanup", Time since last: 1000680267 ns, Reaching safepoint: 17854 ns, Cleanup: 12375 ns, At safepoint: 10343 ns, Total: 40572 ns
[2024-10-15T06:56:49.474+0000][125][info ][safepoint   ] Safepoint "Cleanup", Time since last: 1017508420 ns, Reaching safepoint: 7194 ns, Cleanup: 7374 ns, At safepoint: 5557 ns, Total: 20125 ns
[2024-10-15T06:56:52.488+0000][125][info ][safepoint   ] Safepoint "Cleanup", Time since last: 3014366953 ns, Reaching safepoint: 80454 ns, Cleanup: 23436 ns, At safepoint: 14177 ns, Total: 118067 ns
[2024-10-15T06:56:53.491+0000][125][info ][safepoint   ] Safepoint "Cleanup", Time since last: 1001299960 ns, Reaching safepoint: 25208 ns, Cleanup: 15740 ns, At safepoint: 11866 ns, Total: 52814 ns
[2024-10-15T06:56:59.060+0000][125][info ][safepoint   ] Safepoint "Cleanup", Time since last: 5569816652 ns, Reaching safepoint: 20693 ns, Cleanup: 12064 ns, At safepoint: 10588 ns, Total: 43345 ns
[2024-10-15T06:57:11.521+0000][125][info ][safepoint   ] Safepoint "Cleanup", Time since last: 12461024084 ns, Reaching safepoint: 21790 ns, Cleanup: 12513 ns, At safepoint: 11860 ns, Total: 46163 ns
[2024-10-15T06:57:16.109+0000][125][info ][gc,start    ] GC(86) Pause Young (Normal) (G1 Evacuation Pause)
[2024-10-15T06:57:16.109+0000][125][info ][gc,task     ] GC(86) Using 4 workers of 4 for evacuation
[2024-10-15T06:57:16.110+0000][125][debug][gc,age      ] GC(86) Desired survivor size 216006656 bytes, new threshold 15 (max threshold 15)
[2024-10-15T06:57:16.248+0000][125][info ][gc,phases   ] GC(86)   Pre Evacuate Collection Set: 11.98ms
[2024-10-15T06:57:16.248+0000][125][info ][gc,phases   ] GC(86)   Merge Heap Roots: 12.38ms
[2024-10-15T06:57:16.248+0000][125][info ][gc,phases   ] GC(86)   Evacuate Collection Set: 87.13ms
[2024-10-15T06:57:16.248+0000][125][info ][gc,phases   ] GC(86)   Post Evacuate Collection Set: 26.48ms
[2024-10-15T06:57:16.248+0000][125][info ][gc,phases   ] GC(86)   Other: 0.24ms
[2024-10-15T06:57:16.248+0000][125][trace][gc,age      ] GC(86) Age table with threshold 15 (max threshold 15)
[2024-10-15T06:57:16.248+0000][125][trace][gc,age      ] GC(86) - age   1:   12874208 bytes,   12874208 total
[2024-10-15T06:57:16.248+0000][125][trace][gc,age      ] GC(86) - age   2:     115848 bytes,   12990056 total
[2024-10-15T06:57:16.248+0000][125][trace][gc,age      ] GC(86) - age   3:       4104 bytes,   12994160 total
[2024-10-15T06:57:16.248+0000][125][trace][gc,age      ] GC(86) - age   4:       3240 bytes,   12997400 total
[2024-10-15T06:57:16.248+0000][125][trace][gc,age      ] GC(86) - age   5:    1154576 bytes,   14151976 total
[2024-10-15T06:57:16.248+0000][125][trace][gc,age      ] GC(86) - age   6:       3256 bytes,   14155232 total
[2024-10-15T06:57:16.248+0000][125][trace][gc,age      ] GC(86) - age   7:       3376 bytes,   14158608 total
[2024-10-15T06:57:16.248+0000][125][trace][gc,age      ] GC(86) - age   8:       5440 bytes,   14164048 total
[2024-10-15T06:57:16.248+0000][125][trace][gc,age      ] GC(86) - age   9:      17552 bytes,   14181600 total
[2024-10-15T06:57:16.248+0000][125][trace][gc,age      ] GC(86) - age  10:        776 bytes,   14182376 total
[2024-10-15T06:57:16.248+0000][125][trace][gc,age      ] GC(86) - age  11:        888 bytes,   14183264 total
[2024-10-15T06:57:16.248+0000][125][trace][gc,age      ] GC(86) - age  12:     417648 bytes,   14600912 total
[2024-10-15T06:57:16.248+0000][125][trace][gc,age      ] GC(86) - age  13:        128 bytes,   14601040 total
[2024-10-15T06:57:16.248+0000][125][trace][gc,age      ] GC(86) - age  14:        168 bytes,   14601208 total
[2024-10-15T06:57:16.248+0000][125][trace][gc,age      ] GC(86) - age  15:     766056 bytes,   15367264 total
[2024-10-15T06:57:16.248+0000][125][info ][gc,heap     ] GC(86) Eden regions: 818->0(816)
[2024-10-15T06:57:16.248+0000][125][info ][gc,heap     ] GC(86) Survivor regions: 3->5(103)
[2024-10-15T06:57:16.248+0000][125][info ][gc,heap     ] GC(86) Old regions: 39->39
[2024-10-15T06:57:16.248+0000][125][info ][gc,heap     ] GC(86) Humongous regions: 2->2
[2024-10-15T06:57:16.248+0000][125][info ][gc,metaspace] GC(86) Metaspace: 156990K(163008K)->156990K(163008K) NonClass: 135981K(139392K)->135981K(139392K) Class: 21008K(23616K)->21008K(23616K)
[2024-10-15T06:57:16.248+0000][125][info ][gc          ] GC(86) Pause Young (Normal) (G1 Evacuation Pause) 3440M->177M(5476M) 138.847ms
[2024-10-15T06:57:16.248+0000][125][info ][gc,cpu      ] GC(86) User=0.29s Sys=0.03s Real=0.14s
[2024-10-15T06:57:16.260+0000][125][info ][safepoint   ] Safepoint "G1CollectForAllocation", Time since last: 4577831191 ns, Reaching safepoint: 10014165 ns, Cleanup: 11687 ns, At safepoint: 150379938 ns, Total: 160405790 ns
[2024-10-15T06:57:17.739+0000][125][info ][gc,start    ] GC(87) Pause Young (Normal) (G1 Evacuation Pause)
[2024-10-15T06:57:17.740+0000][125][info ][gc,task     ] GC(87) Using 4 workers of 4 for evacuation
[2024-10-15T06:57:17.740+0000][125][debug][gc,age      ] GC(87) Desired survivor size 216006656 bytes, new threshold 15 (max threshold 15)
[2024-10-15T06:57:17.764+0000][125][info ][gc,phases   ] GC(87)   Pre Evacuate Collection Set: 0.78ms
[2024-10-15T06:57:17.764+0000][125][info ][gc,phases   ] GC(87)   Merge Heap Roots: 0.60ms
[2024-10-15T06:57:17.764+0000][125][info ][gc,phases   ] GC(87)   Evacuate Collection Set: 19.17ms
[2024-10-15T06:57:17.764+0000][125][info ][gc,phases   ] GC(87)   Post Evacuate Collection Set: 3.55ms
[2024-10-15T06:57:17.764+0000][125][info ][gc,phases   ] GC(87)   Other: 0.14ms
[2024-10-15T06:57:17.764+0000][125][trace][gc,age      ] GC(87) Age table with threshold 15 (max threshold 15)
[2024-10-15T06:57:17.764+0000][125][trace][gc,age      ] GC(87) - age   1:    7874120 bytes,    7874120 total
[2024-10-15T06:57:17.764+0000][125][trace][gc,age      ] GC(87) - age   2:    9873776 bytes,   17747896 total
[2024-10-15T06:57:17.764+0000][125][trace][gc,age      ] GC(87) - age   3:     115688 bytes,   17863584 total
[2024-10-15T06:57:17.764+0000][125][trace][gc,age      ] GC(87) - age   4:       4104 bytes,   17867688 total
[2024-10-15T06:57:17.764+0000][125][trace][gc,age      ] GC(87) - age   5:       3240 bytes,   17870928 total
[2024-10-15T06:57:17.764+0000][125][trace][gc,age      ] GC(87) - age   6:    1154576 bytes,   19025504 total
[2024-10-15T06:57:17.764+0000][125][trace][gc,age      ] GC(87) - age   7:       3256 bytes,   19028760 total
[2024-10-15T06:57:17.764+0000][125][trace][gc,age      ] GC(87) - age   8:       3376 bytes,   19032136 total
[2024-10-15T06:57:17.764+0000][125][trace][gc,age      ] GC(87) - age   9:       5440 bytes,   19037576 total
[2024-10-15T06:57:17.764+0000][125][trace][gc,age      ] GC(87) - age  10:      17552 bytes,   19055128 total
[2024-10-15T06:57:17.764+0000][125][trace][gc,age      ] GC(87) - age  11:        776 bytes,   19055904 total
[2024-10-15T06:57:17.764+0000][125][trace][gc,age      ] GC(87) - age  12:        888 bytes,   19056792 total
[2024-10-15T06:57:17.764+0000][125][trace][gc,age      ] GC(87) - age  13:     417472 bytes,   19474264 total
[2024-10-15T06:57:17.764+0000][125][trace][gc,age      ] GC(87) - age  14:        128 bytes,   19474392 total
[2024-10-15T06:57:17.764+0000][125][trace][gc,age      ] GC(87) - age  15:        168 bytes,   19474560 total
[2024-10-15T06:57:17.767+0000][125][info ][gc,heap     ] GC(87) Eden regions: 816->0(815)
[2024-10-15T06:57:17.767+0000][125][info ][gc,heap     ] GC(87) Survivor regions: 5->6(103)
[2024-10-15T06:57:17.767+0000][125][info ][gc,heap     ] GC(87) Old regions: 39->39
[2024-10-15T06:57:17.767+0000][125][info ][gc,heap     ] GC(87) Humongous regions: 2->2
[2024-10-15T06:57:17.767+0000][125][info ][gc,metaspace] GC(87) Metaspace: 156990K(163008K)->156990K(163008K) NonClass: 135981K(139392K)->135981K(139392K) Class: 21008K(23616K)->21008K(23616K)
[2024-10-15T06:57:17.767+0000][125][info ][gc          ] GC(87) Pause Young (Normal) (G1 Evacuation Pause) 3441M->183M(5476M) 27.837ms
[2024-10-15T06:57:17.767+0000][125][info ][gc,cpu      ] GC(87) User=0.05s Sys=0.02s Real=0.03s
[2024-10-15T06:57:17.770+0000][125][info ][safepoint   ] Safepoint "G1CollectForAllocation", Time since last: 1479714824 ns, Reaching safepoint: 28793 ns, Cleanup: 8154 ns, At safepoint: 30778350 ns, Total: 30815297 ns
[2024-10-15T06:57:18.783+0000][125][info ][safepoint   ] Safepoint "Cleanup", Time since last: 1003345280 ns, Reaching safepoint: 3786544 ns, Cleanup: 24003 ns, At safepoint: 6074170 ns, Total: 9884717 ns
[2024-10-15T06:57:18.830+0000][125][info ][gc,start    ] GC(88) Pause Young (Normal) (G1 Evacuation Pause)
[2024-10-15T06:57:18.830+0000][125][info ][gc,task     ] GC(88) Using 4 workers of 4 for evacuation
[2024-10-15T06:57:18.830+0000][125][debug][gc,age      ] GC(88) Desired survivor size 216006656 bytes, new threshold 15 (max threshold 15)
[2024-10-15T06:57:18.852+0000][125][info ][gc,phases   ] GC(88)   Pre Evacuate Collection Set: 0.80ms
[2024-10-15T06:57:18.852+0000][125][info ][gc,phases   ] GC(88)   Merge Heap Roots: 0.48ms
[2024-10-15T06:57:18.852+0000][125][info ][gc,phases   ] GC(88)   Evacuate Collection Set: 18.22ms
[2024-10-15T06:57:18.852+0000][125][info ][gc,phases   ] GC(88)   Post Evacuate Collection Set: 1.80ms
[2024-10-15T06:57:18.852+0000][125][info ][gc,phases   ] GC(88)   Other: 0.13ms
[2024-10-15T06:57:18.852+0000][125][trace][gc,age      ] GC(88) Age table with threshold 15 (max threshold 15)
[2024-10-15T06:57:18.852+0000][125][trace][gc,age      ] GC(88) - age   1:    7536464 bytes,    7536464 total
[2024-10-15T06:57:18.852+0000][125][trace][gc,age      ] GC(88) - age   2:    4450640 bytes,   11987104 total
[2024-10-15T06:57:18.852+0000][125][trace][gc,age      ] GC(88) - age   3:    9851304 bytes,   21838408 total
[2024-10-15T06:57:18.852+0000][125][trace][gc,age      ] GC(88) - age   4:     115688 bytes,   21954096 total
[2024-10-15T06:57:18.852+0000][125][trace][gc,age      ] GC(88) - age   5:       4104 bytes,   21958200 total
[2024-10-15T06:57:18.852+0000][125][trace][gc,age      ] GC(88) - age   6:       3200 bytes,   21961400 total
[2024-10-15T06:57:18.852+0000][125][trace][gc,age      ] GC(88) - age   7:    1154496 bytes,   23115896 total
[2024-10-15T06:57:18.852+0000][125][trace][gc,age      ] GC(88) - age   8:       3256 bytes,   23119152 total
[2024-10-15T06:57:18.852+0000][125][trace][gc,age      ] GC(88) - age   9:       3376 bytes,   23122528 total
[2024-10-15T06:57:18.852+0000][125][trace][gc,age      ] GC(88) - age  10:       5440 bytes,   23127968 total
[2024-10-15T06:57:18.852+0000][125][trace][gc,age      ] GC(88) - age  11:      17552 bytes,   23145520 total
[2024-10-15T06:57:18.852+0000][125][trace][gc,age      ] GC(88) - age  12:        776 bytes,   23146296 total
[2024-10-15T06:57:18.852+0000][125][trace][gc,age      ] GC(88) - age  13:        888 bytes,   23147184 total
[2024-10-15T06:57:18.852+0000][125][trace][gc,age      ] GC(88) - age  14:     417472 bytes,   23564656 total
[2024-10-15T06:57:18.852+0000][125][trace][gc,age      ] GC(88) - age  15:        128 bytes,   23564784 total
[2024-10-15T06:57:18.852+0000][125][info ][gc,heap     ] GC(88) Eden regions: 815->0(814)
[2024-10-15T06:57:18.852+0000][125][info ][gc,heap     ] GC(88) Survivor regions: 6->7(103)
[2024-10-15T06:57:18.852+0000][125][info ][gc,heap     ] GC(88) Old regions: 39->39
[2024-10-15T06:57:18.852+0000][125][info ][gc,heap     ] GC(88) Humongous regions: 2->2
[2024-10-15T06:57:18.852+0000][125][info ][gc,metaspace] GC(88) Metaspace: 156990K(163008K)->156990K(163008K) NonClass: 135981K(139392K)->135981K(139392K) Class: 21008K(23616K)->21008K(23616K)
[2024-10-15T06:57:18.852+0000][125][info ][gc          ] GC(88) Pause Young (Normal) (G1 Evacuation Pause) 3443M->186M(5476M) 21.678ms
[2024-10-15T06:57:18.852+0000][125][info ][gc,cpu      ] GC(88) User=0.07s Sys=0.00s Real=0.03s
[2024-10-15T06:57:18.852+0000][125][info ][safepoint   ] Safepoint "G1CollectForAllocation", Time since last: 45232282 ns, Reaching safepoint: 1392036 ns, Cleanup: 5604 ns, At safepoint: 21986338 ns, Total: 23383978 ns
[2024-10-15T06:57:20.285+0000][125][info ][gc,start    ] GC(89) Pause Young (Normal) (G1 Evacuation Pause)
[2024-10-15T06:57:20.285+0000][125][info ][gc,task     ] GC(89) Using 4 workers of 4 for evacuation
[2024-10-15T06:57:20.285+0000][125][debug][gc,age      ] GC(89) Desired survivor size 216006656 bytes, new threshold 15 (max threshold 15)
[2024-10-15T06:57:20.316+0000][125][info ][gc,phases   ] GC(89)   Pre Evacuate Collection Set: 1.35ms
[2024-10-15T06:57:20.316+0000][125][info ][gc,phases   ] GC(89)   Merge Heap Roots: 0.42ms
[2024-10-15T06:57:20.316+0000][125][info ][gc,phases   ] GC(89)   Evacuate Collection Set: 24.19ms
[2024-10-15T06:57:20.316+0000][125][info ][gc,phases   ] GC(89)   Post Evacuate Collection Set: 4.20ms
[2024-10-15T06:57:20.316+0000][125][info ][gc,phases   ] GC(89)   Other: 0.22ms
[2024-10-15T06:57:20.316+0000][125][trace][gc,age      ] GC(89) Age table with threshold 15 (max threshold 15)
[2024-10-15T06:57:20.316+0000][125][trace][gc,age      ] GC(89) - age   1:    9435928 bytes,    9435928 total
[2024-10-15T06:57:20.316+0000][125][trace][gc,age      ] GC(89) - age   2:    2764760 bytes,   12200688 total
[2024-10-15T06:57:20.316+0000][125][trace][gc,age      ] GC(89) - age   3:    3647088 bytes,   15847776 total
[2024-10-15T06:57:20.316+0000][125][trace][gc,age      ] GC(89) - age   4:    9850248 bytes,   25698024 total
[2024-10-15T06:57:20.316+0000][125][trace][gc,age      ] GC(89) - age   5:     115688 bytes,   25813712 total
[2024-10-15T06:57:20.316+0000][125][trace][gc,age      ] GC(89) - age   6:       4104 bytes,   25817816 total
[2024-10-15T06:57:20.316+0000][125][trace][gc,age      ] GC(89) - age   7:       3200 bytes,   25821016 total
[2024-10-15T06:57:20.316+0000][125][trace][gc,age      ] GC(89) - age   8:    1154496 bytes,   26975512 total
[2024-10-15T06:57:20.316+0000][125][trace][gc,age      ] GC(89) - age   9:       3256 bytes,   26978768 total
[2024-10-15T06:57:20.316+0000][125][trace][gc,age      ] GC(89) - age  10:       3376 bytes,   26982144 total
[2024-10-15T06:57:20.316+0000][125][trace][gc,age      ] GC(89) - age  11:       5440 bytes,   26987584 total
[2024-10-15T06:57:20.316+0000][125][trace][gc,age      ] GC(89) - age  12:      17552 bytes,   27005136 total
[2024-10-15T06:57:20.316+0000][125][trace][gc,age      ] GC(89) - age  13:        776 bytes,   27005912 total
[2024-10-15T06:57:20.316+0000][125][trace][gc,age      ] GC(89) - age  14:        848 bytes,   27006760 total
[2024-10-15T06:57:20.316+0000][125][trace][gc,age      ] GC(89) - age  15:     417472 bytes,   27424232 total
[2024-10-15T06:57:20.316+0000][125][info ][gc,heap     ] GC(89) Eden regions: 814->0(814)
[2024-10-15T06:57:20.316+0000][125][info ][gc,heap     ] GC(89) Survivor regions: 7->7(103)
[2024-10-15T06:57:20.316+0000][125][info ][gc,heap     ] GC(89) Old regions: 39->39
[2024-10-15T06:57:20.316+0000][125][info ][gc,heap     ] GC(89) Humongous regions: 2->2
[2024-10-15T06:57:20.316+0000][125][info ][gc,metaspace] GC(89) Metaspace: 156990K(163008K)->156990K(163008K) NonClass: 135981K(139392K)->135981K(139392K) Class: 21008K(23616K)->21008K(23616K)
[2024-10-15T06:57:20.316+0000][125][info ][gc          ] GC(89) Pause Young (Normal) (G1 Evacuation Pause) 3442M->189M(5476M) 30.982ms
[2024-10-15T06:57:20.316+0000][125][info ][gc,cpu      ] GC(89) User=0.09s Sys=0.01s Real=0.03s
[2024-10-15T06:57:20.316+0000][125][info ][safepoint   ] Safepoint "G1CollectForAllocation", Time since last: 1432258076 ns, Reaching safepoint: 864257 ns, Cleanup: 9401 ns, At safepoint: 31212541 ns, Total: 32086199 ns
[2024-10-15T06:57:21.546+0000][125][info ][gc,start    ] GC(90) Pause Young (Normal) (G1 Evacuation Pause)
[2024-10-15T06:57:21.546+0000][125][info ][gc,task     ] GC(90) Using 4 workers of 4 for evacuation
[2024-10-15T06:57:21.546+0000][125][debug][gc,age      ] GC(90) Desired survivor size 216006656 bytes, new threshold 15 (max threshold 15)
[2024-10-15T06:57:21.591+0000][125][info ][gc,phases   ] GC(90)   Pre Evacuate Collection Set: 0.80ms
[2024-10-15T06:57:21.591+0000][125][info ][gc,phases   ] GC(90)   Merge Heap Roots: 0.51ms
[2024-10-15T06:57:21.591+0000][125][info ][gc,phases   ] GC(90)   Evacuate Collection Set: 33.69ms
[2024-10-15T06:57:21.591+0000][125][info ][gc,phases   ] GC(90)   Post Evacuate Collection Set: 9.39ms
[2024-10-15T06:57:21.591+0000][125][info ][gc,phases   ] GC(90)   Other: 0.21ms
[2024-10-15T06:57:21.591+0000][125][trace][gc,age      ] GC(90) Age table with threshold 15 (max threshold 15)
[2024-10-15T06:57:21.591+0000][125][trace][gc,age      ] GC(90) - age   1:    7576800 bytes,    7576800 total
[2024-10-15T06:57:21.591+0000][125][trace][gc,age      ] GC(90) - age   2:    4746792 bytes,   12323592 total
[2024-10-15T06:57:21.591+0000][125][trace][gc,age      ] GC(90) - age   3:    2757672 bytes,   15081264 total
[2024-10-15T06:57:21.591+0000][125][trace][gc,age      ] GC(90) - age   4:    3548448 bytes,   18629712 total
[2024-10-15T06:57:21.591+0000][125][trace][gc,age      ] GC(90) - age   5:    9848896 bytes,   28478608 total
[2024-10-15T06:57:21.591+0000][125][trace][gc,age      ] GC(90) - age   6:     115648 bytes,   28594256 total
[2024-10-15T06:57:21.591+0000][125][trace][gc,age      ] GC(90) - age   7:       4104 bytes,   28598360 total
[2024-10-15T06:57:21.591+0000][125][trace][gc,age      ] GC(90) - age   8:       3200 bytes,   28601560 total
[2024-10-15T06:57:21.591+0000][125][trace][gc,age      ] GC(90) - age   9:    1154416 bytes,   29755976 total
[2024-10-15T06:57:21.591+0000][125][trace][gc,age      ] GC(90) - age  10:       3256 bytes,   29759232 total
[2024-10-15T06:57:21.591+0000][125][trace][gc,age      ] GC(90) - age  11:       3376 bytes,   29762608 total
[2024-10-15T06:57:21.591+0000][125][trace][gc,age      ] GC(90) - age  12:       5440 bytes,   29768048 total
[2024-10-15T06:57:21.591+0000][125][trace][gc,age      ] GC(90) - age  13:      17552 bytes,   29785600 total
[2024-10-15T06:57:21.591+0000][125][trace][gc,age      ] GC(90) - age  14:        776 bytes,   29786376 total
[2024-10-15T06:57:21.591+0000][125][trace][gc,age      ] GC(90) - age  15:        848 bytes,   29787224 total
[2024-10-15T06:57:21.591+0000][125][info ][gc,heap     ] GC(90) Eden regions: 814->0(812)
[2024-10-15T06:57:21.591+0000][125][info ][gc,heap     ] GC(90) Survivor regions: 7->9(103)
[2024-10-15T06:57:21.592+0000][125][info ][gc,heap     ] GC(90) Old regions: 39->39
[2024-10-15T06:57:21.592+0000][125][info ][gc,heap     ] GC(90) Humongous regions: 2->2
[2024-10-15T06:57:21.592+0000][125][info ][gc,metaspace] GC(90) Metaspace: 156990K(163008K)->156990K(163008K) NonClass: 135981K(139392K)->135981K(139392K) Class: 21008K(23616K)->21008K(23616K)
[2024-10-15T06:57:21.592+0000][125][info ][gc          ] GC(90) Pause Young (Normal) (G1 Evacuation Pause) 3445M->195M(5476M) 45.749ms
[2024-10-15T06:57:21.592+0000][125][info ][gc,cpu      ] GC(90) User=0.10s Sys=0.01s Real=0.05s
[2024-10-15T06:57:21.597+0000][125][info ][safepoint   ] Safepoint "G1CollectForAllocation", Time since last: 1229338826 ns, Reaching safepoint: 439335 ns, Cleanup: 6400 ns, At safepoint: 50328316 ns, Total: 50774051 ns
[2024-10-15T06:57:22.682+0000][125][info ][safepoint   ] Safepoint "Cleanup", Time since last: 1050801645 ns, Reaching safepoint: 4273693 ns, Cleanup: 18681 ns, At safepoint: 30578063 ns, Total: 34870437 ns
[2024-10-15T06:57:23.786+0000][125][info ][gc,start    ] GC(91) Pause Young (Normal) (G1 Evacuation Pause)
[2024-10-15T06:57:23.786+0000][125][info ][gc,task     ] GC(91) Using 4 workers of 4 for evacuation
[2024-10-15T06:57:23.786+0000][125][debug][gc,age      ] GC(91) Desired survivor size 216006656 bytes, new threshold 15 (max threshold 15)
[2024-10-15T06:57:23.801+0000][125][info ][gc,phases   ] GC(91)   Pre Evacuate Collection Set: 0.56ms
[2024-10-15T06:57:23.801+0000][125][info ][gc,phases   ] GC(91)   Merge Heap Roots: 0.35ms
[2024-10-15T06:57:23.801+0000][125][info ][gc,phases   ] GC(91)   Evacuate Collection Set: 10.95ms
[2024-10-15T06:57:23.801+0000][125][info ][gc,phases   ] GC(91)   Post Evacuate Collection Set: 2.76ms
[2024-10-15T06:57:23.801+0000][125][info ][gc,phases   ] GC(91)   Other: 0.10ms
[2024-10-15T06:57:23.801+0000][125][trace][gc,age      ] GC(91) Age table with threshold 15 (max threshold 15)
[2024-10-15T06:57:23.801+0000][125][trace][gc,age      ] GC(91) - age   1:    8765048 bytes,    8765048 total
[2024-10-15T06:57:23.801+0000][125][trace][gc,age      ] GC(91) - age   2:    2782552 bytes,   11547600 total
[2024-10-15T06:57:23.801+0000][125][trace][gc,age      ] GC(91) - age   3:    4089280 bytes,   15636880 total
[2024-10-15T06:57:23.801+0000][125][trace][gc,age      ] GC(91) - age   4:    2756936 bytes,   18393816 total
[2024-10-15T06:57:23.801+0000][125][trace][gc,age      ] GC(91) - age   5:    3531112 bytes,   21924928 total
[2024-10-15T06:57:23.801+0000][125][trace][gc,age      ] GC(91) - age   6:    9834072 bytes,   31759000 total
[2024-10-15T06:57:23.801+0000][125][trace][gc,age      ] GC(91) - age   7:     115648 bytes,   31874648 total
[2024-10-15T06:57:23.801+0000][125][trace][gc,age      ] GC(91) - age   8:       4104 bytes,   31878752 total
[2024-10-15T06:57:23.801+0000][125][trace][gc,age      ] GC(91) - age   9:       3160 bytes,   31881912 total
[2024-10-15T06:57:23.801+0000][125][trace][gc,age      ] GC(91) - age  10:    1154136 bytes,   33036048 total
[2024-10-15T06:57:23.801+0000][125][trace][gc,age      ] GC(91) - age  11:       3256 bytes,   33039304 total
[2024-10-15T06:57:23.801+0000][125][trace][gc,age      ] GC(91) - age  12:       3376 bytes,   33042680 total
[2024-10-15T06:57:23.801+0000][125][trace][gc,age      ] GC(91) - age  13:       5440 bytes,   33048120 total
[2024-10-15T06:57:23.801+0000][125][trace][gc,age      ] GC(91) - age  14:      17552 bytes,   33065672 total
[2024-10-15T06:57:23.801+0000][125][trace][gc,age      ] GC(91) - age  15:        776 bytes,   33066448 total
[2024-10-15T06:57:23.801+0000][125][info ][gc,heap     ] GC(91) Eden regions: 812->0(812)
[2024-10-15T06:57:23.801+0000][125][info ][gc,heap     ] GC(91) Survivor regions: 9->9(103)
[2024-10-15T06:57:23.801+0000][125][info ][gc,heap     ] GC(91) Old regions: 39->39
[2024-10-15T06:57:23.801+0000][125][info ][gc,heap     ] GC(91) Humongous regions: 2->2
[2024-10-15T06:57:23.801+0000][125][info ][gc,metaspace] GC(91) Metaspace: 156990K(163008K)->156990K(163008K) NonClass: 135981K(139392K)->135981K(139392K) Class: 21008K(23616K)->21008K(23616K)
[2024-10-15T06:57:23.801+0000][125][info ][gc          ] GC(91) Pause Young (Normal) (G1 Evacuation Pause) 3443M->198M(5476M) 14.979ms
[2024-10-15T06:57:23.801+0000][125][info ][gc,cpu      ] GC(91) User=0.04s Sys=0.00s Real=0.01s
[2024-10-15T06:57:23.802+0000][125][info ][safepoint   ] Safepoint "G1CollectForAllocation", Time since last: 1103035797 ns, Reaching safepoint: 193640 ns, Cleanup: 5149 ns, At safepoint: 16302006 ns, Total: 16500795 ns
[2024-10-15T06:57:25.551+0000][125][info ][gc,start    ] GC(92) Pause Young (Normal) (G1 Evacuation Pause)
[2024-10-15T06:57:25.552+0000][125][info ][gc,task     ] GC(92) Using 4 workers of 4 for evacuation
[2024-10-15T06:57:25.552+0000][125][debug][gc,age      ] GC(92) Desired survivor size 216006656 bytes, new threshold 15 (max threshold 15)
[2024-10-15T06:57:25.580+0000][125][info ][gc,phases   ] GC(92)   Pre Evacuate Collection Set: 0.93ms
[2024-10-15T06:57:25.580+0000][125][info ][gc,phases   ] GC(92)   Merge Heap Roots: 0.62ms
[2024-10-15T06:57:25.580+0000][125][info ][gc,phases   ] GC(92)   Evacuate Collection Set: 18.00ms
[2024-10-15T06:57:25.580+0000][125][info ][gc,phases   ] GC(92)   Post Evacuate Collection Set: 8.44ms
[2024-10-15T06:57:25.580+0000][125][info ][gc,phases   ] GC(92)   Other: 0.50ms
[2024-10-15T06:57:25.580+0000][125][trace][gc,age      ] GC(92) Age table with threshold 15 (max threshold 15)
[2024-10-15T06:57:25.580+0000][125][trace][gc,age      ] GC(92) - age   1:    6611104 bytes,    6611104 total
[2024-10-15T06:57:25.580+0000][125][trace][gc,age      ] GC(92) - age   2:    5234232 bytes,   11845336 total
[2024-10-15T06:57:25.580+0000][125][trace][gc,age      ] GC(92) - age   3:    2605288 bytes,   14450624 total
[2024-10-15T06:57:25.580+0000][125][trace][gc,age      ] GC(92) - age   4:    3827104 bytes,   18277728 total
[2024-10-15T06:57:25.580+0000][125][trace][gc,age      ] GC(92) - age   5:    2625504 bytes,   20903232 total
[2024-10-15T06:57:25.580+0000][125][trace][gc,age      ] GC(92) - age   6:    3531112 bytes,   24434344 total
[2024-10-15T06:57:25.580+0000][125][trace][gc,age      ] GC(92) - age   7:    9822592 bytes,   34256936 total
[2024-10-15T06:57:25.580+0000][125][trace][gc,age      ] GC(92) - age   8:     115608 bytes,   34372544 total
[2024-10-15T06:57:25.580+0000][125][trace][gc,age      ] GC(92) - age   9:       4104 bytes,   34376648 total
[2024-10-15T06:57:25.580+0000][125][trace][gc,age      ] GC(92) - age  10:       3160 bytes,   34379808 total
[2024-10-15T06:57:25.580+0000][125][trace][gc,age      ] GC(92) - age  11:    1154096 bytes,   35533904 total
[2024-10-15T06:57:25.580+0000][125][trace][gc,age      ] GC(92) - age  12:       3256 bytes,   35537160 total
[2024-10-15T06:57:25.580+0000][125][trace][gc,age      ] GC(92) - age  13:       3376 bytes,   35540536 total
[2024-10-15T06:57:25.580+0000][125][trace][gc,age      ] GC(92) - age  14:       5440 bytes,   35545976 total
[2024-10-15T06:57:25.580+0000][125][trace][gc,age      ] GC(92) - age  15:      17512 bytes,   35563488 total
[2024-10-15T06:57:25.580+0000][125][info ][gc,heap     ] GC(92) Eden regions: 812->0(811)
[2024-10-15T06:57:25.580+0000][125][info ][gc,heap     ] GC(92) Survivor regions: 9->10(103)
[2024-10-15T06:57:25.580+0000][125][info ][gc,heap     ] GC(92) Old regions: 39->39
[2024-10-15T06:57:25.580+0000][125][info ][gc,heap     ] GC(92) Humongous regions: 2->2
[2024-10-15T06:57:25.580+0000][125][info ][gc,metaspace] GC(92) Metaspace: 156990K(163008K)->156990K(163008K) NonClass: 135981K(139392K)->135981K(139392K) Class: 21008K(23616K)->21008K(23616K)
[2024-10-15T06:57:25.582+0000][125][info ][gc          ] GC(92) Pause Young (Normal) (G1 Evacuation Pause) 3446M->199M(5476M) 29.143ms
[2024-10-15T06:57:25.582+0000][125][info ][gc,cpu      ] GC(92) User=0.05s Sys=0.01s Real=0.03s
[2024-10-15T06:57:25.583+0000][125][info ][safepoint   ] Safepoint "G1CollectForAllocation", Time since last: 1748775631 ns, Reaching safepoint: 568455 ns, Cleanup: 5203 ns, At safepoint: 31556382 ns, Total: 32130040 ns
[2024-10-15T06:57:26.766+0000][125][info ][gc,start    ] GC(93) Pause Young (Normal) (G1 Evacuation Pause)
[2024-10-15T06:57:26.766+0000][125][info ][gc,task     ] GC(93) Using 4 workers of 4 for evacuation
[2024-10-15T06:57:26.766+0000][125][debug][gc,age      ] GC(93) Desired survivor size 216006656 bytes, new threshold 15 (max threshold 15)
[2024-10-15T06:57:26.788+0000][125][info ][gc,phases   ] GC(93)   Pre Evacuate Collection Set: 0.99ms
[2024-10-15T06:57:26.788+0000][125][info ][gc,phases   ] GC(93)   Merge Heap Roots: 0.56ms
[2024-10-15T06:57:26.788+0000][125][info ][gc,phases   ] GC(93)   Evacuate Collection Set: 18.04ms
[2024-10-15T06:57:26.788+0000][125][info ][gc,phases   ] GC(93)   Post Evacuate Collection Set: 2.47ms
[2024-10-15T06:57:26.788+0000][125][info ][gc,phases   ] GC(93)   Other: 0.10ms
[2024-10-15T06:57:26.788+0000][125][trace][gc,age      ] GC(93) Age table with threshold 15 (max threshold 15)
[2024-10-15T06:57:26.788+0000][125][trace][gc,age      ] GC(93) - age   1:    8577224 bytes,    8577224 total
[2024-10-15T06:57:26.788+0000][125][trace][gc,age      ] GC(93) - age   2:    3639608 bytes,   12216832 total
[2024-10-15T06:57:26.788+0000][125][trace][gc,age      ] GC(93) - age   3:    3107768 bytes,   15324600 total
[2024-10-15T06:57:26.788+0000][125][trace][gc,age      ] GC(93) - age   4:    2468288 bytes,   17792888 total
[2024-10-15T06:57:26.788+0000][125][trace][gc,age      ] GC(93) - age   5:    3826984 bytes,   21619872 total
[2024-10-15T06:57:26.788+0000][125][trace][gc,age      ] GC(93) - age   6:    2625504 bytes,   24245376 total
[2024-10-15T06:57:26.788+0000][125][trace][gc,age      ] GC(93) - age   7:    3531112 bytes,   27776488 total
[2024-10-15T06:57:26.788+0000][125][trace][gc,age      ] GC(93) - age   8:    9822512 bytes,   37599000 total
[2024-10-15T06:57:26.788+0000][125][trace][gc,age      ] GC(93) - age   9:     115568 bytes,   37714568 total
[2024-10-15T06:57:26.788+0000][125][trace][gc,age      ] GC(93) - age  10:       4104 bytes,   37718672 total
[2024-10-15T06:57:26.788+0000][125][trace][gc,age      ] GC(93) - age  11:       3120 bytes,   37721792 total
[2024-10-15T06:57:26.788+0000][125][trace][gc,age      ] GC(93) - age  12:    1154096 bytes,   38875888 total
[2024-10-15T06:57:26.788+0000][125][trace][gc,age      ] GC(93) - age  13:       3256 bytes,   38879144 total
[2024-10-15T06:57:26.788+0000][125][trace][gc,age      ] GC(93) - age  14:       3376 bytes,   38882520 total
[2024-10-15T06:57:26.788+0000][125][trace][gc,age      ] GC(93) - age  15:       5440 bytes,   38887960 total
[2024-10-15T06:57:26.788+0000][125][info ][gc,heap     ] GC(93) Eden regions: 811->0(811)
[2024-10-15T06:57:26.788+0000][125][info ][gc,heap     ] GC(93) Survivor regions: 10->10(103)
[2024-10-15T06:57:26.788+0000][125][info ][gc,heap     ] GC(93) Old regions: 39->39
[2024-10-15T06:57:26.789+0000][125][info ][gc,heap     ] GC(93) Humongous regions: 2->2
[2024-10-15T06:57:26.789+0000][125][info ][gc,metaspace] GC(93) Metaspace: 156990K(163008K)->156990K(163008K) NonClass: 135981K(139392K)->135981K(139392K) Class: 21008K(23616K)->21008K(23616K)
[2024-10-15T06:57:26.789+0000][125][info ][gc          ] GC(93) Pause Young (Normal) (G1 Evacuation Pause) 3443M->202M(5476M) 22.634ms
[2024-10-15T06:57:26.789+0000][125][info ][gc,cpu      ] GC(93) User=0.05s Sys=0.00s Real=0.02s
[2024-10-15T06:57:26.790+0000][125][info ][safepoint   ] Safepoint "G1CollectForAllocation", Time since last: 1182230176 ns, Reaching safepoint: 700883 ns, Cleanup: 6490 ns, At safepoint: 23814532 ns, Total: 24521905 ns
[2024-10-15T06:57:27.889+0000][125][info ][safepoint   ] Safepoint "Cleanup", Time since last: 1097605989 ns, Reaching safepoint: 1248003 ns, Cleanup: 16569 ns, At safepoint: 154721 ns, Total: 1419293 ns
[2024-10-15T06:57:28.162+0000][125][info ][gc,start    ] GC(94) Pause Young (Normal) (G1 Evacuation Pause)
[2024-10-15T06:57:28.162+0000][125][info ][gc,task     ] GC(94) Using 4 workers of 4 for evacuation
[2024-10-15T06:57:28.162+0000][125][debug][gc,age      ] GC(94) Desired survivor size 216006656 bytes, new threshold 15 (max threshold 15)
[2024-10-15T06:57:28.185+0000][125][info ][gc,phases   ] GC(94)   Pre Evacuate Collection Set: 1.57ms
[2024-10-15T06:57:28.185+0000][125][info ][gc,phases   ] GC(94)   Merge Heap Roots: 1.77ms
[2024-10-15T06:57:28.185+0000][125][info ][gc,phases   ] GC(94)   Evacuate Collection Set: 15.44ms
[2024-10-15T06:57:28.185+0000][125][info ][gc,phases   ] GC(94)   Post Evacuate Collection Set: 3.52ms
[2024-10-15T06:57:28.185+0000][125][info ][gc,phases   ] GC(94)   Other: 0.19ms
[2024-10-15T06:57:28.185+0000][125][trace][gc,age      ] GC(94) Age table with threshold 15 (max threshold 15)
[2024-10-15T06:57:28.185+0000][125][trace][gc,age      ] GC(94) - age   1:    9760424 bytes,    9760424 total
[2024-10-15T06:57:28.185+0000][125][trace][gc,age      ] GC(94) - age   2:    4803400 bytes,   14563824 total
[2024-10-15T06:57:28.185+0000][125][trace][gc,age      ] GC(94) - age   3:    3036352 bytes,   17600176 total
[2024-10-15T06:57:28.185+0000][125][trace][gc,age      ] GC(94) - age   4:    2409248 bytes,   20009424 total
[2024-10-15T06:57:28.185+0000][125][trace][gc,age      ] GC(94) - age   5:    2468024 bytes,   22477448 total
[2024-10-15T06:57:28.185+0000][125][trace][gc,age      ] GC(94) - age   6:    3826864 bytes,   26304312 total
[2024-10-15T06:57:28.185+0000][125][trace][gc,age      ] GC(94) - age   7:    2625392 bytes,   28929704 total
[2024-10-15T06:57:28.185+0000][125][trace][gc,age      ] GC(94) - age   8:    3531112 bytes,   32460816 total
[2024-10-15T06:57:28.185+0000][125][trace][gc,age      ] GC(94) - age   9:    8519352 bytes,   40980168 total
[2024-10-15T06:57:28.185+0000][125][trace][gc,age      ] GC(94) - age  10:     115488 bytes,   41095656 total
[2024-10-15T06:57:28.185+0000][125][trace][gc,age      ] GC(94) - age  11:       2464 bytes,   41098120 total
[2024-10-15T06:57:28.185+0000][125][trace][gc,age      ] GC(94) - age  12:       1512 bytes,   41099632 total
[2024-10-15T06:57:28.185+0000][125][trace][gc,age      ] GC(94) - age  13:    1151200 bytes,   42250832 total
[2024-10-15T06:57:28.185+0000][125][trace][gc,age      ] GC(94) - age  14:       3256 bytes,   42254088 total
[2024-10-15T06:57:28.185+0000][125][trace][gc,age      ] GC(94) - age  15:       3376 bytes,   42257464 total
[2024-10-15T06:57:28.185+0000][125][info ][gc,heap     ] GC(94) Eden regions: 811->0(810)
[2024-10-15T06:57:28.185+0000][125][info ][gc,heap     ] GC(94) Survivor regions: 10->11(103)
[2024-10-15T06:57:28.185+0000][125][info ][gc,heap     ] GC(94) Old regions: 39->39
[2024-10-15T06:57:28.185+0000][125][info ][gc,heap     ] GC(94) Humongous regions: 2->2
[2024-10-15T06:57:28.185+0000][125][info ][gc,metaspace] GC(94) Metaspace: 156995K(163008K)->156995K(163008K) NonClass: 135986K(139392K)->135986K(139392K) Class: 21008K(23616K)->21008K(23616K)
[2024-10-15T06:57:28.185+0000][125][info ][gc          ] GC(94) Pause Young (Normal) (G1 Evacuation Pause) 3446M->205M(5476M) 22.928ms
[2024-10-15T06:57:28.185+0000][125][info ][gc,cpu      ] GC(94) User=0.07s Sys=0.01s Real=0.02s
[2024-10-15T06:57:28.185+0000][125][info ][safepoint   ] Safepoint "G1CollectForAllocation", Time since last: 273474096 ns, Reaching safepoint: 18617 ns, Cleanup: 17819 ns, At safepoint: 23134390 ns, Total: 23170826 ns
[2024-10-15T06:57:29.219+0000][125][info ][safepoint   ] Safepoint "Cleanup", Time since last: 1029104328 ns, Reaching safepoint: 3983617 ns, Cleanup: 63483 ns, At safepoint: 786953 ns, Total: 4834053 ns
[2024-10-15T06:57:30.007+0000][125][info ][gc,start    ] GC(95) Pause Young (Normal) (G1 Evacuation Pause)
[2024-10-15T06:57:30.008+0000][125][info ][gc,task     ] GC(95) Using 4 workers of 4 for evacuation
[2024-10-15T06:57:30.008+0000][125][debug][gc,age      ] GC(95) Desired survivor size 216006656 bytes, new threshold 15 (max threshold 15)
[2024-10-15T06:57:30.027+0000][125][info ][gc,phases   ] GC(95)   Pre Evacuate Collection Set: 0.84ms
[2024-10-15T06:57:30.027+0000][125][info ][gc,phases   ] GC(95)   Merge Heap Roots: 0.70ms
[2024-10-15T06:57:30.027+0000][125][info ][gc,phases   ] GC(95)   Evacuate Collection Set: 15.20ms
[2024-10-15T06:57:30.027+0000][125][info ][gc,phases   ] GC(95)   Post Evacuate Collection Set: 2.57ms
[2024-10-15T06:57:30.027+0000][125][info ][gc,phases   ] GC(95)   Other: 0.16ms
[2024-10-15T06:57:30.027+0000][125][trace][gc,age      ] GC(95) Age table with threshold 15 (max threshold 15)
[2024-10-15T06:57:30.027+0000][125][trace][gc,age      ] GC(95) - age   1:    7338592 bytes,    7338592 total
[2024-10-15T06:57:30.027+0000][125][trace][gc,age      ] GC(95) - age   2:    4432672 bytes,   11771264 total
[2024-10-15T06:57:30.027+0000][125][trace][gc,age      ] GC(95) - age   3:    4696696 bytes,   16467960 total
[2024-10-15T06:57:30.027+0000][125][trace][gc,age      ] GC(95) - age   4:    3036160 bytes,   19504120 total
[2024-10-15T06:57:30.027+0000][125][trace][gc,age      ] GC(95) - age   5:    2363168 bytes,   21867288 total
[2024-10-15T06:57:30.027+0000][125][trace][gc,age      ] GC(95) - age   6:    2467984 bytes,   24335272 total
[2024-10-15T06:57:30.027+0000][125][trace][gc,age      ] GC(95) - age   7:    3826864 bytes,   28162136 total
[2024-10-15T06:57:30.027+0000][125][trace][gc,age      ] GC(95) - age   8:    2625392 bytes,   30787528 total
[2024-10-15T06:57:30.027+0000][125][trace][gc,age      ] GC(95) - age   9:    3531072 bytes,   34318600 total
[2024-10-15T06:57:30.027+0000][125][trace][gc,age      ] GC(95) - age  10:    7681744 bytes,   42000344 total
[2024-10-15T06:57:30.027+0000][125][trace][gc,age      ] GC(95) - age  11:     115488 bytes,   42115832 total
[2024-10-15T06:57:30.027+0000][125][trace][gc,age      ] GC(95) - age  12:       2464 bytes,   42118296 total
[2024-10-15T06:57:30.027+0000][125][trace][gc,age      ] GC(95) - age  13:        224 bytes,   42118520 total
[2024-10-15T06:57:30.027+0000][125][trace][gc,age      ] GC(95) - age  14:    1146344 bytes,   43264864 total
[2024-10-15T06:57:30.027+0000][125][trace][gc,age      ] GC(95) - age  15:       1632 bytes,   43266496 total
[2024-10-15T06:57:30.027+0000][125][info ][gc,heap     ] GC(95) Eden regions: 810->0(809)
[2024-10-15T06:57:30.027+0000][125][info ][gc,heap     ] GC(95) Survivor regions: 11->12(103)
[2024-10-15T06:57:30.027+0000][125][info ][gc,heap     ] GC(95) Old regions: 39->39
[2024-10-15T06:57:30.027+0000][125][info ][gc,heap     ] GC(95) Humongous regions: 2->2
[2024-10-15T06:57:30.027+0000][125][info ][gc,metaspace] GC(95) Metaspace: 156995K(163008K)->156995K(163008K) NonClass: 135986K(139392K)->135986K(139392K) Class: 21008K(23616K)->21008K(23616K)
[2024-10-15T06:57:30.027+0000][125][info ][gc          ] GC(95) Pause Young (Normal) (G1 Evacuation Pause) 3445M->208M(5476M) 19.782ms
[2024-10-15T06:57:30.027+0000][125][info ][gc,cpu      ] GC(95) User=0.06s Sys=0.00s Real=0.02s
[2024-10-15T06:57:30.028+0000][125][info ][safepoint   ] Safepoint "G1CollectForAllocation", Time since last: 787846082 ns, Reaching safepoint: 298430 ns, Cleanup: 13516 ns, At safepoint: 20101703 ns, Total: 20413649 ns
[2024-10-15T06:57:31.475+0000][125][info ][gc,start    ] GC(96) Pause Young (Normal) (G1 Evacuation Pause)
[2024-10-15T06:57:31.475+0000][125][info ][gc,task     ] GC(96) Using 4 workers of 4 for evacuation
[2024-10-15T06:57:31.475+0000][125][debug][gc,age      ] GC(96) Desired survivor size 216006656 bytes, new threshold 15 (max threshold 15)
[2024-10-15T06:57:31.490+0000][125][info ][gc,phases   ] GC(96)   Pre Evacuate Collection Set: 0.65ms
[2024-10-15T06:57:31.490+0000][125][info ][gc,phases   ] GC(96)   Merge Heap Roots: 0.38ms
[2024-10-15T06:57:31.490+0000][125][info ][gc,phases   ] GC(96)   Evacuate Collection Set: 11.23ms
[2024-10-15T06:57:31.490+0000][125][info ][gc,phases   ] GC(96)   Post Evacuate Collection Set: 2.49ms
[2024-10-15T06:57:31.490+0000][125][info ][gc,phases   ] GC(96)   Other: 0.16ms
[2024-10-15T06:57:31.490+0000][125][trace][gc,age      ] GC(96) Age table with threshold 15 (max threshold 15)
[2024-10-15T06:57:31.490+0000][125][trace][gc,age      ] GC(96) - age   1:    8279184 bytes,    8279184 total
[2024-10-15T06:57:31.490+0000][125][trace][gc,age      ] GC(96) - age   2:    2800448 bytes,   11079632 total
[2024-10-15T06:57:31.490+0000][125][trace][gc,age      ] GC(96) - age   3:    3215392 bytes,   14295024 total
[2024-10-15T06:57:31.490+0000][125][trace][gc,age      ] GC(96) - age   4:    4690176 bytes,   18985200 total
[2024-10-15T06:57:31.490+0000][125][trace][gc,age      ] GC(96) - age   5:    3035728 bytes,   22020928 total
[2024-10-15T06:57:31.490+0000][125][trace][gc,age      ] GC(96) - age   6:    2363136 bytes,   24384064 total
[2024-10-15T06:57:31.490+0000][125][trace][gc,age      ] GC(96) - age   7:    2467944 bytes,   26852008 total
[2024-10-15T06:57:31.490+0000][125][trace][gc,age      ] GC(96) - age   8:    3826864 bytes,   30678872 total
[2024-10-15T06:57:31.490+0000][125][trace][gc,age      ] GC(96) - age   9:    2625392 bytes,   33304264 total
[2024-10-15T06:57:31.490+0000][125][trace][gc,age      ] GC(96) - age  10:    3531032 bytes,   36835296 total
[2024-10-15T06:57:31.490+0000][125][trace][gc,age      ] GC(96) - age  11:    7681704 bytes,   44517000 total
[2024-10-15T06:57:31.490+0000][125][trace][gc,age      ] GC(96) - age  12:     115488 bytes,   44632488 total
[2024-10-15T06:57:31.490+0000][125][trace][gc,age      ] GC(96) - age  13:       2464 bytes,   44634952 total
[2024-10-15T06:57:31.490+0000][125][trace][gc,age      ] GC(96) - age  14:        224 bytes,   44635176 total
[2024-10-15T06:57:31.490+0000][125][trace][gc,age      ] GC(96) - age  15:    1146304 bytes,   45781480 total
[2024-10-15T06:57:31.490+0000][125][info ][gc,heap     ] GC(96) Eden regions: 809->0(809)
[2024-10-15T06:57:31.490+0000][125][info ][gc,heap     ] GC(96) Survivor regions: 12->12(103)
[2024-10-15T06:57:31.490+0000][125][info ][gc,heap     ] GC(96) Old regions: 39->39
[2024-10-15T06:57:31.490+0000][125][info ][gc,heap     ] GC(96) Humongous regions: 2->2
[2024-10-15T06:57:31.490+0000][125][info ][gc,metaspace] GC(96) Metaspace: 156995K(163008K)->156995K(163008K) NonClass: 135986K(139392K)->135986K(139392K) Class: 21008K(23616K)->21008K(23616K)
[2024-10-15T06:57:31.490+0000][125][info ][gc          ] GC(96) Pause Young (Normal) (G1 Evacuation Pause) 3444M->210M(5476M) 15.305ms
[2024-10-15T06:57:31.490+0000][125][info ][gc,cpu      ] GC(96) User=0.05s Sys=0.00s Real=0.01s
[2024-10-15T06:57:31.491+0000][125][info ][safepoint   ] Safepoint "G1CollectForAllocation", Time since last: 1445691055 ns, Reaching safepoint: 1382717 ns, Cleanup: 7837 ns, At safepoint: 15891697 ns, Total: 17282251 ns
[2024-10-15T06:57:32.735+0000][125][info ][safepoint   ] Safepoint "Cleanup", Time since last: 1238343656 ns, Reaching safepoint: 564102 ns, Cleanup: 23902 ns, At safepoint: 5222321 ns, Total: 5810325 ns
[2024-10-15T06:57:34.330+0000][125][info ][safepoint   ] Safepoint "Cleanup", Time since last: 1589583667 ns, Reaching safepoint: 1252281 ns, Cleanup: 21444 ns, At safepoint: 4805455 ns, Total: 6079180 ns
[2024-10-15T06:57:35.005+0000][125][info ][gc,start    ] GC(97) Pause Young (Normal) (G1 Evacuation Pause)
[2024-10-15T06:57:35.005+0000][125][info ][gc,task     ] GC(97) Using 4 workers of 4 for evacuation
[2024-10-15T06:57:35.005+0000][125][debug][gc,age      ] GC(97) Desired survivor size 216006656 bytes, new threshold 15 (max threshold 15)
[2024-10-15T06:57:35.015+0000][125][info ][gc,phases   ] GC(97)   Pre Evacuate Collection Set: 1.16ms
[2024-10-15T06:57:35.015+0000][125][info ][gc,phases   ] GC(97)   Merge Heap Roots: 0.51ms
[2024-10-15T06:57:35.015+0000][125][info ][gc,phases   ] GC(97)   Evacuate Collection Set: 5.82ms
[2024-10-15T06:57:35.015+0000][125][info ][gc,phases   ] GC(97)   Post Evacuate Collection Set: 2.09ms
[2024-10-15T06:57:35.015+0000][125][info ][gc,phases   ] GC(97)   Other: 0.25ms
[2024-10-15T06:57:35.015+0000][125][trace][gc,age      ] GC(97) Age table with threshold 15 (max threshold 15)
[2024-10-15T06:57:35.015+0000][125][trace][gc,age      ] GC(97) - age   1:    3990856 bytes,    3990856 total
[2024-10-15T06:57:35.015+0000][125][trace][gc,age      ] GC(97) - age   2:    1054056 bytes,    5044912 total
[2024-10-15T06:57:35.015+0000][125][trace][gc,age      ] GC(97) - age   3:     400080 bytes,    5444992 total
[2024-10-15T06:57:35.015+0000][125][trace][gc,age      ] GC(97) - age   4:      47832 bytes,    5492824 total
[2024-10-15T06:57:35.015+0000][125][trace][gc,age      ] GC(97) - age   5:        120 bytes,    5492944 total
[2024-10-15T06:57:35.015+0000][125][trace][gc,age      ] GC(97) - age   6:      12128 bytes,    5505072 total
[2024-10-15T06:57:35.015+0000][125][trace][gc,age      ] GC(97) - age   7:      12664 bytes,    5517736 total
[2024-10-15T06:57:35.015+0000][125][trace][gc,age      ] GC(97) - age   8:         40 bytes,    5517776 total
[2024-10-15T06:57:35.015+0000][125][trace][gc,age      ] GC(97) - age   9:        120 bytes,    5517896 total
[2024-10-15T06:57:35.015+0000][125][trace][gc,age      ] GC(97) - age  11:         32 bytes,    5517928 total
[2024-10-15T06:57:35.015+0000][125][trace][gc,age      ] GC(97) - age  12:     556784 bytes,    6074712 total
[2024-10-15T06:57:35.015+0000][125][trace][gc,age      ] GC(97) - age  13:     115088 bytes,    6189800 total
[2024-10-15T06:57:35.015+0000][125][trace][gc,age      ] GC(97) - age  14:       2464 bytes,    6192264 total
[2024-10-15T06:57:35.015+0000][125][trace][gc,age      ] GC(97) - age  15:        224 bytes,    6192488 total
[2024-10-15T06:57:35.015+0000][125][info ][gc,heap     ] GC(97) Eden regions: 809->0(819)
[2024-10-15T06:57:35.015+0000][125][info ][gc,heap     ] GC(97) Survivor regions: 12->2(103)
[2024-10-15T06:57:35.015+0000][125][info ][gc,heap     ] GC(97) Old regions: 39->39
[2024-10-15T06:57:35.015+0000][125][info ][gc,heap     ] GC(97) Humongous regions: 2->2
[2024-10-15T06:57:35.015+0000][125][info ][gc,metaspace] GC(97) Metaspace: 157001K(163008K)->157001K(163008K) NonClass: 135992K(139392K)->135992K(139392K) Class: 21008K(23616K)->21008K(23616K)
[2024-10-15T06:57:35.015+0000][125][info ][gc          ] GC(97) Pause Young (Normal) (G1 Evacuation Pause) 3446M->171M(5476M) 10.083ms
[2024-10-15T06:57:35.015+0000][125][info ][gc,cpu      ] GC(97) User=0.02s Sys=0.01s Real=0.01s
[2024-10-15T06:57:35.017+0000][125][info ][safepoint   ] Safepoint "G1CollectForAllocation", Time since last: 673850191 ns, Reaching safepoint: 335917 ns, Cleanup: 7924 ns, At safepoint: 11966047 ns, Total: 12309888 ns
[2024-10-15T06:57:36.046+0000][125][info ][safepoint   ] Safepoint "Cleanup", Time since last: 1022525247 ns, Reaching safepoint: 2157234 ns, Cleanup: 29296 ns, At safepoint: 4588907 ns, Total: 6775437 ns
[2024-10-15T06:57:37.231+0000][125][info ][safepoint   ] Safepoint "Cleanup", Time since last: 1183902581 ns, Reaching safepoint: 1048573 ns, Cleanup: 14800 ns, At safepoint: 104055 ns, Total: 1167428 ns
[2024-10-15T06:57:37.579+0000][125][info ][gc,start    ] GC(98) Pause Young (Normal) (G1 Evacuation Pause)
[2024-10-15T06:57:37.579+0000][125][info ][gc,task     ] GC(98) Using 4 workers of 4 for evacuation
[2024-10-15T06:57:37.579+0000][125][debug][gc,age      ] GC(98) Desired survivor size 216006656 bytes, new threshold 15 (max threshold 15)
[2024-10-15T06:57:37.602+0000][125][info ][gc,phases   ] GC(98)   Pre Evacuate Collection Set: 0.82ms
[2024-10-15T06:57:37.602+0000][125][info ][gc,phases   ] GC(98)   Merge Heap Roots: 0.51ms
[2024-10-15T06:57:37.602+0000][125][info ][gc,phases   ] GC(98)   Evacuate Collection Set: 19.19ms
[2024-10-15T06:57:37.602+0000][125][info ][gc,phases   ] GC(98)   Post Evacuate Collection Set: 2.72ms
[2024-10-15T06:57:37.602+0000][125][info ][gc,phases   ] GC(98)   Other: 0.14ms
[2024-10-15T06:57:37.602+0000][125][trace][gc,age      ] GC(98) Age table with threshold 15 (max threshold 15)
[2024-10-15T06:57:37.602+0000][125][trace][gc,age      ] GC(98) - age   1:    8267960 bytes,    8267960 total
[2024-10-15T06:57:37.602+0000][125][trace][gc,age      ] GC(98) - age   2:     365224 bytes,    8633184 total
[2024-10-15T06:57:37.602+0000][125][trace][gc,age      ] GC(98) - age   3:    1052672 bytes,    9685856 total
[2024-10-15T06:57:37.602+0000][125][trace][gc,age      ] GC(98) - age   4:     399912 bytes,   10085768 total
[2024-10-15T06:57:37.602+0000][125][trace][gc,age      ] GC(98) - age   5:      47760 bytes,   10133528 total
[2024-10-15T06:57:37.602+0000][125][trace][gc,age      ] GC(98) - age   6:         80 bytes,   10133608 total
[2024-10-15T06:57:37.602+0000][125][trace][gc,age      ] GC(98) - age   7:      12000 bytes,   10145608 total
[2024-10-15T06:57:37.602+0000][125][trace][gc,age      ] GC(98) - age   8:      12368 bytes,   10157976 total
[2024-10-15T06:57:37.602+0000][125][trace][gc,age      ] GC(98) - age   9:         40 bytes,   10158016 total
[2024-10-15T06:57:37.602+0000][125][trace][gc,age      ] GC(98) - age  10:        120 bytes,   10158136 total
[2024-10-15T06:57:37.602+0000][125][trace][gc,age      ] GC(98) - age  12:         32 bytes,   10158168 total
[2024-10-15T06:57:37.602+0000][125][trace][gc,age      ] GC(98) - age  13:     475344 bytes,   10633512 total
[2024-10-15T06:57:37.602+0000][125][trace][gc,age      ] GC(98) - age  14:      89728 bytes,   10723240 total
[2024-10-15T06:57:37.602+0000][125][trace][gc,age      ] GC(98) - age  15:       2464 bytes,   10725704 total
[2024-10-15T06:57:37.602+0000][125][info ][gc,heap     ] GC(98) Eden regions: 819->0(818)
[2024-10-15T06:57:37.602+0000][125][info ][gc,heap     ] GC(98) Survivor regions: 2->3(103)
[2024-10-15T06:57:37.602+0000][125][info ][gc,heap     ] GC(98) Old regions: 39->39
[2024-10-15T06:57:37.602+0000][125][info ][gc,heap     ] GC(98) Humongous regions: 2->2
[2024-10-15T06:57:37.602+0000][125][info ][gc,metaspace] GC(98) Metaspace: 157002K(163008K)->157002K(163008K) NonClass: 135993K(139392K)->135993K(139392K) Class: 21008K(23616K)->21008K(23616K)
[2024-10-15T06:57:37.602+0000][125][info ][gc          ] GC(98) Pause Young (Normal) (G1 Evacuation Pause) 3447M->175M(5476M) 23.627ms
[2024-10-15T06:57:37.602+0000][125][info ][gc,cpu      ] GC(98) User=0.07s Sys=0.00s Real=0.03s
[2024-10-15T06:57:37.604+0000][125][info ][safepoint   ] Safepoint "G1CollectForAllocation", Time since last: 346407524 ns, Reaching safepoint: 1271473 ns, Cleanup: 10239 ns, At safepoint: 25064186 ns, Total: 26345898 ns
[2024-10-15T06:57:40.587+0000][125][info ][gc,start    ] GC(99) Pause Young (Normal) (G1 Evacuation Pause)
[2024-10-15T06:57:40.587+0000][125][info ][gc,task     ] GC(99) Using 4 workers of 4 for evacuation
[2024-10-15T06:57:40.587+0000][125][debug][gc,age      ] GC(99) Desired survivor size 216006656 bytes, new threshold 15 (max threshold 15)
[2024-10-15T06:57:40.599+0000][125][info ][gc,phases   ] GC(99)   Pre Evacuate Collection Set: 1.09ms
[2024-10-15T06:57:40.599+0000][125][info ][gc,phases   ] GC(99)   Merge Heap Roots: 1.11ms
[2024-10-15T06:57:40.599+0000][125][info ][gc,phases   ] GC(99)   Evacuate Collection Set: 7.59ms
[2024-10-15T06:57:40.599+0000][125][info ][gc,phases   ] GC(99)   Post Evacuate Collection Set: 2.61ms
[2024-10-15T06:57:40.599+0000][125][info ][gc,phases   ] GC(99)   Other: 0.15ms
[2024-10-15T06:57:40.599+0000][125][trace][gc,age      ] GC(99) Age table with threshold 15 (max threshold 15)
[2024-10-15T06:57:40.599+0000][125][trace][gc,age      ] GC(99) - age   1:    7794600 bytes,    7794600 total
[2024-10-15T06:57:40.599+0000][125][trace][gc,age      ] GC(99) - age   2:     672344 bytes,    8466944 total
[2024-10-15T06:57:40.599+0000][125][trace][gc,age      ] GC(99) - age   3:     362368 bytes,    8829312 total
[2024-10-15T06:57:40.599+0000][125][trace][gc,age      ] GC(99) - age   4:    1052568 bytes,    9881880 total
[2024-10-15T06:57:40.599+0000][125][trace][gc,age      ] GC(99) - age   5:     399872 bytes,   10281752 total
[2024-10-15T06:57:40.599+0000][125][trace][gc,age      ] GC(99) - age   6:      47720 bytes,   10329472 total
[2024-10-15T06:57:40.599+0000][125][trace][gc,age      ] GC(99) - age   7:         80 bytes,   10329552 total
[2024-10-15T06:57:40.599+0000][125][trace][gc,age      ] GC(99) - age   8:      12000 bytes,   10341552 total
[2024-10-15T06:57:40.599+0000][125][trace][gc,age      ] GC(99) - age   9:      12368 bytes,   10353920 total
[2024-10-15T06:57:40.599+0000][125][trace][gc,age      ] GC(99) - age  10:         40 bytes,   10353960 total
[2024-10-15T06:57:40.599+0000][125][trace][gc,age      ] GC(99) - age  11:        120 bytes,   10354080 total
[2024-10-15T06:57:40.600+0000][125][trace][gc,age      ] GC(99) - age  13:         32 bytes,   10354112 total
[2024-10-15T06:57:40.600+0000][125][trace][gc,age      ] GC(99) - age  14:     474984 bytes,   10829096 total
[2024-10-15T06:57:40.600+0000][125][trace][gc,age      ] GC(99) - age  15:      89728 bytes,   10918824 total
[2024-10-15T06:57:40.600+0000][125][info ][gc,heap     ] GC(99) Eden regions: 818->0(818)
[2024-10-15T06:57:40.600+0000][125][info ][gc,heap     ] GC(99) Survivor regions: 3->3(103)
[2024-10-15T06:57:40.600+0000][125][info ][gc,heap     ] GC(99) Old regions: 39->39
[2024-10-15T06:57:40.600+0000][125][info ][gc,heap     ] GC(99) Humongous regions: 2->2
[2024-10-15T06:57:40.600+0000][125][info ][gc,metaspace] GC(99) Metaspace: 157004K(163008K)->157004K(163008K) NonClass: 135995K(139392K)->135995K(139392K) Class: 21008K(23616K)->21008K(23616K)
[2024-10-15T06:57:40.600+0000][125][info ][gc          ] GC(99) Pause Young (Normal) (G1 Evacuation Pause) 3447M->175M(5476M) 13.023ms
[2024-10-15T06:57:40.600+0000][125][info ][gc,cpu      ] GC(99) User=0.03s Sys=0.00s Real=0.01s
[2024-10-15T06:57:40.600+0000][125][info ][safepoint   ] Safepoint "G1CollectForAllocation", Time since last: 2982162001 ns, Reaching safepoint: 719923 ns, Cleanup: 8838 ns, At safepoint: 13245461 ns, Total: 13974222 ns
[2024-10-15T06:57:42.231+0000][125][info ][gc,start    ] GC(100) Pause Young (Normal) (G1 Evacuation Pause)
[2024-10-15T06:57:42.231+0000][125][info ][gc,task     ] GC(100) Using 4 workers of 4 for evacuation
[2024-10-15T06:57:42.231+0000][125][debug][gc,age      ] GC(100) Desired survivor size 216006656 bytes, new threshold 15 (max threshold 15)
[2024-10-15T06:57:42.255+0000][125][info ][gc,phases   ] GC(100)   Pre Evacuate Collection Set: 0.70ms
[2024-10-15T06:57:42.256+0000][125][info ][gc,phases   ] GC(100)   Merge Heap Roots: 0.42ms
[2024-10-15T06:57:42.256+0000][125][info ][gc,phases   ] GC(100)   Evacuate Collection Set: 14.88ms
[2024-10-15T06:57:42.256+0000][125][info ][gc,phases   ] GC(100)   Post Evacuate Collection Set: 8.06ms
[2024-10-15T06:57:42.256+0000][125][info ][gc,phases   ] GC(100)   Other: 0.39ms
[2024-10-15T06:57:42.256+0000][125][trace][gc,age      ] GC(100) Age table with threshold 15 (max threshold 15)
[2024-10-15T06:57:42.256+0000][125][trace][gc,age      ] GC(100) - age   1:    7931072 bytes,    7931072 total
[2024-10-15T06:57:42.256+0000][125][trace][gc,age      ] GC(100) - age   2:     826760 bytes,    8757832 total
[2024-10-15T06:57:42.256+0000][125][trace][gc,age      ] GC(100) - age   3:     505064 bytes,    9262896 total
[2024-10-15T06:57:42.256+0000][125][trace][gc,age      ] GC(100) - age   4:     333656 bytes,    9596552 total
[2024-10-15T06:57:42.256+0000][125][trace][gc,age      ] GC(100) - age   5:    1052448 bytes,   10649000 total
[2024-10-15T06:57:42.256+0000][125][trace][gc,age      ] GC(100) - age   6:     399872 bytes,   11048872 total
[2024-10-15T06:57:42.256+0000][125][trace][gc,age      ] GC(100) - age   7:      47720 bytes,   11096592 total
[2024-10-15T06:57:42.256+0000][125][trace][gc,age      ] GC(100) - age   8:         80 bytes,   11096672 total
[2024-10-15T06:57:42.256+0000][125][trace][gc,age      ] GC(100) - age   9:      12000 bytes,   11108672 total
[2024-10-15T06:57:42.256+0000][125][trace][gc,age      ] GC(100) - age  10:      12328 bytes,   11121000 total
[2024-10-15T06:57:42.256+0000][125][trace][gc,age      ] GC(100) - age  11:         40 bytes,   11121040 total
[2024-10-15T06:57:42.256+0000][125][trace][gc,age      ] GC(100) - age  12:        120 bytes,   11121160 total
[2024-10-15T06:57:42.256+0000][125][trace][gc,age      ] GC(100) - age  14:         32 bytes,   11121192 total
[2024-10-15T06:57:42.256+0000][125][trace][gc,age      ] GC(100) - age  15:     449104 bytes,   11570296 total
[2024-10-15T06:57:42.256+0000][125][info ][gc,heap     ] GC(100) Eden regions: 818->0(818)
[2024-10-15T06:57:42.256+0000][125][info ][gc,heap     ] GC(100) Survivor regions: 3->3(103)
[2024-10-15T06:57:42.256+0000][125][info ][gc,heap     ] GC(100) Old regions: 39->39
[2024-10-15T06:57:42.256+0000][125][info ][gc,heap     ] GC(100) Humongous regions: 2->2
[2024-10-15T06:57:42.256+0000][125][info ][gc,metaspace] GC(100) Metaspace: 157004K(163008K)->157004K(163008K) NonClass: 135995K(139392K)->135995K(139392K) Class: 21008K(23616K)->21008K(23616K)
[2024-10-15T06:57:42.256+0000][125][info ][gc          ] GC(100) Pause Young (Normal) (G1 Evacuation Pause) 3447M->175M(5476M) 25.164ms
[2024-10-15T06:57:42.256+0000][125][info ][gc,cpu      ] GC(100) User=0.06s Sys=0.01s Real=0.03s
[2024-10-15T06:57:42.257+0000][125][info ][safepoint   ] Safepoint "G1CollectForAllocation", Time since last: 1630835380 ns, Reaching safepoint: 233535 ns, Cleanup: 5970 ns, At safepoint: 25760447 ns, Total: 25999952 ns
[2024-10-15T06:57:44.402+0000][125][info ][safepoint   ] Safepoint "Cleanup", Time since last: 2143786914 ns, Reaching safepoint: 1203647 ns, Cleanup: 16401 ns, At safepoint: 154680 ns, Total: 1374728 ns
[2024-10-15T06:57:44.673+0000][125][info ][gc,start    ] GC(101) Pause Young (Normal) (G1 Evacuation Pause)
[2024-10-15T06:57:44.673+0000][125][info ][gc,task     ] GC(101) Using 4 workers of 4 for evacuation
[2024-10-15T06:57:44.673+0000][125][debug][gc,age      ] GC(101) Desired survivor size 216006656 bytes, new threshold 15 (max threshold 15)
[2024-10-15T06:57:44.682+0000][125][info ][gc,phases   ] GC(101)   Pre Evacuate Collection Set: 0.97ms
[2024-10-15T06:57:44.682+0000][125][info ][gc,phases   ] GC(101)   Merge Heap Roots: 0.28ms
[2024-10-15T06:57:44.682+0000][125][info ][gc,phases   ] GC(101)   Evacuate Collection Set: 6.33ms
[2024-10-15T06:57:44.682+0000][125][info ][gc,phases   ] GC(101)   Post Evacuate Collection Set: 1.74ms
[2024-10-15T06:57:44.682+0000][125][info ][gc,phases   ] GC(101)   Other: 0.15ms
[2024-10-15T06:57:44.682+0000][125][trace][gc,age      ] GC(101) Age table with threshold 15 (max threshold 15)
[2024-10-15T06:57:44.682+0000][125][trace][gc,age      ] GC(101) - age   1:    7728544 bytes,    7728544 total
[2024-10-15T06:57:44.682+0000][125][trace][gc,age      ] GC(101) - age   2:    1220664 bytes,    8949208 total
[2024-10-15T06:57:44.682+0000][125][trace][gc,age      ] GC(101) - age   3:     822296 bytes,    9771504 total
[2024-10-15T06:57:44.682+0000][125][trace][gc,age      ] GC(101) - age   4:     504480 bytes,   10275984 total
[2024-10-15T06:57:44.682+0000][125][trace][gc,age      ] GC(101) - age   5:     332888 bytes,   10608872 total
[2024-10-15T06:57:44.682+0000][125][trace][gc,age      ] GC(101) - age   6:        648 bytes,   10609520 total
[2024-10-15T06:57:44.682+0000][125][trace][gc,age      ] GC(101) - age   7:     399872 bytes,   11009392 total
[2024-10-15T06:57:44.682+0000][125][trace][gc,age      ] GC(101) - age   8:      47720 bytes,   11057112 total
[2024-10-15T06:57:44.682+0000][125][trace][gc,age      ] GC(101) - age   9:         80 bytes,   11057192 total
[2024-10-15T06:57:44.682+0000][125][trace][gc,age      ] GC(101) - age  10:      11960 bytes,   11069152 total
[2024-10-15T06:57:44.682+0000][125][trace][gc,age      ] GC(101) - age  11:      12328 bytes,   11081480 total
[2024-10-15T06:57:44.682+0000][125][trace][gc,age      ] GC(101) - age  12:         40 bytes,   11081520 total
[2024-10-15T06:57:44.682+0000][125][trace][gc,age      ] GC(101) - age  13:         80 bytes,   11081600 total
[2024-10-15T06:57:44.682+0000][125][trace][gc,age      ] GC(101) - age  15:         32 bytes,   11081632 total
[2024-10-15T06:57:44.682+0000][125][info ][gc,heap     ] GC(101) Eden regions: 818->0(818)
[2024-10-15T06:57:44.682+0000][125][info ][gc,heap     ] GC(101) Survivor regions: 3->3(103)
[2024-10-15T06:57:44.682+0000][125][info ][gc,heap     ] GC(101) Old regions: 39->39
[2024-10-15T06:57:44.683+0000][125][info ][gc,heap     ] GC(101) Humongous regions: 2->2
[2024-10-15T06:57:44.683+0000][125][info ][gc,metaspace] GC(101) Metaspace: 157004K(163008K)->157004K(163008K) NonClass: 135995K(139392K)->135995K(139392K) Class: 21008K(23616K)->21008K(23616K)
[2024-10-15T06:57:44.683+0000][125][info ][gc          ] GC(101) Pause Young (Normal) (G1 Evacuation Pause) 3447M->175M(5476M) 9.815ms
[2024-10-15T06:57:44.683+0000][125][info ][gc,cpu      ] GC(101) User=0.03s Sys=0.00s Real=0.01s
[2024-10-15T06:57:44.683+0000][125][info ][safepoint   ] Safepoint "G1CollectForAllocation", Time since last: 269476806 ns, Reaching safepoint: 1426893 ns, Cleanup: 7601 ns, At safepoint: 10092850 ns, Total: 11527344 ns
[2024-10-15T06:57:47.263+0000][125][info ][gc,start    ] GC(102) Pause Young (Normal) (G1 Evacuation Pause)
[2024-10-15T06:57:47.263+0000][125][info ][gc,task     ] GC(102) Using 4 workers of 4 for evacuation
[2024-10-15T06:57:47.263+0000][125][debug][gc,age      ] GC(102) Desired survivor size 216006656 bytes, new threshold 15 (max threshold 15)
[2024-10-15T06:57:47.273+0000][125][info ][gc,phases   ] GC(102)   Pre Evacuate Collection Set: 0.62ms
[2024-10-15T06:57:47.273+0000][125][info ][gc,phases   ] GC(102)   Merge Heap Roots: 0.33ms
[2024-10-15T06:57:47.273+0000][125][info ][gc,phases   ] GC(102)   Evacuate Collection Set: 5.88ms
[2024-10-15T06:57:47.273+0000][125][info ][gc,phases   ] GC(102)   Post Evacuate Collection Set: 3.04ms
[2024-10-15T06:57:47.273+0000][125][info ][gc,phases   ] GC(102)   Other: 0.13ms
[2024-10-15T06:57:47.273+0000][125][trace][gc,age      ] GC(102) Age table with threshold 15 (max threshold 15)
[2024-10-15T06:57:47.274+0000][125][trace][gc,age      ] GC(102) - age   1:    4751856 bytes,    4751856 total
[2024-10-15T06:57:47.274+0000][125][trace][gc,age      ] GC(102) - age   2:    1143656 bytes,    5895512 total
[2024-10-15T06:57:47.274+0000][125][trace][gc,age      ] GC(102) - age   3:    1108168 bytes,    7003680 total
[2024-10-15T06:57:47.274+0000][125][trace][gc,age      ] GC(102) - age   4:     285040 bytes,    7288720 total
[2024-10-15T06:57:47.274+0000][125][trace][gc,age      ] GC(102) - age   5:     473328 bytes,    7762048 total
[2024-10-15T06:57:47.274+0000][125][trace][gc,age      ] GC(102) - age   6:     332808 bytes,    8094856 total
[2024-10-15T06:57:47.274+0000][125][trace][gc,age      ] GC(102) - age   7:        648 bytes,    8095504 total
[2024-10-15T06:57:47.274+0000][125][trace][gc,age      ] GC(102) - age   8:     399872 bytes,    8495376 total
[2024-10-15T06:57:47.274+0000][125][trace][gc,age      ] GC(102) - age   9:      47720 bytes,    8543096 total
[2024-10-15T06:57:47.274+0000][125][trace][gc,age      ] GC(102) - age  10:         80 bytes,    8543176 total
[2024-10-15T06:57:47.274+0000][125][trace][gc,age      ] GC(102) - age  11:      11960 bytes,    8555136 total
[2024-10-15T06:57:47.274+0000][125][trace][gc,age      ] GC(102) - age  12:      12328 bytes,    8567464 total
[2024-10-15T06:57:47.274+0000][125][trace][gc,age      ] GC(102) - age  13:         40 bytes,    8567504 total
[2024-10-15T06:57:47.274+0000][125][trace][gc,age      ] GC(102) - age  14:         80 bytes,    8567584 total
[2024-10-15T06:57:47.274+0000][125][info ][gc,heap     ] GC(102) Eden regions: 818->0(818)
[2024-10-15T06:57:47.274+0000][125][info ][gc,heap     ] GC(102) Survivor regions: 3->3(103)
[2024-10-15T06:57:47.274+0000][125][info ][gc,heap     ] GC(102) Old regions: 39->39
[2024-10-15T06:57:47.274+0000][125][info ][gc,heap     ] GC(102) Humongous regions: 2->2
[2024-10-15T06:57:47.274+0000][125][info ][gc,metaspace] GC(102) Metaspace: 157011K(163008K)->157011K(163008K) NonClass: 136002K(139392K)->136002K(139392K) Class: 21008K(23616K)->21008K(23616K)
[2024-10-15T06:57:47.274+0000][125][info ][gc          ] GC(102) Pause Young (Normal) (G1 Evacuation Pause) 3447M->173M(5476M) 10.399ms
[2024-10-15T06:57:47.274+0000][125][info ][gc,cpu      ] GC(102) User=0.03s Sys=0.01s Real=0.01s
[2024-10-15T06:57:47.274+0000][125][info ][safepoint   ] Safepoint "G1CollectForAllocation", Time since last: 2580378630 ns, Reaching safepoint: 29382 ns, Cleanup: 9691 ns, At safepoint: 10646799 ns, Total: 10685872 ns
[2024-10-15T06:57:48.401+0000][125][info ][safepoint   ] Safepoint "Cleanup", Time since last: 1114187531 ns, Reaching safepoint: 4117451 ns, Cleanup: 53302 ns, At safepoint: 8368029 ns, Total: 12538782 ns
[2024-10-15T06:57:49.556+0000][125][info ][safepoint   ] Safepoint "Cleanup", Time since last: 1150686214 ns, Reaching safepoint: 3514453 ns, Cleanup: 82344 ns, At safepoint: 1290056 ns, Total: 4886853 ns
[2024-10-15T06:57:49.628+0000][125][info ][gc,start    ] GC(103) Pause Young (Normal) (G1 Evacuation Pause)
[2024-10-15T06:57:49.628+0000][125][info ][gc,task     ] GC(103) Using 4 workers of 4 for evacuation
[2024-10-15T06:57:49.628+0000][125][debug][gc,age      ] GC(103) Desired survivor size 216006656 bytes, new threshold 15 (max threshold 15)
[2024-10-15T06:57:49.677+0000][125][info ][gc,phases   ] GC(103)   Pre Evacuate Collection Set: 1.43ms
[2024-10-15T06:57:49.677+0000][125][info ][gc,phases   ] GC(103)   Merge Heap Roots: 0.58ms
[2024-10-15T06:57:49.677+0000][125][info ][gc,phases   ] GC(103)   Evacuate Collection Set: 41.15ms
[2024-10-15T06:57:49.677+0000][125][info ][gc,phases   ] GC(103)   Post Evacuate Collection Set: 5.14ms
[2024-10-15T06:57:49.677+0000][125][info ][gc,phases   ] GC(103)   Other: 0.52ms
[2024-10-15T06:57:49.677+0000][125][trace][gc,age      ] GC(103) Age table with threshold 15 (max threshold 15)
[2024-10-15T06:57:49.677+0000][125][trace][gc,age      ] GC(103) - age   1:    5494136 bytes,    5494136 total
[2024-10-15T06:57:49.677+0000][125][trace][gc,age      ] GC(103) - age   2:      35280 bytes,    5529416 total
[2024-10-15T06:57:49.677+0000][125][trace][gc,age      ] GC(103) - age   3:    1111208 bytes,    6640624 total
[2024-10-15T06:57:49.677+0000][125][trace][gc,age      ] GC(103) - age   4:    1107624 bytes,    7748248 total
[2024-10-15T06:57:49.678+0000][125][trace][gc,age      ] GC(103) - age   5:     129344 bytes,    7877592 total
[2024-10-15T06:57:49.678+0000][125][trace][gc,age      ] GC(103) - age   6:      81952 bytes,    7959544 total
[2024-10-15T06:57:49.678+0000][125][trace][gc,age      ] GC(103) - age   7:     145928 bytes,    8105472 total
[2024-10-15T06:57:49.678+0000][125][trace][gc,age      ] GC(103) - age   8:        648 bytes,    8106120 total
[2024-10-15T06:57:49.678+0000][125][trace][gc,age      ] GC(103) - age   9:     399832 bytes,    8505952 total
[2024-10-15T06:57:49.678+0000][125][trace][gc,age      ] GC(103) - age  10:      47680 bytes,    8553632 total
[2024-10-15T06:57:49.678+0000][125][trace][gc,age      ] GC(103) - age  11:         80 bytes,    8553712 total
[2024-10-15T06:57:49.678+0000][125][trace][gc,age      ] GC(103) - age  12:      11960 bytes,    8565672 total
[2024-10-15T06:57:49.678+0000][125][trace][gc,age      ] GC(103) - age  13:      12288 bytes,    8577960 total
[2024-10-15T06:57:49.678+0000][125][trace][gc,age      ] GC(103) - age  14:         40 bytes,    8578000 total
[2024-10-15T06:57:49.678+0000][125][trace][gc,age      ] GC(103) - age  15:         80 bytes,    8578080 total
[2024-10-15T06:57:49.678+0000][125][info ][gc,heap     ] GC(103) Eden regions: 818->0(818)
[2024-10-15T06:57:49.678+0000][125][info ][gc,heap     ] GC(103) Survivor regions: 3->3(103)
[2024-10-15T06:57:49.678+0000][125][info ][gc,heap     ] GC(103) Old regions: 39->39
[2024-10-15T06:57:49.678+0000][125][info ][gc,heap     ] GC(103) Humongous regions: 2->2
[2024-10-15T06:57:49.678+0000][125][info ][gc,metaspace] GC(103) Metaspace: 157011K(163008K)->157011K(163008K) NonClass: 136002K(139392K)->136002K(139392K) Class: 21008K(23616K)->21008K(23616K)
[2024-10-15T06:57:49.678+0000][125][info ][gc          ] GC(103) Pause Young (Normal) (G1 Evacuation Pause) 3445M->173M(5476M) 49.803ms
[2024-10-15T06:57:49.678+0000][125][info ][gc,cpu      ] GC(103) User=0.08s Sys=0.01s Real=0.05s
[2024-10-15T06:57:49.678+0000][125][info ][safepoint   ] Safepoint "G1CollectForAllocation", Time since last: 70738699 ns, Reaching safepoint: 973256 ns, Cleanup: 14107 ns, At safepoint: 50064778 ns, Total: 51052141 ns
[2024-10-15T06:57:50.701+0000][125][info ][safepoint   ] Safepoint "Cleanup", Time since last: 1009982402 ns, Reaching safepoint: 468914 ns, Cleanup: 10062 ns, At safepoint: 12496842 ns, Total: 12975818 ns
[2024-10-15T06:57:51.373+0000][125][info ][gc,start    ] GC(104) Pause Young (Normal) (G1 Evacuation Pause)
[2024-10-15T06:57:51.373+0000][125][info ][gc,task     ] GC(104) Using 4 workers of 4 for evacuation
[2024-10-15T06:57:51.373+0000][125][debug][gc,age      ] GC(104) Desired survivor size 216006656 bytes, new threshold 15 (max threshold 15)
[2024-10-15T06:57:51.384+0000][125][info ][gc,phases   ] GC(104)   Pre Evacuate Collection Set: 1.07ms
[2024-10-15T06:57:51.384+0000][125][info ][gc,phases   ] GC(104)   Merge Heap Roots: 0.36ms
[2024-10-15T06:57:51.384+0000][125][info ][gc,phases   ] GC(104)   Evacuate Collection Set: 6.40ms
[2024-10-15T06:57:51.384+0000][125][info ][gc,phases   ] GC(104)   Post Evacuate Collection Set: 2.47ms
[2024-10-15T06:57:51.384+0000][125][info ][gc,phases   ] GC(104)   Other: 0.10ms
[2024-10-15T06:57:51.384+0000][125][trace][gc,age      ] GC(104) Age table with threshold 15 (max threshold 15)
[2024-10-15T06:57:51.384+0000][125][trace][gc,age      ] GC(104) - age   1:    7646488 bytes,    7646488 total
[2024-10-15T06:57:51.384+0000][125][trace][gc,age      ] GC(104) - age   2:     146936 bytes,    7793424 total
[2024-10-15T06:57:51.384+0000][125][trace][gc,age      ] GC(104) - age   3:      33552 bytes,    7826976 total
[2024-10-15T06:57:51.384+0000][125][trace][gc,age      ] GC(104) - age   4:    1110688 bytes,    8937664 total
[2024-10-15T06:57:51.384+0000][125][trace][gc,age      ] GC(104) - age   5:    1107464 bytes,   10045128 total
[2024-10-15T06:57:51.384+0000][125][trace][gc,age      ] GC(104) - age   6:     129224 bytes,   10174352 total
[2024-10-15T06:57:51.384+0000][125][trace][gc,age      ] GC(104) - age   7:      81888 bytes,   10256240 total
[2024-10-15T06:57:51.384+0000][125][trace][gc,age      ] GC(104) - age   8:      32736 bytes,   10288976 total
[2024-10-15T06:57:51.384+0000][125][trace][gc,age      ] GC(104) - age   9:        648 bytes,   10289624 total
[2024-10-15T06:57:51.384+0000][125][trace][gc,age      ] GC(104) - age  10:     399832 bytes,   10689456 total
[2024-10-15T06:57:51.384+0000][125][trace][gc,age      ] GC(104) - age  11:      47640 bytes,   10737096 total
[2024-10-15T06:57:51.384+0000][125][trace][gc,age      ] GC(104) - age  12:         80 bytes,   10737176 total
[2024-10-15T06:57:51.384+0000][125][trace][gc,age      ] GC(104) - age  13:      11960 bytes,   10749136 total
[2024-10-15T06:57:51.384+0000][125][trace][gc,age      ] GC(104) - age  14:      12288 bytes,   10761424 total
[2024-10-15T06:57:51.384+0000][125][trace][gc,age      ] GC(104) - age  15:         40 bytes,   10761464 total
[2024-10-15T06:57:51.384+0000][125][info ][gc,heap     ] GC(104) Eden regions: 818->0(818)
[2024-10-15T06:57:51.384+0000][125][info ][gc,heap     ] GC(104) Survivor regions: 3->3(103)
[2024-10-15T06:57:51.384+0000][125][info ][gc,heap     ] GC(104) Old regions: 39->39
[2024-10-15T06:57:51.384+0000][125][info ][gc,heap     ] GC(104) Humongous regions: 2->2
[2024-10-15T06:57:51.384+0000][125][info ][gc,metaspace] GC(104) Metaspace: 157012K(163008K)->157012K(163008K) NonClass: 136003K(139392K)->136003K(139392K) Class: 21008K(23616K)->21008K(23616K)
[2024-10-15T06:57:51.384+0000][125][info ][gc          ] GC(104) Pause Young (Normal) (G1 Evacuation Pause) 3445M->174M(5476M) 10.717ms
[2024-10-15T06:57:51.384+0000][125][info ][gc,cpu      ] GC(104) User=0.02s Sys=0.00s Real=0.01s
[2024-10-15T06:57:51.384+0000][125][info ][safepoint   ] Safepoint "G1CollectForAllocation", Time since last: 671981321 ns, Reaching safepoint: 452426 ns, Cleanup: 6049 ns, At safepoint: 10816592 ns, Total: 11275067 ns
[2024-10-15T06:57:52.394+0000][125][info ][safepoint   ] Safepoint "Cleanup", Time since last: 1008697080 ns, Reaching safepoint: 574354 ns, Cleanup: 22801 ns, At safepoint: 67811 ns, Total: 664966 ns
[2024-10-15T06:57:53.487+0000][125][info ][gc,start    ] GC(105) Pause Young (Normal) (G1 Evacuation Pause)
[2024-10-15T06:57:53.487+0000][125][info ][gc,task     ] GC(105) Using 4 workers of 4 for evacuation
[2024-10-15T06:57:53.487+0000][125][debug][gc,age      ] GC(105) Desired survivor size 216006656 bytes, new threshold 15 (max threshold 15)
[2024-10-15T06:57:53.498+0000][125][info ][gc,phases   ] GC(105)   Pre Evacuate Collection Set: 1.02ms
[2024-10-15T06:57:53.498+0000][125][info ][gc,phases   ] GC(105)   Merge Heap Roots: 0.79ms
[2024-10-15T06:57:53.498+0000][125][info ][gc,phases   ] GC(105)   Evacuate Collection Set: 7.32ms
[2024-10-15T06:57:53.498+0000][125][info ][gc,phases   ] GC(105)   Post Evacuate Collection Set: 1.90ms
[2024-10-15T06:57:53.498+0000][125][info ][gc,phases   ] GC(105)   Other: 0.15ms
[2024-10-15T06:57:53.498+0000][125][trace][gc,age      ] GC(105) Age table with threshold 15 (max threshold 15)
[2024-10-15T06:57:53.498+0000][125][trace][gc,age      ] GC(105) - age   1:    8246976 bytes,    8246976 total
[2024-10-15T06:57:53.498+0000][125][trace][gc,age      ] GC(105) - age   2:     149992 bytes,    8396968 total
[2024-10-15T06:57:53.498+0000][125][trace][gc,age      ] GC(105) - age   3:     142680 bytes,    8539648 total
[2024-10-15T06:57:53.498+0000][125][trace][gc,age      ] GC(105) - age   4:      32264 bytes,    8571912 total
[2024-10-15T06:57:53.498+0000][125][trace][gc,age      ] GC(105) - age   5:    1109448 bytes,    9681360 total
[2024-10-15T06:57:53.498+0000][125][trace][gc,age      ] GC(105) - age   6:    1107384 bytes,   10788744 total
[2024-10-15T06:57:53.498+0000][125][trace][gc,age      ] GC(105) - age   7:     128824 bytes,   10917568 total
[2024-10-15T06:57:53.498+0000][125][trace][gc,age      ] GC(105) - age   8:      81816 bytes,   10999384 total
[2024-10-15T06:57:53.498+0000][125][trace][gc,age      ] GC(105) - age   9:      29328 bytes,   11028712 total
[2024-10-15T06:57:53.498+0000][125][trace][gc,age      ] GC(105) - age  10:        608 bytes,   11029320 total
[2024-10-15T06:57:53.498+0000][125][trace][gc,age      ] GC(105) - age  11:     352416 bytes,   11381736 total
[2024-10-15T06:57:53.498+0000][125][trace][gc,age      ] GC(105) - age  12:      47240 bytes,   11428976 total
[2024-10-15T06:57:53.498+0000][125][trace][gc,age      ] GC(105) - age  13:         40 bytes,   11429016 total
[2024-10-15T06:57:53.498+0000][125][trace][gc,age      ] GC(105) - age  14:      11528 bytes,   11440544 total
[2024-10-15T06:57:53.498+0000][125][trace][gc,age      ] GC(105) - age  15:         96 bytes,   11440640 total
[2024-10-15T06:57:53.498+0000][125][info ][gc,heap     ] GC(105) Eden regions: 818->0(818)
[2024-10-15T06:57:53.498+0000][125][info ][gc,heap     ] GC(105) Survivor regions: 3->3(103)
[2024-10-15T06:57:53.498+0000][125][info ][gc,heap     ] GC(105) Old regions: 39->39
[2024-10-15T06:57:53.498+0000][125][info ][gc,heap     ] GC(105) Humongous regions: 2->2
[2024-10-15T06:57:53.498+0000][125][info ][gc,metaspace] GC(105) Metaspace: 157012K(163008K)->157012K(163008K) NonClass: 136003K(139392K)->136003K(139392K) Class: 21008K(23616K)->21008K(23616K)
[2024-10-15T06:57:53.498+0000][125][info ][gc          ] GC(105) Pause Young (Normal) (G1 Evacuation Pause) 3446M->175M(5476M) 11.450ms
[2024-10-15T06:57:53.498+0000][125][info ][gc,cpu      ] GC(105) User=0.03s Sys=0.00s Real=0.01s
[2024-10-15T06:57:53.499+0000][125][info ][safepoint   ] Safepoint "G1CollectForAllocation", Time since last: 1090784071 ns, Reaching safepoint: 1210940 ns, Cleanup: 59437 ns, At safepoint: 11674417 ns, Total: 12944794 ns
[2024-10-15T06:57:55.033+0000][125][info ][safepoint   ] Safepoint "Cleanup", Time since last: 1532482189 ns, Reaching safepoint: 1679643 ns, Cleanup: 13884 ns, At safepoint: 159030 ns, Total: 1852557 ns
[2024-10-15T06:57:55.691+0000][125][info ][gc,start    ] GC(106) Pause Young (Normal) (G1 Evacuation Pause)
[2024-10-15T06:57:55.692+0000][125][info ][gc,task     ] GC(106) Using 4 workers of 4 for evacuation
[2024-10-15T06:57:55.692+0000][125][debug][gc,age      ] GC(106) Desired survivor size 216006656 bytes, new threshold 15 (max threshold 15)
[2024-10-15T06:57:55.706+0000][125][info ][gc,phases   ] GC(106)   Pre Evacuate Collection Set: 1.48ms
[2024-10-15T06:57:55.706+0000][125][info ][gc,phases   ] GC(106)   Merge Heap Roots: 0.39ms
[2024-10-15T06:57:55.706+0000][125][info ][gc,phases   ] GC(106)   Evacuate Collection Set: 8.66ms
[2024-10-15T06:57:55.706+0000][125][info ][gc,phases   ] GC(106)   Post Evacuate Collection Set: 3.72ms
[2024-10-15T06:57:55.706+0000][125][info ][gc,phases   ] GC(106)   Other: 0.29ms
[2024-10-15T06:57:55.706+0000][125][trace][gc,age      ] GC(106) Age table with threshold 15 (max threshold 15)
[2024-10-15T06:57:55.706+0000][125][trace][gc,age      ] GC(106) - age   1:    5108032 bytes,    5108032 total
[2024-10-15T06:57:55.706+0000][125][trace][gc,age      ] GC(106) - age   2:     401208 bytes,    5509240 total
[2024-10-15T06:57:55.706+0000][125][trace][gc,age      ] GC(106) - age   3:      35960 bytes,    5545200 total
[2024-10-15T06:57:55.706+0000][125][trace][gc,age      ] GC(106) - age   4:      30128 bytes,    5575328 total
[2024-10-15T06:57:55.706+0000][125][trace][gc,age      ] GC(106) - age   5:      30848 bytes,    5606176 total
[2024-10-15T06:57:55.706+0000][125][trace][gc,age      ] GC(106) - age   6:    1081304 bytes,    6687480 total
[2024-10-15T06:57:55.706+0000][125][trace][gc,age      ] GC(106) - age   7:    1106968 bytes,    7794448 total
[2024-10-15T06:57:55.706+0000][125][trace][gc,age      ] GC(106) - age   8:     100880 bytes,    7895328 total
[2024-10-15T06:57:55.706+0000][125][trace][gc,age      ] GC(106) - age   9:      81480 bytes,    7976808 total
[2024-10-15T06:57:55.706+0000][125][trace][gc,age      ] GC(106) - age  10:      29328 bytes,    8006136 total
[2024-10-15T06:57:55.706+0000][125][trace][gc,age      ] GC(106) - age  11:        608 bytes,    8006744 total
[2024-10-15T06:57:55.706+0000][125][trace][gc,age      ] GC(106) - age  12:     352416 bytes,    8359160 total
[2024-10-15T06:57:55.706+0000][125][trace][gc,age      ] GC(106) - age  13:      47200 bytes,    8406360 total
[2024-10-15T06:57:55.706+0000][125][trace][gc,age      ] GC(106) - age  14:         40 bytes,    8406400 total
[2024-10-15T06:57:55.706+0000][125][trace][gc,age      ] GC(106) - age  15:         80 bytes,    8406480 total
[2024-10-15T06:57:55.706+0000][125][info ][gc,heap     ] GC(106) Eden regions: 818->0(818)
[2024-10-15T06:57:55.706+0000][125][info ][gc,heap     ] GC(106) Survivor regions: 3->3(103)
[2024-10-15T06:57:55.706+0000][125][info ][gc,heap     ] GC(106) Old regions: 39->39
[2024-10-15T06:57:55.706+0000][125][info ][gc,heap     ] GC(106) Humongous regions: 2->2
[2024-10-15T06:57:55.706+0000][125][info ][gc,metaspace] GC(106) Metaspace: 157012K(163008K)->157012K(163008K) NonClass: 136003K(139392K)->136003K(139392K) Class: 21008K(23616K)->21008K(23616K)
[2024-10-15T06:57:55.706+0000][125][info ][gc          ] GC(106) Pause Young (Normal) (G1 Evacuation Pause) 3447M->173M(5476M) 15.037ms
[2024-10-15T06:57:55.706+0000][125][info ][gc,cpu      ] GC(106) User=0.02s Sys=0.01s Real=0.02s
[2024-10-15T06:57:55.707+0000][125][info ][safepoint   ] Safepoint "G1CollectForAllocation", Time since last: 656747904 ns, Reaching safepoint: 1513305 ns, Cleanup: 72921 ns, At safepoint: 15353630 ns, Total: 16939856 ns
[2024-10-15T06:57:56.708+0000][125][info ][safepoint   ] Safepoint "Cleanup", Time since last: 1001052370 ns, Reaching safepoint: 224534 ns, Cleanup: 15490 ns, At safepoint: 120399 ns, Total: 360423 ns
[2024-10-15T06:57:57.241+0000][125][info ][gc,start    ] GC(107) Pause Young (Normal) (G1 Evacuation Pause)
[2024-10-15T06:57:57.241+0000][125][info ][gc,task     ] GC(107) Using 4 workers of 4 for evacuation
[2024-10-15T06:57:57.241+0000][125][debug][gc,age      ] GC(107) Desired survivor size 216006656 bytes, new threshold 15 (max threshold 15)
[2024-10-15T06:57:57.252+0000][125][info ][gc,phases   ] GC(107)   Pre Evacuate Collection Set: 1.14ms
[2024-10-15T06:57:57.252+0000][125][info ][gc,phases   ] GC(107)   Merge Heap Roots: 1.19ms
[2024-10-15T06:57:57.252+0000][125][info ][gc,phases   ] GC(107)   Evacuate Collection Set: 6.17ms
[2024-10-15T06:57:57.252+0000][125][info ][gc,phases   ] GC(107)   Post Evacuate Collection Set: 2.54ms
[2024-10-15T06:57:57.252+0000][125][info ][gc,phases   ] GC(107)   Other: 0.20ms
[2024-10-15T06:57:57.252+0000][125][trace][gc,age      ] GC(107) Age table with threshold 15 (max threshold 15)
[2024-10-15T06:57:57.252+0000][125][trace][gc,age      ] GC(107) - age   1:    5900480 bytes,    5900480 total
[2024-10-15T06:57:57.252+0000][125][trace][gc,age      ] GC(107) - age   2:     158344 bytes,    6058824 total
[2024-10-15T06:57:57.252+0000][125][trace][gc,age      ] GC(107) - age   3:     285240 bytes,    6344064 total
[2024-10-15T06:57:57.252+0000][125][trace][gc,age      ] GC(107) - age   4:      34496 bytes,    6378560 total
[2024-10-15T06:57:57.252+0000][125][trace][gc,age      ] GC(107) - age   5:      30128 bytes,    6408688 total
[2024-10-15T06:57:57.252+0000][125][trace][gc,age      ] GC(107) - age   6:      30792 bytes,    6439480 total
[2024-10-15T06:57:57.252+0000][125][trace][gc,age      ] GC(107) - age   7:    1052768 bytes,    7492248 total
[2024-10-15T06:57:57.252+0000][125][trace][gc,age      ] GC(107) - age   8:    1079688 bytes,    8571936 total
[2024-10-15T06:57:57.252+0000][125][trace][gc,age      ] GC(107) - age   9:     100840 bytes,    8672776 total
[2024-10-15T06:57:57.252+0000][125][trace][gc,age      ] GC(107) - age  10:      81480 bytes,    8754256 total
[2024-10-15T06:57:57.252+0000][125][trace][gc,age      ] GC(107) - age  11:      29288 bytes,    8783544 total
[2024-10-15T06:57:57.252+0000][125][trace][gc,age      ] GC(107) - age  12:        608 bytes,    8784152 total
[2024-10-15T06:57:57.252+0000][125][trace][gc,age      ] GC(107) - age  13:     352416 bytes,    9136568 total
[2024-10-15T06:57:57.252+0000][125][trace][gc,age      ] GC(107) - age  14:      47200 bytes,    9183768 total
[2024-10-15T06:57:57.252+0000][125][trace][gc,age      ] GC(107) - age  15:         40 bytes,    9183808 total
[2024-10-15T06:57:57.252+0000][125][info ][gc,heap     ] GC(107) Eden regions: 818->0(818)
[2024-10-15T06:57:57.252+0000][125][info ][gc,heap     ] GC(107) Survivor regions: 3->3(103)
[2024-10-15T06:57:57.252+0000][125][info ][gc,heap     ] GC(107) Old regions: 39->39
[2024-10-15T06:57:57.252+0000][125][info ][gc,heap     ] GC(107) Humongous regions: 2->2
[2024-10-15T06:57:57.252+0000][125][info ][gc,metaspace] GC(107) Metaspace: 157012K(163008K)->157012K(163008K) NonClass: 136003K(139392K)->136003K(139392K) Class: 21008K(23616K)->21008K(23616K)
[2024-10-15T06:57:57.252+0000][125][info ][gc          ] GC(107) Pause Young (Normal) (G1 Evacuation Pause) 3445M->173M(5476M) 11.555ms
[2024-10-15T06:57:57.252+0000][125][info ][gc,cpu      ] GC(107) User=0.03s Sys=0.00s Real=0.01s
[2024-10-15T06:57:57.253+0000][125][info ][safepoint   ] Safepoint "G1CollectForAllocation", Time since last: 532129579 ns, Reaching safepoint: 697726 ns, Cleanup: 12181 ns, At safepoint: 12616455 ns, Total: 13326362 ns
[2024-10-15T06:57:58.264+0000][125][info ][safepoint   ] Safepoint "Cleanup", Time since last: 1009455161 ns, Reaching safepoint: 1078251 ns, Cleanup: 18774 ns, At safepoint: 92915 ns, Total: 1189940 ns
[2024-10-15T06:57:59.018+0000][125][info ][gc,start    ] GC(108) Pause Young (Normal) (G1 Evacuation Pause)
[2024-10-15T06:57:59.018+0000][125][info ][gc,task     ] GC(108) Using 4 workers of 4 for evacuation
[2024-10-15T06:57:59.018+0000][125][debug][gc,age      ] GC(108) Desired survivor size 216006656 bytes, new threshold 15 (max threshold 15)
[2024-10-15T06:57:59.029+0000][125][info ][gc,phases   ] GC(108)   Pre Evacuate Collection Set: 0.55ms
[2024-10-15T06:57:59.029+0000][125][info ][gc,phases   ] GC(108)   Merge Heap Roots: 0.74ms
[2024-10-15T06:57:59.029+0000][125][info ][gc,phases   ] GC(108)   Evacuate Collection Set: 5.99ms
[2024-10-15T06:57:59.029+0000][125][info ][gc,phases   ] GC(108)   Post Evacuate Collection Set: 3.39ms
[2024-10-15T06:57:59.029+0000][125][info ][gc,phases   ] GC(108)   Other: 0.22ms
[2024-10-15T06:57:59.029+0000][125][trace][gc,age      ] GC(108) Age table with threshold 15 (max threshold 15)
[2024-10-15T06:57:59.029+0000][125][trace][gc,age      ] GC(108) - age   1:    6332768 bytes,    6332768 total
[2024-10-15T06:57:59.029+0000][125][trace][gc,age      ] GC(108) - age   2:     144760 bytes,    6477528 total
[2024-10-15T06:57:59.029+0000][125][trace][gc,age      ] GC(108) - age   3:     155056 bytes,    6632584 total
[2024-10-15T06:57:59.029+0000][125][trace][gc,age      ] GC(108) - age   4:     284536 bytes,    6917120 total
[2024-10-15T06:57:59.029+0000][125][trace][gc,age      ] GC(108) - age   5:      34496 bytes,    6951616 total
[2024-10-15T06:57:59.029+0000][125][trace][gc,age      ] GC(108) - age   6:      30128 bytes,    6981744 total
[2024-10-15T06:57:59.029+0000][125][trace][gc,age      ] GC(108) - age   7:      30792 bytes,    7012536 total
[2024-10-15T06:57:59.029+0000][125][trace][gc,age      ] GC(108) - age   8:    1052768 bytes,    8065304 total
[2024-10-15T06:57:59.029+0000][125][trace][gc,age      ] GC(108) - age   9:    1079568 bytes,    9144872 total
[2024-10-15T06:57:59.029+0000][125][trace][gc,age      ] GC(108) - age  10:     100840 bytes,    9245712 total
[2024-10-15T06:57:59.029+0000][125][trace][gc,age      ] GC(108) - age  11:      81440 bytes,    9327152 total
[2024-10-15T06:57:59.029+0000][125][trace][gc,age      ] GC(108) - age  12:      29288 bytes,    9356440 total
[2024-10-15T06:57:59.029+0000][125][trace][gc,age      ] GC(108) - age  13:        568 bytes,    9357008 total
[2024-10-15T06:57:59.029+0000][125][trace][gc,age      ] GC(108) - age  14:     352416 bytes,    9709424 total
[2024-10-15T06:57:59.029+0000][125][trace][gc,age      ] GC(108) - age  15:      47200 bytes,    9756624 total
[2024-10-15T06:57:59.029+0000][125][info ][gc,heap     ] GC(108) Eden regions: 818->0(818)
[2024-10-15T06:57:59.029+0000][125][info ][gc,heap     ] GC(108) Survivor regions: 3->3(103)
[2024-10-15T06:57:59.029+0000][125][info ][gc,heap     ] GC(108) Old regions: 39->39
[2024-10-15T06:57:59.029+0000][125][info ][gc,heap     ] GC(108) Humongous regions: 2->2
[2024-10-15T06:57:59.029+0000][125][info ][gc,metaspace] GC(108) Metaspace: 157012K(163008K)->157012K(163008K) NonClass: 136003K(139392K)->136003K(139392K) Class: 21008K(23616K)->21008K(23616K)
[2024-10-15T06:57:59.029+0000][125][info ][gc          ] GC(108) Pause Young (Normal) (G1 Evacuation Pause) 3445M->174M(5476M) 11.147ms
[2024-10-15T06:57:59.029+0000][125][info ][gc,cpu      ] GC(108) User=0.03s Sys=0.01s Real=0.01s
[2024-10-15T06:57:59.029+0000][125][info ][safepoint   ] Safepoint "G1CollectForAllocation", Time since last: 753074397 ns, Reaching safepoint: 563308 ns, Cleanup: 12159 ns, At safepoint: 11642773 ns, Total: 12218240 ns
[2024-10-15T06:58:00.859+0000][125][info ][gc,start    ] GC(109) Pause Young (Normal) (G1 Evacuation Pause)
[2024-10-15T06:58:00.859+0000][125][info ][gc,task     ] GC(109) Using 4 workers of 4 for evacuation
[2024-10-15T06:58:00.859+0000][125][debug][gc,age      ] GC(109) Desired survivor size 216006656 bytes, new threshold 15 (max threshold 15)
[2024-10-15T06:58:00.872+0000][125][info ][gc,phases   ] GC(109)   Pre Evacuate Collection Set: 1.03ms
[2024-10-15T06:58:00.872+0000][125][info ][gc,phases   ] GC(109)   Merge Heap Roots: 0.36ms
[2024-10-15T06:58:00.872+0000][125][info ][gc,phases   ] GC(109)   Evacuate Collection Set: 8.71ms
[2024-10-15T06:58:00.872+0000][125][info ][gc,phases   ] GC(109)   Post Evacuate Collection Set: 2.48ms
[2024-10-15T06:58:00.872+0000][125][info ][gc,phases   ] GC(109)   Other: 0.19ms
[2024-10-15T06:58:00.872+0000][125][trace][gc,age      ] GC(109) Age table with threshold 15 (max threshold 15)
[2024-10-15T06:58:00.872+0000][125][trace][gc,age      ] GC(109) - age   1:    7447128 bytes,    7447128 total
[2024-10-15T06:58:00.872+0000][125][trace][gc,age      ] GC(109) - age   2:     120072 bytes,    7567200 total
[2024-10-15T06:58:00.872+0000][125][trace][gc,age      ] GC(109) - age   3:     142216 bytes,    7709416 total
[2024-10-15T06:58:00.872+0000][125][trace][gc,age      ] GC(109) - age   4:     153480 bytes,    7862896 total
[2024-10-15T06:58:00.872+0000][125][trace][gc,age      ] GC(109) - age   5:     284152 bytes,    8147048 total
[2024-10-15T06:58:00.872+0000][125][trace][gc,age      ] GC(109) - age   6:      34496 bytes,    8181544 total
[2024-10-15T06:58:00.872+0000][125][trace][gc,age      ] GC(109) - age   7:      30048 bytes,    8211592 total
[2024-10-15T06:58:00.872+0000][125][trace][gc,age      ] GC(109) - age   8:      30792 bytes,    8242384 total
[2024-10-15T06:58:00.872+0000][125][trace][gc,age      ] GC(109) - age   9:    1052688 bytes,    9295072 total
[2024-10-15T06:58:00.872+0000][125][trace][gc,age      ] GC(109) - age  10:    1079552 bytes,   10374624 total
[2024-10-15T06:58:00.872+0000][125][trace][gc,age      ] GC(109) - age  11:     100536 bytes,   10475160 total
[2024-10-15T06:58:00.872+0000][125][trace][gc,age      ] GC(109) - age  12:      81440 bytes,   10556600 total
[2024-10-15T06:58:00.872+0000][125][trace][gc,age      ] GC(109) - age  13:      29288 bytes,   10585888 total
[2024-10-15T06:58:00.872+0000][125][trace][gc,age      ] GC(109) - age  14:        568 bytes,   10586456 total
[2024-10-15T06:58:00.872+0000][125][trace][gc,age      ] GC(109) - age  15:     352416 bytes,   10938872 total
[2024-10-15T06:58:00.872+0000][125][info ][gc,heap     ] GC(109) Eden regions: 818->0(818)
[2024-10-15T06:58:00.872+0000][125][info ][gc,heap     ] GC(109) Survivor regions: 3->3(103)
[2024-10-15T06:58:00.872+0000][125][info ][gc,heap     ] GC(109) Old regions: 39->40
[2024-10-15T06:58:00.872+0000][125][info ][gc,heap     ] GC(109) Humongous regions: 2->2
[2024-10-15T06:58:00.872+0000][125][info ][gc,metaspace] GC(109) Metaspace: 157012K(163008K)->157012K(163008K) NonClass: 136003K(139392K)->136003K(139392K) Class: 21008K(23616K)->21008K(23616K)
[2024-10-15T06:58:00.872+0000][125][info ][gc          ] GC(109) Pause Young (Normal) (G1 Evacuation Pause) 3446M->175M(5476M) 13.318ms
[2024-10-15T06:58:00.872+0000][125][info ][gc,cpu      ] GC(109) User=0.03s Sys=0.01s Real=0.01s
[2024-10-15T06:58:00.877+0000][125][info ][safepoint   ] Safepoint "G1CollectForAllocation", Time since last: 1828392291 ns, Reaching safepoint: 1027964 ns, Cleanup: 5606 ns, At safepoint: 17674167 ns, Total: 18707737 ns
[2024-10-15T06:58:02.467+0000][125][info ][safepoint   ] Safepoint "Cleanup", Time since last: 1589899298 ns, Reaching safepoint: 455520 ns, Cleanup: 15791 ns, At safepoint: 131471 ns, Total: 602782 ns
[2024-10-15T06:58:02.518+0000][125][info ][gc,start    ] GC(110) Pause Young (Normal) (G1 Evacuation Pause)
[2024-10-15T06:58:02.518+0000][125][info ][gc,task     ] GC(110) Using 4 workers of 4 for evacuation
[2024-10-15T06:58:02.518+0000][125][debug][gc,age      ] GC(110) Desired survivor size 216006656 bytes, new threshold 15 (max threshold 15)
[2024-10-15T06:58:02.529+0000][125][info ][gc,phases   ] GC(110)   Pre Evacuate Collection Set: 0.71ms
[2024-10-15T06:58:02.529+0000][125][info ][gc,phases   ] GC(110)   Merge Heap Roots: 0.45ms
[2024-10-15T06:58:02.529+0000][125][info ][gc,phases   ] GC(110)   Evacuate Collection Set: 6.43ms
[2024-10-15T06:58:02.529+0000][125][info ][gc,phases   ] GC(110)   Post Evacuate Collection Set: 2.72ms
[2024-10-15T06:58:02.529+0000][125][info ][gc,phases   ] GC(110)   Other: 0.19ms
[2024-10-15T06:58:02.529+0000][125][trace][gc,age      ] GC(110) Age table with threshold 15 (max threshold 15)
[2024-10-15T06:58:02.529+0000][125][trace][gc,age      ] GC(110) - age   1:    8884240 bytes,    8884240 total
[2024-10-15T06:58:02.529+0000][125][trace][gc,age      ] GC(110) - age   2:     117440 bytes,    9001680 total
[2024-10-15T06:58:02.529+0000][125][trace][gc,age      ] GC(110) - age   3:      88088 bytes,    9089768 total
[2024-10-15T06:58:02.529+0000][125][trace][gc,age      ] GC(110) - age   4:      29600 bytes,    9119368 total
[2024-10-15T06:58:02.529+0000][125][trace][gc,age      ] GC(110) - age   5:      39640 bytes,    9159008 total
[2024-10-15T06:58:02.529+0000][125][trace][gc,age      ] GC(110) - age   6:     283552 bytes,    9442560 total
[2024-10-15T06:58:02.529+0000][125][trace][gc,age      ] GC(110) - age   7:      34496 bytes,    9477056 total
[2024-10-15T06:58:02.529+0000][125][trace][gc,age      ] GC(110) - age   8:      30008 bytes,    9507064 total
[2024-10-15T06:58:02.529+0000][125][trace][gc,age      ] GC(110) - age   9:      30792 bytes,    9537856 total
[2024-10-15T06:58:02.529+0000][125][trace][gc,age      ] GC(110) - age  10:    1052688 bytes,   10590544 total
[2024-10-15T06:58:02.529+0000][125][trace][gc,age      ] GC(110) - age  11:    1053168 bytes,   11643712 total
[2024-10-15T06:58:02.529+0000][125][trace][gc,age      ] GC(110) - age  12:      98856 bytes,   11742568 total
[2024-10-15T06:58:02.529+0000][125][trace][gc,age      ] GC(110) - age  13:      81440 bytes,   11824008 total
[2024-10-15T06:58:02.529+0000][125][trace][gc,age      ] GC(110) - age  14:      29288 bytes,   11853296 total
[2024-10-15T06:58:02.529+0000][125][trace][gc,age      ] GC(110) - age  15:        528 bytes,   11853824 total
[2024-10-15T06:58:02.529+0000][125][info ][gc,heap     ] GC(110) Eden regions: 818->0(817)
[2024-10-15T06:58:02.529+0000][125][info ][gc,heap     ] GC(110) Survivor regions: 3->4(103)
[2024-10-15T06:58:02.529+0000][125][info ][gc,heap     ] GC(110) Old regions: 40->40
[2024-10-15T06:58:02.529+0000][125][info ][gc,heap     ] GC(110) Humongous regions: 2->2
[2024-10-15T06:58:02.529+0000][125][info ][gc,metaspace] GC(110) Metaspace: 157012K(163008K)->157012K(163008K) NonClass: 136003K(139392K)->136003K(139392K) Class: 21008K(23616K)->21008K(23616K)
[2024-10-15T06:58:02.529+0000][125][info ][gc          ] GC(110) Pause Young (Normal) (G1 Evacuation Pause) 3447M->178M(5476M) 10.975ms
[2024-10-15T06:58:02.529+0000][125][info ][gc,cpu      ] GC(110) User=0.02s Sys=0.01s Real=0.01s
[2024-10-15T06:58:02.535+0000][125][info ][safepoint   ] Safepoint "G1CollectForAllocation", Time since last: 49647435 ns, Reaching safepoint: 1272181 ns, Cleanup: 6914 ns, At safepoint: 16910018 ns, Total: 18189113 ns
[2024-10-15T06:58:03.944+0000][125][info ][safepoint   ] Safepoint "Cleanup", Time since last: 1407841169 ns, Reaching safepoint: 1352812 ns, Cleanup: 13476 ns, At safepoint: 80017 ns, Total: 1446305 ns
[2024-10-15T06:58:04.248+0000][125][info ][gc,start    ] GC(111) Pause Young (Normal) (G1 Evacuation Pause)
[2024-10-15T06:58:04.248+0000][125][info ][gc,task     ] GC(111) Using 4 workers of 4 for evacuation
[2024-10-15T06:58:04.248+0000][125][debug][gc,age      ] GC(111) Desired survivor size 216006656 bytes, new threshold 15 (max threshold 15)
[2024-10-15T06:58:04.258+0000][125][info ][gc,phases   ] GC(111)   Pre Evacuate Collection Set: 0.55ms
[2024-10-15T06:58:04.258+0000][125][info ][gc,phases   ] GC(111)   Merge Heap Roots: 0.37ms
[2024-10-15T06:58:04.258+0000][125][info ][gc,phases   ] GC(111)   Evacuate Collection Set: 5.64ms
[2024-10-15T06:58:04.258+0000][125][info ][gc,phases   ] GC(111)   Post Evacuate Collection Set: 3.09ms
[2024-10-15T06:58:04.258+0000][125][info ][gc,phases   ] GC(111)   Other: 0.15ms
[2024-10-15T06:58:04.258+0000][125][trace][gc,age      ] GC(111) Age table with threshold 15 (max threshold 15)
[2024-10-15T06:58:04.258+0000][125][trace][gc,age      ] GC(111) - age   1:    4818192 bytes,    4818192 total
[2024-10-15T06:58:04.258+0000][125][trace][gc,age      ] GC(111) - age   2:     155760 bytes,    4973952 total
[2024-10-15T06:58:04.258+0000][125][trace][gc,age      ] GC(111) - age   3:       1696 bytes,    4975648 total
[2024-10-15T06:58:04.258+0000][125][trace][gc,age      ] GC(111) - age   4:      29792 bytes,    5005440 total
[2024-10-15T06:58:04.258+0000][125][trace][gc,age      ] GC(111) - age   5:      28800 bytes,    5034240 total
[2024-10-15T06:58:04.258+0000][125][trace][gc,age      ] GC(111) - age   6:      39504 bytes,    5073744 total
[2024-10-15T06:58:04.258+0000][125][trace][gc,age      ] GC(111) - age   7:     283344 bytes,    5357088 total
[2024-10-15T06:58:04.258+0000][125][trace][gc,age      ] GC(111) - age   8:      34496 bytes,    5391584 total
[2024-10-15T06:58:04.258+0000][125][trace][gc,age      ] GC(111) - age   9:      30008 bytes,    5421592 total
[2024-10-15T06:58:04.258+0000][125][trace][gc,age      ] GC(111) - age  10:      30792 bytes,    5452384 total
[2024-10-15T06:58:04.258+0000][125][trace][gc,age      ] GC(111) - age  11:    1052648 bytes,    6505032 total
[2024-10-15T06:58:04.258+0000][125][trace][gc,age      ] GC(111) - age  12:    1053168 bytes,    7558200 total
[2024-10-15T06:58:04.258+0000][125][trace][gc,age      ] GC(111) - age  13:      98816 bytes,    7657016 total
[2024-10-15T06:58:04.258+0000][125][trace][gc,age      ] GC(111) - age  14:      81400 bytes,    7738416 total
[2024-10-15T06:58:04.258+0000][125][trace][gc,age      ] GC(111) - age  15:      29248 bytes,    7767664 total
[2024-10-15T06:58:04.258+0000][125][info ][gc,heap     ] GC(111) Eden regions: 817->0(818)
[2024-10-15T06:58:04.258+0000][125][info ][gc,heap     ] GC(111) Survivor regions: 4->3(103)
[2024-10-15T06:58:04.258+0000][125][info ][gc,heap     ] GC(111) Old regions: 40->40
[2024-10-15T06:58:04.258+0000][125][info ][gc,heap     ] GC(111) Humongous regions: 2->2
[2024-10-15T06:58:04.258+0000][125][info ][gc,metaspace] GC(111) Metaspace: 157012K(163008K)->157012K(163008K) NonClass: 136003K(139392K)->136003K(139392K) Class: 21008K(23616K)->21008K(23616K)
[2024-10-15T06:58:04.258+0000][125][info ][gc          ] GC(111) Pause Young (Normal) (G1 Evacuation Pause) 3446M->172M(5476M) 10.057ms
[2024-10-15T06:58:04.258+0000][125][info ][gc,cpu      ] GC(111) User=0.02s Sys=0.00s Real=0.01s
[2024-10-15T06:58:04.258+0000][125][info ][safepoint   ] Safepoint "G1CollectForAllocation", Time since last: 302743641 ns, Reaching safepoint: 852401 ns, Cleanup: 6043 ns, At safepoint: 10209180 ns, Total: 11067624 ns
[2024-10-15T06:58:05.699+0000][125][info ][gc,start    ] GC(112) Pause Young (Normal) (G1 Evacuation Pause)
[2024-10-15T06:58:05.699+0000][125][info ][gc,task     ] GC(112) Using 4 workers of 4 for evacuation
[2024-10-15T06:58:05.699+0000][125][debug][gc,age      ] GC(112) Desired survivor size 216006656 bytes, new threshold 15 (max threshold 15)
[2024-10-15T06:58:05.712+0000][125][info ][gc,phases   ] GC(112)   Pre Evacuate Collection Set: 0.48ms
[2024-10-15T06:58:05.712+0000][125][info ][gc,phases   ] GC(112)   Merge Heap Roots: 0.74ms
[2024-10-15T06:58:05.712+0000][125][info ][gc,phases   ] GC(112)   Evacuate Collection Set: 9.37ms
[2024-10-15T06:58:05.712+0000][125][info ][gc,phases   ] GC(112)   Post Evacuate Collection Set: 2.31ms
[2024-10-15T06:58:05.712+0000][125][info ][gc,phases   ] GC(112)   Other: 0.15ms
[2024-10-15T06:58:05.712+0000][125][trace][gc,age      ] GC(112) Age table with threshold 15 (max threshold 15)
[2024-10-15T06:58:05.712+0000][125][trace][gc,age      ] GC(112) - age   1:    9042368 bytes,    9042368 total
[2024-10-15T06:58:05.712+0000][125][trace][gc,age      ] GC(112) - age   2:    1263144 bytes,   10305512 total
[2024-10-15T06:58:05.712+0000][125][trace][gc,age      ] GC(112) - age   3:      32296 bytes,   10337808 total
[2024-10-15T06:58:05.712+0000][125][trace][gc,age      ] GC(112) - age   4:       1592 bytes,   10339400 total
[2024-10-15T06:58:05.712+0000][125][trace][gc,age      ] GC(112) - age   5:      29696 bytes,   10369096 total
[2024-10-15T06:58:05.712+0000][125][trace][gc,age      ] GC(112) - age   6:      28800 bytes,   10397896 total
[2024-10-15T06:58:05.712+0000][125][trace][gc,age      ] GC(112) - age   7:      39504 bytes,   10437400 total
[2024-10-15T06:58:05.712+0000][125][trace][gc,age      ] GC(112) - age   8:     283184 bytes,   10720584 total
[2024-10-15T06:58:05.712+0000][125][trace][gc,age      ] GC(112) - age   9:      34456 bytes,   10755040 total
[2024-10-15T06:58:05.712+0000][125][trace][gc,age      ] GC(112) - age  10:      30008 bytes,   10785048 total
[2024-10-15T06:58:05.712+0000][125][trace][gc,age      ] GC(112) - age  11:      30752 bytes,   10815800 total
[2024-10-15T06:58:05.712+0000][125][trace][gc,age      ] GC(112) - age  12:    1052648 bytes,   11868448 total
[2024-10-15T06:58:05.712+0000][125][trace][gc,age      ] GC(112) - age  13:    1053168 bytes,   12921616 total
[2024-10-15T06:58:05.712+0000][125][trace][gc,age      ] GC(112) - age  14:      98816 bytes,   13020432 total
[2024-10-15T06:58:05.712+0000][125][trace][gc,age      ] GC(112) - age  15:      81400 bytes,   13101832 total
[2024-10-15T06:58:05.712+0000][125][info ][gc,heap     ] GC(112) Eden regions: 818->0(817)
[2024-10-15T06:58:05.712+0000][125][info ][gc,heap     ] GC(112) Survivor regions: 3->4(103)
[2024-10-15T06:58:05.712+0000][125][info ][gc,heap     ] GC(112) Old regions: 40->40
[2024-10-15T06:58:05.712+0000][125][info ][gc,heap     ] GC(112) Humongous regions: 2->2
[2024-10-15T06:58:05.712+0000][125][info ][gc,metaspace] GC(112) Metaspace: 157012K(163008K)->157012K(163008K) NonClass: 136004K(139392K)->136004K(139392K) Class: 21008K(23616K)->21008K(23616K)
[2024-10-15T06:58:05.712+0000][125][info ][gc          ] GC(112) Pause Young (Normal) (G1 Evacuation Pause) 3444M->178M(5476M) 13.463ms
[2024-10-15T06:58:05.712+0000][125][info ][gc,cpu      ] GC(112) User=0.04s Sys=0.00s Real=0.01s
[2024-10-15T06:58:05.713+0000][125][info ][safepoint   ] Safepoint "G1CollectForAllocation", Time since last: 1440773668 ns, Reaching safepoint: 222294 ns, Cleanup: 5141 ns, At safepoint: 13701110 ns, Total: 13928545 ns
[2024-10-15T06:58:08.427+0000][125][info ][gc,start    ] GC(113) Pause Young (Normal) (G1 Evacuation Pause)
[2024-10-15T06:58:08.427+0000][125][info ][gc,task     ] GC(113) Using 4 workers of 4 for evacuation
[2024-10-15T06:58:08.427+0000][125][debug][gc,age      ] GC(113) Desired survivor size 216006656 bytes, new threshold 15 (max threshold 15)
[2024-10-15T06:58:08.441+0000][125][info ][gc,phases   ] GC(113)   Pre Evacuate Collection Set: 1.50ms
[2024-10-15T06:58:08.441+0000][125][info ][gc,phases   ] GC(113)   Merge Heap Roots: 0.73ms
[2024-10-15T06:58:08.441+0000][125][info ][gc,phases   ] GC(113)   Evacuate Collection Set: 8.89ms
[2024-10-15T06:58:08.441+0000][125][info ][gc,phases   ] GC(113)   Post Evacuate Collection Set: 3.27ms
[2024-10-15T06:58:08.442+0000][125][info ][gc,phases   ] GC(113)   Other: 0.16ms
[2024-10-15T06:58:08.442+0000][125][trace][gc,age      ] GC(113) Age table with threshold 15 (max threshold 15)
[2024-10-15T06:58:08.442+0000][125][trace][gc,age      ] GC(113) - age   1:    7036944 bytes,    7036944 total
[2024-10-15T06:58:08.442+0000][125][trace][gc,age      ] GC(113) - age   2:    5428448 bytes,   12465392 total
[2024-10-15T06:58:08.442+0000][125][trace][gc,age      ] GC(113) - age   3:    1259704 bytes,   13725096 total
[2024-10-15T06:58:08.442+0000][125][trace][gc,age      ] GC(113) - age   4:      31312 bytes,   13756408 total
[2024-10-15T06:58:08.442+0000][125][trace][gc,age      ] GC(113) - age   5:       1296 bytes,   13757704 total
[2024-10-15T06:58:08.442+0000][125][trace][gc,age      ] GC(113) - age   6:      29568 bytes,   13787272 total
[2024-10-15T06:58:08.442+0000][125][trace][gc,age      ] GC(113) - age   7:      28760 bytes,   13816032 total
[2024-10-15T06:58:08.442+0000][125][trace][gc,age      ] GC(113) - age   8:      39376 bytes,   13855408 total
[2024-10-15T06:58:08.442+0000][125][trace][gc,age      ] GC(113) - age   9:     282848 bytes,   14138256 total
[2024-10-15T06:58:08.442+0000][125][trace][gc,age      ] GC(113) - age  10:      34456 bytes,   14172712 total
[2024-10-15T06:58:08.442+0000][125][trace][gc,age      ] GC(113) - age  11:      29928 bytes,   14202640 total
[2024-10-15T06:58:08.442+0000][125][trace][gc,age      ] GC(113) - age  12:      30752 bytes,   14233392 total
[2024-10-15T06:58:08.442+0000][125][trace][gc,age      ] GC(113) - age  13:    1052648 bytes,   15286040 total
[2024-10-15T06:58:08.442+0000][125][trace][gc,age      ] GC(113) - age  14:    1053168 bytes,   16339208 total
[2024-10-15T06:58:08.442+0000][125][trace][gc,age      ] GC(113) - age  15:      98816 bytes,   16438024 total
[2024-10-15T06:58:08.442+0000][125][info ][gc,heap     ] GC(113) Eden regions: 817->0(816)
[2024-10-15T06:58:08.442+0000][125][info ][gc,heap     ] GC(113) Survivor regions: 4->5(103)
[2024-10-15T06:58:08.442+0000][125][info ][gc,heap     ] GC(113) Old regions: 40->40
[2024-10-15T06:58:08.442+0000][125][info ][gc,heap     ] GC(113) Humongous regions: 2->2
[2024-10-15T06:58:08.442+0000][125][info ][gc,metaspace] GC(113) Metaspace: 157012K(163008K)->157012K(163008K) NonClass: 136004K(139392K)->136004K(139392K) Class: 21008K(23616K)->21008K(23616K)
[2024-10-15T06:58:08.442+0000][125][info ][gc          ] GC(113) Pause Young (Normal) (G1 Evacuation Pause) 3446M->181M(5476M) 14.853ms
[2024-10-15T06:58:08.442+0000][125][info ][gc,cpu      ] GC(113) User=0.03s Sys=0.00s Real=0.01s
[2024-10-15T06:58:08.442+0000][125][info ][safepoint   ] Safepoint "G1CollectForAllocation", Time since last: 2713174642 ns, Reaching safepoint: 960320 ns, Cleanup: 6491 ns, At safepoint: 15047441 ns, Total: 16014252 ns
[2024-10-15T06:58:12.001+0000][125][info ][gc,start    ] GC(114) Pause Young (Normal) (G1 Evacuation Pause)
[2024-10-15T06:58:12.001+0000][125][info ][gc,task     ] GC(114) Using 4 workers of 4 for evacuation
[2024-10-15T06:58:12.001+0000][125][debug][gc,age      ] GC(114) Desired survivor size 216006656 bytes, new threshold 15 (max threshold 15)
[2024-10-15T06:58:12.027+0000][125][info ][gc,phases   ] GC(114)   Pre Evacuate Collection Set: 0.65ms
[2024-10-15T06:58:12.027+0000][125][info ][gc,phases   ] GC(114)   Merge Heap Roots: 2.06ms
[2024-10-15T06:58:12.027+0000][125][info ][gc,phases   ] GC(114)   Evacuate Collection Set: 20.24ms
[2024-10-15T06:58:12.027+0000][125][info ][gc,phases   ] GC(114)   Post Evacuate Collection Set: 3.03ms
[2024-10-15T06:58:12.027+0000][125][info ][gc,phases   ] GC(114)   Other: 0.15ms
[2024-10-15T06:58:12.027+0000][125][trace][gc,age      ] GC(114) Age table with threshold 15 (max threshold 15)
[2024-10-15T06:58:12.027+0000][125][trace][gc,age      ] GC(114) - age   1:    8759424 bytes,    8759424 total
[2024-10-15T06:58:12.027+0000][125][trace][gc,age      ] GC(114) - age   2:    2737544 bytes,   11496968 total
[2024-10-15T06:58:12.027+0000][125][trace][gc,age      ] GC(114) - age   3:    4520352 bytes,   16017320 total
[2024-10-15T06:58:12.027+0000][125][trace][gc,age      ] GC(114) - age   4:    1255168 bytes,   17272488 total
[2024-10-15T06:58:12.027+0000][125][trace][gc,age      ] GC(114) - age   5:      31160 bytes,   17303648 total
[2024-10-15T06:58:12.027+0000][125][trace][gc,age      ] GC(114) - age   6:       1232 bytes,   17304880 total
[2024-10-15T06:58:12.027+0000][125][trace][gc,age      ] GC(114) - age   7:      29568 bytes,   17334448 total
[2024-10-15T06:58:12.027+0000][125][trace][gc,age      ] GC(114) - age   8:      28680 bytes,   17363128 total
[2024-10-15T06:58:12.027+0000][125][trace][gc,age      ] GC(114) - age   9:      39376 bytes,   17402504 total
[2024-10-15T06:58:12.027+0000][125][trace][gc,age      ] GC(114) - age  10:     282624 bytes,   17685128 total
[2024-10-15T06:58:12.027+0000][125][trace][gc,age      ] GC(114) - age  11:      34456 bytes,   17719584 total
[2024-10-15T06:58:12.027+0000][125][trace][gc,age      ] GC(114) - age  12:      29928 bytes,   17749512 total
[2024-10-15T06:58:12.027+0000][125][trace][gc,age      ] GC(114) - age  13:      30752 bytes,   17780264 total
[2024-10-15T06:58:12.027+0000][125][trace][gc,age      ] GC(114) - age  14:    1052608 bytes,   18832872 total
[2024-10-15T06:58:12.027+0000][125][trace][gc,age      ] GC(114) - age  15:    1053168 bytes,   19886040 total
[2024-10-15T06:58:12.027+0000][125][info ][gc,heap     ] GC(114) Eden regions: 816->0(816)
[2024-10-15T06:58:12.027+0000][125][info ][gc,heap     ] GC(114) Survivor regions: 5->5(103)
[2024-10-15T06:58:12.027+0000][125][info ][gc,heap     ] GC(114) Old regions: 40->40
[2024-10-15T06:58:12.027+0000][125][info ][gc,heap     ] GC(114) Humongous regions: 2->2
[2024-10-15T06:58:12.027+0000][125][info ][gc,metaspace] GC(114) Metaspace: 157012K(163008K)->157012K(163008K) NonClass: 136004K(139392K)->136004K(139392K) Class: 21008K(23616K)->21008K(23616K)
[2024-10-15T06:58:12.027+0000][125][info ][gc          ] GC(114) Pause Young (Normal) (G1 Evacuation Pause) 3445M->184M(5476M) 26.438ms
[2024-10-15T06:58:12.027+0000][125][info ][gc,cpu      ] GC(114) User=0.07s Sys=0.01s Real=0.03s
[2024-10-15T06:58:12.028+0000][125][info ][safepoint   ] Safepoint "G1CollectForAllocation", Time since last: 3548972014 ns, Reaching safepoint: 9949953 ns, Cleanup: 19579 ns, At safepoint: 26825366 ns, Total: 36794898 ns
[2024-10-15T06:58:14.236+0000][125][info ][gc,start    ] GC(115) Pause Young (Normal) (G1 Evacuation Pause)
[2024-10-15T06:58:14.236+0000][125][info ][gc,task     ] GC(115) Using 4 workers of 4 for evacuation
[2024-10-15T06:58:14.236+0000][125][debug][gc,age      ] GC(115) Desired survivor size 216006656 bytes, new threshold 15 (max threshold 15)
[2024-10-15T06:58:14.254+0000][125][info ][gc,phases   ] GC(115)   Pre Evacuate Collection Set: 0.80ms
[2024-10-15T06:58:14.254+0000][125][info ][gc,phases   ] GC(115)   Merge Heap Roots: 0.49ms
[2024-10-15T06:58:14.254+0000][125][info ][gc,phases   ] GC(115)   Evacuate Collection Set: 12.95ms
[2024-10-15T06:58:14.254+0000][125][info ][gc,phases   ] GC(115)   Post Evacuate Collection Set: 3.49ms
[2024-10-15T06:58:14.254+0000][125][info ][gc,phases   ] GC(115)   Other: 0.19ms
[2024-10-15T06:58:14.254+0000][125][trace][gc,age      ] GC(115) Age table with threshold 15 (max threshold 15)
[2024-10-15T06:58:14.254+0000][125][trace][gc,age      ] GC(115) - age   1:    8777088 bytes,    8777088 total
[2024-10-15T06:58:14.254+0000][125][trace][gc,age      ] GC(115) - age   2:    3620240 bytes,   12397328 total
[2024-10-15T06:58:14.254+0000][125][trace][gc,age      ] GC(115) - age   3:    2531592 bytes,   14928920 total
[2024-10-15T06:58:14.254+0000][125][trace][gc,age      ] GC(115) - age   4:    3965248 bytes,   18894168 total
[2024-10-15T06:58:14.254+0000][125][trace][gc,age      ] GC(115) - age   5:    1253728 bytes,   20147896 total
[2024-10-15T06:58:14.254+0000][125][trace][gc,age      ] GC(115) - age   6:      30648 bytes,   20178544 total
[2024-10-15T06:58:14.254+0000][125][trace][gc,age      ] GC(115) - age   7:       1136 bytes,   20179680 total
[2024-10-15T06:58:14.254+0000][125][trace][gc,age      ] GC(115) - age   8:      29184 bytes,   20208864 total
[2024-10-15T06:58:14.254+0000][125][trace][gc,age      ] GC(115) - age   9:      28600 bytes,   20237464 total
[2024-10-15T06:58:14.254+0000][125][trace][gc,age      ] GC(115) - age  10:      39320 bytes,   20276784 total
[2024-10-15T06:58:14.254+0000][125][trace][gc,age      ] GC(115) - age  11:     282280 bytes,   20559064 total
[2024-10-15T06:58:14.254+0000][125][trace][gc,age      ] GC(115) - age  12:      34416 bytes,   20593480 total
[2024-10-15T06:58:14.254+0000][125][trace][gc,age      ] GC(115) - age  13:      29608 bytes,   20623088 total
[2024-10-15T06:58:14.254+0000][125][trace][gc,age      ] GC(115) - age  14:      30432 bytes,   20653520 total
[2024-10-15T06:58:14.254+0000][125][trace][gc,age      ] GC(115) - age  15:    1052608 bytes,   21706128 total
[2024-10-15T06:58:14.254+0000][125][info ][gc,heap     ] GC(115) Eden regions: 816->0(815)
[2024-10-15T06:58:14.254+0000][125][info ][gc,heap     ] GC(115) Survivor regions: 5->6(103)
[2024-10-15T06:58:14.254+0000][125][info ][gc,heap     ] GC(115) Old regions: 40->40
[2024-10-15T06:58:14.254+0000][125][info ][gc,heap     ] GC(115) Humongous regions: 2->2
[2024-10-15T06:58:14.254+0000][125][info ][gc,metaspace] GC(115) Metaspace: 157012K(163008K)->157012K(163008K) NonClass: 136004K(139392K)->136004K(139392K) Class: 21008K(23616K)->21008K(23616K)
[2024-10-15T06:58:14.254+0000][125][info ][gc          ] GC(115) Pause Young (Normal) (G1 Evacuation Pause) 3448M->188M(5476M) 18.232ms
[2024-10-15T06:58:14.254+0000][125][info ][gc,cpu      ] GC(115) User=0.06s Sys=0.00s Real=0.02s
[2024-10-15T06:58:14.256+0000][125][info ][safepoint   ] Safepoint "G1CollectForAllocation", Time since last: 2207609146 ns, Reaching safepoint: 624307 ns, Cleanup: 15863 ns, At safepoint: 20116107 ns, Total: 20756277 ns
[2024-10-15T06:58:15.282+0000][125][info ][safepoint   ] Safepoint "Cleanup", Time since last: 1012032099 ns, Reaching safepoint: 13740773 ns, Cleanup: 17940 ns, At safepoint: 135105 ns, Total: 13893818 ns
[2024-10-15T06:58:16.357+0000][125][info ][gc,start    ] GC(116) Pause Young (Normal) (G1 Evacuation Pause)
[2024-10-15T06:58:16.357+0000][125][info ][gc,task     ] GC(116) Using 4 workers of 4 for evacuation
[2024-10-15T06:58:16.357+0000][125][debug][gc,age      ] GC(116) Desired survivor size 216006656 bytes, new threshold 15 (max threshold 15)
[2024-10-15T06:58:16.372+0000][125][info ][gc,phases   ] GC(116)   Pre Evacuate Collection Set: 0.68ms
[2024-10-15T06:58:16.372+0000][125][info ][gc,phases   ] GC(116)   Merge Heap Roots: 0.46ms
[2024-10-15T06:58:16.372+0000][125][info ][gc,phases   ] GC(116)   Evacuate Collection Set: 11.81ms
[2024-10-15T06:58:16.372+0000][125][info ][gc,phases   ] GC(116)   Post Evacuate Collection Set: 2.42ms
[2024-10-15T06:58:16.372+0000][125][info ][gc,phases   ] GC(116)   Other: 0.13ms
[2024-10-15T06:58:16.372+0000][125][trace][gc,age      ] GC(116) Age table with threshold 15 (max threshold 15)
[2024-10-15T06:58:16.372+0000][125][trace][gc,age      ] GC(116) - age   1:    6083424 bytes,    6083424 total
[2024-10-15T06:58:16.372+0000][125][trace][gc,age      ] GC(116) - age   2:    5062136 bytes,   11145560 total
[2024-10-15T06:58:16.372+0000][125][trace][gc,age      ] GC(116) - age   3:    3537456 bytes,   14683016 total
[2024-10-15T06:58:16.372+0000][125][trace][gc,age      ] GC(116) - age   4:    2531312 bytes,   17214328 total
[2024-10-15T06:58:16.372+0000][125][trace][gc,age      ] GC(116) - age   5:    3965048 bytes,   21179376 total
[2024-10-15T06:58:16.373+0000][125][trace][gc,age      ] GC(116) - age   6:    1253488 bytes,   22432864 total
[2024-10-15T06:58:16.373+0000][125][trace][gc,age      ] GC(116) - age   7:      30648 bytes,   22463512 total
[2024-10-15T06:58:16.373+0000][125][trace][gc,age      ] GC(116) - age   8:       1136 bytes,   22464648 total
[2024-10-15T06:58:16.373+0000][125][trace][gc,age      ] GC(116) - age   9:      29184 bytes,   22493832 total
[2024-10-15T06:58:16.373+0000][125][trace][gc,age      ] GC(116) - age  10:      28600 bytes,   22522432 total
[2024-10-15T06:58:16.373+0000][125][trace][gc,age      ] GC(116) - age  11:      39320 bytes,   22561752 total
[2024-10-15T06:58:16.373+0000][125][trace][gc,age      ] GC(116) - age  12:     282240 bytes,   22843992 total
[2024-10-15T06:58:16.373+0000][125][trace][gc,age      ] GC(116) - age  13:      34416 bytes,   22878408 total
[2024-10-15T06:58:16.373+0000][125][trace][gc,age      ] GC(116) - age  14:      29608 bytes,   22908016 total
[2024-10-15T06:58:16.373+0000][125][trace][gc,age      ] GC(116) - age  15:      30432 bytes,   22938448 total
[2024-10-15T06:58:16.373+0000][125][info ][gc,heap     ] GC(116) Eden regions: 815->0(815)
[2024-10-15T06:58:16.373+0000][125][info ][gc,heap     ] GC(116) Survivor regions: 6->6(103)
[2024-10-15T06:58:16.373+0000][125][info ][gc,heap     ] GC(116) Old regions: 40->40
[2024-10-15T06:58:16.373+0000][125][info ][gc,heap     ] GC(116) Humongous regions: 2->2
[2024-10-15T06:58:16.373+0000][125][info ][gc,metaspace] GC(116) Metaspace: 157012K(163008K)->157012K(163008K) NonClass: 136004K(139392K)->136004K(139392K) Class: 21008K(23616K)->21008K(23616K)
[2024-10-15T06:58:16.373+0000][125][info ][gc          ] GC(116) Pause Young (Normal) (G1 Evacuation Pause) 3448M->190M(5476M) 15.951ms
[2024-10-15T06:58:16.373+0000][125][info ][gc,cpu      ] GC(116) User=0.04s Sys=0.01s Real=0.02s
[2024-10-15T06:58:16.377+0000][125][info ][safepoint   ] Safepoint "G1CollectForAllocation", Time since last: 1074540786 ns, Reaching safepoint: 322940 ns, Cleanup: 6826 ns, At safepoint: 20252109 ns, Total: 20581875 ns
[2024-10-15T06:58:17.630+0000][125][info ][gc,start    ] GC(117) Pause Young (Normal) (G1 Evacuation Pause)
[2024-10-15T06:58:17.630+0000][125][info ][gc,task     ] GC(117) Using 4 workers of 4 for evacuation
[2024-10-15T06:58:17.630+0000][125][debug][gc,age      ] GC(117) Desired survivor size 216006656 bytes, new threshold 15 (max threshold 15)
[2024-10-15T06:58:17.642+0000][125][info ][gc,phases   ] GC(117)   Pre Evacuate Collection Set: 0.83ms
[2024-10-15T06:58:17.642+0000][125][info ][gc,phases   ] GC(117)   Merge Heap Roots: 0.77ms
[2024-10-15T06:58:17.642+0000][125][info ][gc,phases   ] GC(117)   Evacuate Collection Set: 8.11ms
[2024-10-15T06:58:17.642+0000][125][info ][gc,phases   ] GC(117)   Post Evacuate Collection Set: 2.39ms
[2024-10-15T06:58:17.642+0000][125][info ][gc,phases   ] GC(117)   Other: 0.16ms
[2024-10-15T06:58:17.642+0000][125][trace][gc,age      ] GC(117) Age table with threshold 15 (max threshold 15)
[2024-10-15T06:58:17.642+0000][125][trace][gc,age      ] GC(117) - age   1:    8050144 bytes,    8050144 total
[2024-10-15T06:58:17.642+0000][125][trace][gc,age      ] GC(117) - age   2:    3070416 bytes,   11120560 total
[2024-10-15T06:58:17.642+0000][125][trace][gc,age      ] GC(117) - age   3:    3193000 bytes,   14313560 total
[2024-10-15T06:58:17.642+0000][125][trace][gc,age      ] GC(117) - age   4:    3528376 bytes,   17841936 total
[2024-10-15T06:58:17.642+0000][125][trace][gc,age      ] GC(117) - age   5:    2531312 bytes,   20373248 total
[2024-10-15T06:58:17.642+0000][125][trace][gc,age      ] GC(117) - age   6:    3965008 bytes,   24338256 total
[2024-10-15T06:58:17.642+0000][125][trace][gc,age      ] GC(117) - age   7:    1253408 bytes,   25591664 total
[2024-10-15T06:58:17.642+0000][125][trace][gc,age      ] GC(117) - age   8:      30648 bytes,   25622312 total
[2024-10-15T06:58:17.642+0000][125][trace][gc,age      ] GC(117) - age   9:       1136 bytes,   25623448 total
[2024-10-15T06:58:17.642+0000][125][trace][gc,age      ] GC(117) - age  10:      29184 bytes,   25652632 total
[2024-10-15T06:58:17.642+0000][125][trace][gc,age      ] GC(117) - age  11:      28560 bytes,   25681192 total
[2024-10-15T06:58:17.642+0000][125][trace][gc,age      ] GC(117) - age  12:      39320 bytes,   25720512 total
[2024-10-15T06:58:17.642+0000][125][trace][gc,age      ] GC(117) - age  13:     282240 bytes,   26002752 total
[2024-10-15T06:58:17.642+0000][125][trace][gc,age      ] GC(117) - age  14:      34416 bytes,   26037168 total
[2024-10-15T06:58:17.642+0000][125][trace][gc,age      ] GC(117) - age  15:      29608 bytes,   26066776 total
[2024-10-15T06:58:17.642+0000][125][info ][gc,heap     ] GC(117) Eden regions: 815->0(814)
[2024-10-15T06:58:17.642+0000][125][info ][gc,heap     ] GC(117) Survivor regions: 6->7(103)
[2024-10-15T06:58:17.642+0000][125][info ][gc,heap     ] GC(117) Old regions: 40->40
[2024-10-15T06:58:17.642+0000][125][info ][gc,heap     ] GC(117) Humongous regions: 2->2
[2024-10-15T06:58:17.642+0000][125][info ][gc,metaspace] GC(117) Metaspace: 157012K(163008K)->157012K(163008K) NonClass: 136004K(139392K)->136004K(139392K) Class: 21008K(23616K)->21008K(23616K)
[2024-10-15T06:58:17.642+0000][125][info ][gc          ] GC(117) Pause Young (Normal) (G1 Evacuation Pause) 3450M->193M(5476M) 12.540ms
[2024-10-15T06:58:17.642+0000][125][info ][gc,cpu      ] GC(117) User=0.04s Sys=0.01s Real=0.01s
[2024-10-15T06:58:17.645+0000][125][info ][safepoint   ] Safepoint "G1CollectForAllocation", Time since last: 1251813275 ns, Reaching safepoint: 1041967 ns, Cleanup: 11216 ns, At safepoint: 15287178 ns, Total: 16340361 ns
[2024-10-15T06:58:20.054+0000][125][info ][gc,start    ] GC(118) Pause Young (Normal) (G1 Evacuation Pause)
[2024-10-15T06:58:20.054+0000][125][info ][gc,task     ] GC(118) Using 4 workers of 4 for evacuation
[2024-10-15T06:58:20.054+0000][125][debug][gc,age      ] GC(118) Desired survivor size 216006656 bytes, new threshold 15 (max threshold 15)
[2024-10-15T06:58:20.081+0000][125][info ][gc,phases   ] GC(118)   Pre Evacuate Collection Set: 1.11ms
[2024-10-15T06:58:20.081+0000][125][info ][gc,phases   ] GC(118)   Merge Heap Roots: 2.74ms
[2024-10-15T06:58:20.081+0000][125][info ][gc,phases   ] GC(118)   Evacuate Collection Set: 19.06ms
[2024-10-15T06:58:20.081+0000][125][info ][gc,phases   ] GC(118)   Post Evacuate Collection Set: 2.64ms
[2024-10-15T06:58:20.081+0000][125][info ][gc,phases   ] GC(118)   Other: 1.07ms
[2024-10-15T06:58:20.081+0000][125][trace][gc,age      ] GC(118) Age table with threshold 15 (max threshold 15)
[2024-10-15T06:58:20.081+0000][125][trace][gc,age      ] GC(118) - age   1:    6462848 bytes,    6462848 total
[2024-10-15T06:58:20.081+0000][125][trace][gc,age      ] GC(118) - age   2:    4624080 bytes,   11086928 total
[2024-10-15T06:58:20.081+0000][125][trace][gc,age      ] GC(118) - age   3:    2498136 bytes,   13585064 total
[2024-10-15T06:58:20.081+0000][125][trace][gc,age      ] GC(118) - age   4:    3192336 bytes,   16777400 total
[2024-10-15T06:58:20.081+0000][125][trace][gc,age      ] GC(118) - age   5:    3528248 bytes,   20305648 total
[2024-10-15T06:58:20.081+0000][125][trace][gc,age      ] GC(118) - age   6:    2530912 bytes,   22836560 total
[2024-10-15T06:58:20.081+0000][125][trace][gc,age      ] GC(118) - age   7:    3965008 bytes,   26801568 total
[2024-10-15T06:58:20.081+0000][125][trace][gc,age      ] GC(118) - age   8:    1253408 bytes,   28054976 total
[2024-10-15T06:58:20.081+0000][125][trace][gc,age      ] GC(118) - age   9:      30648 bytes,   28085624 total
[2024-10-15T06:58:20.081+0000][125][trace][gc,age      ] GC(118) - age  10:       1136 bytes,   28086760 total
[2024-10-15T06:58:20.081+0000][125][trace][gc,age      ] GC(118) - age  11:      29184 bytes,   28115944 total
[2024-10-15T06:58:20.081+0000][125][trace][gc,age      ] GC(118) - age  12:      28560 bytes,   28144504 total
[2024-10-15T06:58:20.081+0000][125][trace][gc,age      ] GC(118) - age  13:      39320 bytes,   28183824 total
[2024-10-15T06:58:20.081+0000][125][trace][gc,age      ] GC(118) - age  14:     282240 bytes,   28466064 total
[2024-10-15T06:58:20.081+0000][125][trace][gc,age      ] GC(118) - age  15:      34416 bytes,   28500480 total
[2024-10-15T06:58:20.081+0000][125][info ][gc,heap     ] GC(118) Eden regions: 814->0(813)
[2024-10-15T06:58:20.081+0000][125][info ][gc,heap     ] GC(118) Survivor regions: 7->8(103)
[2024-10-15T06:58:20.081+0000][125][info ][gc,heap     ] GC(118) Old regions: 40->40
[2024-10-15T06:58:20.081+0000][125][info ][gc,heap     ] GC(118) Humongous regions: 2->2
[2024-10-15T06:58:20.081+0000][125][info ][gc,metaspace] GC(118) Metaspace: 157012K(163008K)->157012K(163008K) NonClass: 136004K(139392K)->136004K(139392K) Class: 21008K(23616K)->21008K(23616K)
[2024-10-15T06:58:20.081+0000][125][info ][gc          ] GC(118) Pause Young (Normal) (G1 Evacuation Pause) 3449M->197M(5476M) 27.113ms
[2024-10-15T06:58:20.081+0000][125][info ][gc,cpu      ] GC(118) User=0.06s Sys=0.01s Real=0.02s
[2024-10-15T06:58:20.082+0000][125][info ][safepoint   ] Safepoint "G1CollectForAllocation", Time since last: 2408204188 ns, Reaching safepoint: 608252 ns, Cleanup: 8824 ns, At safepoint: 27668932 ns, Total: 28286008 ns
[2024-10-15T06:58:22.276+0000][125][info ][gc,start    ] GC(119) Pause Young (Normal) (G1 Evacuation Pause)
[2024-10-15T06:58:22.276+0000][125][info ][gc,task     ] GC(119) Using 4 workers of 4 for evacuation
[2024-10-15T06:58:22.276+0000][125][debug][gc,age      ] GC(119) Desired survivor size 216006656 bytes, new threshold 15 (max threshold 15)
[2024-10-15T06:58:22.315+0000][125][info ][gc,phases   ] GC(119)   Pre Evacuate Collection Set: 1.85ms
[2024-10-15T06:58:22.315+0000][125][info ][gc,phases   ] GC(119)   Merge Heap Roots: 4.61ms
[2024-10-15T06:58:22.315+0000][125][info ][gc,phases   ] GC(119)   Evacuate Collection Set: 21.48ms
[2024-10-15T06:58:22.315+0000][125][info ][gc,phases   ] GC(119)   Post Evacuate Collection Set: 10.81ms
[2024-10-15T06:58:22.315+0000][125][info ][gc,phases   ] GC(119)   Other: 0.34ms
[2024-10-15T06:58:22.315+0000][125][trace][gc,age      ] GC(119) Age table with threshold 15 (max threshold 15)
[2024-10-15T06:58:22.315+0000][125][trace][gc,age      ] GC(119) - age   1:    8898120 bytes,    8898120 total
[2024-10-15T06:58:22.315+0000][125][trace][gc,age      ] GC(119) - age   2:    3153192 bytes,   12051312 total
[2024-10-15T06:58:22.315+0000][125][trace][gc,age      ] GC(119) - age   3:    2498200 bytes,   14549512 total
[2024-10-15T06:58:22.315+0000][125][trace][gc,age      ] GC(119) - age   4:    2497616 bytes,   17047128 total
[2024-10-15T06:58:22.315+0000][125][trace][gc,age      ] GC(119) - age   5:    2781664 bytes,   19828792 total
[2024-10-15T06:58:22.315+0000][125][trace][gc,age      ] GC(119) - age   6:    3528248 bytes,   23357040 total
[2024-10-15T06:58:22.315+0000][125][trace][gc,age      ] GC(119) - age   7:    2530832 bytes,   25887872 total
[2024-10-15T06:58:22.315+0000][125][trace][gc,age      ] GC(119) - age   8:    3965008 bytes,   29852880 total
[2024-10-15T06:58:22.315+0000][125][trace][gc,age      ] GC(119) - age   9:    1252800 bytes,   31105680 total
[2024-10-15T06:58:22.315+0000][125][trace][gc,age      ] GC(119) - age  10:      30648 bytes,   31136328 total
[2024-10-15T06:58:22.315+0000][125][trace][gc,age      ] GC(119) - age  11:       1136 bytes,   31137464 total
[2024-10-15T06:58:22.315+0000][125][trace][gc,age      ] GC(119) - age  12:      29184 bytes,   31166648 total
[2024-10-15T06:58:22.315+0000][125][trace][gc,age      ] GC(119) - age  13:      28560 bytes,   31195208 total
[2024-10-15T06:58:22.315+0000][125][trace][gc,age      ] GC(119) - age  14:      38928 bytes,   31234136 total
[2024-10-15T06:58:22.315+0000][125][trace][gc,age      ] GC(119) - age  15:     269624 bytes,   31503760 total
[2024-10-15T06:58:22.315+0000][125][info ][gc,heap     ] GC(119) Eden regions: 813->0(812)
[2024-10-15T06:58:22.315+0000][125][info ][gc,heap     ] GC(119) Survivor regions: 8->9(103)
[2024-10-15T06:58:22.315+0000][125][info ][gc,heap     ] GC(119) Old regions: 40->40
[2024-10-15T06:58:22.316+0000][125][info ][gc,heap     ] GC(119) Humongous regions: 2->2
[2024-10-15T06:58:22.316+0000][125][info ][gc,metaspace] GC(119) Metaspace: 157012K(163008K)->157012K(163008K) NonClass: 136004K(139392K)->136004K(139392K) Class: 21008K(23616K)->21008K(23616K)
[2024-10-15T06:58:22.316+0000][125][info ][gc          ] GC(119) Pause Young (Normal) (G1 Evacuation Pause) 3449M->200M(5476M) 39.736ms
[2024-10-15T06:58:22.316+0000][125][info ][gc,cpu      ] GC(119) User=0.10s Sys=0.01s Real=0.04s
[2024-10-15T06:58:22.320+0000][125][info ][safepoint   ] Safepoint "G1CollectForAllocation", Time since last: 2193083053 ns, Reaching safepoint: 1036092 ns, Cleanup: 9250 ns, At safepoint: 44713992 ns, Total: 45759334 ns
[2024-10-15T06:58:25.005+0000][125][info ][gc,start    ] GC(120) Pause Young (Normal) (G1 Evacuation Pause)
[2024-10-15T06:58:25.005+0000][125][info ][gc,task     ] GC(120) Using 4 workers of 4 for evacuation
[2024-10-15T06:58:25.005+0000][125][debug][gc,age      ] GC(120) Desired survivor size 216006656 bytes, new threshold 15 (max threshold 15)
[2024-10-15T06:58:25.019+0000][125][info ][gc,phases   ] GC(120)   Pre Evacuate Collection Set: 0.79ms
[2024-10-15T06:58:25.019+0000][125][info ][gc,phases   ] GC(120)   Merge Heap Roots: 0.42ms
[2024-10-15T06:58:25.019+0000][125][info ][gc,phases   ] GC(120)   Evacuate Collection Set: 9.87ms
[2024-10-15T06:58:25.019+0000][125][info ][gc,phases   ] GC(120)   Post Evacuate Collection Set: 2.82ms
[2024-10-15T06:58:25.019+0000][125][info ][gc,phases   ] GC(120)   Other: 0.14ms
[2024-10-15T06:58:25.019+0000][125][trace][gc,age      ] GC(120) Age table with threshold 15 (max threshold 15)
[2024-10-15T06:58:25.019+0000][125][trace][gc,age      ] GC(120) - age   1:    7551192 bytes,    7551192 total
[2024-10-15T06:58:25.019+0000][125][trace][gc,age      ] GC(120) - age   2:    5452256 bytes,   13003448 total
[2024-10-15T06:58:25.019+0000][125][trace][gc,age      ] GC(120) - age   3:    2075360 bytes,   15078808 total
[2024-10-15T06:58:25.019+0000][125][trace][gc,age      ] GC(120) - age   4:    2300272 bytes,   17379080 total
[2024-10-15T06:58:25.019+0000][125][trace][gc,age      ] GC(120) - age   5:    2349904 bytes,   19728984 total
[2024-10-15T06:58:25.019+0000][125][trace][gc,age      ] GC(120) - age   6:    2777648 bytes,   22506632 total
[2024-10-15T06:58:25.019+0000][125][trace][gc,age      ] GC(120) - age   7:    3528248 bytes,   26034880 total
[2024-10-15T06:58:25.019+0000][125][trace][gc,age      ] GC(120) - age   8:    2530512 bytes,   28565392 total
[2024-10-15T06:58:25.019+0000][125][trace][gc,age      ] GC(120) - age   9:    3964952 bytes,   32530344 total
[2024-10-15T06:58:25.019+0000][125][trace][gc,age      ] GC(120) - age  10:    1252744 bytes,   33783088 total
[2024-10-15T06:58:25.019+0000][125][trace][gc,age      ] GC(120) - age  11:      30568 bytes,   33813656 total
[2024-10-15T06:58:25.019+0000][125][trace][gc,age      ] GC(120) - age  12:       1136 bytes,   33814792 total
[2024-10-15T06:58:25.019+0000][125][trace][gc,age      ] GC(120) - age  13:      29184 bytes,   33843976 total
[2024-10-15T06:58:25.019+0000][125][trace][gc,age      ] GC(120) - age  14:      28560 bytes,   33872536 total
[2024-10-15T06:58:25.019+0000][125][trace][gc,age      ] GC(120) - age  15:      27760 bytes,   33900296 total
[2024-10-15T06:58:25.019+0000][125][info ][gc,heap     ] GC(120) Eden regions: 812->0(812)
[2024-10-15T06:58:25.019+0000][125][info ][gc,heap     ] GC(120) Survivor regions: 9->9(103)
[2024-10-15T06:58:25.019+0000][125][info ][gc,heap     ] GC(120) Old regions: 40->40
[2024-10-15T06:58:25.019+0000][125][info ][gc,heap     ] GC(120) Humongous regions: 2->2
[2024-10-15T06:58:25.019+0000][125][info ][gc,metaspace] GC(120) Metaspace: 157012K(163008K)->157012K(163008K) NonClass: 136004K(139392K)->136004K(139392K) Class: 21008K(23616K)->21008K(23616K)
[2024-10-15T06:58:25.019+0000][125][info ][gc          ] GC(120) Pause Young (Normal) (G1 Evacuation Pause) 3448M->202M(5476M) 14.387ms
[2024-10-15T06:58:25.019+0000][125][info ][gc,cpu      ] GC(120) User=0.03s Sys=0.00s Real=0.01s
[2024-10-15T06:58:25.020+0000][125][info ][safepoint   ] Safepoint "G1CollectForAllocation", Time since last: 2695488572 ns, Reaching safepoint: 692670 ns, Cleanup: 7117 ns, At safepoint: 15298994 ns, Total: 15998781 ns
[2024-10-15T06:58:26.290+0000][125][info ][gc,start    ] GC(121) Pause Young (Normal) (G1 Evacuation Pause)
[2024-10-15T06:58:26.290+0000][125][info ][gc,task     ] GC(121) Using 4 workers of 4 for evacuation
[2024-10-15T06:58:26.290+0000][125][debug][gc,age      ] GC(121) Desired survivor size 216006656 bytes, new threshold 15 (max threshold 15)
[2024-10-15T06:58:26.318+0000][125][info ][gc,phases   ] GC(121)   Pre Evacuate Collection Set: 1.44ms
[2024-10-15T06:58:26.318+0000][125][info ][gc,phases   ] GC(121)   Merge Heap Roots: 0.67ms
[2024-10-15T06:58:26.318+0000][125][info ][gc,phases   ] GC(121)   Evacuate Collection Set: 17.43ms
[2024-10-15T06:58:26.318+0000][125][info ][gc,phases   ] GC(121)   Post Evacuate Collection Set: 8.32ms
[2024-10-15T06:58:26.318+0000][125][info ][gc,phases   ] GC(121)   Other: 0.18ms
[2024-10-15T06:58:26.318+0000][125][trace][gc,age      ] GC(121) Age table with threshold 15 (max threshold 15)
[2024-10-15T06:58:26.318+0000][125][trace][gc,age      ] GC(121) - age   1:    5868528 bytes,    5868528 total
[2024-10-15T06:58:26.318+0000][125][trace][gc,age      ] GC(121) - age   2:    3736304 bytes,    9604832 total
[2024-10-15T06:58:26.318+0000][125][trace][gc,age      ] GC(121) - age   3:    5435968 bytes,   15040800 total
[2024-10-15T06:58:26.318+0000][125][trace][gc,age      ] GC(121) - age   4:    2075200 bytes,   17116000 total
[2024-10-15T06:58:26.318+0000][125][trace][gc,age      ] GC(121) - age   5:    2283816 bytes,   19399816 total
[2024-10-15T06:58:26.318+0000][125][trace][gc,age      ] GC(121) - age   6:    2333488 bytes,   21733304 total
[2024-10-15T06:58:26.318+0000][125][trace][gc,age      ] GC(121) - age   7:    2777568 bytes,   24510872 total
[2024-10-15T06:58:26.318+0000][125][trace][gc,age      ] GC(121) - age   8:    3528248 bytes,   28039120 total
[2024-10-15T06:58:26.318+0000][125][trace][gc,age      ] GC(121) - age   9:    2530512 bytes,   30569632 total
[2024-10-15T06:58:26.318+0000][125][trace][gc,age      ] GC(121) - age  10:    3962744 bytes,   34532376 total
[2024-10-15T06:58:26.318+0000][125][trace][gc,age      ] GC(121) - age  11:    1252592 bytes,   35784968 total
[2024-10-15T06:58:26.318+0000][125][trace][gc,age      ] GC(121) - age  12:      30568 bytes,   35815536 total
[2024-10-15T06:58:26.318+0000][125][trace][gc,age      ] GC(121) - age  13:       1136 bytes,   35816672 total
[2024-10-15T06:58:26.318+0000][125][trace][gc,age      ] GC(121) - age  14:      29184 bytes,   35845856 total
[2024-10-15T06:58:26.333+0000][125][trace][gc,age      ] GC(121) - age  15:      28560 bytes,   35874416 total
[2024-10-15T06:58:26.333+0000][125][info ][gc,heap     ] GC(121) Eden regions: 812->0(811)
[2024-10-15T06:58:26.333+0000][125][info ][gc,heap     ] GC(121) Survivor regions: 9->10(103)
[2024-10-15T06:58:26.333+0000][125][info ][gc,heap     ] GC(121) Old regions: 40->40
[2024-10-15T06:58:26.333+0000][125][info ][gc,heap     ] GC(121) Humongous regions: 2->2
[2024-10-15T06:58:26.333+0000][125][info ][gc,metaspace] GC(121) Metaspace: 157012K(163008K)->157012K(163008K) NonClass: 136004K(139392K)->136004K(139392K) Class: 21008K(23616K)->21008K(23616K)
[2024-10-15T06:58:26.333+0000][125][info ][gc          ] GC(121) Pause Young (Normal) (G1 Evacuation Pause) 3450M->204M(5476M) 43.234ms
[2024-10-15T06:58:26.333+0000][125][info ][gc,cpu      ] GC(121) User=0.07s Sys=0.00s Real=0.05s
[2024-10-15T06:58:26.333+0000][125][info ][safepoint   ] Safepoint "G1CollectForAllocation", Time since last: 1268782462 ns, Reaching safepoint: 1071143 ns, Cleanup: 6989 ns, At safepoint: 43401062 ns, Total: 44479194 ns
[2024-10-15T06:58:27.819+0000][125][info ][gc,start    ] GC(122) Pause Young (Normal) (G1 Evacuation Pause)
[2024-10-15T06:58:27.819+0000][125][info ][gc,task     ] GC(122) Using 4 workers of 4 for evacuation
[2024-10-15T06:58:27.820+0000][125][debug][gc,age      ] GC(122) Desired survivor size 216006656 bytes, new threshold 15 (max threshold 15)
[2024-10-15T06:58:27.842+0000][125][info ][gc,phases   ] GC(122)   Pre Evacuate Collection Set: 3.90ms
[2024-10-15T06:58:27.842+0000][125][info ][gc,phases   ] GC(122)   Merge Heap Roots: 2.66ms
[2024-10-15T06:58:27.842+0000][125][info ][gc,phases   ] GC(122)   Evacuate Collection Set: 12.40ms
[2024-10-15T06:58:27.842+0000][125][info ][gc,phases   ] GC(122)   Post Evacuate Collection Set: 3.13ms
[2024-10-15T06:58:27.842+0000][125][info ][gc,phases   ] GC(122)   Other: 0.17ms
[2024-10-15T06:58:27.842+0000][125][trace][gc,age      ] GC(122) Age table with threshold 15 (max threshold 15)
[2024-10-15T06:58:27.842+0000][125][trace][gc,age      ] GC(122) - age   1:    6251840 bytes,    6251840 total
[2024-10-15T06:58:27.842+0000][125][trace][gc,age      ] GC(122) - age   2:    2592184 bytes,    8844024 total
[2024-10-15T06:58:27.842+0000][125][trace][gc,age      ] GC(122) - age   3:    3497560 bytes,   12341584 total
[2024-10-15T06:58:27.842+0000][125][trace][gc,age      ] GC(122) - age   4:    5211952 bytes,   17553536 total
[2024-10-15T06:58:27.842+0000][125][trace][gc,age      ] GC(122) - age   5:    2074424 bytes,   19627960 total
[2024-10-15T06:58:27.842+0000][125][trace][gc,age      ] GC(122) - age   6:    2283816 bytes,   21911776 total
[2024-10-15T06:58:27.842+0000][125][trace][gc,age      ] GC(122) - age   7:    2332888 bytes,   24244664 total
[2024-10-15T06:58:27.842+0000][125][trace][gc,age      ] GC(122) - age   8:    2777128 bytes,   27021792 total
[2024-10-15T06:58:27.842+0000][125][trace][gc,age      ] GC(122) - age   9:    3528248 bytes,   30550040 total
[2024-10-15T06:58:27.842+0000][125][trace][gc,age      ] GC(122) - age  10:    2529904 bytes,   33079944 total
[2024-10-15T06:58:27.842+0000][125][trace][gc,age      ] GC(122) - age  11:    3960496 bytes,   37040440 total
[2024-10-15T06:58:27.842+0000][125][trace][gc,age      ] GC(122) - age  12:    1252592 bytes,   38293032 total
[2024-10-15T06:58:27.842+0000][125][trace][gc,age      ] GC(122) - age  13:      30568 bytes,   38323600 total
[2024-10-15T06:58:27.842+0000][125][trace][gc,age      ] GC(122) - age  14:       1096 bytes,   38324696 total
[2024-10-15T06:58:27.842+0000][125][trace][gc,age      ] GC(122) - age  15:      29144 bytes,   38353840 total
[2024-10-15T06:58:27.842+0000][125][info ][gc,heap     ] GC(122) Eden regions: 811->0(811)
[2024-10-15T06:58:27.842+0000][125][info ][gc,heap     ] GC(122) Survivor regions: 10->10(103)
[2024-10-15T06:58:27.842+0000][125][info ][gc,heap     ] GC(122) Old regions: 40->40
[2024-10-15T06:58:27.842+0000][125][info ][gc,heap     ] GC(122) Humongous regions: 2->2
[2024-10-15T06:58:27.842+0000][125][info ][gc,metaspace] GC(122) Metaspace: 157012K(163008K)->157012K(163008K) NonClass: 136004K(139392K)->136004K(139392K) Class: 21008K(23616K)->21008K(23616K)
[2024-10-15T06:58:27.842+0000][125][info ][gc          ] GC(122) Pause Young (Normal) (G1 Evacuation Pause) 3448M->207M(5476M) 22.764ms
[2024-10-15T06:58:27.842+0000][125][info ][gc,cpu      ] GC(122) User=0.04s Sys=0.00s Real=0.03s
[2024-10-15T06:58:27.845+0000][125][info ][safepoint   ] Safepoint "G1CollectForAllocation", Time since last: 1471776260 ns, Reaching safepoint: 14151161 ns, Cleanup: 9384 ns, At safepoint: 25639768 ns, Total: 39800313 ns
[2024-10-15T06:58:29.177+0000][125][info ][gc,start    ] GC(123) Pause Young (Normal) (G1 Evacuation Pause)
[2024-10-15T06:58:29.177+0000][125][info ][gc,task     ] GC(123) Using 4 workers of 4 for evacuation
[2024-10-15T06:58:29.177+0000][125][debug][gc,age      ] GC(123) Desired survivor size 216006656 bytes, new threshold 15 (max threshold 15)
[2024-10-15T06:58:29.196+0000][125][info ][gc,phases   ] GC(123)   Pre Evacuate Collection Set: 1.52ms
[2024-10-15T06:58:29.196+0000][125][info ][gc,phases   ] GC(123)   Merge Heap Roots: 0.80ms
[2024-10-15T06:58:29.196+0000][125][info ][gc,phases   ] GC(123)   Evacuate Collection Set: 13.98ms
[2024-10-15T06:58:29.196+0000][125][info ][gc,phases   ] GC(123)   Post Evacuate Collection Set: 2.97ms
[2024-10-15T06:58:29.196+0000][125][info ][gc,phases   ] GC(123)   Other: 0.15ms
[2024-10-15T06:58:29.196+0000][125][trace][gc,age      ] GC(123) Age table with threshold 15 (max threshold 15)
[2024-10-15T06:58:29.196+0000][125][trace][gc,age      ] GC(123) - age   1:   10337456 bytes,   10337456 total
[2024-10-15T06:58:29.196+0000][125][trace][gc,age      ] GC(123) - age   2:    3298112 bytes,   13635568 total
[2024-10-15T06:58:29.196+0000][125][trace][gc,age      ] GC(123) - age   3:    2132376 bytes,   15767944 total
[2024-10-15T06:58:29.196+0000][125][trace][gc,age      ] GC(123) - age   4:    2329696 bytes,   18097640 total
[2024-10-15T06:58:29.196+0000][125][trace][gc,age      ] GC(123) - age   5:    3011808 bytes,   21109448 total
[2024-10-15T06:58:29.196+0000][125][trace][gc,age      ] GC(123) - age   6:    2074384 bytes,   23183832 total
[2024-10-15T06:58:29.196+0000][125][trace][gc,age      ] GC(123) - age   7:    2283816 bytes,   25467648 total
[2024-10-15T06:58:29.196+0000][125][trace][gc,age      ] GC(123) - age   8:    2332888 bytes,   27800536 total
[2024-10-15T06:58:29.197+0000][125][trace][gc,age      ] GC(123) - age   9:    2711576 bytes,   30512112 total
[2024-10-15T06:58:29.197+0000][125][trace][gc,age      ] GC(123) - age  10:    3397144 bytes,   33909256 total
[2024-10-15T06:58:29.197+0000][125][trace][gc,age      ] GC(123) - age  11:    2529904 bytes,   36439160 total
[2024-10-15T06:58:29.197+0000][125][trace][gc,age      ] GC(123) - age  12:    3960496 bytes,   40399656 total
[2024-10-15T06:58:29.197+0000][125][trace][gc,age      ] GC(123) - age  13:    1252592 bytes,   41652248 total
[2024-10-15T06:58:29.197+0000][125][trace][gc,age      ] GC(123) - age  14:      30568 bytes,   41682816 total
[2024-10-15T06:58:29.197+0000][125][trace][gc,age      ] GC(123) - age  15:       1096 bytes,   41683912 total
[2024-10-15T06:58:29.197+0000][125][info ][gc,heap     ] GC(123) Eden regions: 811->0(810)
[2024-10-15T06:58:29.197+0000][125][info ][gc,heap     ] GC(123) Survivor regions: 10->11(103)
[2024-10-15T06:58:29.197+0000][125][info ][gc,heap     ] GC(123) Old regions: 40->40
[2024-10-15T06:58:29.197+0000][125][info ][gc,heap     ] GC(123) Humongous regions: 2->2
[2024-10-15T06:58:29.197+0000][125][info ][gc,metaspace] GC(123) Metaspace: 157012K(163008K)->157012K(163008K) NonClass: 136004K(139392K)->136004K(139392K) Class: 21008K(23616K)->21008K(23616K)
[2024-10-15T06:58:29.197+0000][125][info ][gc          ] GC(123) Pause Young (Normal) (G1 Evacuation Pause) 3451M->211M(5476M) 19.823ms
[2024-10-15T06:58:29.197+0000][125][info ][gc,cpu      ] GC(123) User=0.04s Sys=0.00s Real=0.02s
[2024-10-15T06:58:29.197+0000][125][info ][safepoint   ] Safepoint "G1CollectForAllocation", Time since last: 1329269857 ns, Reaching safepoint: 2440707 ns, Cleanup: 6382 ns, At safepoint: 20062910 ns, Total: 22509999 ns
[2024-10-15T06:58:37.330+0000][125][info ][safepoint   ] Safepoint "Cleanup", Time since last: 8133236612 ns, Reaching safepoint: 46918 ns, Cleanup: 13562 ns, At safepoint: 15722 ns, Total: 76202 ns
[2024-10-15T06:58:52.330+0000][125][info ][safepoint   ] Safepoint "Cleanup", Time since last: 14999343054 ns, Reaching safepoint: 70729 ns, Cleanup: 40315 ns, At safepoint: 42046 ns, Total: 153090 ns
[2024-10-15T06:59:33.630+0000][125][info ][safepoint   ] Safepoint "Cleanup", Time since last: 41291169216 ns, Reaching safepoint: 1530432 ns, Cleanup: 14188 ns, At safepoint: 105676 ns, Total: 1650296 ns
[2024-10-15T06:59:34.656+0000][125][info ][safepoint   ] Safepoint "Cleanup", Time since last: 1025874061 ns, Reaching safepoint: 7452 ns, Cleanup: 8720 ns, At safepoint: 5249 ns, Total: 21421 ns
[2024-10-15T06:59:51.954+0000][125][info ][safepoint   ] Safepoint "Cleanup", Time since last: 17297498113 ns, Reaching safepoint: 242099 ns, Cleanup: 12553 ns, At safepoint: 20497 ns, Total: 275149 ns
[2024-10-15T06:59:57.967+0000][125][info ][safepoint   ] Safepoint "Cleanup", Time since last: 6006705414 ns, Reaching safepoint: 10724 ns, Cleanup: 8375 ns, At safepoint: 7940 ns, Total: 27039 ns
[2024-10-15T06:59:58.983+0000][125][info ][safepoint   ] Safepoint "Cleanup", Time since last: 1015232973 ns, Reaching safepoint: 19531 ns, Cleanup: 13653 ns, At safepoint: 11213 ns, Total: 44397 ns
[2024-10-15T07:00:28.835+0000][125][info ][safepoint   ] Safepoint "Cleanup", Time since last: 29863274664 ns, Reaching safepoint: 714558 ns, Cleanup: 16585 ns, At safepoint: 201912 ns, Total: 933055 ns
[2024-10-15T07:00:29.727+0000][125][info ][gc,start    ] GC(124) Pause Young (Normal) (G1 Evacuation Pause)
[2024-10-15T07:00:29.727+0000][125][info ][gc,task     ] GC(124) Using 4 workers of 4 for evacuation
[2024-10-15T07:00:29.727+0000][125][debug][gc,age      ] GC(124) Desired survivor size 216006656 bytes, new threshold 15 (max threshold 15)
[2024-10-15T07:00:29.746+0000][125][info ][gc,phases   ] GC(124)   Pre Evacuate Collection Set: 0.82ms
[2024-10-15T07:00:29.746+0000][125][info ][gc,phases   ] GC(124)   Merge Heap Roots: 0.49ms
[2024-10-15T07:00:29.746+0000][125][info ][gc,phases   ] GC(124)   Evacuate Collection Set: 15.02ms
[2024-10-15T07:00:29.746+0000][125][info ][gc,phases   ] GC(124)   Post Evacuate Collection Set: 2.79ms
[2024-10-15T07:00:29.746+0000][125][info ][gc,phases   ] GC(124)   Other: 0.10ms
[2024-10-15T07:00:29.746+0000][125][trace][gc,age      ] GC(124) Age table with threshold 15 (max threshold 15)
[2024-10-15T07:00:29.746+0000][125][trace][gc,age      ] GC(124) - age   1:    9537840 bytes,    9537840 total
[2024-10-15T07:00:29.746+0000][125][trace][gc,age      ] GC(124) - age   2:    8295512 bytes,   17833352 total
[2024-10-15T07:00:29.746+0000][125][trace][gc,age      ] GC(124) - age   3:    2457040 bytes,   20290392 total
[2024-10-15T07:00:29.746+0000][125][trace][gc,age      ] GC(124) - age   4:    1988256 bytes,   22278648 total
[2024-10-15T07:00:29.746+0000][125][trace][gc,age      ] GC(124) - age   5:    2199448 bytes,   24478096 total
[2024-10-15T07:00:29.746+0000][125][trace][gc,age      ] GC(124) - age   6:    2920224 bytes,   27398320 total
[2024-10-15T07:00:29.746+0000][125][trace][gc,age      ] GC(124) - age   7:    1984072 bytes,   29382392 total
[2024-10-15T07:00:29.746+0000][125][trace][gc,age      ] GC(124) - age   8:    2181304 bytes,   31563696 total
[2024-10-15T07:00:29.746+0000][125][trace][gc,age      ] GC(124) - age   9:    2246600 bytes,   33810296 total
[2024-10-15T07:00:29.746+0000][125][trace][gc,age      ] GC(124) - age  10:    2608976 bytes,   36419272 total
[2024-10-15T07:00:29.746+0000][125][trace][gc,age      ] GC(124) - age  11:    3300576 bytes,   39719848 total
[2024-10-15T07:00:29.746+0000][125][trace][gc,age      ] GC(124) - age  12:    2441912 bytes,   42161760 total
[2024-10-15T07:00:29.746+0000][125][trace][gc,age      ] GC(124) - age  13:    3556512 bytes,   45718272 total
[2024-10-15T07:00:29.746+0000][125][trace][gc,age      ] GC(124) - age  14:     960936 bytes,   46679208 total
[2024-10-15T07:00:29.746+0000][125][trace][gc,age      ] GC(124) - age  15:      30528 bytes,   46709736 total
[2024-10-15T07:00:29.746+0000][125][info ][gc,heap     ] GC(124) Eden regions: 810->0(808)
[2024-10-15T07:00:29.746+0000][125][info ][gc,heap     ] GC(124) Survivor regions: 11->13(103)
[2024-10-15T07:00:29.746+0000][125][info ][gc,heap     ] GC(124) Old regions: 40->40
[2024-10-15T07:00:29.746+0000][125][info ][gc,heap     ] GC(124) Humongous regions: 2->2
[2024-10-15T07:00:29.746+0000][125][info ][gc,metaspace] GC(124) Metaspace: 157016K(163008K)->157016K(163008K) NonClass: 136007K(139392K)->136007K(139392K) Class: 21008K(23616K)->21008K(23616K)
[2024-10-15T07:00:29.747+0000][125][info ][gc          ] GC(124) Pause Young (Normal) (G1 Evacuation Pause) 3451M->217M(5476M) 19.500ms
[2024-10-15T07:00:29.747+0000][125][info ][gc,cpu      ] GC(124) User=0.06s Sys=0.00s Real=0.02s
[2024-10-15T07:00:29.747+0000][125][info ][safepoint   ] Safepoint "G1CollectForAllocation", Time since last: 890763577 ns, Reaching safepoint: 1181235 ns, Cleanup: 7562 ns, At safepoint: 19593153 ns, Total: 20781950 ns
[2024-10-15T07:00:31.854+0000][125][info ][gc,start    ] GC(125) Pause Young (Normal) (G1 Evacuation Pause)
[2024-10-15T07:00:31.854+0000][125][info ][gc,task     ] GC(125) Using 4 workers of 4 for evacuation
[2024-10-15T07:00:31.854+0000][125][debug][gc,age      ] GC(125) Desired survivor size 216006656 bytes, new threshold 15 (max threshold 15)
[2024-10-15T07:00:31.884+0000][125][info ][gc,phases   ] GC(125)   Pre Evacuate Collection Set: 1.43ms
[2024-10-15T07:00:31.884+0000][125][info ][gc,phases   ] GC(125)   Merge Heap Roots: 0.85ms
[2024-10-15T07:00:31.884+0000][125][info ][gc,phases   ] GC(125)   Evacuate Collection Set: 13.90ms
[2024-10-15T07:00:31.884+0000][125][info ][gc,phases   ] GC(125)   Post Evacuate Collection Set: 13.86ms
[2024-10-15T07:00:31.884+0000][125][info ][gc,phases   ] GC(125)   Other: 0.34ms
[2024-10-15T07:00:31.884+0000][125][trace][gc,age      ] GC(125) Age table with threshold 15 (max threshold 15)
[2024-10-15T07:00:31.884+0000][125][trace][gc,age      ] GC(125) - age   1:    8379976 bytes,    8379976 total
[2024-10-15T07:00:31.884+0000][125][trace][gc,age      ] GC(125) - age   2:    1475072 bytes,    9855048 total
[2024-10-15T07:00:31.884+0000][125][trace][gc,age      ] GC(125) - age   3:        456 bytes,    9855504 total
[2024-10-15T07:00:31.884+0000][125][trace][gc,age      ] GC(125) - age   4:        200 bytes,    9855704 total
[2024-10-15T07:00:31.884+0000][125][trace][gc,age      ] GC(125) - age   5:      66152 bytes,    9921856 total
[2024-10-15T07:00:31.884+0000][125][trace][gc,age      ] GC(125) - age   6:       1360 bytes,    9923216 total
[2024-10-15T07:00:31.884+0000][125][trace][gc,age      ] GC(125) - age   7:      16280 bytes,    9939496 total
[2024-10-15T07:00:31.884+0000][125][trace][gc,age      ] GC(125) - age   8:         80 bytes,    9939576 total
[2024-10-15T07:00:31.884+0000][125][trace][gc,age      ] GC(125) - age   9:       1080 bytes,    9940656 total
[2024-10-15T07:00:31.884+0000][125][trace][gc,age      ] GC(125) - age  10:        312 bytes,    9940968 total
[2024-10-15T07:00:31.884+0000][125][trace][gc,age      ] GC(125) - age  11:       1280 bytes,    9942248 total
[2024-10-15T07:00:31.884+0000][125][trace][gc,age      ] GC(125) - age  12:        192 bytes,    9942440 total
[2024-10-15T07:00:31.884+0000][125][trace][gc,age      ] GC(125) - age  14:     131688 bytes,   10074128 total
[2024-10-15T07:00:31.884+0000][125][trace][gc,age      ] GC(125) - age  15:     144024 bytes,   10218152 total
[2024-10-15T07:00:31.885+0000][125][info ][gc,heap     ] GC(125) Eden regions: 808->0(817)
[2024-10-15T07:00:31.885+0000][125][info ][gc,heap     ] GC(125) Survivor regions: 13->4(103)
[2024-10-15T07:00:31.885+0000][125][info ][gc,heap     ] GC(125) Old regions: 40->40
[2024-10-15T07:00:31.885+0000][125][info ][gc,heap     ] GC(125) Humongous regions: 2->2
[2024-10-15T07:00:31.885+0000][125][info ][gc,metaspace] GC(125) Metaspace: 157017K(163008K)->157017K(163008K) NonClass: 136008K(139392K)->136008K(139392K) Class: 21008K(23616K)->21008K(23616K)
[2024-10-15T07:00:31.885+0000][125][info ][gc          ] GC(125) Pause Young (Normal) (G1 Evacuation Pause) 3449M->181M(5476M) 30.747ms
[2024-10-15T07:00:31.885+0000][125][info ][gc,cpu      ] GC(125) User=0.04s Sys=0.00s Real=0.03s
[2024-10-15T07:00:31.895+0000][125][info ][safepoint   ] Safepoint "G1CollectForAllocation", Time since last: 2106759728 ns, Reaching safepoint: 442684 ns, Cleanup: 8077 ns, At safepoint: 40945889 ns, Total: 41396650 ns
[2024-10-15T07:00:33.163+0000][125][info ][gc,start    ] GC(126) Pause Young (Normal) (G1 Evacuation Pause)
[2024-10-15T07:00:33.163+0000][125][info ][gc,task     ] GC(126) Using 4 workers of 4 for evacuation
[2024-10-15T07:00:33.163+0000][125][debug][gc,age      ] GC(126) Desired survivor size 216006656 bytes, new threshold 15 (max threshold 15)
[2024-10-15T07:00:33.178+0000][125][info ][gc,phases   ] GC(126)   Pre Evacuate Collection Set: 4.37ms
[2024-10-15T07:00:33.178+0000][125][info ][gc,phases   ] GC(126)   Merge Heap Roots: 0.66ms
[2024-10-15T07:00:33.178+0000][125][info ][gc,phases   ] GC(126)   Evacuate Collection Set: 7.20ms
[2024-10-15T07:00:33.178+0000][125][info ][gc,phases   ] GC(126)   Post Evacuate Collection Set: 2.38ms
[2024-10-15T07:00:33.178+0000][125][info ][gc,phases   ] GC(126)   Other: 0.17ms
[2024-10-15T07:00:33.178+0000][125][trace][gc,age      ] GC(126) Age table with threshold 15 (max threshold 15)
[2024-10-15T07:00:33.178+0000][125][trace][gc,age      ] GC(126) - age   1:    7460280 bytes,    7460280 total
[2024-10-15T07:00:33.178+0000][125][trace][gc,age      ] GC(126) - age   2:    5424008 bytes,   12884288 total
[2024-10-15T07:00:33.178+0000][125][trace][gc,age      ] GC(126) - age   3:    1473776 bytes,   14358064 total
[2024-10-15T07:00:33.178+0000][125][trace][gc,age      ] GC(126) - age   4:        256 bytes,   14358320 total
[2024-10-15T07:00:33.178+0000][125][trace][gc,age      ] GC(126) - age   5:        160 bytes,   14358480 total
[2024-10-15T07:00:33.178+0000][125][trace][gc,age      ] GC(126) - age   6:      66112 bytes,   14424592 total
[2024-10-15T07:00:33.178+0000][125][trace][gc,age      ] GC(126) - age   7:       1240 bytes,   14425832 total
[2024-10-15T07:00:33.178+0000][125][trace][gc,age      ] GC(126) - age   8:      16240 bytes,   14442072 total
[2024-10-15T07:00:33.178+0000][125][trace][gc,age      ] GC(126) - age   9:         80 bytes,   14442152 total
[2024-10-15T07:00:33.178+0000][125][trace][gc,age      ] GC(126) - age  10:       1080 bytes,   14443232 total
[2024-10-15T07:00:33.178+0000][125][trace][gc,age      ] GC(126) - age  11:        312 bytes,   14443544 total
[2024-10-15T07:00:33.178+0000][125][trace][gc,age      ] GC(126) - age  12:       1280 bytes,   14444824 total
[2024-10-15T07:00:33.178+0000][125][trace][gc,age      ] GC(126) - age  13:        192 bytes,   14445016 total
[2024-10-15T07:00:33.178+0000][125][trace][gc,age      ] GC(126) - age  15:     131688 bytes,   14576704 total
[2024-10-15T07:00:33.178+0000][125][info ][gc,heap     ] GC(126) Eden regions: 817->0(817)
[2024-10-15T07:00:33.178+0000][125][info ][gc,heap     ] GC(126) Survivor regions: 4->4(103)
[2024-10-15T07:00:33.178+0000][125][info ][gc,heap     ] GC(126) Old regions: 40->40
[2024-10-15T07:00:33.178+0000][125][info ][gc,heap     ] GC(126) Humongous regions: 2->2
[2024-10-15T07:00:33.178+0000][125][info ][gc,metaspace] GC(126) Metaspace: 157017K(163008K)->157017K(163008K) NonClass: 136008K(139392K)->136008K(139392K) Class: 21008K(23616K)->21008K(23616K)
[2024-10-15T07:00:33.178+0000][125][info ][gc          ] GC(126) Pause Young (Normal) (G1 Evacuation Pause) 3449M->182M(5476M) 15.262ms
[2024-10-15T07:00:33.178+0000][125][info ][gc,cpu      ] GC(126) User=0.03s Sys=0.00s Real=0.02s
[2024-10-15T07:00:33.179+0000][125][info ][safepoint   ] Safepoint "G1CollectForAllocation", Time since last: 1267152210 ns, Reaching safepoint: 773320 ns, Cleanup: 7156 ns, At safepoint: 16748435 ns, Total: 17528911 ns
[2024-10-15T07:00:34.186+0000][125][info ][safepoint   ] Safepoint "Cleanup", Time since last: 1005311444 ns, Reaching safepoint: 1085095 ns, Cleanup: 27328 ns, At safepoint: 118885 ns, Total: 1231308 ns
[2024-10-15T07:00:34.557+0000][125][info ][gc,start    ] GC(127) Pause Young (Normal) (G1 Evacuation Pause)
[2024-10-15T07:00:34.557+0000][125][info ][gc,task     ] GC(127) Using 4 workers of 4 for evacuation
[2024-10-15T07:00:34.557+0000][125][debug][gc,age      ] GC(127) Desired survivor size 216006656 bytes, new threshold 15 (max threshold 15)
[2024-10-15T07:00:34.568+0000][125][info ][gc,phases   ] GC(127)   Pre Evacuate Collection Set: 0.78ms
[2024-10-15T07:00:34.568+0000][125][info ][gc,phases   ] GC(127)   Merge Heap Roots: 0.37ms
[2024-10-15T07:00:34.568+0000][125][info ][gc,phases   ] GC(127)   Evacuate Collection Set: 7.44ms
[2024-10-15T07:00:34.568+0000][125][info ][gc,phases   ] GC(127)   Post Evacuate Collection Set: 2.29ms
[2024-10-15T07:00:34.568+0000][125][info ][gc,phases   ] GC(127)   Other: 0.16ms
[2024-10-15T07:00:34.568+0000][125][trace][gc,age      ] GC(127) Age table with threshold 15 (max threshold 15)
[2024-10-15T07:00:34.568+0000][125][trace][gc,age      ] GC(127) - age   1:    7963808 bytes,    7963808 total
[2024-10-15T07:00:34.568+0000][125][trace][gc,age      ] GC(127) - age   2:    3295488 bytes,   11259296 total
[2024-10-15T07:00:34.568+0000][125][trace][gc,age      ] GC(127) - age   3:    5418160 bytes,   16677456 total
[2024-10-15T07:00:34.568+0000][125][trace][gc,age      ] GC(127) - age   4:     857504 bytes,   17534960 total
[2024-10-15T07:00:34.568+0000][125][trace][gc,age      ] GC(127) - age   5:        176 bytes,   17535136 total
[2024-10-15T07:00:34.568+0000][125][trace][gc,age      ] GC(127) - age   6:        160 bytes,   17535296 total
[2024-10-15T07:00:34.568+0000][125][trace][gc,age      ] GC(127) - age   7:      66112 bytes,   17601408 total
[2024-10-15T07:00:34.568+0000][125][trace][gc,age      ] GC(127) - age   8:       1200 bytes,   17602608 total
[2024-10-15T07:00:34.568+0000][125][trace][gc,age      ] GC(127) - age   9:      16240 bytes,   17618848 total
[2024-10-15T07:00:34.568+0000][125][trace][gc,age      ] GC(127) - age  10:         80 bytes,   17618928 total
[2024-10-15T07:00:34.568+0000][125][trace][gc,age      ] GC(127) - age  11:       1080 bytes,   17620008 total
[2024-10-15T07:00:34.568+0000][125][trace][gc,age      ] GC(127) - age  12:        312 bytes,   17620320 total
[2024-10-15T07:00:34.568+0000][125][trace][gc,age      ] GC(127) - age  13:       1280 bytes,   17621600 total
[2024-10-15T07:00:34.568+0000][125][trace][gc,age      ] GC(127) - age  14:        152 bytes,   17621752 total
[2024-10-15T07:00:34.568+0000][125][info ][gc,heap     ] GC(127) Eden regions: 817->0(816)
[2024-10-15T07:00:34.568+0000][125][info ][gc,heap     ] GC(127) Survivor regions: 4->5(103)
[2024-10-15T07:00:34.568+0000][125][info ][gc,heap     ] GC(127) Old regions: 40->40
[2024-10-15T07:00:34.568+0000][125][info ][gc,heap     ] GC(127) Humongous regions: 2->2
[2024-10-15T07:00:34.568+0000][125][info ][gc,metaspace] GC(127) Metaspace: 157018K(163008K)->157018K(163008K) NonClass: 136009K(139392K)->136009K(139392K) Class: 21008K(23616K)->21008K(23616K)
[2024-10-15T07:00:34.568+0000][125][info ][gc          ] GC(127) Pause Young (Normal) (G1 Evacuation Pause) 3450M->185M(5476M) 11.291ms
[2024-10-15T07:00:34.568+0000][125][info ][gc,cpu      ] GC(127) User=0.03s Sys=0.00s Real=0.01s
[2024-10-15T07:00:34.568+0000][125][info ][safepoint   ] Safepoint "G1CollectForAllocation", Time since last: 370448605 ns, Reaching safepoint: 244013 ns, Cleanup: 14105 ns, At safepoint: 11477319 ns, Total: 11735437 ns
[2024-10-15T07:00:35.572+0000][125][info ][safepoint   ] Safepoint "Cleanup", Time since last: 1002642479 ns, Reaching safepoint: 1237305 ns, Cleanup: 16431 ns, At safepoint: 137442 ns, Total: 1391178 ns
[2024-10-15T07:00:37.085+0000][125][info ][gc,start    ] GC(128) Pause Young (Normal) (G1 Evacuation Pause)
[2024-10-15T07:00:37.085+0000][125][info ][gc,task     ] GC(128) Using 4 workers of 4 for evacuation
[2024-10-15T07:00:37.085+0000][125][debug][gc,age      ] GC(128) Desired survivor size 216006656 bytes, new threshold 15 (max threshold 15)
[2024-10-15T07:00:37.098+0000][125][info ][gc,phases   ] GC(128)   Pre Evacuate Collection Set: 0.81ms
[2024-10-15T07:00:37.098+0000][125][info ][gc,phases   ] GC(128)   Merge Heap Roots: 0.47ms
[2024-10-15T07:00:37.098+0000][125][info ][gc,phases   ] GC(128)   Evacuate Collection Set: 8.97ms
[2024-10-15T07:00:37.098+0000][125][info ][gc,phases   ] GC(128)   Post Evacuate Collection Set: 2.96ms
[2024-10-15T07:00:37.099+0000][125][info ][gc,phases   ] GC(128)   Other: 0.13ms
[2024-10-15T07:00:37.099+0000][125][trace][gc,age      ] GC(128) Age table with threshold 15 (max threshold 15)
[2024-10-15T07:00:37.099+0000][125][trace][gc,age      ] GC(128) - age   1:    9239800 bytes,    9239800 total
[2024-10-15T07:00:37.099+0000][125][trace][gc,age      ] GC(128) - age   2:    2767904 bytes,   12007704 total
[2024-10-15T07:00:37.099+0000][125][trace][gc,age      ] GC(128) - age   3:    2934160 bytes,   14941864 total
[2024-10-15T07:00:37.099+0000][125][trace][gc,age      ] GC(128) - age   4:    5023840 bytes,   19965704 total
[2024-10-15T07:00:37.099+0000][125][trace][gc,age      ] GC(128) - age   5:     552040 bytes,   20517744 total
[2024-10-15T07:00:37.099+0000][125][trace][gc,age      ] GC(128) - age   6:        136 bytes,   20517880 total
[2024-10-15T07:00:37.099+0000][125][trace][gc,age      ] GC(128) - age   7:        160 bytes,   20518040 total
[2024-10-15T07:00:37.099+0000][125][trace][gc,age      ] GC(128) - age   8:      66072 bytes,   20584112 total
[2024-10-15T07:00:37.099+0000][125][trace][gc,age      ] GC(128) - age   9:       1160 bytes,   20585272 total
[2024-10-15T07:00:37.099+0000][125][trace][gc,age      ] GC(128) - age  10:      16240 bytes,   20601512 total
[2024-10-15T07:00:37.099+0000][125][trace][gc,age      ] GC(128) - age  11:         80 bytes,   20601592 total
[2024-10-15T07:00:37.099+0000][125][trace][gc,age      ] GC(128) - age  12:       1080 bytes,   20602672 total
[2024-10-15T07:00:37.099+0000][125][trace][gc,age      ] GC(128) - age  13:        272 bytes,   20602944 total
[2024-10-15T07:00:37.099+0000][125][trace][gc,age      ] GC(128) - age  14:       1280 bytes,   20604224 total
[2024-10-15T07:00:37.099+0000][125][trace][gc,age      ] GC(128) - age  15:        152 bytes,   20604376 total
[2024-10-15T07:00:37.099+0000][125][info ][gc,heap     ] GC(128) Eden regions: 816->0(815)
[2024-10-15T07:00:37.099+0000][125][info ][gc,heap     ] GC(128) Survivor regions: 5->6(103)
[2024-10-15T07:00:37.099+0000][125][info ][gc,heap     ] GC(128) Old regions: 40->40
[2024-10-15T07:00:37.099+0000][125][info ][gc,heap     ] GC(128) Humongous regions: 2->2
[2024-10-15T07:00:37.099+0000][125][info ][gc,metaspace] GC(128) Metaspace: 157018K(163008K)->157018K(163008K) NonClass: 136009K(139392K)->136009K(139392K) Class: 21008K(23616K)->21008K(23616K)
[2024-10-15T07:00:37.099+0000][125][info ][gc          ] GC(128) Pause Young (Normal) (G1 Evacuation Pause) 3449M->189M(5476M) 13.842ms
[2024-10-15T07:00:37.099+0000][125][info ][gc,cpu      ] GC(128) User=0.03s Sys=0.00s Real=0.01s
[2024-10-15T07:00:37.102+0000][125][info ][safepoint   ] Safepoint "G1CollectForAllocation", Time since last: 1511023538 ns, Reaching safepoint: 1745914 ns, Cleanup: 8292 ns, At safepoint: 16885650 ns, Total: 18639856 ns
[2024-10-15T07:00:38.104+0000][125][info ][safepoint   ] Safepoint "Cleanup", Time since last: 1001180002 ns, Reaching safepoint: 905782 ns, Cleanup: 13644 ns, At safepoint: 130421 ns, Total: 1049847 ns
[2024-10-15T07:00:39.001+0000][125][info ][gc,start    ] GC(129) Pause Young (Normal) (G1 Evacuation Pause)
[2024-10-15T07:00:39.001+0000][125][info ][gc,task     ] GC(129) Using 4 workers of 4 for evacuation
[2024-10-15T07:00:39.001+0000][125][debug][gc,age      ] GC(129) Desired survivor size 216006656 bytes, new threshold 15 (max threshold 15)
[2024-10-15T07:00:39.012+0000][125][info ][gc,phases   ] GC(129)   Pre Evacuate Collection Set: 0.63ms
[2024-10-15T07:00:39.012+0000][125][info ][gc,phases   ] GC(129)   Merge Heap Roots: 0.65ms
[2024-10-15T07:00:39.012+0000][125][info ][gc,phases   ] GC(129)   Evacuate Collection Set: 7.04ms
[2024-10-15T07:00:39.012+0000][125][info ][gc,phases   ] GC(129)   Post Evacuate Collection Set: 2.67ms
[2024-10-15T07:00:39.012+0000][125][info ][gc,phases   ] GC(129)   Other: 0.15ms
[2024-10-15T07:00:39.012+0000][125][trace][gc,age      ] GC(129) Age table with threshold 15 (max threshold 15)
[2024-10-15T07:00:39.012+0000][125][trace][gc,age      ] GC(129) - age   1:    8338960 bytes,    8338960 total
[2024-10-15T07:00:39.012+0000][125][trace][gc,age      ] GC(129) - age   2:    4097120 bytes,   12436080 total
[2024-10-15T07:00:39.012+0000][125][trace][gc,age      ] GC(129) - age   3:    2693176 bytes,   15129256 total
[2024-10-15T07:00:39.012+0000][125][trace][gc,age      ] GC(129) - age   4:    2867560 bytes,   17996816 total
[2024-10-15T07:00:39.012+0000][125][trace][gc,age      ] GC(129) - age   5:    5023552 bytes,   23020368 total
[2024-10-15T07:00:39.012+0000][125][trace][gc,age      ] GC(129) - age   6:     548832 bytes,   23569200 total
[2024-10-15T07:00:39.012+0000][125][trace][gc,age      ] GC(129) - age   7:        136 bytes,   23569336 total
[2024-10-15T07:00:39.012+0000][125][trace][gc,age      ] GC(129) - age   8:        160 bytes,   23569496 total
[2024-10-15T07:00:39.012+0000][125][trace][gc,age      ] GC(129) - age   9:      66072 bytes,   23635568 total
[2024-10-15T07:00:39.012+0000][125][trace][gc,age      ] GC(129) - age  10:       1160 bytes,   23636728 total
[2024-10-15T07:00:39.012+0000][125][trace][gc,age      ] GC(129) - age  11:      16240 bytes,   23652968 total
[2024-10-15T07:00:39.012+0000][125][trace][gc,age      ] GC(129) - age  12:         80 bytes,   23653048 total
[2024-10-15T07:00:39.012+0000][125][trace][gc,age      ] GC(129) - age  13:       1080 bytes,   23654128 total
[2024-10-15T07:00:39.012+0000][125][trace][gc,age      ] GC(129) - age  14:        272 bytes,   23654400 total
[2024-10-15T07:00:39.012+0000][125][trace][gc,age      ] GC(129) - age  15:       1240 bytes,   23655640 total
[2024-10-15T07:00:39.012+0000][125][info ][gc,heap     ] GC(129) Eden regions: 815->0(815)
[2024-10-15T07:00:39.012+0000][125][info ][gc,heap     ] GC(129) Survivor regions: 6->6(103)
[2024-10-15T07:00:39.012+0000][125][info ][gc,heap     ] GC(129) Old regions: 40->40
[2024-10-15T07:00:39.012+0000][125][info ][gc,heap     ] GC(129) Humongous regions: 2->2
[2024-10-15T07:00:39.012+0000][125][info ][gc,metaspace] GC(129) Metaspace: 157018K(163008K)->157018K(163008K) NonClass: 136009K(139392K)->136009K(139392K) Class: 21008K(23616K)->21008K(23616K)
[2024-10-15T07:00:39.012+0000][125][info ][gc          ] GC(129) Pause Young (Normal) (G1 Evacuation Pause) 3449M->191M(5476M) 11.462ms
[2024-10-15T07:00:39.012+0000][125][info ][gc,cpu      ] GC(129) User=0.02s Sys=0.01s Real=0.01s
[2024-10-15T07:00:39.014+0000][125][info ][safepoint   ] Safepoint "G1CollectForAllocation", Time since last: 896208748 ns, Reaching safepoint: 187212 ns, Cleanup: 9704 ns, At safepoint: 13670359 ns, Total: 13867275 ns
[2024-10-15T07:00:40.703+0000][125][info ][gc,start    ] GC(130) Pause Young (Normal) (G1 Evacuation Pause)
[2024-10-15T07:00:40.703+0000][125][info ][gc,task     ] GC(130) Using 4 workers of 4 for evacuation
[2024-10-15T07:00:40.703+0000][125][debug][gc,age      ] GC(130) Desired survivor size 216006656 bytes, new threshold 15 (max threshold 15)
[2024-10-15T07:00:40.722+0000][125][info ][gc,phases   ] GC(130)   Pre Evacuate Collection Set: 1.02ms
[2024-10-15T07:00:40.722+0000][125][info ][gc,phases   ] GC(130)   Merge Heap Roots: 0.50ms
[2024-10-15T07:00:40.722+0000][125][info ][gc,phases   ] GC(130)   Evacuate Collection Set: 14.29ms
[2024-10-15T07:00:40.722+0000][125][info ][gc,phases   ] GC(130)   Post Evacuate Collection Set: 2.75ms
[2024-10-15T07:00:40.722+0000][125][info ][gc,phases   ] GC(130)   Other: 0.13ms
[2024-10-15T07:00:40.722+0000][125][trace][gc,age      ] GC(130) Age table with threshold 15 (max threshold 15)
[2024-10-15T07:00:40.722+0000][125][trace][gc,age      ] GC(130) - age   1:    6478984 bytes,    6478984 total
[2024-10-15T07:00:40.722+0000][125][trace][gc,age      ] GC(130) - age   2:    4726744 bytes,   11205728 total
[2024-10-15T07:00:40.722+0000][125][trace][gc,age      ] GC(130) - age   3:    4096648 bytes,   15302376 total
[2024-10-15T07:00:40.722+0000][125][trace][gc,age      ] GC(130) - age   4:    2692752 bytes,   17995128 total
[2024-10-15T07:00:40.722+0000][125][trace][gc,age      ] GC(130) - age   5:    2867384 bytes,   20862512 total
[2024-10-15T07:00:40.722+0000][125][trace][gc,age      ] GC(130) - age   6:    5023512 bytes,   25886024 total
[2024-10-15T07:00:40.722+0000][125][trace][gc,age      ] GC(130) - age   7:     548672 bytes,   26434696 total
[2024-10-15T07:00:40.722+0000][125][trace][gc,age      ] GC(130) - age   8:        136 bytes,   26434832 total
[2024-10-15T07:00:40.722+0000][125][trace][gc,age      ] GC(130) - age   9:        160 bytes,   26434992 total
[2024-10-15T07:00:40.722+0000][125][trace][gc,age      ] GC(130) - age  10:      66072 bytes,   26501064 total
[2024-10-15T07:00:40.722+0000][125][trace][gc,age      ] GC(130) - age  11:       1160 bytes,   26502224 total
[2024-10-15T07:00:40.722+0000][125][trace][gc,age      ] GC(130) - age  12:      16240 bytes,   26518464 total
[2024-10-15T07:00:40.722+0000][125][trace][gc,age      ] GC(130) - age  13:         80 bytes,   26518544 total
[2024-10-15T07:00:40.722+0000][125][trace][gc,age      ] GC(130) - age  14:       1080 bytes,   26519624 total
[2024-10-15T07:00:40.722+0000][125][trace][gc,age      ] GC(130) - age  15:        272 bytes,   26519896 total
[2024-10-15T07:00:40.722+0000][125][info ][gc,heap     ] GC(130) Eden regions: 815->0(814)
[2024-10-15T07:00:40.722+0000][125][info ][gc,heap     ] GC(130) Survivor regions: 6->7(103)
[2024-10-15T07:00:40.722+0000][125][info ][gc,heap     ] GC(130) Old regions: 40->40
[2024-10-15T07:00:40.722+0000][125][info ][gc,heap     ] GC(130) Humongous regions: 2->2
[2024-10-15T07:00:40.722+0000][125][info ][gc,metaspace] GC(130) Metaspace: 157018K(163008K)->157018K(163008K) NonClass: 136009K(139392K)->136009K(139392K) Class: 21008K(23616K)->21008K(23616K)
[2024-10-15T07:00:40.722+0000][125][info ][gc          ] GC(130) Pause Young (Normal) (G1 Evacuation Pause) 3451M->195M(5476M) 19.043ms
[2024-10-15T07:00:40.722+0000][125][info ][gc,cpu      ] GC(130) User=0.05s Sys=0.00s Real=0.02s
[2024-10-15T07:00:40.725+0000][125][info ][safepoint   ] Safepoint "G1CollectForAllocation", Time since last: 1685324417 ns, Reaching safepoint: 3219533 ns, Cleanup: 7993 ns, At safepoint: 22624267 ns, Total: 25851793 ns
[2024-10-15T07:00:42.418+0000][125][info ][gc,start    ] GC(131) Pause Young (Normal) (G1 Evacuation Pause)
[2024-10-15T07:00:42.418+0000][125][info ][gc,task     ] GC(131) Using 4 workers of 4 for evacuation
[2024-10-15T07:00:42.418+0000][125][debug][gc,age      ] GC(131) Desired survivor size 216006656 bytes, new threshold 15 (max threshold 15)
[2024-10-15T07:00:42.447+0000][125][info ][gc,phases   ] GC(131)   Pre Evacuate Collection Set: 2.22ms
[2024-10-15T07:00:42.447+0000][125][info ][gc,phases   ] GC(131)   Merge Heap Roots: 0.95ms
[2024-10-15T07:00:42.447+0000][125][info ][gc,phases   ] GC(131)   Evacuate Collection Set: 22.10ms
[2024-10-15T07:00:42.447+0000][125][info ][gc,phases   ] GC(131)   Post Evacuate Collection Set: 3.57ms
[2024-10-15T07:00:42.447+0000][125][info ][gc,phases   ] GC(131)   Other: 0.22ms
[2024-10-15T07:00:42.447+0000][125][trace][gc,age      ] GC(131) Age table with threshold 15 (max threshold 15)
[2024-10-15T07:00:42.447+0000][125][trace][gc,age      ] GC(131) - age   1:    8513408 bytes,    8513408 total
[2024-10-15T07:00:42.447+0000][125][trace][gc,age      ] GC(131) - age   2:    3004968 bytes,   11518376 total
[2024-10-15T07:00:42.447+0000][125][trace][gc,age      ] GC(131) - age   3:    2662232 bytes,   14180608 total
[2024-10-15T07:00:42.447+0000][125][trace][gc,age      ] GC(131) - age   4:    4046912 bytes,   18227520 total
[2024-10-15T07:00:42.447+0000][125][trace][gc,age      ] GC(131) - age   5:    2667864 bytes,   20895384 total
[2024-10-15T07:00:42.447+0000][125][trace][gc,age      ] GC(131) - age   6:    2867384 bytes,   23762768 total
[2024-10-15T07:00:42.447+0000][125][trace][gc,age      ] GC(131) - age   7:    5023512 bytes,   28786280 total
[2024-10-15T07:00:42.447+0000][125][trace][gc,age      ] GC(131) - age   8:     544848 bytes,   29331128 total
[2024-10-15T07:00:42.447+0000][125][trace][gc,age      ] GC(131) - age   9:        136 bytes,   29331264 total
[2024-10-15T07:00:42.447+0000][125][trace][gc,age      ] GC(131) - age  10:        160 bytes,   29331424 total
[2024-10-15T07:00:42.447+0000][125][trace][gc,age      ] GC(131) - age  11:      66072 bytes,   29397496 total
[2024-10-15T07:00:42.447+0000][125][trace][gc,age      ] GC(131) - age  12:       1160 bytes,   29398656 total
[2024-10-15T07:00:42.447+0000][125][trace][gc,age      ] GC(131) - age  13:      16240 bytes,   29414896 total
[2024-10-15T07:00:42.447+0000][125][trace][gc,age      ] GC(131) - age  14:         40 bytes,   29414936 total
[2024-10-15T07:00:42.447+0000][125][trace][gc,age      ] GC(131) - age  15:       1080 bytes,   29416016 total
[2024-10-15T07:00:42.447+0000][125][info ][gc,heap     ] GC(131) Eden regions: 814->0(813)
[2024-10-15T07:00:42.447+0000][125][info ][gc,heap     ] GC(131) Survivor regions: 7->8(103)
[2024-10-15T07:00:42.447+0000][125][info ][gc,heap     ] GC(131) Old regions: 40->40
[2024-10-15T07:00:42.447+0000][125][info ][gc,heap     ] GC(131) Humongous regions: 2->2
[2024-10-15T07:00:42.447+0000][125][info ][gc,metaspace] GC(131) Metaspace: 157018K(163008K)->157018K(163008K) NonClass: 136009K(139392K)->136009K(139392K) Class: 21008K(23616K)->21008K(23616K)
[2024-10-15T07:00:42.447+0000][125][info ][gc          ] GC(131) Pause Young (Normal) (G1 Evacuation Pause) 3451M->198M(5476M) 29.655ms
[2024-10-15T07:00:42.447+0000][125][info ][gc,cpu      ] GC(131) User=0.07s Sys=0.01s Real=0.03s
[2024-10-15T07:00:42.450+0000][125][info ][safepoint   ] Safepoint "G1CollectForAllocation", Time since last: 1691476390 ns, Reaching safepoint: 935769 ns, Cleanup: 6834 ns, At safepoint: 32488494 ns, Total: 33431097 ns
[2024-10-15T07:00:44.016+0000][125][info ][gc,start    ] GC(132) Pause Young (Normal) (G1 Evacuation Pause)
[2024-10-15T07:00:44.017+0000][125][info ][gc,task     ] GC(132) Using 4 workers of 4 for evacuation
[2024-10-15T07:00:44.017+0000][125][debug][gc,age      ] GC(132) Desired survivor size 216006656 bytes, new threshold 15 (max threshold 15)
[2024-10-15T07:00:44.047+0000][125][info ][gc,phases   ] GC(132)   Pre Evacuate Collection Set: 0.77ms
[2024-10-15T07:00:44.047+0000][125][info ][gc,phases   ] GC(132)   Merge Heap Roots: 2.54ms
[2024-10-15T07:00:44.047+0000][125][info ][gc,phases   ] GC(132)   Evacuate Collection Set: 22.79ms
[2024-10-15T07:00:44.047+0000][125][info ][gc,phases   ] GC(132)   Post Evacuate Collection Set: 4.25ms
[2024-10-15T07:00:44.047+0000][125][info ][gc,phases   ] GC(132)   Other: 0.21ms
[2024-10-15T07:00:44.047+0000][125][trace][gc,age      ] GC(132) Age table with threshold 15 (max threshold 15)
[2024-10-15T07:00:44.047+0000][125][trace][gc,age      ] GC(132) - age   1:    6450824 bytes,    6450824 total
[2024-10-15T07:00:44.047+0000][125][trace][gc,age      ] GC(132) - age   2:    5021320 bytes,   11472144 total
[2024-10-15T07:00:44.047+0000][125][trace][gc,age      ] GC(132) - age   3:    3003968 bytes,   14476112 total
[2024-10-15T07:00:44.047+0000][125][trace][gc,age      ] GC(132) - age   4:    2398648 bytes,   16874760 total
[2024-10-15T07:00:44.047+0000][125][trace][gc,age      ] GC(132) - age   5:    3784280 bytes,   20659040 total
[2024-10-15T07:00:44.047+0000][125][trace][gc,age      ] GC(132) - age   6:    2667768 bytes,   23326808 total
[2024-10-15T07:00:44.047+0000][125][trace][gc,age      ] GC(132) - age   7:    2866888 bytes,   26193696 total
[2024-10-15T07:00:44.047+0000][125][trace][gc,age      ] GC(132) - age   8:    5021192 bytes,   31214888 total
[2024-10-15T07:00:44.047+0000][125][trace][gc,age      ] GC(132) - age   9:     544728 bytes,   31759616 total
[2024-10-15T07:00:44.047+0000][125][trace][gc,age      ] GC(132) - age  10:        136 bytes,   31759752 total
[2024-10-15T07:00:44.047+0000][125][trace][gc,age      ] GC(132) - age  11:         80 bytes,   31759832 total
[2024-10-15T07:00:44.047+0000][125][trace][gc,age      ] GC(132) - age  12:      66072 bytes,   31825904 total
[2024-10-15T07:00:44.047+0000][125][trace][gc,age      ] GC(132) - age  13:       1120 bytes,   31827024 total
[2024-10-15T07:00:44.047+0000][125][trace][gc,age      ] GC(132) - age  14:      16240 bytes,   31843264 total
[2024-10-15T07:00:44.047+0000][125][trace][gc,age      ] GC(132) - age  15:         40 bytes,   31843304 total
[2024-10-15T07:00:44.047+0000][125][info ][gc,heap     ] GC(132) Eden regions: 813->0(812)
[2024-10-15T07:00:44.047+0000][125][info ][gc,heap     ] GC(132) Survivor regions: 8->9(103)
[2024-10-15T07:00:44.047+0000][125][info ][gc,heap     ] GC(132) Old regions: 40->40
[2024-10-15T07:00:44.047+0000][125][info ][gc,heap     ] GC(132) Humongous regions: 2->2
[2024-10-15T07:00:44.047+0000][125][info ][gc,metaspace] GC(132) Metaspace: 157018K(163008K)->157018K(163008K) NonClass: 136009K(139392K)->136009K(139392K) Class: 21008K(23616K)->21008K(23616K)
[2024-10-15T07:00:44.047+0000][125][info ][gc          ] GC(132) Pause Young (Normal) (G1 Evacuation Pause) 3450M->202M(5476M) 30.915ms
[2024-10-15T07:00:44.047+0000][125][info ][gc,cpu      ] GC(132) User=0.05s Sys=0.01s Real=0.03s
[2024-10-15T07:00:44.048+0000][125][info ][safepoint   ] Safepoint "G1CollectForAllocation", Time since last: 1560843198 ns, Reaching safepoint: 5331201 ns, Cleanup: 9434 ns, At safepoint: 31121093 ns, Total: 36461728 ns
[2024-10-15T07:00:45.368+0000][125][info ][gc,start    ] GC(133) Pause Young (Normal) (G1 Evacuation Pause)
[2024-10-15T07:00:45.368+0000][125][info ][gc,task     ] GC(133) Using 4 workers of 4 for evacuation
[2024-10-15T07:00:45.368+0000][125][debug][gc,age      ] GC(133) Desired survivor size 216006656 bytes, new threshold 15 (max threshold 15)
[2024-10-15T07:00:45.383+0000][125][info ][gc,phases   ] GC(133)   Pre Evacuate Collection Set: 0.83ms
[2024-10-15T07:00:45.383+0000][125][info ][gc,phases   ] GC(133)   Merge Heap Roots: 0.50ms
[2024-10-15T07:00:45.383+0000][125][info ][gc,phases   ] GC(133)   Evacuate Collection Set: 11.30ms
[2024-10-15T07:00:45.383+0000][125][info ][gc,phases   ] GC(133)   Post Evacuate Collection Set: 2.59ms
[2024-10-15T07:00:45.383+0000][125][info ][gc,phases   ] GC(133)   Other: 0.14ms
[2024-10-15T07:00:45.383+0000][125][trace][gc,age      ] GC(133) Age table with threshold 15 (max threshold 15)
[2024-10-15T07:00:45.383+0000][125][trace][gc,age      ] GC(133) - age   1:    9621312 bytes,    9621312 total
[2024-10-15T07:00:45.383+0000][125][trace][gc,age      ] GC(133) - age   2:    3392632 bytes,   13013944 total
[2024-10-15T07:00:45.383+0000][125][trace][gc,age      ] GC(133) - age   3:    2271904 bytes,   15285848 total
[2024-10-15T07:00:45.383+0000][125][trace][gc,age      ] GC(133) - age   4:    2361320 bytes,   17647168 total
[2024-10-15T07:00:45.383+0000][125][trace][gc,age      ] GC(133) - age   5:    2398392 bytes,   20045560 total
[2024-10-15T07:00:45.383+0000][125][trace][gc,age      ] GC(133) - age   6:    3784240 bytes,   23829800 total
[2024-10-15T07:00:45.383+0000][125][trace][gc,age      ] GC(133) - age   7:    2667728 bytes,   26497528 total
[2024-10-15T07:00:45.383+0000][125][trace][gc,age      ] GC(133) - age   8:    2866848 bytes,   29364376 total
[2024-10-15T07:00:45.383+0000][125][trace][gc,age      ] GC(133) - age   9:    5021136 bytes,   34385512 total
[2024-10-15T07:00:45.383+0000][125][trace][gc,age      ] GC(133) - age  10:     544728 bytes,   34930240 total
[2024-10-15T07:00:45.383+0000][125][trace][gc,age      ] GC(133) - age  11:        136 bytes,   34930376 total
[2024-10-15T07:00:45.383+0000][125][trace][gc,age      ] GC(133) - age  12:         80 bytes,   34930456 total
[2024-10-15T07:00:45.383+0000][125][trace][gc,age      ] GC(133) - age  13:      66072 bytes,   34996528 total
[2024-10-15T07:00:45.383+0000][125][trace][gc,age      ] GC(133) - age  14:       1120 bytes,   34997648 total
[2024-10-15T07:00:45.383+0000][125][trace][gc,age      ] GC(133) - age  15:      16240 bytes,   35013888 total
[2024-10-15T07:00:45.383+0000][125][info ][gc,heap     ] GC(133) Eden regions: 812->0(812)
[2024-10-15T07:00:45.383+0000][125][info ][gc,heap     ] GC(133) Survivor regions: 9->9(103)
[2024-10-15T07:00:45.383+0000][125][info ][gc,heap     ] GC(133) Old regions: 40->40
[2024-10-15T07:00:45.383+0000][125][info ][gc,heap     ] GC(133) Humongous regions: 2->2
[2024-10-15T07:00:45.383+0000][125][info ][gc,metaspace] GC(133) Metaspace: 157018K(163008K)->157018K(163008K) NonClass: 136009K(139392K)->136009K(139392K) Class: 21008K(23616K)->21008K(23616K)
[2024-10-15T07:00:45.383+0000][125][info ][gc          ] GC(133) Pause Young (Normal) (G1 Evacuation Pause) 3450M->202M(5476M) 15.670ms
[2024-10-15T07:00:45.383+0000][125][info ][gc,cpu      ] GC(133) User=0.04s Sys=0.00s Real=0.01s
[2024-10-15T07:00:45.384+0000][125][info ][safepoint   ] Safepoint "G1CollectForAllocation", Time since last: 1319021626 ns, Reaching safepoint: 1064126 ns, Cleanup: 5803 ns, At safepoint: 15931461 ns, Total: 17001390 ns
[2024-10-15T07:00:46.967+0000][125][info ][gc,start    ] GC(134) Pause Young (Normal) (G1 Evacuation Pause)
[2024-10-15T07:00:46.968+0000][125][info ][gc,task     ] GC(134) Using 4 workers of 4 for evacuation
[2024-10-15T07:00:46.968+0000][125][debug][gc,age      ] GC(134) Desired survivor size 216006656 bytes, new threshold 15 (max threshold 15)
[2024-10-15T07:00:46.996+0000][125][info ][gc,phases   ] GC(134)   Pre Evacuate Collection Set: 1.25ms
[2024-10-15T07:00:46.996+0000][125][info ][gc,phases   ] GC(134)   Merge Heap Roots: 0.94ms
[2024-10-15T07:00:46.996+0000][125][info ][gc,phases   ] GC(134)   Evacuate Collection Set: 19.33ms
[2024-10-15T07:00:46.996+0000][125][info ][gc,phases   ] GC(134)   Post Evacuate Collection Set: 6.78ms
[2024-10-15T07:00:46.996+0000][125][info ][gc,phases   ] GC(134)   Other: 0.18ms
[2024-10-15T07:00:46.996+0000][125][trace][gc,age      ] GC(134) Age table with threshold 15 (max threshold 15)
[2024-10-15T07:00:46.996+0000][125][trace][gc,age      ] GC(134) - age   1:    6242408 bytes,    6242408 total
[2024-10-15T07:00:46.996+0000][125][trace][gc,age      ] GC(134) - age   2:    5959552 bytes,   12201960 total
[2024-10-15T07:00:46.997+0000][125][trace][gc,age      ] GC(134) - age   3:    3388952 bytes,   15590912 total
[2024-10-15T07:00:46.997+0000][125][trace][gc,age      ] GC(134) - age   4:    2271024 bytes,   17861936 total
[2024-10-15T07:00:46.997+0000][125][trace][gc,age      ] GC(134) - age   5:    2360928 bytes,   20222864 total
[2024-10-15T07:00:46.997+0000][125][trace][gc,age      ] GC(134) - age   6:    2398320 bytes,   22621184 total
[2024-10-15T07:00:46.997+0000][125][trace][gc,age      ] GC(134) - age   7:    3784136 bytes,   26405320 total
[2024-10-15T07:00:46.997+0000][125][trace][gc,age      ] GC(134) - age   8:    2667728 bytes,   29073048 total
[2024-10-15T07:00:46.997+0000][125][trace][gc,age      ] GC(134) - age   9:    2866848 bytes,   31939896 total
[2024-10-15T07:00:46.997+0000][125][trace][gc,age      ] GC(134) - age  10:    5021080 bytes,   36960976 total
[2024-10-15T07:00:46.997+0000][125][trace][gc,age      ] GC(134) - age  11:     544728 bytes,   37505704 total
[2024-10-15T07:00:46.997+0000][125][trace][gc,age      ] GC(134) - age  12:        136 bytes,   37505840 total
[2024-10-15T07:00:46.997+0000][125][trace][gc,age      ] GC(134) - age  13:         80 bytes,   37505920 total
[2024-10-15T07:00:46.997+0000][125][trace][gc,age      ] GC(134) - age  14:      66072 bytes,   37571992 total
[2024-10-15T07:00:46.997+0000][125][trace][gc,age      ] GC(134) - age  15:       1120 bytes,   37573112 total
[2024-10-15T07:00:46.997+0000][125][info ][gc,heap     ] GC(134) Eden regions: 812->0(811)
[2024-10-15T07:00:46.997+0000][125][info ][gc,heap     ] GC(134) Survivor regions: 9->10(103)
[2024-10-15T07:00:46.997+0000][125][info ][gc,heap     ] GC(134) Old regions: 40->40
[2024-10-15T07:00:46.997+0000][125][info ][gc,heap     ] GC(134) Humongous regions: 2->2
[2024-10-15T07:00:46.997+0000][125][info ][gc,metaspace] GC(134) Metaspace: 157018K(163008K)->157018K(163008K) NonClass: 136009K(139392K)->136009K(139392K) Class: 21008K(23616K)->21008K(23616K)
[2024-10-15T07:00:46.997+0000][125][info ][gc          ] GC(134) Pause Young (Normal) (G1 Evacuation Pause) 3450M->207M(5476M) 29.304ms
[2024-10-15T07:00:46.997+0000][125][info ][gc,cpu      ] GC(134) User=0.07s Sys=0.00s Real=0.03s
[2024-10-15T07:00:46.997+0000][125][info ][safepoint   ] Safepoint "G1CollectForAllocation", Time since last: 1581602156 ns, Reaching safepoint: 2205363 ns, Cleanup: 11242 ns, At safepoint: 29560585 ns, Total: 31777190 ns
[2024-10-15T07:00:48.669+0000][125][info ][gc,start    ] GC(135) Pause Young (Normal) (G1 Evacuation Pause)
[2024-10-15T07:00:48.669+0000][125][info ][gc,task     ] GC(135) Using 4 workers of 4 for evacuation
[2024-10-15T07:00:48.669+0000][125][debug][gc,age      ] GC(135) Desired survivor size 216006656 bytes, new threshold 15 (max threshold 15)
[2024-10-15T07:00:48.689+0000][125][info ][gc,phases   ] GC(135)   Pre Evacuate Collection Set: 1.19ms
[2024-10-15T07:00:48.689+0000][125][info ][gc,phases   ] GC(135)   Merge Heap Roots: 0.76ms
[2024-10-15T07:00:48.689+0000][125][info ][gc,phases   ] GC(135)   Evacuate Collection Set: 14.96ms
[2024-10-15T07:00:48.689+0000][125][info ][gc,phases   ] GC(135)   Post Evacuate Collection Set: 2.71ms
[2024-10-15T07:00:48.689+0000][125][info ][gc,phases   ] GC(135)   Other: 0.37ms
[2024-10-15T07:00:48.689+0000][125][trace][gc,age      ] GC(135) Age table with threshold 15 (max threshold 15)
[2024-10-15T07:00:48.689+0000][125][trace][gc,age      ] GC(135) - age   1:    6698968 bytes,    6698968 total
[2024-10-15T07:00:48.689+0000][125][trace][gc,age      ] GC(135) - age   2:    2786448 bytes,    9485416 total
[2024-10-15T07:00:48.689+0000][125][trace][gc,age      ] GC(135) - age   3:    5273632 bytes,   14759048 total
[2024-10-15T07:00:48.689+0000][125][trace][gc,age      ] GC(135) - age   4:    3387920 bytes,   18146968 total
[2024-10-15T07:00:48.689+0000][125][trace][gc,age      ] GC(135) - age   5:    2270808 bytes,   20417776 total
[2024-10-15T07:00:48.689+0000][125][trace][gc,age      ] GC(135) - age   6:    2360824 bytes,   22778600 total
[2024-10-15T07:00:48.689+0000][125][trace][gc,age      ] GC(135) - age   7:    2381832 bytes,   25160432 total
[2024-10-15T07:00:48.689+0000][125][trace][gc,age      ] GC(135) - age   8:    3784136 bytes,   28944568 total
[2024-10-15T07:00:48.689+0000][125][trace][gc,age      ] GC(135) - age   9:    2667688 bytes,   31612256 total
[2024-10-15T07:00:48.689+0000][125][trace][gc,age      ] GC(135) - age  10:    2866848 bytes,   34479104 total
[2024-10-15T07:00:48.689+0000][125][trace][gc,age      ] GC(135) - age  11:    5021080 bytes,   39500184 total
[2024-10-15T07:00:48.689+0000][125][trace][gc,age      ] GC(135) - age  12:     544408 bytes,   40044592 total
[2024-10-15T07:00:48.689+0000][125][trace][gc,age      ] GC(135) - age  13:        136 bytes,   40044728 total
[2024-10-15T07:00:48.689+0000][125][trace][gc,age      ] GC(135) - age  14:         80 bytes,   40044808 total
[2024-10-15T07:00:48.689+0000][125][trace][gc,age      ] GC(135) - age  15:      66032 bytes,   40110840 total
[2024-10-15T07:00:48.689+0000][125][info ][gc,heap     ] GC(135) Eden regions: 811->0(810)
[2024-10-15T07:00:48.689+0000][125][info ][gc,heap     ] GC(135) Survivor regions: 10->11(103)
[2024-10-15T07:00:48.689+0000][125][info ][gc,heap     ] GC(135) Old regions: 40->40
[2024-10-15T07:00:48.689+0000][125][info ][gc,heap     ] GC(135) Humongous regions: 2->2
[2024-10-15T07:00:48.689+0000][125][info ][gc,metaspace] GC(135) Metaspace: 157018K(163008K)->157018K(163008K) NonClass: 136009K(139392K)->136009K(139392K) Class: 21008K(23616K)->21008K(23616K)
[2024-10-15T07:00:48.689+0000][125][info ][gc          ] GC(135) Pause Young (Normal) (G1 Evacuation Pause) 3451M->211M(5476M) 20.275ms
[2024-10-15T07:00:48.689+0000][125][info ][gc,cpu      ] GC(135) User=0.04s Sys=0.01s Real=0.02s
[2024-10-15T07:00:48.693+0000][125][info ][safepoint   ] Safepoint "G1CollectForAllocation", Time since last: 1671262929 ns, Reaching safepoint: 565185 ns, Cleanup: 8312 ns, At safepoint: 24393297 ns, Total: 24966794 ns
[2024-10-15T07:00:50.133+0000][125][info ][gc,start    ] GC(136) Pause Young (Normal) (G1 Evacuation Pause)
[2024-10-15T07:00:50.133+0000][125][info ][gc,task     ] GC(136) Using 4 workers of 4 for evacuation
[2024-10-15T07:00:50.133+0000][125][debug][gc,age      ] GC(136) Desired survivor size 216006656 bytes, new threshold 15 (max threshold 15)
[2024-10-15T07:00:50.147+0000][125][info ][gc,phases   ] GC(136)   Pre Evacuate Collection Set: 0.71ms
[2024-10-15T07:00:50.147+0000][125][info ][gc,phases   ] GC(136)   Merge Heap Roots: 0.31ms
[2024-10-15T07:00:50.147+0000][125][info ][gc,phases   ] GC(136)   Evacuate Collection Set: 10.17ms
[2024-10-15T07:00:50.147+0000][125][info ][gc,phases   ] GC(136)   Post Evacuate Collection Set: 2.15ms
[2024-10-15T07:00:50.147+0000][125][info ][gc,phases   ] GC(136)   Other: 0.13ms
[2024-10-15T07:00:50.147+0000][125][trace][gc,age      ] GC(136) Age table with threshold 15 (max threshold 15)
[2024-10-15T07:00:50.147+0000][125][trace][gc,age      ] GC(136) - age   1:    6770000 bytes,    6770000 total
[2024-10-15T07:00:50.147+0000][125][trace][gc,age      ] GC(136) - age   2:    3560960 bytes,   10330960 total
[2024-10-15T07:00:50.147+0000][125][trace][gc,age      ] GC(136) - age   3:    2219136 bytes,   12550096 total
[2024-10-15T07:00:50.147+0000][125][trace][gc,age      ] GC(136) - age   4:    5050912 bytes,   17601008 total
[2024-10-15T07:00:50.147+0000][125][trace][gc,age      ] GC(136) - age   5:    3387256 bytes,   20988264 total
[2024-10-15T07:00:50.147+0000][125][trace][gc,age      ] GC(136) - age   6:    2270768 bytes,   23259032 total
[2024-10-15T07:00:50.147+0000][125][trace][gc,age      ] GC(136) - age   7:    2360760 bytes,   25619792 total
[2024-10-15T07:00:50.147+0000][125][trace][gc,age      ] GC(136) - age   8:    2381832 bytes,   28001624 total
[2024-10-15T07:00:50.147+0000][125][trace][gc,age      ] GC(136) - age   9:    3587440 bytes,   31589064 total
[2024-10-15T07:00:50.147+0000][125][trace][gc,age      ] GC(136) - age  10:    2602096 bytes,   34191160 total
[2024-10-15T07:00:50.147+0000][125][trace][gc,age      ] GC(136) - age  11:    2866808 bytes,   37057968 total
[2024-10-15T07:00:50.147+0000][125][trace][gc,age      ] GC(136) - age  12:    5021080 bytes,   42079048 total
[2024-10-15T07:00:50.147+0000][125][trace][gc,age      ] GC(136) - age  13:     544408 bytes,   42623456 total
[2024-10-15T07:00:50.147+0000][125][trace][gc,age      ] GC(136) - age  14:        136 bytes,   42623592 total
[2024-10-15T07:00:50.147+0000][125][info ][gc,heap     ] GC(136) Eden regions: 810->0(810)
[2024-10-15T07:00:50.147+0000][125][info ][gc,heap     ] GC(136) Survivor regions: 11->11(103)
[2024-10-15T07:00:50.147+0000][125][info ][gc,heap     ] GC(136) Old regions: 40->40
[2024-10-15T07:00:50.147+0000][125][info ][gc,heap     ] GC(136) Humongous regions: 2->2
[2024-10-15T07:00:50.147+0000][125][info ][gc,metaspace] GC(136) Metaspace: 157018K(163008K)->157018K(163008K) NonClass: 136009K(139392K)->136009K(139392K) Class: 21008K(23616K)->21008K(23616K)
[2024-10-15T07:00:50.147+0000][125][info ][gc          ] GC(136) Pause Young (Normal) (G1 Evacuation Pause) 3451M->211M(5476M) 13.903ms
[2024-10-15T07:00:50.147+0000][125][info ][gc,cpu      ] GC(136) User=0.03s Sys=0.01s Real=0.02s
[2024-10-15T07:00:50.147+0000][125][info ][safepoint   ] Safepoint "G1CollectForAllocation", Time since last: 1439524014 ns, Reaching safepoint: 245575 ns, Cleanup: 6326 ns, At safepoint: 14153226 ns, Total: 14405127 ns
[2024-10-15T07:00:51.719+0000][125][info ][gc,start    ] GC(137) Pause Young (Normal) (G1 Evacuation Pause)
[2024-10-15T07:00:51.719+0000][125][info ][gc,task     ] GC(137) Using 4 workers of 4 for evacuation
[2024-10-15T07:00:51.719+0000][125][debug][gc,age      ] GC(137) Desired survivor size 216006656 bytes, new threshold 15 (max threshold 15)
[2024-10-15T07:00:51.755+0000][125][info ][gc,phases   ] GC(137)   Pre Evacuate Collection Set: 1.24ms
[2024-10-15T07:00:51.755+0000][125][info ][gc,phases   ] GC(137)   Merge Heap Roots: 0.50ms
[2024-10-15T07:00:51.755+0000][125][info ][gc,phases   ] GC(137)   Evacuate Collection Set: 25.05ms
[2024-10-15T07:00:51.755+0000][125][info ][gc,phases   ] GC(137)   Post Evacuate Collection Set: 9.03ms
[2024-10-15T07:00:51.755+0000][125][info ][gc,phases   ] GC(137)   Other: 0.18ms
[2024-10-15T07:00:51.755+0000][125][trace][gc,age      ] GC(137) Age table with threshold 15 (max threshold 15)
[2024-10-15T07:00:51.755+0000][125][trace][gc,age      ] GC(137) - age   1:    9431248 bytes,    9431248 total
[2024-10-15T07:00:51.755+0000][125][trace][gc,age      ] GC(137) - age   2:    3681920 bytes,   13113168 total
[2024-10-15T07:00:51.755+0000][125][trace][gc,age      ] GC(137) - age   3:    2913792 bytes,   16026960 total
[2024-10-15T07:00:51.755+0000][125][trace][gc,age      ] GC(137) - age   4:    2218824 bytes,   18245784 total
[2024-10-15T07:00:51.755+0000][125][trace][gc,age      ] GC(137) - age   5:    2160944 bytes,   20406728 total
[2024-10-15T07:00:51.755+0000][125][trace][gc,age      ] GC(137) - age   6:    3387056 bytes,   23793784 total
[2024-10-15T07:00:51.755+0000][125][trace][gc,age      ] GC(137) - age   7:    2221480 bytes,   26015264 total
[2024-10-15T07:00:51.755+0000][125][trace][gc,age      ] GC(137) - age   8:    2360760 bytes,   28376024 total
[2024-10-15T07:00:51.755+0000][125][trace][gc,age      ] GC(137) - age   9:    2381832 bytes,   30757856 total
[2024-10-15T07:00:51.755+0000][125][trace][gc,age      ] GC(137) - age  10:    3587400 bytes,   34345256 total
[2024-10-15T07:00:51.755+0000][125][trace][gc,age      ] GC(137) - age  11:    2602096 bytes,   36947352 total
[2024-10-15T07:00:51.755+0000][125][trace][gc,age      ] GC(137) - age  12:    2866808 bytes,   39814160 total
[2024-10-15T07:00:51.755+0000][125][trace][gc,age      ] GC(137) - age  13:    5021040 bytes,   44835200 total
[2024-10-15T07:00:51.755+0000][125][trace][gc,age      ] GC(137) - age  14:     543632 bytes,   45378832 total
[2024-10-15T07:00:51.755+0000][125][trace][gc,age      ] GC(137) - age  15:        136 bytes,   45378968 total
[2024-10-15T07:00:51.755+0000][125][info ][gc,heap     ] GC(137) Eden regions: 810->0(809)
[2024-10-15T07:00:51.755+0000][125][info ][gc,heap     ] GC(137) Survivor regions: 11->12(103)
[2024-10-15T07:00:51.755+0000][125][info ][gc,heap     ] GC(137) Old regions: 40->40
[2024-10-15T07:00:51.755+0000][125][info ][gc,heap     ] GC(137) Humongous regions: 2->2
[2024-10-15T07:00:51.755+0000][125][info ][gc,metaspace] GC(137) Metaspace: 157018K(163008K)->157018K(163008K) NonClass: 136009K(139392K)->136009K(139392K) Class: 21008K(23616K)->21008K(23616K)
[2024-10-15T07:00:51.755+0000][125][info ][gc          ] GC(137) Pause Young (Normal) (G1 Evacuation Pause) 3451M->215M(5476M) 36.428ms
[2024-10-15T07:00:51.755+0000][125][info ][gc,cpu      ] GC(137) User=0.08s Sys=0.00s Real=0.04s
[2024-10-15T07:00:51.761+0000][125][info ][safepoint   ] Safepoint "G1CollectForAllocation", Time since last: 1570957053 ns, Reaching safepoint: 901751 ns, Cleanup: 11764 ns, At safepoint: 41968907 ns, Total: 42882422 ns
[2024-10-15T07:00:52.764+0000][125][info ][safepoint   ] Safepoint "Cleanup", Time since last: 1000933118 ns, Reaching safepoint: 1746140 ns, Cleanup: 22362 ns, At safepoint: 288615 ns, Total: 2057117 ns
[2024-10-15T07:00:53.296+0000][125][info ][gc,start    ] GC(138) Pause Young (Normal) (G1 Evacuation Pause)
[2024-10-15T07:00:53.296+0000][125][info ][gc,task     ] GC(138) Using 4 workers of 4 for evacuation
[2024-10-15T07:00:53.296+0000][125][debug][gc,age      ] GC(138) Desired survivor size 216006656 bytes, new threshold 15 (max threshold 15)
[2024-10-15T07:00:53.313+0000][125][info ][gc,phases   ] GC(138)   Pre Evacuate Collection Set: 0.62ms
[2024-10-15T07:00:53.313+0000][125][info ][gc,phases   ] GC(138)   Merge Heap Roots: 0.46ms
[2024-10-15T07:00:53.313+0000][125][info ][gc,phases   ] GC(138)   Evacuate Collection Set: 13.22ms
[2024-10-15T07:00:53.313+0000][125][info ][gc,phases   ] GC(138)   Post Evacuate Collection Set: 2.71ms
[2024-10-15T07:00:53.313+0000][125][info ][gc,phases   ] GC(138)   Other: 0.16ms
[2024-10-15T07:00:53.313+0000][125][trace][gc,age      ] GC(138) Age table with threshold 15 (max threshold 15)
[2024-10-15T07:00:53.313+0000][125][trace][gc,age      ] GC(138) - age   1:    6417040 bytes,    6417040 total
[2024-10-15T07:00:53.313+0000][125][trace][gc,age      ] GC(138) - age   2:    6494144 bytes,   12911184 total
[2024-10-15T07:00:53.313+0000][125][trace][gc,age      ] GC(138) - age   3:    2939432 bytes,   15850616 total
[2024-10-15T07:00:53.313+0000][125][trace][gc,age      ] GC(138) - age   4:    2662504 bytes,   18513120 total
[2024-10-15T07:00:53.313+0000][125][trace][gc,age      ] GC(138) - age   5:    2218480 bytes,   20731600 total
[2024-10-15T07:00:53.313+0000][125][trace][gc,age      ] GC(138) - age   6:    2160824 bytes,   22892424 total
[2024-10-15T07:00:53.313+0000][125][trace][gc,age      ] GC(138) - age   7:    3386176 bytes,   26278600 total
[2024-10-15T07:00:53.313+0000][125][trace][gc,age      ] GC(138) - age   8:    2221440 bytes,   28500040 total
[2024-10-15T07:00:53.313+0000][125][trace][gc,age      ] GC(138) - age   9:    2360760 bytes,   30860800 total
[2024-10-15T07:00:53.313+0000][125][trace][gc,age      ] GC(138) - age  10:    2381696 bytes,   33242496 total
[2024-10-15T07:00:53.313+0000][125][trace][gc,age      ] GC(138) - age  11:    3587360 bytes,   36829856 total
[2024-10-15T07:00:53.313+0000][125][trace][gc,age      ] GC(138) - age  12:    2601560 bytes,   39431416 total
[2024-10-15T07:00:53.313+0000][125][trace][gc,age      ] GC(138) - age  13:    2866080 bytes,   42297496 total
[2024-10-15T07:00:53.313+0000][125][trace][gc,age      ] GC(138) - age  14:    5021000 bytes,   47318496 total
[2024-10-15T07:00:53.313+0000][125][trace][gc,age      ] GC(138) - age  15:     529688 bytes,   47848184 total
[2024-10-15T07:00:53.313+0000][125][info ][gc,heap     ] GC(138) Eden regions: 809->0(808)
[2024-10-15T07:00:53.313+0000][125][info ][gc,heap     ] GC(138) Survivor regions: 12->13(103)
[2024-10-15T07:00:53.313+0000][125][info ][gc,heap     ] GC(138) Old regions: 40->40
[2024-10-15T07:00:53.313+0000][125][info ][gc,heap     ] GC(138) Humongous regions: 2->2
[2024-10-15T07:00:53.313+0000][125][info ][gc,metaspace] GC(138) Metaspace: 157018K(163008K)->157018K(163008K) NonClass: 136009K(139392K)->136009K(139392K) Class: 21008K(23616K)->21008K(23616K)
[2024-10-15T07:00:53.313+0000][125][info ][gc          ] GC(138) Pause Young (Normal) (G1 Evacuation Pause) 3451M->217M(5476M) 17.445ms
[2024-10-15T07:00:53.313+0000][125][info ][gc,cpu      ] GC(138) User=0.05s Sys=0.01s Real=0.01s
[2024-10-15T07:00:53.317+0000][125][info ][safepoint   ] Safepoint "G1CollectForAllocation", Time since last: 531234013 ns, Reaching safepoint: 503003 ns, Cleanup: 6166 ns, At safepoint: 21473071 ns, Total: 21982240 ns
[2024-10-15T07:00:54.829+0000][125][info ][gc,start    ] GC(139) Pause Young (Normal) (G1 Evacuation Pause)
[2024-10-15T07:00:54.829+0000][125][info ][gc,task     ] GC(139) Using 4 workers of 4 for evacuation
[2024-10-15T07:00:54.829+0000][125][debug][gc,age      ] GC(139) Desired survivor size 216006656 bytes, new threshold 15 (max threshold 15)
[2024-10-15T07:00:54.849+0000][125][info ][gc,phases   ] GC(139)   Pre Evacuate Collection Set: 1.04ms
[2024-10-15T07:00:54.849+0000][125][info ][gc,phases   ] GC(139)   Merge Heap Roots: 0.50ms
[2024-10-15T07:00:54.849+0000][125][info ][gc,phases   ] GC(139)   Evacuate Collection Set: 15.88ms
[2024-10-15T07:00:54.849+0000][125][info ][gc,phases   ] GC(139)   Post Evacuate Collection Set: 2.23ms
[2024-10-15T07:00:54.849+0000][125][info ][gc,phases   ] GC(139)   Other: 0.25ms
[2024-10-15T07:00:54.849+0000][125][trace][gc,age      ] GC(139) Age table with threshold 15 (max threshold 15)
[2024-10-15T07:00:54.849+0000][125][trace][gc,age      ] GC(139) - age   1:    7164000 bytes,    7164000 total
[2024-10-15T07:00:54.849+0000][125][trace][gc,age      ] GC(139) - age   2:    3928072 bytes,   11092072 total
[2024-10-15T07:00:54.849+0000][125][trace][gc,age      ] GC(139) - age   3:    5478616 bytes,   16570688 total
[2024-10-15T07:00:54.849+0000][125][trace][gc,age      ] GC(139) - age   4:    2688672 bytes,   19259360 total
[2024-10-15T07:00:54.849+0000][125][trace][gc,age      ] GC(139) - age   5:    2161840 bytes,   21421200 total
[2024-10-15T07:00:54.849+0000][125][trace][gc,age      ] GC(139) - age   6:    2218408 bytes,   23639608 total
[2024-10-15T07:00:54.849+0000][125][trace][gc,age      ] GC(139) - age   7:    2160784 bytes,   25800392 total
[2024-10-15T07:00:54.849+0000][125][trace][gc,age      ] GC(139) - age   8:    3123976 bytes,   28924368 total
[2024-10-15T07:00:54.849+0000][125][trace][gc,age      ] GC(139) - age   9:    2221400 bytes,   31145768 total
[2024-10-15T07:00:54.849+0000][125][trace][gc,age      ] GC(139) - age  10:    2360760 bytes,   33506528 total
[2024-10-15T07:00:54.849+0000][125][trace][gc,age      ] GC(139) - age  11:    2381696 bytes,   35888224 total
[2024-10-15T07:00:54.849+0000][125][trace][gc,age      ] GC(139) - age  12:    3587360 bytes,   39475584 total
[2024-10-15T07:00:54.849+0000][125][trace][gc,age      ] GC(139) - age  13:    2601560 bytes,   42077144 total
[2024-10-15T07:00:54.849+0000][125][trace][gc,age      ] GC(139) - age  14:    2866080 bytes,   44943224 total
[2024-10-15T07:00:54.849+0000][125][trace][gc,age      ] GC(139) - age  15:    5021000 bytes,   49964224 total
[2024-10-15T07:00:54.849+0000][125][info ][gc,heap     ] GC(139) Eden regions: 808->0(808)
[2024-10-15T07:00:54.849+0000][125][info ][gc,heap     ] GC(139) Survivor regions: 13->13(103)
[2024-10-15T07:00:54.849+0000][125][info ][gc,heap     ] GC(139) Old regions: 40->41
[2024-10-15T07:00:54.849+0000][125][info ][gc,heap     ] GC(139) Humongous regions: 2->2
[2024-10-15T07:00:54.849+0000][125][info ][gc,metaspace] GC(139) Metaspace: 157018K(163008K)->157018K(163008K) NonClass: 136009K(139392K)->136009K(139392K) Class: 21008K(23616K)->21008K(23616K)
[2024-10-15T07:00:54.849+0000][125][info ][gc          ] GC(139) Pause Young (Normal) (G1 Evacuation Pause) 3449M->220M(5476M) 20.196ms
[2024-10-15T07:00:54.849+0000][125][info ][gc,cpu      ] GC(139) User=0.06s Sys=0.00s Real=0.02s
[2024-10-15T07:00:54.852+0000][125][info ][safepoint   ] Safepoint "G1CollectForAllocation", Time since last: 1501703314 ns, Reaching safepoint: 949058 ns, Cleanup: 10273 ns, At safepoint: 23145544 ns, Total: 24104875 ns
[2024-10-15T07:00:56.827+0000][125][info ][gc,start    ] GC(140) Pause Young (Normal) (G1 Evacuation Pause)
[2024-10-15T07:00:56.827+0000][125][info ][gc,task     ] GC(140) Using 4 workers of 4 for evacuation
[2024-10-15T07:00:56.827+0000][125][debug][gc,age      ] GC(140) Desired survivor size 216006656 bytes, new threshold 15 (max threshold 15)
[2024-10-15T07:00:56.846+0000][125][info ][gc,phases   ] GC(140)   Pre Evacuate Collection Set: 0.63ms
[2024-10-15T07:00:56.846+0000][125][info ][gc,phases   ] GC(140)   Merge Heap Roots: 0.63ms
[2024-10-15T07:00:56.846+0000][125][info ][gc,phases   ] GC(140)   Evacuate Collection Set: 15.15ms
[2024-10-15T07:00:56.846+0000][125][info ][gc,phases   ] GC(140)   Post Evacuate Collection Set: 2.31ms
[2024-10-15T07:00:56.846+0000][125][info ][gc,phases   ] GC(140)   Other: 0.12ms
[2024-10-15T07:00:56.846+0000][125][trace][gc,age      ] GC(140) Age table with threshold 15 (max threshold 15)
[2024-10-15T07:00:56.846+0000][125][trace][gc,age      ] GC(140) - age   1:    7050232 bytes,    7050232 total
[2024-10-15T07:00:56.846+0000][125][trace][gc,age      ] GC(140) - age   2:    5252448 bytes,   12302680 total
[2024-10-15T07:00:56.846+0000][125][trace][gc,age      ] GC(140) - age   3:    2443312 bytes,   14745992 total
[2024-10-15T07:00:56.846+0000][125][trace][gc,age      ] GC(140) - age   4:    5478336 bytes,   20224328 total
[2024-10-15T07:00:56.846+0000][125][trace][gc,age      ] GC(140) - age   5:    2688632 bytes,   22912960 total
[2024-10-15T07:00:56.846+0000][125][trace][gc,age      ] GC(140) - age   6:    2161800 bytes,   25074760 total
[2024-10-15T07:00:56.846+0000][125][trace][gc,age      ] GC(140) - age   7:    2218368 bytes,   27293128 total
[2024-10-15T07:00:56.846+0000][125][trace][gc,age      ] GC(140) - age   8:    2160784 bytes,   29453912 total
[2024-10-15T07:00:56.846+0000][125][trace][gc,age      ] GC(140) - age   9:    2337496 bytes,   31791408 total
[2024-10-15T07:00:56.846+0000][125][trace][gc,age      ] GC(140) - age  10:    2221320 bytes,   34012728 total
[2024-10-15T07:00:56.846+0000][125][trace][gc,age      ] GC(140) - age  11:    2360720 bytes,   36373448 total
[2024-10-15T07:00:56.846+0000][125][trace][gc,age      ] GC(140) - age  12:    2381696 bytes,   38755144 total
[2024-10-15T07:00:56.846+0000][125][trace][gc,age      ] GC(140) - age  13:    3587360 bytes,   42342504 total
[2024-10-15T07:00:56.846+0000][125][trace][gc,age      ] GC(140) - age  14:    2601520 bytes,   44944024 total
[2024-10-15T07:00:56.846+0000][125][trace][gc,age      ] GC(140) - age  15:    2866080 bytes,   47810104 total
[2024-10-15T07:00:56.846+0000][125][info ][gc,heap     ] GC(140) Eden regions: 808->0(808)
[2024-10-15T07:00:56.846+0000][125][info ][gc,heap     ] GC(140) Survivor regions: 13->13(103)
[2024-10-15T07:00:56.846+0000][125][info ][gc,heap     ] GC(140) Old regions: 41->42
[2024-10-15T07:00:56.846+0000][125][info ][gc,heap     ] GC(140) Humongous regions: 2->2
[2024-10-15T07:00:56.846+0000][125][info ][gc,metaspace] GC(140) Metaspace: 157018K(163008K)->157018K(163008K) NonClass: 136009K(139392K)->136009K(139392K) Class: 21008K(23616K)->21008K(23616K)
[2024-10-15T07:00:56.846+0000][125][info ][gc          ] GC(140) Pause Young (Normal) (G1 Evacuation Pause) 3452M->225M(5476M) 19.206ms
[2024-10-15T07:00:56.846+0000][125][info ][gc,cpu      ] GC(140) User=0.06s Sys=0.00s Real=0.02s
[2024-10-15T07:00:56.847+0000][125][info ][safepoint   ] Safepoint "G1CollectForAllocation", Time since last: 1973520749 ns, Reaching safepoint: 1298089 ns, Cleanup: 8978 ns, At safepoint: 19456231 ns, Total: 20763298 ns
[2024-10-15T07:00:57.851+0000][125][info ][safepoint   ] Safepoint "Cleanup", Time since last: 1003959823 ns, Reaching safepoint: 490527 ns, Cleanup: 10979 ns, At safepoint: 91207 ns, Total: 592713 ns
[2024-10-15T07:00:58.634+0000][125][info ][gc,start    ] GC(141) Pause Young (Normal) (G1 Evacuation Pause)
[2024-10-15T07:00:58.634+0000][125][info ][gc,task     ] GC(141) Using 4 workers of 4 for evacuation
[2024-10-15T07:00:58.634+0000][125][debug][gc,age      ] GC(141) Desired survivor size 216006656 bytes, new threshold 15 (max threshold 15)
[2024-10-15T07:00:58.652+0000][125][info ][gc,phases   ] GC(141)   Pre Evacuate Collection Set: 0.86ms
[2024-10-15T07:00:58.652+0000][125][info ][gc,phases   ] GC(141)   Merge Heap Roots: 0.54ms
[2024-10-15T07:00:58.652+0000][125][info ][gc,phases   ] GC(141)   Evacuate Collection Set: 13.84ms
[2024-10-15T07:00:58.652+0000][125][info ][gc,phases   ] GC(141)   Post Evacuate Collection Set: 2.31ms
[2024-10-15T07:00:58.652+0000][125][info ][gc,phases   ] GC(141)   Other: 0.13ms
[2024-10-15T07:00:58.652+0000][125][trace][gc,age      ] GC(141) Age table with threshold 15 (max threshold 15)
[2024-10-15T07:00:58.652+0000][125][trace][gc,age      ] GC(141) - age   1:    7018848 bytes,    7018848 total
[2024-10-15T07:00:58.652+0000][125][trace][gc,age      ] GC(141) - age   2:    4667592 bytes,   11686440 total
[2024-10-15T07:00:58.652+0000][125][trace][gc,age      ] GC(141) - age   3:    3410296 bytes,   15096736 total
[2024-10-15T07:00:58.652+0000][125][trace][gc,age      ] GC(141) - age   4:    2436584 bytes,   17533320 total
[2024-10-15T07:00:58.652+0000][125][trace][gc,age      ] GC(141) - age   5:    5477744 bytes,   23011064 total
[2024-10-15T07:00:58.652+0000][125][trace][gc,age      ] GC(141) - age   6:    2688440 bytes,   25699504 total
[2024-10-15T07:00:58.652+0000][125][trace][gc,age      ] GC(141) - age   7:    2161760 bytes,   27861264 total
[2024-10-15T07:00:58.652+0000][125][trace][gc,age      ] GC(141) - age   8:    2218328 bytes,   30079592 total
[2024-10-15T07:00:58.652+0000][125][trace][gc,age      ] GC(141) - age   9:    2160744 bytes,   32240336 total
[2024-10-15T07:00:58.652+0000][125][trace][gc,age      ] GC(141) - age  10:    2321344 bytes,   34561680 total
[2024-10-15T07:00:58.652+0000][125][trace][gc,age      ] GC(141) - age  11:    2221240 bytes,   36782920 total
[2024-10-15T07:00:58.652+0000][125][trace][gc,age      ] GC(141) - age  12:    2360720 bytes,   39143640 total
[2024-10-15T07:00:58.652+0000][125][trace][gc,age      ] GC(141) - age  13:    2379280 bytes,   41522920 total
[2024-10-15T07:00:58.652+0000][125][trace][gc,age      ] GC(141) - age  14:    3540048 bytes,   45062968 total
[2024-10-15T07:00:58.652+0000][125][trace][gc,age      ] GC(141) - age  15:    2600632 bytes,   47663600 total
[2024-10-15T07:00:58.652+0000][125][info ][gc,heap     ] GC(141) Eden regions: 808->0(808)
[2024-10-15T07:00:58.652+0000][125][info ][gc,heap     ] GC(141) Survivor regions: 13->13(103)
[2024-10-15T07:00:58.652+0000][125][info ][gc,heap     ] GC(141) Old regions: 42->42
[2024-10-15T07:00:58.652+0000][125][info ][gc,heap     ] GC(141) Humongous regions: 2->2
[2024-10-15T07:00:58.652+0000][125][info ][gc,metaspace] GC(141) Metaspace: 157018K(163008K)->157018K(163008K) NonClass: 136009K(139392K)->136009K(139392K) Class: 21008K(23616K)->21008K(23616K)
[2024-10-15T07:00:58.652+0000][125][info ][gc          ] GC(141) Pause Young (Normal) (G1 Evacuation Pause) 3457M->225M(5476M) 17.978ms
[2024-10-15T07:00:58.652+0000][125][info ][gc,cpu      ] GC(141) User=0.04s Sys=0.00s Real=0.01s
[2024-10-15T07:00:58.652+0000][125][info ][safepoint   ] Safepoint "G1CollectForAllocation", Time since last: 782602760 ns, Reaching safepoint: 229469 ns, Cleanup: 5371 ns, At safepoint: 18268831 ns, Total: 18503671 ns
[2024-10-15T07:01:00.026+0000][125][info ][gc,start    ] GC(142) Pause Young (Normal) (G1 Evacuation Pause)
[2024-10-15T07:01:00.026+0000][125][info ][gc,task     ] GC(142) Using 4 workers of 4 for evacuation
[2024-10-15T07:01:00.026+0000][125][debug][gc,age      ] GC(142) Desired survivor size 216006656 bytes, new threshold 15 (max threshold 15)
[2024-10-15T07:01:00.050+0000][125][info ][gc,phases   ] GC(142)   Pre Evacuate Collection Set: 0.87ms
[2024-10-15T07:01:00.050+0000][125][info ][gc,phases   ] GC(142)   Merge Heap Roots: 0.52ms
[2024-10-15T07:01:00.050+0000][125][info ][gc,phases   ] GC(142)   Evacuate Collection Set: 17.52ms
[2024-10-15T07:01:00.050+0000][125][info ][gc,phases   ] GC(142)   Post Evacuate Collection Set: 4.69ms
[2024-10-15T07:01:00.050+0000][125][info ][gc,phases   ] GC(142)   Other: 0.13ms
[2024-10-15T07:01:00.050+0000][125][trace][gc,age      ] GC(142) Age table with threshold 15 (max threshold 15)
[2024-10-15T07:01:00.050+0000][125][trace][gc,age      ] GC(142) - age   1:    7344072 bytes,    7344072 total
[2024-10-15T07:01:00.050+0000][125][trace][gc,age      ] GC(142) - age   2:    5147440 bytes,   12491512 total
[2024-10-15T07:01:00.050+0000][125][trace][gc,age      ] GC(142) - age   3:    3705440 bytes,   16196952 total
[2024-10-15T07:01:00.050+0000][125][trace][gc,age      ] GC(142) - age   4:    3408272 bytes,   19605224 total
[2024-10-15T07:01:00.050+0000][125][trace][gc,age      ] GC(142) - age   5:    2436288 bytes,   22041512 total
[2024-10-15T07:01:00.050+0000][125][trace][gc,age      ] GC(142) - age   6:    3039464 bytes,   25080976 total
[2024-10-15T07:01:00.050+0000][125][trace][gc,age      ] GC(142) - age   7:    2688400 bytes,   27769376 total
[2024-10-15T07:01:00.050+0000][125][trace][gc,age      ] GC(142) - age   8:    2161760 bytes,   29931136 total
[2024-10-15T07:01:00.050+0000][125][trace][gc,age      ] GC(142) - age   9:    2218288 bytes,   32149424 total
[2024-10-15T07:01:00.050+0000][125][trace][gc,age      ] GC(142) - age  10:    2160664 bytes,   34310088 total
[2024-10-15T07:01:00.050+0000][125][trace][gc,age      ] GC(142) - age  11:    2321264 bytes,   36631352 total
[2024-10-15T07:01:00.050+0000][125][trace][gc,age      ] GC(142) - age  12:    2221200 bytes,   38852552 total
[2024-10-15T07:01:00.050+0000][125][trace][gc,age      ] GC(142) - age  13:    2360720 bytes,   41213272 total
[2024-10-15T07:01:00.050+0000][125][trace][gc,age      ] GC(142) - age  14:    2379280 bytes,   43592552 total
[2024-10-15T07:01:00.050+0000][125][trace][gc,age      ] GC(142) - age  15:    3540024 bytes,   47132576 total
[2024-10-15T07:01:00.050+0000][125][info ][gc,heap     ] GC(142) Eden regions: 808->0(809)
[2024-10-15T07:01:00.050+0000][125][info ][gc,heap     ] GC(142) Survivor regions: 13->12(103)
[2024-10-15T07:01:00.050+0000][125][info ][gc,heap     ] GC(142) Old regions: 42->43
[2024-10-15T07:01:00.050+0000][125][info ][gc,heap     ] GC(142) Humongous regions: 2->2
[2024-10-15T07:01:00.050+0000][125][info ][gc,metaspace] GC(142) Metaspace: 157018K(163008K)->157018K(163008K) NonClass: 136009K(139392K)->136009K(139392K) Class: 21008K(23616K)->21008K(23616K)
[2024-10-15T07:01:00.050+0000][125][info ][gc          ] GC(142) Pause Young (Normal) (G1 Evacuation Pause) 3457M->226M(5476M) 24.099ms
[2024-10-15T07:01:00.051+0000][125][info ][gc,cpu      ] GC(142) User=0.05s Sys=0.00s Real=0.02s
[2024-10-15T07:01:00.051+0000][125][info ][safepoint   ] Safepoint "G1CollectForAllocation", Time since last: 1370198312 ns, Reaching safepoint: 3943544 ns, Cleanup: 17093 ns, At safepoint: 24205265 ns, Total: 28165902 ns
[2024-10-15T07:01:01.358+0000][125][info ][gc,start    ] GC(143) Pause Young (Normal) (G1 Evacuation Pause)
[2024-10-15T07:01:01.358+0000][125][info ][gc,task     ] GC(143) Using 4 workers of 4 for evacuation
[2024-10-15T07:01:01.358+0000][125][debug][gc,age      ] GC(143) Desired survivor size 216006656 bytes, new threshold 15 (max threshold 15)
[2024-10-15T07:01:01.374+0000][125][info ][gc,phases   ] GC(143)   Pre Evacuate Collection Set: 0.67ms
[2024-10-15T07:01:01.374+0000][125][info ][gc,phases   ] GC(143)   Merge Heap Roots: 0.56ms
[2024-10-15T07:01:01.374+0000][125][info ][gc,phases   ] GC(143)   Evacuate Collection Set: 11.94ms
[2024-10-15T07:01:01.374+0000][125][info ][gc,phases   ] GC(143)   Post Evacuate Collection Set: 3.05ms
[2024-10-15T07:01:01.374+0000][125][info ][gc,phases   ] GC(143)   Other: 0.22ms
[2024-10-15T07:01:01.374+0000][125][trace][gc,age      ] GC(143) Age table with threshold 15 (max threshold 15)
[2024-10-15T07:01:01.374+0000][125][trace][gc,age      ] GC(143) - age   1:    9012976 bytes,    9012976 total
[2024-10-15T07:01:01.374+0000][125][trace][gc,age      ] GC(143) - age   2:    6103336 bytes,   15116312 total
[2024-10-15T07:01:01.374+0000][125][trace][gc,age      ] GC(143) - age   3:    2173504 bytes,   17289816 total
[2024-10-15T07:01:01.374+0000][125][trace][gc,age      ] GC(143) - age   4:    3546680 bytes,   20836496 total
[2024-10-15T07:01:01.374+0000][125][trace][gc,age      ] GC(143) - age   5:    2844816 bytes,   23681312 total
[2024-10-15T07:01:01.374+0000][125][trace][gc,age      ] GC(143) - age   6:    2154656 bytes,   25835968 total
[2024-10-15T07:01:01.374+0000][125][trace][gc,age      ] GC(143) - age   7:    2226744 bytes,   28062712 total
[2024-10-15T07:01:01.374+0000][125][trace][gc,age      ] GC(143) - age   8:    2688400 bytes,   30751112 total
[2024-10-15T07:01:01.374+0000][125][trace][gc,age      ] GC(143) - age   9:    2161720 bytes,   32912832 total
[2024-10-15T07:01:01.374+0000][125][trace][gc,age      ] GC(143) - age  10:    2218128 bytes,   35130960 total
[2024-10-15T07:01:01.374+0000][125][trace][gc,age      ] GC(143) - age  11:    2160664 bytes,   37291624 total
[2024-10-15T07:01:01.374+0000][125][trace][gc,age      ] GC(143) - age  12:    2321264 bytes,   39612888 total
[2024-10-15T07:01:01.374+0000][125][trace][gc,age      ] GC(143) - age  13:    2221200 bytes,   41834088 total
[2024-10-15T07:01:01.374+0000][125][trace][gc,age      ] GC(143) - age  14:    2360720 bytes,   44194808 total
[2024-10-15T07:01:01.374+0000][125][trace][gc,age      ] GC(143) - age  15:    2379240 bytes,   46574048 total
[2024-10-15T07:01:01.375+0000][125][info ][gc,heap     ] GC(143) Eden regions: 809->0(809)
[2024-10-15T07:01:01.375+0000][125][info ][gc,heap     ] GC(143) Survivor regions: 12->12(103)
[2024-10-15T07:01:01.375+0000][125][info ][gc,heap     ] GC(143) Old regions: 43->44
[2024-10-15T07:01:01.375+0000][125][info ][gc,heap     ] GC(143) Humongous regions: 2->2
[2024-10-15T07:01:01.375+0000][125][info ][gc,metaspace] GC(143) Metaspace: 157018K(163008K)->157018K(163008K) NonClass: 136009K(139392K)->136009K(139392K) Class: 21008K(23616K)->21008K(23616K)
[2024-10-15T07:01:01.375+0000][125][info ][gc          ] GC(143) Pause Young (Normal) (G1 Evacuation Pause) 3462M->229M(5476M) 16.912ms
[2024-10-15T07:01:01.375+0000][125][info ][gc,cpu      ] GC(143) User=0.04s Sys=0.00s Real=0.02s
[2024-10-15T07:01:01.378+0000][125][info ][safepoint   ] Safepoint "G1CollectForAllocation", Time since last: 1306940569 ns, Reaching safepoint: 226716 ns, Cleanup: 8578 ns, At safepoint: 20226544 ns, Total: 20461838 ns
[2024-10-15T07:01:02.731+0000][125][info ][gc,start    ] GC(144) Pause Young (Normal) (G1 Evacuation Pause)
[2024-10-15T07:01:02.731+0000][125][info ][gc,task     ] GC(144) Using 4 workers of 4 for evacuation
[2024-10-15T07:01:02.731+0000][125][debug][gc,age      ] GC(144) Desired survivor size 216006656 bytes, new threshold 15 (max threshold 15)
[2024-10-15T07:01:02.747+0000][125][info ][gc,phases   ] GC(144)   Pre Evacuate Collection Set: 0.75ms
[2024-10-15T07:01:02.747+0000][125][info ][gc,phases   ] GC(144)   Merge Heap Roots: 0.44ms
[2024-10-15T07:01:02.747+0000][125][info ][gc,phases   ] GC(144)   Evacuate Collection Set: 11.67ms
[2024-10-15T07:01:02.747+0000][125][info ][gc,phases   ] GC(144)   Post Evacuate Collection Set: 3.17ms
[2024-10-15T07:01:02.747+0000][125][info ][gc,phases   ] GC(144)   Other: 0.12ms
[2024-10-15T07:01:02.747+0000][125][trace][gc,age      ] GC(144) Age table with threshold 15 (max threshold 15)
[2024-10-15T07:01:02.747+0000][125][trace][gc,age      ] GC(144) - age   1:    5646840 bytes,    5646840 total
[2024-10-15T07:01:02.747+0000][125][trace][gc,age      ] GC(144) - age   2:    7183728 bytes,   12830568 total
[2024-10-15T07:01:02.747+0000][125][trace][gc,age      ] GC(144) - age   3:    5068320 bytes,   17898888 total
[2024-10-15T07:01:02.747+0000][125][trace][gc,age      ] GC(144) - age   4:    2173344 bytes,   20072232 total
[2024-10-15T07:01:02.747+0000][125][trace][gc,age      ] GC(144) - age   5:    3546528 bytes,   23618760 total
[2024-10-15T07:01:02.747+0000][125][trace][gc,age      ] GC(144) - age   6:    2563184 bytes,   26181944 total
[2024-10-15T07:01:02.747+0000][125][trace][gc,age      ] GC(144) - age   7:    2153336 bytes,   28335280 total
[2024-10-15T07:01:02.747+0000][125][trace][gc,age      ] GC(144) - age   8:    2161104 bytes,   30496384 total
[2024-10-15T07:01:02.747+0000][125][trace][gc,age      ] GC(144) - age   9:    2688320 bytes,   33184704 total
[2024-10-15T07:01:02.747+0000][125][trace][gc,age      ] GC(144) - age  10:    2128760 bytes,   35313464 total
[2024-10-15T07:01:02.747+0000][125][trace][gc,age      ] GC(144) - age  11:    2218048 bytes,   37531512 total
[2024-10-15T07:01:02.747+0000][125][trace][gc,age      ] GC(144) - age  12:    2160664 bytes,   39692176 total
[2024-10-15T07:01:02.747+0000][125][trace][gc,age      ] GC(144) - age  13:    2321264 bytes,   42013440 total
[2024-10-15T07:01:02.747+0000][125][trace][gc,age      ] GC(144) - age  14:    2221200 bytes,   44234640 total
[2024-10-15T07:01:02.747+0000][125][trace][gc,age      ] GC(144) - age  15:    2360720 bytes,   46595360 total
[2024-10-15T07:01:02.747+0000][125][info ][gc,heap     ] GC(144) Eden regions: 809->0(808)
[2024-10-15T07:01:02.747+0000][125][info ][gc,heap     ] GC(144) Survivor regions: 12->13(103)
[2024-10-15T07:01:02.747+0000][125][info ][gc,heap     ] GC(144) Old regions: 44->45
[2024-10-15T07:01:02.748+0000][125][info ][gc,heap     ] GC(144) Humongous regions: 2->2
[2024-10-15T07:01:02.748+0000][125][info ][gc,metaspace] GC(144) Metaspace: 157018K(163008K)->157018K(163008K) NonClass: 136009K(139392K)->136009K(139392K) Class: 21008K(23616K)->21008K(23616K)
[2024-10-15T07:01:02.748+0000][125][info ][gc          ] GC(144) Pause Young (Normal) (G1 Evacuation Pause) 3465M->234M(5476M) 16.407ms
[2024-10-15T07:01:02.748+0000][125][info ][gc,cpu      ] GC(144) User=0.04s Sys=0.01s Real=0.02s
[2024-10-15T07:01:02.749+0000][125][info ][safepoint   ] Safepoint "G1CollectForAllocation", Time since last: 1352578671 ns, Reaching safepoint: 545564 ns, Cleanup: 6037 ns, At safepoint: 18091324 ns, Total: 18642925 ns
[2024-10-15T07:01:04.366+0000][125][info ][gc,start    ] GC(145) Pause Young (Normal) (G1 Evacuation Pause)
[2024-10-15T07:01:04.366+0000][125][info ][gc,task     ] GC(145) Using 4 workers of 4 for evacuation
[2024-10-15T07:01:04.366+0000][125][debug][gc,age      ] GC(145) Desired survivor size 216006656 bytes, new threshold 15 (max threshold 15)
[2024-10-15T07:01:04.430+0000][125][info ][gc,phases   ] GC(145)   Pre Evacuate Collection Set: 3.40ms
[2024-10-15T07:01:04.430+0000][125][info ][gc,phases   ] GC(145)   Merge Heap Roots: 1.75ms
[2024-10-15T07:01:04.430+0000][125][info ][gc,phases   ] GC(145)   Evacuate Collection Set: 36.24ms
[2024-10-15T07:01:04.430+0000][125][info ][gc,phases   ] GC(145)   Post Evacuate Collection Set: 21.90ms
[2024-10-15T07:01:04.430+0000][125][info ][gc,phases   ] GC(145)   Other: 0.23ms
[2024-10-15T07:01:04.430+0000][125][trace][gc,age      ] GC(145) Age table with threshold 15 (max threshold 15)
[2024-10-15T07:01:04.430+0000][125][trace][gc,age      ] GC(145) - age   1:    4764128 bytes,    4764128 total
[2024-10-15T07:01:04.430+0000][125][trace][gc,age      ] GC(145) - age   2:    3864392 bytes,    8628520 total
[2024-10-15T07:01:04.430+0000][125][trace][gc,age      ] GC(145) - age   3:    5690288 bytes,   14318808 total
[2024-10-15T07:01:04.430+0000][125][trace][gc,age      ] GC(145) - age   4:    5032304 bytes,   19351112 total
[2024-10-15T07:01:04.430+0000][125][trace][gc,age      ] GC(145) - age   5:    2172120 bytes,   21523232 total
[2024-10-15T07:01:04.430+0000][125][trace][gc,age      ] GC(145) - age   6:    3546432 bytes,   25069664 total
[2024-10-15T07:01:04.430+0000][125][trace][gc,age      ] GC(145) - age   7:    2563104 bytes,   27632768 total
[2024-10-15T07:01:04.430+0000][125][trace][gc,age      ] GC(145) - age   8:    2153160 bytes,   29785928 total
[2024-10-15T07:01:04.430+0000][125][trace][gc,age      ] GC(145) - age   9:    2161064 bytes,   31946992 total
[2024-10-15T07:01:04.430+0000][125][trace][gc,age      ] GC(145) - age  10:    2688320 bytes,   34635312 total
[2024-10-15T07:01:04.430+0000][125][trace][gc,age      ] GC(145) - age  11:    2128760 bytes,   36764072 total
[2024-10-15T07:01:04.430+0000][125][trace][gc,age      ] GC(145) - age  12:    2218048 bytes,   38982120 total
[2024-10-15T07:01:04.430+0000][125][trace][gc,age      ] GC(145) - age  13:    2160664 bytes,   41142784 total
[2024-10-15T07:01:04.430+0000][125][trace][gc,age      ] GC(145) - age  14:    2321264 bytes,   43464048 total
[2024-10-15T07:01:04.430+0000][125][trace][gc,age      ] GC(145) - age  15:    2221200 bytes,   45685248 total
[2024-10-15T07:01:04.430+0000][125][info ][gc,heap     ] GC(145) Eden regions: 808->0(808)
[2024-10-15T07:01:04.430+0000][125][info ][gc,heap     ] GC(145) Survivor regions: 13->13(103)
[2024-10-15T07:01:04.430+0000][125][info ][gc,heap     ] GC(145) Old regions: 45->45
[2024-10-15T07:01:04.430+0000][125][info ][gc,heap     ] GC(145) Humongous regions: 2->2
[2024-10-15T07:01:04.431+0000][125][info ][gc,metaspace] GC(145) Metaspace: 157018K(163008K)->157018K(163008K) NonClass: 136009K(139392K)->136009K(139392K) Class: 21008K(23616K)->21008K(23616K)
[2024-10-15T07:01:04.431+0000][125][info ][gc          ] GC(145) Pause Young (Normal) (G1 Evacuation Pause) 3466M->236M(5476M) 64.539ms
[2024-10-15T07:01:04.431+0000][125][info ][gc,cpu      ] GC(145) User=0.11s Sys=0.00s Real=0.06s
[2024-10-15T07:01:04.441+0000][125][info ][safepoint   ] Safepoint "G1CollectForAllocation", Time since last: 1615743257 ns, Reaching safepoint: 997238 ns, Cleanup: 5587 ns, At safepoint: 74752625 ns, Total: 75755450 ns
[2024-10-15T07:01:06.040+0000][125][info ][gc,start    ] GC(146) Pause Young (Normal) (G1 Evacuation Pause)
[2024-10-15T07:01:06.040+0000][125][info ][gc,task     ] GC(146) Using 4 workers of 4 for evacuation
[2024-10-15T07:01:06.040+0000][125][debug][gc,age      ] GC(146) Desired survivor size 216006656 bytes, new threshold 15 (max threshold 15)
[2024-10-15T07:01:06.060+0000][125][info ][gc,phases   ] GC(146)   Pre Evacuate Collection Set: 0.87ms
[2024-10-15T07:01:06.060+0000][125][info ][gc,phases   ] GC(146)   Merge Heap Roots: 0.34ms
[2024-10-15T07:01:06.060+0000][125][info ][gc,phases   ] GC(146)   Evacuate Collection Set: 15.75ms
[2024-10-15T07:01:06.060+0000][125][info ][gc,phases   ] GC(146)   Post Evacuate Collection Set: 2.23ms
[2024-10-15T07:01:06.060+0000][125][info ][gc,phases   ] GC(146)   Other: 0.15ms
[2024-10-15T07:01:06.060+0000][125][trace][gc,age      ] GC(146) Age table with threshold 15 (max threshold 15)
[2024-10-15T07:01:06.060+0000][125][trace][gc,age      ] GC(146) - age   1:    6580064 bytes,    6580064 total
[2024-10-15T07:01:06.060+0000][125][trace][gc,age      ] GC(146) - age   2:    3826168 bytes,   10406232 total
[2024-10-15T07:01:06.060+0000][125][trace][gc,age      ] GC(146) - age   3:    2852624 bytes,   13258856 total
[2024-10-15T07:01:06.060+0000][125][trace][gc,age      ] GC(146) - age   4:    3824352 bytes,   17083208 total
[2024-10-15T07:01:06.060+0000][125][trace][gc,age      ] GC(146) - age   5:    5032272 bytes,   22115480 total
[2024-10-15T07:01:06.060+0000][125][trace][gc,age      ] GC(146) - age   6:    2171976 bytes,   24287456 total
[2024-10-15T07:01:06.060+0000][125][trace][gc,age      ] GC(146) - age   7:    3546392 bytes,   27833848 total
[2024-10-15T07:01:06.060+0000][125][trace][gc,age      ] GC(146) - age   8:    2563104 bytes,   30396952 total
[2024-10-15T07:01:06.060+0000][125][trace][gc,age      ] GC(146) - age   9:    2152264 bytes,   32549216 total
[2024-10-15T07:01:06.060+0000][125][trace][gc,age      ] GC(146) - age  10:    2128264 bytes,   34677480 total
[2024-10-15T07:01:06.060+0000][125][trace][gc,age      ] GC(146) - age  11:    2688320 bytes,   37365800 total
[2024-10-15T07:01:06.060+0000][125][trace][gc,age      ] GC(146) - age  12:    2128760 bytes,   39494560 total
[2024-10-15T07:01:06.060+0000][125][trace][gc,age      ] GC(146) - age  13:    2218048 bytes,   41712608 total
[2024-10-15T07:01:06.060+0000][125][trace][gc,age      ] GC(146) - age  14:    2160664 bytes,   43873272 total
[2024-10-15T07:01:06.060+0000][125][trace][gc,age      ] GC(146) - age  15:    2321224 bytes,   46194496 total
[2024-10-15T07:01:06.060+0000][125][info ][gc,heap     ] GC(146) Eden regions: 808->0(808)
[2024-10-15T07:01:06.060+0000][125][info ][gc,heap     ] GC(146) Survivor regions: 13->13(103)
[2024-10-15T07:01:06.060+0000][125][info ][gc,heap     ] GC(146) Old regions: 45->46
[2024-10-15T07:01:06.060+0000][125][info ][gc,heap     ] GC(146) Humongous regions: 2->2
[2024-10-15T07:01:06.060+0000][125][info ][gc,metaspace] GC(146) Metaspace: 157018K(163008K)->157018K(163008K) NonClass: 136009K(139392K)->136009K(139392K) Class: 21008K(23616K)->21008K(23616K)
[2024-10-15T07:01:06.060+0000][125][info ][gc          ] GC(146) Pause Young (Normal) (G1 Evacuation Pause) 3468M->238M(5476M) 19.875ms
[2024-10-15T07:01:06.060+0000][125][info ][gc,cpu      ] GC(146) User=0.06s Sys=0.00s Real=0.02s
[2024-10-15T07:01:06.065+0000][125][info ][safepoint   ] Safepoint "G1CollectForAllocation", Time since last: 1599214949 ns, Reaching safepoint: 401279 ns, Cleanup: 7020 ns, At safepoint: 24688880 ns, Total: 25097179 ns
[2024-10-15T07:01:07.429+0000][125][info ][gc,start    ] GC(147) Pause Young (Normal) (G1 Evacuation Pause)
[2024-10-15T07:01:07.429+0000][125][info ][gc,task     ] GC(147) Using 4 workers of 4 for evacuation
[2024-10-15T07:01:07.429+0000][125][debug][gc,age      ] GC(147) Desired survivor size 216006656 bytes, new threshold 15 (max threshold 15)
[2024-10-15T07:01:07.447+0000][125][info ][gc,phases   ] GC(147)   Pre Evacuate Collection Set: 0.85ms
[2024-10-15T07:01:07.447+0000][125][info ][gc,phases   ] GC(147)   Merge Heap Roots: 0.57ms
[2024-10-15T07:01:07.447+0000][125][info ][gc,phases   ] GC(147)   Evacuate Collection Set: 13.85ms
[2024-10-15T07:01:07.447+0000][125][info ][gc,phases   ] GC(147)   Post Evacuate Collection Set: 2.43ms
[2024-10-15T07:01:07.447+0000][125][info ][gc,phases   ] GC(147)   Other: 0.12ms
[2024-10-15T07:01:07.447+0000][125][trace][gc,age      ] GC(147) Age table with threshold 15 (max threshold 15)
[2024-10-15T07:01:07.447+0000][125][trace][gc,age      ] GC(147) - age   1:    4254256 bytes,    4254256 total
[2024-10-15T07:01:07.447+0000][125][trace][gc,age      ] GC(147) - age   2:    5342640 bytes,    9596896 total
[2024-10-15T07:01:07.447+0000][125][trace][gc,age      ] GC(147) - age   3:    3605408 bytes,   13202304 total
[2024-10-15T07:01:07.447+0000][125][trace][gc,age      ] GC(147) - age   4:    2531720 bytes,   15734024 total
[2024-10-15T07:01:07.447+0000][125][trace][gc,age      ] GC(147) - age   5:    3823760 bytes,   19557784 total
[2024-10-15T07:01:07.447+0000][125][trace][gc,age      ] GC(147) - age   6:    5031928 bytes,   24589712 total
[2024-10-15T07:01:07.447+0000][125][trace][gc,age      ] GC(147) - age   7:    2171872 bytes,   26761584 total
[2024-10-15T07:01:07.447+0000][125][trace][gc,age      ] GC(147) - age   8:    3546312 bytes,   30307896 total
[2024-10-15T07:01:07.447+0000][125][trace][gc,age      ] GC(147) - age   9:    2562856 bytes,   32870752 total
[2024-10-15T07:01:07.447+0000][125][trace][gc,age      ] GC(147) - age  10:    2152264 bytes,   35023016 total
[2024-10-15T07:01:07.447+0000][125][trace][gc,age      ] GC(147) - age  11:    2128264 bytes,   37151280 total
[2024-10-15T07:01:07.447+0000][125][trace][gc,age      ] GC(147) - age  12:    2688320 bytes,   39839600 total
[2024-10-15T07:01:07.447+0000][125][trace][gc,age      ] GC(147) - age  13:    2128760 bytes,   41968360 total
[2024-10-15T07:01:07.447+0000][125][trace][gc,age      ] GC(147) - age  14:    2218048 bytes,   44186408 total
[2024-10-15T07:01:07.447+0000][125][trace][gc,age      ] GC(147) - age  15:    2160664 bytes,   46347072 total
[2024-10-15T07:01:07.447+0000][125][info ][gc,heap     ] GC(147) Eden regions: 808->0(809)
[2024-10-15T07:01:07.447+0000][125][info ][gc,heap     ] GC(147) Survivor regions: 13->12(103)
[2024-10-15T07:01:07.447+0000][125][info ][gc,heap     ] GC(147) Old regions: 46->46
[2024-10-15T07:01:07.447+0000][125][info ][gc,heap     ] GC(147) Humongous regions: 2->2
[2024-10-15T07:01:07.447+0000][125][info ][gc,metaspace] GC(147) Metaspace: 157018K(163008K)->157018K(163008K) NonClass: 136009K(139392K)->136009K(139392K) Class: 21008K(23616K)->21008K(23616K)
[2024-10-15T07:01:07.447+0000][125][info ][gc          ] GC(147) Pause Young (Normal) (G1 Evacuation Pause) 3470M->238M(5476M) 18.107ms
[2024-10-15T07:01:07.447+0000][125][info ][gc,cpu      ] GC(147) User=0.05s Sys=0.01s Real=0.02s
[2024-10-15T07:01:07.448+0000][125][info ][safepoint   ] Safepoint "G1CollectForAllocation", Time since last: 1362912124 ns, Reaching safepoint: 1385412 ns, Cleanup: 9625 ns, At safepoint: 18319234 ns, Total: 19714271 ns
[2024-10-15T07:01:09.053+0000][125][info ][gc,start    ] GC(148) Pause Young (Normal) (G1 Evacuation Pause)
[2024-10-15T07:01:09.053+0000][125][info ][gc,task     ] GC(148) Using 4 workers of 4 for evacuation
[2024-10-15T07:01:09.053+0000][125][debug][gc,age      ] GC(148) Desired survivor size 216006656 bytes, new threshold 15 (max threshold 15)
[2024-10-15T07:01:09.070+0000][125][info ][gc,phases   ] GC(148)   Pre Evacuate Collection Set: 0.84ms
[2024-10-15T07:01:09.070+0000][125][info ][gc,phases   ] GC(148)   Merge Heap Roots: 0.30ms
[2024-10-15T07:01:09.070+0000][125][info ][gc,phases   ] GC(148)   Evacuate Collection Set: 13.55ms
[2024-10-15T07:01:09.070+0000][125][info ][gc,phases   ] GC(148)   Post Evacuate Collection Set: 2.29ms
[2024-10-15T07:01:09.070+0000][125][info ][gc,phases   ] GC(148)   Other: 0.15ms
[2024-10-15T07:01:09.070+0000][125][trace][gc,age      ] GC(148) Age table with threshold 15 (max threshold 15)
[2024-10-15T07:01:09.070+0000][125][trace][gc,age      ] GC(148) - age   1:    6669248 bytes,    6669248 total
[2024-10-15T07:01:09.070+0000][125][trace][gc,age      ] GC(148) - age   2:    2628880 bytes,    9298128 total
[2024-10-15T07:01:09.070+0000][125][trace][gc,age      ] GC(148) - age   3:    4295464 bytes,   13593592 total
[2024-10-15T07:01:09.070+0000][125][trace][gc,age      ] GC(148) - age   4:    2096288 bytes,   15689880 total
[2024-10-15T07:01:09.070+0000][125][trace][gc,age      ] GC(148) - age   5:    2482528 bytes,   18172408 total
[2024-10-15T07:01:09.071+0000][125][trace][gc,age      ] GC(148) - age   6:    3823728 bytes,   21996136 total
[2024-10-15T07:01:09.071+0000][125][trace][gc,age      ] GC(148) - age   7:    5031928 bytes,   27028064 total
[2024-10-15T07:01:09.071+0000][125][trace][gc,age      ] GC(148) - age   8:    2171800 bytes,   29199864 total
[2024-10-15T07:01:09.071+0000][125][trace][gc,age      ] GC(148) - age   9:    3546312 bytes,   32746176 total
[2024-10-15T07:01:09.071+0000][125][trace][gc,age      ] GC(148) - age  10:    2562856 bytes,   35309032 total
[2024-10-15T07:01:09.071+0000][125][trace][gc,age      ] GC(148) - age  11:    2152224 bytes,   37461256 total
[2024-10-15T07:01:09.071+0000][125][trace][gc,age      ] GC(148) - age  12:    2128264 bytes,   39589520 total
[2024-10-15T07:01:09.071+0000][125][trace][gc,age      ] GC(148) - age  13:    2688320 bytes,   42277840 total
[2024-10-15T07:01:09.071+0000][125][trace][gc,age      ] GC(148) - age  14:    2128760 bytes,   44406600 total
[2024-10-15T07:01:09.071+0000][125][trace][gc,age      ] GC(148) - age  15:    2218048 bytes,   46624648 total
[2024-10-15T07:01:09.071+0000][125][info ][gc,heap     ] GC(148) Eden regions: 809->0(808)
[2024-10-15T07:01:09.071+0000][125][info ][gc,heap     ] GC(148) Survivor regions: 12->13(103)
[2024-10-15T07:01:09.071+0000][125][info ][gc,heap     ] GC(148) Old regions: 46->47
[2024-10-15T07:01:09.071+0000][125][info ][gc,heap     ] GC(148) Humongous regions: 2->2
[2024-10-15T07:01:09.071+0000][125][info ][gc,metaspace] GC(148) Metaspace: 157018K(163008K)->157018K(163008K) NonClass: 136009K(139392K)->136009K(139392K) Class: 21008K(23616K)->21008K(23616K)
[2024-10-15T07:01:09.071+0000][125][info ][gc          ] GC(148) Pause Young (Normal) (G1 Evacuation Pause) 3474M->242M(5476M) 17.387ms
[2024-10-15T07:01:09.071+0000][125][info ][gc,cpu      ] GC(148) User=0.05s Sys=0.00s Real=0.01s
[2024-10-15T07:01:09.071+0000][125][info ][safepoint   ] Safepoint "G1CollectForAllocation", Time since last: 1604453653 ns, Reaching safepoint: 1093406 ns, Cleanup: 6609 ns, At safepoint: 17621853 ns, Total: 18721868 ns
[2024-10-15T07:01:10.080+0000][125][info ][safepoint   ] Safepoint "Cleanup", Time since last: 1007888375 ns, Reaching safepoint: 1267934 ns, Cleanup: 17952 ns, At safepoint: 116233 ns, Total: 1402119 ns
[2024-10-15T07:01:11.380+0000][125][info ][gc,start    ] GC(149) Pause Young (Normal) (G1 Evacuation Pause)
[2024-10-15T07:01:11.380+0000][125][info ][gc,task     ] GC(149) Using 4 workers of 4 for evacuation
[2024-10-15T07:01:11.380+0000][125][debug][gc,age      ] GC(149) Desired survivor size 216006656 bytes, new threshold 15 (max threshold 15)
[2024-10-15T07:01:11.456+0000][125][info ][gc,phases   ] GC(149)   Pre Evacuate Collection Set: 0.92ms
[2024-10-15T07:01:11.456+0000][125][info ][gc,phases   ] GC(149)   Merge Heap Roots: 0.93ms
[2024-10-15T07:01:11.456+0000][125][info ][gc,phases   ] GC(149)   Evacuate Collection Set: 68.23ms
[2024-10-15T07:01:11.456+0000][125][info ][gc,phases   ] GC(149)   Post Evacuate Collection Set: 5.78ms
[2024-10-15T07:01:11.456+0000][125][info ][gc,phases   ] GC(149)   Other: 0.15ms
[2024-10-15T07:01:11.456+0000][125][trace][gc,age      ] GC(149) Age table with threshold 15 (max threshold 15)
[2024-10-15T07:01:11.456+0000][125][trace][gc,age      ] GC(149) - age   1:    6203760 bytes,    6203760 total
[2024-10-15T07:01:11.456+0000][125][trace][gc,age      ] GC(149) - age   2:    4989680 bytes,   11193440 total
[2024-10-15T07:01:11.456+0000][125][trace][gc,age      ] GC(149) - age   3:    2383352 bytes,   13576792 total
[2024-10-15T07:01:11.457+0000][125][trace][gc,age      ] GC(149) - age   4:    2115064 bytes,   15691856 total
[2024-10-15T07:01:11.457+0000][125][trace][gc,age      ] GC(149) - age   5:    2093544 bytes,   17785400 total
[2024-10-15T07:01:11.457+0000][125][trace][gc,age      ] GC(149) - age   6:    2482488 bytes,   20267888 total
[2024-10-15T07:01:11.457+0000][125][trace][gc,age      ] GC(149) - age   7:    3823664 bytes,   24091552 total
[2024-10-15T07:01:11.457+0000][125][trace][gc,age      ] GC(149) - age   8:    5031928 bytes,   29123480 total
[2024-10-15T07:01:11.457+0000][125][trace][gc,age      ] GC(149) - age   9:    2171800 bytes,   31295280 total
[2024-10-15T07:01:11.457+0000][125][trace][gc,age      ] GC(149) - age  10:    3546312 bytes,   34841592 total
[2024-10-15T07:01:11.457+0000][125][trace][gc,age      ] GC(149) - age  11:    2562856 bytes,   37404448 total
[2024-10-15T07:01:11.457+0000][125][trace][gc,age      ] GC(149) - age  12:    2152224 bytes,   39556672 total
[2024-10-15T07:01:11.457+0000][125][trace][gc,age      ] GC(149) - age  13:    2128264 bytes,   41684936 total
[2024-10-15T07:01:11.457+0000][125][trace][gc,age      ] GC(149) - age  14:    2688320 bytes,   44373256 total
[2024-10-15T07:01:11.457+0000][125][trace][gc,age      ] GC(149) - age  15:    2128720 bytes,   46501976 total
[2024-10-15T07:01:11.457+0000][125][info ][gc,heap     ] GC(149) Eden regions: 808->0(809)
[2024-10-15T07:01:11.457+0000][125][info ][gc,heap     ] GC(149) Survivor regions: 13->12(103)
[2024-10-15T07:01:11.457+0000][125][info ][gc,heap     ] GC(149) Old regions: 47->47
[2024-10-15T07:01:11.457+0000][125][info ][gc,heap     ] GC(149) Humongous regions: 2->2
[2024-10-15T07:01:11.457+0000][125][info ][gc,metaspace] GC(149) Metaspace: 157018K(163008K)->157018K(163008K) NonClass: 136009K(139392K)->136009K(139392K) Class: 21008K(23616K)->21008K(23616K)
[2024-10-15T07:01:11.457+0000][125][info ][gc          ] GC(149) Pause Young (Normal) (G1 Evacuation Pause) 3474M->242M(5476M) 76.430ms
[2024-10-15T07:01:11.457+0000][125][info ][gc,cpu      ] GC(149) User=0.10s Sys=0.01s Real=0.08s
[2024-10-15T07:01:11.457+0000][125][info ][safepoint   ] Safepoint "G1CollectForAllocation", Time since last: 1282856029 ns, Reaching safepoint: 17267565 ns, Cleanup: 10641 ns, At safepoint: 76611099 ns, Total: 93889305 ns
[2024-10-15T07:01:14.558+0000][125][info ][gc,start    ] GC(150) Pause Young (Normal) (G1 Evacuation Pause)
[2024-10-15T07:01:14.558+0000][125][info ][gc,task     ] GC(150) Using 4 workers of 4 for evacuation
[2024-10-15T07:01:14.558+0000][125][debug][gc,age      ] GC(150) Desired survivor size 216006656 bytes, new threshold 15 (max threshold 15)
[2024-10-15T07:01:15.020+0000][125][info ][gc,mmu      ] GC(150) MMU target violated: 201.0ms (200.0ms/201.0ms)
[2024-10-15T07:01:15.021+0000][125][info ][gc,phases   ] GC(150)   Pre Evacuate Collection Set: 1.08ms
[2024-10-15T07:01:15.021+0000][125][info ][gc,phases   ] GC(150)   Merge Heap Roots: 7.15ms
[2024-10-15T07:01:15.021+0000][125][info ][gc,phases   ] GC(150)   Evacuate Collection Set: 414.72ms
[2024-10-15T07:01:15.021+0000][125][info ][gc,phases   ] GC(150)   Post Evacuate Collection Set: 36.87ms
[2024-10-15T07:01:15.022+0000][125][info ][gc,phases   ] GC(150)   Other: 3.12ms
[2024-10-15T07:01:15.022+0000][125][trace][gc,age      ] GC(150) Age table with threshold 15 (max threshold 15)
[2024-10-15T07:01:15.022+0000][125][trace][gc,age      ] GC(150) - age   1:    4040824 bytes,    4040824 total
[2024-10-15T07:01:15.022+0000][125][trace][gc,age      ] GC(150) - age   2:    4851160 bytes,    8891984 total
[2024-10-15T07:01:15.022+0000][125][trace][gc,age      ] GC(150) - age   3:    4988208 bytes,   13880192 total
[2024-10-15T07:01:15.022+0000][125][trace][gc,age      ] GC(150) - age   4:    2041816 bytes,   15922008 total
[2024-10-15T07:01:15.022+0000][125][trace][gc,age      ] GC(150) - age   5:    2104448 bytes,   18026456 total
[2024-10-15T07:01:15.022+0000][125][trace][gc,age      ] GC(150) - age   6:    2093080 bytes,   20119536 total
[2024-10-15T07:01:15.022+0000][125][trace][gc,age      ] GC(150) - age   7:    2481808 bytes,   22601344 total
[2024-10-15T07:01:15.022+0000][125][trace][gc,age      ] GC(150) - age   8:    3506896 bytes,   26108240 total
[2024-10-15T07:01:15.022+0000][125][trace][gc,age      ] GC(150) - age   9:    5031928 bytes,   31140168 total
[2024-10-15T07:01:15.022+0000][125][trace][gc,age      ] GC(150) - age  10:    2171800 bytes,   33311968 total
[2024-10-15T07:01:15.022+0000][125][trace][gc,age      ] GC(150) - age  11:    3546272 bytes,   36858240 total
[2024-10-15T07:01:15.022+0000][125][trace][gc,age      ] GC(150) - age  12:    2562856 bytes,   39421096 total
[2024-10-15T07:01:15.022+0000][125][trace][gc,age      ] GC(150) - age  13:    2152184 bytes,   41573280 total
[2024-10-15T07:01:15.022+0000][125][trace][gc,age      ] GC(150) - age  14:    2128264 bytes,   43701544 total
[2024-10-15T07:01:15.022+0000][125][trace][gc,age      ] GC(150) - age  15:    2688320 bytes,   46389864 total
[2024-10-15T07:01:15.022+0000][125][info ][gc,heap     ] GC(150) Eden regions: 809->0(471)
[2024-10-15T07:01:15.022+0000][125][info ][gc,heap     ] GC(150) Survivor regions: 12->13(103)
[2024-10-15T07:01:15.022+0000][125][info ][gc,heap     ] GC(150) Old regions: 47->48
[2024-10-15T07:01:15.022+0000][125][info ][gc,heap     ] GC(150) Humongous regions: 2->2
[2024-10-15T07:01:15.022+0000][125][info ][gc,metaspace] GC(150) Metaspace: 157018K(163008K)->157018K(163008K) NonClass: 136009K(139392K)->136009K(139392K) Class: 21008K(23616K)->21008K(23616K)
[2024-10-15T07:01:15.026+0000][125][info ][gc          ] GC(150) Pause Young (Normal) (G1 Evacuation Pause) 3478M->246M(5476M) 468.196ms
[2024-10-15T07:01:15.027+0000][125][info ][gc,cpu      ] GC(150) User=1.02s Sys=0.13s Real=0.47s
[2024-10-15T07:01:15.027+0000][125][info ][safepoint   ] Safepoint "G1CollectForAllocation", Time since last: 3100820104 ns, Reaching safepoint: 426205 ns, Cleanup: 6852 ns, At safepoint: 469278867 ns, Total: 469711924 ns
[2024-10-15T07:01:18.177+0000][125][info ][gc,start    ] GC(151) Pause Young (Normal) (G1 Evacuation Pause)
[2024-10-15T07:01:18.179+0000][125][info ][gc,task     ] GC(151) Using 4 workers of 4 for evacuation
[2024-10-15T07:01:18.179+0000][125][debug][gc,age      ] GC(151) Desired survivor size 127926272 bytes, new threshold 15 (max threshold 15)
[2024-10-15T07:01:18.273+0000][125][info ][gc,phases   ] GC(151)   Pre Evacuate Collection Set: 7.35ms
[2024-10-15T07:01:18.273+0000][125][info ][gc,phases   ] GC(151)   Merge Heap Roots: 0.57ms
[2024-10-15T07:01:18.273+0000][125][info ][gc,phases   ] GC(151)   Evacuate Collection Set: 53.87ms
[2024-10-15T07:01:18.273+0000][125][info ][gc,phases   ] GC(151)   Post Evacuate Collection Set: 32.90ms
[2024-10-15T07:01:18.273+0000][125][info ][gc,phases   ] GC(151)   Other: 1.13ms
[2024-10-15T07:01:18.274+0000][125][trace][gc,age      ] GC(151) Age table with threshold 15 (max threshold 15)
[2024-10-15T07:01:18.274+0000][125][trace][gc,age      ] GC(151) - age   1:    6526832 bytes,    6526832 total
[2024-10-15T07:01:18.274+0000][125][trace][gc,age      ] GC(151) - age   2:    2744384 bytes,    9271216 total
[2024-10-15T07:01:18.274+0000][125][trace][gc,age      ] GC(151) - age   3:    4850520 bytes,   14121736 total
[2024-10-15T07:01:18.274+0000][125][trace][gc,age      ] GC(151) - age   4:    3278912 bytes,   17400648 total
[2024-10-15T07:01:18.274+0000][125][trace][gc,age      ] GC(151) - age   5:    2020544 bytes,   19421192 total
[2024-10-15T07:01:18.274+0000][125][trace][gc,age      ] GC(151) - age   6:    2104448 bytes,   21525640 total
[2024-10-15T07:01:18.274+0000][125][trace][gc,age      ] GC(151) - age   7:    2093040 bytes,   23618680 total
[2024-10-15T07:01:18.274+0000][125][trace][gc,age      ] GC(151) - age   8:    2481768 bytes,   26100448 total
[2024-10-15T07:01:18.274+0000][125][trace][gc,age      ] GC(151) - age   9:    2873400 bytes,   28973848 total
[2024-10-15T07:01:18.274+0000][125][trace][gc,age      ] GC(151) - age  10:    4117584 bytes,   33091432 total
[2024-10-15T07:01:18.274+0000][125][trace][gc,age      ] GC(151) - age  11:    2171440 bytes,   35262872 total
[2024-10-15T07:01:18.274+0000][125][trace][gc,age      ] GC(151) - age  12:    3546272 bytes,   38809144 total
[2024-10-15T07:01:18.274+0000][125][trace][gc,age      ] GC(151) - age  13:    2562856 bytes,   41372000 total
[2024-10-15T07:01:18.274+0000][125][trace][gc,age      ] GC(151) - age  14:    2152184 bytes,   43524184 total
[2024-10-15T07:01:18.274+0000][125][trace][gc,age      ] GC(151) - age  15:    2128264 bytes,   45652448 total
[2024-10-15T07:01:18.274+0000][125][info ][gc,heap     ] GC(151) Eden regions: 473->0(809)
[2024-10-15T07:01:18.274+0000][125][info ][gc,heap     ] GC(151) Survivor regions: 13->12(61)
[2024-10-15T07:01:18.274+0000][125][info ][gc,heap     ] GC(151) Old regions: 48->48
[2024-10-15T07:01:18.274+0000][125][info ][gc,heap     ] GC(151) Humongous regions: 2->2
[2024-10-15T07:01:18.274+0000][125][info ][gc,metaspace] GC(151) Metaspace: 157021K(163008K)->157021K(163008K) NonClass: 136011K(139392K)->136011K(139392K) Class: 21009K(23616K)->21009K(23616K)
[2024-10-15T07:01:18.274+0000][125][info ][gc          ] GC(151) Pause Young (Normal) (G1 Evacuation Pause) 2138M->247M(5476M) 96.244ms
[2024-10-15T07:01:18.274+0000][125][info ][gc,cpu      ] GC(151) User=0.16s Sys=0.01s Real=0.10s
[2024-10-15T07:01:18.274+0000][125][info ][safepoint   ] Safepoint "G1CollectForAllocation", Time since last: 3140618424 ns, Reaching safepoint: 9212838 ns, Cleanup: 6681 ns, At safepoint: 96761116 ns, Total: 105980635 ns
[2024-10-15T07:01:19.302+0000][125][info ][safepoint   ] Safepoint "Cleanup", Time since last: 1005635525 ns, Reaching safepoint: 22077142 ns, Cleanup: 18764 ns, At safepoint: 130828 ns, Total: 22226734 ns
[2024-10-15T07:01:21.866+0000][125][info ][safepoint   ] Safepoint "Cleanup", Time since last: 2541874928 ns, Reaching safepoint: 8203155 ns, Cleanup: 333293 ns, At safepoint: 13846786 ns, Total: 22383234 ns
[2024-10-15T07:01:22.842+0000][125][info ][gc,start    ] GC(152) Pause Young (Normal) (G1 Evacuation Pause)
[2024-10-15T07:01:22.842+0000][125][info ][gc,task     ] GC(152) Using 4 workers of 4 for evacuation
[2024-10-15T07:01:22.842+0000][125][debug][gc,age      ] GC(152) Desired survivor size 216006656 bytes, new threshold 15 (max threshold 15)
[2024-10-15T07:01:22.860+0000][125][info ][gc,phases   ] GC(152)   Pre Evacuate Collection Set: 0.77ms
[2024-10-15T07:01:22.860+0000][125][info ][gc,phases   ] GC(152)   Merge Heap Roots: 0.55ms
[2024-10-15T07:01:22.860+0000][125][info ][gc,phases   ] GC(152)   Evacuate Collection Set: 14.40ms
[2024-10-15T07:01:22.860+0000][125][info ][gc,phases   ] GC(152)   Post Evacuate Collection Set: 2.72ms
[2024-10-15T07:01:22.860+0000][125][info ][gc,phases   ] GC(152)   Other: 0.16ms
[2024-10-15T07:01:22.860+0000][125][trace][gc,age      ] GC(152) Age table with threshold 15 (max threshold 15)
[2024-10-15T07:01:22.860+0000][125][trace][gc,age      ] GC(152) - age   1:   11170304 bytes,   11170304 total
[2024-10-15T07:01:22.860+0000][125][trace][gc,age      ] GC(152) - age   2:    4885392 bytes,   16055696 total
[2024-10-15T07:01:22.860+0000][125][trace][gc,age      ] GC(152) - age   3:    2741120 bytes,   18796816 total
[2024-10-15T07:01:22.860+0000][125][trace][gc,age      ] GC(152) - age   4:    4825312 bytes,   23622128 total
[2024-10-15T07:01:22.860+0000][125][trace][gc,age      ] GC(152) - age   5:    2059776 bytes,   25681904 total
[2024-10-15T07:01:22.861+0000][125][trace][gc,age      ] GC(152) - age   6:    2019904 bytes,   27701808 total
[2024-10-15T07:01:22.861+0000][125][trace][gc,age      ] GC(152) - age   7:    2104368 bytes,   29806176 total
[2024-10-15T07:01:22.861+0000][125][trace][gc,age      ] GC(152) - age   8:    2093000 bytes,   31899176 total
[2024-10-15T07:01:22.861+0000][125][trace][gc,age      ] GC(152) - age   9:    2165000 bytes,   34064176 total
[2024-10-15T07:01:22.861+0000][125][trace][gc,age      ] GC(152) - age  10:    1959096 bytes,   36023272 total
[2024-10-15T07:01:22.861+0000][125][trace][gc,age      ] GC(152) - age  11:    3202960 bytes,   39226232 total
[2024-10-15T07:01:22.861+0000][125][trace][gc,age      ] GC(152) - age  12:    2171304 bytes,   41397536 total
[2024-10-15T07:01:22.861+0000][125][trace][gc,age      ] GC(152) - age  13:    3546232 bytes,   44943768 total
[2024-10-15T07:01:22.861+0000][125][trace][gc,age      ] GC(152) - age  14:    2562464 bytes,   47506232 total
[2024-10-15T07:01:22.861+0000][125][trace][gc,age      ] GC(152) - age  15:    2139904 bytes,   49646136 total
[2024-10-15T07:01:22.861+0000][125][info ][gc,heap     ] GC(152) Eden regions: 809->0(808)
[2024-10-15T07:01:22.861+0000][125][info ][gc,heap     ] GC(152) Survivor regions: 12->13(103)
[2024-10-15T07:01:22.861+0000][125][info ][gc,heap     ] GC(152) Old regions: 48->49
[2024-10-15T07:01:22.861+0000][125][info ][gc,heap     ] GC(152) Humongous regions: 2->2
[2024-10-15T07:01:22.861+0000][125][info ][gc,metaspace] GC(152) Metaspace: 157021K(163008K)->157021K(163008K) NonClass: 136011K(139392K)->136011K(139392K) Class: 21009K(23616K)->21009K(23616K)
[2024-10-15T07:01:22.861+0000][125][info ][gc          ] GC(152) Pause Young (Normal) (G1 Evacuation Pause) 3483M->253M(5476M) 18.912ms
[2024-10-15T07:01:22.861+0000][125][info ][gc,cpu      ] GC(152) User=0.05s Sys=0.01s Real=0.02s
[2024-10-15T07:01:22.861+0000][125][info ][safepoint   ] Safepoint "G1CollectForAllocation", Time since last: 975397819 ns, Reaching safepoint: 178109 ns, Cleanup: 4972 ns, At safepoint: 19615767 ns, Total: 19798848 ns
[2024-10-15T07:01:24.392+0000][125][info ][safepoint   ] Safepoint "Cleanup", Time since last: 1514807777 ns, Reaching safepoint: 951191 ns, Cleanup: 25871 ns, At safepoint: 8744577 ns, Total: 9721639 ns
[2024-10-15T07:01:25.272+0000][125][info ][gc,start    ] GC(153) Pause Young (Normal) (G1 Evacuation Pause)
[2024-10-15T07:01:25.273+0000][125][info ][gc,task     ] GC(153) Using 4 workers of 4 for evacuation
[2024-10-15T07:01:25.273+0000][125][debug][gc,age      ] GC(153) Desired survivor size 216006656 bytes, new threshold 15 (max threshold 15)
[2024-10-15T07:01:25.292+0000][125][info ][gc,phases   ] GC(153)   Pre Evacuate Collection Set: 0.69ms
[2024-10-15T07:01:25.293+0000][125][info ][gc,phases   ] GC(153)   Merge Heap Roots: 0.26ms
[2024-10-15T07:01:25.293+0000][125][info ][gc,phases   ] GC(153)   Evacuate Collection Set: 16.16ms
[2024-10-15T07:01:25.293+0000][125][info ][gc,phases   ] GC(153)   Post Evacuate Collection Set: 2.65ms
[2024-10-15T07:01:25.293+0000][125][info ][gc,phases   ] GC(153)   Other: 0.18ms
[2024-10-15T07:01:25.293+0000][125][trace][gc,age      ] GC(153) Age table with threshold 15 (max threshold 15)
[2024-10-15T07:01:25.293+0000][125][trace][gc,age      ] GC(153) - age   1:    7479728 bytes,    7479728 total
[2024-10-15T07:01:25.293+0000][125][trace][gc,age      ] GC(153) - age   2:    6636320 bytes,   14116048 total
[2024-10-15T07:01:25.293+0000][125][trace][gc,age      ] GC(153) - age   3:    4883760 bytes,   18999808 total
[2024-10-15T07:01:25.293+0000][125][trace][gc,age      ] GC(153) - age   4:    2740904 bytes,   21740712 total
[2024-10-15T07:01:25.293+0000][125][trace][gc,age      ] GC(153) - age   5:    4825272 bytes,   26565984 total
[2024-10-15T07:01:25.293+0000][125][trace][gc,age      ] GC(153) - age   6:    2059656 bytes,   28625640 total
[2024-10-15T07:01:25.293+0000][125][trace][gc,age      ] GC(153) - age   7:    2019784 bytes,   30645424 total
[2024-10-15T07:01:25.293+0000][125][trace][gc,age      ] GC(153) - age   8:    2104288 bytes,   32749712 total
[2024-10-15T07:01:25.293+0000][125][trace][gc,age      ] GC(153) - age   9:    2092840 bytes,   34842552 total
[2024-10-15T07:01:25.293+0000][125][trace][gc,age      ] GC(153) - age  10:    2165000 bytes,   37007552 total
[2024-10-15T07:01:25.293+0000][125][trace][gc,age      ] GC(153) - age  11:    1959096 bytes,   38966648 total
[2024-10-15T07:01:25.293+0000][125][trace][gc,age      ] GC(153) - age  12:    3202960 bytes,   42169608 total
[2024-10-15T07:01:25.293+0000][125][trace][gc,age      ] GC(153) - age  13:    2171304 bytes,   44340912 total
[2024-10-15T07:01:25.293+0000][125][trace][gc,age      ] GC(153) - age  14:    3546232 bytes,   47887144 total
[2024-10-15T07:01:25.293+0000][125][trace][gc,age      ] GC(153) - age  15:    2551264 bytes,   50438408 total
[2024-10-15T07:01:25.293+0000][125][info ][gc,heap     ] GC(153) Eden regions: 808->0(808)
[2024-10-15T07:01:25.293+0000][125][info ][gc,heap     ] GC(153) Survivor regions: 13->13(103)
[2024-10-15T07:01:25.293+0000][125][info ][gc,heap     ] GC(153) Old regions: 49->49
[2024-10-15T07:01:25.293+0000][125][info ][gc,heap     ] GC(153) Humongous regions: 2->2
[2024-10-15T07:01:25.293+0000][125][info ][gc,metaspace] GC(153) Metaspace: 157022K(163008K)->157022K(163008K) NonClass: 136012K(139392K)->136012K(139392K) Class: 21009K(23616K)->21009K(23616K)
[2024-10-15T07:01:25.293+0000][125][info ][gc          ] GC(153) Pause Young (Normal) (G1 Evacuation Pause) 3485M->255M(5476M) 20.355ms
[2024-10-15T07:01:25.293+0000][125][info ][gc,cpu      ] GC(153) User=0.06s Sys=0.00s Real=0.02s
[2024-10-15T07:01:25.293+0000][125][info ][safepoint   ] Safepoint "G1CollectForAllocation", Time since last: 878506620 ns, Reaching safepoint: 1790895 ns, Cleanup: 47046 ns, At safepoint: 20693017 ns, Total: 22530958 ns
[2024-10-15T07:01:26.832+0000][125][info ][gc,start    ] GC(154) Pause Young (Normal) (G1 Evacuation Pause)
[2024-10-15T07:01:26.833+0000][125][info ][gc,task     ] GC(154) Using 4 workers of 4 for evacuation
[2024-10-15T07:01:26.833+0000][125][debug][gc,age      ] GC(154) Desired survivor size 216006656 bytes, new threshold 15 (max threshold 15)
[2024-10-15T07:01:26.969+0000][125][info ][gc,phases   ] GC(154)   Pre Evacuate Collection Set: 1.05ms
[2024-10-15T07:01:26.969+0000][125][info ][gc,phases   ] GC(154)   Merge Heap Roots: 1.88ms
[2024-10-15T07:01:26.969+0000][125][info ][gc,phases   ] GC(154)   Evacuate Collection Set: 116.50ms
[2024-10-15T07:01:26.969+0000][125][info ][gc,phases   ] GC(154)   Post Evacuate Collection Set: 17.12ms
[2024-10-15T07:01:26.969+0000][125][info ][gc,phases   ] GC(154)   Other: 0.12ms
[2024-10-15T07:01:26.969+0000][125][trace][gc,age      ] GC(154) Age table with threshold 15 (max threshold 15)
[2024-10-15T07:01:26.969+0000][125][trace][gc,age      ] GC(154) - age   1:    7037528 bytes,    7037528 total
[2024-10-15T07:01:26.969+0000][125][trace][gc,age      ] GC(154) - age   2:     182648 bytes,    7220176 total
[2024-10-15T07:01:26.969+0000][125][trace][gc,age      ] GC(154) - age   3:    6635392 bytes,   13855568 total
[2024-10-15T07:01:26.969+0000][125][trace][gc,age      ] GC(154) - age   4:    4883720 bytes,   18739288 total
[2024-10-15T07:01:26.973+0000][125][trace][gc,age      ] GC(154) - age   5:    2740824 bytes,   21480112 total
[2024-10-15T07:01:26.973+0000][125][trace][gc,age      ] GC(154) - age   6:    4825272 bytes,   26305384 total
[2024-10-15T07:01:26.973+0000][125][trace][gc,age      ] GC(154) - age   7:    2059536 bytes,   28364920 total
[2024-10-15T07:01:26.973+0000][125][trace][gc,age      ] GC(154) - age   8:    2019544 bytes,   30384464 total
[2024-10-15T07:01:26.973+0000][125][trace][gc,age      ] GC(154) - age   9:    2104288 bytes,   32488752 total
[2024-10-15T07:01:26.973+0000][125][trace][gc,age      ] GC(154) - age  10:    2092840 bytes,   34581592 total
[2024-10-15T07:01:26.973+0000][125][trace][gc,age      ] GC(154) - age  11:    2165000 bytes,   36746592 total
[2024-10-15T07:01:26.973+0000][125][trace][gc,age      ] GC(154) - age  12:    1959096 bytes,   38705688 total
[2024-10-15T07:01:26.973+0000][125][trace][gc,age      ] GC(154) - age  13:    3202960 bytes,   41908648 total
[2024-10-15T07:01:26.973+0000][125][trace][gc,age      ] GC(154) - age  14:    2171264 bytes,   44079912 total
[2024-10-15T07:01:26.973+0000][125][trace][gc,age      ] GC(154) - age  15:    3546232 bytes,   47626144 total
[2024-10-15T07:01:26.973+0000][125][info ][gc,heap     ] GC(154) Eden regions: 808->0(808)
[2024-10-15T07:01:26.973+0000][125][info ][gc,heap     ] GC(154) Survivor regions: 13->13(103)
[2024-10-15T07:01:26.973+0000][125][info ][gc,heap     ] GC(154) Old regions: 49->50
[2024-10-15T07:01:26.973+0000][125][info ][gc,heap     ] GC(154) Humongous regions: 2->2
[2024-10-15T07:01:26.973+0000][125][info ][gc,metaspace] GC(154) Metaspace: 157022K(163008K)->157022K(163008K) NonClass: 136012K(139392K)->136012K(139392K) Class: 21009K(23616K)->21009K(23616K)
[2024-10-15T07:01:26.974+0000][125][info ][gc          ] GC(154) Pause Young (Normal) (G1 Evacuation Pause) 3487M->258M(5476M) 141.277ms
[2024-10-15T07:01:26.974+0000][125][info ][gc,cpu      ] GC(154) User=0.26s Sys=0.03s Real=0.14s
[2024-10-15T07:01:26.976+0000][125][info ][safepoint   ] Safepoint "G1CollectForAllocation", Time since last: 1538169989 ns, Reaching safepoint: 1035400 ns, Cleanup: 45086 ns, At safepoint: 143890527 ns, Total: 144971013 ns
[2024-10-15T07:01:29.352+0000][125][info ][gc,start    ] GC(155) Pause Young (Normal) (G1 Evacuation Pause)
[2024-10-15T07:01:29.352+0000][125][info ][gc,task     ] GC(155) Using 4 workers of 4 for evacuation
[2024-10-15T07:01:29.352+0000][125][debug][gc,age      ] GC(155) Desired survivor size 216006656 bytes, new threshold 15 (max threshold 15)
[2024-10-15T07:01:29.383+0000][125][info ][gc,phases   ] GC(155)   Pre Evacuate Collection Set: 0.63ms
[2024-10-15T07:01:29.383+0000][125][info ][gc,phases   ] GC(155)   Merge Heap Roots: 0.57ms
[2024-10-15T07:01:29.383+0000][125][info ][gc,phases   ] GC(155)   Evacuate Collection Set: 28.15ms
[2024-10-15T07:01:29.384+0000][125][info ][gc,phases   ] GC(155)   Post Evacuate Collection Set: 1.99ms
[2024-10-15T07:01:29.384+0000][125][info ][gc,phases   ] GC(155)   Other: 0.20ms
[2024-10-15T07:01:29.384+0000][125][trace][gc,age      ] GC(155) Age table with threshold 15 (max threshold 15)
[2024-10-15T07:01:29.384+0000][125][trace][gc,age      ] GC(155) - age   1:    6796192 bytes,    6796192 total
[2024-10-15T07:01:29.384+0000][125][trace][gc,age      ] GC(155) - age   2:     145784 bytes,    6941976 total
[2024-10-15T07:01:29.384+0000][125][trace][gc,age      ] GC(155) - age   3:     178096 bytes,    7120072 total
[2024-10-15T07:01:29.384+0000][125][trace][gc,age      ] GC(155) - age   4:    6634904 bytes,   13754976 total
[2024-10-15T07:01:29.384+0000][125][trace][gc,age      ] GC(155) - age   5:    4883720 bytes,   18638696 total
[2024-10-15T07:01:29.384+0000][125][trace][gc,age      ] GC(155) - age   6:    2740784 bytes,   21379480 total
[2024-10-15T07:01:29.384+0000][125][trace][gc,age      ] GC(155) - age   7:    4825192 bytes,   26204672 total
[2024-10-15T07:01:29.384+0000][125][trace][gc,age      ] GC(155) - age   8:    2059376 bytes,   28264048 total
[2024-10-15T07:01:29.384+0000][125][trace][gc,age      ] GC(155) - age   9:    2019504 bytes,   30283552 total
[2024-10-15T07:01:29.384+0000][125][trace][gc,age      ] GC(155) - age  10:    2104288 bytes,   32387840 total
[2024-10-15T07:01:29.384+0000][125][trace][gc,age      ] GC(155) - age  11:    2092840 bytes,   34480680 total
[2024-10-15T07:01:29.384+0000][125][trace][gc,age      ] GC(155) - age  12:    2165000 bytes,   36645680 total
[2024-10-15T07:01:29.384+0000][125][trace][gc,age      ] GC(155) - age  13:    1959096 bytes,   38604776 total
[2024-10-15T07:01:29.384+0000][125][trace][gc,age      ] GC(155) - age  14:    3202960 bytes,   41807736 total
[2024-10-15T07:01:29.384+0000][125][trace][gc,age      ] GC(155) - age  15:    2171264 bytes,   43979000 total
[2024-10-15T07:01:29.384+0000][125][info ][gc,heap     ] GC(155) Eden regions: 808->0(809)
[2024-10-15T07:01:29.384+0000][125][info ][gc,heap     ] GC(155) Survivor regions: 13->12(103)
[2024-10-15T07:01:29.384+0000][125][info ][gc,heap     ] GC(155) Old regions: 50->51
[2024-10-15T07:01:29.384+0000][125][info ][gc,heap     ] GC(155) Humongous regions: 2->2
[2024-10-15T07:01:29.384+0000][125][info ][gc,metaspace] GC(155) Metaspace: 157022K(163008K)->157022K(163008K) NonClass: 136012K(139392K)->136012K(139392K) Class: 21009K(23616K)->21009K(23616K)
[2024-10-15T07:01:29.384+0000][125][info ][gc          ] GC(155) Pause Young (Normal) (G1 Evacuation Pause) 3490M->256M(5476M) 32.047ms
[2024-10-15T07:01:29.384+0000][125][info ][gc,cpu      ] GC(155) User=0.10s Sys=0.00s Real=0.03s
[2024-10-15T07:01:29.386+0000][125][info ][safepoint   ] Safepoint "G1CollectForAllocation", Time since last: 2374355747 ns, Reaching safepoint: 1043129 ns, Cleanup: 13083 ns, At safepoint: 34811721 ns, Total: 35867933 ns
[2024-10-15T07:01:30.809+0000][125][info ][safepoint   ] Safepoint "Cleanup", Time since last: 1408840810 ns, Reaching safepoint: 1017330 ns, Cleanup: 21334 ns, At safepoint: 12882172 ns, Total: 13920836 ns
[2024-10-15T07:01:31.953+0000][125][info ][safepoint   ] Safepoint "Cleanup", Time since last: 1136219988 ns, Reaching safepoint: 770353 ns, Cleanup: 15412 ns, At safepoint: 6640447 ns, Total: 7426212 ns
[2024-10-15T07:01:32.775+0000][125][info ][gc,start    ] GC(156) Pause Young (Normal) (G1 Evacuation Pause)
[2024-10-15T07:01:32.775+0000][125][info ][gc,task     ] GC(156) Using 4 workers of 4 for evacuation
[2024-10-15T07:01:32.775+0000][125][debug][gc,age      ] GC(156) Desired survivor size 216006656 bytes, new threshold 15 (max threshold 15)
[2024-10-15T07:01:32.793+0000][125][info ][gc,phases   ] GC(156)   Pre Evacuate Collection Set: 0.61ms
[2024-10-15T07:01:32.793+0000][125][info ][gc,phases   ] GC(156)   Merge Heap Roots: 0.56ms
[2024-10-15T07:01:32.793+0000][125][info ][gc,phases   ] GC(156)   Evacuate Collection Set: 14.41ms
[2024-10-15T07:01:32.793+0000][125][info ][gc,phases   ] GC(156)   Post Evacuate Collection Set: 2.23ms
[2024-10-15T07:01:32.793+0000][125][info ][gc,phases   ] GC(156)   Other: 0.11ms
[2024-10-15T07:01:32.793+0000][125][trace][gc,age      ] GC(156) Age table with threshold 15 (max threshold 15)
[2024-10-15T07:01:32.793+0000][125][trace][gc,age      ] GC(156) - age   1:    6707728 bytes,    6707728 total
[2024-10-15T07:01:32.793+0000][125][trace][gc,age      ] GC(156) - age   2:     289200 bytes,    6996928 total
[2024-10-15T07:01:32.793+0000][125][trace][gc,age      ] GC(156) - age   3:     143520 bytes,    7140448 total
[2024-10-15T07:01:32.793+0000][125][trace][gc,age      ] GC(156) - age   4:     177392 bytes,    7317840 total
[2024-10-15T07:01:32.793+0000][125][trace][gc,age      ] GC(156) - age   5:    6633432 bytes,   13951272 total
[2024-10-15T07:01:32.793+0000][125][trace][gc,age      ] GC(156) - age   6:    4883680 bytes,   18834952 total
[2024-10-15T07:01:32.793+0000][125][trace][gc,age      ] GC(156) - age   7:    2740664 bytes,   21575616 total
[2024-10-15T07:01:32.793+0000][125][trace][gc,age      ] GC(156) - age   8:    4824992 bytes,   26400608 total
[2024-10-15T07:01:32.793+0000][125][trace][gc,age      ] GC(156) - age   9:    2059216 bytes,   28459824 total
[2024-10-15T07:01:32.793+0000][125][trace][gc,age      ] GC(156) - age  10:    2019424 bytes,   30479248 total
[2024-10-15T07:01:32.793+0000][125][trace][gc,age      ] GC(156) - age  11:    2104288 bytes,   32583536 total
[2024-10-15T07:01:32.793+0000][125][trace][gc,age      ] GC(156) - age  12:    2092840 bytes,   34676376 total
[2024-10-15T07:01:32.793+0000][125][trace][gc,age      ] GC(156) - age  13:    2165000 bytes,   36841376 total
[2024-10-15T07:01:32.793+0000][125][trace][gc,age      ] GC(156) - age  14:    1957776 bytes,   38799152 total
[2024-10-15T07:01:32.793+0000][125][trace][gc,age      ] GC(156) - age  15:    3202960 bytes,   42002112 total
[2024-10-15T07:01:32.793+0000][125][info ][gc,heap     ] GC(156) Eden regions: 809->0(810)
[2024-10-15T07:01:32.793+0000][125][info ][gc,heap     ] GC(156) Survivor regions: 12->11(103)
[2024-10-15T07:01:32.793+0000][125][info ][gc,heap     ] GC(156) Old regions: 51->52
[2024-10-15T07:01:32.793+0000][125][info ][gc,heap     ] GC(156) Humongous regions: 2->2
[2024-10-15T07:01:32.793+0000][125][info ][gc,metaspace] GC(156) Metaspace: 157022K(163008K)->157022K(163008K) NonClass: 136012K(139392K)->136012K(139392K) Class: 21009K(23616K)->21009K(23616K)
[2024-10-15T07:01:32.793+0000][125][info ][gc          ] GC(156) Pause Young (Normal) (G1 Evacuation Pause) 3492M->256M(5476M) 18.184ms
[2024-10-15T07:01:32.793+0000][125][info ][gc,cpu      ] GC(156) User=0.05s Sys=0.00s Real=0.02s
[2024-10-15T07:01:32.794+0000][125][info ][safepoint   ] Safepoint "G1CollectForAllocation", Time since last: 821165506 ns, Reaching safepoint: 1262819 ns, Cleanup: 8268 ns, At safepoint: 18497251 ns, Total: 19768338 ns
[2024-10-15T07:01:35.606+0000][125][info ][gc,start    ] GC(157) Pause Young (Normal) (G1 Evacuation Pause)
[2024-10-15T07:01:35.606+0000][125][info ][gc,task     ] GC(157) Using 4 workers of 4 for evacuation
[2024-10-15T07:01:35.606+0000][125][debug][gc,age      ] GC(157) Desired survivor size 216006656 bytes, new threshold 15 (max threshold 15)
[2024-10-15T07:01:35.657+0000][125][info ][gc,phases   ] GC(157)   Pre Evacuate Collection Set: 0.80ms
[2024-10-15T07:01:35.657+0000][125][info ][gc,phases   ] GC(157)   Merge Heap Roots: 0.62ms
[2024-10-15T07:01:35.657+0000][125][info ][gc,phases   ] GC(157)   Evacuate Collection Set: 46.21ms
[2024-10-15T07:01:35.657+0000][125][info ][gc,phases   ] GC(157)   Post Evacuate Collection Set: 3.46ms
[2024-10-15T07:01:35.657+0000][125][info ][gc,phases   ] GC(157)   Other: 0.14ms
[2024-10-15T07:01:35.657+0000][125][trace][gc,age      ] GC(157) Age table with threshold 15 (max threshold 15)
[2024-10-15T07:01:35.657+0000][125][trace][gc,age      ] GC(157) - age   1:    6225360 bytes,    6225360 total
[2024-10-15T07:01:35.657+0000][125][trace][gc,age      ] GC(157) - age   2:    1072368 bytes,    7297728 total
[2024-10-15T07:01:35.657+0000][125][trace][gc,age      ] GC(157) - age   3:     285888 bytes,    7583616 total
[2024-10-15T07:01:35.657+0000][125][trace][gc,age      ] GC(157) - age   4:     143392 bytes,    7727008 total
[2024-10-15T07:01:35.657+0000][125][trace][gc,age      ] GC(157) - age   5:     177040 bytes,    7904048 total
[2024-10-15T07:01:35.657+0000][125][trace][gc,age      ] GC(157) - age   6:    6633392 bytes,   14537440 total
[2024-10-15T07:01:35.657+0000][125][trace][gc,age      ] GC(157) - age   7:    4883600 bytes,   19421040 total
[2024-10-15T07:01:35.657+0000][125][trace][gc,age      ] GC(157) - age   8:    2740624 bytes,   22161664 total
[2024-10-15T07:01:35.657+0000][125][trace][gc,age      ] GC(157) - age   9:    4824952 bytes,   26986616 total
[2024-10-15T07:01:35.657+0000][125][trace][gc,age      ] GC(157) - age  10:    2059216 bytes,   29045832 total
[2024-10-15T07:01:35.657+0000][125][trace][gc,age      ] GC(157) - age  11:    2019424 bytes,   31065256 total
[2024-10-15T07:01:35.657+0000][125][trace][gc,age      ] GC(157) - age  12:    2104288 bytes,   33169544 total
[2024-10-15T07:01:35.657+0000][125][trace][gc,age      ] GC(157) - age  13:    2092840 bytes,   35262384 total
[2024-10-15T07:01:35.657+0000][125][trace][gc,age      ] GC(157) - age  14:    2165000 bytes,   37427384 total
[2024-10-15T07:01:35.657+0000][125][trace][gc,age      ] GC(157) - age  15:    1957776 bytes,   39385160 total
[2024-10-15T07:01:35.657+0000][125][info ][gc,heap     ] GC(157) Eden regions: 810->0(810)
[2024-10-15T07:01:35.657+0000][125][info ][gc,heap     ] GC(157) Survivor regions: 11->11(103)
[2024-10-15T07:01:35.657+0000][125][info ][gc,heap     ] GC(157) Old regions: 52->52
[2024-10-15T07:01:35.657+0000][125][info ][gc,heap     ] GC(157) Humongous regions: 2->2
[2024-10-15T07:01:35.657+0000][125][info ][gc,metaspace] GC(157) Metaspace: 157022K(163008K)->157022K(163008K) NonClass: 136012K(139392K)->136012K(139392K) Class: 21009K(23616K)->21009K(23616K)
[2024-10-15T07:01:35.657+0000][125][info ][gc          ] GC(157) Pause Young (Normal) (G1 Evacuation Pause) 3496M->259M(5476M) 51.697ms
[2024-10-15T07:01:35.657+0000][125][info ][gc,cpu      ] GC(157) User=0.09s Sys=0.01s Real=0.05s
[2024-10-15T07:01:35.658+0000][125][info ][safepoint   ] Safepoint "G1CollectForAllocation", Time since last: 2808467967 ns, Reaching safepoint: 3450225 ns, Cleanup: 10837 ns, At safepoint: 51946301 ns, Total: 55407363 ns
[2024-10-15T07:01:38.378+0000][125][info ][gc,start    ] GC(158) Pause Young (Normal) (G1 Evacuation Pause)
[2024-10-15T07:01:38.378+0000][125][info ][gc,task     ] GC(158) Using 4 workers of 4 for evacuation
[2024-10-15T07:01:38.378+0000][125][debug][gc,age      ] GC(158) Desired survivor size 216006656 bytes, new threshold 15 (max threshold 15)
[2024-10-15T07:01:38.397+0000][125][info ][gc,phases   ] GC(158)   Pre Evacuate Collection Set: 0.92ms
[2024-10-15T07:01:38.397+0000][125][info ][gc,phases   ] GC(158)   Merge Heap Roots: 0.51ms
[2024-10-15T07:01:38.397+0000][125][info ][gc,phases   ] GC(158)   Evacuate Collection Set: 14.71ms
[2024-10-15T07:01:38.397+0000][125][info ][gc,phases   ] GC(158)   Post Evacuate Collection Set: 2.68ms
[2024-10-15T07:01:38.397+0000][125][info ][gc,phases   ] GC(158)   Other: 0.18ms
[2024-10-15T07:01:38.397+0000][125][trace][gc,age      ] GC(158) Age table with threshold 15 (max threshold 15)
[2024-10-15T07:01:38.397+0000][125][trace][gc,age      ] GC(158) - age   1:    4958544 bytes,    4958544 total
[2024-10-15T07:01:38.397+0000][125][trace][gc,age      ] GC(158) - age   2:     258080 bytes,    5216624 total
[2024-10-15T07:01:38.397+0000][125][trace][gc,age      ] GC(158) - age   3:     872176 bytes,    6088800 total
[2024-10-15T07:01:38.397+0000][125][trace][gc,age      ] GC(158) - age   4:     232464 bytes,    6321264 total
[2024-10-15T07:01:38.397+0000][125][trace][gc,age      ] GC(158) - age   5:     143352 bytes,    6464616 total
[2024-10-15T07:01:38.397+0000][125][trace][gc,age      ] GC(158) - age   6:     177000 bytes,    6641616 total
[2024-10-15T07:01:38.397+0000][125][trace][gc,age      ] GC(158) - age   7:    6633304 bytes,   13274920 total
[2024-10-15T07:01:38.398+0000][125][trace][gc,age      ] GC(158) - age   8:    4883600 bytes,   18158520 total
[2024-10-15T07:01:38.398+0000][125][trace][gc,age      ] GC(158) - age   9:    2740624 bytes,   20899144 total
[2024-10-15T07:01:38.398+0000][125][trace][gc,age      ] GC(158) - age  10:    4824952 bytes,   25724096 total
[2024-10-15T07:01:38.398+0000][125][trace][gc,age      ] GC(158) - age  11:    2059216 bytes,   27783312 total
[2024-10-15T07:01:38.398+0000][125][trace][gc,age      ] GC(158) - age  12:    2018816 bytes,   29802128 total
[2024-10-15T07:01:38.398+0000][125][trace][gc,age      ] GC(158) - age  13:    2104288 bytes,   31906416 total
[2024-10-15T07:01:38.398+0000][125][trace][gc,age      ] GC(158) - age  14:    2089328 bytes,   33995744 total
[2024-10-15T07:01:38.398+0000][125][trace][gc,age      ] GC(158) - age  15:    2165000 bytes,   36160744 total
[2024-10-15T07:01:38.398+0000][125][info ][gc,heap     ] GC(158) Eden regions: 810->0(811)
[2024-10-15T07:01:38.398+0000][125][info ][gc,heap     ] GC(158) Survivor regions: 11->10(103)
[2024-10-15T07:01:38.398+0000][125][info ][gc,heap     ] GC(158) Old regions: 52->53
[2024-10-15T07:01:38.398+0000][125][info ][gc,heap     ] GC(158) Humongous regions: 2->2
[2024-10-15T07:01:38.398+0000][125][info ][gc,metaspace] GC(158) Metaspace: 157029K(163008K)->157029K(163008K) NonClass: 136019K(139392K)->136019K(139392K) Class: 21009K(23616K)->21009K(23616K)
[2024-10-15T07:01:38.398+0000][125][info ][gc          ] GC(158) Pause Young (Normal) (G1 Evacuation Pause) 3499M->255M(5476M) 19.283ms
[2024-10-15T07:01:38.398+0000][125][info ][gc,cpu      ] GC(158) User=0.06s Sys=0.00s Real=0.02s
[2024-10-15T07:01:38.398+0000][125][info ][safepoint   ] Safepoint "G1CollectForAllocation", Time since last: 2719128348 ns, Reaching safepoint: 1529004 ns, Cleanup: 8514 ns, At safepoint: 19418179 ns, Total: 20955697 ns
[2024-10-15T07:01:40.965+0000][125][info ][gc,start    ] GC(159) Pause Young (Normal) (G1 Evacuation Pause)
[2024-10-15T07:01:40.965+0000][125][info ][gc,task     ] GC(159) Using 4 workers of 4 for evacuation
[2024-10-15T07:01:40.965+0000][125][debug][gc,age      ] GC(159) Desired survivor size 216006656 bytes, new threshold 15 (max threshold 15)
[2024-10-15T07:01:40.985+0000][125][info ][gc,phases   ] GC(159)   Pre Evacuate Collection Set: 0.75ms
[2024-10-15T07:01:40.985+0000][125][info ][gc,phases   ] GC(159)   Merge Heap Roots: 0.67ms
[2024-10-15T07:01:40.985+0000][125][info ][gc,phases   ] GC(159)   Evacuate Collection Set: 15.61ms
[2024-10-15T07:01:40.985+0000][125][info ][gc,phases   ] GC(159)   Post Evacuate Collection Set: 2.19ms
[2024-10-15T07:01:40.985+0000][125][info ][gc,phases   ] GC(159)   Other: 0.39ms
[2024-10-15T07:01:40.985+0000][125][trace][gc,age      ] GC(159) Age table with threshold 15 (max threshold 15)
[2024-10-15T07:01:40.985+0000][125][trace][gc,age      ] GC(159) - age   1:    6967784 bytes,    6967784 total
[2024-10-15T07:01:40.985+0000][125][trace][gc,age      ] GC(159) - age   2:     311752 bytes,    7279536 total
[2024-10-15T07:01:40.985+0000][125][trace][gc,age      ] GC(159) - age   3:     196416 bytes,    7475952 total
[2024-10-15T07:01:40.985+0000][125][trace][gc,age      ] GC(159) - age   4:     844600 bytes,    8320552 total
[2024-10-15T07:01:40.985+0000][125][trace][gc,age      ] GC(159) - age   5:     205512 bytes,    8526064 total
[2024-10-15T07:01:40.985+0000][125][trace][gc,age      ] GC(159) - age   6:      89872 bytes,    8615936 total
[2024-10-15T07:01:40.985+0000][125][trace][gc,age      ] GC(159) - age   7:     176920 bytes,    8792856 total
[2024-10-15T07:01:40.985+0000][125][trace][gc,age      ] GC(159) - age   8:    6633304 bytes,   15426160 total
[2024-10-15T07:01:40.985+0000][125][trace][gc,age      ] GC(159) - age   9:    4883600 bytes,   20309760 total
[2024-10-15T07:01:40.985+0000][125][trace][gc,age      ] GC(159) - age  10:    2740624 bytes,   23050384 total
[2024-10-15T07:01:40.985+0000][125][trace][gc,age      ] GC(159) - age  11:    4824952 bytes,   27875336 total
[2024-10-15T07:01:40.985+0000][125][trace][gc,age      ] GC(159) - age  12:    2059216 bytes,   29934552 total
[2024-10-15T07:01:40.985+0000][125][trace][gc,age      ] GC(159) - age  13:    2018816 bytes,   31953368 total
[2024-10-15T07:01:40.985+0000][125][trace][gc,age      ] GC(159) - age  14:    2104288 bytes,   34057656 total
[2024-10-15T07:01:40.985+0000][125][trace][gc,age      ] GC(159) - age  15:    2089328 bytes,   36146984 total
[2024-10-15T07:01:40.985+0000][125][info ][gc,heap     ] GC(159) Eden regions: 811->0(811)
[2024-10-15T07:01:40.985+0000][125][info ][gc,heap     ] GC(159) Survivor regions: 10->10(103)
[2024-10-15T07:01:40.985+0000][125][info ][gc,heap     ] GC(159) Old regions: 53->53
[2024-10-15T07:01:40.985+0000][125][info ][gc,heap     ] GC(159) Humongous regions: 2->2
[2024-10-15T07:01:40.985+0000][125][info ][gc,metaspace] GC(159) Metaspace: 157029K(163008K)->157029K(163008K) NonClass: 136019K(139392K)->136019K(139392K) Class: 21009K(23616K)->21009K(23616K)
[2024-10-15T07:01:40.985+0000][125][info ][gc          ] GC(159) Pause Young (Normal) (G1 Evacuation Pause) 3499M->256M(5476M) 20.166ms
[2024-10-15T07:01:40.986+0000][125][info ][gc,cpu      ] GC(159) User=0.05s Sys=0.00s Real=0.02s
[2024-10-15T07:01:40.987+0000][125][info ][safepoint   ] Safepoint "G1CollectForAllocation", Time since last: 2566650031 ns, Reaching safepoint: 932077 ns, Cleanup: 7158 ns, At safepoint: 21313131 ns, Total: 22252366 ns
[2024-10-15T07:01:43.551+0000][125][info ][gc,start    ] GC(160) Pause Young (Normal) (G1 Evacuation Pause)
[2024-10-15T07:01:43.551+0000][125][info ][gc,task     ] GC(160) Using 4 workers of 4 for evacuation
[2024-10-15T07:01:43.551+0000][125][debug][gc,age      ] GC(160) Desired survivor size 216006656 bytes, new threshold 15 (max threshold 15)
[2024-10-15T07:01:43.589+0000][125][info ][gc,phases   ] GC(160)   Pre Evacuate Collection Set: 1.11ms
[2024-10-15T07:01:43.589+0000][125][info ][gc,phases   ] GC(160)   Merge Heap Roots: 0.59ms
[2024-10-15T07:01:43.589+0000][125][info ][gc,phases   ] GC(160)   Evacuate Collection Set: 32.67ms
[2024-10-15T07:01:43.589+0000][125][info ][gc,phases   ] GC(160)   Post Evacuate Collection Set: 3.48ms
[2024-10-15T07:01:43.589+0000][125][info ][gc,phases   ] GC(160)   Other: 0.23ms
[2024-10-15T07:01:43.589+0000][125][trace][gc,age      ] GC(160) Age table with threshold 15 (max threshold 15)
[2024-10-15T07:01:43.589+0000][125][trace][gc,age      ] GC(160) - age   1:    7997664 bytes,    7997664 total
[2024-10-15T07:01:43.589+0000][125][trace][gc,age      ] GC(160) - age   2:     232792 bytes,    8230456 total
[2024-10-15T07:01:43.589+0000][125][trace][gc,age      ] GC(160) - age   3:     298096 bytes,    8528552 total
[2024-10-15T07:01:43.589+0000][125][trace][gc,age      ] GC(160) - age   4:      30152 bytes,    8558704 total
[2024-10-15T07:01:43.589+0000][125][trace][gc,age      ] GC(160) - age   5:     555976 bytes,    9114680 total
[2024-10-15T07:01:43.589+0000][125][trace][gc,age      ] GC(160) - age   6:     204984 bytes,    9319664 total
[2024-10-15T07:01:43.589+0000][125][trace][gc,age      ] GC(160) - age   7:      89872 bytes,    9409536 total
[2024-10-15T07:01:43.589+0000][125][trace][gc,age      ] GC(160) - age   8:     176920 bytes,    9586456 total
[2024-10-15T07:01:43.589+0000][125][trace][gc,age      ] GC(160) - age   9:    6633304 bytes,   16219760 total
[2024-10-15T07:01:43.589+0000][125][trace][gc,age      ] GC(160) - age  10:    4883600 bytes,   21103360 total
[2024-10-15T07:01:43.589+0000][125][trace][gc,age      ] GC(160) - age  11:    2740624 bytes,   23843984 total
[2024-10-15T07:01:43.589+0000][125][trace][gc,age      ] GC(160) - age  12:    4824912 bytes,   28668896 total
[2024-10-15T07:01:43.589+0000][125][trace][gc,age      ] GC(160) - age  13:    2059216 bytes,   30728112 total
[2024-10-15T07:01:43.589+0000][125][trace][gc,age      ] GC(160) - age  14:    2018816 bytes,   32746928 total
[2024-10-15T07:01:43.589+0000][125][trace][gc,age      ] GC(160) - age  15:    2104288 bytes,   34851216 total
[2024-10-15T07:01:43.589+0000][125][info ][gc,heap     ] GC(160) Eden regions: 811->0(812)
[2024-10-15T07:01:43.589+0000][125][info ][gc,heap     ] GC(160) Survivor regions: 10->9(103)
[2024-10-15T07:01:43.589+0000][125][info ][gc,heap     ] GC(160) Old regions: 53->54
[2024-10-15T07:01:43.589+0000][125][info ][gc,heap     ] GC(160) Humongous regions: 2->2
[2024-10-15T07:01:43.589+0000][125][info ][gc,metaspace] GC(160) Metaspace: 157029K(163008K)->157029K(163008K) NonClass: 136019K(139392K)->136019K(139392K) Class: 21009K(23616K)->21009K(23616K)
[2024-10-15T07:01:43.589+0000][125][info ][gc          ] GC(160) Pause Young (Normal) (G1 Evacuation Pause) 3500M->256M(5476M) 38.475ms
[2024-10-15T07:01:43.589+0000][125][info ][gc,cpu      ] GC(160) User=0.11s Sys=0.01s Real=0.03s
[2024-10-15T07:01:43.589+0000][125][info ][safepoint   ] Safepoint "G1CollectForAllocation", Time since last: 2559279244 ns, Reaching safepoint: 4619755 ns, Cleanup: 9241 ns, At safepoint: 38666942 ns, Total: 43295938 ns
[2024-10-15T07:01:44.675+0000][125][info ][safepoint   ] Safepoint "Cleanup", Time since last: 1065073101 ns, Reaching safepoint: 1084100 ns, Cleanup: 85505 ns, At safepoint: 19938782 ns, Total: 21108387 ns
[2024-10-15T07:01:46.218+0000][125][info ][safepoint   ] Safepoint "Cleanup", Time since last: 1540076456 ns, Reaching safepoint: 2649671 ns, Cleanup: 17400 ns, At safepoint: 129693 ns, Total: 2796764 ns
[2024-10-15T07:01:46.851+0000][125][info ][gc,start    ] GC(161) Pause Young (Normal) (G1 Evacuation Pause)
[2024-10-15T07:01:46.851+0000][125][info ][gc,task     ] GC(161) Using 4 workers of 4 for evacuation
[2024-10-15T07:01:46.851+0000][125][debug][gc,age      ] GC(161) Desired survivor size 216006656 bytes, new threshold 15 (max threshold 15)
[2024-10-15T07:01:46.870+0000][125][info ][gc,phases   ] GC(161)   Pre Evacuate Collection Set: 3.05ms
[2024-10-15T07:01:46.871+0000][125][info ][gc,phases   ] GC(161)   Merge Heap Roots: 0.41ms
[2024-10-15T07:01:46.871+0000][125][info ][gc,phases   ] GC(161)   Evacuate Collection Set: 13.30ms
[2024-10-15T07:01:46.871+0000][125][info ][gc,phases   ] GC(161)   Post Evacuate Collection Set: 2.48ms
[2024-10-15T07:01:46.871+0000][125][info ][gc,phases   ] GC(161)   Other: 0.23ms
[2024-10-15T07:01:46.871+0000][125][trace][gc,age      ] GC(161) Age table with threshold 15 (max threshold 15)
[2024-10-15T07:01:46.871+0000][125][trace][gc,age      ] GC(161) - age   1:    5507584 bytes,    5507584 total
[2024-10-15T07:01:46.871+0000][125][trace][gc,age      ] GC(161) - age   2:      37088 bytes,    5544672 total
[2024-10-15T07:01:46.871+0000][125][trace][gc,age      ] GC(161) - age   3:     116760 bytes,    5661432 total
[2024-10-15T07:01:46.871+0000][125][trace][gc,age      ] GC(161) - age   4:     239392 bytes,    5900824 total
[2024-10-15T07:01:46.871+0000][125][trace][gc,age      ] GC(161) - age   5:      30112 bytes,    5930936 total
[2024-10-15T07:01:46.871+0000][125][trace][gc,age      ] GC(161) - age   6:     314960 bytes,    6245896 total
[2024-10-15T07:01:46.871+0000][125][trace][gc,age      ] GC(161) - age   7:      47064 bytes,    6292960 total
[2024-10-15T07:01:46.871+0000][125][trace][gc,age      ] GC(161) - age   8:      61088 bytes,    6354048 total
[2024-10-15T07:01:46.871+0000][125][trace][gc,age      ] GC(161) - age   9:     176144 bytes,    6530192 total
[2024-10-15T07:01:46.871+0000][125][trace][gc,age      ] GC(161) - age  10:    6633264 bytes,   13163456 total
[2024-10-15T07:01:46.871+0000][125][trace][gc,age      ] GC(161) - age  11:    4883600 bytes,   18047056 total
[2024-10-15T07:01:46.871+0000][125][trace][gc,age      ] GC(161) - age  12:    2740504 bytes,   20787560 total
[2024-10-15T07:01:46.871+0000][125][trace][gc,age      ] GC(161) - age  13:    4824872 bytes,   25612432 total
[2024-10-15T07:01:46.871+0000][125][trace][gc,age      ] GC(161) - age  14:    2059216 bytes,   27671648 total
[2024-10-15T07:01:46.871+0000][125][trace][gc,age      ] GC(161) - age  15:    2018816 bytes,   29690464 total
[2024-10-15T07:01:46.871+0000][125][info ][gc,heap     ] GC(161) Eden regions: 812->0(813)
[2024-10-15T07:01:46.871+0000][125][info ][gc,heap     ] GC(161) Survivor regions: 9->8(103)
[2024-10-15T07:01:46.871+0000][125][info ][gc,heap     ] GC(161) Old regions: 54->54
[2024-10-15T07:01:46.871+0000][125][info ][gc,heap     ] GC(161) Humongous regions: 2->2
[2024-10-15T07:01:46.871+0000][125][info ][gc,metaspace] GC(161) Metaspace: 157029K(163008K)->157029K(163008K) NonClass: 136019K(139392K)->136019K(139392K) Class: 21009K(23616K)->21009K(23616K)
[2024-10-15T07:01:46.871+0000][125][info ][gc          ] GC(161) Pause Young (Normal) (G1 Evacuation Pause) 3504M->255M(5476M) 19.886ms
[2024-10-15T07:01:46.871+0000][125][info ][gc,cpu      ] GC(161) User=0.05s Sys=0.00s Real=0.02s
[2024-10-15T07:01:46.871+0000][125][info ][safepoint   ] Safepoint "G1CollectForAllocation", Time since last: 630944658 ns, Reaching safepoint: 1527537 ns, Cleanup: 22891 ns, At safepoint: 20100645 ns, Total: 21651073 ns
[2024-10-15T07:01:47.906+0000][125][info ][safepoint   ] Safepoint "Cleanup", Time since last: 1034987191 ns, Reaching safepoint: 511888 ns, Cleanup: 14087 ns, At safepoint: 104610 ns, Total: 630585 ns
[2024-10-15T07:01:49.213+0000][125][info ][safepoint   ] Safepoint "Cleanup", Time since last: 1306938885 ns, Reaching safepoint: 37304 ns, Cleanup: 24655 ns, At safepoint: 20766 ns, Total: 82725 ns
[2024-10-15T07:01:52.696+0000][125][info ][safepoint   ] Safepoint "Cleanup", Time since last: 3482134566 ns, Reaching safepoint: 68636 ns, Cleanup: 13173 ns, At safepoint: 14002 ns, Total: 95811 ns
[2024-10-15T07:01:53.697+0000][125][info ][safepoint   ] Safepoint "Cleanup", Time since last: 1000646024 ns, Reaching safepoint: 26800 ns, Cleanup: 12786 ns, At safepoint: 12993 ns, Total: 52579 ns
[2024-10-15T07:01:58.702+0000][125][info ][safepoint   ] Safepoint "Cleanup", Time since last: 5005001575 ns, Reaching safepoint: 41251 ns, Cleanup: 13802 ns, At safepoint: 8597 ns, Total: 63650 ns
[2024-10-15T07:02:01.179+0000][125][info ][safepoint   ] Safepoint "Cleanup", Time since last: 2476916594 ns, Reaching safepoint: 8295 ns, Cleanup: 8287 ns, At safepoint: 5523 ns, Total: 22105 ns
[2024-10-15T07:02:26.217+0000][125][info ][safepoint   ] Safepoint "Cleanup", Time since last: 25036998739 ns, Reaching safepoint: 17579 ns, Cleanup: 12409 ns, At safepoint: 9205 ns, Total: 39193 ns
[2024-10-15T07:02:39.230+0000][125][info ][safepoint   ] Safepoint "Cleanup", Time since last: 13013027348 ns, Reaching safepoint: 57155 ns, Cleanup: 15340 ns, At safepoint: 14733 ns, Total: 87228 ns
[2024-10-15T07:02:51.848+0000][125][info ][safepoint   ] Safepoint "Cleanup", Time since last: 12617822306 ns, Reaching safepoint: 26253 ns, Cleanup: 28093 ns, At safepoint: 52065 ns, Total: 106411 ns
[2024-10-15T07:03:13.396+0000][125][info ][safepoint   ] Safepoint "Cleanup", Time since last: 21546894189 ns, Reaching safepoint: 16191 ns, Cleanup: 15995 ns, At safepoint: 9716 ns, Total: 41902 ns
[2024-10-15T07:03:20.251+0000][125][info ][safepoint   ] Safepoint "Cleanup", Time since last: 6854676891 ns, Reaching safepoint: 10542 ns, Cleanup: 11167 ns, At safepoint: 9472 ns, Total: 31181 ns
[2024-10-15T07:03:41.279+0000][125][info ][safepoint   ] Safepoint "Cleanup", Time since last: 21027288284 ns, Reaching safepoint: 23791 ns, Cleanup: 14152 ns, At safepoint: 11476 ns, Total: 49419 ns
[2024-10-15T07:03:43.740+0000][125][info ][safepoint   ] Safepoint "Cleanup", Time since last: 2461226914 ns, Reaching safepoint: 14404 ns, Cleanup: 12535 ns, At safepoint: 9945 ns, Total: 36884 ns
[2024-10-15T07:03:46.370+0000][125][info ][safepoint   ] Safepoint "Cleanup", Time since last: 2630070067 ns, Reaching safepoint: 7265 ns, Cleanup: 5320 ns, At safepoint: 5290 ns, Total: 17875 ns
[2024-10-15T07:03:47.379+0000][125][info ][safepoint   ] Safepoint "Cleanup", Time since last: 1008544942 ns, Reaching safepoint: 16867 ns, Cleanup: 17721 ns, At safepoint: 8874 ns, Total: 43462 ns
[2024-10-15T07:04:03.933+0000][125][info ][safepoint   ] Safepoint "Cleanup", Time since last: 16552916474 ns, Reaching safepoint: 8805 ns, Cleanup: 7587 ns, At safepoint: 6020 ns, Total: 22412 ns
[2024-10-15T07:04:50.554+0000][125][info ][safepoint   ] Safepoint "Cleanup", Time since last: 46620505624 ns, Reaching safepoint: 6829 ns, Cleanup: 6451 ns, At safepoint: 4765 ns, Total: 18045 ns
[2024-10-15T07:04:51.613+0000][125][info ][safepoint   ] Safepoint "Cleanup", Time since last: 1059102004 ns, Reaching safepoint: 21656 ns, Cleanup: 54066 ns, At safepoint: 13322 ns, Total: 89044 ns
[2024-10-15T07:04:52.627+0000][125][info ][safepoint   ] Safepoint "Cleanup", Time since last: 1013120390 ns, Reaching safepoint: 64651 ns, Cleanup: 37214 ns, At safepoint: 44317 ns, Total: 146182 ns
[2024-10-15T07:05:07.996+0000][125][info ][safepoint   ] Safepoint "Cleanup", Time since last: 15369166029 ns, Reaching safepoint: 7453 ns, Cleanup: 7233 ns, At safepoint: 5551 ns, Total: 20237 ns
[2024-10-15T07:05:09.006+0000][125][info ][safepoint   ] Safepoint "Cleanup", Time since last: 1009860878 ns, Reaching safepoint: 18123 ns, Cleanup: 10664 ns, At safepoint: 9880 ns, Total: 38667 ns
[2024-10-15T07:05:22.084+0000][125][info ][safepoint   ] Safepoint "Cleanup", Time since last: 13077767725 ns, Reaching safepoint: 54600 ns, Cleanup: 57108 ns, At safepoint: 28759 ns, Total: 140467 ns
[2024-10-15T07:05:25.911+0000][125][info ][safepoint   ] Safepoint "Cleanup", Time since last: 3827615764 ns, Reaching safepoint: 71863 ns, Cleanup: 26967 ns, At safepoint: 126440 ns, Total: 225270 ns
[2024-10-15T07:05:44.116+0000][125][info ][safepoint   ] Safepoint "Cleanup", Time since last: 18205231252 ns, Reaching safepoint: 17357 ns, Cleanup: 10668 ns, At safepoint: 9276 ns, Total: 37301 ns
[2024-10-15T07:05:52.223+0000][125][info ][safepoint   ] Safepoint "Cleanup", Time since last: 8106740227 ns, Reaching safepoint: 67354 ns, Cleanup: 17659 ns, At safepoint: 17047 ns, Total: 102060 ns
[2024-10-15T07:06:10.504+0000][125][info ][safepoint   ] Safepoint "Cleanup", Time since last: 18278473516 ns, Reaching safepoint: 23900 ns, Cleanup: 18508 ns, At safepoint: 15172 ns, Total: 57580 ns
[2024-10-15T07:06:46.144+0000][125][info ][safepoint   ] Safepoint "Cleanup", Time since last: 35638028154 ns, Reaching safepoint: 10038 ns, Cleanup: 7523 ns, At safepoint: 6852 ns, Total: 24413 ns
[2024-10-15T07:06:55.655+0000][125][info ][safepoint   ] Safepoint "Cleanup", Time since last: 9509764721 ns, Reaching safepoint: 23974 ns, Cleanup: 17830 ns, At safepoint: 15732 ns, Total: 57536 ns
[2024-10-15T07:07:08.747+0000][125][info ][safepoint   ] Safepoint "Cleanup", Time since last: 13092544077 ns, Reaching safepoint: 41280 ns, Cleanup: 13484 ns, At safepoint: 10488 ns, Total: 65252 ns
[2024-10-15T07:07:10.237+0000][125][info ][safepoint   ] Safepoint "Cleanup", Time since last: 1489211358 ns, Reaching safepoint: 12265 ns, Cleanup: 9000 ns, At safepoint: 7156 ns, Total: 28421 ns
[2024-10-15T07:07:11.684+0000][125][info ][safepoint   ] Safepoint "Cleanup", Time since last: 1446922302 ns, Reaching safepoint: 16365 ns, Cleanup: 10418 ns, At safepoint: 8949 ns, Total: 35732 ns
[2024-10-15T07:07:22.695+0000][125][info ][safepoint   ] Safepoint "Cleanup", Time since last: 11011274504 ns, Reaching safepoint: 72539 ns, Cleanup: 38235 ns, At safepoint: 82840 ns, Total: 193614 ns
[2024-10-15T07:07:46.212+0000][125][info ][safepoint   ] Safepoint "Cleanup", Time since last: 23516480810 ns, Reaching safepoint: 8208 ns, Cleanup: 6770 ns, At safepoint: 5004 ns, Total: 19982 ns
[2024-10-15T07:07:52.850+0000][125][info ][safepoint   ] Safepoint "Cleanup", Time since last: 6637990760 ns, Reaching safepoint: 153727 ns, Cleanup: 120685 ns, At safepoint: 90194 ns, Total: 364606 ns
[2024-10-15T07:08:08.914+0000][125][info ][safepoint   ] Safepoint "Cleanup", Time since last: 16062607833 ns, Reaching safepoint: 27591 ns, Cleanup: 14855 ns, At safepoint: 51029 ns, Total: 93475 ns
[2024-10-15T07:08:49.219+0000][125][info ][safepoint   ] Safepoint "Cleanup", Time since last: 40326988683 ns, Reaching safepoint: 8013 ns, Cleanup: 9164 ns, At safepoint: 6692 ns, Total: 23869 ns
[2024-10-15T07:08:52.976+0000][125][info ][safepoint   ] Safepoint "Cleanup", Time since last: 3755940572 ns, Reaching safepoint: 933625 ns, Cleanup: 42575 ns, At safepoint: 109372 ns, Total: 1085572 ns
[2024-10-15T07:09:00.269+0000][125][info ][safepoint   ] Safepoint "Cleanup", Time since last: 7291162828 ns, Reaching safepoint: 19743 ns, Cleanup: 62456 ns, At safepoint: 14569 ns, Total: 96768 ns
[2024-10-15T07:09:02.006+0000][125][info ][safepoint   ] Safepoint "Cleanup", Time since last: 1736687567 ns, Reaching safepoint: 20552 ns, Cleanup: 18807 ns, At safepoint: 11311 ns, Total: 50670 ns
[2024-10-15T07:09:04.007+0000][125][info ][safepoint   ] Safepoint "Cleanup", Time since last: 2001810316 ns, Reaching safepoint: 18035 ns, Cleanup: 10668 ns, At safepoint: 10614 ns, Total: 39317 ns
[2024-10-15T07:09:52.249+0000][125][info ][safepoint   ] Safepoint "Cleanup", Time since last: 48242902254 ns, Reaching safepoint: 20650 ns, Cleanup: 13395 ns, At safepoint: 11481 ns, Total: 45526 ns
[2024-10-15T07:10:04.140+0000][125][info ][safepoint   ] Safepoint "Cleanup", Time since last: 11889894339 ns, Reaching safepoint: 19725 ns, Cleanup: 11536 ns, At safepoint: 10653 ns, Total: 41914 ns
[2024-10-15T07:10:50.837+0000][125][info ][safepoint   ] Safepoint "Cleanup", Time since last: 46701036347 ns, Reaching safepoint: 18656 ns, Cleanup: 11597 ns, At safepoint: 9664 ns, Total: 39917 ns
[2024-10-15T07:10:52.881+0000][125][info ][safepoint   ] Safepoint "Cleanup", Time since last: 2044056964 ns, Reaching safepoint: 24581 ns, Cleanup: 16208 ns, At safepoint: 12190 ns, Total: 52979 ns
[2024-10-15T07:11:04.159+0000][125][info ][safepoint   ] Safepoint "Cleanup", Time since last: 11271869247 ns, Reaching safepoint: 37372 ns, Cleanup: 63798 ns, At safepoint: 19252 ns, Total: 120422 ns
[2024-10-15T07:11:10.165+0000][125][info ][safepoint   ] Safepoint "Cleanup", Time since last: 6006002167 ns, Reaching safepoint: 44299 ns, Cleanup: 13354 ns, At safepoint: 12104 ns, Total: 69757 ns
[2024-10-15T07:11:19.174+0000][125][info ][safepoint   ] Safepoint "Cleanup", Time since last: 9008833503 ns, Reaching safepoint: 20022 ns, Cleanup: 23422 ns, At safepoint: 10904 ns, Total: 54348 ns
[2024-10-15T07:11:23.290+0000][125][info ][safepoint   ] Safepoint "Cleanup", Time since last: 4116122281 ns, Reaching safepoint: 23622 ns, Cleanup: 17892 ns, At safepoint: 15478 ns, Total: 56992 ns
[2024-10-15T07:11:30.353+0000][125][info ][safepoint   ] Safepoint "Cleanup", Time since last: 7063055011 ns, Reaching safepoint: 34746 ns, Cleanup: 22768 ns, At safepoint: 17071 ns, Total: 74585 ns
[2024-10-15T07:11:37.361+0000][125][info ][gc,start    ] GC(162) Pause Young (Normal) (G1 Evacuation Pause)
[2024-10-15T07:11:37.361+0000][125][info ][gc,task     ] GC(162) Using 4 workers of 4 for evacuation
[2024-10-15T07:11:37.361+0000][125][debug][gc,age      ] GC(162) Desired survivor size 216006656 bytes, new threshold 15 (max threshold 15)
[2024-10-15T07:11:37.385+0000][125][info ][gc,phases   ] GC(162)   Pre Evacuate Collection Set: 0.75ms
[2024-10-15T07:11:37.385+0000][125][info ][gc,phases   ] GC(162)   Merge Heap Roots: 0.43ms
[2024-10-15T07:11:37.385+0000][125][info ][gc,phases   ] GC(162)   Evacuate Collection Set: 18.90ms
[2024-10-15T07:11:37.385+0000][125][info ][gc,phases   ] GC(162)   Post Evacuate Collection Set: 3.63ms
[2024-10-15T07:11:37.385+0000][125][info ][gc,phases   ] GC(162)   Other: 0.19ms
[2024-10-15T07:11:37.385+0000][125][trace][gc,age      ] GC(162) Age table with threshold 15 (max threshold 15)
[2024-10-15T07:11:37.385+0000][125][trace][gc,age      ] GC(162) - age   1:    6731800 bytes,    6731800 total
[2024-10-15T07:11:37.385+0000][125][trace][gc,age      ] GC(162) - age   2:     200240 bytes,    6932040 total
[2024-10-15T07:11:37.385+0000][125][trace][gc,age      ] GC(162) - age   3:       1456 bytes,    6933496 total
[2024-10-15T07:11:37.385+0000][125][trace][gc,age      ] GC(162) - age   4:       1568 bytes,    6935064 total
[2024-10-15T07:11:37.385+0000][125][trace][gc,age      ] GC(162) - age   5:       6224 bytes,    6941288 total
[2024-10-15T07:11:37.385+0000][125][trace][gc,age      ] GC(162) - age   6:       2648 bytes,    6943936 total
[2024-10-15T07:11:37.385+0000][125][trace][gc,age      ] GC(162) - age   7:     209208 bytes,    7153144 total
[2024-10-15T07:11:37.385+0000][125][trace][gc,age      ] GC(162) - age   8:      13656 bytes,    7166800 total
[2024-10-15T07:11:37.385+0000][125][trace][gc,age      ] GC(162) - age   9:       6672 bytes,    7173472 total
[2024-10-15T07:11:37.385+0000][125][trace][gc,age      ] GC(162) - age  10:      26480 bytes,    7199952 total
[2024-10-15T07:11:37.385+0000][125][trace][gc,age      ] GC(162) - age  11:    6620056 bytes,   13820008 total
[2024-10-15T07:11:37.385+0000][125][trace][gc,age      ] GC(162) - age  12:    4883440 bytes,   18703448 total
[2024-10-15T07:11:37.385+0000][125][trace][gc,age      ] GC(162) - age  13:    2740384 bytes,   21443832 total
[2024-10-15T07:11:37.385+0000][125][trace][gc,age      ] GC(162) - age  14:    4824632 bytes,   26268464 total
[2024-10-15T07:11:37.385+0000][125][trace][gc,age      ] GC(162) - age  15:    2059096 bytes,   28327560 total
[2024-10-15T07:11:37.385+0000][125][info ][gc,heap     ] GC(162) Eden regions: 813->0(813)
[2024-10-15T07:11:37.385+0000][125][info ][gc,heap     ] GC(162) Survivor regions: 8->8(103)
[2024-10-15T07:11:37.385+0000][125][info ][gc,heap     ] GC(162) Old regions: 54->55
[2024-10-15T07:11:37.385+0000][125][info ][gc,heap     ] GC(162) Humongous regions: 2->2
[2024-10-15T07:11:37.385+0000][125][info ][gc,metaspace] GC(162) Metaspace: 157164K(163008K)->157164K(163008K) NonClass: 136150K(139392K)->136150K(139392K) Class: 21013K(23616K)->21013K(23616K)
[2024-10-15T07:11:37.385+0000][125][info ][gc          ] GC(162) Pause Young (Normal) (G1 Evacuation Pause) 3507M->254M(5476M) 24.210ms
[2024-10-15T07:11:37.385+0000][125][info ][gc,cpu      ] GC(162) User=0.09s Sys=0.00s Real=0.03s
[2024-10-15T07:11:37.388+0000][125][info ][safepoint   ] Safepoint "G1CollectForAllocation", Time since last: 7006859946 ns, Reaching safepoint: 700883 ns, Cleanup: 44860 ns, At safepoint: 26497757 ns, Total: 27243500 ns
[2024-10-15T07:11:38.667+0000][125][info ][gc,start    ] GC(163) Pause Young (Normal) (G1 Evacuation Pause)
[2024-10-15T07:11:38.667+0000][125][info ][gc,task     ] GC(163) Using 4 workers of 4 for evacuation
[2024-10-15T07:11:38.667+0000][125][debug][gc,age      ] GC(163) Desired survivor size 216006656 bytes, new threshold 15 (max threshold 15)
[2024-10-15T07:11:38.681+0000][125][info ][gc,phases   ] GC(163)   Pre Evacuate Collection Set: 0.59ms
[2024-10-15T07:11:38.681+0000][125][info ][gc,phases   ] GC(163)   Merge Heap Roots: 0.45ms
[2024-10-15T07:11:38.681+0000][125][info ][gc,phases   ] GC(163)   Evacuate Collection Set: 10.38ms
[2024-10-15T07:11:38.681+0000][125][info ][gc,phases   ] GC(163)   Post Evacuate Collection Set: 1.97ms
[2024-10-15T07:11:38.681+0000][125][info ][gc,phases   ] GC(163)   Other: 0.12ms
[2024-10-15T07:11:38.681+0000][125][trace][gc,age      ] GC(163) Age table with threshold 15 (max threshold 15)
[2024-10-15T07:11:38.681+0000][125][trace][gc,age      ] GC(163) - age   1:    7538536 bytes,    7538536 total
[2024-10-15T07:11:38.681+0000][125][trace][gc,age      ] GC(163) - age   2:    1943856 bytes,    9482392 total
[2024-10-15T07:11:38.681+0000][125][trace][gc,age      ] GC(163) - age   3:     199992 bytes,    9682384 total
[2024-10-15T07:11:38.681+0000][125][trace][gc,age      ] GC(163) - age   4:       1456 bytes,    9683840 total
[2024-10-15T07:11:38.681+0000][125][trace][gc,age      ] GC(163) - age   5:       1448 bytes,    9685288 total
[2024-10-15T07:11:38.681+0000][125][trace][gc,age      ] GC(163) - age   6:       6144 bytes,    9691432 total
[2024-10-15T07:11:38.681+0000][125][trace][gc,age      ] GC(163) - age   7:       2528 bytes,    9693960 total
[2024-10-15T07:11:38.681+0000][125][trace][gc,age      ] GC(163) - age   8:     209008 bytes,    9902968 total
[2024-10-15T07:11:38.681+0000][125][trace][gc,age      ] GC(163) - age   9:      13616 bytes,    9916584 total
[2024-10-15T07:11:38.681+0000][125][trace][gc,age      ] GC(163) - age  10:       6672 bytes,    9923256 total
[2024-10-15T07:11:38.681+0000][125][trace][gc,age      ] GC(163) - age  11:      26440 bytes,    9949696 total
[2024-10-15T07:11:38.681+0000][125][trace][gc,age      ] GC(163) - age  12:    6620056 bytes,   16569752 total
[2024-10-15T07:11:38.681+0000][125][trace][gc,age      ] GC(163) - age  13:    4883440 bytes,   21453192 total
[2024-10-15T07:11:38.681+0000][125][trace][gc,age      ] GC(163) - age  14:    2740384 bytes,   24193576 total
[2024-10-15T07:11:38.681+0000][125][trace][gc,age      ] GC(163) - age  15:    4824632 bytes,   29018208 total
[2024-10-15T07:11:38.681+0000][125][info ][gc,heap     ] GC(163) Eden regions: 813->0(813)
[2024-10-15T07:11:38.681+0000][125][info ][gc,heap     ] GC(163) Survivor regions: 8->8(103)
[2024-10-15T07:11:38.681+0000][125][info ][gc,heap     ] GC(163) Old regions: 55->55
[2024-10-15T07:11:38.681+0000][125][info ][gc,heap     ] GC(163) Humongous regions: 2->2
[2024-10-15T07:11:38.681+0000][125][info ][gc,metaspace] GC(163) Metaspace: 157164K(163008K)->157164K(163008K) NonClass: 136150K(139392K)->136150K(139392K) Class: 21013K(23616K)->21013K(23616K)
[2024-10-15T07:11:38.681+0000][125][info ][gc          ] GC(163) Pause Young (Normal) (G1 Evacuation Pause) 3506M->258M(5476M) 13.833ms
[2024-10-15T07:11:38.681+0000][125][info ][gc,cpu      ] GC(163) User=0.03s Sys=0.00s Real=0.01s
[2024-10-15T07:11:38.681+0000][125][info ][safepoint   ] Safepoint "G1CollectForAllocation", Time since last: 1278715741 ns, Reaching safepoint: 773657 ns, Cleanup: 22849 ns, At safepoint: 14071067 ns, Total: 14867573 ns
[2024-10-15T07:11:39.708+0000][125][info ][gc,start    ] GC(164) Pause Young (Normal) (G1 Evacuation Pause)
[2024-10-15T07:11:39.709+0000][125][info ][gc,task     ] GC(164) Using 4 workers of 4 for evacuation
[2024-10-15T07:11:39.709+0000][125][debug][gc,age      ] GC(164) Desired survivor size 216006656 bytes, new threshold 15 (max threshold 15)
[2024-10-15T07:11:39.723+0000][125][info ][gc,phases   ] GC(164)   Pre Evacuate Collection Set: 0.53ms
[2024-10-15T07:11:39.723+0000][125][info ][gc,phases   ] GC(164)   Merge Heap Roots: 0.27ms
[2024-10-15T07:11:39.723+0000][125][info ][gc,phases   ] GC(164)   Evacuate Collection Set: 10.37ms
[2024-10-15T07:11:39.723+0000][125][info ][gc,phases   ] GC(164)   Post Evacuate Collection Set: 2.94ms
[2024-10-15T07:11:39.723+0000][125][info ][gc,phases   ] GC(164)   Other: 0.22ms
[2024-10-15T07:11:39.723+0000][125][trace][gc,age      ] GC(164) Age table with threshold 15 (max threshold 15)
[2024-10-15T07:11:39.723+0000][125][trace][gc,age      ] GC(164) - age   1:    6949248 bytes,    6949248 total
[2024-10-15T07:11:39.723+0000][125][trace][gc,age      ] GC(164) - age   2:     118184 bytes,    7067432 total
[2024-10-15T07:11:39.723+0000][125][trace][gc,age      ] GC(164) - age   3:    1938744 bytes,    9006176 total
[2024-10-15T07:11:39.723+0000][125][trace][gc,age      ] GC(164) - age   4:     199992 bytes,    9206168 total
[2024-10-15T07:11:39.723+0000][125][trace][gc,age      ] GC(164) - age   5:       1456 bytes,    9207624 total
[2024-10-15T07:11:39.723+0000][125][trace][gc,age      ] GC(164) - age   6:       1408 bytes,    9209032 total
[2024-10-15T07:11:39.723+0000][125][trace][gc,age      ] GC(164) - age   7:       6104 bytes,    9215136 total
[2024-10-15T07:11:39.723+0000][125][trace][gc,age      ] GC(164) - age   8:       2328 bytes,    9217464 total
[2024-10-15T07:11:39.723+0000][125][trace][gc,age      ] GC(164) - age   9:     208968 bytes,    9426432 total
[2024-10-15T07:11:39.723+0000][125][trace][gc,age      ] GC(164) - age  10:      13616 bytes,    9440048 total
[2024-10-15T07:11:39.723+0000][125][trace][gc,age      ] GC(164) - age  11:       6672 bytes,    9446720 total
[2024-10-15T07:11:39.723+0000][125][trace][gc,age      ] GC(164) - age  12:      26440 bytes,    9473160 total
[2024-10-15T07:11:39.723+0000][125][trace][gc,age      ] GC(164) - age  13:    6620056 bytes,   16093216 total
[2024-10-15T07:11:39.723+0000][125][trace][gc,age      ] GC(164) - age  14:    4883440 bytes,   20976656 total
[2024-10-15T07:11:39.723+0000][125][trace][gc,age      ] GC(164) - age  15:    2740384 bytes,   23717040 total
[2024-10-15T07:11:39.723+0000][125][info ][gc,heap     ] GC(164) Eden regions: 813->0(814)
[2024-10-15T07:11:39.723+0000][125][info ][gc,heap     ] GC(164) Survivor regions: 8->7(103)
[2024-10-15T07:11:39.723+0000][125][info ][gc,heap     ] GC(164) Old regions: 55->56
[2024-10-15T07:11:39.723+0000][125][info ][gc,heap     ] GC(164) Humongous regions: 2->2
[2024-10-15T07:11:39.723+0000][125][info ][gc,metaspace] GC(164) Metaspace: 157164K(163008K)->157164K(163008K) NonClass: 136150K(139392K)->136150K(139392K) Class: 21013K(23616K)->21013K(23616K)
[2024-10-15T07:11:39.723+0000][125][info ][gc          ] GC(164) Pause Young (Normal) (G1 Evacuation Pause) 3510M->258M(5476M) 14.727ms
[2024-10-15T07:11:39.723+0000][125][info ][gc,cpu      ] GC(164) User=0.04s Sys=0.00s Real=0.02s
[2024-10-15T07:11:39.723+0000][125][info ][safepoint   ] Safepoint "G1CollectForAllocation", Time since last: 1027248290 ns, Reaching safepoint: 40987 ns, Cleanup: 8548 ns, At safepoint: 15009659 ns, Total: 15059194 ns
[2024-10-15T07:11:41.065+0000][125][info ][gc,start    ] GC(165) Pause Young (Normal) (G1 Evacuation Pause)
[2024-10-15T07:11:41.065+0000][125][info ][gc,task     ] GC(165) Using 4 workers of 4 for evacuation
[2024-10-15T07:11:41.065+0000][125][debug][gc,age      ] GC(165) Desired survivor size 216006656 bytes, new threshold 15 (max threshold 15)
[2024-10-15T07:11:41.080+0000][125][info ][gc,phases   ] GC(165)   Pre Evacuate Collection Set: 0.59ms
[2024-10-15T07:11:41.080+0000][125][info ][gc,phases   ] GC(165)   Merge Heap Roots: 0.43ms
[2024-10-15T07:11:41.080+0000][125][info ][gc,phases   ] GC(165)   Evacuate Collection Set: 11.23ms
[2024-10-15T07:11:41.080+0000][125][info ][gc,phases   ] GC(165)   Post Evacuate Collection Set: 2.36ms
[2024-10-15T07:11:41.080+0000][125][info ][gc,phases   ] GC(165)   Other: 0.15ms
[2024-10-15T07:11:41.080+0000][125][trace][gc,age      ] GC(165) Age table with threshold 15 (max threshold 15)
[2024-10-15T07:11:41.080+0000][125][trace][gc,age      ] GC(165) - age   1:    6242368 bytes,    6242368 total
[2024-10-15T07:11:41.080+0000][125][trace][gc,age      ] GC(165) - age   2:     112920 bytes,    6355288 total
[2024-10-15T07:11:41.080+0000][125][trace][gc,age      ] GC(165) - age   3:     116592 bytes,    6471880 total
[2024-10-15T07:11:41.080+0000][125][trace][gc,age      ] GC(165) - age   4:    1938296 bytes,    8410176 total
[2024-10-15T07:11:41.080+0000][125][trace][gc,age      ] GC(165) - age   5:     199992 bytes,    8610168 total
[2024-10-15T07:11:41.080+0000][125][trace][gc,age      ] GC(165) - age   6:       1376 bytes,    8611544 total
[2024-10-15T07:11:41.080+0000][125][trace][gc,age      ] GC(165) - age   7:       1288 bytes,    8612832 total
[2024-10-15T07:11:41.080+0000][125][trace][gc,age      ] GC(165) - age   8:       6104 bytes,    8618936 total
[2024-10-15T07:11:41.080+0000][125][trace][gc,age      ] GC(165) - age   9:       2288 bytes,    8621224 total
[2024-10-15T07:11:41.080+0000][125][trace][gc,age      ] GC(165) - age  10:     208968 bytes,    8830192 total
[2024-10-15T07:11:41.080+0000][125][trace][gc,age      ] GC(165) - age  11:      13456 bytes,    8843648 total
[2024-10-15T07:11:41.080+0000][125][trace][gc,age      ] GC(165) - age  12:       6672 bytes,    8850320 total
[2024-10-15T07:11:41.080+0000][125][trace][gc,age      ] GC(165) - age  13:      26440 bytes,    8876760 total
[2024-10-15T07:11:41.080+0000][125][trace][gc,age      ] GC(165) - age  14:    6620056 bytes,   15496816 total
[2024-10-15T07:11:41.080+0000][125][trace][gc,age      ] GC(165) - age  15:    4883440 bytes,   20380256 total
[2024-10-15T07:11:41.080+0000][125][info ][gc,heap     ] GC(165) Eden regions: 814->0(815)
[2024-10-15T07:11:41.080+0000][125][info ][gc,heap     ] GC(165) Survivor regions: 7->6(103)
[2024-10-15T07:11:41.080+0000][125][info ][gc,heap     ] GC(165) Old regions: 56->57
[2024-10-15T07:11:41.080+0000][125][info ][gc,heap     ] GC(165) Humongous regions: 2->2
[2024-10-15T07:11:41.080+0000][125][info ][gc,metaspace] GC(165) Metaspace: 157165K(163008K)->157165K(163008K) NonClass: 136151K(139392K)->136151K(139392K) Class: 21013K(23616K)->21013K(23616K)
[2024-10-15T07:11:41.080+0000][125][info ][gc          ] GC(165) Pause Young (Normal) (G1 Evacuation Pause) 3514M->258M(5476M) 15.038ms
[2024-10-15T07:11:41.080+0000][125][info ][gc,cpu      ] GC(165) User=0.05s Sys=0.00s Real=0.01s
[2024-10-15T07:11:41.083+0000][125][info ][safepoint   ] Safepoint "G1CollectForAllocation", Time since last: 1340474508 ns, Reaching safepoint: 1138420 ns, Cleanup: 6644 ns, At safepoint: 18001721 ns, Total: 19146785 ns
[2024-10-15T07:11:42.395+0000][125][info ][gc,start    ] GC(166) Pause Young (Normal) (G1 Evacuation Pause)
[2024-10-15T07:11:42.395+0000][125][info ][gc,task     ] GC(166) Using 4 workers of 4 for evacuation
[2024-10-15T07:11:42.395+0000][125][debug][gc,age      ] GC(166) Desired survivor size 216006656 bytes, new threshold 15 (max threshold 15)
[2024-10-15T07:11:42.406+0000][125][info ][gc,phases   ] GC(166)   Pre Evacuate Collection Set: 0.66ms
[2024-10-15T07:11:42.406+0000][125][info ][gc,phases   ] GC(166)   Merge Heap Roots: 0.29ms
[2024-10-15T07:11:42.406+0000][125][info ][gc,phases   ] GC(166)   Evacuate Collection Set: 7.00ms
[2024-10-15T07:11:42.406+0000][125][info ][gc,phases   ] GC(166)   Post Evacuate Collection Set: 2.34ms
[2024-10-15T07:11:42.406+0000][125][info ][gc,phases   ] GC(166)   Other: 0.13ms
[2024-10-15T07:11:42.406+0000][125][trace][gc,age      ] GC(166) Age table with threshold 15 (max threshold 15)
[2024-10-15T07:11:42.406+0000][125][trace][gc,age      ] GC(166) - age   1:    5439168 bytes,    5439168 total
[2024-10-15T07:11:42.406+0000][125][trace][gc,age      ] GC(166) - age   2:      33152 bytes,    5472320 total
[2024-10-15T07:11:42.406+0000][125][trace][gc,age      ] GC(166) - age   3:      29208 bytes,    5501528 total
[2024-10-15T07:11:42.406+0000][125][trace][gc,age      ] GC(166) - age   4:       2648 bytes,    5504176 total
[2024-10-15T07:11:42.406+0000][125][trace][gc,age      ] GC(166) - age   5:    1924344 bytes,    7428520 total
[2024-10-15T07:11:42.406+0000][125][trace][gc,age      ] GC(166) - age   6:     199752 bytes,    7628272 total
[2024-10-15T07:11:42.406+0000][125][trace][gc,age      ] GC(166) - age   7:       1296 bytes,    7629568 total
[2024-10-15T07:11:42.406+0000][125][trace][gc,age      ] GC(166) - age   8:       1248 bytes,    7630816 total
[2024-10-15T07:11:42.406+0000][125][trace][gc,age      ] GC(166) - age   9:       6104 bytes,    7636920 total
[2024-10-15T07:11:42.406+0000][125][trace][gc,age      ] GC(166) - age  10:       2288 bytes,    7639208 total
[2024-10-15T07:11:42.406+0000][125][trace][gc,age      ] GC(166) - age  11:     208968 bytes,    7848176 total
[2024-10-15T07:11:42.406+0000][125][trace][gc,age      ] GC(166) - age  12:      13456 bytes,    7861632 total
[2024-10-15T07:11:42.406+0000][125][trace][gc,age      ] GC(166) - age  13:       6672 bytes,    7868304 total
[2024-10-15T07:11:42.406+0000][125][trace][gc,age      ] GC(166) - age  14:      26440 bytes,    7894744 total
[2024-10-15T07:11:42.406+0000][125][trace][gc,age      ] GC(166) - age  15:    6620056 bytes,   14514800 total
[2024-10-15T07:11:42.406+0000][125][info ][gc,heap     ] GC(166) Eden regions: 815->0(817)
[2024-10-15T07:11:42.406+0000][125][info ][gc,heap     ] GC(166) Survivor regions: 6->4(103)
[2024-10-15T07:11:42.406+0000][125][info ][gc,heap     ] GC(166) Old regions: 57->58
[2024-10-15T07:11:42.406+0000][125][info ][gc,heap     ] GC(166) Humongous regions: 2->2
[2024-10-15T07:11:42.406+0000][125][info ][gc,metaspace] GC(166) Metaspace: 157165K(163008K)->157165K(163008K) NonClass: 136151K(139392K)->136151K(139392K) Class: 21013K(23616K)->21013K(23616K)
[2024-10-15T07:11:42.406+0000][125][info ][gc          ] GC(166) Pause Young (Normal) (G1 Evacuation Pause) 3518M->254M(5476M) 10.784ms
[2024-10-15T07:11:42.406+0000][125][info ][gc,cpu      ] GC(166) User=0.04s Sys=0.00s Real=0.01s
[2024-10-15T07:11:42.408+0000][125][info ][safepoint   ] Safepoint "G1CollectForAllocation", Time since last: 1310906779 ns, Reaching safepoint: 1175895 ns, Cleanup: 16097 ns, At safepoint: 12766969 ns, Total: 13958961 ns
[2024-10-15T07:11:43.977+0000][125][info ][gc,start    ] GC(167) Pause Young (Normal) (G1 Evacuation Pause)
[2024-10-15T07:11:43.977+0000][125][info ][gc,task     ] GC(167) Using 4 workers of 4 for evacuation
[2024-10-15T07:11:43.977+0000][125][debug][gc,age      ] GC(167) Desired survivor size 216006656 bytes, new threshold 15 (max threshold 15)
[2024-10-15T07:11:43.987+0000][125][info ][gc,phases   ] GC(167)   Pre Evacuate Collection Set: 0.56ms
[2024-10-15T07:11:43.987+0000][125][info ][gc,phases   ] GC(167)   Merge Heap Roots: 0.33ms
[2024-10-15T07:11:43.987+0000][125][info ][gc,phases   ] GC(167)   Evacuate Collection Set: 6.74ms
[2024-10-15T07:11:43.987+0000][125][info ][gc,phases   ] GC(167)   Post Evacuate Collection Set: 2.12ms
[2024-10-15T07:11:43.987+0000][125][info ][gc,phases   ] GC(167)   Other: 0.17ms
[2024-10-15T07:11:43.987+0000][125][trace][gc,age      ] GC(167) Age table with threshold 15 (max threshold 15)
[2024-10-15T07:11:43.987+0000][125][trace][gc,age      ] GC(167) - age   1:    4751120 bytes,    4751120 total
[2024-10-15T07:11:43.987+0000][125][trace][gc,age      ] GC(167) - age   2:     189360 bytes,    4940480 total
[2024-10-15T07:11:43.987+0000][125][trace][gc,age      ] GC(167) - age   3:      31592 bytes,    4972072 total
[2024-10-15T07:11:43.987+0000][125][trace][gc,age      ] GC(167) - age   4:      28760 bytes,    5000832 total
[2024-10-15T07:11:43.987+0000][125][trace][gc,age      ] GC(167) - age   5:       2616 bytes,    5003448 total
[2024-10-15T07:11:43.987+0000][125][trace][gc,age      ] GC(167) - age   6:    1919336 bytes,    6922784 total
[2024-10-15T07:11:43.987+0000][125][trace][gc,age      ] GC(167) - age   7:     199672 bytes,    7122456 total
[2024-10-15T07:11:43.987+0000][125][trace][gc,age      ] GC(167) - age   8:       1296 bytes,    7123752 total
[2024-10-15T07:11:43.987+0000][125][trace][gc,age      ] GC(167) - age   9:       1208 bytes,    7124960 total
[2024-10-15T07:11:43.987+0000][125][trace][gc,age      ] GC(167) - age  10:       6064 bytes,    7131024 total
[2024-10-15T07:11:43.987+0000][125][trace][gc,age      ] GC(167) - age  11:       2288 bytes,    7133312 total
[2024-10-15T07:11:43.987+0000][125][trace][gc,age      ] GC(167) - age  12:     208968 bytes,    7342280 total
[2024-10-15T07:11:43.987+0000][125][trace][gc,age      ] GC(167) - age  13:      13456 bytes,    7355736 total
[2024-10-15T07:11:43.987+0000][125][trace][gc,age      ] GC(167) - age  14:       6672 bytes,    7362408 total
[2024-10-15T07:11:43.987+0000][125][trace][gc,age      ] GC(167) - age  15:      26440 bytes,    7388848 total
[2024-10-15T07:11:43.987+0000][125][info ][gc,heap     ] GC(167) Eden regions: 817->0(819)
[2024-10-15T07:11:43.987+0000][125][info ][gc,heap     ] GC(167) Survivor regions: 4->2(103)
[2024-10-15T07:11:43.987+0000][125][info ][gc,heap     ] GC(167) Old regions: 58->60
[2024-10-15T07:11:43.987+0000][125][info ][gc,heap     ] GC(167) Humongous regions: 2->2
[2024-10-15T07:11:43.987+0000][125][info ][gc,metaspace] GC(167) Metaspace: 157169K(163008K)->157169K(163008K) NonClass: 136155K(139392K)->136155K(139392K) Class: 21013K(23616K)->21013K(23616K)
[2024-10-15T07:11:43.988+0000][125][info ][gc          ] GC(167) Pause Young (Normal) (G1 Evacuation Pause) 3522M->253M(5476M) 10.228ms
[2024-10-15T07:11:43.988+0000][125][info ][gc,cpu      ] GC(167) User=0.03s Sys=0.00s Real=0.01s
[2024-10-15T07:11:43.988+0000][125][info ][safepoint   ] Safepoint "G1CollectForAllocation", Time since last: 1568277253 ns, Reaching safepoint: 1039522 ns, Cleanup: 7360 ns, At safepoint: 10591151 ns, Total: 11638033 ns
[2024-10-15T07:11:45.108+0000][125][info ][gc,start    ] GC(168) Pause Young (Normal) (G1 Evacuation Pause)
[2024-10-15T07:11:45.108+0000][125][info ][gc,task     ] GC(168) Using 4 workers of 4 for evacuation
[2024-10-15T07:11:45.108+0000][125][debug][gc,age      ] GC(168) Desired survivor size 216006656 bytes, new threshold 15 (max threshold 15)
[2024-10-15T07:11:45.117+0000][125][info ][gc,phases   ] GC(168)   Pre Evacuate Collection Set: 0.68ms
[2024-10-15T07:11:45.117+0000][125][info ][gc,phases   ] GC(168)   Merge Heap Roots: 0.33ms
[2024-10-15T07:11:45.117+0000][125][info ][gc,phases   ] GC(168)   Evacuate Collection Set: 6.11ms
[2024-10-15T07:11:45.117+0000][125][info ][gc,phases   ] GC(168)   Post Evacuate Collection Set: 1.88ms
[2024-10-15T07:11:45.117+0000][125][info ][gc,phases   ] GC(168)   Other: 0.14ms
[2024-10-15T07:11:45.117+0000][125][trace][gc,age      ] GC(168) Age table with threshold 15 (max threshold 15)
[2024-10-15T07:11:45.117+0000][125][trace][gc,age      ] GC(168) - age   1:    9631912 bytes,    9631912 total
[2024-10-15T07:11:45.117+0000][125][trace][gc,age      ] GC(168) - age   2:     931496 bytes,   10563408 total
[2024-10-15T07:11:45.117+0000][125][trace][gc,age      ] GC(168) - age   3:      80024 bytes,   10643432 total
[2024-10-15T07:11:45.117+0000][125][trace][gc,age      ] GC(168) - age   4:       3104 bytes,   10646536 total
[2024-10-15T07:11:45.117+0000][125][trace][gc,age      ] GC(168) - age   5:        440 bytes,   10646976 total
[2024-10-15T07:11:45.117+0000][125][trace][gc,age      ] GC(168) - age   6:       2248 bytes,   10649224 total
[2024-10-15T07:11:45.117+0000][125][trace][gc,age      ] GC(168) - age   7:    1919152 bytes,   12568376 total
[2024-10-15T07:11:45.117+0000][125][trace][gc,age      ] GC(168) - age   8:     199672 bytes,   12768048 total
[2024-10-15T07:11:45.117+0000][125][trace][gc,age      ] GC(168) - age   9:       1296 bytes,   12769344 total
[2024-10-15T07:11:45.117+0000][125][trace][gc,age      ] GC(168) - age  10:       1208 bytes,   12770552 total
[2024-10-15T07:11:45.117+0000][125][trace][gc,age      ] GC(168) - age  11:       6064 bytes,   12776616 total
[2024-10-15T07:11:45.117+0000][125][trace][gc,age      ] GC(168) - age  12:       2288 bytes,   12778904 total
[2024-10-15T07:11:45.117+0000][125][trace][gc,age      ] GC(168) - age  13:     208968 bytes,   12987872 total
[2024-10-15T07:11:45.117+0000][125][trace][gc,age      ] GC(168) - age  14:      13456 bytes,   13001328 total
[2024-10-15T07:11:45.117+0000][125][trace][gc,age      ] GC(168) - age  15:       6672 bytes,   13008000 total
[2024-10-15T07:11:45.117+0000][125][info ][gc,heap     ] GC(168) Eden regions: 819->0(817)
[2024-10-15T07:11:45.117+0000][125][info ][gc,heap     ] GC(168) Survivor regions: 2->4(103)
[2024-10-15T07:11:45.117+0000][125][info ][gc,heap     ] GC(168) Old regions: 60->60
[2024-10-15T07:11:45.117+0000][125][info ][gc,heap     ] GC(168) Humongous regions: 2->2
[2024-10-15T07:11:45.117+0000][125][info ][gc,metaspace] GC(168) Metaspace: 157169K(163008K)->157169K(163008K) NonClass: 136155K(139392K)->136155K(139392K) Class: 21013K(23616K)->21013K(23616K)
[2024-10-15T07:11:45.117+0000][125][info ][gc          ] GC(168) Pause Young (Normal) (G1 Evacuation Pause) 3529M->259M(5476M) 9.428ms
[2024-10-15T07:11:45.117+0000][125][info ][gc,cpu      ] GC(168) User=0.03s Sys=0.01s Real=0.01s
[2024-10-15T07:11:45.118+0000][125][info ][safepoint   ] Safepoint "G1CollectForAllocation", Time since last: 1119576884 ns, Reaching safepoint: 500191 ns, Cleanup: 5616 ns, At safepoint: 9621663 ns, Total: 10127470 ns
[2024-10-15T07:11:46.343+0000][125][info ][gc,start    ] GC(169) Pause Young (Normal) (G1 Evacuation Pause)
[2024-10-15T07:11:46.343+0000][125][info ][gc,task     ] GC(169) Using 4 workers of 4 for evacuation
[2024-10-15T07:11:46.343+0000][125][debug][gc,age      ] GC(169) Desired survivor size 216006656 bytes, new threshold 15 (max threshold 15)
[2024-10-15T07:11:46.354+0000][125][info ][gc,phases   ] GC(169)   Pre Evacuate Collection Set: 0.75ms
[2024-10-15T07:11:46.354+0000][125][info ][gc,phases   ] GC(169)   Merge Heap Roots: 0.35ms
[2024-10-15T07:11:46.354+0000][125][info ][gc,phases   ] GC(169)   Evacuate Collection Set: 7.95ms
[2024-10-15T07:11:46.354+0000][125][info ][gc,phases   ] GC(169)   Post Evacuate Collection Set: 1.96ms
[2024-10-15T07:11:46.354+0000][125][info ][gc,phases   ] GC(169)   Other: 0.14ms
[2024-10-15T07:11:46.354+0000][125][trace][gc,age      ] GC(169) Age table with threshold 15 (max threshold 15)
[2024-10-15T07:11:46.354+0000][125][trace][gc,age      ] GC(169) - age   1:    9651464 bytes,    9651464 total
[2024-10-15T07:11:46.354+0000][125][trace][gc,age      ] GC(169) - age   2:     154072 bytes,    9805536 total
[2024-10-15T07:11:46.354+0000][125][trace][gc,age      ] GC(169) - age   3:      10672 bytes,    9816208 total
[2024-10-15T07:11:46.354+0000][125][trace][gc,age      ] GC(169) - age   4:      79920 bytes,    9896128 total
[2024-10-15T07:11:46.354+0000][125][trace][gc,age      ] GC(169) - age   5:       2464 bytes,    9898592 total
[2024-10-15T07:11:46.354+0000][125][trace][gc,age      ] GC(169) - age   6:        344 bytes,    9898936 total
[2024-10-15T07:11:46.354+0000][125][trace][gc,age      ] GC(169) - age   7:       2016 bytes,    9900952 total
[2024-10-15T07:11:46.354+0000][125][trace][gc,age      ] GC(169) - age   8:    1918992 bytes,   11819944 total
[2024-10-15T07:11:46.354+0000][125][trace][gc,age      ] GC(169) - age   9:     199672 bytes,   12019616 total
[2024-10-15T07:11:46.354+0000][125][trace][gc,age      ] GC(169) - age  10:       1296 bytes,   12020912 total
[2024-10-15T07:11:46.354+0000][125][trace][gc,age      ] GC(169) - age  11:       1168 bytes,   12022080 total
[2024-10-15T07:11:46.354+0000][125][trace][gc,age      ] GC(169) - age  12:       6064 bytes,   12028144 total
[2024-10-15T07:11:46.354+0000][125][trace][gc,age      ] GC(169) - age  13:       2288 bytes,   12030432 total
[2024-10-15T07:11:46.354+0000][125][trace][gc,age      ] GC(169) - age  14:     208968 bytes,   12239400 total
[2024-10-15T07:11:46.354+0000][125][trace][gc,age      ] GC(169) - age  15:      13456 bytes,   12252856 total
[2024-10-15T07:11:46.354+0000][125][info ][gc,heap     ] GC(169) Eden regions: 817->0(817)
[2024-10-15T07:11:46.354+0000][125][info ][gc,heap     ] GC(169) Survivor regions: 4->4(103)
[2024-10-15T07:11:46.354+0000][125][info ][gc,heap     ] GC(169) Old regions: 60->60
[2024-10-15T07:11:46.354+0000][125][info ][gc,heap     ] GC(169) Humongous regions: 2->2
[2024-10-15T07:11:46.354+0000][125][info ][gc,metaspace] GC(169) Metaspace: 157169K(163008K)->157169K(163008K) NonClass: 136155K(139392K)->136155K(139392K) Class: 21013K(23616K)->21013K(23616K)
[2024-10-15T07:11:46.354+0000][125][info ][gc          ] GC(169) Pause Young (Normal) (G1 Evacuation Pause) 3527M->258M(5476M) 11.425ms
[2024-10-15T07:11:46.354+0000][125][info ][gc,cpu      ] GC(169) User=0.02s Sys=0.00s Real=0.01s
[2024-10-15T07:11:46.359+0000][125][info ][safepoint   ] Safepoint "G1CollectForAllocation", Time since last: 1224400711 ns, Reaching safepoint: 1057752 ns, Cleanup: 5868 ns, At safepoint: 15988185 ns, Total: 17051805 ns
[2024-10-15T07:11:47.717+0000][125][info ][gc,start    ] GC(170) Pause Young (Normal) (G1 Evacuation Pause)
[2024-10-15T07:11:47.717+0000][125][info ][gc,task     ] GC(170) Using 4 workers of 4 for evacuation
[2024-10-15T07:11:47.717+0000][125][debug][gc,age      ] GC(170) Desired survivor size 216006656 bytes, new threshold 15 (max threshold 15)
[2024-10-15T07:11:47.728+0000][125][info ][gc,phases   ] GC(170)   Pre Evacuate Collection Set: 0.88ms
[2024-10-15T07:11:47.728+0000][125][info ][gc,phases   ] GC(170)   Merge Heap Roots: 0.32ms
[2024-10-15T07:11:47.728+0000][125][info ][gc,phases   ] GC(170)   Evacuate Collection Set: 6.96ms
[2024-10-15T07:11:47.728+0000][125][info ][gc,phases   ] GC(170)   Post Evacuate Collection Set: 2.17ms
[2024-10-15T07:11:47.728+0000][125][info ][gc,phases   ] GC(170)   Other: 0.12ms
[2024-10-15T07:11:47.728+0000][125][trace][gc,age      ] GC(170) Age table with threshold 15 (max threshold 15)
[2024-10-15T07:11:47.728+0000][125][trace][gc,age      ] GC(170) - age   1:   10797216 bytes,   10797216 total
[2024-10-15T07:11:47.728+0000][125][trace][gc,age      ] GC(170) - age   2:     116640 bytes,   10913856 total
[2024-10-15T07:11:47.728+0000][125][trace][gc,age      ] GC(170) - age   3:     153432 bytes,   11067288 total
[2024-10-15T07:11:47.728+0000][125][trace][gc,age      ] GC(170) - age   4:      10528 bytes,   11077816 total
[2024-10-15T07:11:47.728+0000][125][trace][gc,age      ] GC(170) - age   5:      79720 bytes,   11157536 total
[2024-10-15T07:11:47.728+0000][125][trace][gc,age      ] GC(170) - age   6:       2400 bytes,   11159936 total
[2024-10-15T07:11:47.728+0000][125][trace][gc,age      ] GC(170) - age   7:        304 bytes,   11160240 total
[2024-10-15T07:11:47.728+0000][125][trace][gc,age      ] GC(170) - age   8:       2016 bytes,   11162256 total
[2024-10-15T07:11:47.728+0000][125][trace][gc,age      ] GC(170) - age   9:    1918912 bytes,   13081168 total
[2024-10-15T07:11:47.728+0000][125][trace][gc,age      ] GC(170) - age  10:     199672 bytes,   13280840 total
[2024-10-15T07:11:47.728+0000][125][trace][gc,age      ] GC(170) - age  11:       1296 bytes,   13282136 total
[2024-10-15T07:11:47.728+0000][125][trace][gc,age      ] GC(170) - age  12:       1168 bytes,   13283304 total
[2024-10-15T07:11:47.728+0000][125][trace][gc,age      ] GC(170) - age  13:       6064 bytes,   13289368 total
[2024-10-15T07:11:47.728+0000][125][trace][gc,age      ] GC(170) - age  14:       2288 bytes,   13291656 total
[2024-10-15T07:11:47.728+0000][125][trace][gc,age      ] GC(170) - age  15:     208968 bytes,   13500624 total
[2024-10-15T07:11:47.728+0000][125][info ][gc,heap     ] GC(170) Eden regions: 817->0(817)
[2024-10-15T07:11:47.728+0000][125][info ][gc,heap     ] GC(170) Survivor regions: 4->4(103)
[2024-10-15T07:11:47.728+0000][125][info ][gc,heap     ] GC(170) Old regions: 60->60
[2024-10-15T07:11:47.728+0000][125][info ][gc,heap     ] GC(170) Humongous regions: 2->2
[2024-10-15T07:11:47.728+0000][125][info ][gc,metaspace] GC(170) Metaspace: 157176K(163008K)->157176K(163008K) NonClass: 136162K(139392K)->136162K(139392K) Class: 21013K(23616K)->21013K(23616K)
[2024-10-15T07:11:47.728+0000][125][info ][gc          ] GC(170) Pause Young (Normal) (G1 Evacuation Pause) 3526M->259M(5476M) 10.803ms
[2024-10-15T07:11:47.728+0000][125][info ][gc,cpu      ] GC(170) User=0.03s Sys=0.00s Real=0.01s
[2024-10-15T07:11:47.729+0000][125][info ][safepoint   ] Safepoint "G1CollectForAllocation", Time since last: 1357522539 ns, Reaching safepoint: 547682 ns, Cleanup: 9121 ns, At safepoint: 12044745 ns, Total: 12601548 ns
[2024-10-15T07:11:49.039+0000][125][info ][gc,start    ] GC(171) Pause Young (Normal) (G1 Evacuation Pause)
[2024-10-15T07:11:49.039+0000][125][info ][gc,task     ] GC(171) Using 4 workers of 4 for evacuation
[2024-10-15T07:11:49.039+0000][125][debug][gc,age      ] GC(171) Desired survivor size 216006656 bytes, new threshold 15 (max threshold 15)
[2024-10-15T07:11:49.051+0000][125][info ][gc,phases   ] GC(171)   Pre Evacuate Collection Set: 0.58ms
[2024-10-15T07:11:49.051+0000][125][info ][gc,phases   ] GC(171)   Merge Heap Roots: 0.45ms
[2024-10-15T07:11:49.051+0000][125][info ][gc,phases   ] GC(171)   Evacuate Collection Set: 8.74ms
[2024-10-15T07:11:49.051+0000][125][info ][gc,phases   ] GC(171)   Post Evacuate Collection Set: 2.50ms
[2024-10-15T07:11:49.051+0000][125][info ][gc,phases   ] GC(171)   Other: 0.16ms
[2024-10-15T07:11:49.051+0000][125][trace][gc,age      ] GC(171) Age table with threshold 15 (max threshold 15)
[2024-10-15T07:11:49.051+0000][125][trace][gc,age      ] GC(171) - age   1:    8497712 bytes,    8497712 total
[2024-10-15T07:11:49.051+0000][125][trace][gc,age      ] GC(171) - age   2:     694648 bytes,    9192360 total
[2024-10-15T07:11:49.051+0000][125][trace][gc,age      ] GC(171) - age   3:      57168 bytes,    9249528 total
[2024-10-15T07:11:49.052+0000][125][trace][gc,age      ] GC(171) - age   4:      44856 bytes,    9294384 total
[2024-10-15T07:11:49.052+0000][125][trace][gc,age      ] GC(171) - age   5:       5456 bytes,    9299840 total
[2024-10-15T07:11:49.052+0000][125][trace][gc,age      ] GC(171) - age   6:      79504 bytes,    9379344 total
[2024-10-15T07:11:49.052+0000][125][trace][gc,age      ] GC(171) - age   7:       2064 bytes,    9381408 total
[2024-10-15T07:11:49.052+0000][125][trace][gc,age      ] GC(171) - age   8:        192 bytes,    9381600 total
[2024-10-15T07:11:49.052+0000][125][trace][gc,age      ] GC(171) - age   9:       2016 bytes,    9383616 total
[2024-10-15T07:11:49.052+0000][125][trace][gc,age      ] GC(171) - age  10:    1917776 bytes,   11301392 total
[2024-10-15T07:11:49.052+0000][125][trace][gc,age      ] GC(171) - age  11:     199672 bytes,   11501064 total
[2024-10-15T07:11:49.052+0000][125][trace][gc,age      ] GC(171) - age  12:       1296 bytes,   11502360 total
[2024-10-15T07:11:49.052+0000][125][trace][gc,age      ] GC(171) - age  13:       1128 bytes,   11503488 total
[2024-10-15T07:11:49.052+0000][125][trace][gc,age      ] GC(171) - age  14:       6064 bytes,   11509552 total
[2024-10-15T07:11:49.052+0000][125][trace][gc,age      ] GC(171) - age  15:       2288 bytes,   11511840 total
[2024-10-15T07:11:49.052+0000][125][info ][gc,heap     ] GC(171) Eden regions: 817->0(817)
[2024-10-15T07:11:49.052+0000][125][info ][gc,heap     ] GC(171) Survivor regions: 4->4(103)
[2024-10-15T07:11:49.052+0000][125][info ][gc,heap     ] GC(171) Old regions: 60->60
[2024-10-15T07:11:49.052+0000][125][info ][gc,heap     ] GC(171) Humongous regions: 2->2
[2024-10-15T07:11:49.052+0000][125][info ][gc,metaspace] GC(171) Metaspace: 157176K(163008K)->157176K(163008K) NonClass: 136162K(139392K)->136162K(139392K) Class: 21013K(23616K)->21013K(23616K)
[2024-10-15T07:11:49.052+0000][125][info ][gc          ] GC(171) Pause Young (Normal) (G1 Evacuation Pause) 3527M->258M(5476M) 13.265ms
[2024-10-15T07:11:49.052+0000][125][info ][gc,cpu      ] GC(171) User=0.04s Sys=0.00s Real=0.02s
[2024-10-15T07:11:49.052+0000][125][info ][safepoint   ] Safepoint "G1CollectForAllocation", Time since last: 1309494096 ns, Reaching safepoint: 25260 ns, Cleanup: 5755 ns, At safepoint: 13537613 ns, Total: 13568628 ns
[2024-10-15T07:11:50.392+0000][125][info ][safepoint   ] Safepoint "Cleanup", Time since last: 1337885849 ns, Reaching safepoint: 868164 ns, Cleanup: 13416 ns, At safepoint: 557589 ns, Total: 1439169 ns
[2024-10-15T07:11:50.592+0000][125][info ][gc,start    ] GC(172) Pause Young (Normal) (G1 Evacuation Pause)
[2024-10-15T07:11:50.592+0000][125][info ][gc,task     ] GC(172) Using 4 workers of 4 for evacuation
[2024-10-15T07:11:50.592+0000][125][debug][gc,age      ] GC(172) Desired survivor size 216006656 bytes, new threshold 15 (max threshold 15)
[2024-10-15T07:11:50.601+0000][125][info ][gc,phases   ] GC(172)   Pre Evacuate Collection Set: 0.68ms
[2024-10-15T07:11:50.601+0000][125][info ][gc,phases   ] GC(172)   Merge Heap Roots: 0.26ms
[2024-10-15T07:11:50.601+0000][125][info ][gc,phases   ] GC(172)   Evacuate Collection Set: 6.18ms
[2024-10-15T07:11:50.601+0000][125][info ][gc,phases   ] GC(172)   Post Evacuate Collection Set: 2.28ms
[2024-10-15T07:11:50.601+0000][125][info ][gc,phases   ] GC(172)   Other: 0.15ms
[2024-10-15T07:11:50.601+0000][125][trace][gc,age      ] GC(172) Age table with threshold 15 (max threshold 15)
[2024-10-15T07:11:50.601+0000][125][trace][gc,age      ] GC(172) - age   1:    8366776 bytes,    8366776 total
[2024-10-15T07:11:50.601+0000][125][trace][gc,age      ] GC(172) - age   2:     143176 bytes,    8509952 total
[2024-10-15T07:11:50.601+0000][125][trace][gc,age      ] GC(172) - age   3:       4072 bytes,    8514024 total
[2024-10-15T07:11:50.601+0000][125][trace][gc,age      ] GC(172) - age   4:      57096 bytes,    8571120 total
[2024-10-15T07:11:50.601+0000][125][trace][gc,age      ] GC(172) - age   5:      43568 bytes,    8614688 total
[2024-10-15T07:11:50.601+0000][125][trace][gc,age      ] GC(172) - age   6:       5000 bytes,    8619688 total
[2024-10-15T07:11:50.601+0000][125][trace][gc,age      ] GC(172) - age   7:      79392 bytes,    8699080 total
[2024-10-15T07:11:50.601+0000][125][trace][gc,age      ] GC(172) - age   8:       2000 bytes,    8701080 total
[2024-10-15T07:11:50.601+0000][125][trace][gc,age      ] GC(172) - age   9:        192 bytes,    8701272 total
[2024-10-15T07:11:50.601+0000][125][trace][gc,age      ] GC(172) - age  10:       1976 bytes,    8703248 total
[2024-10-15T07:11:50.601+0000][125][trace][gc,age      ] GC(172) - age  11:    1917616 bytes,   10620864 total
[2024-10-15T07:11:50.601+0000][125][trace][gc,age      ] GC(172) - age  12:     199672 bytes,   10820536 total
[2024-10-15T07:11:50.601+0000][125][trace][gc,age      ] GC(172) - age  13:       1296 bytes,   10821832 total
[2024-10-15T07:11:50.601+0000][125][trace][gc,age      ] GC(172) - age  14:       1128 bytes,   10822960 total
[2024-10-15T07:11:50.601+0000][125][trace][gc,age      ] GC(172) - age  15:       6064 bytes,   10829024 total
[2024-10-15T07:11:50.601+0000][125][info ][gc,heap     ] GC(172) Eden regions: 817->0(818)
[2024-10-15T07:11:50.601+0000][125][info ][gc,heap     ] GC(172) Survivor regions: 4->3(103)
[2024-10-15T07:11:50.601+0000][125][info ][gc,heap     ] GC(172) Old regions: 60->60
[2024-10-15T07:11:50.601+0000][125][info ][gc,heap     ] GC(172) Humongous regions: 2->2
[2024-10-15T07:11:50.601+0000][125][info ][gc,metaspace] GC(172) Metaspace: 157176K(163008K)->157176K(163008K) NonClass: 136162K(139392K)->136162K(139392K) Class: 21013K(23616K)->21013K(23616K)
[2024-10-15T07:11:50.601+0000][125][info ][gc          ] GC(172) Pause Young (Normal) (G1 Evacuation Pause) 3526M->257M(5476M) 9.764ms
[2024-10-15T07:11:50.601+0000][125][info ][gc,cpu      ] GC(172) User=0.03s Sys=0.00s Real=0.01s
[2024-10-15T07:11:50.604+0000][125][info ][safepoint   ] Safepoint "G1CollectForAllocation", Time since last: 200149731 ns, Reaching safepoint: 11142 ns, Cleanup: 3306 ns, At safepoint: 12432719 ns, Total: 12447167 ns
[2024-10-15T07:11:51.808+0000][125][info ][safepoint   ] Safepoint "Cleanup", Time since last: 1200419507 ns, Reaching safepoint: 1645342 ns, Cleanup: 31560 ns, At safepoint: 2057610 ns, Total: 3734512 ns
[2024-10-15T07:11:52.151+0000][125][info ][gc,start    ] GC(173) Pause Young (Normal) (G1 Evacuation Pause)
[2024-10-15T07:11:52.151+0000][125][info ][gc,task     ] GC(173) Using 4 workers of 4 for evacuation
[2024-10-15T07:11:52.151+0000][125][debug][gc,age      ] GC(173) Desired survivor size 216006656 bytes, new threshold 15 (max threshold 15)
[2024-10-15T07:11:52.164+0000][125][info ][gc,phases   ] GC(173)   Pre Evacuate Collection Set: 0.97ms
[2024-10-15T07:11:52.164+0000][125][info ][gc,phases   ] GC(173)   Merge Heap Roots: 0.43ms
[2024-10-15T07:11:52.164+0000][125][info ][gc,phases   ] GC(173)   Evacuate Collection Set: 8.69ms
[2024-10-15T07:11:52.164+0000][125][info ][gc,phases   ] GC(173)   Post Evacuate Collection Set: 2.21ms
[2024-10-15T07:11:52.164+0000][125][info ][gc,phases   ] GC(173)   Other: 0.14ms
[2024-10-15T07:11:52.164+0000][125][trace][gc,age      ] GC(173) Age table with threshold 15 (max threshold 15)
[2024-10-15T07:11:52.164+0000][125][trace][gc,age      ] GC(173) - age   1:    3566872 bytes,    3566872 total
[2024-10-15T07:11:52.164+0000][125][trace][gc,age      ] GC(173) - age   2:     120624 bytes,    3687496 total
[2024-10-15T07:11:52.164+0000][125][trace][gc,age      ] GC(173) - age   3:     139880 bytes,    3827376 total
[2024-10-15T07:11:52.164+0000][125][trace][gc,age      ] GC(173) - age   4:       3976 bytes,    3831352 total
[2024-10-15T07:11:52.164+0000][125][trace][gc,age      ] GC(173) - age   5:      55992 bytes,    3887344 total
[2024-10-15T07:11:52.164+0000][125][trace][gc,age      ] GC(173) - age   6:      43320 bytes,    3930664 total
[2024-10-15T07:11:52.164+0000][125][trace][gc,age      ] GC(173) - age   7:       4056 bytes,    3934720 total
[2024-10-15T07:11:52.164+0000][125][trace][gc,age      ] GC(173) - age   8:      79032 bytes,    4013752 total
[2024-10-15T07:11:52.164+0000][125][trace][gc,age      ] GC(173) - age   9:       2000 bytes,    4015752 total
[2024-10-15T07:11:52.164+0000][125][trace][gc,age      ] GC(173) - age  10:        192 bytes,    4015944 total
[2024-10-15T07:11:52.164+0000][125][trace][gc,age      ] GC(173) - age  11:       1944 bytes,    4017888 total
[2024-10-15T07:11:52.164+0000][125][trace][gc,age      ] GC(173) - age  12:    1910256 bytes,    5928144 total
[2024-10-15T07:11:52.164+0000][125][trace][gc,age      ] GC(173) - age  13:     199672 bytes,    6127816 total
[2024-10-15T07:11:52.164+0000][125][trace][gc,age      ] GC(173) - age  14:       1296 bytes,    6129112 total
[2024-10-15T07:11:52.164+0000][125][trace][gc,age      ] GC(173) - age  15:       1088 bytes,    6130200 total
[2024-10-15T07:11:52.164+0000][125][info ][gc,heap     ] GC(173) Eden regions: 818->0(819)
[2024-10-15T07:11:52.164+0000][125][info ][gc,heap     ] GC(173) Survivor regions: 3->2(103)
[2024-10-15T07:11:52.164+0000][125][info ][gc,heap     ] GC(173) Old regions: 60->60
[2024-10-15T07:11:52.164+0000][125][info ][gc,heap     ] GC(173) Humongous regions: 2->2
[2024-10-15T07:11:52.164+0000][125][info ][gc,metaspace] GC(173) Metaspace: 157176K(163008K)->157176K(163008K) NonClass: 136162K(139392K)->136162K(139392K) Class: 21013K(23616K)->21013K(23616K)
[2024-10-15T07:11:52.164+0000][125][info ][gc          ] GC(173) Pause Young (Normal) (G1 Evacuation Pause) 3529M->253M(5476M) 12.706ms
[2024-10-15T07:11:52.164+0000][125][info ][gc,cpu      ] GC(173) User=0.04s Sys=0.01s Real=0.02s
[2024-10-15T07:11:52.164+0000][125][info ][safepoint   ] Safepoint "G1CollectForAllocation", Time since last: 342118806 ns, Reaching safepoint: 636916 ns, Cleanup: 14803 ns, At safepoint: 12952459 ns, Total: 13604178 ns
[2024-10-15T07:11:53.336+0000][125][info ][safepoint   ] Safepoint "Cleanup", Time since last: 1167862290 ns, Reaching safepoint: 1370326 ns, Cleanup: 13623 ns, At safepoint: 2311917 ns, Total: 3695866 ns
[2024-10-15T07:11:54.338+0000][125][info ][safepoint   ] Safepoint "Cleanup", Time since last: 1001760695 ns, Reaching safepoint: 738580 ns, Cleanup: 16592 ns, At safepoint: 200402 ns, Total: 955574 ns
[2024-10-15T07:11:54.734+0000][125][info ][gc,start    ] GC(174) Pause Young (Normal) (G1 Evacuation Pause)
[2024-10-15T07:11:54.735+0000][125][info ][gc,task     ] GC(174) Using 4 workers of 4 for evacuation
[2024-10-15T07:11:54.735+0000][125][debug][gc,age      ] GC(174) Desired survivor size 216006656 bytes, new threshold 15 (max threshold 15)
[2024-10-15T07:11:54.754+0000][125][info ][gc,phases   ] GC(174)   Pre Evacuate Collection Set: 0.54ms
[2024-10-15T07:11:54.754+0000][125][info ][gc,phases   ] GC(174)   Merge Heap Roots: 0.40ms
[2024-10-15T07:11:54.754+0000][125][info ][gc,phases   ] GC(174)   Evacuate Collection Set: 8.62ms
[2024-10-15T07:11:54.754+0000][125][info ][gc,phases   ] GC(174)   Post Evacuate Collection Set: 9.72ms
[2024-10-15T07:11:54.754+0000][125][info ][gc,phases   ] GC(174)   Other: 0.14ms
[2024-10-15T07:11:54.754+0000][125][trace][gc,age      ] GC(174) Age table with threshold 15 (max threshold 15)
[2024-10-15T07:11:54.754+0000][125][trace][gc,age      ] GC(174) - age   1:    6931096 bytes,    6931096 total
[2024-10-15T07:11:54.754+0000][125][trace][gc,age      ] GC(174) - age   2:     258224 bytes,    7189320 total
[2024-10-15T07:11:54.754+0000][125][trace][gc,age      ] GC(174) - age   3:       5632 bytes,    7194952 total
[2024-10-15T07:11:54.754+0000][125][trace][gc,age      ] GC(174) - age   4:      28424 bytes,    7223376 total
[2024-10-15T07:11:54.754+0000][125][trace][gc,age      ] GC(174) - age   5:       1360 bytes,    7224736 total
[2024-10-15T07:11:54.754+0000][125][trace][gc,age      ] GC(174) - age   6:         80 bytes,    7224816 total
[2024-10-15T07:11:54.754+0000][125][trace][gc,age      ] GC(174) - age   7:      43280 bytes,    7268096 total
[2024-10-15T07:11:54.754+0000][125][trace][gc,age      ] GC(174) - age   8:       3136 bytes,    7271232 total
[2024-10-15T07:11:54.754+0000][125][trace][gc,age      ] GC(174) - age   9:      78992 bytes,    7350224 total
[2024-10-15T07:11:54.754+0000][125][trace][gc,age      ] GC(174) - age  10:       2000 bytes,    7352224 total
[2024-10-15T07:11:54.754+0000][125][trace][gc,age      ] GC(174) - age  11:        192 bytes,    7352416 total
[2024-10-15T07:11:54.754+0000][125][trace][gc,age      ] GC(174) - age  12:       1944 bytes,    7354360 total
[2024-10-15T07:11:54.754+0000][125][trace][gc,age      ] GC(174) - age  13:    1688016 bytes,    9042376 total
[2024-10-15T07:11:54.754+0000][125][trace][gc,age      ] GC(174) - age  14:     199672 bytes,    9242048 total
[2024-10-15T07:11:54.754+0000][125][trace][gc,age      ] GC(174) - age  15:       1296 bytes,    9243344 total
[2024-10-15T07:11:54.754+0000][125][info ][gc,heap     ] GC(174) Eden regions: 819->0(818)
[2024-10-15T07:11:54.754+0000][125][info ][gc,heap     ] GC(174) Survivor regions: 2->3(103)
[2024-10-15T07:11:54.754+0000][125][info ][gc,heap     ] GC(174) Old regions: 60->60
[2024-10-15T07:11:54.754+0000][125][info ][gc,heap     ] GC(174) Humongous regions: 2->2
[2024-10-15T07:11:54.754+0000][125][info ][gc,metaspace] GC(174) Metaspace: 157177K(163008K)->157177K(163008K) NonClass: 136163K(139392K)->136163K(139392K) Class: 21013K(23616K)->21013K(23616K)
[2024-10-15T07:11:54.754+0000][125][info ][gc          ] GC(174) Pause Young (Normal) (G1 Evacuation Pause) 3529M->255M(5476M) 19.914ms
[2024-10-15T07:11:54.754+0000][125][info ][gc,cpu      ] GC(174) User=0.04s Sys=0.00s Real=0.02s
[2024-10-15T07:11:54.755+0000][125][info ][safepoint   ] Safepoint "G1CollectForAllocation", Time since last: 395525863 ns, Reaching safepoint: 1207499 ns, Cleanup: 7161 ns, At safepoint: 20382531 ns, Total: 21597191 ns
[2024-10-15T07:11:55.759+0000][125][info ][safepoint   ] Safepoint "Cleanup", Time since last: 1002579271 ns, Reaching safepoint: 925638 ns, Cleanup: 17003 ns, At safepoint: 197086 ns, Total: 1139727 ns
[2024-10-15T07:11:56.241+0000][125][info ][gc,start    ] GC(175) Pause Young (Normal) (G1 Evacuation Pause)
[2024-10-15T07:11:56.242+0000][125][info ][gc,task     ] GC(175) Using 4 workers of 4 for evacuation
[2024-10-15T07:11:56.242+0000][125][debug][gc,age      ] GC(175) Desired survivor size 216006656 bytes, new threshold 15 (max threshold 15)
[2024-10-15T07:11:56.253+0000][125][info ][gc,phases   ] GC(175)   Pre Evacuate Collection Set: 0.65ms
[2024-10-15T07:11:56.253+0000][125][info ][gc,phases   ] GC(175)   Merge Heap Roots: 0.48ms
[2024-10-15T07:11:56.253+0000][125][info ][gc,phases   ] GC(175)   Evacuate Collection Set: 8.01ms
[2024-10-15T07:11:56.253+0000][125][info ][gc,phases   ] GC(175)   Post Evacuate Collection Set: 2.39ms
[2024-10-15T07:11:56.253+0000][125][info ][gc,phases   ] GC(175)   Other: 0.17ms
[2024-10-15T07:11:56.253+0000][125][trace][gc,age      ] GC(175) Age table with threshold 15 (max threshold 15)
[2024-10-15T07:11:56.253+0000][125][trace][gc,age      ] GC(175) - age   1:    7329000 bytes,    7329000 total
[2024-10-15T07:11:56.253+0000][125][trace][gc,age      ] GC(175) - age   2:     305864 bytes,    7634864 total
[2024-10-15T07:11:56.253+0000][125][trace][gc,age      ] GC(175) - age   3:     252288 bytes,    7887152 total
[2024-10-15T07:11:56.253+0000][125][trace][gc,age      ] GC(175) - age   4:       5488 bytes,    7892640 total
[2024-10-15T07:11:56.253+0000][125][trace][gc,age      ] GC(175) - age   5:      28352 bytes,    7920992 total
[2024-10-15T07:11:56.253+0000][125][trace][gc,age      ] GC(175) - age   6:       1320 bytes,    7922312 total
[2024-10-15T07:11:56.253+0000][125][trace][gc,age      ] GC(175) - age   7:         80 bytes,    7922392 total
[2024-10-15T07:11:56.254+0000][125][trace][gc,age      ] GC(175) - age   8:      43264 bytes,    7965656 total
[2024-10-15T07:11:56.254+0000][125][trace][gc,age      ] GC(175) - age   9:       2792 bytes,    7968448 total
[2024-10-15T07:11:56.254+0000][125][trace][gc,age      ] GC(175) - age  10:      78512 bytes,    8046960 total
[2024-10-15T07:11:56.254+0000][125][trace][gc,age      ] GC(175) - age  11:       2000 bytes,    8048960 total
[2024-10-15T07:11:56.254+0000][125][trace][gc,age      ] GC(175) - age  12:        192 bytes,    8049152 total
[2024-10-15T07:11:56.254+0000][125][trace][gc,age      ] GC(175) - age  13:       1944 bytes,    8051096 total
[2024-10-15T07:11:56.254+0000][125][trace][gc,age      ] GC(175) - age  14:    1358360 bytes,    9409456 total
[2024-10-15T07:11:56.254+0000][125][trace][gc,age      ] GC(175) - age  15:     199672 bytes,    9609128 total
[2024-10-15T07:11:56.254+0000][125][info ][gc,heap     ] GC(175) Eden regions: 818->0(818)
[2024-10-15T07:11:56.254+0000][125][info ][gc,heap     ] GC(175) Survivor regions: 3->3(103)
[2024-10-15T07:11:56.254+0000][125][info ][gc,heap     ] GC(175) Old regions: 60->60
[2024-10-15T07:11:56.254+0000][125][info ][gc,heap     ] GC(175) Humongous regions: 2->2
[2024-10-15T07:11:56.254+0000][125][info ][gc,metaspace] GC(175) Metaspace: 157177K(163008K)->157177K(163008K) NonClass: 136163K(139392K)->136163K(139392K) Class: 21013K(23616K)->21013K(23616K)
[2024-10-15T07:11:56.254+0000][125][info ][gc          ] GC(175) Pause Young (Normal) (G1 Evacuation Pause) 3527M->255M(5476M) 12.347ms
[2024-10-15T07:11:56.254+0000][125][info ][gc,cpu      ] GC(175) User=0.03s Sys=0.00s Real=0.01s
[2024-10-15T07:11:56.254+0000][125][info ][safepoint   ] Safepoint "G1CollectForAllocation", Time since last: 482002114 ns, Reaching safepoint: 904292 ns, Cleanup: 7357 ns, At safepoint: 12825592 ns, Total: 13737241 ns
[2024-10-15T07:11:57.620+0000][125][info ][gc,start    ] GC(176) Pause Young (Normal) (G1 Evacuation Pause)
[2024-10-15T07:11:57.620+0000][125][info ][gc,task     ] GC(176) Using 4 workers of 4 for evacuation
[2024-10-15T07:11:57.620+0000][125][debug][gc,age      ] GC(176) Desired survivor size 216006656 bytes, new threshold 15 (max threshold 15)
[2024-10-15T07:11:57.630+0000][125][info ][gc,phases   ] GC(176)   Pre Evacuate Collection Set: 0.65ms
[2024-10-15T07:11:57.630+0000][125][info ][gc,phases   ] GC(176)   Merge Heap Roots: 0.39ms
[2024-10-15T07:11:57.630+0000][125][info ][gc,phases   ] GC(176)   Evacuate Collection Set: 6.38ms
[2024-10-15T07:11:57.630+0000][125][info ][gc,phases   ] GC(176)   Post Evacuate Collection Set: 2.43ms
[2024-10-15T07:11:57.631+0000][125][info ][gc,phases   ] GC(176)   Other: 0.14ms
[2024-10-15T07:11:57.631+0000][125][trace][gc,age      ] GC(176) Age table with threshold 15 (max threshold 15)
[2024-10-15T07:11:57.631+0000][125][trace][gc,age      ] GC(176) - age   1:    8649200 bytes,    8649200 total
[2024-10-15T07:11:57.631+0000][125][trace][gc,age      ] GC(176) - age   2:     241256 bytes,    8890456 total
[2024-10-15T07:11:57.631+0000][125][trace][gc,age      ] GC(176) - age   3:     293456 bytes,    9183912 total
[2024-10-15T07:11:57.631+0000][125][trace][gc,age      ] GC(176) - age   4:      42024 bytes,    9225936 total
[2024-10-15T07:11:57.631+0000][125][trace][gc,age      ] GC(176) - age   5:       1248 bytes,    9227184 total
[2024-10-15T07:11:57.631+0000][125][trace][gc,age      ] GC(176) - age   6:      28352 bytes,    9255536 total
[2024-10-15T07:11:57.631+0000][125][trace][gc,age      ] GC(176) - age   7:       1320 bytes,    9256856 total
[2024-10-15T07:11:57.631+0000][125][trace][gc,age      ] GC(176) - age   8:         80 bytes,    9256936 total
[2024-10-15T07:11:57.631+0000][125][trace][gc,age      ] GC(176) - age   9:      17024 bytes,    9273960 total
[2024-10-15T07:11:57.631+0000][125][trace][gc,age      ] GC(176) - age  10:       1112 bytes,    9275072 total
[2024-10-15T07:11:57.631+0000][125][trace][gc,age      ] GC(176) - age  11:      52288 bytes,    9327360 total
[2024-10-15T07:11:57.631+0000][125][trace][gc,age      ] GC(176) - age  12:        944 bytes,    9328304 total
[2024-10-15T07:11:57.631+0000][125][trace][gc,age      ] GC(176) - age  13:        192 bytes,    9328496 total
[2024-10-15T07:11:57.631+0000][125][trace][gc,age      ] GC(176) - age  14:       1944 bytes,    9330440 total
[2024-10-15T07:11:57.631+0000][125][trace][gc,age      ] GC(176) - age  15:    1358320 bytes,   10688760 total
[2024-10-15T07:11:57.631+0000][125][info ][gc,heap     ] GC(176) Eden regions: 818->0(818)
[2024-10-15T07:11:57.631+0000][125][info ][gc,heap     ] GC(176) Survivor regions: 3->3(103)
[2024-10-15T07:11:57.631+0000][125][info ][gc,heap     ] GC(176) Old regions: 60->60
[2024-10-15T07:11:57.631+0000][125][info ][gc,heap     ] GC(176) Humongous regions: 2->2
[2024-10-15T07:11:57.631+0000][125][info ][gc,metaspace] GC(176) Metaspace: 157177K(163008K)->157177K(163008K) NonClass: 136163K(139392K)->136163K(139392K) Class: 21013K(23616K)->21013K(23616K)
[2024-10-15T07:11:57.631+0000][125][info ][gc          ] GC(176) Pause Young (Normal) (G1 Evacuation Pause) 3527M->257M(5476M) 10.248ms
[2024-10-15T07:11:57.631+0000][125][info ][gc,cpu      ] GC(176) User=0.02s Sys=0.00s Real=0.01s
[2024-10-15T07:11:57.631+0000][125][info ][safepoint   ] Safepoint "G1CollectForAllocation", Time since last: 1365413908 ns, Reaching safepoint: 669677 ns, Cleanup: 6982 ns, At safepoint: 10497638 ns, Total: 11174297 ns
[2024-10-15T07:11:58.681+0000][125][info ][safepoint   ] Safepoint "Cleanup", Time since last: 1047949936 ns, Reaching safepoint: 2085512 ns, Cleanup: 20477 ns, At safepoint: 134460 ns, Total: 2240449 ns
[2024-10-15T07:12:00.195+0000][125][info ][gc,start    ] GC(177) Pause Young (Normal) (G1 Evacuation Pause)
[2024-10-15T07:12:00.195+0000][125][info ][gc,task     ] GC(177) Using 4 workers of 4 for evacuation
[2024-10-15T07:12:00.195+0000][125][debug][gc,age      ] GC(177) Desired survivor size 216006656 bytes, new threshold 15 (max threshold 15)
[2024-10-15T07:12:00.212+0000][125][info ][gc,phases   ] GC(177)   Pre Evacuate Collection Set: 0.69ms
[2024-10-15T07:12:00.212+0000][125][info ][gc,phases   ] GC(177)   Merge Heap Roots: 0.54ms
[2024-10-15T07:12:00.212+0000][125][info ][gc,phases   ] GC(177)   Evacuate Collection Set: 12.09ms
[2024-10-15T07:12:00.212+0000][125][info ][gc,phases   ] GC(177)   Post Evacuate Collection Set: 2.60ms
[2024-10-15T07:12:00.212+0000][125][info ][gc,phases   ] GC(177)   Other: 0.15ms
[2024-10-15T07:12:00.212+0000][125][trace][gc,age      ] GC(177) Age table with threshold 15 (max threshold 15)
[2024-10-15T07:12:00.212+0000][125][trace][gc,age      ] GC(177) - age   1:    9188536 bytes,    9188536 total
[2024-10-15T07:12:00.212+0000][125][trace][gc,age      ] GC(177) - age   2:      58880 bytes,    9247416 total
[2024-10-15T07:12:00.212+0000][125][trace][gc,age      ] GC(177) - age   3:     154008 bytes,    9401424 total
[2024-10-15T07:12:00.212+0000][125][trace][gc,age      ] GC(177) - age   4:     178624 bytes,    9580048 total
[2024-10-15T07:12:00.212+0000][125][trace][gc,age      ] GC(177) - age   5:      34656 bytes,    9614704 total
[2024-10-15T07:12:00.212+0000][125][trace][gc,age      ] GC(177) - age   6:       1208 bytes,    9615912 total
[2024-10-15T07:12:00.212+0000][125][trace][gc,age      ] GC(177) - age   7:      28312 bytes,    9644224 total
[2024-10-15T07:12:00.212+0000][125][trace][gc,age      ] GC(177) - age   8:       1320 bytes,    9645544 total
[2024-10-15T07:12:00.212+0000][125][trace][gc,age      ] GC(177) - age   9:         40 bytes,    9645584 total
[2024-10-15T07:12:00.212+0000][125][trace][gc,age      ] GC(177) - age  10:      17024 bytes,    9662608 total
[2024-10-15T07:12:00.212+0000][125][trace][gc,age      ] GC(177) - age  11:       1072 bytes,    9663680 total
[2024-10-15T07:12:00.212+0000][125][trace][gc,age      ] GC(177) - age  12:      51968 bytes,    9715648 total
[2024-10-15T07:12:00.212+0000][125][trace][gc,age      ] GC(177) - age  13:        944 bytes,    9716592 total
[2024-10-15T07:12:00.212+0000][125][trace][gc,age      ] GC(177) - age  14:        192 bytes,    9716784 total
[2024-10-15T07:12:00.212+0000][125][trace][gc,age      ] GC(177) - age  15:       1944 bytes,    9718728 total
[2024-10-15T07:12:00.212+0000][125][info ][gc,heap     ] GC(177) Eden regions: 818->0(818)
[2024-10-15T07:12:00.212+0000][125][info ][gc,heap     ] GC(177) Survivor regions: 3->3(103)
[2024-10-15T07:12:00.212+0000][125][info ][gc,heap     ] GC(177) Old regions: 60->60
[2024-10-15T07:12:00.212+0000][125][info ][gc,heap     ] GC(177) Humongous regions: 2->2
[2024-10-15T07:12:00.212+0000][125][info ][gc,metaspace] GC(177) Metaspace: 157177K(163008K)->157177K(163008K) NonClass: 136163K(139392K)->136163K(139392K) Class: 21013K(23616K)->21013K(23616K)
[2024-10-15T07:12:00.212+0000][125][info ][gc          ] GC(177) Pause Young (Normal) (G1 Evacuation Pause) 3529M->257M(5476M) 16.332ms
[2024-10-15T07:12:00.212+0000][125][info ][gc,cpu      ] GC(177) User=0.05s Sys=0.00s Real=0.02s
[2024-10-15T07:12:00.217+0000][125][info ][safepoint   ] Safepoint "G1CollectForAllocation", Time since last: 1513962080 ns, Reaching safepoint: 378030 ns, Cleanup: 5125 ns, At safepoint: 21954528 ns, Total: 22337683 ns
[2024-10-15T07:12:02.062+0000][125][info ][gc,start    ] GC(178) Pause Young (Normal) (G1 Evacuation Pause)
[2024-10-15T07:12:02.062+0000][125][info ][gc,task     ] GC(178) Using 4 workers of 4 for evacuation
[2024-10-15T07:12:02.062+0000][125][debug][gc,age      ] GC(178) Desired survivor size 216006656 bytes, new threshold 15 (max threshold 15)
[2024-10-15T07:12:02.089+0000][125][info ][gc,phases   ] GC(178)   Pre Evacuate Collection Set: 1.22ms
[2024-10-15T07:12:02.089+0000][125][info ][gc,phases   ] GC(178)   Merge Heap Roots: 0.88ms
[2024-10-15T07:12:02.089+0000][125][info ][gc,phases   ] GC(178)   Evacuate Collection Set: 21.12ms
[2024-10-15T07:12:02.089+0000][125][info ][gc,phases   ] GC(178)   Post Evacuate Collection Set: 4.34ms
[2024-10-15T07:12:02.090+0000][125][info ][gc,phases   ] GC(178)   Other: 0.14ms
[2024-10-15T07:12:02.090+0000][125][trace][gc,age      ] GC(178) Age table with threshold 15 (max threshold 15)
[2024-10-15T07:12:02.090+0000][125][trace][gc,age      ] GC(178) - age   1:    9190760 bytes,    9190760 total
[2024-10-15T07:12:02.090+0000][125][trace][gc,age      ] GC(178) - age   2:    4479760 bytes,   13670520 total
[2024-10-15T07:12:02.090+0000][125][trace][gc,age      ] GC(178) - age   3:      58656 bytes,   13729176 total
[2024-10-15T07:12:02.090+0000][125][trace][gc,age      ] GC(178) - age   4:     153664 bytes,   13882840 total
[2024-10-15T07:12:02.090+0000][125][trace][gc,age      ] GC(178) - age   5:     178184 bytes,   14061024 total
[2024-10-15T07:12:02.090+0000][125][trace][gc,age      ] GC(178) - age   6:      34656 bytes,   14095680 total
[2024-10-15T07:12:02.090+0000][125][trace][gc,age      ] GC(178) - age   7:       1168 bytes,   14096848 total
[2024-10-15T07:12:02.090+0000][125][trace][gc,age      ] GC(178) - age   8:      28312 bytes,   14125160 total
[2024-10-15T07:12:02.090+0000][125][trace][gc,age      ] GC(178) - age   9:       1320 bytes,   14126480 total
[2024-10-15T07:12:02.090+0000][125][trace][gc,age      ] GC(178) - age  10:         40 bytes,   14126520 total
[2024-10-15T07:12:02.090+0000][125][trace][gc,age      ] GC(178) - age  11:      17024 bytes,   14143544 total
[2024-10-15T07:12:02.090+0000][125][trace][gc,age      ] GC(178) - age  12:       1072 bytes,   14144616 total
[2024-10-15T07:12:02.090+0000][125][trace][gc,age      ] GC(178) - age  13:      51968 bytes,   14196584 total
[2024-10-15T07:12:02.090+0000][125][trace][gc,age      ] GC(178) - age  14:        944 bytes,   14197528 total
[2024-10-15T07:12:02.090+0000][125][trace][gc,age      ] GC(178) - age  15:        192 bytes,   14197720 total
[2024-10-15T07:12:02.090+0000][125][info ][gc,heap     ] GC(178) Eden regions: 818->0(817)
[2024-10-15T07:12:02.090+0000][125][info ][gc,heap     ] GC(178) Survivor regions: 3->4(103)
[2024-10-15T07:12:02.090+0000][125][info ][gc,heap     ] GC(178) Old regions: 60->60
[2024-10-15T07:12:02.090+0000][125][info ][gc,heap     ] GC(178) Humongous regions: 2->2
[2024-10-15T07:12:02.090+0000][125][info ][gc,metaspace] GC(178) Metaspace: 157177K(163008K)->157177K(163008K) NonClass: 136163K(139392K)->136163K(139392K) Class: 21013K(23616K)->21013K(23616K)
[2024-10-15T07:12:02.090+0000][125][info ][gc          ] GC(178) Pause Young (Normal) (G1 Evacuation Pause) 3529M->262M(5476M) 28.281ms
[2024-10-15T07:12:02.090+0000][125][info ][gc,cpu      ] GC(178) User=0.06s Sys=0.01s Real=0.02s
[2024-10-15T07:12:02.090+0000][125][info ][safepoint   ] Safepoint "G1CollectForAllocation", Time since last: 1843397014 ns, Reaching safepoint: 709987 ns, Cleanup: 7013 ns, At safepoint: 28811225 ns, Total: 29528225 ns
[2024-10-15T07:12:03.652+0000][125][info ][gc,start    ] GC(179) Pause Young (Normal) (G1 Evacuation Pause)
[2024-10-15T07:12:03.652+0000][125][info ][gc,task     ] GC(179) Using 4 workers of 4 for evacuation
[2024-10-15T07:12:03.652+0000][125][debug][gc,age      ] GC(179) Desired survivor size 216006656 bytes, new threshold 15 (max threshold 15)
[2024-10-15T07:12:03.686+0000][125][info ][gc,phases   ] GC(179)   Pre Evacuate Collection Set: 0.58ms
[2024-10-15T07:12:03.686+0000][125][info ][gc,phases   ] GC(179)   Merge Heap Roots: 0.44ms
[2024-10-15T07:12:03.686+0000][125][info ][gc,phases   ] GC(179)   Evacuate Collection Set: 21.64ms
[2024-10-15T07:12:03.686+0000][125][info ][gc,phases   ] GC(179)   Post Evacuate Collection Set: 10.96ms
[2024-10-15T07:12:03.686+0000][125][info ][gc,phases   ] GC(179)   Other: 0.14ms
[2024-10-15T07:12:03.686+0000][125][trace][gc,age      ] GC(179) Age table with threshold 15 (max threshold 15)
[2024-10-15T07:12:03.686+0000][125][trace][gc,age      ] GC(179) - age   1:    9218288 bytes,    9218288 total
[2024-10-15T07:12:03.686+0000][125][trace][gc,age      ] GC(179) - age   2:    4456280 bytes,   13674568 total
[2024-10-15T07:12:03.686+0000][125][trace][gc,age      ] GC(179) - age   3:    4440744 bytes,   18115312 total
[2024-10-15T07:12:03.686+0000][125][trace][gc,age      ] GC(179) - age   4:      58408 bytes,   18173720 total
[2024-10-15T07:12:03.686+0000][125][trace][gc,age      ] GC(179) - age   5:     153544 bytes,   18327264 total
[2024-10-15T07:12:03.687+0000][125][trace][gc,age      ] GC(179) - age   6:     177888 bytes,   18505152 total
[2024-10-15T07:12:03.687+0000][125][trace][gc,age      ] GC(179) - age   7:      34616 bytes,   18539768 total
[2024-10-15T07:12:03.687+0000][125][trace][gc,age      ] GC(179) - age   8:       1088 bytes,   18540856 total
[2024-10-15T07:12:03.687+0000][125][trace][gc,age      ] GC(179) - age   9:      28312 bytes,   18569168 total
[2024-10-15T07:12:03.687+0000][125][trace][gc,age      ] GC(179) - age  10:       1280 bytes,   18570448 total
[2024-10-15T07:12:03.687+0000][125][trace][gc,age      ] GC(179) - age  11:         40 bytes,   18570488 total
[2024-10-15T07:12:03.687+0000][125][trace][gc,age      ] GC(179) - age  12:      17024 bytes,   18587512 total
[2024-10-15T07:12:03.687+0000][125][trace][gc,age      ] GC(179) - age  13:       1072 bytes,   18588584 total
[2024-10-15T07:12:03.687+0000][125][trace][gc,age      ] GC(179) - age  14:      51928 bytes,   18640512 total
[2024-10-15T07:12:03.687+0000][125][trace][gc,age      ] GC(179) - age  15:        944 bytes,   18641456 total
[2024-10-15T07:12:03.687+0000][125][info ][gc,heap     ] GC(179) Eden regions: 817->0(816)
[2024-10-15T07:12:03.687+0000][125][info ][gc,heap     ] GC(179) Survivor regions: 4->5(103)
[2024-10-15T07:12:03.687+0000][125][info ][gc,heap     ] GC(179) Old regions: 60->60
[2024-10-15T07:12:03.687+0000][125][info ][gc,heap     ] GC(179) Humongous regions: 2->2
[2024-10-15T07:12:03.687+0000][125][info ][gc,metaspace] GC(179) Metaspace: 157177K(163008K)->157177K(163008K) NonClass: 136163K(139392K)->136163K(139392K) Class: 21013K(23616K)->21013K(23616K)
[2024-10-15T07:12:03.687+0000][125][info ][gc          ] GC(179) Pause Young (Normal) (G1 Evacuation Pause) 3530M->266M(5476M) 34.415ms
[2024-10-15T07:12:03.687+0000][125][info ][gc,cpu      ] GC(179) User=0.07s Sys=0.00s Real=0.03s
[2024-10-15T07:12:03.688+0000][125][info ][safepoint   ] Safepoint "G1CollectForAllocation", Time since last: 1561239004 ns, Reaching safepoint: 767964 ns, Cleanup: 6079 ns, At safepoint: 35806933 ns, Total: 36580976 ns
[2024-10-15T07:12:05.616+0000][125][info ][gc,start    ] GC(180) Pause Young (Normal) (G1 Evacuation Pause)
[2024-10-15T07:12:05.616+0000][125][info ][gc,task     ] GC(180) Using 4 workers of 4 for evacuation
[2024-10-15T07:12:05.616+0000][125][debug][gc,age      ] GC(180) Desired survivor size 216006656 bytes, new threshold 15 (max threshold 15)
[2024-10-15T07:12:05.639+0000][125][info ][gc,phases   ] GC(180)   Pre Evacuate Collection Set: 0.75ms
[2024-10-15T07:12:05.639+0000][125][info ][gc,phases   ] GC(180)   Merge Heap Roots: 0.60ms
[2024-10-15T07:12:05.639+0000][125][info ][gc,phases   ] GC(180)   Evacuate Collection Set: 13.33ms
[2024-10-15T07:12:05.639+0000][125][info ][gc,phases   ] GC(180)   Post Evacuate Collection Set: 8.98ms
[2024-10-15T07:12:05.640+0000][125][info ][gc,phases   ] GC(180)   Other: 0.13ms
[2024-10-15T07:12:05.640+0000][125][trace][gc,age      ] GC(180) Age table with threshold 15 (max threshold 15)
[2024-10-15T07:12:05.640+0000][125][trace][gc,age      ] GC(180) - age   1:    8841080 bytes,    8841080 total
[2024-10-15T07:12:05.640+0000][125][trace][gc,age      ] GC(180) - age   2:    3078784 bytes,   11919864 total
[2024-10-15T07:12:05.640+0000][125][trace][gc,age      ] GC(180) - age   3:    4385568 bytes,   16305432 total
[2024-10-15T07:12:05.640+0000][125][trace][gc,age      ] GC(180) - age   4:    4438112 bytes,   20743544 total
[2024-10-15T07:12:05.640+0000][125][trace][gc,age      ] GC(180) - age   5:      58328 bytes,   20801872 total
[2024-10-15T07:12:05.640+0000][125][trace][gc,age      ] GC(180) - age   6:     153304 bytes,   20955176 total
[2024-10-15T07:12:05.640+0000][125][trace][gc,age      ] GC(180) - age   7:     177768 bytes,   21132944 total
[2024-10-15T07:12:05.640+0000][125][trace][gc,age      ] GC(180) - age   8:      34616 bytes,   21167560 total
[2024-10-15T07:12:05.640+0000][125][trace][gc,age      ] GC(180) - age   9:       1048 bytes,   21168608 total
[2024-10-15T07:12:05.640+0000][125][trace][gc,age      ] GC(180) - age  10:      28312 bytes,   21196920 total
[2024-10-15T07:12:05.640+0000][125][trace][gc,age      ] GC(180) - age  11:       1280 bytes,   21198200 total
[2024-10-15T07:12:05.640+0000][125][trace][gc,age      ] GC(180) - age  12:         40 bytes,   21198240 total
[2024-10-15T07:12:05.640+0000][125][trace][gc,age      ] GC(180) - age  13:      17024 bytes,   21215264 total
[2024-10-15T07:12:05.640+0000][125][trace][gc,age      ] GC(180) - age  14:       1072 bytes,   21216336 total
[2024-10-15T07:12:05.640+0000][125][trace][gc,age      ] GC(180) - age  15:      51848 bytes,   21268184 total
[2024-10-15T07:12:05.640+0000][125][info ][gc,heap     ] GC(180) Eden regions: 816->0(815)
[2024-10-15T07:12:05.640+0000][125][info ][gc,heap     ] GC(180) Survivor regions: 5->6(103)
[2024-10-15T07:12:05.640+0000][125][info ][gc,heap     ] GC(180) Old regions: 60->60
[2024-10-15T07:12:05.640+0000][125][info ][gc,heap     ] GC(180) Humongous regions: 2->2
[2024-10-15T07:12:05.640+0000][125][info ][gc,metaspace] GC(180) Metaspace: 157177K(163008K)->157177K(163008K) NonClass: 136163K(139392K)->136163K(139392K) Class: 21013K(23616K)->21013K(23616K)
[2024-10-15T07:12:05.640+0000][125][info ][gc          ] GC(180) Pause Young (Normal) (G1 Evacuation Pause) 3530M->269M(5476M) 24.164ms
[2024-10-15T07:12:05.640+0000][125][info ][gc,cpu      ] GC(180) User=0.05s Sys=0.01s Real=0.02s
[2024-10-15T07:12:05.648+0000][125][info ][safepoint   ] Safepoint "G1CollectForAllocation", Time since last: 1927179871 ns, Reaching safepoint: 223489 ns, Cleanup: 15194 ns, At safepoint: 32183743 ns, Total: 32422426 ns
[2024-10-15T07:12:07.440+0000][125][info ][gc,start    ] GC(181) Pause Young (Normal) (G1 Evacuation Pause)
[2024-10-15T07:12:07.440+0000][125][info ][gc,task     ] GC(181) Using 4 workers of 4 for evacuation
[2024-10-15T07:12:07.440+0000][125][debug][gc,age      ] GC(181) Desired survivor size 216006656 bytes, new threshold 15 (max threshold 15)
[2024-10-15T07:12:07.450+0000][125][info ][gc,phases   ] GC(181)   Pre Evacuate Collection Set: 0.75ms
[2024-10-15T07:12:07.451+0000][125][info ][gc,phases   ] GC(181)   Merge Heap Roots: 0.34ms
[2024-10-15T07:12:07.451+0000][125][info ][gc,phases   ] GC(181)   Evacuate Collection Set: 7.13ms
[2024-10-15T07:12:07.451+0000][125][info ][gc,phases   ] GC(181)   Post Evacuate Collection Set: 2.52ms
[2024-10-15T07:12:07.451+0000][125][info ][gc,phases   ] GC(181)   Other: 0.10ms
[2024-10-15T07:12:07.451+0000][125][trace][gc,age      ] GC(181) Age table with threshold 15 (max threshold 15)
[2024-10-15T07:12:07.451+0000][125][trace][gc,age      ] GC(181) - age   1:   11184016 bytes,   11184016 total
[2024-10-15T07:12:07.451+0000][125][trace][gc,age      ] GC(181) - age   2:    2761728 bytes,   13945744 total
[2024-10-15T07:12:07.451+0000][125][trace][gc,age      ] GC(181) - age   3:    2939176 bytes,   16884920 total
[2024-10-15T07:12:07.451+0000][125][trace][gc,age      ] GC(181) - age   4:    3860896 bytes,   20745816 total
[2024-10-15T07:12:07.451+0000][125][trace][gc,age      ] GC(181) - age   5:    4437712 bytes,   25183528 total
[2024-10-15T07:12:07.451+0000][125][trace][gc,age      ] GC(181) - age   6:      58208 bytes,   25241736 total
[2024-10-15T07:12:07.451+0000][125][trace][gc,age      ] GC(181) - age   7:     153224 bytes,   25394960 total
[2024-10-15T07:12:07.451+0000][125][trace][gc,age      ] GC(181) - age   8:     177728 bytes,   25572688 total
[2024-10-15T07:12:07.451+0000][125][trace][gc,age      ] GC(181) - age   9:      34616 bytes,   25607304 total
[2024-10-15T07:12:07.451+0000][125][trace][gc,age      ] GC(181) - age  10:       1048 bytes,   25608352 total
[2024-10-15T07:12:07.451+0000][125][trace][gc,age      ] GC(181) - age  11:      28312 bytes,   25636664 total
[2024-10-15T07:12:07.451+0000][125][trace][gc,age      ] GC(181) - age  12:       1280 bytes,   25637944 total
[2024-10-15T07:12:07.451+0000][125][trace][gc,age      ] GC(181) - age  13:         40 bytes,   25637984 total
[2024-10-15T07:12:07.451+0000][125][trace][gc,age      ] GC(181) - age  14:      17024 bytes,   25655008 total
[2024-10-15T07:12:07.451+0000][125][trace][gc,age      ] GC(181) - age  15:       1072 bytes,   25656080 total
[2024-10-15T07:12:07.451+0000][125][info ][gc,heap     ] GC(181) Eden regions: 815->0(814)
[2024-10-15T07:12:07.451+0000][125][info ][gc,heap     ] GC(181) Survivor regions: 6->7(103)
[2024-10-15T07:12:07.451+0000][125][info ][gc,heap     ] GC(181) Old regions: 60->60
[2024-10-15T07:12:07.451+0000][125][info ][gc,heap     ] GC(181) Humongous regions: 2->2
[2024-10-15T07:12:07.451+0000][125][info ][gc,metaspace] GC(181) Metaspace: 157177K(163008K)->157177K(163008K) NonClass: 136163K(139392K)->136163K(139392K) Class: 21013K(23616K)->21013K(23616K)
[2024-10-15T07:12:07.451+0000][125][info ][gc          ] GC(181) Pause Young (Normal) (G1 Evacuation Pause) 3529M->275M(5476M) 11.162ms
[2024-10-15T07:12:07.451+0000][125][info ][gc,cpu      ] GC(181) User=0.03s Sys=0.00s Real=0.01s
[2024-10-15T07:12:07.451+0000][125][info ][safepoint   ] Safepoint "G1CollectForAllocation", Time since last: 1791593634 ns, Reaching safepoint: 173988 ns, Cleanup: 6468 ns, At safepoint: 11363839 ns, Total: 11544295 ns
[2024-10-15T07:12:09.136+0000][125][info ][gc,start    ] GC(182) Pause Young (Normal) (G1 Evacuation Pause)
[2024-10-15T07:12:09.136+0000][125][info ][gc,task     ] GC(182) Using 4 workers of 4 for evacuation
[2024-10-15T07:12:09.136+0000][125][debug][gc,age      ] GC(182) Desired survivor size 216006656 bytes, new threshold 15 (max threshold 15)
[2024-10-15T07:12:09.147+0000][125][info ][gc,phases   ] GC(182)   Pre Evacuate Collection Set: 0.67ms
[2024-10-15T07:12:09.147+0000][125][info ][gc,phases   ] GC(182)   Merge Heap Roots: 0.27ms
[2024-10-15T07:12:09.147+0000][125][info ][gc,phases   ] GC(182)   Evacuate Collection Set: 7.72ms
[2024-10-15T07:12:09.147+0000][125][info ][gc,phases   ] GC(182)   Post Evacuate Collection Set: 2.33ms
[2024-10-15T07:12:09.147+0000][125][info ][gc,phases   ] GC(182)   Other: 0.16ms
[2024-10-15T07:12:09.147+0000][125][trace][gc,age      ] GC(182) Age table with threshold 15 (max threshold 15)
[2024-10-15T07:12:09.147+0000][125][trace][gc,age      ] GC(182) - age   1:    9547944 bytes,    9547944 total
[2024-10-15T07:12:09.147+0000][125][trace][gc,age      ] GC(182) - age   2:    5800816 bytes,   15348760 total
[2024-10-15T07:12:09.147+0000][125][trace][gc,age      ] GC(182) - age   3:    2761472 bytes,   18110232 total
[2024-10-15T07:12:09.147+0000][125][trace][gc,age      ] GC(182) - age   4:    2922648 bytes,   21032880 total
[2024-10-15T07:12:09.147+0000][125][trace][gc,age      ] GC(182) - age   5:    3270856 bytes,   24303736 total
[2024-10-15T07:12:09.147+0000][125][trace][gc,age      ] GC(182) - age   6:    4437560 bytes,   28741296 total
[2024-10-15T07:12:09.147+0000][125][trace][gc,age      ] GC(182) - age   7:      58168 bytes,   28799464 total
[2024-10-15T07:12:09.147+0000][125][trace][gc,age      ] GC(182) - age   8:     153224 bytes,   28952688 total
[2024-10-15T07:12:09.147+0000][125][trace][gc,age      ] GC(182) - age   9:     177728 bytes,   29130416 total
[2024-10-15T07:12:09.147+0000][125][trace][gc,age      ] GC(182) - age  10:      34616 bytes,   29165032 total
[2024-10-15T07:12:09.147+0000][125][trace][gc,age      ] GC(182) - age  11:       1048 bytes,   29166080 total
[2024-10-15T07:12:09.147+0000][125][trace][gc,age      ] GC(182) - age  12:      28272 bytes,   29194352 total
[2024-10-15T07:12:09.147+0000][125][trace][gc,age      ] GC(182) - age  13:       1280 bytes,   29195632 total
[2024-10-15T07:12:09.147+0000][125][trace][gc,age      ] GC(182) - age  15:      17024 bytes,   29212656 total
[2024-10-15T07:12:09.147+0000][125][info ][gc,heap     ] GC(182) Eden regions: 814->0(813)
[2024-10-15T07:12:09.147+0000][125][info ][gc,heap     ] GC(182) Survivor regions: 7->8(103)
[2024-10-15T07:12:09.147+0000][125][info ][gc,heap     ] GC(182) Old regions: 60->60
[2024-10-15T07:12:09.147+0000][125][info ][gc,heap     ] GC(182) Humongous regions: 2->2
[2024-10-15T07:12:09.147+0000][125][info ][gc,metaspace] GC(182) Metaspace: 157177K(163008K)->157177K(163008K) NonClass: 136163K(139392K)->136163K(139392K) Class: 21013K(23616K)->21013K(23616K)
[2024-10-15T07:12:09.147+0000][125][info ][gc          ] GC(182) Pause Young (Normal) (G1 Evacuation Pause) 3531M->276M(5476M) 11.456ms
[2024-10-15T07:12:09.147+0000][125][info ][gc,cpu      ] GC(182) User=0.04s Sys=0.00s Real=0.01s
[2024-10-15T07:12:09.147+0000][125][info ][safepoint   ] Safepoint "G1CollectForAllocation", Time since last: 1683955311 ns, Reaching safepoint: 797223 ns, Cleanup: 8440 ns, At safepoint: 11886496 ns, Total: 12692159 ns
[2024-10-15T07:12:10.521+0000][125][info ][gc,start    ] GC(183) Pause Young (Normal) (G1 Evacuation Pause)
[2024-10-15T07:12:10.521+0000][125][info ][gc,task     ] GC(183) Using 4 workers of 4 for evacuation
[2024-10-15T07:12:10.521+0000][125][debug][gc,age      ] GC(183) Desired survivor size 216006656 bytes, new threshold 15 (max threshold 15)
[2024-10-15T07:12:10.534+0000][125][info ][gc,phases   ] GC(183)   Pre Evacuate Collection Set: 0.57ms
[2024-10-15T07:12:10.534+0000][125][info ][gc,phases   ] GC(183)   Merge Heap Roots: 0.37ms
[2024-10-15T07:12:10.534+0000][125][info ][gc,phases   ] GC(183)   Evacuate Collection Set: 8.81ms
[2024-10-15T07:12:10.534+0000][125][info ][gc,phases   ] GC(183)   Post Evacuate Collection Set: 2.85ms
[2024-10-15T07:12:10.534+0000][125][info ][gc,phases   ] GC(183)   Other: 0.17ms
[2024-10-15T07:12:10.534+0000][125][trace][gc,age      ] GC(183) Age table with threshold 15 (max threshold 15)
[2024-10-15T07:12:10.534+0000][125][trace][gc,age      ] GC(183) - age   1:    9133096 bytes,    9133096 total
[2024-10-15T07:12:10.534+0000][125][trace][gc,age      ] GC(183) - age   2:    6017264 bytes,   15150360 total
[2024-10-15T07:12:10.534+0000][125][trace][gc,age      ] GC(183) - age   3:    3743384 bytes,   18893744 total
[2024-10-15T07:12:10.534+0000][125][trace][gc,age      ] GC(183) - age   4:    2620984 bytes,   21514728 total
[2024-10-15T07:12:10.534+0000][125][trace][gc,age      ] GC(183) - age   5:    2922376 bytes,   24437104 total
[2024-10-15T07:12:10.534+0000][125][trace][gc,age      ] GC(183) - age   6:    3205240 bytes,   27642344 total
[2024-10-15T07:12:10.534+0000][125][trace][gc,age      ] GC(183) - age   7:    4437480 bytes,   32079824 total
[2024-10-15T07:12:10.534+0000][125][trace][gc,age      ] GC(183) - age   8:      58128 bytes,   32137952 total
[2024-10-15T07:12:10.534+0000][125][trace][gc,age      ] GC(183) - age   9:     153224 bytes,   32291176 total
[2024-10-15T07:12:10.534+0000][125][trace][gc,age      ] GC(183) - age  10:     177176 bytes,   32468352 total
[2024-10-15T07:12:10.534+0000][125][trace][gc,age      ] GC(183) - age  11:      34616 bytes,   32502968 total
[2024-10-15T07:12:10.534+0000][125][trace][gc,age      ] GC(183) - age  12:       1048 bytes,   32504016 total
[2024-10-15T07:12:10.534+0000][125][trace][gc,age      ] GC(183) - age  13:      28232 bytes,   32532248 total
[2024-10-15T07:12:10.534+0000][125][trace][gc,age      ] GC(183) - age  14:       1280 bytes,   32533528 total
[2024-10-15T07:12:10.534+0000][125][info ][gc,heap     ] GC(183) Eden regions: 813->0(812)
[2024-10-15T07:12:10.534+0000][125][info ][gc,heap     ] GC(183) Survivor regions: 8->9(103)
[2024-10-15T07:12:10.534+0000][125][info ][gc,heap     ] GC(183) Old regions: 60->60
[2024-10-15T07:12:10.534+0000][125][info ][gc,heap     ] GC(183) Humongous regions: 2->2
[2024-10-15T07:12:10.534+0000][125][info ][gc,metaspace] GC(183) Metaspace: 157177K(163008K)->157177K(163008K) NonClass: 136163K(139392K)->136163K(139392K) Class: 21013K(23616K)->21013K(23616K)
[2024-10-15T07:12:10.534+0000][125][info ][gc          ] GC(183) Pause Young (Normal) (G1 Evacuation Pause) 3528M->282M(5476M) 13.106ms
[2024-10-15T07:12:10.534+0000][125][info ][gc,cpu      ] GC(183) User=0.04s Sys=0.01s Real=0.02s
[2024-10-15T07:12:10.534+0000][125][info ][safepoint   ] Safepoint "G1CollectForAllocation", Time since last: 1372259144 ns, Reaching safepoint: 898851 ns, Cleanup: 8613 ns, At safepoint: 13529891 ns, Total: 14437355 ns
[2024-10-15T07:12:11.682+0000][125][info ][gc,start    ] GC(184) Pause Young (Normal) (G1 Evacuation Pause)
[2024-10-15T07:12:11.682+0000][125][info ][gc,task     ] GC(184) Using 4 workers of 4 for evacuation
[2024-10-15T07:12:11.682+0000][125][debug][gc,age      ] GC(184) Desired survivor size 216006656 bytes, new threshold 15 (max threshold 15)
[2024-10-15T07:12:11.702+0000][125][info ][gc,phases   ] GC(184)   Pre Evacuate Collection Set: 0.96ms
[2024-10-15T07:12:11.702+0000][125][info ][gc,phases   ] GC(184)   Merge Heap Roots: 0.73ms
[2024-10-15T07:12:11.702+0000][125][info ][gc,phases   ] GC(184)   Evacuate Collection Set: 11.23ms
[2024-10-15T07:12:11.702+0000][125][info ][gc,phases   ] GC(184)   Post Evacuate Collection Set: 6.34ms
[2024-10-15T07:12:11.702+0000][125][info ][gc,phases   ] GC(184)   Other: 0.18ms
[2024-10-15T07:12:11.702+0000][125][trace][gc,age      ] GC(184) Age table with threshold 15 (max threshold 15)
[2024-10-15T07:12:11.702+0000][125][trace][gc,age      ] GC(184) - age   1:    8716208 bytes,    8716208 total
[2024-10-15T07:12:11.702+0000][125][trace][gc,age      ] GC(184) - age   2:    5675960 bytes,   14392168 total
[2024-10-15T07:12:11.702+0000][125][trace][gc,age      ] GC(184) - age   3:    3458824 bytes,   17850992 total
[2024-10-15T07:12:11.702+0000][125][trace][gc,age      ] GC(184) - age   4:    3743320 bytes,   21594312 total
[2024-10-15T07:12:11.702+0000][125][trace][gc,age      ] GC(184) - age   5:    2489712 bytes,   24084024 total
[2024-10-15T07:12:11.702+0000][125][trace][gc,age      ] GC(184) - age   6:    2790776 bytes,   26874800 total
[2024-10-15T07:12:11.702+0000][125][trace][gc,age      ] GC(184) - age   7:    3205160 bytes,   30079960 total
[2024-10-15T07:12:11.702+0000][125][trace][gc,age      ] GC(184) - age   8:    4437480 bytes,   34517440 total
[2024-10-15T07:12:11.702+0000][125][trace][gc,age      ] GC(184) - age   9:      58128 bytes,   34575568 total
[2024-10-15T07:12:11.702+0000][125][trace][gc,age      ] GC(184) - age  10:     153224 bytes,   34728792 total
[2024-10-15T07:12:11.702+0000][125][trace][gc,age      ] GC(184) - age  11:     177176 bytes,   34905968 total
[2024-10-15T07:12:11.702+0000][125][trace][gc,age      ] GC(184) - age  12:      34576 bytes,   34940544 total
[2024-10-15T07:12:11.702+0000][125][trace][gc,age      ] GC(184) - age  13:       1048 bytes,   34941592 total
[2024-10-15T07:12:11.702+0000][125][trace][gc,age      ] GC(184) - age  14:      28232 bytes,   34969824 total
[2024-10-15T07:12:11.702+0000][125][trace][gc,age      ] GC(184) - age  15:       1280 bytes,   34971104 total
[2024-10-15T07:12:11.702+0000][125][info ][gc,heap     ] GC(184) Eden regions: 812->0(811)
[2024-10-15T07:12:11.702+0000][125][info ][gc,heap     ] GC(184) Survivor regions: 9->10(103)
[2024-10-15T07:12:11.702+0000][125][info ][gc,heap     ] GC(184) Old regions: 60->60
[2024-10-15T07:12:11.702+0000][125][info ][gc,heap     ] GC(184) Humongous regions: 2->2
[2024-10-15T07:12:11.702+0000][125][info ][gc,metaspace] GC(184) Metaspace: 157177K(163008K)->157177K(163008K) NonClass: 136163K(139392K)->136163K(139392K) Class: 21013K(23616K)->21013K(23616K)
[2024-10-15T07:12:11.702+0000][125][info ][gc          ] GC(184) Pause Young (Normal) (G1 Evacuation Pause) 3530M->285M(5476M) 19.812ms
[2024-10-15T07:12:11.702+0000][125][info ][gc,cpu      ] GC(184) User=0.05s Sys=0.00s Real=0.02s
[2024-10-15T07:12:11.702+0000][125][info ][safepoint   ] Safepoint "G1CollectForAllocation", Time since last: 1147046224 ns, Reaching safepoint: 1101857 ns, Cleanup: 6232 ns, At safepoint: 20081714 ns, Total: 21189803 ns
[2024-10-15T07:12:13.530+0000][125][info ][gc,start    ] GC(185) Pause Young (Normal) (G1 Evacuation Pause)
[2024-10-15T07:12:13.531+0000][125][info ][gc,task     ] GC(185) Using 4 workers of 4 for evacuation
[2024-10-15T07:12:13.531+0000][125][debug][gc,age      ] GC(185) Desired survivor size 216006656 bytes, new threshold 15 (max threshold 15)
[2024-10-15T07:12:13.580+0000][125][info ][gc,phases   ] GC(185)   Pre Evacuate Collection Set: 2.36ms
[2024-10-15T07:12:13.581+0000][125][info ][gc,phases   ] GC(185)   Merge Heap Roots: 0.63ms
[2024-10-15T07:12:13.582+0000][125][info ][gc,phases   ] GC(185)   Evacuate Collection Set: 30.16ms
[2024-10-15T07:12:13.582+0000][125][info ][gc,phases   ] GC(185)   Post Evacuate Collection Set: 15.01ms
[2024-10-15T07:12:13.582+0000][125][info ][gc,phases   ] GC(185)   Other: 1.24ms
[2024-10-15T07:12:13.582+0000][125][trace][gc,age      ] GC(185) Age table with threshold 15 (max threshold 15)
[2024-10-15T07:12:13.582+0000][125][trace][gc,age      ] GC(185) - age   1:   10234384 bytes,   10234384 total
[2024-10-15T07:12:13.582+0000][125][trace][gc,age      ] GC(185) - age   2:    5093344 bytes,   15327728 total
[2024-10-15T07:12:13.582+0000][125][trace][gc,age      ] GC(185) - age   3:    2860096 bytes,   18187824 total
[2024-10-15T07:12:13.582+0000][125][trace][gc,age      ] GC(185) - age   4:    3458784 bytes,   21646608 total
[2024-10-15T07:12:13.582+0000][125][trace][gc,age      ] GC(185) - age   5:    3464416 bytes,   25111024 total
[2024-10-15T07:12:13.582+0000][125][trace][gc,age      ] GC(185) - age   6:    2489120 bytes,   27600144 total
[2024-10-15T07:12:13.582+0000][125][trace][gc,age      ] GC(185) - age   7:    2790280 bytes,   30390424 total
[2024-10-15T07:12:13.582+0000][125][trace][gc,age      ] GC(185) - age   8:    3205120 bytes,   33595544 total
[2024-10-15T07:12:13.582+0000][125][trace][gc,age      ] GC(185) - age   9:    4437480 bytes,   38033024 total
[2024-10-15T07:12:13.582+0000][125][trace][gc,age      ] GC(185) - age  10:      58048 bytes,   38091072 total
[2024-10-15T07:12:13.582+0000][125][trace][gc,age      ] GC(185) - age  11:     153224 bytes,   38244296 total
[2024-10-15T07:12:13.582+0000][125][trace][gc,age      ] GC(185) - age  12:     177176 bytes,   38421472 total
[2024-10-15T07:12:13.582+0000][125][trace][gc,age      ] GC(185) - age  13:      34536 bytes,   38456008 total
[2024-10-15T07:12:13.582+0000][125][trace][gc,age      ] GC(185) - age  14:       1048 bytes,   38457056 total
[2024-10-15T07:12:13.582+0000][125][trace][gc,age      ] GC(185) - age  15:      28232 bytes,   38485288 total
[2024-10-15T07:12:13.582+0000][125][info ][gc,heap     ] GC(185) Eden regions: 811->0(810)
[2024-10-15T07:12:13.582+0000][125][info ][gc,heap     ] GC(185) Survivor regions: 10->11(103)
[2024-10-15T07:12:13.582+0000][125][info ][gc,heap     ] GC(185) Old regions: 60->60
[2024-10-15T07:12:13.582+0000][125][info ][gc,heap     ] GC(185) Humongous regions: 2->2
[2024-10-15T07:12:13.582+0000][125][info ][gc,metaspace] GC(185) Metaspace: 157177K(163008K)->157177K(163008K) NonClass: 136163K(139392K)->136163K(139392K) Class: 21013K(23616K)->21013K(23616K)
[2024-10-15T07:12:13.582+0000][125][info ][gc          ] GC(185) Pause Young (Normal) (G1 Evacuation Pause) 3529M->289M(5476M) 51.322ms
[2024-10-15T07:12:13.582+0000][125][info ][gc,cpu      ] GC(185) User=0.08s Sys=0.01s Real=0.06s
[2024-10-15T07:12:13.585+0000][125][info ][safepoint   ] Safepoint "G1CollectForAllocation", Time since last: 1826980396 ns, Reaching safepoint: 1041727 ns, Cleanup: 7700 ns, At safepoint: 54924781 ns, Total: 55974208 ns
[2024-10-15T07:12:15.632+0000][125][info ][gc,start    ] GC(186) Pause Young (Normal) (G1 Evacuation Pause)
[2024-10-15T07:12:15.632+0000][125][info ][gc,task     ] GC(186) Using 4 workers of 4 for evacuation
[2024-10-15T07:12:15.632+0000][125][debug][gc,age      ] GC(186) Desired survivor size 216006656 bytes, new threshold 15 (max threshold 15)
[2024-10-15T07:12:15.661+0000][125][info ][gc,phases   ] GC(186)   Pre Evacuate Collection Set: 1.69ms
[2024-10-15T07:12:15.661+0000][125][info ][gc,phases   ] GC(186)   Merge Heap Roots: 1.13ms
[2024-10-15T07:12:15.661+0000][125][info ][gc,phases   ] GC(186)   Evacuate Collection Set: 21.12ms
[2024-10-15T07:12:15.661+0000][125][info ][gc,phases   ] GC(186)   Post Evacuate Collection Set: 4.61ms
[2024-10-15T07:12:15.661+0000][125][info ][gc,phases   ] GC(186)   Other: 0.23ms
[2024-10-15T07:12:15.661+0000][125][trace][gc,age      ] GC(186) Age table with threshold 15 (max threshold 15)
[2024-10-15T07:12:15.661+0000][125][trace][gc,age      ] GC(186) - age   1:    7427280 bytes,    7427280 total
[2024-10-15T07:12:15.661+0000][125][trace][gc,age      ] GC(186) - age   2:    6366176 bytes,   13793456 total
[2024-10-15T07:12:15.661+0000][125][trace][gc,age      ] GC(186) - age   3:    3927248 bytes,   17720704 total
[2024-10-15T07:12:15.661+0000][125][trace][gc,age      ] GC(186) - age   4:    2842488 bytes,   20563192 total
[2024-10-15T07:12:15.661+0000][125][trace][gc,age      ] GC(186) - age   5:    3425600 bytes,   23988792 total
[2024-10-15T07:12:15.661+0000][125][trace][gc,age      ] GC(186) - age   6:    3464016 bytes,   27452808 total
[2024-10-15T07:12:15.661+0000][125][trace][gc,age      ] GC(186) - age   7:    2489008 bytes,   29941816 total
[2024-10-15T07:12:15.661+0000][125][trace][gc,age      ] GC(186) - age   8:    2790280 bytes,   32732096 total
[2024-10-15T07:12:15.661+0000][125][trace][gc,age      ] GC(186) - age   9:    3205080 bytes,   35937176 total
[2024-10-15T07:12:15.661+0000][125][trace][gc,age      ] GC(186) - age  10:    4437480 bytes,   40374656 total
[2024-10-15T07:12:15.661+0000][125][trace][gc,age      ] GC(186) - age  11:      58008 bytes,   40432664 total
[2024-10-15T07:12:15.661+0000][125][trace][gc,age      ] GC(186) - age  12:     153224 bytes,   40585888 total
[2024-10-15T07:12:15.661+0000][125][trace][gc,age      ] GC(186) - age  13:     177176 bytes,   40763064 total
[2024-10-15T07:12:15.661+0000][125][trace][gc,age      ] GC(186) - age  14:      34536 bytes,   40797600 total
[2024-10-15T07:12:15.661+0000][125][trace][gc,age      ] GC(186) - age  15:       1048 bytes,   40798648 total
[2024-10-15T07:12:15.661+0000][125][info ][gc,heap     ] GC(186) Eden regions: 810->0(810)
[2024-10-15T07:12:15.661+0000][125][info ][gc,heap     ] GC(186) Survivor regions: 11->11(103)
[2024-10-15T07:12:15.661+0000][125][info ][gc,heap     ] GC(186) Old regions: 60->60
[2024-10-15T07:12:15.661+0000][125][info ][gc,heap     ] GC(186) Humongous regions: 2->2
[2024-10-15T07:12:15.661+0000][125][info ][gc,metaspace] GC(186) Metaspace: 157177K(163008K)->157177K(163008K) NonClass: 136163K(139392K)->136163K(139392K) Class: 21013K(23616K)->21013K(23616K)
[2024-10-15T07:12:15.661+0000][125][info ][gc          ] GC(186) Pause Young (Normal) (G1 Evacuation Pause) 3529M->289M(5476M) 29.203ms
[2024-10-15T07:12:15.661+0000][125][info ][gc,cpu      ] GC(186) User=0.06s Sys=0.00s Real=0.02s
[2024-10-15T07:12:15.663+0000][125][info ][safepoint   ] Safepoint "G1CollectForAllocation", Time since last: 2045098639 ns, Reaching safepoint: 1316300 ns, Cleanup: 10517 ns, At safepoint: 30773904 ns, Total: 32100721 ns
[2024-10-15T07:12:17.669+0000][125][info ][gc,start    ] GC(187) Pause Young (Normal) (G1 Evacuation Pause)
[2024-10-15T07:12:17.669+0000][125][info ][gc,task     ] GC(187) Using 4 workers of 4 for evacuation
[2024-10-15T07:12:17.669+0000][125][debug][gc,age      ] GC(187) Desired survivor size 216006656 bytes, new threshold 15 (max threshold 15)
[2024-10-15T07:12:17.694+0000][125][info ][gc,phases   ] GC(187)   Pre Evacuate Collection Set: 0.98ms
[2024-10-15T07:12:17.694+0000][125][info ][gc,phases   ] GC(187)   Merge Heap Roots: 0.38ms
[2024-10-15T07:12:17.694+0000][125][info ][gc,phases   ] GC(187)   Evacuate Collection Set: 21.27ms
[2024-10-15T07:12:17.694+0000][125][info ][gc,phases   ] GC(187)   Post Evacuate Collection Set: 2.52ms
[2024-10-15T07:12:17.694+0000][125][info ][gc,phases   ] GC(187)   Other: 0.16ms
[2024-10-15T07:12:17.694+0000][125][trace][gc,age      ] GC(187) Age table with threshold 15 (max threshold 15)
[2024-10-15T07:12:17.694+0000][125][trace][gc,age      ] GC(187) - age   1:    6480960 bytes,    6480960 total
[2024-10-15T07:12:17.694+0000][125][trace][gc,age      ] GC(187) - age   2:    5442248 bytes,   11923208 total
[2024-10-15T07:12:17.694+0000][125][trace][gc,age      ] GC(187) - age   3:    6078616 bytes,   18001824 total
[2024-10-15T07:12:17.694+0000][125][trace][gc,age      ] GC(187) - age   4:    2769888 bytes,   20771712 total
[2024-10-15T07:12:17.694+0000][125][trace][gc,age      ] GC(187) - age   5:    2842152 bytes,   23613864 total
[2024-10-15T07:12:17.694+0000][125][trace][gc,age      ] GC(187) - age   6:    3425600 bytes,   27039464 total
[2024-10-15T07:12:17.694+0000][125][trace][gc,age      ] GC(187) - age   7:    3463952 bytes,   30503416 total
[2024-10-15T07:12:17.694+0000][125][trace][gc,age      ] GC(187) - age   8:    2489008 bytes,   32992424 total
[2024-10-15T07:12:17.694+0000][125][trace][gc,age      ] GC(187) - age   9:    2790280 bytes,   35782704 total
[2024-10-15T07:12:17.694+0000][125][trace][gc,age      ] GC(187) - age  10:    3205080 bytes,   38987784 total
[2024-10-15T07:12:17.694+0000][125][trace][gc,age      ] GC(187) - age  11:    4437480 bytes,   43425264 total
[2024-10-15T07:12:17.694+0000][125][trace][gc,age      ] GC(187) - age  12:      58008 bytes,   43483272 total
[2024-10-15T07:12:17.694+0000][125][trace][gc,age      ] GC(187) - age  13:     153184 bytes,   43636456 total
[2024-10-15T07:12:17.694+0000][125][trace][gc,age      ] GC(187) - age  14:     177176 bytes,   43813632 total
[2024-10-15T07:12:17.694+0000][125][trace][gc,age      ] GC(187) - age  15:      34496 bytes,   43848128 total
[2024-10-15T07:12:17.694+0000][125][info ][gc,heap     ] GC(187) Eden regions: 810->0(810)
[2024-10-15T07:12:17.694+0000][125][info ][gc,heap     ] GC(187) Survivor regions: 11->11(103)
[2024-10-15T07:12:17.694+0000][125][info ][gc,heap     ] GC(187) Old regions: 60->60
[2024-10-15T07:12:17.694+0000][125][info ][gc,heap     ] GC(187) Humongous regions: 2->2
[2024-10-15T07:12:17.694+0000][125][info ][gc,metaspace] GC(187) Metaspace: 157177K(163008K)->157177K(163008K) NonClass: 136163K(139392K)->136163K(139392K) Class: 21013K(23616K)->21013K(23616K)
[2024-10-15T07:12:17.695+0000][125][info ][gc          ] GC(187) Pause Young (Normal) (G1 Evacuation Pause) 3529M->291M(5476M) 25.567ms
[2024-10-15T07:12:17.695+0000][125][info ][gc,cpu      ] GC(187) User=0.04s Sys=0.00s Real=0.03s
[2024-10-15T07:12:17.695+0000][125][info ][safepoint   ] Safepoint "G1CollectForAllocation", Time since last: 2005885241 ns, Reaching safepoint: 471461 ns, Cleanup: 6380 ns, At safepoint: 25657143 ns, Total: 26134984 ns
[2024-10-15T07:12:19.043+0000][125][info ][gc,start    ] GC(188) Pause Young (Normal) (G1 Evacuation Pause)
[2024-10-15T07:12:19.043+0000][125][info ][gc,task     ] GC(188) Using 4 workers of 4 for evacuation
[2024-10-15T07:12:19.043+0000][125][debug][gc,age      ] GC(188) Desired survivor size 216006656 bytes, new threshold 15 (max threshold 15)
[2024-10-15T07:12:19.058+0000][125][info ][gc,phases   ] GC(188)   Pre Evacuate Collection Set: 0.72ms
[2024-10-15T07:12:19.058+0000][125][info ][gc,phases   ] GC(188)   Merge Heap Roots: 0.30ms
[2024-10-15T07:12:19.058+0000][125][info ][gc,phases   ] GC(188)   Evacuate Collection Set: 11.34ms
[2024-10-15T07:12:19.058+0000][125][info ][gc,phases   ] GC(188)   Post Evacuate Collection Set: 2.09ms
[2024-10-15T07:12:19.058+0000][125][info ][gc,phases   ] GC(188)   Other: 0.13ms
[2024-10-15T07:12:19.058+0000][125][trace][gc,age      ] GC(188) Age table with threshold 15 (max threshold 15)
[2024-10-15T07:12:19.058+0000][125][trace][gc,age      ] GC(188) - age   1:    8177664 bytes,    8177664 total
[2024-10-15T07:12:19.058+0000][125][trace][gc,age      ] GC(188) - age   2:    3738232 bytes,   11915896 total
[2024-10-15T07:12:19.058+0000][125][trace][gc,age      ] GC(188) - age   3:    3718800 bytes,   15634696 total
[2024-10-15T07:12:19.058+0000][125][trace][gc,age      ] GC(188) - age   4:    5327464 bytes,   20962160 total
[2024-10-15T07:12:19.058+0000][125][trace][gc,age      ] GC(188) - age   5:    2677488 bytes,   23639648 total
[2024-10-15T07:12:19.058+0000][125][trace][gc,age      ] GC(188) - age   6:    2740832 bytes,   26380480 total
[2024-10-15T07:12:19.058+0000][125][trace][gc,age      ] GC(188) - age   7:    3328512 bytes,   29708992 total
[2024-10-15T07:12:19.058+0000][125][trace][gc,age      ] GC(188) - age   8:    3360240 bytes,   33069232 total
[2024-10-15T07:12:19.058+0000][125][trace][gc,age      ] GC(188) - age   9:    2386720 bytes,   35455952 total
[2024-10-15T07:12:19.058+0000][125][trace][gc,age      ] GC(188) - age  10:    2688064 bytes,   38144016 total
[2024-10-15T07:12:19.058+0000][125][trace][gc,age      ] GC(188) - age  11:    3105768 bytes,   41249784 total
[2024-10-15T07:12:19.058+0000][125][trace][gc,age      ] GC(188) - age  12:    3780712 bytes,   45030496 total
[2024-10-15T07:12:19.058+0000][125][trace][gc,age      ] GC(188) - age  13:      57760 bytes,   45088256 total
[2024-10-15T07:12:19.058+0000][125][trace][gc,age      ] GC(188) - age  14:     153184 bytes,   45241440 total
[2024-10-15T07:12:19.058+0000][125][trace][gc,age      ] GC(188) - age  15:     177144 bytes,   45418584 total
[2024-10-15T07:12:19.058+0000][125][info ][gc,heap     ] GC(188) Eden regions: 810->0(809)
[2024-10-15T07:12:19.058+0000][125][info ][gc,heap     ] GC(188) Survivor regions: 11->12(103)
[2024-10-15T07:12:19.058+0000][125][info ][gc,heap     ] GC(188) Old regions: 60->60
[2024-10-15T07:12:19.058+0000][125][info ][gc,heap     ] GC(188) Humongous regions: 2->2
[2024-10-15T07:12:19.058+0000][125][info ][gc,metaspace] GC(188) Metaspace: 157177K(163008K)->157177K(163008K) NonClass: 136163K(139392K)->136163K(139392K) Class: 21013K(23616K)->21013K(23616K)
[2024-10-15T07:12:19.058+0000][125][info ][gc          ] GC(188) Pause Young (Normal) (G1 Evacuation Pause) 3531M->295M(5476M) 14.853ms
[2024-10-15T07:12:19.058+0000][125][info ][gc,cpu      ] GC(188) User=0.04s Sys=0.00s Real=0.01s
[2024-10-15T07:12:19.058+0000][125][info ][safepoint   ] Safepoint "G1CollectForAllocation", Time since last: 1348219938 ns, Reaching safepoint: 31666 ns, Cleanup: 6847 ns, At safepoint: 15596614 ns, Total: 15635127 ns
[2024-10-15T07:12:20.537+0000][125][info ][safepoint   ] Safepoint "Cleanup", Time since last: 1467748024 ns, Reaching safepoint: 1943151 ns, Cleanup: 23597 ns, At safepoint: 8501064 ns, Total: 10467812 ns
[2024-10-15T07:12:20.773+0000][125][info ][gc,start    ] GC(189) Pause Young (Normal) (G1 Evacuation Pause)
[2024-10-15T07:12:20.774+0000][125][info ][gc,task     ] GC(189) Using 4 workers of 4 for evacuation
[2024-10-15T07:12:20.774+0000][125][debug][gc,age      ] GC(189) Desired survivor size 216006656 bytes, new threshold 15 (max threshold 15)
[2024-10-15T07:12:20.783+0000][125][info ][gc,phases   ] GC(189)   Pre Evacuate Collection Set: 0.89ms
[2024-10-15T07:12:20.783+0000][125][info ][gc,phases   ] GC(189)   Merge Heap Roots: 0.67ms
[2024-10-15T07:12:20.783+0000][125][info ][gc,phases   ] GC(189)   Evacuate Collection Set: 5.25ms
[2024-10-15T07:12:20.783+0000][125][info ][gc,phases   ] GC(189)   Post Evacuate Collection Set: 2.69ms
[2024-10-15T07:12:20.783+0000][125][info ][gc,phases   ] GC(189)   Other: 0.26ms
[2024-10-15T07:12:20.783+0000][125][trace][gc,age      ] GC(189) Age table with threshold 15 (max threshold 15)
[2024-10-15T07:12:20.783+0000][125][trace][gc,age      ] GC(189) - age   1:    4198568 bytes,    4198568 total
[2024-10-15T07:12:20.783+0000][125][trace][gc,age      ] GC(189) - age   2:       5176 bytes,    4203744 total
[2024-10-15T07:12:20.783+0000][125][trace][gc,age      ] GC(189) - age   3:       1136 bytes,    4204880 total
[2024-10-15T07:12:20.783+0000][125][trace][gc,age      ] GC(189) - age   4:        568 bytes,    4205448 total
[2024-10-15T07:12:20.783+0000][125][trace][gc,age      ] GC(189) - age   5:        792 bytes,    4206240 total
[2024-10-15T07:12:20.783+0000][125][trace][gc,age      ] GC(189) - age   6:       4128 bytes,    4210368 total
[2024-10-15T07:12:20.783+0000][125][trace][gc,age      ] GC(189) - age   7:       1912 bytes,    4212280 total
[2024-10-15T07:12:20.783+0000][125][trace][gc,age      ] GC(189) - age   8:        504 bytes,    4212784 total
[2024-10-15T07:12:20.783+0000][125][trace][gc,age      ] GC(189) - age  10:       3904 bytes,    4216688 total
[2024-10-15T07:12:20.783+0000][125][trace][gc,age      ] GC(189) - age  11:      14680 bytes,    4231368 total
[2024-10-15T07:12:20.783+0000][125][trace][gc,age      ] GC(189) - age  12:     159168 bytes,    4390536 total
[2024-10-15T07:12:20.783+0000][125][trace][gc,age      ] GC(189) - age  13:     264888 bytes,    4655424 total
[2024-10-15T07:12:20.783+0000][125][trace][gc,age      ] GC(189) - age  14:      57336 bytes,    4712760 total
[2024-10-15T07:12:20.783+0000][125][trace][gc,age      ] GC(189) - age  15:     152504 bytes,    4865264 total
[2024-10-15T07:12:20.783+0000][125][info ][gc,heap     ] GC(189) Eden regions: 809->0(818)
[2024-10-15T07:12:20.783+0000][125][info ][gc,heap     ] GC(189) Survivor regions: 12->3(103)
[2024-10-15T07:12:20.783+0000][125][info ][gc,heap     ] GC(189) Old regions: 60->60
[2024-10-15T07:12:20.783+0000][125][info ][gc,heap     ] GC(189) Humongous regions: 2->2
[2024-10-15T07:12:20.784+0000][125][info ][gc,metaspace] GC(189) Metaspace: 157180K(163008K)->157180K(163008K) NonClass: 136166K(139392K)->136166K(139392K) Class: 21013K(23616K)->21013K(23616K)
[2024-10-15T07:12:20.784+0000][125][info ][gc          ] GC(189) Pause Young (Normal) (G1 Evacuation Pause) 3531M->257M(5476M) 10.061ms
[2024-10-15T07:12:20.784+0000][125][info ][gc,cpu      ] GC(189) User=0.02s Sys=0.00s Real=0.01s
[2024-10-15T07:12:20.784+0000][125][info ][safepoint   ] Safepoint "G1CollectForAllocation", Time since last: 236012416 ns, Reaching safepoint: 764590 ns, Cleanup: 10166 ns, At safepoint: 10286476 ns, Total: 11061232 ns
[2024-10-15T07:12:22.205+0000][125][info ][gc,start    ] GC(190) Pause Young (Normal) (G1 Evacuation Pause)
[2024-10-15T07:12:22.205+0000][125][info ][gc,task     ] GC(190) Using 4 workers of 4 for evacuation
[2024-10-15T07:12:22.205+0000][125][debug][gc,age      ] GC(190) Desired survivor size 216006656 bytes, new threshold 15 (max threshold 15)
[2024-10-15T07:12:22.214+0000][125][info ][gc,phases   ] GC(190)   Pre Evacuate Collection Set: 0.83ms
[2024-10-15T07:12:22.214+0000][125][info ][gc,phases   ] GC(190)   Merge Heap Roots: 0.48ms
[2024-10-15T07:12:22.214+0000][125][info ][gc,phases   ] GC(190)   Evacuate Collection Set: 5.09ms
[2024-10-15T07:12:22.214+0000][125][info ][gc,phases   ] GC(190)   Post Evacuate Collection Set: 2.23ms
[2024-10-15T07:12:22.214+0000][125][info ][gc,phases   ] GC(190)   Other: 0.21ms
[2024-10-15T07:12:22.214+0000][125][trace][gc,age      ] GC(190) Age table with threshold 15 (max threshold 15)
[2024-10-15T07:12:22.214+0000][125][trace][gc,age      ] GC(190) - age   1:    9090928 bytes,    9090928 total
[2024-10-15T07:12:22.214+0000][125][trace][gc,age      ] GC(190) - age   2:    1828592 bytes,   10919520 total
[2024-10-15T07:12:22.214+0000][125][trace][gc,age      ] GC(190) - age   3:       4136 bytes,   10923656 total
[2024-10-15T07:12:22.214+0000][125][trace][gc,age      ] GC(190) - age   4:        848 bytes,   10924504 total
[2024-10-15T07:12:22.214+0000][125][trace][gc,age      ] GC(190) - age   5:        208 bytes,   10924712 total
[2024-10-15T07:12:22.214+0000][125][trace][gc,age      ] GC(190) - age   6:        640 bytes,   10925352 total
[2024-10-15T07:12:22.214+0000][125][trace][gc,age      ] GC(190) - age   7:       4128 bytes,   10929480 total
[2024-10-15T07:12:22.214+0000][125][trace][gc,age      ] GC(190) - age   8:       1872 bytes,   10931352 total
[2024-10-15T07:12:22.214+0000][125][trace][gc,age      ] GC(190) - age   9:        504 bytes,   10931856 total
[2024-10-15T07:12:22.214+0000][125][trace][gc,age      ] GC(190) - age  11:       3864 bytes,   10935720 total
[2024-10-15T07:12:22.214+0000][125][trace][gc,age      ] GC(190) - age  12:        568 bytes,   10936288 total
[2024-10-15T07:12:22.214+0000][125][trace][gc,age      ] GC(190) - age  13:     159072 bytes,   11095360 total
[2024-10-15T07:12:22.214+0000][125][trace][gc,age      ] GC(190) - age  14:     264640 bytes,   11360000 total
[2024-10-15T07:12:22.214+0000][125][trace][gc,age      ] GC(190) - age  15:      57336 bytes,   11417336 total
[2024-10-15T07:12:22.214+0000][125][info ][gc,heap     ] GC(190) Eden regions: 818->0(818)
[2024-10-15T07:12:22.214+0000][125][info ][gc,heap     ] GC(190) Survivor regions: 3->3(103)
[2024-10-15T07:12:22.214+0000][125][info ][gc,heap     ] GC(190) Old regions: 60->60
[2024-10-15T07:12:22.214+0000][125][info ][gc,heap     ] GC(190) Humongous regions: 2->2
[2024-10-15T07:12:22.214+0000][125][info ][gc,metaspace] GC(190) Metaspace: 157180K(163008K)->157180K(163008K) NonClass: 136166K(139392K)->136166K(139392K) Class: 21013K(23616K)->21013K(23616K)
[2024-10-15T07:12:22.214+0000][125][info ][gc          ] GC(190) Pause Young (Normal) (G1 Evacuation Pause) 3529M->259M(5476M) 9.161ms
[2024-10-15T07:12:22.214+0000][125][info ][gc,cpu      ] GC(190) User=0.03s Sys=0.01s Real=0.01s
[2024-10-15T07:12:22.214+0000][125][info ][safepoint   ] Safepoint "G1CollectForAllocation", Time since last: 1420173282 ns, Reaching safepoint: 721393 ns, Cleanup: 9881 ns, At safepoint: 9324852 ns, Total: 10056126 ns
[2024-10-15T07:12:24.248+0000][125][info ][gc,start    ] GC(191) Pause Young (Normal) (G1 Evacuation Pause)
[2024-10-15T07:12:24.248+0000][125][info ][gc,task     ] GC(191) Using 4 workers of 4 for evacuation
[2024-10-15T07:12:24.248+0000][125][debug][gc,age      ] GC(191) Desired survivor size 216006656 bytes, new threshold 15 (max threshold 15)
[2024-10-15T07:12:24.271+0000][125][info ][gc,phases   ] GC(191)   Pre Evacuate Collection Set: 1.37ms
[2024-10-15T07:12:24.271+0000][125][info ][gc,phases   ] GC(191)   Merge Heap Roots: 0.66ms
[2024-10-15T07:12:24.271+0000][125][info ][gc,phases   ] GC(191)   Evacuate Collection Set: 17.91ms
[2024-10-15T07:12:24.271+0000][125][info ][gc,phases   ] GC(191)   Post Evacuate Collection Set: 2.62ms
[2024-10-15T07:12:24.271+0000][125][info ][gc,phases   ] GC(191)   Other: 0.14ms
[2024-10-15T07:12:24.271+0000][125][trace][gc,age      ] GC(191) Age table with threshold 15 (max threshold 15)
[2024-10-15T07:12:24.272+0000][125][trace][gc,age      ] GC(191) - age   1:    9773232 bytes,    9773232 total
[2024-10-15T07:12:24.272+0000][125][trace][gc,age      ] GC(191) - age   2:    4382640 bytes,   14155872 total
[2024-10-15T07:12:24.272+0000][125][trace][gc,age      ] GC(191) - age   3:    1766672 bytes,   15922544 total
[2024-10-15T07:12:24.272+0000][125][trace][gc,age      ] GC(191) - age   4:       3760 bytes,   15926304 total
[2024-10-15T07:12:24.272+0000][125][trace][gc,age      ] GC(191) - age   5:        328 bytes,   15926632 total
[2024-10-15T07:12:24.272+0000][125][trace][gc,age      ] GC(191) - age   6:        176 bytes,   15926808 total
[2024-10-15T07:12:24.272+0000][125][trace][gc,age      ] GC(191) - age   7:        392 bytes,   15927200 total
[2024-10-15T07:12:24.272+0000][125][trace][gc,age      ] GC(191) - age   8:       4128 bytes,   15931328 total
[2024-10-15T07:12:24.272+0000][125][trace][gc,age      ] GC(191) - age   9:       1872 bytes,   15933200 total
[2024-10-15T07:12:24.272+0000][125][trace][gc,age      ] GC(191) - age  10:        504 bytes,   15933704 total
[2024-10-15T07:12:24.272+0000][125][trace][gc,age      ] GC(191) - age  12:       3864 bytes,   15937568 total
[2024-10-15T07:12:24.272+0000][125][trace][gc,age      ] GC(191) - age  13:        528 bytes,   15938096 total
[2024-10-15T07:12:24.272+0000][125][trace][gc,age      ] GC(191) - age  14:     159072 bytes,   16097168 total
[2024-10-15T07:12:24.272+0000][125][trace][gc,age      ] GC(191) - age  15:     264640 bytes,   16361808 total
[2024-10-15T07:12:24.272+0000][125][info ][gc,heap     ] GC(191) Eden regions: 818->0(816)
[2024-10-15T07:12:24.272+0000][125][info ][gc,heap     ] GC(191) Survivor regions: 3->5(103)
[2024-10-15T07:12:24.272+0000][125][info ][gc,heap     ] GC(191) Old regions: 60->61
[2024-10-15T07:12:24.272+0000][125][info ][gc,heap     ] GC(191) Humongous regions: 2->2
[2024-10-15T07:12:24.272+0000][125][info ][gc,metaspace] GC(191) Metaspace: 157180K(163008K)->157180K(163008K) NonClass: 136166K(139392K)->136166K(139392K) Class: 21013K(23616K)->21013K(23616K)
[2024-10-15T07:12:24.272+0000][125][info ][gc          ] GC(191) Pause Young (Normal) (G1 Evacuation Pause) 3531M->266M(5476M) 23.404ms
[2024-10-15T07:12:24.272+0000][125][info ][gc,cpu      ] GC(191) User=0.05s Sys=0.00s Real=0.02s
[2024-10-15T07:12:24.276+0000][125][info ][safepoint   ] Safepoint "G1CollectForAllocation", Time since last: 2041721573 ns, Reaching safepoint: 689082 ns, Cleanup: 10311 ns, At safepoint: 28011471 ns, Total: 28710864 ns
[2024-10-15T07:12:25.292+0000][125][info ][safepoint   ] Safepoint "Cleanup", Time since last: 1013943493 ns, Reaching safepoint: 1610878 ns, Cleanup: 15174 ns, At safepoint: 565604 ns, Total: 2191656 ns
[2024-10-15T07:12:25.869+0000][125][info ][gc,start    ] GC(192) Pause Young (Normal) (G1 Evacuation Pause)
[2024-10-15T07:12:25.870+0000][125][info ][gc,task     ] GC(192) Using 4 workers of 4 for evacuation
[2024-10-15T07:12:25.870+0000][125][debug][gc,age      ] GC(192) Desired survivor size 216006656 bytes, new threshold 15 (max threshold 15)
[2024-10-15T07:12:25.887+0000][125][info ][gc,phases   ] GC(192)   Pre Evacuate Collection Set: 0.84ms
[2024-10-15T07:12:25.887+0000][125][info ][gc,phases   ] GC(192)   Merge Heap Roots: 0.48ms
[2024-10-15T07:12:25.887+0000][125][info ][gc,phases   ] GC(192)   Evacuate Collection Set: 12.84ms
[2024-10-15T07:12:25.887+0000][125][info ][gc,phases   ] GC(192)   Post Evacuate Collection Set: 2.90ms
[2024-10-15T07:12:25.887+0000][125][info ][gc,phases   ] GC(192)   Other: 0.25ms
[2024-10-15T07:12:25.887+0000][125][trace][gc,age      ] GC(192) Age table with threshold 15 (max threshold 15)
[2024-10-15T07:12:25.887+0000][125][trace][gc,age      ] GC(192) - age   1:    9874560 bytes,    9874560 total
[2024-10-15T07:12:25.887+0000][125][trace][gc,age      ] GC(192) - age   2:    4442904 bytes,   14317464 total
[2024-10-15T07:12:25.887+0000][125][trace][gc,age      ] GC(192) - age   3:    4294008 bytes,   18611472 total
[2024-10-15T07:12:25.887+0000][125][trace][gc,age      ] GC(192) - age   4:    1760672 bytes,   20372144 total
[2024-10-15T07:12:25.887+0000][125][trace][gc,age      ] GC(192) - age   5:       3528 bytes,   20375672 total
[2024-10-15T07:12:25.887+0000][125][trace][gc,age      ] GC(192) - age   6:        256 bytes,   20375928 total
[2024-10-15T07:12:25.887+0000][125][trace][gc,age      ] GC(192) - age   7:        176 bytes,   20376104 total
[2024-10-15T07:12:25.887+0000][125][trace][gc,age      ] GC(192) - age   8:        272 bytes,   20376376 total
[2024-10-15T07:12:25.887+0000][125][trace][gc,age      ] GC(192) - age   9:       4128 bytes,   20380504 total
[2024-10-15T07:12:25.887+0000][125][trace][gc,age      ] GC(192) - age  10:       1872 bytes,   20382376 total
[2024-10-15T07:12:25.887+0000][125][trace][gc,age      ] GC(192) - age  11:        424 bytes,   20382800 total
[2024-10-15T07:12:25.887+0000][125][trace][gc,age      ] GC(192) - age  13:        280 bytes,   20383080 total
[2024-10-15T07:12:25.887+0000][125][trace][gc,age      ] GC(192) - age  14:        448 bytes,   20383528 total
[2024-10-15T07:12:25.887+0000][125][trace][gc,age      ] GC(192) - age  15:      87768 bytes,   20471296 total
[2024-10-15T07:12:25.887+0000][125][info ][gc,heap     ] GC(192) Eden regions: 816->0(815)
[2024-10-15T07:12:25.887+0000][125][info ][gc,heap     ] GC(192) Survivor regions: 5->6(103)
[2024-10-15T07:12:25.887+0000][125][info ][gc,heap     ] GC(192) Old regions: 61->61
[2024-10-15T07:12:25.887+0000][125][info ][gc,heap     ] GC(192) Humongous regions: 2->2
[2024-10-15T07:12:25.887+0000][125][info ][gc,metaspace] GC(192) Metaspace: 157180K(163008K)->157180K(163008K) NonClass: 136166K(139392K)->136166K(139392K) Class: 21013K(23616K)->21013K(23616K)
[2024-10-15T07:12:25.887+0000][125][info ][gc          ] GC(192) Pause Young (Normal) (G1 Evacuation Pause) 3530M->269M(5476M) 17.632ms
[2024-10-15T07:12:25.887+0000][125][info ][gc,cpu      ] GC(192) User=0.05s Sys=0.00s Real=0.02s
[2024-10-15T07:12:25.890+0000][125][info ][safepoint   ] Safepoint "G1CollectForAllocation", Time since last: 576964534 ns, Reaching safepoint: 42115 ns, Cleanup: 11980 ns, At safepoint: 20943825 ns, Total: 20997920 ns
[2024-10-15T07:12:28.980+0000][125][info ][gc,start    ] GC(193) Pause Young (Normal) (G1 Evacuation Pause)
[2024-10-15T07:12:28.981+0000][125][info ][gc,task     ] GC(193) Using 4 workers of 4 for evacuation
[2024-10-15T07:12:28.981+0000][125][debug][gc,age      ] GC(193) Desired survivor size 216006656 bytes, new threshold 15 (max threshold 15)
[2024-10-15T07:12:29.063+0000][125][info ][gc,phases   ] GC(193)   Pre Evacuate Collection Set: 0.91ms
[2024-10-15T07:12:29.065+0000][125][info ][gc,phases   ] GC(193)   Merge Heap Roots: 0.90ms
[2024-10-15T07:12:29.065+0000][125][info ][gc,phases   ] GC(193)   Evacuate Collection Set: 17.21ms
[2024-10-15T07:12:29.065+0000][125][info ][gc,phases   ] GC(193)   Post Evacuate Collection Set: 63.01ms
[2024-10-15T07:12:29.065+0000][125][info ][gc,phases   ] GC(193)   Other: 0.29ms
[2024-10-15T07:12:29.065+0000][125][trace][gc,age      ] GC(193) Age table with threshold 15 (max threshold 15)
[2024-10-15T07:12:29.065+0000][125][trace][gc,age      ] GC(193) - age   1:   10053184 bytes,   10053184 total
[2024-10-15T07:12:29.065+0000][125][trace][gc,age      ] GC(193) - age   2:    3198888 bytes,   13252072 total
[2024-10-15T07:12:29.065+0000][125][trace][gc,age      ] GC(193) - age   3:    4243112 bytes,   17495184 total
[2024-10-15T07:12:29.065+0000][125][trace][gc,age      ] GC(193) - age   4:    4293560 bytes,   21788744 total
[2024-10-15T07:12:29.065+0000][125][trace][gc,age      ] GC(193) - age   5:    1760136 bytes,   23548880 total
[2024-10-15T07:12:29.065+0000][125][trace][gc,age      ] GC(193) - age   6:       3488 bytes,   23552368 total
[2024-10-15T07:12:29.065+0000][125][trace][gc,age      ] GC(193) - age   7:        256 bytes,   23552624 total
[2024-10-15T07:12:29.065+0000][125][trace][gc,age      ] GC(193) - age   8:        136 bytes,   23552760 total
[2024-10-15T07:12:29.065+0000][125][trace][gc,age      ] GC(193) - age   9:        272 bytes,   23553032 total
[2024-10-15T07:12:29.065+0000][125][trace][gc,age      ] GC(193) - age  10:       4128 bytes,   23557160 total
[2024-10-15T07:12:29.065+0000][125][trace][gc,age      ] GC(193) - age  11:       1832 bytes,   23558992 total
[2024-10-15T07:12:29.065+0000][125][trace][gc,age      ] GC(193) - age  12:        424 bytes,   23559416 total
[2024-10-15T07:12:29.065+0000][125][trace][gc,age      ] GC(193) - age  14:        160 bytes,   23559576 total
[2024-10-15T07:12:29.065+0000][125][trace][gc,age      ] GC(193) - age  15:        448 bytes,   23560024 total
[2024-10-15T07:12:29.065+0000][125][info ][gc,heap     ] GC(193) Eden regions: 815->0(815)
[2024-10-15T07:12:29.065+0000][125][info ][gc,heap     ] GC(193) Survivor regions: 6->6(103)
[2024-10-15T07:12:29.065+0000][125][info ][gc,heap     ] GC(193) Old regions: 61->61
[2024-10-15T07:12:29.065+0000][125][info ][gc,heap     ] GC(193) Humongous regions: 2->2
[2024-10-15T07:12:29.065+0000][125][info ][gc,metaspace] GC(193) Metaspace: 157180K(163008K)->157180K(163008K) NonClass: 136166K(139392K)->136166K(139392K) Class: 21013K(23616K)->21013K(23616K)
[2024-10-15T07:12:29.065+0000][125][info ][gc          ] GC(193) Pause Young (Normal) (G1 Evacuation Pause) 3529M->272M(5476M) 84.514ms
[2024-10-15T07:12:29.065+0000][125][info ][gc,cpu      ] GC(193) User=0.11s Sys=0.01s Real=0.09s
[2024-10-15T07:12:29.090+0000][125][info ][safepoint   ] Safepoint "G1CollectForAllocation", Time since last: 3089183756 ns, Reaching safepoint: 744578 ns, Cleanup: 8729 ns, At safepoint: 110057136 ns, Total: 110810443 ns
[2024-10-15T07:12:31.132+0000][125][info ][safepoint   ] Safepoint "Cleanup", Time since last: 2022478925 ns, Reaching safepoint: 13511981 ns, Cleanup: 24239 ns, At safepoint: 5291104 ns, Total: 18827324 ns
[2024-10-15T07:12:32.985+0000][125][info ][gc,start    ] GC(194) Pause Young (Normal) (G1 Evacuation Pause)
[2024-10-15T07:12:32.985+0000][125][info ][gc,task     ] GC(194) Using 4 workers of 4 for evacuation
[2024-10-15T07:12:32.985+0000][125][debug][gc,age      ] GC(194) Desired survivor size 216006656 bytes, new threshold 15 (max threshold 15)
[2024-10-15T07:12:32.997+0000][125][info ][gc,phases   ] GC(194)   Pre Evacuate Collection Set: 0.52ms
[2024-10-15T07:12:32.997+0000][125][info ][gc,phases   ] GC(194)   Merge Heap Roots: 0.44ms
[2024-10-15T07:12:32.997+0000][125][info ][gc,phases   ] GC(194)   Evacuate Collection Set: 8.29ms
[2024-10-15T07:12:32.997+0000][125][info ][gc,phases   ] GC(194)   Post Evacuate Collection Set: 2.04ms
[2024-10-15T07:12:32.997+0000][125][info ][gc,phases   ] GC(194)   Other: 0.15ms
[2024-10-15T07:12:32.997+0000][125][trace][gc,age      ] GC(194) Age table with threshold 15 (max threshold 15)
[2024-10-15T07:12:32.997+0000][125][trace][gc,age      ] GC(194) - age   1:    7446576 bytes,    7446576 total
[2024-10-15T07:12:32.997+0000][125][trace][gc,age      ] GC(194) - age   2:    5838256 bytes,   13284832 total
[2024-10-15T07:12:32.997+0000][125][trace][gc,age      ] GC(194) - age   3:    3070344 bytes,   16355176 total
[2024-10-15T07:12:32.997+0000][125][trace][gc,age      ] GC(194) - age   4:    4241720 bytes,   20596896 total
[2024-10-15T07:12:32.997+0000][125][trace][gc,age      ] GC(194) - age   5:    4289984 bytes,   24886880 total
[2024-10-15T07:12:32.997+0000][125][trace][gc,age      ] GC(194) - age   6:    1759328 bytes,   26646208 total
[2024-10-15T07:12:32.997+0000][125][trace][gc,age      ] GC(194) - age   7:       3488 bytes,   26649696 total
[2024-10-15T07:12:32.997+0000][125][trace][gc,age      ] GC(194) - age   8:        216 bytes,   26649912 total
[2024-10-15T07:12:32.997+0000][125][trace][gc,age      ] GC(194) - age   9:        136 bytes,   26650048 total
[2024-10-15T07:12:32.997+0000][125][trace][gc,age      ] GC(194) - age  10:        272 bytes,   26650320 total
[2024-10-15T07:12:32.997+0000][125][trace][gc,age      ] GC(194) - age  11:       4128 bytes,   26654448 total
[2024-10-15T07:12:32.997+0000][125][trace][gc,age      ] GC(194) - age  12:       1832 bytes,   26656280 total
[2024-10-15T07:12:32.997+0000][125][trace][gc,age      ] GC(194) - age  13:        384 bytes,   26656664 total
[2024-10-15T07:12:32.997+0000][125][trace][gc,age      ] GC(194) - age  15:        160 bytes,   26656824 total
[2024-10-15T07:12:32.997+0000][125][info ][gc,heap     ] GC(194) Eden regions: 815->0(813)
[2024-10-15T07:12:32.997+0000][125][info ][gc,heap     ] GC(194) Survivor regions: 6->8(103)
[2024-10-15T07:12:32.997+0000][125][info ][gc,heap     ] GC(194) Old regions: 61->61
[2024-10-15T07:12:32.997+0000][125][info ][gc,heap     ] GC(194) Humongous regions: 2->2
[2024-10-15T07:12:32.997+0000][125][info ][gc,metaspace] GC(194) Metaspace: 157180K(163008K)->157180K(163008K) NonClass: 136166K(139392K)->136166K(139392K) Class: 21013K(23616K)->21013K(23616K)
[2024-10-15T07:12:32.997+0000][125][info ][gc          ] GC(194) Pause Young (Normal) (G1 Evacuation Pause) 3532M->277M(5476M) 11.804ms
[2024-10-15T07:12:32.997+0000][125][info ][gc,cpu      ] GC(194) User=0.03s Sys=0.00s Real=0.01s
[2024-10-15T07:12:32.998+0000][125][info ][safepoint   ] Safepoint "G1CollectForAllocation", Time since last: 1853191667 ns, Reaching safepoint: 544771 ns, Cleanup: 7635 ns, At safepoint: 12115646 ns, Total: 12668052 ns
[2024-10-15T07:12:35.104+0000][125][info ][gc,start    ] GC(195) Pause Young (Normal) (G1 Evacuation Pause)
[2024-10-15T07:12:35.104+0000][125][info ][gc,task     ] GC(195) Using 4 workers of 4 for evacuation
[2024-10-15T07:12:35.104+0000][125][debug][gc,age      ] GC(195) Desired survivor size 216006656 bytes, new threshold 15 (max threshold 15)
[2024-10-15T07:12:35.120+0000][125][info ][gc,phases   ] GC(195)   Pre Evacuate Collection Set: 0.71ms
[2024-10-15T07:12:35.120+0000][125][info ][gc,phases   ] GC(195)   Merge Heap Roots: 0.44ms
[2024-10-15T07:12:35.120+0000][125][info ][gc,phases   ] GC(195)   Evacuate Collection Set: 11.22ms
[2024-10-15T07:12:35.120+0000][125][info ][gc,phases   ] GC(195)   Post Evacuate Collection Set: 2.92ms
[2024-10-15T07:12:35.120+0000][125][info ][gc,phases   ] GC(195)   Other: 0.13ms
[2024-10-15T07:12:35.120+0000][125][trace][gc,age      ] GC(195) Age table with threshold 15 (max threshold 15)
[2024-10-15T07:12:35.120+0000][125][trace][gc,age      ] GC(195) - age   1:   13429464 bytes,   13429464 total
[2024-10-15T07:12:35.120+0000][125][trace][gc,age      ] GC(195) - age   2:    3071472 bytes,   16500936 total
[2024-10-15T07:12:35.120+0000][125][trace][gc,age      ] GC(195) - age   3:    3082712 bytes,   19583648 total
[2024-10-15T07:12:35.120+0000][125][trace][gc,age      ] GC(195) - age   4:    2779400 bytes,   22363048 total
[2024-10-15T07:12:35.120+0000][125][trace][gc,age      ] GC(195) - age   5:    3128272 bytes,   25491320 total
[2024-10-15T07:12:35.120+0000][125][trace][gc,age      ] GC(195) - age   6:    4027312 bytes,   29518632 total
[2024-10-15T07:12:35.120+0000][125][trace][gc,age      ] GC(195) - age   7:    1759328 bytes,   31277960 total
[2024-10-15T07:12:35.120+0000][125][trace][gc,age      ] GC(195) - age   8:       3448 bytes,   31281408 total
[2024-10-15T07:12:35.120+0000][125][trace][gc,age      ] GC(195) - age   9:        176 bytes,   31281584 total
[2024-10-15T07:12:35.120+0000][125][trace][gc,age      ] GC(195) - age  10:        136 bytes,   31281720 total
[2024-10-15T07:12:35.120+0000][125][trace][gc,age      ] GC(195) - age  11:        272 bytes,   31281992 total
[2024-10-15T07:12:35.120+0000][125][trace][gc,age      ] GC(195) - age  12:       4128 bytes,   31286120 total
[2024-10-15T07:12:35.120+0000][125][trace][gc,age      ] GC(195) - age  13:       1832 bytes,   31287952 total
[2024-10-15T07:12:35.120+0000][125][trace][gc,age      ] GC(195) - age  14:        384 bytes,   31288336 total
[2024-10-15T07:12:35.120+0000][125][info ][gc,heap     ] GC(195) Eden regions: 813->0(812)
[2024-10-15T07:12:35.120+0000][125][info ][gc,heap     ] GC(195) Survivor regions: 8->9(103)
[2024-10-15T07:12:35.120+0000][125][info ][gc,heap     ] GC(195) Old regions: 61->61
[2024-10-15T07:12:35.120+0000][125][info ][gc,heap     ] GC(195) Humongous regions: 2->2
[2024-10-15T07:12:35.120+0000][125][info ][gc,metaspace] GC(195) Metaspace: 157180K(163008K)->157180K(163008K) NonClass: 136166K(139392K)->136166K(139392K) Class: 21013K(23616K)->21013K(23616K)
[2024-10-15T07:12:35.120+0000][125][info ][gc          ] GC(195) Pause Young (Normal) (G1 Evacuation Pause) 3529M->282M(5476M) 15.706ms
[2024-10-15T07:12:35.120+0000][125][info ][gc,cpu      ] GC(195) User=0.05s Sys=0.01s Real=0.01s
[2024-10-15T07:12:35.125+0000][125][info ][safepoint   ] Safepoint "G1CollectForAllocation", Time since last: 2103353663 ns, Reaching safepoint: 3378895 ns, Cleanup: 10320 ns, At safepoint: 20446995 ns, Total: 23836210 ns
[2024-10-15T07:12:37.543+0000][125][info ][gc,start    ] GC(196) Pause Young (Normal) (G1 Evacuation Pause)
[2024-10-15T07:12:37.544+0000][125][info ][gc,task     ] GC(196) Using 4 workers of 4 for evacuation
[2024-10-15T07:12:37.544+0000][125][debug][gc,age      ] GC(196) Desired survivor size 216006656 bytes, new threshold 15 (max threshold 15)
[2024-10-15T07:12:37.556+0000][125][info ][gc,phases   ] GC(196)   Pre Evacuate Collection Set: 0.60ms
[2024-10-15T07:12:37.556+0000][125][info ][gc,phases   ] GC(196)   Merge Heap Roots: 0.27ms
[2024-10-15T07:12:37.556+0000][125][info ][gc,phases   ] GC(196)   Evacuate Collection Set: 9.24ms
[2024-10-15T07:12:37.556+0000][125][info ][gc,phases   ] GC(196)   Post Evacuate Collection Set: 2.01ms
[2024-10-15T07:12:37.556+0000][125][info ][gc,phases   ] GC(196)   Other: 0.13ms
[2024-10-15T07:12:37.556+0000][125][trace][gc,age      ] GC(196) Age table with threshold 15 (max threshold 15)
[2024-10-15T07:12:37.556+0000][125][trace][gc,age      ] GC(196) - age   1:    8216328 bytes,    8216328 total
[2024-10-15T07:12:37.556+0000][125][trace][gc,age      ] GC(196) - age   2:    7963008 bytes,   16179336 total
[2024-10-15T07:12:37.556+0000][125][trace][gc,age      ] GC(196) - age   3:    2848352 bytes,   19027688 total
[2024-10-15T07:12:37.556+0000][125][trace][gc,age      ] GC(196) - age   4:    3082440 bytes,   22110128 total
[2024-10-15T07:12:37.556+0000][125][trace][gc,age      ] GC(196) - age   5:    2713608 bytes,   24823736 total
[2024-10-15T07:12:37.556+0000][125][trace][gc,age      ] GC(196) - age   6:    3024632 bytes,   27848368 total
[2024-10-15T07:12:37.556+0000][125][trace][gc,age      ] GC(196) - age   7:    4027272 bytes,   31875640 total
[2024-10-15T07:12:37.556+0000][125][trace][gc,age      ] GC(196) - age   8:    1758680 bytes,   33634320 total
[2024-10-15T07:12:37.556+0000][125][trace][gc,age      ] GC(196) - age   9:       3448 bytes,   33637768 total
[2024-10-15T07:12:37.556+0000][125][trace][gc,age      ] GC(196) - age  10:        176 bytes,   33637944 total
[2024-10-15T07:12:37.556+0000][125][trace][gc,age      ] GC(196) - age  11:        136 bytes,   33638080 total
[2024-10-15T07:12:37.556+0000][125][trace][gc,age      ] GC(196) - age  12:        232 bytes,   33638312 total
[2024-10-15T07:12:37.556+0000][125][trace][gc,age      ] GC(196) - age  13:       4128 bytes,   33642440 total
[2024-10-15T07:12:37.556+0000][125][trace][gc,age      ] GC(196) - age  14:       1792 bytes,   33644232 total
[2024-10-15T07:12:37.556+0000][125][trace][gc,age      ] GC(196) - age  15:        384 bytes,   33644616 total
[2024-10-15T07:12:37.556+0000][125][info ][gc,heap     ] GC(196) Eden regions: 812->0(812)
[2024-10-15T07:12:37.556+0000][125][info ][gc,heap     ] GC(196) Survivor regions: 9->9(103)
[2024-10-15T07:12:37.556+0000][125][info ][gc,heap     ] GC(196) Old regions: 61->61
[2024-10-15T07:12:37.556+0000][125][info ][gc,heap     ] GC(196) Humongous regions: 2->2
[2024-10-15T07:12:37.556+0000][125][info ][gc,metaspace] GC(196) Metaspace: 157180K(163008K)->157180K(163008K) NonClass: 136166K(139392K)->136166K(139392K) Class: 21013K(23616K)->21013K(23616K)
[2024-10-15T07:12:37.556+0000][125][info ][gc          ] GC(196) Pause Young (Normal) (G1 Evacuation Pause) 3530M->283M(5476M) 12.510ms
[2024-10-15T07:12:37.556+0000][125][info ][gc,cpu      ] GC(196) User=0.02s Sys=0.01s Real=0.01s
[2024-10-15T07:12:37.556+0000][125][info ][safepoint   ] Safepoint "G1CollectForAllocation", Time since last: 2417674064 ns, Reaching safepoint: 1043009 ns, Cleanup: 8012 ns, At safepoint: 12792899 ns, Total: 13843920 ns
[2024-10-15T07:12:38.845+0000][125][info ][gc,start    ] GC(197) Pause Young (Normal) (G1 Evacuation Pause)
[2024-10-15T07:12:38.845+0000][125][info ][gc,task     ] GC(197) Using 4 workers of 4 for evacuation
[2024-10-15T07:12:38.845+0000][125][debug][gc,age      ] GC(197) Desired survivor size 216006656 bytes, new threshold 15 (max threshold 15)
[2024-10-15T07:12:38.859+0000][125][info ][gc,phases   ] GC(197)   Pre Evacuate Collection Set: 0.81ms
[2024-10-15T07:12:38.860+0000][125][info ][gc,phases   ] GC(197)   Merge Heap Roots: 0.31ms
[2024-10-15T07:12:38.860+0000][125][info ][gc,phases   ] GC(197)   Evacuate Collection Set: 9.90ms
[2024-10-15T07:12:38.860+0000][125][info ][gc,phases   ] GC(197)   Post Evacuate Collection Set: 3.68ms
[2024-10-15T07:12:38.860+0000][125][info ][gc,phases   ] GC(197)   Other: 0.16ms
[2024-10-15T07:12:38.860+0000][125][trace][gc,age      ] GC(197) Age table with threshold 15 (max threshold 15)
[2024-10-15T07:12:38.860+0000][125][trace][gc,age      ] GC(197) - age   1:   10317896 bytes,   10317896 total
[2024-10-15T07:12:38.860+0000][125][trace][gc,age      ] GC(197) - age   2:    4463968 bytes,   14781864 total
[2024-10-15T07:12:38.860+0000][125][trace][gc,age      ] GC(197) - age   3:    4876040 bytes,   19657904 total
[2024-10-15T07:12:38.860+0000][125][trace][gc,age      ] GC(197) - age   4:    2848016 bytes,   22505920 total
[2024-10-15T07:12:38.860+0000][125][trace][gc,age      ] GC(197) - age   5:    2672696 bytes,   25178616 total
[2024-10-15T07:12:38.860+0000][125][trace][gc,age      ] GC(197) - age   6:    2713568 bytes,   27892184 total
[2024-10-15T07:12:38.860+0000][125][trace][gc,age      ] GC(197) - age   7:    2902888 bytes,   30795072 total
[2024-10-15T07:12:38.860+0000][125][trace][gc,age      ] GC(197) - age   8:    4027272 bytes,   34822344 total
[2024-10-15T07:12:38.860+0000][125][trace][gc,age      ] GC(197) - age   9:    1712656 bytes,   36535000 total
[2024-10-15T07:12:38.860+0000][125][trace][gc,age      ] GC(197) - age  10:       3448 bytes,   36538448 total
[2024-10-15T07:12:38.860+0000][125][trace][gc,age      ] GC(197) - age  11:        176 bytes,   36538624 total
[2024-10-15T07:12:38.860+0000][125][trace][gc,age      ] GC(197) - age  12:        136 bytes,   36538760 total
[2024-10-15T07:12:38.860+0000][125][trace][gc,age      ] GC(197) - age  13:        232 bytes,   36538992 total
[2024-10-15T07:12:38.860+0000][125][trace][gc,age      ] GC(197) - age  14:       4088 bytes,   36543080 total
[2024-10-15T07:12:38.860+0000][125][trace][gc,age      ] GC(197) - age  15:       1792 bytes,   36544872 total
[2024-10-15T07:12:38.860+0000][125][info ][gc,heap     ] GC(197) Eden regions: 812->0(811)
[2024-10-15T07:12:38.860+0000][125][info ][gc,heap     ] GC(197) Survivor regions: 9->10(103)
[2024-10-15T07:12:38.860+0000][125][info ][gc,heap     ] GC(197) Old regions: 61->61
[2024-10-15T07:12:38.860+0000][125][info ][gc,heap     ] GC(197) Humongous regions: 2->2
[2024-10-15T07:12:38.860+0000][125][info ][gc,metaspace] GC(197) Metaspace: 157180K(163008K)->157180K(163008K) NonClass: 136166K(139392K)->136166K(139392K) Class: 21013K(23616K)->21013K(23616K)
[2024-10-15T07:12:38.860+0000][125][info ][gc          ] GC(197) Pause Young (Normal) (G1 Evacuation Pause) 3531M->288M(5476M) 15.286ms
[2024-10-15T07:12:38.860+0000][125][info ][gc,cpu      ] GC(197) User=0.04s Sys=0.01s Real=0.01s
[2024-10-15T07:12:38.863+0000][125][info ][safepoint   ] Safepoint "G1CollectForAllocation", Time since last: 1287145299 ns, Reaching safepoint: 1084207 ns, Cleanup: 8706 ns, At safepoint: 18163133 ns, Total: 19256046 ns
[2024-10-15T07:12:40.069+0000][125][info ][gc,start    ] GC(198) Pause Young (Normal) (G1 Evacuation Pause)
[2024-10-15T07:12:40.069+0000][125][info ][gc,task     ] GC(198) Using 4 workers of 4 for evacuation
[2024-10-15T07:12:40.069+0000][125][debug][gc,age      ] GC(198) Desired survivor size 216006656 bytes, new threshold 15 (max threshold 15)
[2024-10-15T07:12:40.082+0000][125][info ][gc,phases   ] GC(198)   Pre Evacuate Collection Set: 0.72ms
[2024-10-15T07:12:40.082+0000][125][info ][gc,phases   ] GC(198)   Merge Heap Roots: 0.41ms
[2024-10-15T07:12:40.082+0000][125][info ][gc,phases   ] GC(198)   Evacuate Collection Set: 9.18ms
[2024-10-15T07:12:40.082+0000][125][info ][gc,phases   ] GC(198)   Post Evacuate Collection Set: 2.28ms
[2024-10-15T07:12:40.082+0000][125][info ][gc,phases   ] GC(198)   Other: 0.13ms
[2024-10-15T07:12:40.082+0000][125][trace][gc,age      ] GC(198) Age table with threshold 15 (max threshold 15)
[2024-10-15T07:12:40.082+0000][125][trace][gc,age      ] GC(198) - age   1:    6984920 bytes,    6984920 total
[2024-10-15T07:12:40.082+0000][125][trace][gc,age      ] GC(198) - age   2:    6735984 bytes,   13720904 total
[2024-10-15T07:12:40.082+0000][125][trace][gc,age      ] GC(198) - age   3:    3879288 bytes,   17600192 total
[2024-10-15T07:12:40.082+0000][125][trace][gc,age      ] GC(198) - age   4:    4874856 bytes,   22475048 total
[2024-10-15T07:12:40.082+0000][125][trace][gc,age      ] GC(198) - age   5:    2700264 bytes,   25175312 total
[2024-10-15T07:12:40.082+0000][125][trace][gc,age      ] GC(198) - age   6:    2656200 bytes,   27831512 total
[2024-10-15T07:12:40.082+0000][125][trace][gc,age      ] GC(198) - age   7:    2713488 bytes,   30545000 total
[2024-10-15T07:12:40.082+0000][125][trace][gc,age      ] GC(198) - age   8:    2902768 bytes,   33447768 total
[2024-10-15T07:12:40.082+0000][125][trace][gc,age      ] GC(198) - age   9:    4027272 bytes,   37475040 total
[2024-10-15T07:12:40.082+0000][125][trace][gc,age      ] GC(198) - age  10:    1712616 bytes,   39187656 total
[2024-10-15T07:12:40.082+0000][125][trace][gc,age      ] GC(198) - age  11:       3448 bytes,   39191104 total
[2024-10-15T07:12:40.082+0000][125][trace][gc,age      ] GC(198) - age  12:        176 bytes,   39191280 total
[2024-10-15T07:12:40.082+0000][125][trace][gc,age      ] GC(198) - age  13:        136 bytes,   39191416 total
[2024-10-15T07:12:40.082+0000][125][trace][gc,age      ] GC(198) - age  14:        232 bytes,   39191648 total
[2024-10-15T07:12:40.082+0000][125][trace][gc,age      ] GC(198) - age  15:        344 bytes,   39191992 total
[2024-10-15T07:12:40.082+0000][125][info ][gc,heap     ] GC(198) Eden regions: 811->0(810)
[2024-10-15T07:12:40.082+0000][125][info ][gc,heap     ] GC(198) Survivor regions: 10->11(103)
[2024-10-15T07:12:40.082+0000][125][info ][gc,heap     ] GC(198) Old regions: 61->61
[2024-10-15T07:12:40.082+0000][125][info ][gc,heap     ] GC(198) Humongous regions: 2->2
[2024-10-15T07:12:40.082+0000][125][info ][gc,metaspace] GC(198) Metaspace: 157180K(163008K)->157180K(163008K) NonClass: 136166K(139392K)->136166K(139392K) Class: 21013K(23616K)->21013K(23616K)
[2024-10-15T07:12:40.082+0000][125][info ][gc          ] GC(198) Pause Young (Normal) (G1 Evacuation Pause) 3532M->291M(5476M) 12.985ms
[2024-10-15T07:12:40.082+0000][125][info ][gc,cpu      ] GC(198) User=0.03s Sys=0.01s Real=0.01s
[2024-10-15T07:12:40.083+0000][125][info ][safepoint   ] Safepoint "G1CollectForAllocation", Time since last: 1205514787 ns, Reaching safepoint: 1171567 ns, Cleanup: 8047 ns, At safepoint: 13182424 ns, Total: 14362038 ns
[2024-10-15T07:12:41.501+0000][125][info ][gc,start    ] GC(199) Pause Young (Normal) (G1 Evacuation Pause)
[2024-10-15T07:12:41.501+0000][125][info ][gc,task     ] GC(199) Using 4 workers of 4 for evacuation
[2024-10-15T07:12:41.501+0000][125][debug][gc,age      ] GC(199) Desired survivor size 216006656 bytes, new threshold 15 (max threshold 15)
[2024-10-15T07:12:41.630+0000][125][info ][gc,phases   ] GC(199)   Pre Evacuate Collection Set: 0.81ms
[2024-10-15T07:12:41.631+0000][125][info ][gc,phases   ] GC(199)   Merge Heap Roots: 0.56ms
[2024-10-15T07:12:41.631+0000][125][info ][gc,phases   ] GC(199)   Evacuate Collection Set: 72.66ms
[2024-10-15T07:12:41.631+0000][125][info ][gc,phases   ] GC(199)   Post Evacuate Collection Set: 54.98ms
[2024-10-15T07:12:41.631+0000][125][info ][gc,phases   ] GC(199)   Other: 0.42ms
[2024-10-15T07:12:41.631+0000][125][trace][gc,age      ] GC(199) Age table with threshold 15 (max threshold 15)
[2024-10-15T07:12:41.631+0000][125][trace][gc,age      ] GC(199) - age   1:    8115296 bytes,    8115296 total
[2024-10-15T07:12:41.631+0000][125][trace][gc,age      ] GC(199) - age   2:    3220160 bytes,   11335456 total
[2024-10-15T07:12:41.631+0000][125][trace][gc,age      ] GC(199) - age   3:    6402032 bytes,   17737488 total
[2024-10-15T07:12:41.631+0000][125][trace][gc,age      ] GC(199) - age   4:    2440480 bytes,   20177968 total
[2024-10-15T07:12:41.631+0000][125][trace][gc,age      ] GC(199) - age   5:    4858216 bytes,   25036184 total
[2024-10-15T07:12:41.631+0000][125][trace][gc,age      ] GC(199) - age   6:    2697992 bytes,   27734176 total
[2024-10-15T07:12:41.631+0000][125][trace][gc,age      ] GC(199) - age   7:    2656040 bytes,   30390216 total
[2024-10-15T07:12:41.631+0000][125][trace][gc,age      ] GC(199) - age   8:    2713264 bytes,   33103480 total
[2024-10-15T07:12:41.631+0000][125][trace][gc,age      ] GC(199) - age   9:    2902768 bytes,   36006248 total
[2024-10-15T07:12:41.631+0000][125][trace][gc,age      ] GC(199) - age  10:    4027272 bytes,   40033520 total
[2024-10-15T07:12:41.631+0000][125][trace][gc,age      ] GC(199) - age  11:    1712576 bytes,   41746096 total
[2024-10-15T07:12:41.631+0000][125][trace][gc,age      ] GC(199) - age  12:       3448 bytes,   41749544 total
[2024-10-15T07:12:41.631+0000][125][trace][gc,age      ] GC(199) - age  13:        136 bytes,   41749680 total
[2024-10-15T07:12:41.631+0000][125][trace][gc,age      ] GC(199) - age  14:         96 bytes,   41749776 total
[2024-10-15T07:12:41.631+0000][125][trace][gc,age      ] GC(199) - age  15:        192 bytes,   41749968 total
[2024-10-15T07:12:41.631+0000][125][info ][gc,heap     ] GC(199) Eden regions: 810->0(809)
[2024-10-15T07:12:41.631+0000][125][info ][gc,heap     ] GC(199) Survivor regions: 11->12(103)
[2024-10-15T07:12:41.631+0000][125][info ][gc,heap     ] GC(199) Old regions: 61->61
[2024-10-15T07:12:41.631+0000][125][info ][gc,heap     ] GC(199) Humongous regions: 2->2
[2024-10-15T07:12:41.631+0000][125][info ][gc,metaspace] GC(199) Metaspace: 157180K(163008K)->157180K(163008K) NonClass: 136166K(139392K)->136166K(139392K) Class: 21013K(23616K)->21013K(23616K)
[2024-10-15T07:12:41.631+0000][125][info ][gc          ] GC(199) Pause Young (Normal) (G1 Evacuation Pause) 3531M->294M(5476M) 129.775ms
[2024-10-15T07:12:41.631+0000][125][info ][gc,cpu      ] GC(199) User=0.19s Sys=0.02s Real=0.13s
[2024-10-15T07:12:41.632+0000][125][info ][safepoint   ] Safepoint "G1CollectForAllocation", Time since last: 1418408811 ns, Reaching safepoint: 18311 ns, Cleanup: 4624 ns, At safepoint: 131305310 ns, Total: 131328245 ns
[2024-10-15T07:12:43.530+0000][125][info ][gc,start    ] GC(200) Pause Young (Normal) (G1 Evacuation Pause)
[2024-10-15T07:12:43.530+0000][125][info ][gc,task     ] GC(200) Using 4 workers of 4 for evacuation
[2024-10-15T07:12:43.530+0000][125][debug][gc,age      ] GC(200) Desired survivor size 216006656 bytes, new threshold 15 (max threshold 15)
[2024-10-15T07:12:43.554+0000][125][info ][gc,phases   ] GC(200)   Pre Evacuate Collection Set: 0.78ms
[2024-10-15T07:12:43.554+0000][125][info ][gc,phases   ] GC(200)   Merge Heap Roots: 0.61ms
[2024-10-15T07:12:43.554+0000][125][info ][gc,phases   ] GC(200)   Evacuate Collection Set: 13.93ms
[2024-10-15T07:12:43.554+0000][125][info ][gc,phases   ] GC(200)   Post Evacuate Collection Set: 8.86ms
[2024-10-15T07:12:43.554+0000][125][info ][gc,phases   ] GC(200)   Other: 0.39ms
[2024-10-15T07:12:43.554+0000][125][trace][gc,age      ] GC(200) Age table with threshold 15 (max threshold 15)
[2024-10-15T07:12:43.554+0000][125][trace][gc,age      ] GC(200) - age   1:   10183288 bytes,   10183288 total
[2024-10-15T07:12:43.554+0000][125][trace][gc,age      ] GC(200) - age   2:    4227416 bytes,   14410704 total
[2024-10-15T07:12:43.554+0000][125][trace][gc,age      ] GC(200) - age   3:    2888744 bytes,   17299448 total
[2024-10-15T07:12:43.555+0000][125][trace][gc,age      ] GC(200) - age   4:    2930384 bytes,   20229832 total
[2024-10-15T07:12:43.555+0000][125][trace][gc,age      ] GC(200) - age   5:    2440352 bytes,   22670184 total
[2024-10-15T07:12:43.555+0000][125][trace][gc,age      ] GC(200) - age   6:    4857912 bytes,   27528096 total
[2024-10-15T07:12:43.555+0000][125][trace][gc,age      ] GC(200) - age   7:    2609296 bytes,   30137392 total
[2024-10-15T07:12:43.555+0000][125][trace][gc,age      ] GC(200) - age   8:    2655712 bytes,   32793104 total
[2024-10-15T07:12:43.555+0000][125][trace][gc,age      ] GC(200) - age   9:    2712920 bytes,   35506024 total
[2024-10-15T07:12:43.555+0000][125][trace][gc,age      ] GC(200) - age  10:    2902648 bytes,   38408672 total
[2024-10-15T07:12:43.555+0000][125][trace][gc,age      ] GC(200) - age  11:    4027192 bytes,   42435864 total
[2024-10-15T07:12:43.555+0000][125][trace][gc,age      ] GC(200) - age  12:    1712576 bytes,   44148440 total
[2024-10-15T07:12:43.555+0000][125][trace][gc,age      ] GC(200) - age  13:       3368 bytes,   44151808 total
[2024-10-15T07:12:43.555+0000][125][trace][gc,age      ] GC(200) - age  14:         96 bytes,   44151904 total
[2024-10-15T07:12:43.555+0000][125][trace][gc,age      ] GC(200) - age  15:         96 bytes,   44152000 total
[2024-10-15T07:12:43.555+0000][125][info ][gc,heap     ] GC(200) Eden regions: 809->0(809)
[2024-10-15T07:12:43.555+0000][125][info ][gc,heap     ] GC(200) Survivor regions: 12->12(103)
[2024-10-15T07:12:43.555+0000][125][info ][gc,heap     ] GC(200) Old regions: 61->61
[2024-10-15T07:12:43.555+0000][125][info ][gc,heap     ] GC(200) Humongous regions: 2->2
[2024-10-15T07:12:43.555+0000][125][info ][gc,metaspace] GC(200) Metaspace: 157180K(163008K)->157180K(163008K) NonClass: 136166K(139392K)->136166K(139392K) Class: 21013K(23616K)->21013K(23616K)
[2024-10-15T07:12:43.555+0000][125][info ][gc          ] GC(200) Pause Young (Normal) (G1 Evacuation Pause) 3530M->294M(5476M) 25.007ms
[2024-10-15T07:12:43.555+0000][125][info ][gc,cpu      ] GC(200) User=0.06s Sys=0.00s Real=0.03s
[2024-10-15T07:12:43.557+0000][125][info ][safepoint   ] Safepoint "G1CollectForAllocation", Time since last: 1896162978 ns, Reaching safepoint: 1160593 ns, Cleanup: 9522 ns, At safepoint: 27609683 ns, Total: 28779798 ns
[2024-10-15T07:12:44.670+0000][125][info ][gc,start    ] GC(201) Pause Young (Normal) (G1 Evacuation Pause)
[2024-10-15T07:12:44.670+0000][125][info ][gc,task     ] GC(201) Using 4 workers of 4 for evacuation
[2024-10-15T07:12:44.670+0000][125][debug][gc,age      ] GC(201) Desired survivor size 216006656 bytes, new threshold 15 (max threshold 15)
[2024-10-15T07:12:44.688+0000][125][info ][gc,phases   ] GC(201)   Pre Evacuate Collection Set: 0.87ms
[2024-10-15T07:12:44.688+0000][125][info ][gc,phases   ] GC(201)   Merge Heap Roots: 0.66ms
[2024-10-15T07:12:44.688+0000][125][info ][gc,phases   ] GC(201)   Evacuate Collection Set: 13.03ms
[2024-10-15T07:12:44.688+0000][125][info ][gc,phases   ] GC(201)   Post Evacuate Collection Set: 3.47ms
[2024-10-15T07:12:44.688+0000][125][info ][gc,phases   ] GC(201)   Other: 0.23ms
[2024-10-15T07:12:44.688+0000][125][trace][gc,age      ] GC(201) Age table with threshold 15 (max threshold 15)
[2024-10-15T07:12:44.688+0000][125][trace][gc,age      ] GC(201) - age   1:    5749296 bytes,    5749296 total
[2024-10-15T07:12:44.688+0000][125][trace][gc,age      ] GC(201) - age   2:    7578360 bytes,   13327656 total
[2024-10-15T07:12:44.688+0000][125][trace][gc,age      ] GC(201) - age   3:    3799536 bytes,   17127192 total
[2024-10-15T07:12:44.688+0000][125][trace][gc,age      ] GC(201) - age   4:    2571520 bytes,   19698712 total
[2024-10-15T07:12:44.688+0000][125][trace][gc,age      ] GC(201) - age   5:    2930176 bytes,   22628888 total
[2024-10-15T07:12:44.688+0000][125][trace][gc,age      ] GC(201) - age   6:    2440288 bytes,   25069176 total
[2024-10-15T07:12:44.688+0000][125][trace][gc,age      ] GC(201) - age   7:    4857088 bytes,   29926264 total
[2024-10-15T07:12:44.688+0000][125][trace][gc,age      ] GC(201) - age   8:    2609176 bytes,   32535440 total
[2024-10-15T07:12:44.688+0000][125][trace][gc,age      ] GC(201) - age   9:    2655712 bytes,   35191152 total
[2024-10-15T07:12:44.688+0000][125][trace][gc,age      ] GC(201) - age  10:    2712880 bytes,   37904032 total
[2024-10-15T07:12:44.688+0000][125][trace][gc,age      ] GC(201) - age  11:    2902608 bytes,   40806640 total
[2024-10-15T07:12:44.688+0000][125][trace][gc,age      ] GC(201) - age  12:    4024984 bytes,   44831624 total
[2024-10-15T07:12:44.688+0000][125][trace][gc,age      ] GC(201) - age  13:    1712576 bytes,   46544200 total
[2024-10-15T07:12:44.688+0000][125][trace][gc,age      ] GC(201) - age  14:       3368 bytes,   46547568 total
[2024-10-15T07:12:44.688+0000][125][trace][gc,age      ] GC(201) - age  15:         96 bytes,   46547664 total
[2024-10-15T07:12:44.688+0000][125][info ][gc,heap     ] GC(201) Eden regions: 809->0(809)
[2024-10-15T07:12:44.688+0000][125][info ][gc,heap     ] GC(201) Survivor regions: 12->12(103)
[2024-10-15T07:12:44.688+0000][125][info ][gc,heap     ] GC(201) Old regions: 61->61
[2024-10-15T07:12:44.688+0000][125][info ][gc,heap     ] GC(201) Humongous regions: 2->2
[2024-10-15T07:12:44.688+0000][125][info ][gc,metaspace] GC(201) Metaspace: 157180K(163008K)->157180K(163008K) NonClass: 136166K(139392K)->136166K(139392K) Class: 21013K(23616K)->21013K(23616K)
[2024-10-15T07:12:44.689+0000][125][info ][gc          ] GC(201) Pause Young (Normal) (G1 Evacuation Pause) 3530M->296M(5476M) 18.870ms
[2024-10-15T07:12:44.689+0000][125][info ][gc,cpu      ] GC(201) User=0.04s Sys=0.00s Real=0.02s
[2024-10-15T07:12:44.691+0000][125][info ][safepoint   ] Safepoint "G1CollectForAllocation", Time since last: 1110880931 ns, Reaching safepoint: 1532564 ns, Cleanup: 9427 ns, At safepoint: 20999126 ns, Total: 22541117 ns
[2024-10-15T07:12:45.902+0000][125][info ][gc,start    ] GC(202) Pause Young (Normal) (G1 Evacuation Pause)
[2024-10-15T07:12:45.902+0000][125][info ][gc,task     ] GC(202) Using 4 workers of 4 for evacuation
[2024-10-15T07:12:45.902+0000][125][debug][gc,age      ] GC(202) Desired survivor size 216006656 bytes, new threshold 15 (max threshold 15)
[2024-10-15T07:12:45.936+0000][125][info ][gc,phases   ] GC(202)   Pre Evacuate Collection Set: 1.12ms
[2024-10-15T07:12:45.936+0000][125][info ][gc,phases   ] GC(202)   Merge Heap Roots: 0.85ms
[2024-10-15T07:12:45.936+0000][125][info ][gc,phases   ] GC(202)   Evacuate Collection Set: 23.44ms
[2024-10-15T07:12:45.936+0000][125][info ][gc,phases   ] GC(202)   Post Evacuate Collection Set: 7.93ms
[2024-10-15T07:12:45.936+0000][125][info ][gc,phases   ] GC(202)   Other: 0.17ms
[2024-10-15T07:12:45.936+0000][125][trace][gc,age      ] GC(202) Age table with threshold 15 (max threshold 15)
[2024-10-15T07:12:45.936+0000][125][trace][gc,age      ] GC(202) - age   1:    9586536 bytes,    9586536 total
[2024-10-15T07:12:45.936+0000][125][trace][gc,age      ] GC(202) - age   2:    3637352 bytes,   13223888 total
[2024-10-15T07:12:45.936+0000][125][trace][gc,age      ] GC(202) - age   3:    5022760 bytes,   18246648 total
[2024-10-15T07:12:45.936+0000][125][trace][gc,age      ] GC(202) - age   4:    2179856 bytes,   20426504 total
[2024-10-15T07:12:45.936+0000][125][trace][gc,age      ] GC(202) - age   5:    2534272 bytes,   22960776 total
[2024-10-15T07:12:45.936+0000][125][trace][gc,age      ] GC(202) - age   6:    2897280 bytes,   25858056 total
[2024-10-15T07:12:45.936+0000][125][trace][gc,age      ] GC(202) - age   7:    2440288 bytes,   28298344 total
[2024-10-15T07:12:45.936+0000][125][trace][gc,age      ] GC(202) - age   8:    4857048 bytes,   33155392 total
[2024-10-15T07:12:45.936+0000][125][trace][gc,age      ] GC(202) - age   9:    2608128 bytes,   35763520 total
[2024-10-15T07:12:45.936+0000][125][trace][gc,age      ] GC(202) - age  10:    2655632 bytes,   38419152 total
[2024-10-15T07:12:45.936+0000][125][trace][gc,age      ] GC(202) - age  11:    2705224 bytes,   41124376 total
[2024-10-15T07:12:45.936+0000][125][trace][gc,age      ] GC(202) - age  12:    2902608 bytes,   44026984 total
[2024-10-15T07:12:45.936+0000][125][trace][gc,age      ] GC(202) - age  13:    4012128 bytes,   48039112 total
[2024-10-15T07:12:45.936+0000][125][trace][gc,age      ] GC(202) - age  14:    1712576 bytes,   49751688 total
[2024-10-15T07:12:45.936+0000][125][trace][gc,age      ] GC(202) - age  15:       3368 bytes,   49755056 total
[2024-10-15T07:12:45.937+0000][125][info ][gc,heap     ] GC(202) Eden regions: 809->0(808)
[2024-10-15T07:12:45.937+0000][125][info ][gc,heap     ] GC(202) Survivor regions: 12->13(103)
[2024-10-15T07:12:45.937+0000][125][info ][gc,heap     ] GC(202) Old regions: 61->61
[2024-10-15T07:12:45.937+0000][125][info ][gc,heap     ] GC(202) Humongous regions: 2->2
[2024-10-15T07:12:45.937+0000][125][info ][gc,metaspace] GC(202) Metaspace: 157182K(163008K)->157182K(163008K) NonClass: 136168K(139392K)->136168K(139392K) Class: 21013K(23616K)->21013K(23616K)
[2024-10-15T07:12:45.937+0000][125][info ][gc          ] GC(202) Pause Young (Normal) (G1 Evacuation Pause) 3532M->300M(5476M) 34.609ms
[2024-10-15T07:12:45.937+0000][125][info ][gc,cpu      ] GC(202) User=0.05s Sys=0.01s Real=0.04s
[2024-10-15T07:12:45.938+0000][125][info ][safepoint   ] Safepoint "G1CollectForAllocation", Time since last: 1211106126 ns, Reaching safepoint: 435751 ns, Cleanup: 24407 ns, At safepoint: 35868463 ns, Total: 36328621 ns
[2024-10-15T07:12:53.515+0000][125][info ][safepoint   ] Safepoint "Cleanup", Time since last: 7576585257 ns, Reaching safepoint: 39313 ns, Cleanup: 13242 ns, At safepoint: 18013 ns, Total: 70568 ns
[2024-10-15T07:12:56.800+0000][125][info ][safepoint   ] Safepoint "Cleanup", Time since last: 3274696950 ns, Reaching safepoint: 27518 ns, Cleanup: 25576 ns, At safepoint: 11264 ns, Total: 64358 ns
[2024-10-15T07:13:29.247+0000][125][info ][safepoint   ] Safepoint "Cleanup", Time since last: 32446052727 ns, Reaching safepoint: 26529 ns, Cleanup: 8828 ns, At safepoint: 5695 ns, Total: 41052 ns
[2024-10-15T07:13:34.269+0000][125][info ][safepoint   ] Safepoint "Cleanup", Time since last: 5021901675 ns, Reaching safepoint: 16817 ns, Cleanup: 10722 ns, At safepoint: 12341 ns, Total: 39880 ns
[2024-10-15T07:13:36.271+0000][125][info ][safepoint   ] Safepoint "Cleanup", Time since last: 2001823580 ns, Reaching safepoint: 22666 ns, Cleanup: 11246 ns, At safepoint: 19827 ns, Total: 53739 ns
[2024-10-15T07:13:55.698+0000][125][info ][safepoint   ] Safepoint "Cleanup", Time since last: 19427030440 ns, Reaching safepoint: 17395 ns, Cleanup: 23303 ns, At safepoint: 10930 ns, Total: 51628 ns
[2024-10-15T07:14:11.350+0000][125][info ][safepoint   ] Safepoint "Cleanup", Time since last: 15650804713 ns, Reaching safepoint: 1090897 ns, Cleanup: 16490 ns, At safepoint: 112013 ns, Total: 1219400 ns
[2024-10-15T07:14:14.477+0000][125][info ][safepoint   ] Safepoint "Cleanup", Time since last: 3127006185 ns, Reaching safepoint: 50323 ns, Cleanup: 13337 ns, At safepoint: 13716 ns, Total: 77376 ns
[2024-10-15T07:14:22.517+0000][125][info ][safepoint   ] Safepoint "Cleanup", Time since last: 8038770641 ns, Reaching safepoint: 1232337 ns, Cleanup: 20383 ns, At safepoint: 184467 ns, Total: 1437187 ns
[2024-10-15T07:14:52.550+0000][125][info ][safepoint   ] Safepoint "Cleanup", Time since last: 30031902595 ns, Reaching safepoint: 59384 ns, Cleanup: 14936 ns, At safepoint: 14130 ns, Total: 88450 ns
[2024-10-15T07:15:12.865+0000][125][info ][safepoint   ] Safepoint "Cleanup", Time since last: 20314523271 ns, Reaching safepoint: 18713 ns, Cleanup: 11204 ns, At safepoint: 10162 ns, Total: 40079 ns
[2024-10-15T07:15:39.142+0000][125][info ][safepoint   ] Safepoint "Cleanup", Time since last: 26276483474 ns, Reaching safepoint: 30263 ns, Cleanup: 17980 ns, At safepoint: 17932 ns, Total: 66175 ns
[2024-10-15T07:15:44.147+0000][125][info ][safepoint   ] Safepoint "Cleanup", Time since last: 5004465989 ns, Reaching safepoint: 20677 ns, Cleanup: 12987 ns, At safepoint: 11027 ns, Total: 44691 ns
[2024-10-15T07:15:47.152+0000][125][info ][safepoint   ] Safepoint "Cleanup", Time since last: 3004849717 ns, Reaching safepoint: 55748 ns, Cleanup: 14547 ns, At safepoint: 13961 ns, Total: 84256 ns
[2024-10-15T07:16:07.700+0000][125][info ][safepoint   ] Safepoint "Cleanup", Time since last: 20547516149 ns, Reaching safepoint: 7470 ns, Cleanup: 7427 ns, At safepoint: 4904 ns, Total: 19801 ns
[2024-10-15T07:16:09.285+0000][125][info ][safepoint   ] Safepoint "Cleanup", Time since last: 1584629822 ns, Reaching safepoint: 19174 ns, Cleanup: 14886 ns, At safepoint: 9367 ns, Total: 43427 ns
[2024-10-15T07:16:10.291+0000][125][info ][safepoint   ] Safepoint "Cleanup", Time since last: 1006010464 ns, Reaching safepoint: 18885 ns, Cleanup: 12455 ns, At safepoint: 10292 ns, Total: 41632 ns
[2024-10-15T07:16:52.416+0000][125][info ][safepoint   ] Safepoint "Cleanup", Time since last: 42124913261 ns, Reaching safepoint: 40575 ns, Cleanup: 12834 ns, At safepoint: 9256 ns, Total: 62665 ns
[2024-10-15T07:16:55.368+0000][125][info ][safepoint   ] Safepoint "Cleanup", Time since last: 2950550558 ns, Reaching safepoint: 387464 ns, Cleanup: 13773 ns, At safepoint: 50492 ns, Total: 451729 ns
[2024-10-15T07:17:10.764+0000][125][info ][safepoint   ] Safepoint "Cleanup", Time since last: 15395801166 ns, Reaching safepoint: 22083 ns, Cleanup: 9736 ns, At safepoint: 95741 ns, Total: 127560 ns
[2024-10-15T07:18:52.025+0000][125][info ][safepoint   ] Safepoint "Cleanup", Time since last: 101259790034 ns, Reaching safepoint: 105053 ns, Cleanup: 22464 ns, At safepoint: 17132 ns, Total: 144649 ns
[2024-10-15T07:19:14.057+0000][125][info ][safepoint   ] Safepoint "Cleanup", Time since last: 22031049844 ns, Reaching safepoint: 8431 ns, Cleanup: 7295 ns, At safepoint: 5449 ns, Total: 21175 ns
[2024-10-15T07:19:45.109+0000][125][info ][safepoint   ] Safepoint "Cleanup", Time since last: 31051871175 ns, Reaching safepoint: 47965 ns, Cleanup: 14625 ns, At safepoint: 12489 ns, Total: 75079 ns
[2024-10-15T07:20:19.841+0000][125][info ][safepoint   ] Safepoint "Cleanup", Time since last: 34730903114 ns, Reaching safepoint: 10860 ns, Cleanup: 10609 ns, At safepoint: 6320 ns, Total: 27789 ns
[2024-10-15T07:20:49.175+0000][125][info ][safepoint   ] Safepoint "Cleanup", Time since last: 29334264288 ns, Reaching safepoint: 18082 ns, Cleanup: 15421 ns, At safepoint: 9938 ns, Total: 43441 ns
[2024-10-15T07:20:52.630+0000][125][info ][safepoint   ] Safepoint "Cleanup", Time since last: 3455633066 ns, Reaching safepoint: 26644 ns, Cleanup: 37855 ns, At safepoint: 23354 ns, Total: 87853 ns
[2024-10-15T07:21:10.196+0000][125][info ][safepoint   ] Safepoint "Cleanup", Time since last: 17564063752 ns, Reaching safepoint: 31874 ns, Cleanup: 16503 ns, At safepoint: 23058 ns, Total: 71435 ns
[2024-10-15T07:21:52.882+0000][125][info ][safepoint   ] Safepoint "Cleanup", Time since last: 42685398796 ns, Reaching safepoint: 8205 ns, Cleanup: 7922 ns, At safepoint: 5260 ns, Total: 21387 ns
[2024-10-15T07:22:20.069+0000][125][info ][safepoint   ] Safepoint "Cleanup", Time since last: 27178536430 ns, Reaching safepoint: 7084444 ns, Cleanup: 117470 ns, At safepoint: 410158 ns, Total: 7612072 ns
[2024-10-15T07:22:21.687+0000][125][info ][safepoint   ] Safepoint "Cleanup", Time since last: 1618615741 ns, Reaching safepoint: 33535 ns, Cleanup: 60615 ns, At safepoint: 19560 ns, Total: 113710 ns
[2024-10-15T07:22:32.705+0000][125][info ][safepoint   ] Safepoint "Cleanup", Time since last: 11016799349 ns, Reaching safepoint: 25138 ns, Cleanup: 13531 ns, At safepoint: 12735 ns, Total: 51404 ns
[2024-10-15T07:22:33.706+0000][125][info ][safepoint   ] Safepoint "Cleanup", Time since last: 1000709170 ns, Reaching safepoint: 18935 ns, Cleanup: 13253 ns, At safepoint: 10208 ns, Total: 42396 ns
[2024-10-15T07:22:34.750+0000][125][info ][safepoint   ] Safepoint "Cleanup", Time since last: 1043879449 ns, Reaching safepoint: 16879 ns, Cleanup: 11156 ns, At safepoint: 9281 ns, Total: 37316 ns
[2024-10-15T07:22:37.753+0000][125][info ][safepoint   ] Safepoint "Cleanup", Time since last: 3002966805 ns, Reaching safepoint: 119166 ns, Cleanup: 12486 ns, At safepoint: 13421 ns, Total: 145073 ns
[2024-10-15T07:22:39.755+0000][125][info ][safepoint   ] Safepoint "Cleanup", Time since last: 2001785247 ns, Reaching safepoint: 19652 ns, Cleanup: 11760 ns, At safepoint: 9700 ns, Total: 41112 ns
[2024-10-15T07:22:47.763+0000][125][info ][safepoint   ] Safepoint "Cleanup", Time since last: 8008260102 ns, Reaching safepoint: 26483 ns, Cleanup: 17788 ns, At safepoint: 14010 ns, Total: 58281 ns
[2024-10-15T07:22:52.797+0000][125][info ][safepoint   ] Safepoint "Cleanup", Time since last: 5034400229 ns, Reaching safepoint: 19386 ns, Cleanup: 15069 ns, At safepoint: 12575 ns, Total: 47030 ns
[2024-10-15T07:22:54.083+0000][125][info ][safepoint   ] Safepoint "Cleanup", Time since last: 1285437116 ns, Reaching safepoint: 70105 ns, Cleanup: 54426 ns, At safepoint: 25480 ns, Total: 150011 ns
[2024-10-15T07:22:55.834+0000][125][info ][safepoint   ] Safepoint "Cleanup", Time since last: 1750591697 ns, Reaching safepoint: 20383 ns, Cleanup: 66894 ns, At safepoint: 10497 ns, Total: 97774 ns
[2024-10-15T07:22:58.885+0000][125][info ][safepoint   ] Safepoint "Cleanup", Time since last: 3051041767 ns, Reaching safepoint: 19256 ns, Cleanup: 26284 ns, At safepoint: 10279 ns, Total: 55819 ns
[2024-10-15T07:22:59.922+0000][125][info ][safepoint   ] Safepoint "Cleanup", Time since last: 1037318055 ns, Reaching safepoint: 12657 ns, Cleanup: 18609 ns, At safepoint: 10379 ns, Total: 41645 ns
[2024-10-15T07:23:03.318+0000][125][info ][safepoint   ] Safepoint "Cleanup", Time since last: 3395999019 ns, Reaching safepoint: 40990 ns, Cleanup: 17756 ns, At safepoint: 21004 ns, Total: 79750 ns
[2024-10-15T07:23:05.040+0000][125][info ][safepoint   ] Safepoint "Cleanup", Time since last: 1721574396 ns, Reaching safepoint: 88692 ns, Cleanup: 17707 ns, At safepoint: 17960 ns, Total: 124359 ns
[2024-10-15T07:23:06.075+0000][125][info ][safepoint   ] Safepoint "Cleanup", Time since last: 1034766262 ns, Reaching safepoint: 17581 ns, Cleanup: 19234 ns, At safepoint: 9799 ns, Total: 46614 ns
[2024-10-15T07:23:08.077+0000][125][info ][safepoint   ] Safepoint "Cleanup", Time since last: 2002567072 ns, Reaching safepoint: 28533 ns, Cleanup: 26305 ns, At safepoint: 14785 ns, Total: 69623 ns
[2024-10-15T07:23:10.079+0000][125][info ][safepoint   ] Safepoint "Cleanup", Time since last: 2002189294 ns, Reaching safepoint: 28058 ns, Cleanup: 13759 ns, At safepoint: 12944 ns, Total: 54761 ns
[2024-10-15T07:23:11.283+0000][125][info ][safepoint   ] Safepoint "Cleanup", Time since last: 1203937093 ns, Reaching safepoint: 19826 ns, Cleanup: 18265 ns, At safepoint: 10918 ns, Total: 49009 ns
[2024-10-15T07:23:20.034+0000][125][info ][safepoint   ] Safepoint "Cleanup", Time since last: 8750401759 ns, Reaching safepoint: 20109 ns, Cleanup: 18585 ns, At safepoint: 11993 ns, Total: 50687 ns
[2024-10-15T07:23:21.581+0000][125][info ][safepoint   ] Safepoint "Cleanup", Time since last: 1547273398 ns, Reaching safepoint: 16682 ns, Cleanup: 43253 ns, At safepoint: 7595 ns, Total: 67530 ns
[2024-10-15T07:23:23.393+0000][125][info ][safepoint   ] Safepoint "Cleanup", Time since last: 1811840794 ns, Reaching safepoint: 195127 ns, Cleanup: 77892 ns, At safepoint: 88843 ns, Total: 361862 ns
[2024-10-15T07:23:25.455+0000][125][info ][safepoint   ] Safepoint "Cleanup", Time since last: 2002142449 ns, Reaching safepoint: 60803 ns, Cleanup: 16635 ns, At safepoint: 22916 ns, Total: 100354 ns
[2024-10-15T07:23:38.500+0000][125][info ][safepoint   ] Safepoint "Cleanup", Time since last: 13044685166 ns, Reaching safepoint: 26730 ns, Cleanup: 16394 ns, At safepoint: 14427 ns, Total: 57551 ns
[2024-10-15T07:23:45.565+0000][125][info ][safepoint   ] Safepoint "Cleanup", Time since last: 7064226655 ns, Reaching safepoint: 42113 ns, Cleanup: 9904 ns, At safepoint: 8365 ns, Total: 60382 ns
[2024-10-15T07:23:50.570+0000][125][info ][safepoint   ] Safepoint "Cleanup", Time since last: 5004954950 ns, Reaching safepoint: 23433 ns, Cleanup: 25800 ns, At safepoint: 14594 ns, Total: 63827 ns
[2024-10-15T07:23:52.088+0000][125][info ][gc,start    ] GC(203) Pause Young (Normal) (G1 Evacuation Pause)
[2024-10-15T07:23:52.088+0000][125][info ][gc,task     ] GC(203) Using 4 workers of 4 for evacuation
[2024-10-15T07:23:52.088+0000][125][debug][gc,age      ] GC(203) Desired survivor size 216006656 bytes, new threshold 15 (max threshold 15)
[2024-10-15T07:23:52.106+0000][125][info ][gc,phases   ] GC(203)   Pre Evacuate Collection Set: 1.21ms
[2024-10-15T07:23:52.106+0000][125][info ][gc,phases   ] GC(203)   Merge Heap Roots: 0.55ms
[2024-10-15T07:23:52.106+0000][125][info ][gc,phases   ] GC(203)   Evacuate Collection Set: 12.52ms
[2024-10-15T07:23:52.106+0000][125][info ][gc,phases   ] GC(203)   Post Evacuate Collection Set: 2.93ms
[2024-10-15T07:23:52.106+0000][125][info ][gc,phases   ] GC(203)   Other: 0.16ms
[2024-10-15T07:23:52.106+0000][125][trace][gc,age      ] GC(203) Age table with threshold 15 (max threshold 15)
[2024-10-15T07:23:52.106+0000][125][trace][gc,age      ] GC(203) - age   1:    2547552 bytes,    2547552 total
[2024-10-15T07:23:52.106+0000][125][trace][gc,age      ] GC(203) - age   2:       3088 bytes,    2550640 total
[2024-10-15T07:23:52.106+0000][125][trace][gc,age      ] GC(203) - age   3:       1088 bytes,    2551728 total
[2024-10-15T07:23:52.106+0000][125][trace][gc,age      ] GC(203) - age   4:        528 bytes,    2552256 total
[2024-10-15T07:23:52.106+0000][125][trace][gc,age      ] GC(203) - age   5:        816 bytes,    2553072 total
[2024-10-15T07:23:52.106+0000][125][trace][gc,age      ] GC(203) - age   6:       1024 bytes,    2554096 total
[2024-10-15T07:23:52.106+0000][125][trace][gc,age      ] GC(203) - age   7:       1432 bytes,    2555528 total
[2024-10-15T07:23:52.106+0000][125][trace][gc,age      ] GC(203) - age   8:         80 bytes,    2555608 total
[2024-10-15T07:23:52.106+0000][125][trace][gc,age      ] GC(203) - age   9:        200 bytes,    2555808 total
[2024-10-15T07:23:52.106+0000][125][trace][gc,age      ] GC(203) - age  10:        136 bytes,    2555944 total
[2024-10-15T07:23:52.106+0000][125][trace][gc,age      ] GC(203) - age  11:       2576 bytes,    2558520 total
[2024-10-15T07:23:52.106+0000][125][trace][gc,age      ] GC(203) - age  12:       4472 bytes,    2562992 total
[2024-10-15T07:23:52.106+0000][125][trace][gc,age      ] GC(203) - age  13:        120 bytes,    2563112 total
[2024-10-15T07:23:52.106+0000][125][trace][gc,age      ] GC(203) - age  14:       2624 bytes,    2565736 total
[2024-10-15T07:23:52.106+0000][125][trace][gc,age      ] GC(203) - age  15:     120440 bytes,    2686176 total
[2024-10-15T07:23:52.106+0000][125][info ][gc,heap     ] GC(203) Eden regions: 808->0(819)
[2024-10-15T07:23:52.106+0000][125][info ][gc,heap     ] GC(203) Survivor regions: 13->2(103)
[2024-10-15T07:23:52.106+0000][125][info ][gc,heap     ] GC(203) Old regions: 61->61
[2024-10-15T07:23:52.106+0000][125][info ][gc,heap     ] GC(203) Humongous regions: 2->2
[2024-10-15T07:23:52.106+0000][125][info ][gc,metaspace] GC(203) Metaspace: 157782K(163200K)->157782K(163200K) NonClass: 136654K(139584K)->136654K(139584K) Class: 21127K(23616K)->21127K(23616K)
[2024-10-15T07:23:52.106+0000][125][info ][gc          ] GC(203) Pause Young (Normal) (G1 Evacuation Pause) 3532M->256M(5476M) 17.649ms
[2024-10-15T07:23:52.106+0000][125][info ][gc,cpu      ] GC(203) User=0.04s Sys=0.00s Real=0.02s
[2024-10-15T07:23:52.106+0000][125][info ][safepoint   ] Safepoint "G1CollectForAllocation", Time since last: 1518510842 ns, Reaching safepoint: 15963 ns, Cleanup: 3678 ns, At safepoint: 17846200 ns, Total: 17865841 ns
[2024-10-15T07:23:53.106+0000][125][info ][safepoint   ] Safepoint "Cleanup", Time since last: 1000381422 ns, Reaching safepoint: 27717 ns, Cleanup: 15930 ns, At safepoint: 14885 ns, Total: 58532 ns
[2024-10-15T07:23:55.109+0000][125][info ][safepoint   ] Safepoint "Cleanup", Time since last: 2002206067 ns, Reaching safepoint: 25042 ns, Cleanup: 17548 ns, At safepoint: 16718 ns, Total: 59308 ns
[2024-10-15T07:23:56.455+0000][125][info ][safepoint   ] Safepoint "Cleanup", Time since last: 1345763010 ns, Reaching safepoint: 8264 ns, Cleanup: 7685 ns, At safepoint: 5514 ns, Total: 21463 ns
[2024-10-15T07:24:00.475+0000][125][info ][safepoint   ] Safepoint "Cleanup", Time since last: 4020075471 ns, Reaching safepoint: 45752 ns, Cleanup: 11860 ns, At safepoint: 10531 ns, Total: 68143 ns
[2024-10-15T07:24:02.477+0000][125][info ][safepoint   ] Safepoint "Cleanup", Time since last: 2001739608 ns, Reaching safepoint: 27400 ns, Cleanup: 17956 ns, At safepoint: 14912 ns, Total: 60268 ns
[2024-10-15T07:24:05.617+0000][125][info ][safepoint   ] Safepoint "Cleanup", Time since last: 3139921449 ns, Reaching safepoint: 7868 ns, Cleanup: 8215 ns, At safepoint: 5840 ns, Total: 21923 ns
[2024-10-15T07:24:13.634+0000][125][info ][safepoint   ] Safepoint "Cleanup", Time since last: 8016887495 ns, Reaching safepoint: 69321 ns, Cleanup: 36522 ns, At safepoint: 26747 ns, Total: 132590 ns
[2024-10-15T07:24:15.636+0000][125][info ][safepoint   ] Safepoint "Cleanup", Time since last: 2002400600 ns, Reaching safepoint: 59474 ns, Cleanup: 39131 ns, At safepoint: 19943 ns, Total: 118548 ns
[2024-10-15T07:24:17.638+0000][125][info ][safepoint   ] Safepoint "Cleanup", Time since last: 2001619197 ns, Reaching safepoint: 20588 ns, Cleanup: 18062 ns, At safepoint: 11327 ns, Total: 49977 ns
[2024-10-15T07:24:23.141+0000][125][info ][safepoint   ] Safepoint "Cleanup", Time since last: 5503168419 ns, Reaching safepoint: 7369 ns, Cleanup: 7437 ns, At safepoint: 4809 ns, Total: 19615 ns
[2024-10-15T07:24:24.539+0000][125][info ][safepoint   ] Safepoint "Cleanup", Time since last: 1396781737 ns, Reaching safepoint: 26907 ns, Cleanup: 23727 ns, At safepoint: 50031 ns, Total: 100665 ns
[2024-10-15T07:24:25.541+0000][125][info ][safepoint   ] Safepoint "Cleanup", Time since last: 1000755893 ns, Reaching safepoint: 899751 ns, Cleanup: 11770 ns, At safepoint: 100834 ns, Total: 1012355 ns
[2024-10-15T07:24:27.031+0000][125][info ][safepoint   ] Safepoint "Cleanup", Time since last: 1488723777 ns, Reaching safepoint: 1436390 ns, Cleanup: 15920 ns, At safepoint: 121782 ns, Total: 1574092 ns
[2024-10-15T07:24:28.832+0000][125][info ][safepoint   ] Safepoint "Cleanup", Time since last: 1800750023 ns, Reaching safepoint: 66600 ns, Cleanup: 15822 ns, At safepoint: 20124 ns, Total: 102546 ns
[2024-10-15T07:24:30.834+0000][125][info ][safepoint   ] Safepoint "Cleanup", Time since last: 2002108049 ns, Reaching safepoint: 23070 ns, Cleanup: 14665 ns, At safepoint: 15797 ns, Total: 53532 ns
[2024-10-15T07:24:31.861+0000][125][info ][safepoint   ] Safepoint "Cleanup", Time since last: 1026786299 ns, Reaching safepoint: 25492 ns, Cleanup: 16108 ns, At safepoint: 15682 ns, Total: 57282 ns
[2024-10-15T07:24:33.862+0000][125][info ][safepoint   ] Safepoint "Cleanup", Time since last: 2001123384 ns, Reaching safepoint: 17083 ns, Cleanup: 13180 ns, At safepoint: 9385 ns, Total: 39648 ns
[2024-10-15T07:24:52.962+0000][125][info ][safepoint   ] Safepoint "Cleanup", Time since last: 19099723587 ns, Reaching safepoint: 89057 ns, Cleanup: 29905 ns, At safepoint: 14735 ns, Total: 133697 ns
[2024-10-15T07:24:56.967+0000][125][info ][safepoint   ] Safepoint "Cleanup", Time since last: 4003999785 ns, Reaching safepoint: 18922 ns, Cleanup: 12071 ns, At safepoint: 9793 ns, Total: 40786 ns
[2024-10-15T07:24:59.121+0000][125][info ][safepoint   ] Safepoint "Cleanup", Time since last: 2153547123 ns, Reaching safepoint: 7687 ns, Cleanup: 7862 ns, At safepoint: 4865 ns, Total: 20414 ns
[2024-10-15T07:25:00.591+0000][125][info ][safepoint   ] Safepoint "Cleanup", Time since last: 1470354824 ns, Reaching safepoint: 48374 ns, Cleanup: 20066 ns, At safepoint: 11477 ns, Total: 79917 ns
[2024-10-15T07:25:02.409+0000][125][info ][safepoint   ] Safepoint "Cleanup", Time since last: 1817259900 ns, Reaching safepoint: 7681 ns, Cleanup: 9812 ns, At safepoint: 38831 ns, Total: 56324 ns
[2024-10-15T07:25:03.490+0000][125][info ][safepoint   ] Safepoint "Cleanup", Time since last: 1081575588 ns, Reaching safepoint: 20044 ns, Cleanup: 13054 ns, At safepoint: 124299 ns, Total: 157397 ns
[2024-10-15T07:25:04.651+0000][125][info ][safepoint   ] Safepoint "Cleanup", Time since last: 1156704325 ns, Reaching safepoint: 4012335 ns, Cleanup: 59846 ns, At safepoint: 87967 ns, Total: 4160148 ns
[2024-10-15T07:25:06.148+0000][125][info ][safepoint   ] Safepoint "Cleanup", Time since last: 1496400318 ns, Reaching safepoint: 399901 ns, Cleanup: 79256 ns, At safepoint: 82213 ns, Total: 561370 ns
[2024-10-15T07:25:07.372+0000][125][info ][safepoint   ] Safepoint "Cleanup", Time since last: 1223758355 ns, Reaching safepoint: 23228 ns, Cleanup: 46361 ns, At safepoint: 13132 ns, Total: 82721 ns
[2024-10-15T07:25:08.424+0000][125][info ][safepoint   ] Safepoint "Cleanup", Time since last: 1051962353 ns, Reaching safepoint: 50362 ns, Cleanup: 473291 ns, At safepoint: 54877 ns, Total: 578530 ns
[2024-10-15T07:25:09.516+0000][125][info ][safepoint   ] Safepoint "Cleanup", Time since last: 1090146498 ns, Reaching safepoint: 1196013 ns, Cleanup: 54817 ns, At safepoint: 128314 ns, Total: 1379144 ns
[2024-10-15T07:25:10.517+0000][125][info ][safepoint   ] Safepoint "Cleanup", Time since last: 1001198985 ns, Reaching safepoint: 39360 ns, Cleanup: 52172 ns, At safepoint: 18536 ns, Total: 110068 ns
[2024-10-15T07:25:13.224+0000][125][info ][safepoint   ] Safepoint "Cleanup", Time since last: 2706624219 ns, Reaching safepoint: 27080 ns, Cleanup: 11840 ns, At safepoint: 8371 ns, Total: 47291 ns
[2024-10-15T07:25:14.439+0000][125][info ][safepoint   ] Safepoint "Cleanup", Time since last: 1215026756 ns, Reaching safepoint: 24719 ns, Cleanup: 14334 ns, At safepoint: 10316 ns, Total: 49369 ns
[2024-10-15T07:25:15.440+0000][125][info ][safepoint   ] Safepoint "Cleanup", Time since last: 1000995693 ns, Reaching safepoint: 39496 ns, Cleanup: 13283 ns, At safepoint: 8998 ns, Total: 61777 ns
[2024-10-15T07:25:16.567+0000][125][info ][safepoint   ] Safepoint "Cleanup", Time since last: 1125548487 ns, Reaching safepoint: 75972 ns, Cleanup: 364054 ns, At safepoint: 52735 ns, Total: 492761 ns
[2024-10-15T07:25:17.629+0000][125][info ][safepoint   ] Safepoint "Cleanup", Time since last: 1062979981 ns, Reaching safepoint: 33960 ns, Cleanup: 29490 ns, At safepoint: 15358 ns, Total: 78808 ns
[2024-10-15T07:25:19.695+0000][125][info ][safepoint   ] Safepoint "Cleanup", Time since last: 2065771126 ns, Reaching safepoint: 19417 ns, Cleanup: 10346 ns, At safepoint: 9682 ns, Total: 39445 ns
[2024-10-15T07:25:21.248+0000][125][info ][safepoint   ] Safepoint "Cleanup", Time since last: 1553143576 ns, Reaching safepoint: 8353 ns, Cleanup: 24297 ns, At safepoint: 6023 ns, Total: 38673 ns
[2024-10-15T07:25:23.268+0000][125][info ][safepoint   ] Safepoint "Cleanup", Time since last: 2019677949 ns, Reaching safepoint: 18480 ns, Cleanup: 15193 ns, At safepoint: 9212 ns, Total: 42885 ns
[2024-10-15T07:25:25.271+0000][125][info ][safepoint   ] Safepoint "Cleanup", Time since last: 2001905765 ns, Reaching safepoint: 29071 ns, Cleanup: 24804 ns, At safepoint: 11766 ns, Total: 65641 ns
[2024-10-15T07:25:26.283+0000][125][info ][safepoint   ] Safepoint "Cleanup", Time since last: 1012191450 ns, Reaching safepoint: 21957 ns, Cleanup: 16308 ns, At safepoint: 50245 ns, Total: 88510 ns
[2024-10-15T07:25:27.365+0000][125][info ][safepoint   ] Safepoint "Cleanup", Time since last: 1082247768 ns, Reaching safepoint: 14136 ns, Cleanup: 19788 ns, At safepoint: 5816 ns, Total: 39740 ns
[2024-10-15T07:25:28.709+0000][125][info ][safepoint   ] Safepoint "Cleanup", Time since last: 1343592207 ns, Reaching safepoint: 24210 ns, Cleanup: 14917 ns, At safepoint: 14187 ns, Total: 53314 ns
[2024-10-15T07:25:30.359+0000][125][info ][safepoint   ] Safepoint "Cleanup", Time since last: 1650547692 ns, Reaching safepoint: 9622 ns, Cleanup: 8176 ns, At safepoint: 5228 ns, Total: 23026 ns
[2024-10-15T07:25:31.371+0000][125][info ][safepoint   ] Safepoint "Cleanup", Time since last: 1010987307 ns, Reaching safepoint: 34088 ns, Cleanup: 179430 ns, At safepoint: 66687 ns, Total: 280205 ns
[2024-10-15T07:25:33.373+0000][125][info ][safepoint   ] Safepoint "Cleanup", Time since last: 2002150805 ns, Reaching safepoint: 18029 ns, Cleanup: 11171 ns, At safepoint: 9111 ns, Total: 38311 ns
[2024-10-15T07:25:34.374+0000][125][info ][safepoint   ] Safepoint "Cleanup", Time since last: 1001045843 ns, Reaching safepoint: 21255 ns, Cleanup: 28366 ns, At safepoint: 10449 ns, Total: 60070 ns
[2024-10-15T07:25:35.392+0000][125][info ][safepoint   ] Safepoint "Cleanup", Time since last: 1018230031 ns, Reaching safepoint: 14487 ns, Cleanup: 21966 ns, At safepoint: 9707 ns, Total: 46160 ns
[2024-10-15T07:25:36.442+0000][125][info ][safepoint   ] Safepoint "Cleanup", Time since last: 1049687510 ns, Reaching safepoint: 24785 ns, Cleanup: 13954 ns, At safepoint: 12272 ns, Total: 51011 ns
[2024-10-15T07:25:45.467+0000][125][info ][safepoint   ] Safepoint "Cleanup", Time since last: 9024756037 ns, Reaching safepoint: 12908 ns, Cleanup: 7868 ns, At safepoint: 5347 ns, Total: 26123 ns
[2024-10-15T07:25:52.482+0000][125][info ][safepoint   ] Safepoint "Cleanup", Time since last: 7015030266 ns, Reaching safepoint: 17967 ns, Cleanup: 26784 ns, At safepoint: 9468 ns, Total: 54219 ns
[2024-10-15T07:25:55.486+0000][125][info ][safepoint   ] Safepoint "Cleanup", Time since last: 3002899146 ns, Reaching safepoint: 24934 ns, Cleanup: 24048 ns, At safepoint: 15860 ns, Total: 64842 ns
[2024-10-15T07:25:58.489+0000][125][info ][safepoint   ] Safepoint "Cleanup", Time since last: 3003405185 ns, Reaching safepoint: 24379 ns, Cleanup: 11787 ns, At safepoint: 9621 ns, Total: 45787 ns
[2024-10-15T07:25:59.535+0000][125][info ][safepoint   ] Safepoint "Cleanup", Time since last: 1045608363 ns, Reaching safepoint: 24102 ns, Cleanup: 16178 ns, At safepoint: 14016 ns, Total: 54296 ns
[2024-10-15T07:26:00.536+0000][125][info ][safepoint   ] Safepoint "Cleanup", Time since last: 1000800053 ns, Reaching safepoint: 16888 ns, Cleanup: 24859 ns, At safepoint: 10012 ns, Total: 51759 ns
[2024-10-15T07:26:01.571+0000][125][info ][safepoint   ] Safepoint "Cleanup", Time since last: 1035025438 ns, Reaching safepoint: 33459 ns, Cleanup: 50773 ns, At safepoint: 71970 ns, Total: 156202 ns
[2024-10-15T07:26:02.753+0000][125][info ][safepoint   ] Safepoint "Cleanup", Time since last: 1182622775 ns, Reaching safepoint: 9073 ns, Cleanup: 41794 ns, At safepoint: 5805 ns, Total: 56672 ns
[2024-10-15T07:26:04.824+0000][125][info ][safepoint   ] Safepoint "Cleanup", Time since last: 2070175180 ns, Reaching safepoint: 18433 ns, Cleanup: 30701 ns, At safepoint: 10717 ns, Total: 59851 ns
[2024-10-15T07:26:10.532+0000][125][info ][safepoint   ] Safepoint "Cleanup", Time since last: 5708719132 ns, Reaching safepoint: 28274 ns, Cleanup: 18236 ns, At safepoint: 15212 ns, Total: 61722 ns
[2024-10-15T07:26:15.537+0000][125][info ][safepoint   ] Safepoint "Cleanup", Time since last: 5004975962 ns, Reaching safepoint: 19086 ns, Cleanup: 11406 ns, At safepoint: 10114 ns, Total: 40606 ns
[2024-10-15T07:26:28.656+0000][125][info ][safepoint   ] Safepoint "Cleanup", Time since last: 13116925623 ns, Reaching safepoint: 31669 ns, Cleanup: 22695 ns, At safepoint: 13338 ns, Total: 67702 ns
[2024-10-15T07:26:29.680+0000][125][info ][safepoint   ] Safepoint "Cleanup", Time since last: 1024166822 ns, Reaching safepoint: 20271 ns, Cleanup: 33034 ns, At safepoint: 10537 ns, Total: 63842 ns
[2024-10-15T07:26:30.703+0000][125][info ][safepoint   ] Safepoint "Cleanup", Time since last: 1022955330 ns, Reaching safepoint: 18376 ns, Cleanup: 18613 ns, At safepoint: 6849 ns, Total: 43838 ns
[2024-10-15T07:26:31.720+0000][125][info ][safepoint   ] Safepoint "Cleanup", Time since last: 1017541668 ns, Reaching safepoint: 11652 ns, Cleanup: 13808 ns, At safepoint: 9520 ns, Total: 34980 ns
[2024-10-15T07:26:36.744+0000][125][info ][safepoint   ] Safepoint "Cleanup", Time since last: 5023442375 ns, Reaching safepoint: 28826 ns, Cleanup: 23395 ns, At safepoint: 22658 ns, Total: 74879 ns
[2024-10-15T07:26:38.750+0000][125][info ][safepoint   ] Safepoint "Cleanup", Time since last: 2006015002 ns, Reaching safepoint: 115747 ns, Cleanup: 66525 ns, At safepoint: 96620 ns, Total: 278892 ns
[2024-10-15T07:26:40.772+0000][125][info ][safepoint   ] Safepoint "Cleanup", Time since last: 2021702404 ns, Reaching safepoint: 34015 ns, Cleanup: 19007 ns, At safepoint: 21887 ns, Total: 74909 ns
[2024-10-15T07:26:41.773+0000][125][info ][safepoint   ] Safepoint "Cleanup", Time since last: 1000701583 ns, Reaching safepoint: 24801 ns, Cleanup: 14037 ns, At safepoint: 12188 ns, Total: 51026 ns
[2024-10-15T07:26:47.824+0000][125][info ][safepoint   ] Safepoint "Cleanup", Time since last: 6050705736 ns, Reaching safepoint: 127693 ns, Cleanup: 39592 ns, At safepoint: 481566 ns, Total: 648851 ns
[2024-10-15T07:26:52.872+0000][125][info ][safepoint   ] Safepoint "Cleanup", Time since last: 5047461582 ns, Reaching safepoint: 32380 ns, Cleanup: 20852 ns, At safepoint: 13997 ns, Total: 67229 ns
[2024-10-15T07:26:53.873+0000][125][info ][safepoint   ] Safepoint "Cleanup", Time since last: 1000626670 ns, Reaching safepoint: 614039 ns, Cleanup: 19790 ns, At safepoint: 44768 ns, Total: 678597 ns
[2024-10-15T07:26:54.885+0000][125][info ][safepoint   ] Safepoint "Cleanup", Time since last: 1004838989 ns, Reaching safepoint: 10625246 ns, Cleanup: 16302 ns, At safepoint: 124442 ns, Total: 10765990 ns
[2024-10-15T07:26:55.894+0000][125][info ][safepoint   ] Safepoint "Cleanup", Time since last: 1001090290 ns, Reaching safepoint: 7745615 ns, Cleanup: 20146 ns, At safepoint: 103604 ns, Total: 7869365 ns
[2024-10-15T07:26:57.297+0000][125][info ][safepoint   ] Safepoint "Cleanup", Time since last: 1402373404 ns, Reaching safepoint: 23149 ns, Cleanup: 314048 ns, At safepoint: 30754 ns, Total: 367951 ns
[2024-10-15T07:26:59.300+0000][125][info ][safepoint   ] Safepoint "Cleanup", Time since last: 2002822622 ns, Reaching safepoint: 118967 ns, Cleanup: 71077 ns, At safepoint: 25667 ns, Total: 215711 ns
[2024-10-15T07:27:00.302+0000][125][info ][safepoint   ] Safepoint "Cleanup", Time since last: 1002272640 ns, Reaching safepoint: 25045 ns, Cleanup: 14869 ns, At safepoint: 12566 ns, Total: 52480 ns
[2024-10-15T07:27:01.343+0000][125][info ][safepoint   ] Safepoint "Cleanup", Time since last: 1040541753 ns, Reaching safepoint: 14521 ns, Cleanup: 20489 ns, At safepoint: 7646 ns, Total: 42656 ns
[2024-10-15T07:27:02.395+0000][125][info ][safepoint   ] Safepoint "Cleanup", Time since last: 1052736241 ns, Reaching safepoint: 39330 ns, Cleanup: 11021 ns, At safepoint: 11529 ns, Total: 61880 ns
[2024-10-15T07:27:03.997+0000][125][info ][safepoint   ] Safepoint "Cleanup", Time since last: 1601956791 ns, Reaching safepoint: 18577 ns, Cleanup: 12224 ns, At safepoint: 9645 ns, Total: 40446 ns
[2024-10-15T07:27:04.998+0000][125][info ][safepoint   ] Safepoint "Cleanup", Time since last: 1000818241 ns, Reaching safepoint: 19341 ns, Cleanup: 14904 ns, At safepoint: 10450 ns, Total: 44695 ns
[2024-10-15T07:27:06.514+0000][125][info ][safepoint   ] Safepoint "Cleanup", Time since last: 1515762559 ns, Reaching safepoint: 24494 ns, Cleanup: 27583 ns, At safepoint: 50946 ns, Total: 103023 ns
[2024-10-15T07:27:10.425+0000][125][info ][safepoint   ] Safepoint "Cleanup", Time since last: 3909831580 ns, Reaching safepoint: 1130774 ns, Cleanup: 19793 ns, At safepoint: 72481 ns, Total: 1223048 ns
[2024-10-15T07:27:12.436+0000][125][info ][safepoint   ] Safepoint "Cleanup", Time since last: 2011133799 ns, Reaching safepoint: 20145 ns, Cleanup: 12098 ns, At safepoint: 10102 ns, Total: 42345 ns
[2024-10-15T07:27:16.442+0000][125][info ][safepoint   ] Safepoint "Cleanup", Time since last: 4005657387 ns, Reaching safepoint: 28185 ns, Cleanup: 40874 ns, At safepoint: 50220 ns, Total: 119279 ns
[2024-10-15T07:27:17.444+0000][125][info ][safepoint   ] Safepoint "Cleanup", Time since last: 1002030181 ns, Reaching safepoint: 31941 ns, Cleanup: 37584 ns, At safepoint: 16119 ns, Total: 85644 ns
[2024-10-15T07:27:18.445+0000][125][info ][safepoint   ] Safepoint "Cleanup", Time since last: 1000841924 ns, Reaching safepoint: 19028 ns, Cleanup: 16558 ns, At safepoint: 12254 ns, Total: 47840 ns
[2024-10-15T07:27:20.449+0000][125][info ][safepoint   ] Safepoint "Cleanup", Time since last: 2004061219 ns, Reaching safepoint: 31957 ns, Cleanup: 23211 ns, At safepoint: 16251 ns, Total: 71419 ns
[2024-10-15T07:27:22.365+0000][125][info ][safepoint   ] Safepoint "Cleanup", Time since last: 1915984243 ns, Reaching safepoint: 19131 ns, Cleanup: 33046 ns, At safepoint: 10764 ns, Total: 62941 ns
[2024-10-15T07:27:25.577+0000][125][info ][safepoint   ] Safepoint "Cleanup", Time since last: 3206220576 ns, Reaching safepoint: 7246 ns, Cleanup: 7498 ns, At safepoint: 4896 ns, Total: 19640 ns
[2024-10-15T07:27:26.577+0000][125][info ][safepoint   ] Safepoint "Cleanup", Time since last: 1000049410 ns, Reaching safepoint: 7741 ns, Cleanup: 9166 ns, At safepoint: 5446 ns, Total: 22353 ns
[2024-10-15T07:27:29.594+0000][125][info ][safepoint   ] Safepoint "Cleanup", Time since last: 3016724279 ns, Reaching safepoint: 28440 ns, Cleanup: 15566 ns, At safepoint: 16302 ns, Total: 60308 ns
[2024-10-15T07:27:30.643+0000][125][info ][safepoint   ] Safepoint "Cleanup", Time since last: 1049600294 ns, Reaching safepoint: 23409 ns, Cleanup: 12766 ns, At safepoint: 10854 ns, Total: 47029 ns
[2024-10-15T07:27:32.303+0000][125][info ][safepoint   ] Safepoint "Cleanup", Time since last: 1658059683 ns, Reaching safepoint: 1273236 ns, Cleanup: 22996 ns, At safepoint: 104436 ns, Total: 1400668 ns
[2024-10-15T07:27:33.618+0000][125][info ][safepoint   ] Safepoint "Cleanup", Time since last: 1314781771 ns, Reaching safepoint: 251489 ns, Cleanup: 41443 ns, At safepoint: 167654 ns, Total: 460586 ns
[2024-10-15T07:27:38.623+0000][125][info ][safepoint   ] Safepoint "Cleanup", Time since last: 5005212158 ns, Reaching safepoint: 31924 ns, Cleanup: 19095 ns, At safepoint: 21625 ns, Total: 72644 ns
[2024-10-15T07:27:46.634+0000][125][info ][safepoint   ] Safepoint "Cleanup", Time since last: 8010353642 ns, Reaching safepoint: 529072 ns, Cleanup: 14588 ns, At safepoint: 83331 ns, Total: 626991 ns
[2024-10-15T07:27:47.823+0000][125][info ][safepoint   ] Safepoint "Cleanup", Time since last: 1188147122 ns, Reaching safepoint: 16689 ns, Cleanup: 15441 ns, At safepoint: 9506 ns, Total: 41636 ns
[2024-10-15T07:27:52.164+0000][125][info ][safepoint   ] Safepoint "Cleanup", Time since last: 4341424304 ns, Reaching safepoint: 219386 ns, Cleanup: 7462 ns, At safepoint: 19041 ns, Total: 245889 ns
[2024-10-15T07:27:53.189+0000][125][info ][safepoint   ] Safepoint "Cleanup", Time since last: 1024235041 ns, Reaching safepoint: 22072 ns, Cleanup: 12063 ns, At safepoint: 47137 ns, Total: 81272 ns
[2024-10-15T07:28:05.103+0000][125][info ][safepoint   ] Safepoint "Cleanup", Time since last: 11913838905 ns, Reaching safepoint: 73595 ns, Cleanup: 15960 ns, At safepoint: 21049 ns, Total: 110604 ns
[2024-10-15T07:28:08.306+0000][125][info ][safepoint   ] Safepoint "Cleanup", Time since last: 3202992311 ns, Reaching safepoint: 7187 ns, Cleanup: 8592 ns, At safepoint: 5268 ns, Total: 21047 ns
[2024-10-15T07:28:09.708+0000][125][info ][safepoint   ] Safepoint "Cleanup", Time since last: 1401866269 ns, Reaching safepoint: 18944 ns, Cleanup: 16385 ns, At safepoint: 10197 ns, Total: 45526 ns
[2024-10-15T07:28:11.713+0000][125][info ][safepoint   ] Safepoint "Cleanup", Time since last: 2004497048 ns, Reaching safepoint: 31298 ns, Cleanup: 23565 ns, At safepoint: 14510 ns, Total: 69373 ns
[2024-10-15T07:28:18.237+0000][125][info ][safepoint   ] Safepoint "Cleanup", Time since last: 6523674576 ns, Reaching safepoint: 78571 ns, Cleanup: 38515 ns, At safepoint: 29142 ns, Total: 146228 ns
[2024-10-15T07:28:33.256+0000][125][info ][safepoint   ] Safepoint "Cleanup", Time since last: 15017790333 ns, Reaching safepoint: 18967 ns, Cleanup: 39890 ns, At safepoint: 39999 ns, Total: 98856 ns
[2024-10-15T07:28:35.376+0000][125][info ][safepoint   ] Safepoint "Cleanup", Time since last: 2120579744 ns, Reaching safepoint: 19035 ns, Cleanup: 12214 ns, At safepoint: 8522 ns, Total: 39771 ns
[2024-10-15T07:28:36.864+0000][125][info ][safepoint   ] Safepoint "Cleanup", Time since last: 1482679847 ns, Reaching safepoint: 4885598 ns, Cleanup: 28396 ns, At safepoint: 105448 ns, Total: 5019442 ns
[2024-10-15T07:28:37.865+0000][125][info ][safepoint   ] Safepoint "Cleanup", Time since last: 1001345620 ns, Reaching safepoint: 25929 ns, Cleanup: 16743 ns, At safepoint: 13526 ns, Total: 56198 ns
[2024-10-15T07:28:39.867+0000][125][info ][safepoint   ] Safepoint "Cleanup", Time since last: 2001940489 ns, Reaching safepoint: 17581 ns, Cleanup: 12068 ns, At safepoint: 10550 ns, Total: 40199 ns
[2024-10-15T07:28:41.869+0000][125][info ][safepoint   ] Safepoint "Cleanup", Time since last: 2002124745 ns, Reaching safepoint: 23508 ns, Cleanup: 14665 ns, At safepoint: 15353 ns, Total: 53526 ns
[2024-10-15T07:28:48.845+0000][125][info ][safepoint   ] Safepoint "Cleanup", Time since last: 6975816983 ns, Reaching safepoint: 16207 ns, Cleanup: 12512 ns, At safepoint: 6245 ns, Total: 34964 ns
[2024-10-15T07:28:49.988+0000][125][info ][safepoint   ] Safepoint "Cleanup", Time since last: 1143018199 ns, Reaching safepoint: 48579 ns, Cleanup: 14894 ns, At safepoint: 9176 ns, Total: 72649 ns
[2024-10-15T07:28:52.523+0000][125][info ][safepoint   ] Safepoint "Cleanup", Time since last: 2534053973 ns, Reaching safepoint: 24744 ns, Cleanup: 23088 ns, At safepoint: 15425 ns, Total: 63257 ns
[2024-10-15T07:28:54.881+0000][125][info ][safepoint   ] Safepoint "Cleanup", Time since last: 2357623790 ns, Reaching safepoint: 19705 ns, Cleanup: 15166 ns, At safepoint: 45382 ns, Total: 80253 ns
[2024-10-15T07:28:59.978+0000][125][info ][safepoint   ] Safepoint "Cleanup", Time since last: 5097276691 ns, Reaching safepoint: 26031 ns, Cleanup: 16710 ns, At safepoint: 50257 ns, Total: 92998 ns
[2024-10-15T07:29:01.071+0000][125][info ][safepoint   ] Safepoint "Cleanup", Time since last: 1091813099 ns, Reaching safepoint: 755382 ns, Cleanup: 18461 ns, At safepoint: 94318 ns, Total: 868161 ns
[2024-10-15T07:29:03.096+0000][125][info ][safepoint   ] Safepoint "Cleanup", Time since last: 2025048255 ns, Reaching safepoint: 18963 ns, Cleanup: 12423 ns, At safepoint: 9928 ns, Total: 41314 ns
[2024-10-15T07:29:05.259+0000][125][info ][safepoint   ] Safepoint "Cleanup", Time since last: 2163188991 ns, Reaching safepoint: 17158 ns, Cleanup: 18540 ns, At safepoint: 9823 ns, Total: 45521 ns
[2024-10-15T07:29:06.319+0000][125][info ][safepoint   ] Safepoint "Cleanup", Time since last: 1060194781 ns, Reaching safepoint: 66324 ns, Cleanup: 18484 ns, At safepoint: 14590 ns, Total: 99398 ns
[2024-10-15T07:29:11.907+0000][125][info ][safepoint   ] Safepoint "Cleanup", Time since last: 5586505141 ns, Reaching safepoint: 1103471 ns, Cleanup: 16551 ns, At safepoint: 120755 ns, Total: 1240777 ns
[2024-10-15T07:29:17.952+0000][125][info ][safepoint   ] Safepoint "Cleanup", Time since last: 6045002329 ns, Reaching safepoint: 34208 ns, Cleanup: 64545 ns, At safepoint: 146760 ns, Total: 245513 ns
[2024-10-15T07:29:18.953+0000][125][info ][safepoint   ] Safepoint "Cleanup", Time since last: 1000652105 ns, Reaching safepoint: 29995 ns, Cleanup: 26633 ns, At safepoint: 10198 ns, Total: 66826 ns
[2024-10-15T07:29:19.954+0000][125][info ][safepoint   ] Safepoint "Cleanup", Time since last: 1000755119 ns, Reaching safepoint: 29724 ns, Cleanup: 24914 ns, At safepoint: 45643 ns, Total: 100281 ns
[2024-10-15T07:29:20.955+0000][125][info ][safepoint   ] Safepoint "Cleanup", Time since last: 1000759701 ns, Reaching safepoint: 108124 ns, Cleanup: 14376 ns, At safepoint: 21381 ns, Total: 143881 ns
[2024-10-15T07:29:22.571+0000][125][info ][gc,start    ] GC(204) Pause Young (Concurrent Start) (CodeCache GC Threshold)
[2024-10-15T07:29:22.571+0000][125][info ][gc,task     ] GC(204) Using 4 workers of 4 for evacuation
[2024-10-15T07:29:22.571+0000][125][debug][gc,age      ] GC(204) Desired survivor size 216006656 bytes, new threshold 15 (max threshold 15)
[2024-10-15T07:29:22.587+0000][125][info ][gc,phases   ] GC(204)   Pre Evacuate Collection Set: 0.63ms
[2024-10-15T07:29:22.587+0000][125][info ][gc,phases   ] GC(204)   Merge Heap Roots: 0.36ms
[2024-10-15T07:29:22.587+0000][125][info ][gc,phases   ] GC(204)   Evacuate Collection Set: 11.53ms
[2024-10-15T07:29:22.587+0000][125][info ][gc,phases   ] GC(204)   Post Evacuate Collection Set: 2.82ms
[2024-10-15T07:29:22.587+0000][125][info ][gc,phases   ] GC(204)   Other: 0.40ms
[2024-10-15T07:29:22.587+0000][125][trace][gc,age      ] GC(204) Age table with threshold 15 (max threshold 15)
[2024-10-15T07:29:22.587+0000][125][trace][gc,age      ] GC(204) - age   1:    5075184 bytes,    5075184 total
[2024-10-15T07:29:22.587+0000][125][trace][gc,age      ] GC(204) - age   2:     879280 bytes,    5954464 total
[2024-10-15T07:29:22.587+0000][125][trace][gc,age      ] GC(204) - age   3:       3088 bytes,    5957552 total
[2024-10-15T07:29:22.587+0000][125][trace][gc,age      ] GC(204) - age   4:       1088 bytes,    5958640 total
[2024-10-15T07:29:22.587+0000][125][trace][gc,age      ] GC(204) - age   5:        424 bytes,    5959064 total
[2024-10-15T07:29:22.587+0000][125][trace][gc,age      ] GC(204) - age   6:        696 bytes,    5959760 total
[2024-10-15T07:29:22.587+0000][125][trace][gc,age      ] GC(204) - age   7:       1024 bytes,    5960784 total
[2024-10-15T07:29:22.587+0000][125][trace][gc,age      ] GC(204) - age   8:       1432 bytes,    5962216 total
[2024-10-15T07:29:22.587+0000][125][trace][gc,age      ] GC(204) - age   9:         80 bytes,    5962296 total
[2024-10-15T07:29:22.587+0000][125][trace][gc,age      ] GC(204) - age  10:        200 bytes,    5962496 total
[2024-10-15T07:29:22.587+0000][125][trace][gc,age      ] GC(204) - age  11:        136 bytes,    5962632 total
[2024-10-15T07:29:22.587+0000][125][trace][gc,age      ] GC(204) - age  12:       2536 bytes,    5965168 total
[2024-10-15T07:29:22.587+0000][125][trace][gc,age      ] GC(204) - age  13:       4472 bytes,    5969640 total
[2024-10-15T07:29:22.587+0000][125][trace][gc,age      ] GC(204) - age  14:        120 bytes,    5969760 total
[2024-10-15T07:29:22.587+0000][125][trace][gc,age      ] GC(204) - age  15:       2312 bytes,    5972072 total
[2024-10-15T07:29:22.587+0000][125][info ][gc,heap     ] GC(204) Eden regions: 264->0(819)
[2024-10-15T07:29:22.587+0000][125][info ][gc,heap     ] GC(204) Survivor regions: 2->2(103)
[2024-10-15T07:29:22.587+0000][125][info ][gc,heap     ] GC(204) Old regions: 61->61
[2024-10-15T07:29:22.587+0000][125][info ][gc,heap     ] GC(204) Humongous regions: 2->2
[2024-10-15T07:29:22.587+0000][125][info ][gc,metaspace] GC(204) Metaspace: 159533K(163712K)->159533K(163712K) NonClass: 138099K(140096K)->138099K(140096K) Class: 21433K(23616K)->21433K(23616K)
[2024-10-15T07:29:22.587+0000][125][info ][gc          ] GC(204) Pause Young (Concurrent Start) (CodeCache GC Threshold) 1311M->255M(5476M) 16.023ms
[2024-10-15T07:29:22.587+0000][125][info ][gc,cpu      ] GC(204) User=0.05s Sys=0.00s Real=0.02s
[2024-10-15T07:29:22.587+0000][125][info ][gc          ] GC(205) Concurrent Mark Cycle
[2024-10-15T07:29:22.587+0000][125][info ][gc,marking  ] GC(205) Concurrent Scan Root Regions
[2024-10-15T07:29:22.587+0000][125][info ][safepoint   ] Safepoint "G1TryInitiateConcMark", Time since last: 1616337562 ns, Reaching safepoint: 28822 ns, Cleanup: 115205 ns, At safepoint: 16198326 ns, Total: 16342353 ns
[2024-10-15T07:29:22.609+0000][125][info ][gc,marking  ] GC(205) Concurrent Scan Root Regions 21.834ms
[2024-10-15T07:29:22.609+0000][125][info ][gc,marking  ] GC(205) Concurrent Mark
[2024-10-15T07:29:22.610+0000][125][info ][gc,marking  ] GC(205) Concurrent Mark From Roots
[2024-10-15T07:29:22.610+0000][125][info ][gc,task     ] GC(205) Using 1 workers of 1 for marking
[2024-10-15T07:29:23.057+0000][125][info ][gc,marking  ] GC(205) Concurrent Mark From Roots 447.611ms
[2024-10-15T07:29:23.057+0000][125][info ][gc,marking  ] GC(205) Concurrent Preclean
[2024-10-15T07:29:23.058+0000][125][info ][gc,marking  ] GC(205) Concurrent Preclean 0.827ms
[2024-10-15T07:29:23.058+0000][125][info ][gc,start    ] GC(205) Pause Remark
[2024-10-15T07:29:23.136+0000][125][info ][gc          ] GC(205) Pause Remark 270M->226M(5476M) 77.387ms
[2024-10-15T07:29:23.136+0000][125][info ][gc,cpu      ] GC(205) User=0.29s Sys=0.00s Real=0.08s
[2024-10-15T07:29:23.136+0000][125][info ][safepoint   ] Safepoint "G1PauseRemark", Time since last: 470839618 ns, Reaching safepoint: 23410 ns, Cleanup: 24666 ns, At safepoint: 78022432 ns, Total: 78070508 ns
[2024-10-15T07:29:23.136+0000][125][info ][gc,marking  ] GC(205) Concurrent Mark 526.968ms
[2024-10-15T07:29:23.136+0000][125][info ][gc,marking  ] GC(205) Concurrent Rebuild Remembered Sets and Scrub Regions
[2024-10-15T07:29:23.261+0000][125][info ][gc,marking  ] GC(205) Concurrent Rebuild Remembered Sets and Scrub Regions 124.911ms
[2024-10-15T07:29:23.261+0000][125][info ][gc,start    ] GC(205) Pause Cleanup
[2024-10-15T07:29:23.262+0000][125][info ][gc          ] GC(205) Pause Cleanup 226M->226M(5476M) 0.376ms
[2024-10-15T07:29:23.262+0000][125][info ][gc,cpu      ] GC(205) User=0.00s Sys=0.00s Real=0.00s
[2024-10-15T07:29:23.262+0000][125][info ][safepoint   ] Safepoint "G1PauseCleanup", Time since last: 125099691 ns, Reaching safepoint: 13275 ns, Cleanup: 3149 ns, At safepoint: 467380 ns, Total: 483804 ns
[2024-10-15T07:29:23.262+0000][125][info ][gc,marking  ] GC(205) Concurrent Clear Claimed Marks
[2024-10-15T07:29:23.262+0000][125][info ][gc,marking  ] GC(205) Concurrent Clear Claimed Marks 0.195ms
[2024-10-15T07:29:23.262+0000][125][info ][gc,marking  ] GC(205) Concurrent Cleanup for Next Mark
[2024-10-15T07:29:23.283+0000][125][info ][gc,marking  ] GC(205) Concurrent Cleanup for Next Mark 20.588ms
[2024-10-15T07:29:23.283+0000][125][info ][gc          ] GC(205) Concurrent Mark Cycle 695.452ms
[2024-10-15T07:29:24.385+0000][125][info ][safepoint   ] Safepoint "Cleanup", Time since last: 1121795043 ns, Reaching safepoint: 17750 ns, Cleanup: 10704 ns, At safepoint: 9549 ns, Total: 38003 ns
[2024-10-15T07:29:25.386+0000][125][info ][safepoint   ] Safepoint "Cleanup", Time since last: 1001138922 ns, Reaching safepoint: 24122 ns, Cleanup: 19560 ns, At safepoint: 14800 ns, Total: 58482 ns
[2024-10-15T07:29:27.388+0000][125][info ][safepoint   ] Safepoint "Cleanup", Time since last: 2001860098 ns, Reaching safepoint: 25583 ns, Cleanup: 14197 ns, At safepoint: 14537 ns, Total: 54317 ns
[2024-10-15T07:29:28.525+0000][125][info ][safepoint   ] Safepoint "Cleanup", Time since last: 1136832820 ns, Reaching safepoint: 19467 ns, Cleanup: 14837 ns, At safepoint: 10053 ns, Total: 44357 ns
[2024-10-15T07:29:30.527+0000][125][info ][safepoint   ] Safepoint "Cleanup", Time since last: 2002147744 ns, Reaching safepoint: 20299 ns, Cleanup: 11307 ns, At safepoint: 9132 ns, Total: 40738 ns
[2024-10-15T07:29:35.532+0000][125][info ][safepoint   ] Safepoint "Cleanup", Time since last: 5004918024 ns, Reaching safepoint: 18156 ns, Cleanup: 9932 ns, At safepoint: 9336 ns, Total: 37424 ns
[2024-10-15T07:29:38.413+0000][125][info ][safepoint   ] Safepoint "Cleanup", Time since last: 2881239164 ns, Reaching safepoint: 7783 ns, Cleanup: 10539 ns, At safepoint: 5075 ns, Total: 23397 ns
[2024-10-15T07:29:45.999+0000][125][info ][safepoint   ] Safepoint "Cleanup", Time since last: 7585566233 ns, Reaching safepoint: 50944 ns, Cleanup: 43900 ns, At safepoint: 31010 ns, Total: 125854 ns
[2024-10-15T07:29:48.001+0000][125][info ][safepoint   ] Safepoint "Cleanup", Time since last: 2001980479 ns, Reaching safepoint: 18368 ns, Cleanup: 10157 ns, At safepoint: 9860 ns, Total: 38385 ns
[2024-10-15T07:29:50.003+0000][125][info ][safepoint   ] Safepoint "Cleanup", Time since last: 2001660504 ns, Reaching safepoint: 17394 ns, Cleanup: 10823 ns, At safepoint: 10023 ns, Total: 38240 ns
[2024-10-15T07:29:53.010+0000][125][info ][safepoint   ] Safepoint "Cleanup", Time since last: 3006323658 ns, Reaching safepoint: 777225 ns, Cleanup: 16604 ns, At safepoint: 10278 ns, Total: 804107 ns
[2024-10-15T07:29:56.014+0000][125][info ][safepoint   ] Safepoint "Cleanup", Time since last: 3002965682 ns, Reaching safepoint: 41235 ns, Cleanup: 21398 ns, At safepoint: 25907 ns, Total: 88540 ns
[2024-10-15T07:30:00.018+0000][125][info ][safepoint   ] Safepoint "Cleanup", Time since last: 4003874046 ns, Reaching safepoint: 50544 ns, Cleanup: 41708 ns, At safepoint: 48847 ns, Total: 141099 ns
[2024-10-15T07:30:05.378+0000][125][info ][safepoint   ] Safepoint "Cleanup", Time since last: 5359960626 ns, Reaching safepoint: 21187 ns, Cleanup: 14695 ns, At safepoint: 10829 ns, Total: 46711 ns
[2024-10-15T07:30:20.060+0000][125][info ][safepoint   ] Safepoint "Cleanup", Time since last: 14680232720 ns, Reaching safepoint: 938533 ns, Cleanup: 49765 ns, At safepoint: 182011 ns, Total: 1170309 ns
[2024-10-15T07:30:22.075+0000][125][info ][safepoint   ] Safepoint "Cleanup", Time since last: 2015664455 ns, Reaching safepoint: 133258 ns, Cleanup: 17487 ns, At safepoint: 22163 ns, Total: 172908 ns
[2024-10-15T07:30:23.106+0000][125][info ][safepoint   ] Safepoint "Cleanup", Time since last: 1030817893 ns, Reaching safepoint: 33174 ns, Cleanup: 18138 ns, At safepoint: 13937 ns, Total: 65249 ns
[2024-10-15T07:30:30.405+0000][125][info ][safepoint   ] Safepoint "Cleanup", Time since last: 7296993736 ns, Reaching safepoint: 695276 ns, Cleanup: 17819 ns, At safepoint: 47082 ns, Total: 760177 ns
[2024-10-15T07:30:31.415+0000][125][info ][safepoint   ] Safepoint "Cleanup", Time since last: 1010179085 ns, Reaching safepoint: 13260 ns, Cleanup: 17613 ns, At safepoint: 7412 ns, Total: 38285 ns
[2024-10-15T07:30:40.659+0000][125][info ][safepoint   ] Safepoint "Cleanup", Time since last: 9243090591 ns, Reaching safepoint: 787956 ns, Cleanup: 16392 ns, At safepoint: 111848 ns, Total: 916196 ns
[2024-10-15T07:30:44.201+0000][125][info ][safepoint   ] Safepoint "Cleanup", Time since last: 3542337424 ns, Reaching safepoint: 28317 ns, Cleanup: 16801 ns, At safepoint: 14026 ns, Total: 59144 ns
[2024-10-15T07:30:45.203+0000][125][info ][safepoint   ] Safepoint "Cleanup", Time since last: 1001605704 ns, Reaching safepoint: 25928 ns, Cleanup: 63697 ns, At safepoint: 58831 ns, Total: 148456 ns
[2024-10-15T07:30:50.746+0000][125][info ][safepoint   ] Safepoint "Cleanup", Time since last: 5542607950 ns, Reaching safepoint: 16897 ns, Cleanup: 10562 ns, At safepoint: 9575 ns, Total: 37034 ns
[2024-10-15T07:30:52.607+0000][125][info ][safepoint   ] Safepoint "Cleanup", Time since last: 1861291356 ns, Reaching safepoint: 7716 ns, Cleanup: 20400 ns, At safepoint: 5810 ns, Total: 33926 ns
[2024-10-15T07:30:55.615+0000][125][info ][safepoint   ] Safepoint "Cleanup", Time since last: 3007997206 ns, Reaching safepoint: 24513 ns, Cleanup: 15787 ns, At safepoint: 15080 ns, Total: 55380 ns
[2024-10-15T07:30:59.619+0000][125][info ][safepoint   ] Safepoint "Cleanup", Time since last: 4003779801 ns, Reaching safepoint: 34826 ns, Cleanup: 26297 ns, At safepoint: 16155 ns, Total: 77278 ns
[2024-10-15T07:31:01.620+0000][125][info ][safepoint   ] Safepoint "Cleanup", Time since last: 2001697150 ns, Reaching safepoint: 26488 ns, Cleanup: 50508 ns, At safepoint: 20634 ns, Total: 97630 ns
[2024-10-15T07:31:05.582+0000][125][info ][safepoint   ] Safepoint "Cleanup", Time since last: 3962000679 ns, Reaching safepoint: 23254 ns, Cleanup: 16284 ns, At safepoint: 16336 ns, Total: 55874 ns
[2024-10-15T07:31:06.680+0000][125][info ][safepoint   ] Safepoint "Cleanup", Time since last: 1086626667 ns, Reaching safepoint: 11119135 ns, Cleanup: 37113 ns, At safepoint: 35364 ns, Total: 11191612 ns
[2024-10-15T07:31:10.072+0000][125][info ][safepoint   ] Safepoint "Cleanup", Time since last: 3391232778 ns, Reaching safepoint: 41623 ns, Cleanup: 11483 ns, At safepoint: 11437 ns, Total: 64543 ns
[2024-10-15T07:31:11.825+0000][125][info ][safepoint   ] Safepoint "Cleanup", Time since last: 1753869844 ns, Reaching safepoint: 25597 ns, Cleanup: 15957 ns, At safepoint: 12778 ns, Total: 54332 ns
[2024-10-15T07:31:15.092+0000][125][info ][safepoint   ] Safepoint "Cleanup", Time since last: 3266768318 ns, Reaching safepoint: 21614 ns, Cleanup: 12486 ns, At safepoint: 10638 ns, Total: 44738 ns
[2024-10-15T07:31:18.252+0000][125][info ][safepoint   ] Safepoint "Cleanup", Time since last: 3159308139 ns, Reaching safepoint: 18298 ns, Cleanup: 13341 ns, At safepoint: 10232 ns, Total: 41871 ns
[2024-10-15T07:31:20.365+0000][125][info ][safepoint   ] Safepoint "Cleanup", Time since last: 2112863052 ns, Reaching safepoint: 20535 ns, Cleanup: 12304 ns, At safepoint: 11752 ns, Total: 44591 ns
[2024-10-15T07:31:23.368+0000][125][info ][safepoint   ] Safepoint "Cleanup", Time since last: 3003179131 ns, Reaching safepoint: 21190 ns, Cleanup: 12755 ns, At safepoint: 10123 ns, Total: 44068 ns
[2024-10-15T07:31:34.145+0000][125][info ][safepoint   ] Safepoint "Cleanup", Time since last: 10774974424 ns, Reaching safepoint: 65580 ns, Cleanup: 15107 ns, At safepoint: 15078 ns, Total: 95765 ns
[2024-10-15T07:31:45.433+0000][125][info ][safepoint   ] Safepoint "Cleanup", Time since last: 11287553734 ns, Reaching safepoint: 9189 ns, Cleanup: 9139 ns, At safepoint: 5318 ns, Total: 23646 ns
[2024-10-15T07:31:47.852+0000][125][info ][safepoint   ] Safepoint "Cleanup", Time since last: 2419143688 ns, Reaching safepoint: 15518 ns, Cleanup: 18836 ns, At safepoint: 7281 ns, Total: 41635 ns
[2024-10-15T07:31:49.162+0000][125][info ][safepoint   ] Safepoint "Cleanup", Time since last: 1309992423 ns, Reaching safepoint: 17112 ns, Cleanup: 12102 ns, At safepoint: 9520 ns, Total: 38734 ns
[2024-10-15T07:31:52.887+0000][125][info ][safepoint   ] Safepoint "Cleanup", Time since last: 3725210434 ns, Reaching safepoint: 14609 ns, Cleanup: 19384 ns, At safepoint: 9399 ns, Total: 43392 ns
[2024-10-15T07:31:57.068+0000][125][info ][safepoint   ] Safepoint "Cleanup", Time since last: 4180723813 ns, Reaching safepoint: 20135 ns, Cleanup: 13637 ns, At safepoint: 11678 ns, Total: 45450 ns
[2024-10-15T07:32:01.097+0000][125][info ][safepoint   ] Safepoint "Cleanup", Time since last: 4028964684 ns, Reaching safepoint: 13893 ns, Cleanup: 8048 ns, At safepoint: 4943 ns, Total: 26884 ns
[2024-10-15T07:32:02.141+0000][125][info ][safepoint   ] Safepoint "Cleanup", Time since last: 1043213024 ns, Reaching safepoint: 17445 ns, Cleanup: 12092 ns, At safepoint: 10466 ns, Total: 40003 ns
[2024-10-15T07:32:03.834+0000][125][info ][safepoint   ] Safepoint "Cleanup", Time since last: 1693745670 ns, Reaching safepoint: 8659 ns, Cleanup: 8455 ns, At safepoint: 5284 ns, Total: 22398 ns
[2024-10-15T07:32:04.835+0000][125][info ][safepoint   ] Safepoint "Cleanup", Time since last: 1000679147 ns, Reaching safepoint: 22775 ns, Cleanup: 22745 ns, At safepoint: 13127 ns, Total: 58647 ns
[2024-10-15T07:32:18.240+0000][125][info ][safepoint   ] Safepoint "Cleanup", Time since last: 13405029617 ns, Reaching safepoint: 42770 ns, Cleanup: 10212 ns, At safepoint: 9510 ns, Total: 62492 ns
[2024-10-15T07:32:20.243+0000][125][info ][safepoint   ] Safepoint "Cleanup", Time since last: 2002078910 ns, Reaching safepoint: 811415 ns, Cleanup: 14663 ns, At safepoint: 109114 ns, Total: 935192 ns
[2024-10-15T07:32:21.530+0000][125][info ][safepoint   ] Safepoint "Cleanup", Time since last: 1286493542 ns, Reaching safepoint: 7822 ns, Cleanup: 11310 ns, At safepoint: 5441 ns, Total: 24573 ns
[2024-10-15T07:32:25.544+0000][125][info ][safepoint   ] Safepoint "Cleanup", Time since last: 4013358768 ns, Reaching safepoint: 40065 ns, Cleanup: 13391 ns, At safepoint: 11320 ns, Total: 64776 ns
[2024-10-15T07:32:45.598+0000][125][info ][safepoint   ] Safepoint "Cleanup", Time since last: 20053931206 ns, Reaching safepoint: 61033 ns, Cleanup: 13904 ns, At safepoint: 67456 ns, Total: 142393 ns
[2024-10-15T07:32:49.793+0000][125][info ][safepoint   ] Safepoint "Cleanup", Time since last: 4193849200 ns, Reaching safepoint: 1007732 ns, Cleanup: 26234 ns, At safepoint: 192629 ns, Total: 1226595 ns
[2024-10-15T07:32:52.759+0000][125][info ][safepoint   ] Safepoint "Cleanup", Time since last: 2965101102 ns, Reaching safepoint: 17345 ns, Cleanup: 15464 ns, At safepoint: 9468 ns, Total: 42277 ns
[2024-10-15T07:33:05.064+0000][125][info ][safepoint   ] Safepoint "Cleanup", Time since last: 12324548991 ns, Reaching safepoint: 23342 ns, Cleanup: 13868 ns, At safepoint: 12027 ns, Total: 49237 ns
[2024-10-15T07:33:12.073+0000][125][info ][safepoint   ] Safepoint "Cleanup", Time since last: 7008224142 ns, Reaching safepoint: 24132 ns, Cleanup: 22016 ns, At safepoint: 14216 ns, Total: 60364 ns
[2024-10-15T07:33:14.075+0000][125][info ][safepoint   ] Safepoint "Cleanup", Time since last: 2002811464 ns, Reaching safepoint: 23440 ns, Cleanup: 14432 ns, At safepoint: 14515 ns, Total: 52387 ns
[2024-10-15T07:33:23.608+0000][125][info ][safepoint   ] Safepoint "Cleanup", Time since last: 9532172753 ns, Reaching safepoint: 17086 ns, Cleanup: 9846 ns, At safepoint: 12861 ns, Total: 39793 ns
[2024-10-15T07:33:24.679+0000][125][info ][safepoint   ] Safepoint "Cleanup", Time since last: 1050843403 ns, Reaching safepoint: 23628 ns, Cleanup: 11883 ns, At safepoint: 10028 ns, Total: 45539 ns
[2024-10-15T07:33:37.856+0000][125][info ][safepoint   ] Safepoint "Cleanup", Time since last: 13176977271 ns, Reaching safepoint: 30997 ns, Cleanup: 17958 ns, At safepoint: 13314 ns, Total: 62269 ns
[2024-10-15T07:33:47.798+0000][125][info ][safepoint   ] Safepoint "Cleanup", Time since last: 9941328071 ns, Reaching safepoint: 19017 ns, Cleanup: 11628 ns, At safepoint: 7456 ns, Total: 38101 ns
[2024-10-15T07:33:52.841+0000][125][info ][safepoint   ] Safepoint "Cleanup", Time since last: 5043583588 ns, Reaching safepoint: 17549 ns, Cleanup: 15815 ns, At safepoint: 10664 ns, Total: 44028 ns
[2024-10-15T07:33:55.845+0000][125][info ][safepoint   ] Safepoint "Cleanup", Time since last: 3002859944 ns, Reaching safepoint: 20511 ns, Cleanup: 13409 ns, At safepoint: 10641 ns, Total: 44561 ns
[2024-10-15T07:34:01.853+0000][125][info ][safepoint   ] Safepoint "Cleanup", Time since last: 6007852201 ns, Reaching safepoint: 17081 ns, Cleanup: 14003 ns, At safepoint: 8531 ns, Total: 39615 ns
[2024-10-15T07:34:08.153+0000][125][info ][safepoint   ] Safepoint "Cleanup", Time since last: 6299919073 ns, Reaching safepoint: 29528 ns, Cleanup: 25068 ns, At safepoint: 14315 ns, Total: 68911 ns
[2024-10-15T07:34:09.198+0000][125][info ][safepoint   ] Safepoint "Cleanup", Time since last: 1045132949 ns, Reaching safepoint: 18801 ns, Cleanup: 15380 ns, At safepoint: 8580 ns, Total: 42761 ns
[2024-10-15T07:34:11.818+0000][125][info ][safepoint   ] Safepoint "Cleanup", Time since last: 2619988825 ns, Reaching safepoint: 17035 ns, Cleanup: 11820 ns, At safepoint: 9800 ns, Total: 38655 ns
[2024-10-15T07:34:15.559+0000][125][info ][safepoint   ] Safepoint "Cleanup", Time since last: 3740886854 ns, Reaching safepoint: 19782 ns, Cleanup: 18419 ns, At safepoint: 47097 ns, Total: 85298 ns
[2024-10-15T07:34:26.961+0000][125][info ][safepoint   ] Safepoint "Cleanup", Time since last: 11401300030 ns, Reaching safepoint: 18593 ns, Cleanup: 94306 ns, At safepoint: 23817 ns, Total: 136716 ns
[2024-10-15T07:34:34.022+0000][125][info ][safepoint   ] Safepoint "Cleanup", Time since last: 7060265259 ns, Reaching safepoint: 50401 ns, Cleanup: 12030 ns, At safepoint: 9453 ns, Total: 71884 ns
[2024-10-15T07:34:35.023+0000][125][info ][safepoint   ] Safepoint "Cleanup", Time since last: 1000965395 ns, Reaching safepoint: 30093 ns, Cleanup: 17081 ns, At safepoint: 14140 ns, Total: 61314 ns
[2024-10-15T07:34:45.824+0000][125][info ][safepoint   ] Safepoint "Cleanup", Time since last: 10798993047 ns, Reaching safepoint: 1996330 ns, Cleanup: 31464 ns, At safepoint: 165358 ns, Total: 2193152 ns
[2024-10-15T07:34:48.127+0000][125][info ][safepoint   ] Safepoint "Cleanup", Time since last: 2302800770 ns, Reaching safepoint: 28703 ns, Cleanup: 41334 ns, At safepoint: 15067 ns, Total: 85104 ns
[2024-10-15T07:34:49.128+0000][125][info ][safepoint   ] Safepoint "Cleanup", Time since last: 1000759744 ns, Reaching safepoint: 23036 ns, Cleanup: 14875 ns, At safepoint: 12410 ns, Total: 50321 ns
[2024-10-15T07:34:50.129+0000][125][info ][safepoint   ] Safepoint "Cleanup", Time since last: 1001102237 ns, Reaching safepoint: 16806 ns, Cleanup: 12859 ns, At safepoint: 9690 ns, Total: 39355 ns
[2024-10-15T07:34:52.238+0000][125][info ][safepoint   ] Safepoint "Cleanup", Time since last: 2108860866 ns, Reaching safepoint: 19238 ns, Cleanup: 13104 ns, At safepoint: 9666 ns, Total: 42008 ns
[2024-10-15T07:34:55.233+0000][125][info ][safepoint   ] Safepoint "Cleanup", Time since last: 3003826006 ns, Reaching safepoint: 18717 ns, Cleanup: 14953 ns, At safepoint: 10800 ns, Total: 44470 ns
[2024-10-15T07:34:56.371+0000][125][info ][safepoint   ] Safepoint "Cleanup", Time since last: 1137704769 ns, Reaching safepoint: 22166 ns, Cleanup: 17447 ns, At safepoint: 10559 ns, Total: 50172 ns
[2024-10-15T07:34:58.348+0000][125][info ][safepoint   ] Safepoint "Cleanup", Time since last: 1976438585 ns, Reaching safepoint: 17774 ns, Cleanup: 11336 ns, At safepoint: 9671 ns, Total: 38781 ns
[2024-10-15T07:35:03.395+0000][125][info ][safepoint   ] Safepoint "Cleanup", Time since last: 5047927809 ns, Reaching safepoint: 22225 ns, Cleanup: 16953 ns, At safepoint: 14197 ns, Total: 53375 ns
[2024-10-15T07:35:06.339+0000][125][info ][safepoint   ] Safepoint "Cleanup", Time since last: 2943053722 ns, Reaching safepoint: 25668 ns, Cleanup: 22068 ns, At safepoint: 12150 ns, Total: 59886 ns
[2024-10-15T07:35:09.108+0000][125][info ][safepoint   ] Safepoint "Cleanup", Time since last: 2768917722 ns, Reaching safepoint: 20422 ns, Cleanup: 20000 ns, At safepoint: 10836 ns, Total: 51258 ns
[2024-10-15T07:35:10.125+0000][125][info ][safepoint   ] Safepoint "Cleanup", Time since last: 1017005657 ns, Reaching safepoint: 18494 ns, Cleanup: 12765 ns, At safepoint: 9633 ns, Total: 40892 ns
[2024-10-15T07:35:15.152+0000][125][info ][safepoint   ] Safepoint "Cleanup", Time since last: 5026900546 ns, Reaching safepoint: 26840 ns, Cleanup: 18682 ns, At safepoint: 12347 ns, Total: 57869 ns
[2024-10-15T07:35:17.162+0000][125][info ][safepoint   ] Safepoint "Cleanup", Time since last: 2010019719 ns, Reaching safepoint: 23397 ns, Cleanup: 11221 ns, At safepoint: 11191 ns, Total: 45809 ns
[2024-10-15T07:35:20.886+0000][125][info ][safepoint   ] Safepoint "Cleanup", Time since last: 3724067204 ns, Reaching safepoint: 8536 ns, Cleanup: 8040 ns, At safepoint: 5466 ns, Total: 22042 ns
[2024-10-15T07:35:23.624+0000][125][info ][safepoint   ] Safepoint "Cleanup", Time since last: 2737858239 ns, Reaching safepoint: 17750 ns, Cleanup: 14828 ns, At safepoint: 10658 ns, Total: 43236 ns
[2024-10-15T07:35:25.636+0000][125][info ][safepoint   ] Safepoint "Cleanup", Time since last: 2001921173 ns, Reaching safepoint: 20079 ns, Cleanup: 9851 ns, At safepoint: 21023 ns, Total: 50953 ns
[2024-10-15T07:35:26.654+0000][125][info ][safepoint   ] Safepoint "Cleanup", Time since last: 1018411681 ns, Reaching safepoint: 26674 ns, Cleanup: 12579 ns, At safepoint: 11194 ns, Total: 50447 ns
[2024-10-15T07:35:30.505+0000][125][info ][safepoint   ] Safepoint "Cleanup", Time since last: 3850413449 ns, Reaching safepoint: 24123 ns, Cleanup: 13526 ns, At safepoint: 5732 ns, Total: 43381 ns
[2024-10-15T07:35:31.522+0000][125][info ][safepoint   ] Safepoint "Cleanup", Time since last: 1017353330 ns, Reaching safepoint: 25171 ns, Cleanup: 15565 ns, At safepoint: 17734 ns, Total: 58470 ns
[2024-10-15T07:35:52.651+0000][125][info ][safepoint   ] Safepoint "Cleanup", Time since last: 21128516538 ns, Reaching safepoint: 25642 ns, Cleanup: 18671 ns, At safepoint: 11296 ns, Total: 55609 ns
[2024-10-15T07:36:01.727+0000][125][info ][safepoint   ] Safepoint "Cleanup", Time since last: 9072998821 ns, Reaching safepoint: 25037 ns, Cleanup: 16197 ns, At safepoint: 2448489 ns, Total: 2489723 ns
[2024-10-15T07:36:05.616+0000][125][info ][safepoint   ] Safepoint "Cleanup", Time since last: 3888386126 ns, Reaching safepoint: 22546 ns, Cleanup: 14016 ns, At safepoint: 11123 ns, Total: 47685 ns
[2024-10-15T07:36:10.621+0000][125][info ][safepoint   ] Safepoint "Cleanup", Time since last: 5005351572 ns, Reaching safepoint: 17523 ns, Cleanup: 17418 ns, At safepoint: 10671 ns, Total: 45612 ns
[2024-10-15T07:36:22.633+0000][125][info ][safepoint   ] Safepoint "Cleanup", Time since last: 12011741732 ns, Reaching safepoint: 36395 ns, Cleanup: 18897 ns, At safepoint: 19838 ns, Total: 75130 ns
[2024-10-15T07:36:25.637+0000][125][info ][safepoint   ] Safepoint "Cleanup", Time since last: 3002688420 ns, Reaching safepoint: 26621 ns, Cleanup: 14472 ns, At safepoint: 48304 ns, Total: 89397 ns
[2024-10-15T07:36:52.760+0000][125][info ][safepoint   ] Safepoint "Cleanup", Time since last: 27100427312 ns, Reaching safepoint: 22688500 ns, Cleanup: 25456 ns, At safepoint: 298544 ns, Total: 23012500 ns
[2024-10-15T07:37:04.006+0000][125][info ][safepoint   ] Safepoint "Cleanup", Time since last: 11244983653 ns, Reaching safepoint: 141031 ns, Cleanup: 14683 ns, At safepoint: 522135 ns, Total: 677849 ns
[2024-10-15T07:37:10.636+0000][125][info ][safepoint   ] Safepoint "Cleanup", Time since last: 6629816017 ns, Reaching safepoint: 27021 ns, Cleanup: 16493 ns, At safepoint: 13505 ns, Total: 57019 ns
[2024-10-15T07:37:55.106+0000][125][info ][safepoint   ] Safepoint "Cleanup", Time since last: 44467137129 ns, Reaching safepoint: 875761 ns, Cleanup: 26566 ns, At safepoint: 121087 ns, Total: 1023414 ns
[2024-10-15T07:37:56.956+0000][125][info ][safepoint   ] Safepoint "Cleanup", Time since last: 1849291644 ns, Reaching safepoint: 12993 ns, Cleanup: 10245 ns, At safepoint: 7910 ns, Total: 31148 ns
[2024-10-15T07:38:00.143+0000][125][info ][safepoint   ] Safepoint "Cleanup", Time since last: 3187666362 ns, Reaching safepoint: 21612 ns, Cleanup: 15394 ns, At safepoint: 13142 ns, Total: 50148 ns
[2024-10-15T07:38:09.652+0000][125][info ][safepoint   ] Safepoint "Cleanup", Time since last: 9508497162 ns, Reaching safepoint: 23593 ns, Cleanup: 21194 ns, At safepoint: 12247 ns, Total: 57034 ns
[2024-10-15T07:38:22.666+0000][125][info ][safepoint   ] Safepoint "Cleanup", Time since last: 13014509079 ns, Reaching safepoint: 42825 ns, Cleanup: 11873 ns, At safepoint: 8666 ns, Total: 63364 ns
[2024-10-15T07:38:35.968+0000][125][info ][safepoint   ] Safepoint "Cleanup", Time since last: 13300499285 ns, Reaching safepoint: 14038 ns, Cleanup: 7864 ns, At safepoint: 6262 ns, Total: 28164 ns
[2024-10-15T07:38:37.216+0000][125][info ][safepoint   ] Safepoint "Cleanup", Time since last: 1248287677 ns, Reaching safepoint: 16455 ns, Cleanup: 12435 ns, At safepoint: 8979 ns, Total: 37869 ns
[2024-10-15T07:38:52.231+0000][125][info ][safepoint   ] Safepoint "Cleanup", Time since last: 15014943188 ns, Reaching safepoint: 66752 ns, Cleanup: 25685 ns, At safepoint: 44477 ns, Total: 136914 ns
[2024-10-15T07:39:22.755+0000][125][info ][safepoint   ] Safepoint "Cleanup", Time since last: 30522203565 ns, Reaching safepoint: 58351 ns, Cleanup: 16942 ns, At safepoint: 15387 ns, Total: 90680 ns
[2024-10-15T07:39:23.773+0000][125][info ][safepoint   ] Safepoint "Cleanup", Time since last: 3002992788 ns, Reaching safepoint: 27960 ns, Cleanup: 16702 ns, At safepoint: 18108 ns, Total: 62770 ns
[2024-10-15T07:46:26.320+0000][125][info ][safepoint   ] Safepoint "Cleanup", Time since last: 422646216058 ns, Reaching safepoint: 835515210 ns, Cleanup: 34400 ns, At safepoint: 2754642 ns, Total: 838304252 ns
[2024-10-15T07:46:27.773+0000][125][info ][safepoint   ] Safepoint "Cleanup", Time since last: 1452565086 ns, Reaching safepoint: 10754 ns, Cleanup: 15912 ns, At safepoint: 6336 ns, Total: 33002 ns
[2024-10-15T07:46:29.786+0000][125][info ][safepoint   ] Safepoint "Cleanup", Time since last: 2013267208 ns, Reaching safepoint: 20770 ns, Cleanup: 12032 ns, At safepoint: 9777 ns, Total: 42579 ns
[2024-10-15T07:47:26.532+0000][125][info ][safepoint   ] Safepoint "Cleanup", Time since last: 56306143489 ns, Reaching safepoint: 22203 ns, Cleanup: 15137 ns, At safepoint: 15350 ns, Total: 52690 ns
[2024-10-15T07:47:27.534+0000][125][info ][safepoint   ] Safepoint "Cleanup", Time since last: 1001040013 ns, Reaching safepoint: 168475 ns, Cleanup: 50077 ns, At safepoint: 42580 ns, Total: 261132 ns
[2024-10-15T07:47:57.617+0000][125][info ][safepoint   ] Safepoint "Cleanup", Time since last: 30084786389 ns, Reaching safepoint: 15375 ns, Cleanup: 11684 ns, At safepoint: 9163 ns, Total: 36222 ns
[2024-10-15T07:49:05.778+0000][125][info ][safepoint   ] Safepoint "Cleanup", Time since last: 68156823052 ns, Reaching safepoint: 943714 ns, Cleanup: 16072 ns, At safepoint: 100285 ns, Total: 1060071 ns
[2024-10-15T07:49:26.785+0000][125][info ][safepoint   ] Safepoint "Cleanup", Time since last: 21005903973 ns, Reaching safepoint: 15474 ns, Cleanup: 11458 ns, At safepoint: 9245 ns, Total: 36177 ns
[2024-10-15T07:49:35.846+0000][125][info ][safepoint   ] Safepoint "Cleanup", Time since last: 9061087199 ns, Reaching safepoint: 8037 ns, Cleanup: 7954 ns, At safepoint: 5479 ns, Total: 21470 ns
[2024-10-15T07:50:11.425+0000][125][info ][safepoint   ] Safepoint "Cleanup", Time since last: 35577903457 ns, Reaching safepoint: 8034 ns, Cleanup: 13688 ns, At safepoint: 5682 ns, Total: 27404 ns
[2024-10-15T07:50:25.949+0000][125][info ][safepoint   ] Safepoint "Cleanup", Time since last: 14522980400 ns, Reaching safepoint: 43328 ns, Cleanup: 19009 ns, At safepoint: 9539 ns, Total: 71876 ns
[2024-10-15T07:50:26.969+0000][125][info ][safepoint   ] Safepoint "Cleanup", Time since last: 1019686712 ns, Reaching safepoint: 17677 ns, Cleanup: 10411 ns, At safepoint: 9987 ns, Total: 38075 ns
[2024-10-15T07:51:26.083+0000][125][info ][safepoint   ] Safepoint "Cleanup", Time since last: 59111699427 ns, Reaching safepoint: 14170 ns, Cleanup: 15975 ns, At safepoint: 7938 ns, Total: 38083 ns
[2024-10-15T07:51:32.181+0000][125][info ][safepoint   ] Safepoint "Cleanup", Time since last: 6097682811 ns, Reaching safepoint: 20420 ns, Cleanup: 16584 ns, At safepoint: 77198 ns, Total: 114202 ns
[2024-10-15T07:51:37.202+0000][125][info ][safepoint   ] Safepoint "Cleanup", Time since last: 5020507687 ns, Reaching safepoint: 928257 ns, Cleanup: 28157 ns, At safepoint: 211998 ns, Total: 1168412 ns
[2024-10-15T07:51:39.205+0000][125][info ][safepoint   ] Safepoint "Cleanup", Time since last: 2002077390 ns, Reaching safepoint: 20366 ns, Cleanup: 18770 ns, At safepoint: 14620 ns, Total: 53756 ns
[2024-10-15T07:51:42.210+0000][125][info ][safepoint   ] Safepoint "Cleanup", Time since last: 3005109100 ns, Reaching safepoint: 7766 ns, Cleanup: 12221 ns, At safepoint: 5305 ns, Total: 25292 ns
[2024-10-15T07:51:47.223+0000][125][info ][safepoint   ] Safepoint "Cleanup", Time since last: 5012787898 ns, Reaching safepoint: 15400 ns, Cleanup: 10594 ns, At safepoint: 9326 ns, Total: 35320 ns
[2024-10-15T07:52:42.285+0000][125][info ][safepoint   ] Safepoint "Cleanup", Time since last: 55060827232 ns, Reaching safepoint: 45317 ns, Cleanup: 12005 ns, At safepoint: 12110 ns, Total: 69432 ns
[2024-10-15T07:53:47.535+0000][125][info ][safepoint   ] Safepoint "Cleanup", Time since last: 65247740769 ns, Reaching safepoint: 1098966 ns, Cleanup: 9828 ns, At safepoint: 41802 ns, Total: 1150596 ns
[2024-10-15T07:54:26.522+0000][125][info ][safepoint   ] Safepoint "Cleanup", Time since last: 38984869036 ns, Reaching safepoint: 57891 ns, Cleanup: 12711 ns, At safepoint: 9860 ns, Total: 80462 ns
[2024-10-15T07:54:38.641+0000][125][info ][safepoint   ] Safepoint "Cleanup", Time since last: 12119343246 ns, Reaching safepoint: 22390 ns, Cleanup: 23874 ns, At safepoint: 14764 ns, Total: 61028 ns
[2024-10-15T07:54:43.646+0000][125][info ][safepoint   ] Safepoint "Cleanup", Time since last: 5004861837 ns, Reaching safepoint: 15780 ns, Cleanup: 11449 ns, At safepoint: 9574 ns, Total: 36803 ns
[2024-10-15T07:54:46.649+0000][125][info ][safepoint   ] Safepoint "Cleanup", Time since last: 3002792723 ns, Reaching safepoint: 15422 ns, Cleanup: 15922 ns, At safepoint: 10467 ns, Total: 41811 ns
[2024-10-15T07:54:51.550+0000][125][info ][safepoint   ] Safepoint "Cleanup", Time since last: 4901259117 ns, Reaching safepoint: 12560 ns, Cleanup: 11184 ns, At safepoint: 7387 ns, Total: 31131 ns
[2024-10-15T07:54:53.593+0000][125][info ][safepoint   ] Safepoint "Cleanup", Time since last: 2042750283 ns, Reaching safepoint: 55010 ns, Cleanup: 20710 ns, At safepoint: 14634 ns, Total: 90354 ns
[2024-10-15T07:54:56.596+0000][125][info ][safepoint   ] Safepoint "Cleanup", Time since last: 3002932297 ns, Reaching safepoint: 15492 ns, Cleanup: 14566 ns, At safepoint: 10467 ns, Total: 40525 ns
[2024-10-15T07:55:00.605+0000][125][info ][safepoint   ] Safepoint "Cleanup", Time since last: 4008849133 ns, Reaching safepoint: 15200 ns, Cleanup: 11234 ns, At safepoint: 10067 ns, Total: 36501 ns
[2024-10-15T07:55:06.600+0000][125][info ][safepoint   ] Safepoint "Cleanup", Time since last: 5994325260 ns, Reaching safepoint: 16908 ns, Cleanup: 17407 ns, At safepoint: 11007 ns, Total: 45322 ns
[2024-10-15T07:55:25.784+0000][125][info ][safepoint   ] Safepoint "Cleanup", Time since last: 19184659160 ns, Reaching safepoint: 90823 ns, Cleanup: 19643 ns, At safepoint: 10151 ns, Total: 120617 ns
[2024-10-15T07:55:27.754+0000][125][info ][safepoint   ] Safepoint "Cleanup", Time since last: 1969199951 ns, Reaching safepoint: 30593 ns, Cleanup: 22317 ns, At safepoint: 19184 ns, Total: 72094 ns
[2024-10-15T07:55:35.763+0000][125][info ][safepoint   ] Safepoint "Cleanup", Time since last: 8008405216 ns, Reaching safepoint: 16990 ns, Cleanup: 10560 ns, At safepoint: 9572 ns, Total: 37122 ns
[2024-10-15T07:55:40.768+0000][125][info ][safepoint   ] Safepoint "Cleanup", Time since last: 5005544114 ns, Reaching safepoint: 27519 ns, Cleanup: 27700 ns, At safepoint: 32176 ns, Total: 87395 ns
[2024-10-15T07:56:01.820+0000][125][info ][safepoint   ] Safepoint "Cleanup", Time since last: 21050530128 ns, Reaching safepoint: 21635 ns, Cleanup: 13843 ns, At safepoint: 11334 ns, Total: 46812 ns
[2024-10-15T07:56:03.014+0000][125][info ][safepoint   ] Safepoint "Cleanup", Time since last: 1193364278 ns, Reaching safepoint: 14203 ns, Cleanup: 12987 ns, At safepoint: 10203 ns, Total: 37393 ns
[2024-10-15T07:56:11.063+0000][125][info ][safepoint   ] Safepoint "Cleanup", Time since last: 8049606428 ns, Reaching safepoint: 21642 ns, Cleanup: 16150 ns, At safepoint: 14182 ns, Total: 51974 ns
[2024-10-15T07:56:29.743+0000][125][info ][safepoint   ] Safepoint "Cleanup", Time since last: 18688031112 ns, Reaching safepoint: 10443 ns, Cleanup: 7039 ns, At safepoint: 5929 ns, Total: 23411 ns
[2024-10-15T07:56:30.928+0000][125][info ][safepoint   ] Safepoint "Cleanup", Time since last: 1184617425 ns, Reaching safepoint: 14128 ns, Cleanup: 12958 ns, At safepoint: 8312 ns, Total: 35398 ns
[2024-10-15T07:56:38.969+0000][125][info ][safepoint   ] Safepoint "Cleanup", Time since last: 8041596094 ns, Reaching safepoint: 7332 ns, Cleanup: 17439 ns, At safepoint: 5469 ns, Total: 30240 ns
[2024-10-15T07:56:44.547+0000][125][info ][safepoint   ] Safepoint "Cleanup", Time since last: 5577484299 ns, Reaching safepoint: 15133 ns, Cleanup: 15702 ns, At safepoint: 5680 ns, Total: 36515 ns
[2024-10-15T07:56:46.045+0000][125][info ][safepoint   ] Safepoint "Cleanup", Time since last: 1497808890 ns, Reaching safepoint: 15499 ns, Cleanup: 39291 ns, At safepoint: 9290 ns, Total: 64080 ns
[2024-10-15T07:56:48.110+0000][125][info ][safepoint   ] Safepoint "Cleanup", Time since last: 2065008918 ns, Reaching safepoint: 8516 ns, Cleanup: 10686 ns, At safepoint: 5204 ns, Total: 24406 ns
[2024-10-15T07:56:54.142+0000][125][info ][safepoint   ] Safepoint "Cleanup", Time since last: 6032293679 ns, Reaching safepoint: 22578 ns, Cleanup: 13210 ns, At safepoint: 10510 ns, Total: 46298 ns
[2024-10-15T07:56:57.205+0000][125][info ][safepoint   ] Safepoint "Cleanup", Time since last: 3052698775 ns, Reaching safepoint: 9338 ns, Cleanup: 9819 ns, At safepoint: 5847 ns, Total: 25004 ns
[2024-10-15T07:56:58.213+0000][125][info ][safepoint   ] Safepoint "Cleanup", Time since last: 1007487483 ns, Reaching safepoint: 17831 ns, Cleanup: 13531 ns, At safepoint: 689013 ns, Total: 720375 ns
[2024-10-15T07:58:05.720+0000][125][info ][safepoint   ] Safepoint "Cleanup", Time since last: 67504502093 ns, Reaching safepoint: 66677 ns, Cleanup: 83807 ns, At safepoint: 21762 ns, Total: 172246 ns
[2024-10-15T07:58:06.723+0000][125][info ][safepoint   ] Safepoint "Cleanup", Time since last: 1003492871 ns, Reaching safepoint: 63366 ns, Cleanup: 75596 ns, At safepoint: 23489 ns, Total: 162451 ns
[2024-10-15T07:58:08.405+0000][125][info ][safepoint   ] Safepoint "Cleanup", Time since last: 1681391119 ns, Reaching safepoint: 5819 ns, Cleanup: 32336 ns, At safepoint: 9778 ns, Total: 47933 ns
[2024-10-15T07:58:08.434+0000][125][info ][gc,heap,exit] Heap
[2024-10-15T07:58:08.434+0000][125][info ][gc,heap,exit]  garbage-first heap   total reserved 5607424K, committed 5607424K, used 2374986K [0x00000006a9c00000, 0x0000000800000000)
[2024-10-15T07:58:08.434+0000][125][info ][gc,heap,exit]   region size 4096K, 529 young (2166784K), 2 survivors (8192K)
[2024-10-15T07:58:08.434+0000][125][info ][gc,heap,exit]  Metaspace       used 160087K, committed 163904K, reserved 1245184K
[2024-10-15T07:58:08.434+0000][125][info ][gc,heap,exit]   class space    used 21502K, committed 23616K, reserved 1048576K
