[2024-10-16T02:12:48.040+0000][109][info][gc,init] CardTable entry size: 512
[2024-10-16T02:12:48.041+0000][109][info][gc     ] Using G1
[2024-10-16T02:12:48.076+0000][109][info][gc,init] Version: 22.0.1+8-16 (release)
[2024-10-16T02:12:48.076+0000][109][info][gc,init] CPUs: 4 total, 4 available
[2024-10-16T02:12:48.076+0000][109][info][gc,init] Memory: 10952M
[2024-10-16T02:12:48.076+0000][109][info][gc,init] Large Page Support: Disabled
[2024-10-16T02:12:48.076+0000][109][info][gc,init] NUMA Support: Disabled
[2024-10-16T02:12:48.076+0000][109][info][gc,init] Compressed Oops: Enabled (Zero based)
[2024-10-16T02:12:48.076+0000][109][info][gc,init] Heap Region Size: 4M
[2024-10-16T02:12:48.076+0000][109][info][gc,init] Heap Min Capacity: 5476M
[2024-10-16T02:12:48.076+0000][109][info][gc,init] Heap Initial Capacity: 5476M
[2024-10-16T02:12:48.076+0000][109][info][gc,init] Heap Max Capacity: 5476M
[2024-10-16T02:12:48.076+0000][109][info][gc,init] Pre-touch: Disabled
[2024-10-16T02:12:48.076+0000][109][info][gc,init] Parallel Workers: 4
[2024-10-16T02:12:48.076+0000][109][info][gc,init] Concurrent Workers: 1
[2024-10-16T02:12:48.076+0000][109][info][gc,init] Concurrent Refinement Workers: 4
[2024-10-16T02:12:48.076+0000][109][info][gc,init] Periodic GC: Disabled
[2024-10-16T02:12:48.100+0000][109][info][gc,metaspace] CDS archive(s) mapped at: [0x00007f383e000000-0x00007f383ec74000-0x00007f383ec74000), size 13058048, SharedBaseAddress: 0x00007f383e000000, ArchiveRelocationMode: 1.
[2024-10-16T02:12:48.100+0000][109][info][gc,metaspace] Compressed class space mapped at: 0x00007f383f000000-0x00007f387f000000, reserved size: 1073741824
[2024-10-16T02:12:48.100+0000][109][info][gc,metaspace] Narrow klass base: 0x00007f383e000000, Narrow klass shift: 0, Narrow klass range: 0x100000000
[2024-10-16T02:12:48.289+0000][109][info][gc,heap,exit] Heap
[2024-10-16T02:12:48.289+0000][109][info][gc,heap,exit]  garbage-first heap   total reserved 5607424K, committed 5607424K, used 11297K [0x00000006a9c00000, 0x0000000800000000)
[2024-10-16T02:12:48.289+0000][109][info][gc,heap,exit]   region size 4096K, 3 young (12288K), 0 survivors (0K)
[2024-10-16T02:12:48.289+0000][109][info][gc,heap,exit]  Metaspace       used 218K, committed 448K, reserved 1114112K
[2024-10-16T02:12:48.289+0000][109][info][gc,heap,exit]   class space    used 5K, committed 128K, reserved 1048576K
