[2024-10-16T07:07:01.854+0000][119][info][gc,init] CardTable entry size: 512
[2024-10-16T07:07:01.854+0000][119][info][gc     ] Using G1
[2024-10-16T07:07:09.828+0000][119][info][gc,init] Version: 22.0.1+8-16 (release)
[2024-10-16T07:07:09.828+0000][119][info][gc,init] CPUs: 4 total, 4 available
[2024-10-16T07:07:09.829+0000][119][info][gc,init] Memory: 10952M
[2024-10-16T07:07:09.829+0000][119][info][gc,init] Large Page Support: Disabled
[2024-10-16T07:07:09.829+0000][119][info][gc,init] NUMA Support: Disabled
[2024-10-16T07:07:09.829+0000][119][info][gc,init] Compressed Oops: Enabled (Zero based)
[2024-10-16T07:07:09.829+0000][119][info][gc,init] Heap Region Size: 4M
[2024-10-16T07:07:09.829+0000][119][info][gc,init] Heap Min Capacity: 5476M
[2024-10-16T07:07:09.829+0000][119][info][gc,init] Heap Initial Capacity: 5476M
[2024-10-16T07:07:09.829+0000][119][info][gc,init] Heap Max Capacity: 5476M
[2024-10-16T07:07:09.829+0000][119][info][gc,init] Pre-touch: Enabled
[2024-10-16T07:07:09.829+0000][119][info][gc,init] Parallel Workers: 4
[2024-10-16T07:07:09.829+0000][119][info][gc,init] Concurrent Workers: 1
[2024-10-16T07:07:09.829+0000][119][info][gc,init] Concurrent Refinement Workers: 4
[2024-10-16T07:07:09.829+0000][119][info][gc,init] Periodic GC: Disabled
[2024-10-16T07:07:09.889+0000][119][info][gc,metaspace] CDS archive(s) mapped at: [0x00007f7426000000-0x00007f7426c74000-0x00007f7426c74000), size 13058048, SharedBaseAddress: 0x00007f7426000000, ArchiveRelocationMode: 1.
[2024-10-16T07:07:09.889+0000][119][info][gc,metaspace] Compressed class space mapped at: 0x00007f7427000000-0x00007f7467000000, reserved size: 1073741824
[2024-10-16T07:07:09.889+0000][119][info][gc,metaspace] Narrow klass base: 0x00007f7426000000, Narrow klass shift: 0, Narrow klass range: 0x100000000
[2024-10-16T07:07:11.400+0000][119][info][safepoint   ] Safepoint "Cleanup", Time since last: 1460248138 ns, Reaching safepoint: 34943101 ns, Cleanup: 80989 ns, At safepoint: 315897 ns, Total: 35339987 ns
[2024-10-16T07:07:12.853+0000][119][info][safepoint   ] Safepoint "Cleanup", Time since last: 1441099594 ns, Reaching safepoint: 11897213 ns, Cleanup: 66271 ns, At safepoint: 141348 ns, Total: 12104832 ns
[2024-10-16T07:07:14.034+0000][119][info][safepoint   ] Safepoint "Cleanup", Time since last: 1180340076 ns, Reaching safepoint: 1091388 ns, Cleanup: 30889 ns, At safepoint: 82298 ns, Total: 1204575 ns
[2024-10-16T07:07:15.071+0000][119][info][safepoint   ] Safepoint "Cleanup", Time since last: 1025412461 ns, Reaching safepoint: 10356065 ns, Cleanup: 1007722 ns, At safepoint: 119148 ns, Total: 11482935 ns
[2024-10-16T07:07:16.184+0000][119][info][safepoint   ] Safepoint "Cleanup", Time since last: 1111860641 ns, Reaching safepoint: 953829 ns, Cleanup: 169064 ns, At safepoint: 28212 ns, Total: 1151105 ns
[2024-10-16T07:07:17.348+0000][119][info][safepoint   ] Safepoint "Cleanup", Time since last: 1163310211 ns, Reaching safepoint: 3047 ns, Cleanup: 59017 ns, At safepoint: 3813 ns, Total: 65877 ns
[2024-10-16T07:07:18.768+0000][119][info][safepoint   ] Safepoint "Cleanup", Time since last: 1417471025 ns, Reaching safepoint: 4880 ns, Cleanup: 154012 ns, At safepoint: 2325293 ns, Total: 2484185 ns
[2024-10-16T07:07:19.905+0000][119][info][safepoint   ] Safepoint "Cleanup", Time since last: 1137216390 ns, Reaching safepoint: 3363 ns, Cleanup: 57547 ns, At safepoint: 4616 ns, Total: 65526 ns
[2024-10-16T07:07:21.140+0000][119][info][safepoint   ] Safepoint "Cleanup", Time since last: 1234145691 ns, Reaching safepoint: 1205251 ns, Cleanup: 103119 ns, At safepoint: 52192 ns, Total: 1360562 ns
[2024-10-16T07:07:21.729+0000][119][info][gc,start    ] GC(0) Pause Young (Concurrent Start) (Metadata GC Threshold)
[2024-10-16T07:07:21.729+0000][119][info][gc,task     ] GC(0) Using 4 workers of 4 for evacuation
[2024-10-16T07:07:21.729+0000][119][debug][gc,age      ] GC(0) Desired survivor size 18874368 bytes, new threshold 15 (max threshold 15)
[2024-10-16T07:07:21.746+0000][119][info ][gc,phases   ] GC(0)   Pre Evacuate Collection Set: 0.55ms
[2024-10-16T07:07:21.746+0000][119][info ][gc,phases   ] GC(0)   Merge Heap Roots: 0.31ms
[2024-10-16T07:07:21.746+0000][119][info ][gc,phases   ] GC(0)   Evacuate Collection Set: 12.24ms
[2024-10-16T07:07:21.746+0000][119][info ][gc,phases   ] GC(0)   Post Evacuate Collection Set: 3.29ms
[2024-10-16T07:07:21.746+0000][119][info ][gc,phases   ] GC(0)   Other: 0.33ms
[2024-10-16T07:07:21.746+0000][119][trace][gc,age      ] GC(0) Age table with threshold 15 (max threshold 15)
[2024-10-16T07:07:21.746+0000][119][trace][gc,age      ] GC(0) - age   1:    9995088 bytes,    9995088 total
[2024-10-16T07:07:21.746+0000][119][info ][gc,heap     ] GC(0) Eden regions: 41->0(65)
[2024-10-16T07:07:21.746+0000][119][info ][gc,heap     ] GC(0) Survivor regions: 0->3(9)
[2024-10-16T07:07:21.746+0000][119][info ][gc,heap     ] GC(0) Old regions: 1->1
[2024-10-16T07:07:21.746+0000][119][info ][gc,heap     ] GC(0) Humongous regions: 0->0
[2024-10-16T07:07:21.746+0000][119][info ][gc,metaspace] GC(0) Metaspace: 20829K(21504K)->20829K(21504K) NonClass: 18403K(18752K)->18403K(18752K) Class: 2426K(2752K)->2426K(2752K)
[2024-10-16T07:07:21.746+0000][119][info ][gc          ] GC(0) Pause Young (Concurrent Start) (Metadata GC Threshold) 165M->10M(5476M) 17.034ms
[2024-10-16T07:07:21.746+0000][119][info ][gc,cpu      ] GC(0) User=0.06s Sys=0.00s Real=0.02s
[2024-10-16T07:07:21.746+0000][119][info ][gc          ] GC(1) Concurrent Mark Cycle
[2024-10-16T07:07:21.746+0000][119][info ][gc,marking  ] GC(1) Concurrent Scan Root Regions
[2024-10-16T07:07:21.749+0000][119][info ][safepoint   ] Safepoint "CollectForMetadataAllocation", Time since last: 587752561 ns, Reaching safepoint: 1118019 ns, Cleanup: 58310 ns, At safepoint: 20133353 ns, Total: 21309682 ns
[2024-10-16T07:07:21.761+0000][119][info ][gc,marking  ] GC(1) Concurrent Scan Root Regions 14.516ms
[2024-10-16T07:07:21.761+0000][119][info ][gc,marking  ] GC(1) Concurrent Mark
[2024-10-16T07:07:21.761+0000][119][info ][gc,marking  ] GC(1) Concurrent Mark From Roots
[2024-10-16T07:07:21.761+0000][119][info ][gc,task     ] GC(1) Using 1 workers of 1 for marking
[2024-10-16T07:07:21.768+0000][119][info ][gc,marking  ] GC(1) Concurrent Mark From Roots 7.136ms
[2024-10-16T07:07:21.768+0000][119][info ][gc,marking  ] GC(1) Concurrent Preclean
[2024-10-16T07:07:21.768+0000][119][info ][gc,marking  ] GC(1) Concurrent Preclean 0.036ms
[2024-10-16T07:07:21.770+0000][119][info ][gc,start    ] GC(1) Pause Remark
[2024-10-16T07:07:21.777+0000][119][info ][gc          ] GC(1) Pause Remark 14M->14M(5476M) 6.865ms
[2024-10-16T07:07:21.777+0000][119][info ][gc,cpu      ] GC(1) User=0.01s Sys=0.00s Real=0.01s
[2024-10-16T07:07:21.778+0000][119][info ][safepoint   ] Safepoint "G1PauseRemark", Time since last: 20011712 ns, Reaching safepoint: 552294 ns, Cleanup: 20787 ns, At safepoint: 7831235 ns, Total: 8404316 ns
[2024-10-16T07:07:21.778+0000][119][info ][gc,marking  ] GC(1) Concurrent Mark 17.020ms
[2024-10-16T07:07:21.778+0000][119][info ][gc,marking  ] GC(1) Concurrent Rebuild Remembered Sets and Scrub Regions
[2024-10-16T07:07:21.780+0000][119][info ][gc,marking  ] GC(1) Concurrent Rebuild Remembered Sets and Scrub Regions 2.050ms
[2024-10-16T07:07:21.780+0000][119][info ][gc,start    ] GC(1) Pause Cleanup
[2024-10-16T07:07:21.781+0000][119][info ][gc          ] GC(1) Pause Cleanup 14M->14M(5476M) 0.553ms
[2024-10-16T07:07:21.781+0000][119][info ][gc,cpu      ] GC(1) User=0.00s Sys=0.00s Real=0.00s
[2024-10-16T07:07:21.781+0000][119][info ][safepoint   ] Safepoint "G1PauseCleanup", Time since last: 2437954 ns, Reaching safepoint: 6690 ns, Cleanup: 2974 ns, At safepoint: 862624 ns, Total: 872288 ns
[2024-10-16T07:07:21.781+0000][119][info ][gc,marking  ] GC(1) Concurrent Clear Claimed Marks
[2024-10-16T07:07:21.781+0000][119][info ][gc,marking  ] GC(1) Concurrent Clear Claimed Marks 0.107ms
[2024-10-16T07:07:21.781+0000][119][info ][gc,marking  ] GC(1) Concurrent Cleanup for Next Mark
[2024-10-16T07:07:21.792+0000][119][info ][gc,marking  ] GC(1) Concurrent Cleanup for Next Mark 10.455ms
[2024-10-16T07:07:21.792+0000][119][info ][gc          ] GC(1) Concurrent Mark Cycle 45.418ms
[2024-10-16T07:07:22.847+0000][119][info ][safepoint   ] Safepoint "ICBufferFull", Time since last: 1065440706 ns, Reaching safepoint: 5093 ns, Cleanup: 117036 ns, At safepoint: 49954 ns, Total: 172083 ns
[2024-10-16T07:07:24.019+0000][119][info ][safepoint   ] Safepoint "ICBufferFull", Time since last: 1172189418 ns, Reaching safepoint: 5777 ns, Cleanup: 94329 ns, At safepoint: 8220 ns, Total: 108326 ns
[2024-10-16T07:07:24.368+0000][119][info ][gc,start    ] GC(2) Pause Young (Prepare Mixed) (G1 Evacuation Pause)
[2024-10-16T07:07:24.368+0000][119][info ][gc,task     ] GC(2) Using 4 workers of 4 for evacuation
[2024-10-16T07:07:24.368+0000][119][debug][gc,age      ] GC(2) Desired survivor size 18874368 bytes, new threshold 15 (max threshold 15)
[2024-10-16T07:07:24.387+0000][119][info ][gc,phases   ] GC(2)   Pre Evacuate Collection Set: 2.89ms
[2024-10-16T07:07:24.387+0000][119][info ][gc,phases   ] GC(2)   Merge Heap Roots: 0.18ms
[2024-10-16T07:07:24.387+0000][119][info ][gc,phases   ] GC(2)   Evacuate Collection Set: 14.18ms
[2024-10-16T07:07:24.387+0000][119][info ][gc,phases   ] GC(2)   Post Evacuate Collection Set: 1.88ms
[2024-10-16T07:07:24.387+0000][119][info ][gc,phases   ] GC(2)   Other: 0.14ms
[2024-10-16T07:07:24.387+0000][119][trace][gc,age      ] GC(2) Age table with threshold 15 (max threshold 15)
[2024-10-16T07:07:24.387+0000][119][trace][gc,age      ] GC(2) - age   1:    5463472 bytes,    5463472 total
[2024-10-16T07:07:24.387+0000][119][trace][gc,age      ] GC(2) - age   2:    9036976 bytes,   14500448 total
[2024-10-16T07:07:24.387+0000][119][info ][gc,heap     ] GC(2) Eden regions: 65->0(64)
[2024-10-16T07:07:24.387+0000][119][info ][gc,heap     ] GC(2) Survivor regions: 3->4(9)
[2024-10-16T07:07:24.387+0000][119][info ][gc,heap     ] GC(2) Old regions: 1->1
[2024-10-16T07:07:24.387+0000][119][info ][gc,heap     ] GC(2) Humongous regions: 0->0
[2024-10-16T07:07:24.387+0000][119][info ][gc,metaspace] GC(2) Metaspace: 28626K(29376K)->28626K(29376K) NonClass: 25338K(25792K)->25338K(25792K) Class: 3288K(3584K)->3288K(3584K)
[2024-10-16T07:07:24.387+0000][119][info ][gc          ] GC(2) Pause Young (Prepare Mixed) (G1 Evacuation Pause) 270M->16M(5476M) 19.493ms
[2024-10-16T07:07:24.387+0000][119][info ][gc,cpu      ] GC(2) User=0.07s Sys=0.00s Real=0.02s
[2024-10-16T07:07:24.388+0000][119][info ][safepoint   ] Safepoint "G1CollectForAllocation", Time since last: 348856658 ns, Reaching safepoint: 6420 ns, Cleanup: 87789 ns, At safepoint: 19605928 ns, Total: 19700137 ns
[2024-10-16T07:07:25.389+0000][119][info ][safepoint   ] Safepoint "Cleanup", Time since last: 1000872020 ns, Reaching safepoint: 11252 ns, Cleanup: 122081 ns, At safepoint: 59536 ns, Total: 192869 ns
[2024-10-16T07:07:25.511+0000][119][info ][gc,start    ] GC(3) Pause Young (Mixed) (G1 Evacuation Pause)
[2024-10-16T07:07:25.511+0000][119][info ][gc,task     ] GC(3) Using 4 workers of 4 for evacuation
[2024-10-16T07:07:25.511+0000][119][debug][gc,age      ] GC(3) Desired survivor size 18874368 bytes, new threshold 15 (max threshold 15)
[2024-10-16T07:07:25.540+0000][119][info ][gc,phases   ] GC(3)   Pre Evacuate Collection Set: 0.50ms
[2024-10-16T07:07:25.540+0000][119][info ][gc,phases   ] GC(3)   Merge Heap Roots: 0.25ms
[2024-10-16T07:07:25.540+0000][119][info ][gc,phases   ] GC(3)   Evacuate Collection Set: 23.83ms
[2024-10-16T07:07:25.540+0000][119][info ][gc,phases   ] GC(3)   Post Evacuate Collection Set: 3.61ms
[2024-10-16T07:07:25.540+0000][119][info ][gc,phases   ] GC(3)   Other: 0.09ms
[2024-10-16T07:07:25.540+0000][119][trace][gc,age      ] GC(3) Age table with threshold 15 (max threshold 15)
[2024-10-16T07:07:25.540+0000][119][trace][gc,age      ] GC(3) - age   1:    5224984 bytes,    5224984 total
[2024-10-16T07:07:25.540+0000][119][trace][gc,age      ] GC(3) - age   2:    5043584 bytes,   10268568 total
[2024-10-16T07:07:25.540+0000][119][trace][gc,age      ] GC(3) - age   3:    9034256 bytes,   19302824 total
[2024-10-16T07:07:25.540+0000][119][info ][gc,heap     ] GC(3) Eden regions: 64->0(63)
[2024-10-16T07:07:25.540+0000][119][info ][gc,heap     ] GC(3) Survivor regions: 4->5(9)
[2024-10-16T07:07:25.540+0000][119][info ][gc,heap     ] GC(3) Old regions: 1->1
[2024-10-16T07:07:25.540+0000][119][info ][gc,heap     ] GC(3) Humongous regions: 0->0
[2024-10-16T07:07:25.540+0000][119][info ][gc,metaspace] GC(3) Metaspace: 30005K(30848K)->30005K(30848K) NonClass: 26509K(27008K)->26509K(27008K) Class: 3495K(3840K)->3495K(3840K)
[2024-10-16T07:07:25.540+0000][119][info ][gc          ] GC(3) Pause Young (Mixed) (G1 Evacuation Pause) 272M->20M(5476M) 28.513ms
[2024-10-16T07:07:25.540+0000][119][info ][gc,cpu      ] GC(3) User=0.05s Sys=0.00s Real=0.03s
[2024-10-16T07:07:25.540+0000][119][info ][safepoint   ] Safepoint "G1CollectForAllocation", Time since last: 122601990 ns, Reaching safepoint: 6025 ns, Cleanup: 22024 ns, At safepoint: 28628371 ns, Total: 28656420 ns
[2024-10-16T07:07:26.196+0000][119][info ][gc,start    ] GC(4) Pause Young (Normal) (G1 Evacuation Pause)
[2024-10-16T07:07:26.196+0000][119][info ][gc,task     ] GC(4) Using 4 workers of 4 for evacuation
[2024-10-16T07:07:26.196+0000][119][debug][gc,age      ] GC(4) Desired survivor size 18874368 bytes, new threshold 3 (max threshold 15)
[2024-10-16T07:07:26.216+0000][119][info ][gc,phases   ] GC(4)   Pre Evacuate Collection Set: 0.91ms
[2024-10-16T07:07:26.217+0000][119][info ][gc,phases   ] GC(4)   Merge Heap Roots: 0.12ms
[2024-10-16T07:07:26.217+0000][119][info ][gc,phases   ] GC(4)   Evacuate Collection Set: 17.35ms
[2024-10-16T07:07:26.217+0000][119][info ][gc,phases   ] GC(4)   Post Evacuate Collection Set: 2.04ms
[2024-10-16T07:07:26.217+0000][119][info ][gc,phases   ] GC(4)   Other: 0.19ms
[2024-10-16T07:07:26.217+0000][119][trace][gc,age      ] GC(4) Age table with threshold 3 (max threshold 15)
[2024-10-16T07:07:26.217+0000][119][trace][gc,age      ] GC(4) - age   1:    2874448 bytes,    2874448 total
[2024-10-16T07:07:26.217+0000][119][trace][gc,age      ] GC(4) - age   2:    3694448 bytes,    6568896 total
[2024-10-16T07:07:26.217+0000][119][trace][gc,age      ] GC(4) - age   3:    5043200 bytes,   11612096 total
[2024-10-16T07:07:26.217+0000][119][info ][gc,heap     ] GC(4) Eden regions: 63->0(64)
[2024-10-16T07:07:26.217+0000][119][info ][gc,heap     ] GC(4) Survivor regions: 5->4(9)
[2024-10-16T07:07:26.217+0000][119][info ][gc,heap     ] GC(4) Old regions: 1->3
[2024-10-16T07:07:26.217+0000][119][info ][gc,heap     ] GC(4) Humongous regions: 0->0
[2024-10-16T07:07:26.217+0000][119][info ][gc,metaspace] GC(4) Metaspace: 30545K(31424K)->30545K(31424K) NonClass: 26971K(27520K)->26971K(27520K) Class: 3574K(3904K)->3574K(3904K)
[2024-10-16T07:07:26.217+0000][119][info ][gc          ] GC(4) Pause Young (Normal) (G1 Evacuation Pause) 272M->22M(5476M) 20.799ms
[2024-10-16T07:07:26.217+0000][119][info ][gc,cpu      ] GC(4) User=0.06s Sys=0.00s Real=0.02s
[2024-10-16T07:07:26.217+0000][119][info ][safepoint   ] Safepoint "G1CollectForAllocation", Time since last: 655847236 ns, Reaching safepoint: 6309 ns, Cleanup: 84688 ns, At safepoint: 20957714 ns, Total: 21048711 ns
[2024-10-16T07:07:26.932+0000][119][info ][gc,start    ] GC(5) Pause Young (Concurrent Start) (Metadata GC Threshold)
[2024-10-16T07:07:26.932+0000][119][info ][gc,task     ] GC(5) Using 4 workers of 4 for evacuation
[2024-10-16T07:07:26.932+0000][119][debug][gc,age      ] GC(5) Desired survivor size 18874368 bytes, new threshold 15 (max threshold 15)
[2024-10-16T07:07:26.945+0000][119][info ][gc,phases   ] GC(5)   Pre Evacuate Collection Set: 0.68ms
[2024-10-16T07:07:26.945+0000][119][info ][gc,phases   ] GC(5)   Merge Heap Roots: 0.20ms
[2024-10-16T07:07:26.945+0000][119][info ][gc,phases   ] GC(5)   Evacuate Collection Set: 8.94ms
[2024-10-16T07:07:26.945+0000][119][info ][gc,phases   ] GC(5)   Post Evacuate Collection Set: 2.25ms
[2024-10-16T07:07:26.945+0000][119][info ][gc,phases   ] GC(5)   Other: 0.54ms
[2024-10-16T07:07:26.945+0000][119][trace][gc,age      ] GC(5) Age table with threshold 15 (max threshold 15)
[2024-10-16T07:07:26.945+0000][119][trace][gc,age      ] GC(5) - age   1:    2762632 bytes,    2762632 total
[2024-10-16T07:07:26.945+0000][119][trace][gc,age      ] GC(5) - age   2:    2626000 bytes,    5388632 total
[2024-10-16T07:07:26.945+0000][119][trace][gc,age      ] GC(5) - age   3:    3691520 bytes,    9080152 total
[2024-10-16T07:07:26.945+0000][119][trace][gc,age      ] GC(5) - age   4:    5041984 bytes,   14122136 total
[2024-10-16T07:07:26.945+0000][119][info ][gc,heap     ] GC(5) Eden regions: 21->0(87)
[2024-10-16T07:07:26.945+0000][119][info ][gc,heap     ] GC(5) Survivor regions: 4->4(9)
[2024-10-16T07:07:26.945+0000][119][info ][gc,heap     ] GC(5) Old regions: 3->3
[2024-10-16T07:07:26.945+0000][119][info ][gc,heap     ] GC(5) Humongous regions: 0->0
[2024-10-16T07:07:26.945+0000][119][info ][gc,metaspace] GC(5) Metaspace: 35352K(36160K)->35352K(36160K) NonClass: 31263K(31744K)->31263K(31744K) Class: 4088K(4416K)->4088K(4416K)
[2024-10-16T07:07:26.945+0000][119][info ][gc          ] GC(5) Pause Young (Concurrent Start) (Metadata GC Threshold) 104M->25M(5476M) 12.834ms
[2024-10-16T07:07:26.945+0000][119][info ][gc,cpu      ] GC(5) User=0.03s Sys=0.00s Real=0.01s
[2024-10-16T07:07:26.945+0000][119][info ][gc          ] GC(6) Concurrent Mark Cycle
[2024-10-16T07:07:26.945+0000][119][info ][gc,marking  ] GC(6) Concurrent Scan Root Regions
[2024-10-16T07:07:26.945+0000][119][info ][safepoint   ] Safepoint "CollectForMetadataAllocation", Time since last: 715312538 ns, Reaching safepoint: 12986 ns, Cleanup: 206335 ns, At safepoint: 13105810 ns, Total: 13325131 ns
[2024-10-16T07:07:26.955+0000][119][info ][gc,marking  ] GC(6) Concurrent Scan Root Regions 9.230ms
[2024-10-16T07:07:26.955+0000][119][info ][gc,marking  ] GC(6) Concurrent Mark
[2024-10-16T07:07:26.955+0000][119][info ][gc,marking  ] GC(6) Concurrent Mark From Roots
[2024-10-16T07:07:26.955+0000][119][info ][gc,task     ] GC(6) Using 1 workers of 1 for marking
[2024-10-16T07:07:26.972+0000][119][info ][gc,marking  ] GC(6) Concurrent Mark From Roots 17.054ms
[2024-10-16T07:07:26.972+0000][119][info ][gc,marking  ] GC(6) Concurrent Preclean
[2024-10-16T07:07:26.972+0000][119][info ][gc,marking  ] GC(6) Concurrent Preclean 0.080ms
[2024-10-16T07:07:26.973+0000][119][info ][gc,start    ] GC(6) Pause Remark
[2024-10-16T07:07:26.985+0000][119][info ][gc          ] GC(6) Pause Remark 27M->27M(5476M) 11.906ms
[2024-10-16T07:07:26.985+0000][119][info ][gc,cpu      ] GC(6) User=0.03s Sys=0.00s Real=0.01s
[2024-10-16T07:07:26.985+0000][119][info ][safepoint   ] Safepoint "G1PauseRemark", Time since last: 26470611 ns, Reaching safepoint: 1162091 ns, Cleanup: 8986 ns, At safepoint: 12061677 ns, Total: 13232754 ns
[2024-10-16T07:07:26.985+0000][119][info ][gc,marking  ] GC(6) Concurrent Mark 30.786ms
[2024-10-16T07:07:26.985+0000][119][info ][gc,marking  ] GC(6) Concurrent Rebuild Remembered Sets and Scrub Regions
[2024-10-16T07:07:27.001+0000][119][info ][gc,marking  ] GC(6) Concurrent Rebuild Remembered Sets and Scrub Regions 15.807ms
[2024-10-16T07:07:27.002+0000][119][info ][gc,start    ] GC(6) Pause Cleanup
[2024-10-16T07:07:27.003+0000][119][info ][gc          ] GC(6) Pause Cleanup 27M->27M(5476M) 0.564ms
[2024-10-16T07:07:27.003+0000][119][info ][gc,cpu      ] GC(6) User=0.00s Sys=0.00s Real=0.00s
[2024-10-16T07:07:27.003+0000][119][info ][safepoint   ] Safepoint "G1PauseCleanup", Time since last: 16172906 ns, Reaching safepoint: 888068 ns, Cleanup: 12308 ns, At safepoint: 694479 ns, Total: 1594855 ns
[2024-10-16T07:07:27.003+0000][119][info ][gc,marking  ] GC(6) Concurrent Clear Claimed Marks
[2024-10-16T07:07:27.003+0000][119][info ][gc,marking  ] GC(6) Concurrent Clear Claimed Marks 0.109ms
[2024-10-16T07:07:27.003+0000][119][info ][gc,marking  ] GC(6) Concurrent Cleanup for Next Mark
[2024-10-16T07:07:27.015+0000][119][info ][gc,marking  ] GC(6) Concurrent Cleanup for Next Mark 11.417ms
[2024-10-16T07:07:27.015+0000][119][info ][gc          ] GC(6) Concurrent Mark Cycle 69.386ms
[2024-10-16T07:07:28.007+0000][119][info ][safepoint   ] Safepoint "Cleanup", Time since last: 1001658314 ns, Reaching safepoint: 1739005 ns, Cleanup: 143917 ns, At safepoint: 78372 ns, Total: 1961294 ns
[2024-10-16T07:07:28.064+0000][119][info ][gc,start    ] GC(7) Pause Young (Normal) (G1 Evacuation Pause)
[2024-10-16T07:07:28.064+0000][119][info ][gc,task     ] GC(7) Using 4 workers of 4 for evacuation
[2024-10-16T07:07:28.064+0000][119][debug][gc,age      ] GC(7) Desired survivor size 18874368 bytes, new threshold 15 (max threshold 15)
[2024-10-16T07:07:28.093+0000][119][info ][gc,phases   ] GC(7)   Pre Evacuate Collection Set: 0.92ms
[2024-10-16T07:07:28.093+0000][119][info ][gc,phases   ] GC(7)   Merge Heap Roots: 0.27ms
[2024-10-16T07:07:28.093+0000][119][info ][gc,phases   ] GC(7)   Evacuate Collection Set: 25.56ms
[2024-10-16T07:07:28.093+0000][119][info ][gc,phases   ] GC(7)   Post Evacuate Collection Set: 1.85ms
[2024-10-16T07:07:28.093+0000][119][info ][gc,phases   ] GC(7)   Other: 0.15ms
[2024-10-16T07:07:28.093+0000][119][trace][gc,age      ] GC(7) Age table with threshold 15 (max threshold 15)
[2024-10-16T07:07:28.093+0000][119][trace][gc,age      ] GC(7) - age   1:    7366536 bytes,    7366536 total
[2024-10-16T07:07:28.093+0000][119][trace][gc,age      ] GC(7) - age   2:    2744760 bytes,   10111296 total
[2024-10-16T07:07:28.093+0000][119][trace][gc,age      ] GC(7) - age   3:    2625432 bytes,   12736728 total
[2024-10-16T07:07:28.093+0000][119][trace][gc,age      ] GC(7) - age   4:    3686880 bytes,   16423608 total
[2024-10-16T07:07:28.093+0000][119][trace][gc,age      ] GC(7) - age   5:    5041352 bytes,   21464960 total
[2024-10-16T07:07:28.093+0000][119][info ][gc,heap     ] GC(7) Eden regions: 64->0(92)
[2024-10-16T07:07:28.093+0000][119][info ][gc,heap     ] GC(7) Survivor regions: 4->6(9)
[2024-10-16T07:07:28.093+0000][119][info ][gc,heap     ] GC(7) Old regions: 3->3
[2024-10-16T07:07:28.093+0000][119][info ][gc,heap     ] GC(7) Humongous regions: 0->0
[2024-10-16T07:07:28.093+0000][119][info ][gc,metaspace] GC(7) Metaspace: 37379K(38336K)->37379K(38336K) NonClass: 33014K(33600K)->33014K(33600K) Class: 4364K(4736K)->4364K(4736K)
[2024-10-16T07:07:28.093+0000][119][info ][gc          ] GC(7) Pause Young (Normal) (G1 Evacuation Pause) 281M->32M(5476M) 29.006ms
[2024-10-16T07:07:28.093+0000][119][info ][gc,cpu      ] GC(7) User=0.10s Sys=0.00s Real=0.03s
[2024-10-16T07:07:28.093+0000][119][info ][safepoint   ] Safepoint "G1CollectForAllocation", Time since last: 57690334 ns, Reaching safepoint: 8435 ns, Cleanup: 28077 ns, At safepoint: 29144997 ns, Total: 29181509 ns
[2024-10-16T07:07:29.095+0000][119][info ][safepoint   ] Safepoint "Cleanup", Time since last: 1000637434 ns, Reaching safepoint: 949269 ns, Cleanup: 134048 ns, At safepoint: 28595 ns, Total: 1111912 ns
[2024-10-16T07:07:29.200+0000][119][info ][gc,start    ] GC(8) Pause Young (Normal) (G1 Evacuation Pause)
[2024-10-16T07:07:29.200+0000][119][info ][gc,task     ] GC(8) Using 4 workers of 4 for evacuation
[2024-10-16T07:07:29.200+0000][119][debug][gc,age      ] GC(8) Desired survivor size 29360128 bytes, new threshold 15 (max threshold 15)
[2024-10-16T07:07:29.221+0000][119][info ][gc,phases   ] GC(8)   Pre Evacuate Collection Set: 0.51ms
[2024-10-16T07:07:29.221+0000][119][info ][gc,phases   ] GC(8)   Merge Heap Roots: 0.21ms
[2024-10-16T07:07:29.221+0000][119][info ][gc,phases   ] GC(8)   Evacuate Collection Set: 18.19ms
[2024-10-16T07:07:29.221+0000][119][info ][gc,phases   ] GC(8)   Post Evacuate Collection Set: 1.89ms
[2024-10-16T07:07:29.221+0000][119][info ][gc,phases   ] GC(8)   Other: 0.27ms
[2024-10-16T07:07:29.221+0000][119][trace][gc,age      ] GC(8) Age table with threshold 15 (max threshold 15)
[2024-10-16T07:07:29.221+0000][119][trace][gc,age      ] GC(8) - age   1:    7956224 bytes,    7956224 total
[2024-10-16T07:07:29.221+0000][119][trace][gc,age      ] GC(8) - age   2:    5591456 bytes,   13547680 total
[2024-10-16T07:07:29.221+0000][119][trace][gc,age      ] GC(8) - age   3:    2744760 bytes,   16292440 total
[2024-10-16T07:07:29.221+0000][119][trace][gc,age      ] GC(8) - age   4:    2622760 bytes,   18915200 total
[2024-10-16T07:07:29.221+0000][119][trace][gc,age      ] GC(8) - age   5:    3686160 bytes,   22601360 total
[2024-10-16T07:07:29.221+0000][119][trace][gc,age      ] GC(8) - age   6:    5038632 bytes,   27639992 total
[2024-10-16T07:07:29.221+0000][119][info ][gc,heap     ] GC(8) Eden regions: 99->0(157)
[2024-10-16T07:07:29.221+0000][119][info ][gc,heap     ] GC(8) Survivor regions: 6->8(14)
[2024-10-16T07:07:29.221+0000][119][info ][gc,heap     ] GC(8) Old regions: 3->3
[2024-10-16T07:07:29.221+0000][119][info ][gc,heap     ] GC(8) Humongous regions: 0->0
[2024-10-16T07:07:29.221+0000][119][info ][gc,metaspace] GC(8) Metaspace: 38175K(39168K)->38175K(39168K) NonClass: 33695K(34304K)->33695K(34304K) Class: 4479K(4864K)->4479K(4864K)
[2024-10-16T07:07:29.221+0000][119][info ][gc          ] GC(8) Pause Young (Normal) (G1 Evacuation Pause) 428M->39M(5476M) 21.362ms
[2024-10-16T07:07:29.221+0000][119][info ][gc,cpu      ] GC(8) User=0.08s Sys=0.00s Real=0.02s
[2024-10-16T07:07:29.221+0000][119][info ][safepoint   ] Safepoint "G1CollectForAllocation", Time since last: 104660965 ns, Reaching safepoint: 6171 ns, Cleanup: 11002 ns, At safepoint: 21496308 ns, Total: 21513481 ns
[2024-10-16T07:07:30.248+0000][119][info ][safepoint   ] Safepoint "ICBufferFull", Time since last: 1025726671 ns, Reaching safepoint: 1205565 ns, Cleanup: 152292 ns, At safepoint: 47860 ns, Total: 1405717 ns
[2024-10-16T07:07:31.250+0000][119][info ][safepoint   ] Safepoint "Cleanup", Time since last: 1000753294 ns, Reaching safepoint: 960340 ns, Cleanup: 81755 ns, At safepoint: 88180 ns, Total: 1130275 ns
[2024-10-16T07:07:32.252+0000][119][info ][safepoint   ] Safepoint "Cleanup", Time since last: 1000727614 ns, Reaching safepoint: 931089 ns, Cleanup: 45735 ns, At safepoint: 74239 ns, Total: 1051063 ns
[2024-10-16T07:07:33.050+0000][119][info ][safepoint   ] Safepoint "ICBufferFull", Time since last: 797910083 ns, Reaching safepoint: 13840 ns, Cleanup: 215061 ns, At safepoint: 24512 ns, Total: 253413 ns
[2024-10-16T07:07:33.989+0000][119][info ][gc,start    ] GC(9) Pause Young (Concurrent Start) (Metadata GC Threshold)
[2024-10-16T07:07:33.989+0000][119][info ][gc,task     ] GC(9) Using 4 workers of 4 for evacuation
[2024-10-16T07:07:33.989+0000][119][debug][gc,age      ] GC(9) Desired survivor size 41943040 bytes, new threshold 15 (max threshold 15)
[2024-10-16T07:07:34.013+0000][119][info ][gc,phases   ] GC(9)   Pre Evacuate Collection Set: 0.67ms
[2024-10-16T07:07:34.013+0000][119][info ][gc,phases   ] GC(9)   Merge Heap Roots: 0.20ms
[2024-10-16T07:07:34.013+0000][119][info ][gc,phases   ] GC(9)   Evacuate Collection Set: 20.07ms
[2024-10-16T07:07:34.013+0000][119][info ][gc,phases   ] GC(9)   Post Evacuate Collection Set: 3.06ms
[2024-10-16T07:07:34.013+0000][119][info ][gc,phases   ] GC(9)   Other: 0.38ms
[2024-10-16T07:07:34.013+0000][119][trace][gc,age      ] GC(9) Age table with threshold 15 (max threshold 15)
[2024-10-16T07:07:34.013+0000][119][trace][gc,age      ] GC(9) - age   1:    8035008 bytes,    8035008 total
[2024-10-16T07:07:34.013+0000][119][trace][gc,age      ] GC(9) - age   2:    5529376 bytes,   13564384 total
[2024-10-16T07:07:34.013+0000][119][trace][gc,age      ] GC(9) - age   3:    5557808 bytes,   19122192 total
[2024-10-16T07:07:34.013+0000][119][trace][gc,age      ] GC(9) - age   4:    2733088 bytes,   21855280 total
[2024-10-16T07:07:34.013+0000][119][trace][gc,age      ] GC(9) - age   5:    2611096 bytes,   24466376 total
[2024-10-16T07:07:34.013+0000][119][trace][gc,age      ] GC(9) - age   6:    3663128 bytes,   28129504 total
[2024-10-16T07:07:34.013+0000][119][trace][gc,age      ] GC(9) - age   7:    4862560 bytes,   32992064 total
[2024-10-16T07:07:34.013+0000][119][info ][gc,heap     ] GC(9) Eden regions: 121->0(219)
[2024-10-16T07:07:34.013+0000][119][info ][gc,heap     ] GC(9) Survivor regions: 8->9(20)
[2024-10-16T07:07:34.013+0000][119][info ][gc,heap     ] GC(9) Old regions: 3->3
[2024-10-16T07:07:34.013+0000][119][info ][gc,heap     ] GC(9) Humongous regions: 0->0
[2024-10-16T07:07:34.013+0000][119][info ][gc,metaspace] GC(9) Metaspace: 59341K(60736K)->59341K(60736K) NonClass: 51856K(52736K)->51856K(52736K) Class: 7484K(8000K)->7484K(8000K)
[2024-10-16T07:07:34.013+0000][119][info ][gc          ] GC(9) Pause Young (Concurrent Start) (Metadata GC Threshold) 523M->46M(5476M) 24.614ms
[2024-10-16T07:07:34.013+0000][119][info ][gc,cpu      ] GC(9) User=0.07s Sys=0.00s Real=0.03s
[2024-10-16T07:07:34.013+0000][119][info ][gc          ] GC(10) Concurrent Mark Cycle
[2024-10-16T07:07:34.013+0000][119][info ][gc,marking  ] GC(10) Concurrent Scan Root Regions
[2024-10-16T07:07:34.014+0000][119][info ][safepoint   ] Safepoint "CollectForMetadataAllocation", Time since last: 938313421 ns, Reaching safepoint: 7296 ns, Cleanup: 59474 ns, At safepoint: 24889669 ns, Total: 24956439 ns
[2024-10-16T07:07:34.038+0000][119][info ][gc,marking  ] GC(10) Concurrent Scan Root Regions 24.522ms
[2024-10-16T07:07:34.038+0000][119][info ][gc,marking  ] GC(10) Concurrent Mark
[2024-10-16T07:07:34.038+0000][119][info ][gc,marking  ] GC(10) Concurrent Mark From Roots
[2024-10-16T07:07:34.038+0000][119][info ][gc,task     ] GC(10) Using 1 workers of 1 for marking
[2024-10-16T07:07:34.057+0000][119][info ][gc,marking  ] GC(10) Concurrent Mark From Roots 18.561ms
[2024-10-16T07:07:34.057+0000][119][info ][gc,marking  ] GC(10) Concurrent Preclean
[2024-10-16T07:07:34.057+0000][119][info ][gc,marking  ] GC(10) Concurrent Preclean 0.081ms
[2024-10-16T07:07:34.058+0000][119][info ][gc,start    ] GC(10) Pause Remark
[2024-10-16T07:07:34.066+0000][119][info ][gc          ] GC(10) Pause Remark 48M->48M(5476M) 7.663ms
[2024-10-16T07:07:34.066+0000][119][info ][gc,cpu      ] GC(10) User=0.02s Sys=0.00s Real=0.01s
[2024-10-16T07:07:34.066+0000][119][info ][safepoint   ] Safepoint "G1PauseRemark", Time since last: 43242990 ns, Reaching safepoint: 1477268 ns, Cleanup: 21294 ns, At safepoint: 7839260 ns, Total: 9337822 ns
[2024-10-16T07:07:34.066+0000][119][info ][gc,marking  ] GC(10) Concurrent Mark 28.224ms
[2024-10-16T07:07:34.066+0000][119][info ][gc,marking  ] GC(10) Concurrent Rebuild Remembered Sets and Scrub Regions
[2024-10-16T07:07:34.072+0000][119][info ][gc,marking  ] GC(10) Concurrent Rebuild Remembered Sets and Scrub Regions 6.221ms
[2024-10-16T07:07:34.073+0000][119][info ][gc,start    ] GC(10) Pause Cleanup
[2024-10-16T07:07:34.074+0000][119][info ][gc          ] GC(10) Pause Cleanup 48M->48M(5476M) 0.475ms
[2024-10-16T07:07:34.074+0000][119][info ][gc,cpu      ] GC(10) User=0.00s Sys=0.00s Real=0.00s
[2024-10-16T07:07:34.074+0000][119][info ][safepoint   ] Safepoint "G1PauseCleanup", Time since last: 6456792 ns, Reaching safepoint: 454287 ns, Cleanup: 20948 ns, At safepoint: 564185 ns, Total: 1039420 ns
[2024-10-16T07:07:34.074+0000][119][info ][gc,marking  ] GC(10) Concurrent Clear Claimed Marks
[2024-10-16T07:07:34.074+0000][119][info ][gc,marking  ] GC(10) Concurrent Clear Claimed Marks 0.116ms
[2024-10-16T07:07:34.074+0000][119][info ][gc,marking  ] GC(10) Concurrent Cleanup for Next Mark
[2024-10-16T07:07:34.084+0000][119][info ][gc,marking  ] GC(10) Concurrent Cleanup for Next Mark 10.039ms
[2024-10-16T07:07:34.084+0000][119][info ][gc          ] GC(10) Concurrent Mark Cycle 70.586ms
[2024-10-16T07:07:35.075+0000][119][info ][safepoint   ] Safepoint "Cleanup", Time since last: 1000328402 ns, Reaching safepoint: 1389999 ns, Cleanup: 31723 ns, At safepoint: 82721 ns, Total: 1504443 ns
[2024-10-16T07:07:36.272+0000][119][info ][safepoint   ] Safepoint "Cleanup", Time since last: 1196067881 ns, Reaching safepoint: 578390 ns, Cleanup: 135433 ns, At safepoint: 58324 ns, Total: 772147 ns
[2024-10-16T07:07:37.215+0000][119][info ][safepoint   ] Safepoint "Cleanup", Time since last: 1000857210 ns, Reaching safepoint: 8900 ns, Cleanup: 96411 ns, At safepoint: 52609 ns, Total: 157920 ns
[2024-10-16T07:07:38.219+0000][119][info ][safepoint   ] Safepoint "Cleanup", Time since last: 1002467777 ns, Reaching safepoint: 1249596 ns, Cleanup: 17492 ns, At safepoint: 62703 ns, Total: 1329791 ns
[2024-10-16T07:07:39.243+0000][119][info ][safepoint   ] Safepoint "Cleanup", Time since last: 1024497101 ns, Reaching safepoint: 7617 ns, Cleanup: 94039 ns, At safepoint: 10396 ns, Total: 112052 ns
[2024-10-16T07:07:40.257+0000][119][info ][safepoint   ] Safepoint "Cleanup", Time since last: 1012344751 ns, Reaching safepoint: 916294 ns, Cleanup: 110174 ns, At safepoint: 54879 ns, Total: 1081347 ns
[2024-10-16T07:07:41.259+0000][119][info ][safepoint   ] Safepoint "Cleanup", Time since last: 1001047116 ns, Reaching safepoint: 946312 ns, Cleanup: 19005 ns, At safepoint: 53969 ns, Total: 1019286 ns
[2024-10-16T07:07:42.679+0000][119][info ][safepoint   ] Safepoint "ICBufferFull", Time since last: 1419553322 ns, Reaching safepoint: 7079 ns, Cleanup: 218376 ns, At safepoint: 42071 ns, Total: 267526 ns
[2024-10-16T07:07:44.201+0000][119][info ][safepoint   ] Safepoint "Cleanup", Time since last: 1521512694 ns, Reaching safepoint: 607453 ns, Cleanup: 104701 ns, At safepoint: 124281 ns, Total: 836435 ns
[2024-10-16T07:07:44.223+0000][119][info ][gc,start    ] GC(11) Pause Young (Normal) (G1 Evacuation Pause)
[2024-10-16T07:07:44.223+0000][119][info ][gc,task     ] GC(11) Using 4 workers of 4 for evacuation
[2024-10-16T07:07:44.223+0000][119][debug][gc,age      ] GC(11) Desired survivor size 54525952 bytes, new threshold 15 (max threshold 15)
[2024-10-16T07:07:44.290+0000][119][info ][gc,phases   ] GC(11)   Pre Evacuate Collection Set: 0.61ms
[2024-10-16T07:07:44.290+0000][119][info ][gc,phases   ] GC(11)   Merge Heap Roots: 0.19ms
[2024-10-16T07:07:44.291+0000][119][info ][gc,phases   ] GC(11)   Evacuate Collection Set: 57.47ms
[2024-10-16T07:07:44.291+0000][119][info ][gc,phases   ] GC(11)   Post Evacuate Collection Set: 8.72ms
[2024-10-16T07:07:44.291+0000][119][info ][gc,phases   ] GC(11)   Other: 0.16ms
[2024-10-16T07:07:44.291+0000][119][trace][gc,age      ] GC(11) Age table with threshold 15 (max threshold 15)
[2024-10-16T07:07:44.291+0000][119][trace][gc,age      ] GC(11) - age   1:   17216400 bytes,   17216400 total
[2024-10-16T07:07:44.291+0000][119][trace][gc,age      ] GC(11) - age   2:    7369912 bytes,   24586312 total
[2024-10-16T07:07:44.291+0000][119][trace][gc,age      ] GC(11) - age   3:    5484040 bytes,   30070352 total
[2024-10-16T07:07:44.291+0000][119][trace][gc,age      ] GC(11) - age   4:    5539776 bytes,   35610128 total
[2024-10-16T07:07:44.291+0000][119][trace][gc,age      ] GC(11) - age   5:    2718928 bytes,   38329056 total
[2024-10-16T07:07:44.291+0000][119][trace][gc,age      ] GC(11) - age   6:    2600672 bytes,   40929728 total
[2024-10-16T07:07:44.291+0000][119][trace][gc,age      ] GC(11) - age   7:    3650768 bytes,   44580496 total
[2024-10-16T07:07:44.291+0000][119][trace][gc,age      ] GC(11) - age   8:    4835720 bytes,   49416216 total
[2024-10-16T07:07:44.291+0000][119][info ][gc,heap     ] GC(11) Eden regions: 196->0(179)
[2024-10-16T07:07:44.291+0000][119][info ][gc,heap     ] GC(11) Survivor regions: 9->13(26)
[2024-10-16T07:07:44.291+0000][119][info ][gc,heap     ] GC(11) Old regions: 3->3
[2024-10-16T07:07:44.291+0000][119][info ][gc,heap     ] GC(11) Humongous regions: 0->0
[2024-10-16T07:07:44.291+0000][119][info ][gc,metaspace] GC(11) Metaspace: 88395K(90432K)->88395K(90432K) NonClass: 76534K(77696K)->76534K(77696K) Class: 11860K(12736K)->11860K(12736K)
[2024-10-16T07:07:44.291+0000][119][info ][gc          ] GC(11) Pause Young (Normal) (G1 Evacuation Pause) 830M->60M(5476M) 67.388ms
[2024-10-16T07:07:44.291+0000][119][info ][gc,cpu      ] GC(11) User=0.25s Sys=0.00s Real=0.07s
[2024-10-16T07:07:44.294+0000][119][info ][safepoint   ] Safepoint "G1CollectForAllocation", Time since last: 22162465 ns, Reaching safepoint: 10340 ns, Cleanup: 5480 ns, At safepoint: 70584730 ns, Total: 70600550 ns
[2024-10-16T07:07:45.736+0000][119][info ][safepoint   ] Safepoint "Cleanup", Time since last: 1441018791 ns, Reaching safepoint: 965418 ns, Cleanup: 90676 ns, At safepoint: 60867 ns, Total: 1116961 ns
[2024-10-16T07:07:46.477+0000][119][info ][gc,start    ] GC(12) Pause Young (Concurrent Start) (Metadata GC Threshold)
[2024-10-16T07:07:46.477+0000][119][info ][gc,task     ] GC(12) Using 4 workers of 4 for evacuation
[2024-10-16T07:07:46.477+0000][119][debug][gc,age      ] GC(12) Desired survivor size 50331648 bytes, new threshold 15 (max threshold 15)
[2024-10-16T07:07:46.520+0000][119][info ][gc,phases   ] GC(12)   Pre Evacuate Collection Set: 0.72ms
[2024-10-16T07:07:46.520+0000][119][info ][gc,phases   ] GC(12)   Merge Heap Roots: 0.20ms
[2024-10-16T07:07:46.520+0000][119][info ][gc,phases   ] GC(12)   Evacuate Collection Set: 38.02ms
[2024-10-16T07:07:46.521+0000][119][info ][gc,phases   ] GC(12)   Post Evacuate Collection Set: 4.31ms
[2024-10-16T07:07:46.521+0000][119][info ][gc,phases   ] GC(12)   Other: 0.36ms
[2024-10-16T07:07:46.521+0000][119][trace][gc,age      ] GC(12) Age table with threshold 15 (max threshold 15)
[2024-10-16T07:07:46.521+0000][119][trace][gc,age      ] GC(12) - age   1:    3997776 bytes,    3997776 total
[2024-10-16T07:07:46.521+0000][119][trace][gc,age      ] GC(12) - age   2:   16364632 bytes,   20362408 total
[2024-10-16T07:07:46.521+0000][119][trace][gc,age      ] GC(12) - age   3:    7347984 bytes,   27710392 total
[2024-10-16T07:07:46.521+0000][119][trace][gc,age      ] GC(12) - age   4:    5477856 bytes,   33188248 total
[2024-10-16T07:07:46.521+0000][119][trace][gc,age      ] GC(12) - age   5:    5537936 bytes,   38726184 total
[2024-10-16T07:07:46.521+0000][119][trace][gc,age      ] GC(12) - age   6:    2717216 bytes,   41443400 total
[2024-10-16T07:07:46.521+0000][119][trace][gc,age      ] GC(12) - age   7:    2598744 bytes,   44042144 total
[2024-10-16T07:07:46.521+0000][119][trace][gc,age      ] GC(12) - age   8:    3648376 bytes,   47690520 total
[2024-10-16T07:07:46.521+0000][119][trace][gc,age      ] GC(12) - age   9:    4828968 bytes,   52519488 total
[2024-10-16T07:07:46.521+0000][119][info ][gc,heap     ] GC(12) Eden regions: 30->0(179)
[2024-10-16T07:07:46.521+0000][119][info ][gc,heap     ] GC(12) Survivor regions: 13->14(24)
[2024-10-16T07:07:46.521+0000][119][info ][gc,heap     ] GC(12) Old regions: 3->3
[2024-10-16T07:07:46.521+0000][119][info ][gc,heap     ] GC(12) Humongous regions: 0->0
[2024-10-16T07:07:46.521+0000][119][info ][gc,metaspace] GC(12) Metaspace: 99761K(101760K)->99761K(101760K) NonClass: 86310K(87488K)->86310K(87488K) Class: 13451K(14272K)->13451K(14272K)
[2024-10-16T07:07:46.521+0000][119][info ][gc          ] GC(12) Pause Young (Concurrent Start) (Metadata GC Threshold) 180M->64M(5476M) 43.904ms
[2024-10-16T07:07:46.521+0000][119][info ][gc,cpu      ] GC(12) User=0.13s Sys=0.00s Real=0.04s
[2024-10-16T07:07:46.521+0000][119][info ][gc          ] GC(13) Concurrent Mark Cycle
[2024-10-16T07:07:46.521+0000][119][info ][gc,marking  ] GC(13) Concurrent Scan Root Regions
[2024-10-16T07:07:46.521+0000][119][info ][safepoint   ] Safepoint "CollectForMetadataAllocation", Time since last: 740766285 ns, Reaching safepoint: 12951 ns, Cleanup: 74589 ns, At safepoint: 44265004 ns, Total: 44352544 ns
[2024-10-16T07:07:46.558+0000][119][info ][gc,marking  ] GC(13) Concurrent Scan Root Regions 37.437ms
[2024-10-16T07:07:46.558+0000][119][info ][gc,marking  ] GC(13) Concurrent Mark
[2024-10-16T07:07:46.558+0000][119][info ][gc,marking  ] GC(13) Concurrent Mark From Roots
[2024-10-16T07:07:46.558+0000][119][info ][gc,task     ] GC(13) Using 1 workers of 1 for marking
[2024-10-16T07:07:46.577+0000][119][info ][gc,marking  ] GC(13) Concurrent Mark From Roots 19.057ms
[2024-10-16T07:07:46.577+0000][119][info ][gc,marking  ] GC(13) Concurrent Preclean
[2024-10-16T07:07:46.578+0000][119][info ][gc,marking  ] GC(13) Concurrent Preclean 0.201ms
[2024-10-16T07:07:46.579+0000][119][info ][gc,start    ] GC(13) Pause Remark
[2024-10-16T07:07:46.589+0000][119][info ][gc          ] GC(13) Pause Remark 70M->70M(5476M) 10.080ms
[2024-10-16T07:07:46.589+0000][119][info ][gc,cpu      ] GC(13) User=0.03s Sys=0.00s Real=0.01s
[2024-10-16T07:07:46.589+0000][119][info ][safepoint   ] Safepoint "G1PauseRemark", Time since last: 56668214 ns, Reaching safepoint: 1059045 ns, Cleanup: 6050 ns, At safepoint: 10486962 ns, Total: 11552057 ns
[2024-10-16T07:07:46.590+0000][119][info ][gc,marking  ] GC(13) Concurrent Mark 31.244ms
[2024-10-16T07:07:46.590+0000][119][info ][gc,marking  ] GC(13) Concurrent Rebuild Remembered Sets and Scrub Regions
[2024-10-16T07:07:46.600+0000][119][info ][gc,marking  ] GC(13) Concurrent Rebuild Remembered Sets and Scrub Regions 10.124ms
[2024-10-16T07:07:46.601+0000][119][info ][gc,start    ] GC(13) Pause Cleanup
[2024-10-16T07:07:46.602+0000][119][info ][gc          ] GC(13) Pause Cleanup 70M->70M(5476M) 0.738ms
[2024-10-16T07:07:46.602+0000][119][info ][gc,cpu      ] GC(13) User=0.00s Sys=0.00s Real=0.00s
[2024-10-16T07:07:46.602+0000][119][info ][safepoint   ] Safepoint "G1PauseCleanup", Time since last: 10601928 ns, Reaching safepoint: 913065 ns, Cleanup: 22546 ns, At safepoint: 824553 ns, Total: 1760164 ns
[2024-10-16T07:07:46.602+0000][119][info ][gc,marking  ] GC(13) Concurrent Clear Claimed Marks
[2024-10-16T07:07:46.602+0000][119][info ][gc,marking  ] GC(13) Concurrent Clear Claimed Marks 0.152ms
[2024-10-16T07:07:46.602+0000][119][info ][gc,marking  ] GC(13) Concurrent Cleanup for Next Mark
[2024-10-16T07:07:46.614+0000][119][info ][gc,marking  ] GC(13) Concurrent Cleanup for Next Mark 11.498ms
[2024-10-16T07:07:46.614+0000][119][info ][gc          ] GC(13) Concurrent Mark Cycle 92.953ms
[2024-10-16T07:07:48.090+0000][119][info ][safepoint   ] Safepoint "Cleanup", Time since last: 1487756007 ns, Reaching safepoint: 7284 ns, Cleanup: 108321 ns, At safepoint: 42089 ns, Total: 157694 ns
[2024-10-16T07:07:49.250+0000][119][info ][safepoint   ] Safepoint "Cleanup", Time since last: 1157790236 ns, Reaching safepoint: 2728771 ns, Cleanup: 132787 ns, At safepoint: 64865 ns, Total: 2926423 ns
[2024-10-16T07:07:50.381+0000][119][info ][safepoint   ] Safepoint "Cleanup", Time since last: 1118187636 ns, Reaching safepoint: 7644265 ns, Cleanup: 40492 ns, At safepoint: 4830161 ns, Total: 12514918 ns
[2024-10-16T07:07:51.382+0000][119][info ][safepoint   ] Safepoint "Cleanup", Time since last: 1000112756 ns, Reaching safepoint: 943614 ns, Cleanup: 91894 ns, At safepoint: 101298 ns, Total: 1136806 ns
[2024-10-16T07:07:52.418+0000][119][info ][safepoint   ] Safepoint "Cleanup", Time since last: 1035202817 ns, Reaching safepoint: 7068 ns, Cleanup: 69519 ns, At safepoint: 45562 ns, Total: 122149 ns
[2024-10-16T07:07:53.436+0000][119][info ][safepoint   ] Safepoint "Cleanup", Time since last: 1013541710 ns, Reaching safepoint: 4768784 ns, Cleanup: 103143 ns, At safepoint: 93703 ns, Total: 4965630 ns
[2024-10-16T07:07:54.621+0000][119][info ][safepoint   ] Safepoint "ICBufferFull", Time since last: 1184718287 ns, Reaching safepoint: 9883 ns, Cleanup: 132078 ns, At safepoint: 10180 ns, Total: 152141 ns
[2024-10-16T07:07:55.248+0000][119][info ][safepoint   ] Safepoint "ICBufferFull", Time since last: 626872070 ns, Reaching safepoint: 14823 ns, Cleanup: 184688 ns, At safepoint: 17716 ns, Total: 217227 ns
[2024-10-16T07:07:55.969+0000][119][info ][safepoint   ] Safepoint "ICBufferFull", Time since last: 720900004 ns, Reaching safepoint: 46715 ns, Cleanup: 420356 ns, At safepoint: 73368 ns, Total: 540439 ns
[2024-10-16T07:07:56.973+0000][119][info ][safepoint   ] Safepoint "Cleanup", Time since last: 1002392511 ns, Reaching safepoint: 1049900 ns, Cleanup: 50999 ns, At safepoint: 26162 ns, Total: 1127061 ns
[2024-10-16T07:07:58.524+0000][119][info ][safepoint   ] Safepoint "Cleanup", Time since last: 1549944908 ns, Reaching safepoint: 892207 ns, Cleanup: 177155 ns, At safepoint: 52909 ns, Total: 1122271 ns
[2024-10-16T07:07:58.991+0000][119][info ][safepoint   ] Safepoint "ICBufferFull", Time since last: 467124640 ns, Reaching safepoint: 15501 ns, Cleanup: 228270 ns, At safepoint: 22870 ns, Total: 266641 ns
[2024-10-16T07:07:59.446+0000][119][info ][safepoint   ] Safepoint "ICBufferFull", Time since last: 454393682 ns, Reaching safepoint: 12605 ns, Cleanup: 88288 ns, At safepoint: 43192 ns, Total: 144085 ns
[2024-10-16T07:08:00.594+0000][119][info ][safepoint   ] Safepoint "Cleanup", Time since last: 1148225260 ns, Reaching safepoint: 8627 ns, Cleanup: 135219 ns, At safepoint: 39374 ns, Total: 183220 ns
[2024-10-16T07:08:01.403+0000][119][info ][safepoint   ] Safepoint "ICBufferFull", Time since last: 808692978 ns, Reaching safepoint: 21028 ns, Cleanup: 190980 ns, At safepoint: 13060 ns, Total: 225068 ns
[2024-10-16T07:08:02.303+0000][119][info ][safepoint   ] Safepoint "ICBufferFull", Time since last: 898759877 ns, Reaching safepoint: 653937 ns, Cleanup: 146264 ns, At safepoint: 69097 ns, Total: 869298 ns
[2024-10-16T07:08:02.307+0000][119][info ][safepoint   ] Safepoint "ICBufferFull", Time since last: 2746674 ns, Reaching safepoint: 1114021 ns, Cleanup: 22415 ns, At safepoint: 105975 ns, Total: 1242411 ns
[2024-10-16T07:08:03.150+0000][119][info ][safepoint   ] Safepoint "ICBufferFull", Time since last: 842442499 ns, Reaching safepoint: 28932 ns, Cleanup: 149632 ns, At safepoint: 122805 ns, Total: 301369 ns
[2024-10-16T07:08:03.784+0000][119][info ][safepoint   ] Safepoint "ICBufferFull", Time since last: 633603358 ns, Reaching safepoint: 513641 ns, Cleanup: 140027 ns, At safepoint: 95664 ns, Total: 749332 ns
[2024-10-16T07:08:03.980+0000][119][info ][gc,start    ] GC(14) Pause Young (Normal) (G1 Evacuation Pause)
[2024-10-16T07:08:03.981+0000][119][info ][gc,task     ] GC(14) Using 4 workers of 4 for evacuation
[2024-10-16T07:08:03.981+0000][119][debug][gc,age      ] GC(14) Desired survivor size 50331648 bytes, new threshold 9 (max threshold 15)
[2024-10-16T07:08:04.164+0000][119][info ][gc,phases   ] GC(14)   Pre Evacuate Collection Set: 0.99ms
[2024-10-16T07:08:04.164+0000][119][info ][gc,phases   ] GC(14)   Merge Heap Roots: 1.05ms
[2024-10-16T07:08:04.164+0000][119][info ][gc,phases   ] GC(14)   Evacuate Collection Set: 168.67ms
[2024-10-16T07:08:04.164+0000][119][info ][gc,phases   ] GC(14)   Post Evacuate Collection Set: 12.63ms
[2024-10-16T07:08:04.164+0000][119][info ][gc,phases   ] GC(14)   Other: 0.47ms
[2024-10-16T07:08:04.164+0000][119][trace][gc,age      ] GC(14) Age table with threshold 9 (max threshold 15)
[2024-10-16T07:08:04.164+0000][119][trace][gc,age      ] GC(14) - age   1:   53283952 bytes,   53283952 total
[2024-10-16T07:08:04.164+0000][119][trace][gc,age      ] GC(14) - age   2:    3749216 bytes,   57033168 total
[2024-10-16T07:08:04.164+0000][119][trace][gc,age      ] GC(14) - age   3:   16254424 bytes,   73287592 total
[2024-10-16T07:08:04.164+0000][119][trace][gc,age      ] GC(14) - age   4:    7238896 bytes,   80526488 total
[2024-10-16T07:08:04.164+0000][119][trace][gc,age      ] GC(14) - age   5:    5474528 bytes,   86001016 total
[2024-10-16T07:08:04.164+0000][119][trace][gc,age      ] GC(14) - age   6:    5533344 bytes,   91534360 total
[2024-10-16T07:08:04.164+0000][119][trace][gc,age      ] GC(14) - age   7:    2716592 bytes,   94250952 total
[2024-10-16T07:08:04.164+0000][119][trace][gc,age      ] GC(14) - age   8:    2595720 bytes,   96846672 total
[2024-10-16T07:08:04.164+0000][119][trace][gc,age      ] GC(14) - age   9:    3646432 bytes,  100493104 total
[2024-10-16T07:08:04.164+0000][119][info ][gc,heap     ] GC(14) Eden regions: 174->0(48)
[2024-10-16T07:08:04.164+0000][119][info ][gc,heap     ] GC(14) Survivor regions: 14->24(24)
[2024-10-16T07:08:04.164+0000][119][info ][gc,heap     ] GC(14) Old regions: 3->7
[2024-10-16T07:08:04.164+0000][119][info ][gc,heap     ] GC(14) Humongous regions: 2->2
[2024-10-16T07:08:04.164+0000][119][info ][gc,metaspace] GC(14) Metaspace: 140723K(144832K)->140723K(144832K) NonClass: 120734K(122944K)->120734K(122944K) Class: 19988K(21888K)->19988K(21888K)
[2024-10-16T07:08:04.164+0000][119][info ][gc          ] GC(14) Pause Young (Normal) (G1 Evacuation Pause) 768M->130M(5476M) 184.142ms
[2024-10-16T07:08:04.165+0000][119][info ][gc,cpu      ] GC(14) User=0.69s Sys=0.00s Real=0.19s
[2024-10-16T07:08:04.168+0000][119][info ][safepoint   ] Safepoint "G1CollectForAllocation", Time since last: 196041487 ns, Reaching safepoint: 229208 ns, Cleanup: 38569 ns, At safepoint: 187741861 ns, Total: 188009638 ns
[2024-10-16T07:08:04.979+0000][119][info ][safepoint   ] Safepoint "ICBufferFull", Time since last: 803810023 ns, Reaching safepoint: 975985 ns, Cleanup: 150212 ns, At safepoint: 5718264 ns, Total: 6844461 ns
[2024-10-16T07:08:04.980+0000][119][info ][safepoint   ] Safepoint "ICBufferFull", Time since last: 129924 ns, Reaching safepoint: 806828 ns, Cleanup: 10292 ns, At safepoint: 87367 ns, Total: 904487 ns
[2024-10-16T07:08:04.985+0000][119][info ][safepoint   ] Safepoint "ICBufferFull", Time since last: 4513521 ns, Reaching safepoint: 326969 ns, Cleanup: 4135 ns, At safepoint: 114447 ns, Total: 445551 ns
[2024-10-16T07:08:05.976+0000][119][info ][safepoint   ] Safepoint "ICBufferFull", Time since last: 990533677 ns, Reaching safepoint: 453909 ns, Cleanup: 131863 ns, At safepoint: 21245 ns, Total: 607017 ns
[2024-10-16T07:08:06.112+0000][119][info ][gc,start    ] GC(15) Pause Young (Normal) (G1 Evacuation Pause)
[2024-10-16T07:08:06.112+0000][119][info ][gc,task     ] GC(15) Using 4 workers of 4 for evacuation
[2024-10-16T07:08:06.112+0000][119][debug][gc,age      ] GC(15) Desired survivor size 18874368 bytes, new threshold 1 (max threshold 15)
[2024-10-16T07:08:06.260+0000][119][info ][gc,phases   ] GC(15)   Pre Evacuate Collection Set: 0.44ms
[2024-10-16T07:08:06.260+0000][119][info ][gc,phases   ] GC(15)   Merge Heap Roots: 0.68ms
[2024-10-16T07:08:06.260+0000][119][info ][gc,phases   ] GC(15)   Evacuate Collection Set: 143.28ms
[2024-10-16T07:08:06.261+0000][119][info ][gc,phases   ] GC(15)   Post Evacuate Collection Set: 4.17ms
[2024-10-16T07:08:06.261+0000][119][info ][gc,phases   ] GC(15)   Other: 0.14ms
[2024-10-16T07:08:06.261+0000][119][trace][gc,age      ] GC(15) Age table with threshold 1 (max threshold 15)
[2024-10-16T07:08:06.261+0000][119][trace][gc,age      ] GC(15) - age   1:   17415768 bytes,   17415768 total
[2024-10-16T07:08:06.261+0000][119][info ][gc,heap     ] GC(15) Eden regions: 44->0(63)
[2024-10-16T07:08:06.261+0000][119][info ][gc,heap     ] GC(15) Survivor regions: 24->5(9)
[2024-10-16T07:08:06.261+0000][119][info ][gc,heap     ] GC(15) Old regions: 7->32
[2024-10-16T07:08:06.261+0000][119][info ][gc,heap     ] GC(15) Humongous regions: 2->2
[2024-10-16T07:08:06.261+0000][119][info ][gc,metaspace] GC(15) Metaspace: 142267K(146432K)->142267K(146432K) NonClass: 122037K(124288K)->122037K(124288K) Class: 20229K(22144K)->20229K(22144K)
[2024-10-16T07:08:06.261+0000][119][info ][gc          ] GC(15) Pause Young (Normal) (G1 Evacuation Pause) 306M->154M(5476M) 148.956ms
[2024-10-16T07:08:06.261+0000][119][info ][gc,cpu      ] GC(15) User=0.56s Sys=0.00s Real=0.15s
[2024-10-16T07:08:06.265+0000][119][info ][safepoint   ] Safepoint "G1CollectForAllocation", Time since last: 135524582 ns, Reaching safepoint: 222803 ns, Cleanup: 27622 ns, At safepoint: 153088072 ns, Total: 153338497 ns
[2024-10-16T07:08:07.304+0000][119][info ][safepoint   ] Safepoint "Cleanup", Time since last: 1042023807 ns, Reaching safepoint: 905738 ns, Cleanup: 154866 ns, At safepoint: 79276 ns, Total: 1139880 ns
[2024-10-16T07:08:08.034+0000][119][info ][safepoint   ] Safepoint "ICBufferFull", Time since last: 729853402 ns, Reaching safepoint: 23538 ns, Cleanup: 134337 ns, At safepoint: 12490 ns, Total: 170365 ns
[2024-10-16T07:08:08.383+0000][119][info ][safepoint   ] Safepoint "ICBufferFull", Time since last: 344542659 ns, Reaching safepoint: 286093 ns, Cleanup: 97980 ns, At safepoint: 3904591 ns, Total: 4288664 ns
[2024-10-16T07:08:08.849+0000][119][info ][safepoint   ] Safepoint "ICBufferFull", Time since last: 465691027 ns, Reaching safepoint: 19845 ns, Cleanup: 126669 ns, At safepoint: 87485 ns, Total: 233999 ns
[2024-10-16T07:08:10.455+0000][119][info ][safepoint   ] Safepoint "Cleanup", Time since last: 1606198119 ns, Reaching safepoint: 68514 ns, Cleanup: 44720 ns, At safepoint: 16950 ns, Total: 130184 ns
[2024-10-16T07:08:11.456+0000][119][info ][safepoint   ] Safepoint "Cleanup", Time since last: 1000989292 ns, Reaching safepoint: 20187 ns, Cleanup: 62564 ns, At safepoint: 10156 ns, Total: 92907 ns
[2024-10-16T07:08:12.457+0000][119][info ][safepoint   ] Safepoint "Cleanup", Time since last: 1000891465 ns, Reaching safepoint: 23944 ns, Cleanup: 26605 ns, At safepoint: 11521 ns, Total: 62070 ns
[2024-10-16T07:08:13.777+0000][119][info ][safepoint   ] Safepoint "Cleanup", Time since last: 1319790622 ns, Reaching safepoint: 20454 ns, Cleanup: 35766 ns, At safepoint: 9153 ns, Total: 65373 ns
[2024-10-16T07:08:14.778+0000][119][info ][safepoint   ] Safepoint "Cleanup", Time since last: 1001060439 ns, Reaching safepoint: 29984 ns, Cleanup: 53900 ns, At safepoint: 15256 ns, Total: 99140 ns
[2024-10-16T07:08:16.780+0000][119][info ][safepoint   ] Safepoint "Cleanup", Time since last: 2002017380 ns, Reaching safepoint: 31346 ns, Cleanup: 45104 ns, At safepoint: 13086 ns, Total: 89536 ns
[2024-10-16T07:08:17.781+0000][119][info ][safepoint   ] Safepoint "Cleanup", Time since last: 1000759040 ns, Reaching safepoint: 24979 ns, Cleanup: 44545 ns, At safepoint: 10148 ns, Total: 79672 ns
[2024-10-16T07:08:18.841+0000][119][info ][safepoint   ] Safepoint "Cleanup", Time since last: 1059736638 ns, Reaching safepoint: 29312 ns, Cleanup: 36570 ns, At safepoint: 15085 ns, Total: 80967 ns
[2024-10-16T07:08:20.843+0000][119][info ][safepoint   ] Safepoint "Cleanup", Time since last: 2001969408 ns, Reaching safepoint: 25987 ns, Cleanup: 50587 ns, At safepoint: 14330 ns, Total: 90904 ns
[2024-10-16T07:08:21.843+0000][119][info ][safepoint   ] Safepoint "Cleanup", Time since last: 1000403458 ns, Reaching safepoint: 27362 ns, Cleanup: 57266 ns, At safepoint: 16710 ns, Total: 101338 ns
[2024-10-16T07:08:23.845+0000][119][info ][safepoint   ] Safepoint "Cleanup", Time since last: 2001443861 ns, Reaching safepoint: 20391 ns, Cleanup: 39348 ns, At safepoint: 10168 ns, Total: 69907 ns
[2024-10-16T07:08:25.847+0000][119][info ][safepoint   ] Safepoint "Cleanup", Time since last: 2002122956 ns, Reaching safepoint: 20947 ns, Cleanup: 41276 ns, At safepoint: 9536 ns, Total: 71759 ns
[2024-10-16T07:08:26.848+0000][119][info ][safepoint   ] Safepoint "Cleanup", Time since last: 1000843065 ns, Reaching safepoint: 21095 ns, Cleanup: 41556 ns, At safepoint: 9579 ns, Total: 72230 ns
[2024-10-16T07:08:28.850+0000][119][info ][safepoint   ] Safepoint "Cleanup", Time since last: 2001982818 ns, Reaching safepoint: 36775 ns, Cleanup: 47515 ns, At safepoint: 16410 ns, Total: 100700 ns
[2024-10-16T07:08:29.851+0000][119][info ][safepoint   ] Safepoint "Cleanup", Time since last: 1000574622 ns, Reaching safepoint: 20101 ns, Cleanup: 30906 ns, At safepoint: 9119 ns, Total: 60126 ns
[2024-10-16T07:08:30.852+0000][119][info ][safepoint   ] Safepoint "Cleanup", Time since last: 1001300937 ns, Reaching safepoint: 21326 ns, Cleanup: 16184 ns, At safepoint: 9798 ns, Total: 47308 ns
[2024-10-16T07:08:31.853+0000][119][info ][safepoint   ] Safepoint "Cleanup", Time since last: 1000869712 ns, Reaching safepoint: 28358 ns, Cleanup: 34352 ns, At safepoint: 13800 ns, Total: 76510 ns
[2024-10-16T07:08:32.854+0000][119][info ][safepoint   ] Safepoint "Cleanup", Time since last: 1000741799 ns, Reaching safepoint: 27132 ns, Cleanup: 28871 ns, At safepoint: 80802 ns, Total: 136805 ns
[2024-10-16T07:08:33.855+0000][119][info ][safepoint   ] Safepoint "Cleanup", Time since last: 1000899549 ns, Reaching safepoint: 22111 ns, Cleanup: 16441 ns, At safepoint: 10346 ns, Total: 48898 ns
[2024-10-16T07:08:34.856+0000][119][info ][safepoint   ] Safepoint "Cleanup", Time since last: 1000988464 ns, Reaching safepoint: 25616 ns, Cleanup: 19974 ns, At safepoint: 12898 ns, Total: 58488 ns
[2024-10-16T07:08:35.857+0000][119][info ][safepoint   ] Safepoint "Cleanup", Time since last: 1001173439 ns, Reaching safepoint: 21610 ns, Cleanup: 32168 ns, At safepoint: 9641 ns, Total: 63419 ns
[2024-10-16T07:08:36.858+0000][119][info ][safepoint   ] Safepoint "Cleanup", Time since last: 1000554030 ns, Reaching safepoint: 21756 ns, Cleanup: 38217 ns, At safepoint: 9243 ns, Total: 69216 ns
[2024-10-16T07:08:37.865+0000][119][info ][safepoint   ] Safepoint "Cleanup", Time since last: 1001087833 ns, Reaching safepoint: 19836 ns, Cleanup: 17274 ns, At safepoint: 10240 ns, Total: 47350 ns
[2024-10-16T07:08:38.866+0000][119][info ][safepoint   ] Safepoint "Cleanup", Time since last: 1000959232 ns, Reaching safepoint: 19575 ns, Cleanup: 24723 ns, At safepoint: 10122 ns, Total: 54420 ns
[2024-10-16T07:08:40.868+0000][119][info ][safepoint   ] Safepoint "Cleanup", Time since last: 2001979342 ns, Reaching safepoint: 20695 ns, Cleanup: 13064 ns, At safepoint: 10228 ns, Total: 43987 ns
[2024-10-16T07:08:41.869+0000][119][info ][safepoint   ] Safepoint "Cleanup", Time since last: 1001012934 ns, Reaching safepoint: 22376 ns, Cleanup: 33934 ns, At safepoint: 9295 ns, Total: 65605 ns
[2024-10-16T07:08:42.869+0000][119][info ][safepoint   ] Safepoint "Cleanup", Time since last: 1000746568 ns, Reaching safepoint: 21353 ns, Cleanup: 35118 ns, At safepoint: 10640 ns, Total: 67111 ns
[2024-10-16T07:08:43.919+0000][119][info ][safepoint   ] Safepoint "Cleanup", Time since last: 1049249407 ns, Reaching safepoint: 33818 ns, Cleanup: 103082 ns, At safepoint: 17452 ns, Total: 154352 ns
[2024-10-16T07:08:44.920+0000][119][info ][safepoint   ] Safepoint "Cleanup", Time since last: 1000625184 ns, Reaching safepoint: 33687 ns, Cleanup: 29036 ns, At safepoint: 12293 ns, Total: 75016 ns
[2024-10-16T07:08:46.922+0000][119][info ][safepoint   ] Safepoint "Cleanup", Time since last: 2001970372 ns, Reaching safepoint: 20058 ns, Cleanup: 22897 ns, At safepoint: 9347 ns, Total: 52302 ns
[2024-10-16T07:08:47.923+0000][119][info ][safepoint   ] Safepoint "Cleanup", Time since last: 1000946677 ns, Reaching safepoint: 20500 ns, Cleanup: 27746 ns, At safepoint: 8985 ns, Total: 57231 ns
[2024-10-16T07:08:48.924+0000][119][info ][safepoint   ] Safepoint "Cleanup", Time since last: 1000890515 ns, Reaching safepoint: 24255 ns, Cleanup: 14729 ns, At safepoint: 10998 ns, Total: 49982 ns
[2024-10-16T07:08:50.926+0000][119][info ][safepoint   ] Safepoint "Cleanup", Time since last: 2001978296 ns, Reaching safepoint: 19659 ns, Cleanup: 15439 ns, At safepoint: 9683 ns, Total: 44781 ns
[2024-10-16T07:08:51.927+0000][119][info ][safepoint   ] Safepoint "Cleanup", Time since last: 1001023756 ns, Reaching safepoint: 47235 ns, Cleanup: 28230 ns, At safepoint: 10398 ns, Total: 85863 ns
[2024-10-16T07:08:52.927+0000][119][info ][safepoint   ] Safepoint "Cleanup", Time since last: 1000713463 ns, Reaching safepoint: 20968 ns, Cleanup: 13478 ns, At safepoint: 9273 ns, Total: 43719 ns
[2024-10-16T07:08:53.929+0000][119][info ][safepoint   ] Safepoint "Cleanup", Time since last: 1001275409 ns, Reaching safepoint: 21528 ns, Cleanup: 19736 ns, At safepoint: 10339 ns, Total: 51603 ns
[2024-10-16T07:08:56.964+0000][119][info ][safepoint   ] Safepoint "Cleanup", Time since last: 3002800411 ns, Reaching safepoint: 31699509 ns, Cleanup: 160115 ns, At safepoint: 316303 ns, Total: 32175927 ns
[2024-10-16T07:08:58.970+0000][119][info ][safepoint   ] Safepoint "Cleanup", Time since last: 2006623551 ns, Reaching safepoint: 46465 ns, Cleanup: 22322 ns, At safepoint: 9860 ns, Total: 78647 ns
[2024-10-16T07:08:59.973+0000][119][info ][safepoint   ] Safepoint "Cleanup", Time since last: 1002222740 ns, Reaching safepoint: 35650 ns, Cleanup: 22984 ns, At safepoint: 16218 ns, Total: 74852 ns
[2024-10-16T07:09:01.005+0000][119][info ][safepoint   ] Safepoint "Cleanup", Time since last: 1031873782 ns, Reaching safepoint: 54570 ns, Cleanup: 11361 ns, At safepoint: 18773 ns, Total: 84704 ns
[2024-10-16T07:09:02.007+0000][119][info ][safepoint   ] Safepoint "Cleanup", Time since last: 1000940667 ns, Reaching safepoint: 1033893 ns, Cleanup: 34653 ns, At safepoint: 74633 ns, Total: 1143179 ns
[2024-10-16T07:09:03.385+0000][119][info ][safepoint   ] Safepoint "Cleanup", Time since last: 1378101828 ns, Reaching safepoint: 127508 ns, Cleanup: 86718 ns, At safepoint: 23714 ns, Total: 237940 ns
[2024-10-16T07:09:04.387+0000][119][info ][safepoint   ] Safepoint "Cleanup", Time since last: 1001544027 ns, Reaching safepoint: 23633 ns, Cleanup: 20253 ns, At safepoint: 11776 ns, Total: 55662 ns
[2024-10-16T07:09:05.392+0000][119][info ][safepoint   ] Safepoint "Cleanup", Time since last: 1003736350 ns, Reaching safepoint: 1061442 ns, Cleanup: 35861 ns, At safepoint: 113213 ns, Total: 1210516 ns
[2024-10-16T07:09:06.394+0000][119][info ][safepoint   ] Safepoint "Cleanup", Time since last: 1000873116 ns, Reaching safepoint: 1145557 ns, Cleanup: 95769 ns, At safepoint: 98880 ns, Total: 1340206 ns
[2024-10-16T07:09:07.395+0000][119][info ][safepoint   ] Safepoint "Cleanup", Time since last: 1000869895 ns, Reaching safepoint: 23760 ns, Cleanup: 27080 ns, At safepoint: 10049 ns, Total: 60889 ns
[2024-10-16T07:09:08.417+0000][119][info ][safepoint   ] Safepoint "Cleanup", Time since last: 1020821491 ns, Reaching safepoint: 1357798 ns, Cleanup: 123770 ns, At safepoint: 477751 ns, Total: 1959319 ns
[2024-10-16T07:09:09.142+0000][119][info ][safepoint   ] Safepoint "ICBufferFull", Time since last: 724899794 ns, Reaching safepoint: 29823 ns, Cleanup: 124029 ns, At safepoint: 45660 ns, Total: 199512 ns
[2024-10-16T07:09:10.825+0000][119][info ][safepoint   ] Safepoint "Cleanup", Time since last: 1680983299 ns, Reaching safepoint: 880129 ns, Cleanup: 75954 ns, At safepoint: 75382 ns, Total: 1031465 ns
[2024-10-16T07:09:11.826+0000][119][info ][safepoint   ] Safepoint "Cleanup", Time since last: 1001038729 ns, Reaching safepoint: 752718 ns, Cleanup: 44441 ns, At safepoint: 106734 ns, Total: 903893 ns
[2024-10-16T07:09:13.830+0000][119][info ][safepoint   ] Safepoint "Cleanup", Time since last: 2003928714 ns, Reaching safepoint: 35256 ns, Cleanup: 18334 ns, At safepoint: 12946 ns, Total: 66536 ns
[2024-10-16T07:09:14.831+0000][119][info ][safepoint   ] Safepoint "Cleanup", Time since last: 1000806442 ns, Reaching safepoint: 20235 ns, Cleanup: 18928 ns, At safepoint: 9491 ns, Total: 48654 ns
[2024-10-16T07:09:16.833+0000][119][info ][safepoint   ] Safepoint "Cleanup", Time since last: 2002058360 ns, Reaching safepoint: 23640 ns, Cleanup: 19714 ns, At safepoint: 11826 ns, Total: 55180 ns
[2024-10-16T07:09:17.834+0000][119][info ][safepoint   ] Safepoint "Cleanup", Time since last: 1000691468 ns, Reaching safepoint: 20510 ns, Cleanup: 12530 ns, At safepoint: 9945 ns, Total: 42985 ns
[2024-10-16T07:09:18.835+0000][119][info ][safepoint   ] Safepoint "Cleanup", Time since last: 1000337210 ns, Reaching safepoint: 683676 ns, Cleanup: 23760 ns, At safepoint: 165695 ns, Total: 873131 ns
[2024-10-16T07:09:20.837+0000][119][info ][safepoint   ] Safepoint "Cleanup", Time since last: 2002037374 ns, Reaching safepoint: 29795 ns, Cleanup: 19928 ns, At safepoint: 10676 ns, Total: 60399 ns
[2024-10-16T07:09:21.839+0000][119][info ][safepoint   ] Safepoint "Cleanup", Time since last: 1000962175 ns, Reaching safepoint: 26716 ns, Cleanup: 28592 ns, At safepoint: 82863 ns, Total: 138171 ns
[2024-10-16T07:09:23.841+0000][119][info ][safepoint   ] Safepoint "Cleanup", Time since last: 2001942521 ns, Reaching safepoint: 850933 ns, Cleanup: 30838 ns, At safepoint: 99665 ns, Total: 981436 ns
[2024-10-16T07:09:25.844+0000][119][info ][safepoint   ] Safepoint "Cleanup", Time since last: 2002178408 ns, Reaching safepoint: 256225 ns, Cleanup: 23108 ns, At safepoint: 35762 ns, Total: 315095 ns
[2024-10-16T07:09:26.847+0000][119][info ][safepoint   ] Safepoint "Cleanup", Time since last: 1001539792 ns, Reaching safepoint: 876454 ns, Cleanup: 33745 ns, At safepoint: 75316 ns, Total: 985515 ns
[2024-10-16T07:09:27.847+0000][119][info ][safepoint   ] Safepoint "Cleanup", Time since last: 1000813504 ns, Reaching safepoint: 23208 ns, Cleanup: 14074 ns, At safepoint: 10468 ns, Total: 47750 ns
[2024-10-16T07:09:28.848+0000][119][info ][safepoint   ] Safepoint "Cleanup", Time since last: 1000955354 ns, Reaching safepoint: 34482 ns, Cleanup: 25948 ns, At safepoint: 49017 ns, Total: 109447 ns
[2024-10-16T07:09:29.857+0000][119][info ][safepoint   ] Safepoint "Cleanup", Time since last: 1007757412 ns, Reaching safepoint: 1048072 ns, Cleanup: 37180 ns, At safepoint: 82638 ns, Total: 1167890 ns
[2024-10-16T07:09:31.860+0000][119][info ][safepoint   ] Safepoint "Cleanup", Time since last: 2002174912 ns, Reaching safepoint: 21523 ns, Cleanup: 18581 ns, At safepoint: 10392 ns, Total: 50496 ns
[2024-10-16T07:09:32.860+0000][119][info ][safepoint   ] Safepoint "Cleanup", Time since last: 1000730349 ns, Reaching safepoint: 20851 ns, Cleanup: 20349 ns, At safepoint: 10008 ns, Total: 51208 ns
[2024-10-16T07:09:33.862+0000][119][info ][safepoint   ] Safepoint "Cleanup", Time since last: 1001153505 ns, Reaching safepoint: 20913 ns, Cleanup: 16036 ns, At safepoint: 9222 ns, Total: 46171 ns
[2024-10-16T07:09:34.863+0000][119][info ][safepoint   ] Safepoint "Cleanup", Time since last: 1000963144 ns, Reaching safepoint: 75613 ns, Cleanup: 16107 ns, At safepoint: 11643 ns, Total: 103363 ns
[2024-10-16T07:09:35.863+0000][119][info ][safepoint   ] Safepoint "Cleanup", Time since last: 1000519248 ns, Reaching safepoint: 18186 ns, Cleanup: 22852 ns, At safepoint: 12348 ns, Total: 53386 ns
[2024-10-16T07:09:36.864+0000][119][info ][safepoint   ] Safepoint "Cleanup", Time since last: 1000998657 ns, Reaching safepoint: 30571 ns, Cleanup: 63871 ns, At safepoint: 30648 ns, Total: 125090 ns
[2024-10-16T07:09:37.865+0000][119][info ][safepoint   ] Safepoint "Cleanup", Time since last: 1000927621 ns, Reaching safepoint: 20318 ns, Cleanup: 13312 ns, At safepoint: 9373 ns, Total: 43003 ns
[2024-10-16T07:09:38.867+0000][119][info ][safepoint   ] Safepoint "Cleanup", Time since last: 1001087483 ns, Reaching safepoint: 154218 ns, Cleanup: 20238 ns, At safepoint: 57692 ns, Total: 232148 ns
[2024-10-16T07:09:39.909+0000][119][info ][safepoint   ] Safepoint "Cleanup", Time since last: 1042105304 ns, Reaching safepoint: 30930 ns, Cleanup: 44267 ns, At safepoint: 73737 ns, Total: 148934 ns
[2024-10-16T07:09:41.138+0000][119][info ][safepoint   ] Safepoint "Cleanup", Time since last: 1228454041 ns, Reaching safepoint: 41027 ns, Cleanup: 36532 ns, At safepoint: 170460 ns, Total: 248019 ns
[2024-10-16T07:09:42.311+0000][119][info ][safepoint   ] Safepoint "Cleanup", Time since last: 1172933892 ns, Reaching safepoint: 14085 ns, Cleanup: 122438 ns, At safepoint: 55308 ns, Total: 191831 ns
[2024-10-16T07:09:43.322+0000][119][info ][safepoint   ] Safepoint "Cleanup", Time since last: 1010723867 ns, Reaching safepoint: 29165 ns, Cleanup: 22443 ns, At safepoint: 13919 ns, Total: 65527 ns
[2024-10-16T07:09:44.390+0000][119][info ][safepoint   ] Safepoint "Cleanup", Time since last: 1067831777 ns, Reaching safepoint: 854896 ns, Cleanup: 44711 ns, At safepoint: 96177 ns, Total: 995784 ns
[2024-10-16T07:09:45.392+0000][119][info ][safepoint   ] Safepoint "Cleanup", Time since last: 1000970197 ns, Reaching safepoint: 57792 ns, Cleanup: 157683 ns, At safepoint: 26686 ns, Total: 242161 ns
[2024-10-16T07:09:46.399+0000][119][info ][safepoint   ] Safepoint "Cleanup", Time since last: 1006951458 ns, Reaching safepoint: 24969 ns, Cleanup: 35667 ns, At safepoint: 11112 ns, Total: 71748 ns
[2024-10-16T07:09:47.399+0000][119][info ][safepoint   ] Safepoint "Cleanup", Time since last: 1000784658 ns, Reaching safepoint: 22398 ns, Cleanup: 21706 ns, At safepoint: 9530 ns, Total: 53634 ns
[2024-10-16T07:09:48.400+0000][119][info ][safepoint   ] Safepoint "Cleanup", Time since last: 1000867916 ns, Reaching safepoint: 21359 ns, Cleanup: 14389 ns, At safepoint: 10008 ns, Total: 45756 ns
[2024-10-16T07:09:49.402+0000][119][info ][safepoint   ] Safepoint "Cleanup", Time since last: 1001229582 ns, Reaching safepoint: 30335 ns, Cleanup: 19798 ns, At safepoint: 14832 ns, Total: 64965 ns
[2024-10-16T07:09:50.402+0000][119][info ][safepoint   ] Safepoint "Cleanup", Time since last: 1000775403 ns, Reaching safepoint: 22287 ns, Cleanup: 17964 ns, At safepoint: 9109 ns, Total: 49360 ns
[2024-10-16T07:09:51.405+0000][119][info ][safepoint   ] Safepoint "Cleanup", Time since last: 1002082360 ns, Reaching safepoint: 81976 ns, Cleanup: 158514 ns, At safepoint: 50724 ns, Total: 291214 ns
[2024-10-16T07:09:53.406+0000][119][info ][safepoint   ] Safepoint "Cleanup", Time since last: 2001523485 ns, Reaching safepoint: 20684 ns, Cleanup: 16556 ns, At safepoint: 9211 ns, Total: 46451 ns
[2024-10-16T07:09:54.407+0000][119][info ][safepoint   ] Safepoint "Cleanup", Time since last: 1000904973 ns, Reaching safepoint: 20901 ns, Cleanup: 14052 ns, At safepoint: 9414 ns, Total: 44367 ns
[2024-10-16T07:09:56.409+0000][119][info ][safepoint   ] Safepoint "Cleanup", Time since last: 2001996723 ns, Reaching safepoint: 22070 ns, Cleanup: 15283 ns, At safepoint: 11621 ns, Total: 48974 ns
[2024-10-16T07:09:57.410+0000][119][info ][safepoint   ] Safepoint "Cleanup", Time since last: 1000970099 ns, Reaching safepoint: 46494 ns, Cleanup: 17899 ns, At safepoint: 9622 ns, Total: 74015 ns
[2024-10-16T07:09:58.412+0000][119][info ][safepoint   ] Safepoint "Cleanup", Time since last: 1001109235 ns, Reaching safepoint: 188706 ns, Cleanup: 27582 ns, At safepoint: 80513 ns, Total: 296801 ns
[2024-10-16T07:09:59.413+0000][119][info ][safepoint   ] Safepoint "Cleanup", Time since last: 1000727788 ns, Reaching safepoint: 24277 ns, Cleanup: 15649 ns, At safepoint: 11784 ns, Total: 51710 ns
[2024-10-16T07:10:01.414+0000][119][info ][safepoint   ] Safepoint "Cleanup", Time since last: 2001733803 ns, Reaching safepoint: 21880 ns, Cleanup: 23080 ns, At safepoint: 9393 ns, Total: 54353 ns
[2024-10-16T07:10:02.416+0000][119][info ][safepoint   ] Safepoint "Cleanup", Time since last: 1001052895 ns, Reaching safepoint: 23619 ns, Cleanup: 18050 ns, At safepoint: 10626 ns, Total: 52295 ns
[2024-10-16T07:10:03.521+0000][119][info ][safepoint   ] Safepoint "Cleanup", Time since last: 1104901647 ns, Reaching safepoint: 26695 ns, Cleanup: 64291 ns, At safepoint: 71906 ns, Total: 162892 ns
[2024-10-16T07:10:04.521+0000][119][info ][safepoint   ] Safepoint "Cleanup", Time since last: 1000735224 ns, Reaching safepoint: 23139 ns, Cleanup: 14884 ns, At safepoint: 11080 ns, Total: 49103 ns
[2024-10-16T07:10:05.522+0000][119][info ][safepoint   ] Safepoint "Cleanup", Time since last: 1000988259 ns, Reaching safepoint: 22513 ns, Cleanup: 58769 ns, At safepoint: 11145 ns, Total: 92427 ns
[2024-10-16T07:10:06.524+0000][119][info ][safepoint   ] Safepoint "Cleanup", Time since last: 1000977520 ns, Reaching safepoint: 21707 ns, Cleanup: 45514 ns, At safepoint: 10190 ns, Total: 77411 ns
[2024-10-16T07:10:07.524+0000][119][info ][safepoint   ] Safepoint "Cleanup", Time since last: 1000870347 ns, Reaching safepoint: 26000 ns, Cleanup: 19445 ns, At safepoint: 13725 ns, Total: 59170 ns
[2024-10-16T07:10:08.525+0000][119][info ][safepoint   ] Safepoint "Cleanup", Time since last: 1000808315 ns, Reaching safepoint: 21807 ns, Cleanup: 16163 ns, At safepoint: 9553 ns, Total: 47523 ns
[2024-10-16T07:10:08.994+0000][119][info ][safepoint   ] Safepoint "ICBufferFull", Time since last: 467952301 ns, Reaching safepoint: 57062 ns, Cleanup: 138188 ns, At safepoint: 92053 ns, Total: 287303 ns
[2024-10-16T07:10:09.994+0000][119][info ][safepoint   ] Safepoint "Cleanup", Time since last: 1000692596 ns, Reaching safepoint: 37342 ns, Cleanup: 189063 ns, At safepoint: 47099 ns, Total: 273504 ns
[2024-10-16T07:10:10.997+0000][119][info ][safepoint   ] Safepoint "Cleanup", Time since last: 1000855263 ns, Reaching safepoint: 1074391 ns, Cleanup: 71093 ns, At safepoint: 103900 ns, Total: 1249384 ns
[2024-10-16T07:10:11.104+0000][119][info ][gc,start    ] GC(16) Pause Young (Concurrent Start) (CodeCache GC Threshold)
[2024-10-16T07:10:11.104+0000][119][info ][gc,task     ] GC(16) Using 4 workers of 4 for evacuation
[2024-10-16T07:10:11.104+0000][119][debug][gc,age      ] GC(16) Desired survivor size 100663296 bytes, new threshold 15 (max threshold 15)
[2024-10-16T07:10:11.141+0000][119][info ][gc,phases   ] GC(16)   Pre Evacuate Collection Set: 2.36ms
[2024-10-16T07:10:11.141+0000][119][info ][gc,phases   ] GC(16)   Merge Heap Roots: 0.37ms
[2024-10-16T07:10:11.141+0000][119][info ][gc,phases   ] GC(16)   Evacuate Collection Set: 27.03ms
[2024-10-16T07:10:11.141+0000][119][info ][gc,phases   ] GC(16)   Post Evacuate Collection Set: 5.93ms
[2024-10-16T07:10:11.141+0000][119][info ][gc,phases   ] GC(16)   Other: 0.61ms
[2024-10-16T07:10:11.141+0000][119][trace][gc,age      ] GC(16) Age table with threshold 15 (max threshold 15)
[2024-10-16T07:10:11.141+0000][119][trace][gc,age      ] GC(16) - age   1:    6803872 bytes,    6803872 total
[2024-10-16T07:10:11.141+0000][119][trace][gc,age      ] GC(16) - age   2:   14203192 bytes,   21007064 total
[2024-10-16T07:10:11.141+0000][119][info ][gc,heap     ] GC(16) Eden regions: 78->0(232)
[2024-10-16T07:10:11.141+0000][119][info ][gc,heap     ] GC(16) Survivor regions: 5->6(48)
[2024-10-16T07:10:11.141+0000][119][info ][gc,heap     ] GC(16) Old regions: 32->32
[2024-10-16T07:10:11.141+0000][119][info ][gc,heap     ] GC(16) Humongous regions: 2->2
[2024-10-16T07:10:11.142+0000][119][info ][gc,metaspace] GC(16) Metaspace: 150161K(154496K)->150161K(154496K) NonClass: 129017K(131392K)->129017K(131392K) Class: 21143K(23104K)->21143K(23104K)
[2024-10-16T07:10:11.142+0000][119][info ][gc          ] GC(16) Pause Young (Concurrent Start) (CodeCache GC Threshold) 465M->157M(5476M) 37.483ms
[2024-10-16T07:10:11.142+0000][119][info ][gc,cpu      ] GC(16) User=0.12s Sys=0.01s Real=0.04s
[2024-10-16T07:10:11.142+0000][119][info ][gc          ] GC(17) Concurrent Mark Cycle
[2024-10-16T07:10:11.142+0000][119][info ][gc,marking  ] GC(17) Concurrent Scan Root Regions
[2024-10-16T07:10:11.142+0000][119][info ][safepoint   ] Safepoint "G1TryInitiateConcMark", Time since last: 106621636 ns, Reaching safepoint: 984112 ns, Cleanup: 22412 ns, At safepoint: 38054746 ns, Total: 39061270 ns
[2024-10-16T07:10:11.168+0000][119][info ][gc,marking  ] GC(17) Concurrent Scan Root Regions 26.068ms
[2024-10-16T07:10:11.168+0000][119][info ][gc,marking  ] GC(17) Concurrent Mark
[2024-10-16T07:10:11.168+0000][119][info ][gc,marking  ] GC(17) Concurrent Mark From Roots
[2024-10-16T07:10:11.168+0000][119][info ][gc,task     ] GC(17) Using 1 workers of 1 for marking
[2024-10-16T07:10:11.827+0000][119][info ][gc,marking  ] GC(17) Concurrent Mark From Roots 658.926ms
[2024-10-16T07:10:11.827+0000][119][info ][gc,marking  ] GC(17) Concurrent Preclean
[2024-10-16T07:10:11.828+0000][119][info ][gc,marking  ] GC(17) Concurrent Preclean 0.822ms
[2024-10-16T07:10:11.829+0000][119][info ][gc,start    ] GC(17) Pause Remark
[2024-10-16T07:10:11.886+0000][119][info ][gc          ] GC(17) Pause Remark 212M->212M(5476M) 56.807ms
[2024-10-16T07:10:11.886+0000][119][info ][gc,cpu      ] GC(17) User=0.18s Sys=0.00s Real=0.06s
[2024-10-16T07:10:11.887+0000][119][info ][safepoint   ] Safepoint "G1PauseRemark", Time since last: 686092222 ns, Reaching safepoint: 981155 ns, Cleanup: 82255 ns, At safepoint: 57157204 ns, Total: 58220614 ns
[2024-10-16T07:10:11.887+0000][119][info ][gc,marking  ] GC(17) Concurrent Mark 718.311ms
[2024-10-16T07:10:11.887+0000][119][info ][gc,marking  ] GC(17) Concurrent Rebuild Remembered Sets and Scrub Regions
[2024-10-16T07:10:12.471+0000][119][info ][gc,marking  ] GC(17) Concurrent Rebuild Remembered Sets and Scrub Regions 584.109ms
[2024-10-16T07:10:12.475+0000][119][info ][gc,start    ] GC(17) Pause Cleanup
[2024-10-16T07:10:12.476+0000][119][info ][gc          ] GC(17) Pause Cleanup 220M->220M(5476M) 1.287ms
[2024-10-16T07:10:12.477+0000][119][info ][gc,cpu      ] GC(17) User=0.00s Sys=0.00s Real=0.01s
[2024-10-16T07:10:12.477+0000][119][info ][safepoint   ] Safepoint "G1PauseCleanup", Time since last: 584318744 ns, Reaching safepoint: 3828971 ns, Cleanup: 414286 ns, At safepoint: 1490002 ns, Total: 5733259 ns
[2024-10-16T07:10:12.477+0000][119][info ][gc,marking  ] GC(17) Concurrent Clear Claimed Marks
[2024-10-16T07:10:12.478+0000][119][info ][gc,marking  ] GC(17) Concurrent Clear Claimed Marks 0.436ms
[2024-10-16T07:10:12.478+0000][119][info ][gc,marking  ] GC(17) Concurrent Cleanup for Next Mark
[2024-10-16T07:10:12.510+0000][119][info ][gc,marking  ] GC(17) Concurrent Cleanup for Next Mark 32.351ms
[2024-10-16T07:10:12.510+0000][119][info ][gc          ] GC(17) Concurrent Mark Cycle 1368.145ms
[2024-10-16T07:10:13.520+0000][119][info ][safepoint   ] Safepoint "Cleanup", Time since last: 1043227305 ns, Reaching safepoint: 20715 ns, Cleanup: 101776 ns, At safepoint: 58466 ns, Total: 180957 ns
[2024-10-16T07:10:15.251+0000][119][info ][safepoint   ] Safepoint "Cleanup", Time since last: 1731363038 ns, Reaching safepoint: 22354 ns, Cleanup: 60071 ns, At safepoint: 10530 ns, Total: 92955 ns
[2024-10-16T07:10:16.252+0000][119][info ][safepoint   ] Safepoint "Cleanup", Time since last: 1000901828 ns, Reaching safepoint: 22498 ns, Cleanup: 25996 ns, At safepoint: 10013 ns, Total: 58507 ns
[2024-10-16T07:10:17.253+0000][119][info ][safepoint   ] Safepoint "Cleanup", Time since last: 1000773116 ns, Reaching safepoint: 67791 ns, Cleanup: 18398 ns, At safepoint: 21244 ns, Total: 107433 ns
[2024-10-16T07:10:18.254+0000][119][info ][safepoint   ] Safepoint "Cleanup", Time since last: 1001106734 ns, Reaching safepoint: 22316 ns, Cleanup: 18443 ns, At safepoint: 9981 ns, Total: 50740 ns
[2024-10-16T07:10:19.256+0000][119][info ][safepoint   ] Safepoint "Cleanup", Time since last: 1000954280 ns, Reaching safepoint: 25909 ns, Cleanup: 14728 ns, At safepoint: 10665 ns, Total: 51302 ns
[2024-10-16T07:10:21.257+0000][119][info ][safepoint   ] Safepoint "Cleanup", Time since last: 2000942567 ns, Reaching safepoint: 776444 ns, Cleanup: 31840 ns, At safepoint: 104951 ns, Total: 913235 ns
[2024-10-16T07:10:22.259+0000][119][info ][safepoint   ] Safepoint "Cleanup", Time since last: 1001068085 ns, Reaching safepoint: 23534 ns, Cleanup: 36810 ns, At safepoint: 46853 ns, Total: 107197 ns
[2024-10-16T07:10:23.259+0000][119][info ][safepoint   ] Safepoint "Cleanup", Time since last: 1000800934 ns, Reaching safepoint: 30624 ns, Cleanup: 14830 ns, At safepoint: 49332 ns, Total: 94786 ns
[2024-10-16T07:10:24.261+0000][119][info ][safepoint   ] Safepoint "Cleanup", Time since last: 1001162131 ns, Reaching safepoint: 27472 ns, Cleanup: 38825 ns, At safepoint: 48480 ns, Total: 114777 ns
[2024-10-16T07:10:25.262+0000][119][info ][safepoint   ] Safepoint "Cleanup", Time since last: 1000588708 ns, Reaching safepoint: 32955 ns, Cleanup: 173319 ns, At safepoint: 71588 ns, Total: 277862 ns
[2024-10-16T07:10:26.263+0000][119][info ][safepoint   ] Safepoint "Cleanup", Time since last: 1000924292 ns, Reaching safepoint: 36161 ns, Cleanup: 44741 ns, At safepoint: 52986 ns, Total: 133888 ns
[2024-10-16T07:10:27.264+0000][119][info ][safepoint   ] Safepoint "Cleanup", Time since last: 1000778173 ns, Reaching safepoint: 62486 ns, Cleanup: 22037 ns, At safepoint: 18420 ns, Total: 102943 ns
[2024-10-16T07:10:29.267+0000][119][info ][safepoint   ] Safepoint "Cleanup", Time since last: 2003889460 ns, Reaching safepoint: 28714 ns, Cleanup: 25367 ns, At safepoint: 14026 ns, Total: 68107 ns
[2024-10-16T07:10:30.268+0000][119][info ][safepoint   ] Safepoint "Cleanup", Time since last: 1000760721 ns, Reaching safepoint: 23229 ns, Cleanup: 18577 ns, At safepoint: 10707 ns, Total: 52513 ns
[2024-10-16T07:10:31.270+0000][119][info ][safepoint   ] Safepoint "Cleanup", Time since last: 1001288349 ns, Reaching safepoint: 23476 ns, Cleanup: 14465 ns, At safepoint: 10350 ns, Total: 48291 ns
[2024-10-16T07:10:33.279+0000][119][info ][safepoint   ] Safepoint "Cleanup", Time since last: 2009195965 ns, Reaching safepoint: 40717 ns, Cleanup: 32482 ns, At safepoint: 27901 ns, Total: 101100 ns
[2024-10-16T07:10:34.281+0000][119][info ][safepoint   ] Safepoint "Cleanup", Time since last: 1001564684 ns, Reaching safepoint: 24598 ns, Cleanup: 25294 ns, At safepoint: 9949 ns, Total: 59841 ns
[2024-10-16T07:10:35.281+0000][119][info ][safepoint   ] Safepoint "Cleanup", Time since last: 1000842738 ns, Reaching safepoint: 35888 ns, Cleanup: 24388 ns, At safepoint: 14953 ns, Total: 75229 ns
[2024-10-16T07:10:36.283+0000][119][info ][safepoint   ] Safepoint "Cleanup", Time since last: 1000935568 ns, Reaching safepoint: 31420 ns, Cleanup: 105889 ns, At safepoint: 22744 ns, Total: 160053 ns
[2024-10-16T07:10:37.284+0000][119][info ][safepoint   ] Safepoint "Cleanup", Time since last: 1000968609 ns, Reaching safepoint: 22678 ns, Cleanup: 24330 ns, At safepoint: 19135 ns, Total: 66143 ns
[2024-10-16T07:10:38.285+0000][119][info ][safepoint   ] Safepoint "Cleanup", Time since last: 1000855114 ns, Reaching safepoint: 21341 ns, Cleanup: 14687 ns, At safepoint: 10574 ns, Total: 46602 ns
[2024-10-16T07:10:39.286+0000][119][info ][safepoint   ] Safepoint "Cleanup", Time since last: 1000991852 ns, Reaching safepoint: 71939 ns, Cleanup: 20700 ns, At safepoint: 15408 ns, Total: 108047 ns
[2024-10-16T07:10:41.288+0000][119][info ][safepoint   ] Safepoint "Cleanup", Time since last: 2001878236 ns, Reaching safepoint: 89236 ns, Cleanup: 55138 ns, At safepoint: 146664 ns, Total: 291038 ns
[2024-10-16T07:10:42.289+0000][119][info ][safepoint   ] Safepoint "Cleanup", Time since last: 1000528029 ns, Reaching safepoint: 35255 ns, Cleanup: 79189 ns, At safepoint: 37390 ns, Total: 151834 ns
[2024-10-16T07:10:45.292+0000][119][info ][safepoint   ] Safepoint "Cleanup", Time since last: 3003043332 ns, Reaching safepoint: 22647 ns, Cleanup: 40091 ns, At safepoint: 10615 ns, Total: 73353 ns
[2024-10-16T07:10:46.293+0000][119][info ][safepoint   ] Safepoint "Cleanup", Time since last: 1000874671 ns, Reaching safepoint: 23557 ns, Cleanup: 19786 ns, At safepoint: 11878 ns, Total: 55221 ns
[2024-10-16T07:10:47.294+0000][119][info ][safepoint   ] Safepoint "Cleanup", Time since last: 1000841816 ns, Reaching safepoint: 39025 ns, Cleanup: 19097 ns, At safepoint: 19259 ns, Total: 77381 ns
[2024-10-16T07:10:48.295+0000][119][info ][safepoint   ] Safepoint "Cleanup", Time since last: 1000971983 ns, Reaching safepoint: 21862 ns, Cleanup: 21073 ns, At safepoint: 11215 ns, Total: 54150 ns
[2024-10-16T07:10:51.298+0000][119][info ][safepoint   ] Safepoint "Cleanup", Time since last: 3002738374 ns, Reaching safepoint: 31650 ns, Cleanup: 26352 ns, At safepoint: 12503 ns, Total: 70505 ns
[2024-10-16T07:10:54.301+0000][119][info ][safepoint   ] Safepoint "Cleanup", Time since last: 3003160159 ns, Reaching safepoint: 20921 ns, Cleanup: 14706 ns, At safepoint: 10174 ns, Total: 45801 ns
[2024-10-16T07:10:56.303+0000][119][info ][safepoint   ] Safepoint "Cleanup", Time since last: 2001905216 ns, Reaching safepoint: 25039 ns, Cleanup: 26600 ns, At safepoint: 10687 ns, Total: 62326 ns
[2024-10-16T07:10:57.304+0000][119][info ][safepoint   ] Safepoint "Cleanup", Time since last: 1001065655 ns, Reaching safepoint: 23686 ns, Cleanup: 17663 ns, At safepoint: 10131 ns, Total: 51480 ns
[2024-10-16T07:10:59.306+0000][119][info ][safepoint   ] Safepoint "Cleanup", Time since last: 2001982804 ns, Reaching safepoint: 46627 ns, Cleanup: 15570 ns, At safepoint: 9326 ns, Total: 71523 ns
[2024-10-16T07:11:00.307+0000][119][info ][safepoint   ] Safepoint "Cleanup", Time since last: 1000553544 ns, Reaching safepoint: 22524 ns, Cleanup: 13962 ns, At safepoint: 9401 ns, Total: 45887 ns
[2024-10-16T07:11:01.308+0000][119][info ][safepoint   ] Safepoint "Cleanup", Time since last: 1001231876 ns, Reaching safepoint: 21606 ns, Cleanup: 23238 ns, At safepoint: 10482 ns, Total: 55326 ns
[2024-10-16T07:11:02.309+0000][119][info ][safepoint   ] Safepoint "Cleanup", Time since last: 1000988840 ns, Reaching safepoint: 22806 ns, Cleanup: 12736 ns, At safepoint: 10184 ns, Total: 45726 ns
[2024-10-16T07:11:03.695+0000][119][info ][safepoint   ] Safepoint "Cleanup", Time since last: 1385834102 ns, Reaching safepoint: 21212 ns, Cleanup: 16639 ns, At safepoint: 44373 ns, Total: 82224 ns
[2024-10-16T07:11:04.697+0000][119][info ][safepoint   ] Safepoint "Cleanup", Time since last: 1001300075 ns, Reaching safepoint: 493786 ns, Cleanup: 22860 ns, At safepoint: 165442 ns, Total: 682088 ns
[2024-10-16T07:11:05.698+0000][119][info ][safepoint   ] Safepoint "Cleanup", Time since last: 1001087005 ns, Reaching safepoint: 22087 ns, Cleanup: 19763 ns, At safepoint: 47305 ns, Total: 89155 ns
[2024-10-16T07:11:06.699+0000][119][info ][safepoint   ] Safepoint "Cleanup", Time since last: 1000866903 ns, Reaching safepoint: 25137 ns, Cleanup: 51583 ns, At safepoint: 56388 ns, Total: 133108 ns
[2024-10-16T07:11:07.700+0000][119][info ][safepoint   ] Safepoint "Cleanup", Time since last: 1000823950 ns, Reaching safepoint: 32920 ns, Cleanup: 14781 ns, At safepoint: 49267 ns, Total: 96968 ns
[2024-10-16T07:11:08.701+0000][119][info ][safepoint   ] Safepoint "Cleanup", Time since last: 1001066691 ns, Reaching safepoint: 46844 ns, Cleanup: 23083 ns, At safepoint: 24703 ns, Total: 94630 ns
[2024-10-16T07:11:09.702+0000][119][info ][safepoint   ] Safepoint "Cleanup", Time since last: 1000912679 ns, Reaching safepoint: 22514 ns, Cleanup: 17112 ns, At safepoint: 9722 ns, Total: 49348 ns
[2024-10-16T07:11:11.704+0000][119][info ][safepoint   ] Safepoint "Cleanup", Time since last: 2001681017 ns, Reaching safepoint: 21624 ns, Cleanup: 23411 ns, At safepoint: 10122 ns, Total: 55157 ns
[2024-10-16T07:11:13.572+0000][119][info ][safepoint   ] Safepoint "Cleanup", Time since last: 1867963093 ns, Reaching safepoint: 23763 ns, Cleanup: 113024 ns, At safepoint: 11775 ns, Total: 148562 ns
[2024-10-16T07:11:15.349+0000][119][info ][safepoint   ] Safepoint "Cleanup", Time since last: 1776566551 ns, Reaching safepoint: 9015 ns, Cleanup: 199527 ns, At safepoint: 46944 ns, Total: 255486 ns
[2024-10-16T07:11:16.387+0000][119][info ][safepoint   ] Safepoint "Cleanup", Time since last: 1037084334 ns, Reaching safepoint: 1320713 ns, Cleanup: 22849 ns, At safepoint: 79152 ns, Total: 1422714 ns
[2024-10-16T07:11:17.389+0000][119][info ][safepoint   ] Safepoint "Cleanup", Time since last: 1000554859 ns, Reaching safepoint: 1380108 ns, Cleanup: 29000 ns, At safepoint: 150789 ns, Total: 1559897 ns
[2024-10-16T07:11:20.394+0000][119][info ][safepoint   ] Safepoint "Cleanup", Time since last: 3003390348 ns, Reaching safepoint: 1007307 ns, Cleanup: 14359 ns, At safepoint: 107131 ns, Total: 1128797 ns
[2024-10-16T07:11:21.396+0000][119][info ][safepoint   ] Safepoint "Cleanup", Time since last: 1000967501 ns, Reaching safepoint: 873609 ns, Cleanup: 23303 ns, At safepoint: 85711 ns, Total: 982623 ns
[2024-10-16T07:11:26.400+0000][119][info ][safepoint   ] Safepoint "Cleanup", Time since last: 5004052241 ns, Reaching safepoint: 34798 ns, Cleanup: 28592 ns, At safepoint: 147608 ns, Total: 210998 ns
[2024-10-16T07:11:28.402+0000][119][info ][safepoint   ] Safepoint "Cleanup", Time since last: 2001554205 ns, Reaching safepoint: 34960 ns, Cleanup: 23521 ns, At safepoint: 54874 ns, Total: 113355 ns
[2024-10-16T07:11:30.407+0000][119][info ][safepoint   ] Safepoint "Cleanup", Time since last: 2005124184 ns, Reaching safepoint: 249945 ns, Cleanup: 138216 ns, At safepoint: 35386 ns, Total: 423547 ns
[2024-10-16T07:11:31.412+0000][119][info ][safepoint   ] Safepoint "Cleanup", Time since last: 1004144887 ns, Reaching safepoint: 584027 ns, Cleanup: 31119 ns, At safepoint: 183787 ns, Total: 798933 ns
[2024-10-16T07:11:32.416+0000][119][info ][safepoint   ] Safepoint "Cleanup", Time since last: 1002309335 ns, Reaching safepoint: 1146503 ns, Cleanup: 34372 ns, At safepoint: 196385 ns, Total: 1377260 ns
[2024-10-16T07:11:34.418+0000][119][info ][safepoint   ] Safepoint "Cleanup", Time since last: 2001755847 ns, Reaching safepoint: 43410 ns, Cleanup: 26921 ns, At safepoint: 19141 ns, Total: 89472 ns
[2024-10-16T07:11:35.439+0000][119][info ][safepoint   ] Safepoint "Cleanup", Time since last: 1001104928 ns, Reaching safepoint: 19836584 ns, Cleanup: 24216 ns, At safepoint: 79691 ns, Total: 19940491 ns
[2024-10-16T07:11:36.451+0000][119][info ][safepoint   ] Safepoint "Cleanup", Time since last: 1001911266 ns, Reaching safepoint: 10136762 ns, Cleanup: 28385 ns, At safepoint: 114063 ns, Total: 10279210 ns
[2024-10-16T07:11:37.456+0000][119][info ][safepoint   ] Safepoint "Cleanup", Time since last: 1005333630 ns, Reaching safepoint: 42746 ns, Cleanup: 21446 ns, At safepoint: 28119 ns, Total: 92311 ns
[2024-10-16T07:11:41.470+0000][119][info ][safepoint   ] Safepoint "Cleanup", Time since last: 4013083062 ns, Reaching safepoint: 1426136 ns, Cleanup: 42446 ns, At safepoint: 206408 ns, Total: 1674990 ns
[2024-10-16T07:11:42.471+0000][119][info ][safepoint   ] Safepoint "Cleanup", Time since last: 1000580326 ns, Reaching safepoint: 31180 ns, Cleanup: 20345 ns, At safepoint: 14602 ns, Total: 66127 ns
[2024-10-16T07:11:43.472+0000][119][info ][safepoint   ] Safepoint "Cleanup", Time since last: 1000933741 ns, Reaching safepoint: 25332 ns, Cleanup: 59968 ns, At safepoint: 24698 ns, Total: 109998 ns
[2024-10-16T07:11:45.474+0000][119][info ][safepoint   ] Safepoint "Cleanup", Time since last: 2002155892 ns, Reaching safepoint: 50499 ns, Cleanup: 37889 ns, At safepoint: 9841 ns, Total: 98229 ns
[2024-10-16T07:11:46.487+0000][119][info ][safepoint   ] Safepoint "Cleanup", Time since last: 1002017327 ns, Reaching safepoint: 10681599 ns, Cleanup: 44177 ns, At safepoint: 201429 ns, Total: 10927205 ns
[2024-10-16T07:11:49.496+0000][119][info ][safepoint   ] Safepoint "Cleanup", Time since last: 3009047032 ns, Reaching safepoint: 27604 ns, Cleanup: 15949 ns, At safepoint: 11683 ns, Total: 55236 ns
[2024-10-16T07:11:50.497+0000][119][info ][safepoint   ] Safepoint "Cleanup", Time since last: 1000803667 ns, Reaching safepoint: 31360 ns, Cleanup: 22337 ns, At safepoint: 14458 ns, Total: 68155 ns
[2024-10-16T07:11:51.498+0000][119][info ][safepoint   ] Safepoint "Cleanup", Time since last: 1001164438 ns, Reaching safepoint: 42157 ns, Cleanup: 37765 ns, At safepoint: 18660 ns, Total: 98582 ns
[2024-10-16T07:11:53.501+0000][119][info ][safepoint   ] Safepoint "Cleanup", Time since last: 2002511451 ns, Reaching safepoint: 35329 ns, Cleanup: 76298 ns, At safepoint: 26640 ns, Total: 138267 ns
[2024-10-16T07:11:54.502+0000][119][info ][safepoint   ] Safepoint "Cleanup", Time since last: 1000894877 ns, Reaching safepoint: 23241 ns, Cleanup: 13843 ns, At safepoint: 10236 ns, Total: 47320 ns
[2024-10-16T07:11:56.504+0000][119][info ][safepoint   ] Safepoint "Cleanup", Time since last: 2001955898 ns, Reaching safepoint: 27102 ns, Cleanup: 17276 ns, At safepoint: 11432 ns, Total: 55810 ns
[2024-10-16T07:11:58.521+0000][119][info ][safepoint   ] Safepoint "Cleanup", Time since last: 2016555387 ns, Reaching safepoint: 31826 ns, Cleanup: 17021 ns, At safepoint: 12246 ns, Total: 61093 ns
[2024-10-16T07:12:01.531+0000][119][info ][safepoint   ] Safepoint "Cleanup", Time since last: 3010206529 ns, Reaching safepoint: 24133 ns, Cleanup: 16269 ns, At safepoint: 10771 ns, Total: 51173 ns
[2024-10-16T07:12:02.533+0000][119][info ][safepoint   ] Safepoint "Cleanup", Time since last: 1001841834 ns, Reaching safepoint: 33261 ns, Cleanup: 15579 ns, At safepoint: 52441 ns, Total: 101281 ns
[2024-10-16T07:12:03.880+0000][119][info ][safepoint   ] Safepoint "Cleanup", Time since last: 1346849440 ns, Reaching safepoint: 35161 ns, Cleanup: 17660 ns, At safepoint: 19191 ns, Total: 72012 ns
[2024-10-16T07:12:04.881+0000][119][info ][safepoint   ] Safepoint "Cleanup", Time since last: 1001092754 ns, Reaching safepoint: 22288 ns, Cleanup: 14200 ns, At safepoint: 9720 ns, Total: 46208 ns
[2024-10-16T07:12:05.882+0000][119][info ][safepoint   ] Safepoint "Cleanup", Time since last: 1000930557 ns, Reaching safepoint: 24843 ns, Cleanup: 19830 ns, At safepoint: 10822 ns, Total: 55495 ns
[2024-10-16T07:12:06.883+0000][119][info ][safepoint   ] Safepoint "Cleanup", Time since last: 1000988304 ns, Reaching safepoint: 38462 ns, Cleanup: 199016 ns, At safepoint: 29239 ns, Total: 266717 ns
[2024-10-16T07:12:07.885+0000][119][info ][safepoint   ] Safepoint "Cleanup", Time since last: 1000906037 ns, Reaching safepoint: 24462 ns, Cleanup: 12452 ns, At safepoint: 9842 ns, Total: 46756 ns
[2024-10-16T07:12:08.886+0000][119][info ][safepoint   ] Safepoint "Cleanup", Time since last: 1000673069 ns, Reaching safepoint: 22485 ns, Cleanup: 15454 ns, At safepoint: 9831 ns, Total: 47770 ns
[2024-10-16T07:12:10.308+0000][119][info ][safepoint   ] Safepoint "Cleanup", Time since last: 1422063405 ns, Reaching safepoint: 11487 ns, Cleanup: 20694 ns, At safepoint: 8483 ns, Total: 40664 ns
[2024-10-16T07:12:11.360+0000][119][info ][safepoint   ] Safepoint "Cleanup", Time since last: 1051513924 ns, Reaching safepoint: 31546 ns, Cleanup: 82112 ns, At safepoint: 178862 ns, Total: 292520 ns
[2024-10-16T07:12:12.361+0000][119][info ][safepoint   ] Safepoint "Cleanup", Time since last: 1001195165 ns, Reaching safepoint: 21320 ns, Cleanup: 18534 ns, At safepoint: 9041 ns, Total: 48895 ns
[2024-10-16T07:12:13.362+0000][119][info ][safepoint   ] Safepoint "Cleanup", Time since last: 1000847270 ns, Reaching safepoint: 21368 ns, Cleanup: 14504 ns, At safepoint: 9376 ns, Total: 45248 ns
[2024-10-16T07:12:14.369+0000][119][info ][safepoint   ] Safepoint "Cleanup", Time since last: 1007409446 ns, Reaching safepoint: 32318 ns, Cleanup: 15193 ns, At safepoint: 16531 ns, Total: 64042 ns
[2024-10-16T07:12:15.370+0000][119][info ][safepoint   ] Safepoint "Cleanup", Time since last: 1000551937 ns, Reaching safepoint: 63560 ns, Cleanup: 32340 ns, At safepoint: 14388 ns, Total: 110288 ns
[2024-10-16T07:12:16.371+0000][119][info ][safepoint   ] Safepoint "Cleanup", Time since last: 1001111543 ns, Reaching safepoint: 21737 ns, Cleanup: 32729 ns, At safepoint: 9801 ns, Total: 64267 ns
[2024-10-16T07:12:17.446+0000][119][info ][safepoint   ] Safepoint "Cleanup", Time since last: 1074612097 ns, Reaching safepoint: 21155 ns, Cleanup: 40183 ns, At safepoint: 102306 ns, Total: 163644 ns
[2024-10-16T07:12:18.492+0000][119][info ][safepoint   ] Safepoint "Cleanup", Time since last: 1045913960 ns, Reaching safepoint: 21861 ns, Cleanup: 64077 ns, At safepoint: 9559 ns, Total: 95497 ns
[2024-10-16T07:12:19.587+0000][119][info ][safepoint   ] Safepoint "Cleanup", Time since last: 1094945768 ns, Reaching safepoint: 21711 ns, Cleanup: 21188 ns, At safepoint: 45440 ns, Total: 88339 ns
[2024-10-16T07:12:20.588+0000][119][info ][safepoint   ] Safepoint "Cleanup", Time since last: 1000910507 ns, Reaching safepoint: 32948 ns, Cleanup: 24291 ns, At safepoint: 48515 ns, Total: 105754 ns
[2024-10-16T07:12:21.590+0000][119][info ][safepoint   ] Safepoint "Cleanup", Time since last: 1001048500 ns, Reaching safepoint: 902991 ns, Cleanup: 25344 ns, At safepoint: 78760 ns, Total: 1007095 ns
[2024-10-16T07:12:23.592+0000][119][info ][safepoint   ] Safepoint "Cleanup", Time since last: 2001845671 ns, Reaching safepoint: 33815 ns, Cleanup: 19380 ns, At safepoint: 54400 ns, Total: 107595 ns
[2024-10-16T07:12:25.094+0000][119][info ][safepoint   ] Safepoint "Cleanup", Time since last: 1501847559 ns, Reaching safepoint: 47729 ns, Cleanup: 19660 ns, At safepoint: 47344 ns, Total: 114733 ns
[2024-10-16T07:12:26.749+0000][119][info ][safepoint   ] Safepoint "Cleanup", Time since last: 1654924904 ns, Reaching safepoint: 35691 ns, Cleanup: 36427 ns, At safepoint: 21116 ns, Total: 93234 ns
[2024-10-16T07:12:27.750+0000][119][info ][safepoint   ] Safepoint "Cleanup", Time since last: 1000936088 ns, Reaching safepoint: 21750 ns, Cleanup: 11566 ns, At safepoint: 9613 ns, Total: 42929 ns
[2024-10-16T07:12:28.811+0000][119][info ][safepoint   ] Safepoint "Cleanup", Time since last: 1060767598 ns, Reaching safepoint: 21105 ns, Cleanup: 19618 ns, At safepoint: 10483 ns, Total: 51206 ns
[2024-10-16T07:12:29.812+0000][119][info ][safepoint   ] Safepoint "Cleanup", Time since last: 1001099956 ns, Reaching safepoint: 20253 ns, Cleanup: 12119 ns, At safepoint: 9868 ns, Total: 42240 ns
[2024-10-16T07:12:30.820+0000][119][info ][safepoint   ] Safepoint "Cleanup", Time since last: 1006689736 ns, Reaching safepoint: 685813 ns, Cleanup: 34651 ns, At safepoint: 139897 ns, Total: 860361 ns
[2024-10-16T07:12:31.823+0000][119][info ][safepoint   ] Safepoint "Cleanup", Time since last: 1001428633 ns, Reaching safepoint: 971363 ns, Cleanup: 742806 ns, At safepoint: 61633 ns, Total: 1775802 ns
[2024-10-16T07:12:32.824+0000][119][info ][safepoint   ] Safepoint "Cleanup", Time since last: 1001140216 ns, Reaching safepoint: 23510 ns, Cleanup: 15142 ns, At safepoint: 9957 ns, Total: 48609 ns
[2024-10-16T07:12:33.825+0000][119][info ][safepoint   ] Safepoint "Cleanup", Time since last: 1001049086 ns, Reaching safepoint: 22325 ns, Cleanup: 11296 ns, At safepoint: 9758 ns, Total: 43379 ns
[2024-10-16T07:12:35.827+0000][119][info ][safepoint   ] Safepoint "Cleanup", Time since last: 2002087965 ns, Reaching safepoint: 34465 ns, Cleanup: 20707 ns, At safepoint: 15541 ns, Total: 70713 ns
[2024-10-16T07:12:36.828+0000][119][info ][safepoint   ] Safepoint "Cleanup", Time since last: 1000767073 ns, Reaching safepoint: 74060 ns, Cleanup: 17667 ns, At safepoint: 81299 ns, Total: 173026 ns
[2024-10-16T07:12:41.850+0000][119][info ][safepoint   ] Safepoint "Cleanup", Time since last: 5021693890 ns, Reaching safepoint: 36453 ns, Cleanup: 21759 ns, At safepoint: 115138 ns, Total: 173350 ns
[2024-10-16T07:12:43.852+0000][119][info ][safepoint   ] Safepoint "Cleanup", Time since last: 2001833941 ns, Reaching safepoint: 31335 ns, Cleanup: 22382 ns, At safepoint: 92396 ns, Total: 146113 ns
[2024-10-16T07:12:45.019+0000][119][info ][safepoint   ] Safepoint "Cleanup", Time since last: 1167010332 ns, Reaching safepoint: 116481 ns, Cleanup: 54380 ns, At safepoint: 27963 ns, Total: 198824 ns
[2024-10-16T07:12:47.021+0000][119][info ][safepoint   ] Safepoint "Cleanup", Time since last: 2001686949 ns, Reaching safepoint: 67212 ns, Cleanup: 14688 ns, At safepoint: 14316 ns, Total: 96216 ns
[2024-10-16T07:12:48.022+0000][119][info ][safepoint   ] Safepoint "Cleanup", Time since last: 1001056076 ns, Reaching safepoint: 23357 ns, Cleanup: 20144 ns, At safepoint: 14582 ns, Total: 58083 ns
[2024-10-16T07:12:49.072+0000][119][info ][safepoint   ] Safepoint "Cleanup", Time since last: 1049927695 ns, Reaching safepoint: 42929 ns, Cleanup: 27198 ns, At safepoint: 33792 ns, Total: 103919 ns
[2024-10-16T07:12:51.074+0000][119][info ][safepoint   ] Safepoint "Cleanup", Time since last: 2002138663 ns, Reaching safepoint: 32103 ns, Cleanup: 17835 ns, At safepoint: 13402 ns, Total: 63340 ns
[2024-10-16T07:12:52.083+0000][119][info ][safepoint   ] Safepoint "Cleanup", Time since last: 1008090489 ns, Reaching safepoint: 31096 ns, Cleanup: 14885 ns, At safepoint: 12747 ns, Total: 58728 ns
[2024-10-16T07:12:57.109+0000][119][info ][safepoint   ] Safepoint "Cleanup", Time since last: 5026465048 ns, Reaching safepoint: 26347 ns, Cleanup: 24707 ns, At safepoint: 9356 ns, Total: 60410 ns
[2024-10-16T07:12:59.111+0000][119][info ][safepoint   ] Safepoint "Cleanup", Time since last: 2002040080 ns, Reaching safepoint: 30105 ns, Cleanup: 20609 ns, At safepoint: 11694 ns, Total: 62408 ns
[2024-10-16T07:13:00.122+0000][119][info ][safepoint   ] Safepoint "Cleanup", Time since last: 1010592146 ns, Reaching safepoint: 32213 ns, Cleanup: 30310 ns, At safepoint: 14800 ns, Total: 77323 ns
[2024-10-16T07:13:02.332+0000][119][info ][safepoint   ] Safepoint "Cleanup", Time since last: 2210083228 ns, Reaching safepoint: 43092 ns, Cleanup: 53840 ns, At safepoint: 23809 ns, Total: 120741 ns
[2024-10-16T07:13:03.896+0000][119][info ][safepoint   ] Safepoint "Cleanup", Time since last: 1564091044 ns, Reaching safepoint: 23744 ns, Cleanup: 24685 ns, At safepoint: 11283 ns, Total: 59712 ns
[2024-10-16T07:13:05.898+0000][119][info ][safepoint   ] Safepoint "Cleanup", Time since last: 2001728879 ns, Reaching safepoint: 19723 ns, Cleanup: 12640 ns, At safepoint: 10272 ns, Total: 42635 ns
[2024-10-16T07:13:06.899+0000][119][info ][safepoint   ] Safepoint "Cleanup", Time since last: 1001184093 ns, Reaching safepoint: 23576 ns, Cleanup: 57465 ns, At safepoint: 43655 ns, Total: 124696 ns
[2024-10-16T07:13:07.900+0000][119][info ][safepoint   ] Safepoint "Cleanup", Time since last: 1000646669 ns, Reaching safepoint: 19576 ns, Cleanup: 26579 ns, At safepoint: 9848 ns, Total: 56003 ns
[2024-10-16T07:13:09.789+0000][119][info ][safepoint   ] Safepoint "Cleanup", Time since last: 1888983810 ns, Reaching safepoint: 25683 ns, Cleanup: 56835 ns, At safepoint: 12812 ns, Total: 95330 ns
[2024-10-16T07:13:10.793+0000][119][info ][safepoint   ] Safepoint "Cleanup", Time since last: 1003542068 ns, Reaching safepoint: 38223 ns, Cleanup: 86561 ns, At safepoint: 185126 ns, Total: 309910 ns
[2024-10-16T07:13:12.029+0000][119][info ][safepoint   ] Safepoint "Cleanup", Time since last: 1236114866 ns, Reaching safepoint: 31360 ns, Cleanup: 99595 ns, At safepoint: 23678 ns, Total: 154633 ns
[2024-10-16T07:13:15.125+0000][119][info ][safepoint   ] Safepoint "Cleanup", Time since last: 3095466289 ns, Reaching safepoint: 27185 ns, Cleanup: 16179 ns, At safepoint: 11703 ns, Total: 55067 ns
[2024-10-16T07:13:17.134+0000][119][info ][safepoint   ] Safepoint "Cleanup", Time since last: 2009320170 ns, Reaching safepoint: 21574 ns, Cleanup: 11750 ns, At safepoint: 9653 ns, Total: 42977 ns
[2024-10-16T07:13:18.135+0000][119][info ][safepoint   ] Safepoint "Cleanup", Time since last: 1000767152 ns, Reaching safepoint: 43378 ns, Cleanup: 25463 ns, At safepoint: 26445 ns, Total: 95286 ns
[2024-10-16T07:13:20.535+0000][119][info ][safepoint   ] Safepoint "Cleanup", Time since last: 2399699243 ns, Reaching safepoint: 495959 ns, Cleanup: 21236 ns, At safepoint: 114350 ns, Total: 631545 ns
[2024-10-16T07:13:22.187+0000][119][info ][safepoint   ] Safepoint "Cleanup", Time since last: 1651838096 ns, Reaching safepoint: 38755 ns, Cleanup: 142269 ns, At safepoint: 53655 ns, Total: 234679 ns
[2024-10-16T07:13:23.188+0000][119][info ][safepoint   ] Safepoint "Cleanup", Time since last: 1000592921 ns, Reaching safepoint: 21297 ns, Cleanup: 14120 ns, At safepoint: 11194 ns, Total: 46611 ns
[2024-10-16T07:13:24.190+0000][119][info ][safepoint   ] Safepoint "Cleanup", Time since last: 1001352767 ns, Reaching safepoint: 34649 ns, Cleanup: 24091 ns, At safepoint: 19094 ns, Total: 77834 ns
[2024-10-16T07:13:27.192+0000][119][info ][safepoint   ] Safepoint "Cleanup", Time since last: 3002826626 ns, Reaching safepoint: 21616 ns, Cleanup: 12772 ns, At safepoint: 10135 ns, Total: 44523 ns
[2024-10-16T07:13:28.193+0000][119][info ][safepoint   ] Safepoint "Cleanup", Time since last: 1000896117 ns, Reaching safepoint: 19308 ns, Cleanup: 12670 ns, At safepoint: 10180 ns, Total: 42158 ns
[2024-10-16T07:13:29.194+0000][119][info ][safepoint   ] Safepoint "Cleanup", Time since last: 1000895825 ns, Reaching safepoint: 20457 ns, Cleanup: 13990 ns, At safepoint: 9796 ns, Total: 44243 ns
[2024-10-16T07:13:30.195+0000][119][info ][safepoint   ] Safepoint "Cleanup", Time since last: 1001053016 ns, Reaching safepoint: 30246 ns, Cleanup: 19240 ns, At safepoint: 52307 ns, Total: 101793 ns
[2024-10-16T07:13:31.196+0000][119][info ][safepoint   ] Safepoint "Cleanup", Time since last: 1000602511 ns, Reaching safepoint: 22283 ns, Cleanup: 23112 ns, At safepoint: 10391 ns, Total: 55786 ns
[2024-10-16T07:13:32.198+0000][119][info ][safepoint   ] Safepoint "Cleanup", Time since last: 1001591119 ns, Reaching safepoint: 21587 ns, Cleanup: 20041 ns, At safepoint: 12720 ns, Total: 54348 ns
[2024-10-16T07:13:33.199+0000][119][info ][safepoint   ] Safepoint "Cleanup", Time since last: 1001332210 ns, Reaching safepoint: 25729 ns, Cleanup: 22453 ns, At safepoint: 10425 ns, Total: 58607 ns
[2024-10-16T07:13:36.203+0000][119][info ][safepoint   ] Safepoint "Cleanup", Time since last: 3003193724 ns, Reaching safepoint: 195425 ns, Cleanup: 22740 ns, At safepoint: 15540 ns, Total: 233705 ns
[2024-10-16T07:13:37.203+0000][119][info ][safepoint   ] Safepoint "Cleanup", Time since last: 1000674543 ns, Reaching safepoint: 22437 ns, Cleanup: 22152 ns, At safepoint: 11100 ns, Total: 55689 ns
[2024-10-16T07:13:38.534+0000][119][info ][safepoint   ] Safepoint "Cleanup", Time since last: 1329157239 ns, Reaching safepoint: 701361 ns, Cleanup: 463482 ns, At safepoint: 544133 ns, Total: 1708976 ns
[2024-10-16T07:13:41.587+0000][119][info ][safepoint   ] Safepoint "Cleanup", Time since last: 3052877109 ns, Reaching safepoint: 28838 ns, Cleanup: 16725 ns, At safepoint: 14043 ns, Total: 59606 ns
[2024-10-16T07:13:44.591+0000][119][info ][safepoint   ] Safepoint "Cleanup", Time since last: 3004126408 ns, Reaching safepoint: 25527 ns, Cleanup: 25571 ns, At safepoint: 9675 ns, Total: 60773 ns
[2024-10-16T07:13:46.594+0000][119][info ][safepoint   ] Safepoint "Cleanup", Time since last: 2003049007 ns, Reaching safepoint: 21323 ns, Cleanup: 12734 ns, At safepoint: 10022 ns, Total: 44079 ns
[2024-10-16T07:13:53.601+0000][119][info ][safepoint   ] Safepoint "Cleanup", Time since last: 7007024712 ns, Reaching safepoint: 205425 ns, Cleanup: 30476 ns, At safepoint: 30906 ns, Total: 266807 ns
[2024-10-16T07:13:54.602+0000][119][info ][safepoint   ] Safepoint "Cleanup", Time since last: 1000517300 ns, Reaching safepoint: 35151 ns, Cleanup: 11688 ns, At safepoint: 10410 ns, Total: 57249 ns
[2024-10-16T07:13:56.604+0000][119][info ][safepoint   ] Safepoint "Cleanup", Time since last: 2002033007 ns, Reaching safepoint: 20123 ns, Cleanup: 11421 ns, At safepoint: 9598 ns, Total: 41142 ns
[2024-10-16T07:13:57.605+0000][119][info ][safepoint   ] Safepoint "Cleanup", Time since last: 1001033694 ns, Reaching safepoint: 35163 ns, Cleanup: 29708 ns, At safepoint: 20928 ns, Total: 85799 ns
[2024-10-16T07:13:58.606+0000][119][info ][safepoint   ] Safepoint "Cleanup", Time since last: 1000866618 ns, Reaching safepoint: 19814 ns, Cleanup: 13093 ns, At safepoint: 10197 ns, Total: 43104 ns
[2024-10-16T07:13:59.607+0000][119][info ][safepoint   ] Safepoint "Cleanup", Time since last: 1000761484 ns, Reaching safepoint: 20676 ns, Cleanup: 13100 ns, At safepoint: 10093 ns, Total: 43869 ns
[2024-10-16T07:14:01.609+0000][119][info ][safepoint   ] Safepoint "Cleanup", Time since last: 2001971461 ns, Reaching safepoint: 19459 ns, Cleanup: 16648 ns, At safepoint: 9490 ns, Total: 45597 ns
[2024-10-16T07:14:02.785+0000][119][info ][safepoint   ] Safepoint "Cleanup", Time since last: 1175975483 ns, Reaching safepoint: 88037 ns, Cleanup: 24759 ns, At safepoint: 25164 ns, Total: 137960 ns
[2024-10-16T07:14:07.057+0000][119][info ][safepoint   ] Safepoint "Cleanup", Time since last: 4271608153 ns, Reaching safepoint: 35120 ns, Cleanup: 169250 ns, At safepoint: 79636 ns, Total: 284006 ns
[2024-10-16T07:14:09.054+0000][119][info ][safepoint   ] Safepoint "Cleanup", Time since last: 2001876968 ns, Reaching safepoint: 141960 ns, Cleanup: 24076 ns, At safepoint: 34900 ns, Total: 200936 ns
[2024-10-16T07:14:12.106+0000][119][info ][safepoint   ] Safepoint "Cleanup", Time since last: 3051742328 ns, Reaching safepoint: 192704 ns, Cleanup: 19048 ns, At safepoint: 14336 ns, Total: 226088 ns
[2024-10-16T07:14:15.131+0000][119][info ][safepoint   ] Safepoint "Cleanup", Time since last: 3024067997 ns, Reaching safepoint: 19777 ns, Cleanup: 13094 ns, At safepoint: 10410 ns, Total: 43281 ns
[2024-10-16T07:14:16.888+0000][119][info ][safepoint   ] Safepoint "Cleanup", Time since last: 1757618482 ns, Reaching safepoint: 20936 ns, Cleanup: 18752 ns, At safepoint: 9297 ns, Total: 48985 ns
[2024-10-16T07:14:17.890+0000][119][info ][safepoint   ] Safepoint "Cleanup", Time since last: 1001255540 ns, Reaching safepoint: 60142 ns, Cleanup: 22256 ns, At safepoint: 18274 ns, Total: 100672 ns
[2024-10-16T07:14:20.892+0000][119][info ][safepoint   ] Safepoint "Cleanup", Time since last: 3002669377 ns, Reaching safepoint: 24585 ns, Cleanup: 21842 ns, At safepoint: 10463 ns, Total: 56890 ns
[2024-10-16T07:14:21.894+0000][119][info ][safepoint   ] Safepoint "Cleanup", Time since last: 1001248500 ns, Reaching safepoint: 21210 ns, Cleanup: 27541 ns, At safepoint: 9761 ns, Total: 58512 ns
[2024-10-16T07:14:23.536+0000][119][info ][safepoint   ] Safepoint "Cleanup", Time since last: 1642464521 ns, Reaching safepoint: 9288 ns, Cleanup: 19698 ns, At safepoint: 92484 ns, Total: 121470 ns
[2024-10-16T07:14:25.453+0000][119][info ][safepoint   ] Safepoint "Cleanup", Time since last: 1917054553 ns, Reaching safepoint: 23443 ns, Cleanup: 222759 ns, At safepoint: 32914 ns, Total: 279116 ns
[2024-10-16T07:14:27.455+0000][119][info ][safepoint   ] Safepoint "Cleanup", Time since last: 2001922826 ns, Reaching safepoint: 25674 ns, Cleanup: 32794 ns, At safepoint: 14648 ns, Total: 73116 ns
[2024-10-16T07:14:28.458+0000][119][info ][safepoint   ] Safepoint "Cleanup", Time since last: 1002750249 ns, Reaching safepoint: 28308 ns, Cleanup: 51167 ns, At safepoint: 76640 ns, Total: 156115 ns
[2024-10-16T07:14:29.459+0000][119][info ][safepoint   ] Safepoint "Cleanup", Time since last: 1000854111 ns, Reaching safepoint: 20757 ns, Cleanup: 13119 ns, At safepoint: 11232 ns, Total: 45108 ns
[2024-10-16T07:14:30.460+0000][119][info ][safepoint   ] Safepoint "Cleanup", Time since last: 1001051402 ns, Reaching safepoint: 20920 ns, Cleanup: 14177 ns, At safepoint: 9635 ns, Total: 44732 ns
[2024-10-16T07:14:32.462+0000][119][info ][safepoint   ] Safepoint "Cleanup", Time since last: 2001935363 ns, Reaching safepoint: 19654 ns, Cleanup: 18676 ns, At safepoint: 9991 ns, Total: 48321 ns
[2024-10-16T07:14:39.474+0000][119][info ][safepoint   ] Safepoint "Cleanup", Time since last: 7005993509 ns, Reaching safepoint: 58526 ns, Cleanup: 49466 ns, At safepoint: 19611 ns, Total: 127603 ns
[2024-10-16T07:14:42.477+0000][119][info ][safepoint   ] Safepoint "Cleanup", Time since last: 3002911977 ns, Reaching safepoint: 19852 ns, Cleanup: 21823 ns, At safepoint: 9398 ns, Total: 51073 ns
[2024-10-16T07:14:47.482+0000][119][info ][safepoint   ] Safepoint "Cleanup", Time since last: 5004953162 ns, Reaching safepoint: 20727 ns, Cleanup: 13042 ns, At safepoint: 9909 ns, Total: 43678 ns
[2024-10-16T07:14:49.483+0000][119][info ][safepoint   ] Safepoint "Cleanup", Time since last: 2001919005 ns, Reaching safepoint: 29510 ns, Cleanup: 12485 ns, At safepoint: 10413 ns, Total: 52408 ns
[2024-10-16T07:14:51.485+0000][119][info ][safepoint   ] Safepoint "Cleanup", Time since last: 2001802949 ns, Reaching safepoint: 29730 ns, Cleanup: 24642 ns, At safepoint: 13959 ns, Total: 68331 ns
[2024-10-16T07:14:52.486+0000][119][info ][safepoint   ] Safepoint "Cleanup", Time since last: 1000956734 ns, Reaching safepoint: 27167 ns, Cleanup: 23343 ns, At safepoint: 14722 ns, Total: 65232 ns
[2024-10-16T07:14:57.491+0000][119][info ][safepoint   ] Safepoint "Cleanup", Time since last: 5004900892 ns, Reaching safepoint: 68529 ns, Cleanup: 15669 ns, At safepoint: 15431 ns, Total: 99629 ns
[2024-10-16T07:14:59.501+0000][119][info ][safepoint   ] Safepoint "Cleanup", Time since last: 2009184964 ns, Reaching safepoint: 27157 ns, Cleanup: 17098 ns, At safepoint: 14538 ns, Total: 58793 ns
[2024-10-16T07:15:00.502+0000][119][info ][safepoint   ] Safepoint "Cleanup", Time since last: 1000889602 ns, Reaching safepoint: 24842 ns, Cleanup: 16978 ns, At safepoint: 15267 ns, Total: 57087 ns
[2024-10-16T07:15:01.503+0000][119][info ][safepoint   ] Safepoint "Cleanup", Time since last: 1000904878 ns, Reaching safepoint: 41366 ns, Cleanup: 13975 ns, At safepoint: 13490 ns, Total: 68831 ns
[2024-10-16T07:15:02.505+0000][119][info ][safepoint   ] Safepoint "Cleanup", Time since last: 1001230755 ns, Reaching safepoint: 644387 ns, Cleanup: 18451 ns, At safepoint: 107866 ns, Total: 770704 ns
[2024-10-16T07:15:06.083+0000][119][info ][safepoint   ] Safepoint "Cleanup", Time since last: 3577895576 ns, Reaching safepoint: 65670 ns, Cleanup: 26982 ns, At safepoint: 12689 ns, Total: 105341 ns
[2024-10-16T07:15:07.084+0000][119][info ][safepoint   ] Safepoint "Cleanup", Time since last: 1000903937 ns, Reaching safepoint: 105047 ns, Cleanup: 27123 ns, At safepoint: 11283 ns, Total: 143453 ns
[2024-10-16T07:15:09.085+0000][119][info ][safepoint   ] Safepoint "Cleanup", Time since last: 2001667087 ns, Reaching safepoint: 20917 ns, Cleanup: 11852 ns, At safepoint: 10172 ns, Total: 42941 ns
[2024-10-16T07:15:17.092+0000][119][info ][safepoint   ] Safepoint "Cleanup", Time since last: 8006980176 ns, Reaching safepoint: 31043 ns, Cleanup: 21968 ns, At safepoint: 11968 ns, Total: 64979 ns
[2024-10-16T07:15:21.097+0000][119][info ][safepoint   ] Safepoint "Cleanup", Time since last: 4003969762 ns, Reaching safepoint: 49717 ns, Cleanup: 14811 ns, At safepoint: 12200 ns, Total: 76728 ns
[2024-10-16T07:15:22.098+0000][119][info ][safepoint   ] Safepoint "Cleanup", Time since last: 1000932720 ns, Reaching safepoint: 30723 ns, Cleanup: 20542 ns, At safepoint: 13657 ns, Total: 64922 ns
[2024-10-16T07:15:24.100+0000][119][info ][safepoint   ] Safepoint "Cleanup", Time since last: 2001975014 ns, Reaching safepoint: 23588 ns, Cleanup: 14741 ns, At safepoint: 11730 ns, Total: 50059 ns
[2024-10-16T07:15:26.576+0000][119][info ][safepoint   ] Safepoint "Cleanup", Time since last: 2476085130 ns, Reaching safepoint: 14452 ns, Cleanup: 38513 ns, At safepoint: 9227 ns, Total: 62192 ns
[2024-10-16T07:15:27.617+0000][119][info ][safepoint   ] Safepoint "Cleanup", Time since last: 1041703998 ns, Reaching safepoint: 12081 ns, Cleanup: 37221 ns, At safepoint: 35437 ns, Total: 84739 ns
[2024-10-16T07:15:28.681+0000][119][info ][safepoint   ] Safepoint "Cleanup", Time since last: 1063765886 ns, Reaching safepoint: 37107 ns, Cleanup: 22817 ns, At safepoint: 15715 ns, Total: 75639 ns
[2024-10-16T07:15:29.683+0000][119][info ][safepoint   ] Safepoint "Cleanup", Time since last: 1001097588 ns, Reaching safepoint: 31019 ns, Cleanup: 29097 ns, At safepoint: 48157 ns, Total: 108273 ns
[2024-10-16T07:15:31.685+0000][119][info ][safepoint   ] Safepoint "Cleanup", Time since last: 2002144834 ns, Reaching safepoint: 35560 ns, Cleanup: 16799 ns, At safepoint: 68746 ns, Total: 121105 ns
[2024-10-16T07:15:33.688+0000][119][info ][safepoint   ] Safepoint "Cleanup", Time since last: 2002612676 ns, Reaching safepoint: 75131 ns, Cleanup: 17664 ns, At safepoint: 14176 ns, Total: 106971 ns
[2024-10-16T07:15:35.690+0000][119][info ][safepoint   ] Safepoint "Cleanup", Time since last: 2002102599 ns, Reaching safepoint: 20084 ns, Cleanup: 11212 ns, At safepoint: 9471 ns, Total: 40767 ns
[2024-10-16T07:15:41.576+0000][119][info ][safepoint   ] Safepoint "Cleanup", Time since last: 5885820936 ns, Reaching safepoint: 800890 ns, Cleanup: 184164 ns, At safepoint: 406361 ns, Total: 1391415 ns
[2024-10-16T07:15:42.576+0000][119][info ][safepoint   ] Safepoint "Cleanup", Time since last: 1000494412 ns, Reaching safepoint: 31603 ns, Cleanup: 47256 ns, At safepoint: 14593 ns, Total: 93452 ns
[2024-10-16T07:15:45.139+0000][119][info ][safepoint   ] Safepoint "Cleanup", Time since last: 2563133489 ns, Reaching safepoint: 10910 ns, Cleanup: 15933 ns, At safepoint: 8071 ns, Total: 34914 ns
[2024-10-16T07:15:46.194+0000][119][info ][safepoint   ] Safepoint "Cleanup", Time since last: 1054798035 ns, Reaching safepoint: 36505 ns, Cleanup: 21588 ns, At safepoint: 14750 ns, Total: 72843 ns
[2024-10-16T07:15:47.195+0000][119][info ][safepoint   ] Safepoint "Cleanup", Time since last: 1001137890 ns, Reaching safepoint: 22325 ns, Cleanup: 18591 ns, At safepoint: 9131 ns, Total: 50047 ns
[2024-10-16T07:15:48.196+0000][119][info ][safepoint   ] Safepoint "Cleanup", Time since last: 1000716904 ns, Reaching safepoint: 37794 ns, Cleanup: 21407 ns, At safepoint: 61503 ns, Total: 120704 ns
[2024-10-16T07:15:49.297+0000][119][info ][safepoint   ] Safepoint "Cleanup", Time since last: 1100910859 ns, Reaching safepoint: 28980 ns, Cleanup: 17571 ns, At safepoint: 9997 ns, Total: 56548 ns
[2024-10-16T07:15:50.299+0000][119][info ][safepoint   ] Safepoint "Cleanup", Time since last: 1001475760 ns, Reaching safepoint: 29023 ns, Cleanup: 80025 ns, At safepoint: 11140 ns, Total: 120188 ns
[2024-10-16T07:15:52.301+0000][119][info ][safepoint   ] Safepoint "Cleanup", Time since last: 2002398921 ns, Reaching safepoint: 36023 ns, Cleanup: 39433 ns, At safepoint: 14747 ns, Total: 90203 ns
[2024-10-16T07:15:53.514+0000][119][info ][safepoint   ] Safepoint "Cleanup", Time since last: 1211940563 ns, Reaching safepoint: 1030240 ns, Cleanup: 30969 ns, At safepoint: 72642 ns, Total: 1133851 ns
[2024-10-16T07:15:57.518+0000][119][info ][safepoint   ] Safepoint "Cleanup", Time since last: 4003778449 ns, Reaching safepoint: 20373 ns, Cleanup: 12777 ns, At safepoint: 9172 ns, Total: 42322 ns
[2024-10-16T07:16:02.523+0000][119][info ][safepoint   ] Safepoint "Cleanup", Time since last: 5003941191 ns, Reaching safepoint: 1059652 ns, Cleanup: 26874 ns, At safepoint: 67293 ns, Total: 1153819 ns
[2024-10-16T07:16:05.224+0000][119][info ][safepoint   ] Safepoint "Cleanup", Time since last: 2700332194 ns, Reaching safepoint: 49435 ns, Cleanup: 31760 ns, At safepoint: 11963 ns, Total: 93158 ns
[2024-10-16T07:16:06.232+0000][119][info ][safepoint   ] Safepoint "Cleanup", Time since last: 1007418993 ns, Reaching safepoint: 382714 ns, Cleanup: 27418 ns, At safepoint: 375974 ns, Total: 786106 ns
[2024-10-16T07:16:07.235+0000][119][info ][safepoint   ] Safepoint "Cleanup", Time since last: 1001413434 ns, Reaching safepoint: 20024 ns, Cleanup: 25853 ns, At safepoint: 9575 ns, Total: 55452 ns
[2024-10-16T07:16:09.237+0000][119][info ][safepoint   ] Safepoint "Cleanup", Time since last: 2001877077 ns, Reaching safepoint: 20699 ns, Cleanup: 16292 ns, At safepoint: 9208 ns, Total: 46199 ns
[2024-10-16T07:16:12.240+0000][119][info ][safepoint   ] Safepoint "Cleanup", Time since last: 3003029912 ns, Reaching safepoint: 20443 ns, Cleanup: 13969 ns, At safepoint: 9628 ns, Total: 44040 ns
[2024-10-16T07:16:15.243+0000][119][info ][safepoint   ] Safepoint "Cleanup", Time since last: 3002989162 ns, Reaching safepoint: 20065 ns, Cleanup: 12436 ns, At safepoint: 9951 ns, Total: 42452 ns
[2024-10-16T07:16:17.245+0000][119][info ][safepoint   ] Safepoint "Cleanup", Time since last: 2001935318 ns, Reaching safepoint: 21237 ns, Cleanup: 12758 ns, At safepoint: 9155 ns, Total: 43150 ns
[2024-10-16T07:16:18.246+0000][119][info ][safepoint   ] Safepoint "Cleanup", Time since last: 1000818705 ns, Reaching safepoint: 20396 ns, Cleanup: 11090 ns, At safepoint: 9330 ns, Total: 40816 ns
[2024-10-16T07:16:22.264+0000][119][info ][safepoint   ] Safepoint "Cleanup", Time since last: 4018057575 ns, Reaching safepoint: 44317 ns, Cleanup: 17068 ns, At safepoint: 9375 ns, Total: 70760 ns
[2024-10-16T07:16:24.266+0000][119][info ][safepoint   ] Safepoint "Cleanup", Time since last: 2001983998 ns, Reaching safepoint: 21138 ns, Cleanup: 11543 ns, At safepoint: 9025 ns, Total: 41706 ns
[2024-10-16T07:16:27.269+0000][119][info ][safepoint   ] Safepoint "Cleanup", Time since last: 3002885962 ns, Reaching safepoint: 22092 ns, Cleanup: 12244 ns, At safepoint: 9141 ns, Total: 43477 ns
[2024-10-16T07:16:29.271+0000][119][info ][safepoint   ] Safepoint "Cleanup", Time since last: 2002058400 ns, Reaching safepoint: 21481 ns, Cleanup: 12253 ns, At safepoint: 9249 ns, Total: 42983 ns
[2024-10-16T07:16:30.839+0000][119][info ][safepoint   ] Safepoint "Cleanup", Time since last: 1567727060 ns, Reaching safepoint: 21335 ns, Cleanup: 29126 ns, At safepoint: 9591 ns, Total: 60052 ns
[2024-10-16T07:16:31.840+0000][119][info ][safepoint   ] Safepoint "Cleanup", Time since last: 1001047112 ns, Reaching safepoint: 20695 ns, Cleanup: 16167 ns, At safepoint: 10160 ns, Total: 47022 ns
[2024-10-16T07:16:32.841+0000][119][info ][safepoint   ] Safepoint "Cleanup", Time since last: 1000994488 ns, Reaching safepoint: 20489 ns, Cleanup: 14501 ns, At safepoint: 9641 ns, Total: 44631 ns
[2024-10-16T07:16:35.845+0000][119][info ][safepoint   ] Safepoint "Cleanup", Time since last: 3002914147 ns, Reaching safepoint: 1058380 ns, Cleanup: 23264 ns, At safepoint: 91687 ns, Total: 1173331 ns
[2024-10-16T07:16:36.846+0000][119][info ][safepoint   ] Safepoint "Cleanup", Time since last: 1000822728 ns, Reaching safepoint: 19676 ns, Cleanup: 14610 ns, At safepoint: 9813 ns, Total: 44099 ns
[2024-10-16T07:16:38.848+0000][119][info ][safepoint   ] Safepoint "Cleanup", Time since last: 2001842689 ns, Reaching safepoint: 29959 ns, Cleanup: 22234 ns, At safepoint: 50761 ns, Total: 102954 ns
[2024-10-16T07:16:40.851+0000][119][info ][safepoint   ] Safepoint "Cleanup", Time since last: 2002788771 ns, Reaching safepoint: 28869 ns, Cleanup: 17594 ns, At safepoint: 104667 ns, Total: 151130 ns
[2024-10-16T07:16:41.852+0000][119][info ][safepoint   ] Safepoint "Cleanup", Time since last: 1001295416 ns, Reaching safepoint: 71833 ns, Cleanup: 27024 ns, At safepoint: 17370 ns, Total: 116227 ns
[2024-10-16T07:16:50.564+0000][119][info ][safepoint   ] Safepoint "Cleanup", Time since last: 8711720049 ns, Reaching safepoint: 7043 ns, Cleanup: 15096 ns, At safepoint: 4590 ns, Total: 26729 ns
[2024-10-16T07:16:51.924+0000][119][info ][safepoint   ] Safepoint "Cleanup", Time since last: 1359987344 ns, Reaching safepoint: 52084 ns, Cleanup: 36843 ns, At safepoint: 9646 ns, Total: 98573 ns
[2024-10-16T07:16:54.984+0000][119][info ][safepoint   ] Safepoint "Cleanup", Time since last: 3059925345 ns, Reaching safepoint: 28743 ns, Cleanup: 14608 ns, At safepoint: 15012 ns, Total: 58363 ns
[2024-10-16T07:16:58.987+0000][119][info ][safepoint   ] Safepoint "Cleanup", Time since last: 4003671887 ns, Reaching safepoint: 23105 ns, Cleanup: 17538 ns, At safepoint: 10002 ns, Total: 50645 ns
[2024-10-16T07:17:02.992+0000][119][info ][safepoint   ] Safepoint "Cleanup", Time since last: 4004063583 ns, Reaching safepoint: 22615 ns, Cleanup: 14059 ns, At safepoint: 10651 ns, Total: 47325 ns
[2024-10-16T07:17:04.370+0000][119][info ][safepoint   ] Safepoint "Cleanup", Time since last: 1378544233 ns, Reaching safepoint: 30492 ns, Cleanup: 18168 ns, At safepoint: 16411 ns, Total: 65071 ns
[2024-10-16T07:17:06.373+0000][119][info ][safepoint   ] Safepoint "Cleanup", Time since last: 2002310486 ns, Reaching safepoint: 25916 ns, Cleanup: 33279 ns, At safepoint: 51178 ns, Total: 110373 ns
[2024-10-16T07:17:07.374+0000][119][info ][safepoint   ] Safepoint "Cleanup", Time since last: 1001024580 ns, Reaching safepoint: 81746 ns, Cleanup: 11504 ns, At safepoint: 9707 ns, Total: 102957 ns
[2024-10-16T07:17:13.486+0000][119][info ][safepoint   ] Safepoint "Cleanup", Time since last: 6110428597 ns, Reaching safepoint: 1294116 ns, Cleanup: 18034 ns, At safepoint: 123839 ns, Total: 1435989 ns
[2024-10-16T07:17:15.489+0000][119][info ][safepoint   ] Safepoint "Cleanup", Time since last: 2002382899 ns, Reaching safepoint: 451797 ns, Cleanup: 20555 ns, At safepoint: 142678 ns, Total: 615030 ns
[2024-10-16T07:17:16.491+0000][119][info ][safepoint   ] Safepoint "Cleanup", Time since last: 1000967338 ns, Reaching safepoint: 920829 ns, Cleanup: 20997 ns, At safepoint: 89191 ns, Total: 1031017 ns
[2024-10-16T07:17:17.531+0000][119][info ][safepoint   ] Safepoint "Cleanup", Time since last: 1040061956 ns, Reaching safepoint: 305108 ns, Cleanup: 29781 ns, At safepoint: 25120 ns, Total: 360009 ns
[2024-10-16T07:17:18.533+0000][119][info ][safepoint   ] Safepoint "Cleanup", Time since last: 1001571756 ns, Reaching safepoint: 26985 ns, Cleanup: 21857 ns, At safepoint: 12231 ns, Total: 61073 ns
[2024-10-16T07:17:19.568+0000][119][info ][safepoint   ] Safepoint "Cleanup", Time since last: 1034877000 ns, Reaching safepoint: 21307 ns, Cleanup: 18836 ns, At safepoint: 10868 ns, Total: 51011 ns
[2024-10-16T07:17:20.569+0000][119][info ][safepoint   ] Safepoint "Cleanup", Time since last: 1000831069 ns, Reaching safepoint: 21175 ns, Cleanup: 14092 ns, At safepoint: 10459 ns, Total: 45726 ns
[2024-10-16T07:17:21.570+0000][119][info ][safepoint   ] Safepoint "Cleanup", Time since last: 1001222541 ns, Reaching safepoint: 24604 ns, Cleanup: 15308 ns, At safepoint: 11064 ns, Total: 50976 ns
[2024-10-16T07:17:22.571+0000][119][info ][safepoint   ] Safepoint "Cleanup", Time since last: 1000940920 ns, Reaching safepoint: 51946 ns, Cleanup: 15125 ns, At safepoint: 13201 ns, Total: 80272 ns
[2024-10-16T07:17:26.574+0000][119][info ][safepoint   ] Safepoint "Cleanup", Time since last: 4002924501 ns, Reaching safepoint: 19903 ns, Cleanup: 15781 ns, At safepoint: 9092 ns, Total: 44776 ns
[2024-10-16T07:17:27.575+0000][119][info ][safepoint   ] Safepoint "Cleanup", Time since last: 1000688332 ns, Reaching safepoint: 21005 ns, Cleanup: 14495 ns, At safepoint: 9847 ns, Total: 45347 ns
[2024-10-16T07:17:28.576+0000][119][info ][safepoint   ] Safepoint "Cleanup", Time since last: 1000944592 ns, Reaching safepoint: 20605 ns, Cleanup: 53164 ns, At safepoint: 47082 ns, Total: 120851 ns
[2024-10-16T07:17:29.577+0000][119][info ][safepoint   ] Safepoint "Cleanup", Time since last: 1000954285 ns, Reaching safepoint: 22984 ns, Cleanup: 18651 ns, At safepoint: 13393 ns, Total: 55028 ns
[2024-10-16T07:17:32.579+0000][119][info ][safepoint   ] Safepoint "Cleanup", Time since last: 3002013966 ns, Reaching safepoint: 26758 ns, Cleanup: 23261 ns, At safepoint: 11742 ns, Total: 61761 ns
[2024-10-16T07:17:34.158+0000][119][info ][safepoint   ] Safepoint "Cleanup", Time since last: 1578744325 ns, Reaching safepoint: 31310 ns, Cleanup: 39576 ns, At safepoint: 47559 ns, Total: 118445 ns
[2024-10-16T07:17:37.162+0000][119][info ][safepoint   ] Safepoint "Cleanup", Time since last: 3003119176 ns, Reaching safepoint: 990382 ns, Cleanup: 22696 ns, At safepoint: 72079 ns, Total: 1085157 ns
[2024-10-16T07:17:39.164+0000][119][info ][safepoint   ] Safepoint "Cleanup", Time since last: 2002061185 ns, Reaching safepoint: 64120 ns, Cleanup: 26333 ns, At safepoint: 13417 ns, Total: 103870 ns
[2024-10-16T07:17:42.180+0000][119][info ][safepoint   ] Safepoint "Cleanup", Time since last: 3015841325 ns, Reaching safepoint: 123268 ns, Cleanup: 82316 ns, At safepoint: 66105 ns, Total: 271689 ns
[2024-10-16T07:17:44.617+0000][119][info ][safepoint   ] Safepoint "Cleanup", Time since last: 2436649631 ns, Reaching safepoint: 8883 ns, Cleanup: 7480 ns, At safepoint: 4874 ns, Total: 21237 ns
[2024-10-16T07:17:45.640+0000][119][info ][safepoint   ] Safepoint "Cleanup", Time since last: 1022883847 ns, Reaching safepoint: 20986 ns, Cleanup: 12006 ns, At safepoint: 9877 ns, Total: 42869 ns
[2024-10-16T07:17:47.642+0000][119][info ][safepoint   ] Safepoint "Cleanup", Time since last: 2002220575 ns, Reaching safepoint: 27028 ns, Cleanup: 18317 ns, At safepoint: 14573 ns, Total: 59918 ns
[2024-10-16T07:17:50.584+0000][119][info ][safepoint   ] Safepoint "Cleanup", Time since last: 2941886632 ns, Reaching safepoint: 7689 ns, Cleanup: 8579 ns, At safepoint: 4708 ns, Total: 20976 ns
[2024-10-16T07:17:52.296+0000][119][info ][safepoint   ] Safepoint "Cleanup", Time since last: 1711898570 ns, Reaching safepoint: 38066 ns, Cleanup: 98609 ns, At safepoint: 25251 ns, Total: 161926 ns
[2024-10-16T07:17:53.408+0000][119][info ][safepoint   ] Safepoint "Cleanup", Time since last: 1111686574 ns, Reaching safepoint: 31470 ns, Cleanup: 32187 ns, At safepoint: 13846 ns, Total: 77503 ns
[2024-10-16T07:17:54.470+0000][119][info ][safepoint   ] Safepoint "Cleanup", Time since last: 1046701134 ns, Reaching safepoint: 228788 ns, Cleanup: 126937 ns, At safepoint: 15501099 ns, Total: 15856824 ns
[2024-10-16T07:17:55.578+0000][119][info ][safepoint   ] Safepoint "Cleanup", Time since last: 1107756701 ns, Reaching safepoint: 7777 ns, Cleanup: 35977 ns, At safepoint: 5667 ns, Total: 49421 ns
[2024-10-16T07:17:56.590+0000][119][info ][safepoint   ] Safepoint "Cleanup", Time since last: 1011635727 ns, Reaching safepoint: 20963 ns, Cleanup: 19592 ns, At safepoint: 10362 ns, Total: 50917 ns
[2024-10-16T07:17:58.592+0000][119][info ][safepoint   ] Safepoint "Cleanup", Time since last: 2002124958 ns, Reaching safepoint: 28880 ns, Cleanup: 16436 ns, At safepoint: 15884 ns, Total: 61200 ns
[2024-10-16T07:17:59.593+0000][119][info ][safepoint   ] Safepoint "Cleanup", Time since last: 1000895882 ns, Reaching safepoint: 21935 ns, Cleanup: 17750 ns, At safepoint: 13056 ns, Total: 52741 ns
[2024-10-16T07:18:01.608+0000][119][info ][safepoint   ] Safepoint "Cleanup", Time since last: 2014867194 ns, Reaching safepoint: 21457 ns, Cleanup: 13650 ns, At safepoint: 9636 ns, Total: 44743 ns
[2024-10-16T07:18:05.503+0000][119][info ][safepoint   ] Safepoint "Cleanup", Time since last: 3895097070 ns, Reaching safepoint: 20475 ns, Cleanup: 11279 ns, At safepoint: 9597 ns, Total: 41351 ns
[2024-10-16T07:18:06.504+0000][119][info ][safepoint   ] Safepoint "Cleanup", Time since last: 1000811694 ns, Reaching safepoint: 21163 ns, Cleanup: 21115 ns, At safepoint: 9636 ns, Total: 51914 ns
[2024-10-16T07:18:08.148+0000][119][info ][safepoint   ] Safepoint "Cleanup", Time since last: 1644309230 ns, Reaching safepoint: 12396 ns, Cleanup: 6195 ns, At safepoint: 5508 ns, Total: 24099 ns
[2024-10-16T07:18:09.616+0000][119][info ][safepoint   ] Safepoint "Cleanup", Time since last: 1467923504 ns, Reaching safepoint: 28630 ns, Cleanup: 34262 ns, At safepoint: 15603 ns, Total: 78495 ns
[2024-10-16T07:18:10.653+0000][119][info ][safepoint   ] Safepoint "Cleanup", Time since last: 1036507361 ns, Reaching safepoint: 20187 ns, Cleanup: 11868 ns, At safepoint: 9687 ns, Total: 41742 ns
[2024-10-16T07:18:11.654+0000][119][info ][safepoint   ] Safepoint "Cleanup", Time since last: 1000916476 ns, Reaching safepoint: 22480 ns, Cleanup: 18261 ns, At safepoint: 12622 ns, Total: 53363 ns
[2024-10-16T07:18:14.657+0000][119][info ][safepoint   ] Safepoint "Cleanup", Time since last: 3003231776 ns, Reaching safepoint: 105071 ns, Cleanup: 53149 ns, At safepoint: 45125 ns, Total: 203345 ns
[2024-10-16T07:18:16.660+0000][119][info ][safepoint   ] Safepoint "Cleanup", Time since last: 2002805245 ns, Reaching safepoint: 20431 ns, Cleanup: 12978 ns, At safepoint: 10248 ns, Total: 43657 ns
[2024-10-16T07:18:17.661+0000][119][info ][safepoint   ] Safepoint "Cleanup", Time since last: 1000867501 ns, Reaching safepoint: 19440 ns, Cleanup: 12680 ns, At safepoint: 9282 ns, Total: 41402 ns
[2024-10-16T07:18:19.663+0000][119][info ][safepoint   ] Safepoint "Cleanup", Time since last: 2001671187 ns, Reaching safepoint: 21427 ns, Cleanup: 13500 ns, At safepoint: 10799 ns, Total: 45726 ns
[2024-10-16T07:18:21.665+0000][119][info ][safepoint   ] Safepoint "Cleanup", Time since last: 2002438356 ns, Reaching safepoint: 22006 ns, Cleanup: 14849 ns, At safepoint: 10978 ns, Total: 47833 ns
[2024-10-16T07:18:26.669+0000][119][info ][safepoint   ] Safepoint "Cleanup", Time since last: 5003799122 ns, Reaching safepoint: 19986 ns, Cleanup: 15218 ns, At safepoint: 9098 ns, Total: 44302 ns
[2024-10-16T07:18:27.670+0000][119][info ][safepoint   ] Safepoint "Cleanup", Time since last: 1000915763 ns, Reaching safepoint: 68018 ns, Cleanup: 14416 ns, At safepoint: 12847 ns, Total: 95281 ns
[2024-10-16T07:18:28.671+0000][119][info ][safepoint   ] Safepoint "Cleanup", Time since last: 1001110564 ns, Reaching safepoint: 20916 ns, Cleanup: 14253 ns, At safepoint: 10335 ns, Total: 45504 ns
[2024-10-16T07:18:31.674+0000][119][info ][safepoint   ] Safepoint "Cleanup", Time since last: 3002985738 ns, Reaching safepoint: 26995 ns, Cleanup: 17055 ns, At safepoint: 15130 ns, Total: 59180 ns
[2024-10-16T07:18:35.581+0000][119][info ][safepoint   ] Safepoint "Cleanup", Time since last: 3905880931 ns, Reaching safepoint: 687149 ns, Cleanup: 31408 ns, At safepoint: 43529 ns, Total: 762086 ns
[2024-10-16T07:18:36.701+0000][119][info ][safepoint   ] Safepoint "Cleanup", Time since last: 1120175572 ns, Reaching safepoint: 7182 ns, Cleanup: 40968 ns, At safepoint: 5995 ns, Total: 54145 ns
[2024-10-16T07:18:37.737+0000][119][info ][safepoint   ] Safepoint "Cleanup", Time since last: 1035636079 ns, Reaching safepoint: 29353 ns, Cleanup: 19930 ns, At safepoint: 56927 ns, Total: 106210 ns
[2024-10-16T07:18:38.739+0000][119][info ][safepoint   ] Safepoint "Cleanup", Time since last: 1001089813 ns, Reaching safepoint: 956396 ns, Cleanup: 16723 ns, At safepoint: 126321 ns, Total: 1099440 ns
[2024-10-16T07:18:40.742+0000][119][info ][safepoint   ] Safepoint "Cleanup", Time since last: 2001791145 ns, Reaching safepoint: 912460 ns, Cleanup: 60200 ns, At safepoint: 408801 ns, Total: 1381461 ns
[2024-10-16T07:18:41.743+0000][119][info ][safepoint   ] Safepoint "Cleanup", Time since last: 1000521696 ns, Reaching safepoint: 25569 ns, Cleanup: 15914 ns, At safepoint: 10570 ns, Total: 52053 ns
[2024-10-16T07:18:42.744+0000][119][info ][safepoint   ] Safepoint "Cleanup", Time since last: 1000909510 ns, Reaching safepoint: 28747 ns, Cleanup: 14480 ns, At safepoint: 55034 ns, Total: 98261 ns
[2024-10-16T07:18:44.883+0000][119][info ][safepoint   ] Safepoint "Cleanup", Time since last: 2138118267 ns, Reaching safepoint: 879641 ns, Cleanup: 19306 ns, At safepoint: 120166 ns, Total: 1019113 ns
[2024-10-16T07:18:46.885+0000][119][info ][safepoint   ] Safepoint "Cleanup", Time since last: 2002057216 ns, Reaching safepoint: 54862 ns, Cleanup: 32135 ns, At safepoint: 95958 ns, Total: 182955 ns
[2024-10-16T07:18:48.329+0000][119][info ][safepoint   ] Safepoint "Cleanup", Time since last: 1443604345 ns, Reaching safepoint: 23480 ns, Cleanup: 14044 ns, At safepoint: 11301 ns, Total: 48825 ns
[2024-10-16T07:18:51.386+0000][119][info ][safepoint   ] Safepoint "Cleanup", Time since last: 3057889172 ns, Reaching safepoint: 24186 ns, Cleanup: 14556 ns, At safepoint: 10938 ns, Total: 49680 ns
[2024-10-16T07:18:52.388+0000][119][info ][safepoint   ] Safepoint "Cleanup", Time since last: 1001268545 ns, Reaching safepoint: 25335 ns, Cleanup: 17599 ns, At safepoint: 10093 ns, Total: 53027 ns
[2024-10-16T07:18:55.394+0000][119][info ][safepoint   ] Safepoint "Cleanup", Time since last: 3004649122 ns, Reaching safepoint: 270154 ns, Cleanup: 1590768 ns, At safepoint: 144957 ns, Total: 2005879 ns
[2024-10-16T07:18:57.400+0000][119][info ][safepoint   ] Safepoint "Cleanup", Time since last: 2005412804 ns, Reaching safepoint: 24975 ns, Cleanup: 15920 ns, At safepoint: 12512 ns, Total: 53407 ns
[2024-10-16T07:19:00.404+0000][119][info ][safepoint   ] Safepoint "Cleanup", Time since last: 3003606311 ns, Reaching safepoint: 32281 ns, Cleanup: 17326 ns, At safepoint: 11986 ns, Total: 61593 ns
[2024-10-16T07:19:02.406+0000][119][info ][safepoint   ] Safepoint "Cleanup", Time since last: 2002018288 ns, Reaching safepoint: 21187 ns, Cleanup: 12255 ns, At safepoint: 9306 ns, Total: 42748 ns
[2024-10-16T07:19:06.653+0000][119][info ][safepoint   ] Safepoint "Cleanup", Time since last: 4246074675 ns, Reaching safepoint: 898704 ns, Cleanup: 25361 ns, At safepoint: 87579 ns, Total: 1011644 ns
[2024-10-16T07:19:07.688+0000][119][info ][safepoint   ] Safepoint "Cleanup", Time since last: 1035433932 ns, Reaching safepoint: 27456 ns, Cleanup: 14261 ns, At safepoint: 12934 ns, Total: 54651 ns
[2024-10-16T07:19:16.766+0000][119][info ][safepoint   ] Safepoint "Cleanup", Time since last: 9073719560 ns, Reaching safepoint: 2246787 ns, Cleanup: 41330 ns, At safepoint: 2015025 ns, Total: 4303142 ns
[2024-10-16T07:19:29.784+0000][119][info ][safepoint   ] Safepoint "Cleanup", Time since last: 13017551516 ns, Reaching safepoint: 83454 ns, Cleanup: 12370 ns, At safepoint: 10899 ns, Total: 106723 ns
[2024-10-16T07:19:35.789+0000][119][info ][safepoint   ] Safepoint "Cleanup", Time since last: 6005560036 ns, Reaching safepoint: 25753 ns, Cleanup: 14422 ns, At safepoint: 10452 ns, Total: 50627 ns
[2024-10-16T07:19:36.799+0000][119][info ][safepoint   ] Safepoint "Cleanup", Time since last: 1009029073 ns, Reaching safepoint: 212399 ns, Cleanup: 31032 ns, At safepoint: 20585 ns, Total: 264016 ns
[2024-10-16T07:19:38.606+0000][119][info ][safepoint   ] Safepoint "Cleanup", Time since last: 1806616983 ns, Reaching safepoint: 28158 ns, Cleanup: 19669 ns, At safepoint: 51373 ns, Total: 99200 ns
[2024-10-16T07:19:39.998+0000][119][info ][safepoint   ] Safepoint "Cleanup", Time since last: 1391840489 ns, Reaching safepoint: 31950 ns, Cleanup: 38370 ns, At safepoint: 13446 ns, Total: 83766 ns
[2024-10-16T07:19:41.999+0000][119][info ][safepoint   ] Safepoint "Cleanup", Time since last: 2001265999 ns, Reaching safepoint: 56127 ns, Cleanup: 21983 ns, At safepoint: 9535 ns, Total: 87645 ns
[2024-10-16T07:19:44.001+0000][119][info ][safepoint   ] Safepoint "Cleanup", Time since last: 2001863655 ns, Reaching safepoint: 22754 ns, Cleanup: 14652 ns, At safepoint: 10363 ns, Total: 47769 ns
[2024-10-16T07:19:50.007+0000][119][info ][safepoint   ] Safepoint "Cleanup", Time since last: 6005983577 ns, Reaching safepoint: 21545 ns, Cleanup: 13131 ns, At safepoint: 9782 ns, Total: 44458 ns
[2024-10-16T07:19:52.009+0000][119][info ][safepoint   ] Safepoint "Cleanup", Time since last: 2001621172 ns, Reaching safepoint: 21265 ns, Cleanup: 10956 ns, At safepoint: 8792 ns, Total: 41013 ns
[2024-10-16T07:19:54.011+0000][119][info ][safepoint   ] Safepoint "Cleanup", Time since last: 2002153905 ns, Reaching safepoint: 30024 ns, Cleanup: 56261 ns, At safepoint: 11129 ns, Total: 97414 ns
[2024-10-16T07:19:56.015+0000][119][info ][safepoint   ] Safepoint "Cleanup", Time since last: 2002770482 ns, Reaching safepoint: 1095466 ns, Cleanup: 53118 ns, At safepoint: 107482 ns, Total: 1256066 ns
[2024-10-16T07:20:03.267+0000][119][info ][safepoint   ] Safepoint "Cleanup", Time since last: 7251793657 ns, Reaching safepoint: 22473 ns, Cleanup: 12422 ns, At safepoint: 9950 ns, Total: 44845 ns
[2024-10-16T07:20:06.787+0000][119][info ][safepoint   ] Safepoint "Cleanup", Time since last: 3520175940 ns, Reaching safepoint: 29780 ns, Cleanup: 27308 ns, At safepoint: 14720 ns, Total: 71808 ns
[2024-10-16T07:20:07.787+0000][119][info ][safepoint   ] Safepoint "Cleanup", Time since last: 1000790446 ns, Reaching safepoint: 32921 ns, Cleanup: 15733 ns, At safepoint: 12615 ns, Total: 61269 ns
[2024-10-16T07:20:08.788+0000][119][info ][safepoint   ] Safepoint "Cleanup", Time since last: 1000944194 ns, Reaching safepoint: 21127 ns, Cleanup: 14275 ns, At safepoint: 10017 ns, Total: 45419 ns
[2024-10-16T07:20:11.791+0000][119][info ][safepoint   ] Safepoint "Cleanup", Time since last: 3002942796 ns, Reaching safepoint: 85103 ns, Cleanup: 22624 ns, At safepoint: 16426 ns, Total: 124153 ns
[2024-10-16T07:20:14.794+0000][119][info ][safepoint   ] Safepoint "Cleanup", Time since last: 3002905511 ns, Reaching safepoint: 23259 ns, Cleanup: 14819 ns, At safepoint: 11214 ns, Total: 49292 ns
[2024-10-16T07:20:15.795+0000][119][info ][safepoint   ] Safepoint "Cleanup", Time since last: 1000765095 ns, Reaching safepoint: 36667 ns, Cleanup: 36733 ns, At safepoint: 183703 ns, Total: 257103 ns
[2024-10-16T07:20:17.399+0000][119][info ][safepoint   ] Safepoint "Cleanup", Time since last: 1603819205 ns, Reaching safepoint: 12151 ns, Cleanup: 13284 ns, At safepoint: 39559 ns, Total: 64994 ns
[2024-10-16T07:20:18.622+0000][119][info ][safepoint   ] Safepoint "Cleanup", Time since last: 1223071460 ns, Reaching safepoint: 20299 ns, Cleanup: 16254 ns, At safepoint: 9211 ns, Total: 45764 ns
[2024-10-16T07:20:19.695+0000][119][info ][safepoint   ] Safepoint "Cleanup", Time since last: 1072987246 ns, Reaching safepoint: 14430 ns, Cleanup: 32994 ns, At safepoint: 46830 ns, Total: 94254 ns
[2024-10-16T07:20:20.704+0000][119][info ][safepoint   ] Safepoint "Cleanup", Time since last: 1008840197 ns, Reaching safepoint: 22986 ns, Cleanup: 12220 ns, At safepoint: 11205 ns, Total: 46411 ns
[2024-10-16T07:20:21.705+0000][119][info ][safepoint   ] Safepoint "Cleanup", Time since last: 1001071742 ns, Reaching safepoint: 21013 ns, Cleanup: 11443 ns, At safepoint: 9619 ns, Total: 42075 ns
[2024-10-16T07:20:26.710+0000][119][info ][safepoint   ] Safepoint "Cleanup", Time since last: 5003923541 ns, Reaching safepoint: 874063 ns, Cleanup: 22675 ns, At safepoint: 71819 ns, Total: 968557 ns
[2024-10-16T07:20:27.712+0000][119][info ][safepoint   ] Safepoint "Cleanup", Time since last: 1001133856 ns, Reaching safepoint: 795666 ns, Cleanup: 28074 ns, At safepoint: 114861 ns, Total: 938601 ns
[2024-10-16T07:20:31.716+0000][119][info ][safepoint   ] Safepoint "Cleanup", Time since last: 4003919695 ns, Reaching safepoint: 34461 ns, Cleanup: 15368 ns, At safepoint: 108389 ns, Total: 158218 ns
[2024-10-16T07:20:41.628+0000][119][info ][safepoint   ] Safepoint "Cleanup", Time since last: 9910773130 ns, Reaching safepoint: 46353 ns, Cleanup: 12699 ns, At safepoint: 47300 ns, Total: 106352 ns
[2024-10-16T07:20:43.369+0000][119][info ][safepoint   ] Safepoint "Cleanup", Time since last: 1740111918 ns, Reaching safepoint: 23561 ns, Cleanup: 38110 ns, At safepoint: 11216 ns, Total: 72887 ns
[2024-10-16T07:20:44.369+0000][119][info ][safepoint   ] Safepoint "Cleanup", Time since last: 1000922576 ns, Reaching safepoint: 22679 ns, Cleanup: 12391 ns, At safepoint: 11006 ns, Total: 46076 ns
[2024-10-16T07:20:45.370+0000][119][info ][safepoint   ] Safepoint "Cleanup", Time since last: 1000519107 ns, Reaching safepoint: 31801 ns, Cleanup: 17545 ns, At safepoint: 12189 ns, Total: 61535 ns
[2024-10-16T07:20:47.372+0000][119][info ][safepoint   ] Safepoint "Cleanup", Time since last: 2002234632 ns, Reaching safepoint: 32165 ns, Cleanup: 18313 ns, At safepoint: 15704 ns, Total: 66182 ns
[2024-10-16T07:20:48.373+0000][119][info ][safepoint   ] Safepoint "Cleanup", Time since last: 1000882288 ns, Reaching safepoint: 107912 ns, Cleanup: 20060 ns, At safepoint: 18480 ns, Total: 146452 ns
[2024-10-16T07:20:50.376+0000][119][info ][safepoint   ] Safepoint "Cleanup", Time since last: 2002046147 ns, Reaching safepoint: 27822 ns, Cleanup: 70330 ns, At safepoint: 185371 ns, Total: 283523 ns
[2024-10-16T07:20:51.381+0000][119][info ][safepoint   ] Safepoint "Cleanup", Time since last: 1005537185 ns, Reaching safepoint: 35510 ns, Cleanup: 19770 ns, At safepoint: 18069 ns, Total: 73349 ns
[2024-10-16T07:20:52.383+0000][119][info ][safepoint   ] Safepoint "Cleanup", Time since last: 1001514412 ns, Reaching safepoint: 25190 ns, Cleanup: 14792 ns, At safepoint: 9249 ns, Total: 49231 ns
[2024-10-16T07:20:54.385+0000][119][info ][safepoint   ] Safepoint "Cleanup", Time since last: 2002110861 ns, Reaching safepoint: 21939 ns, Cleanup: 23779 ns, At safepoint: 10246 ns, Total: 55964 ns
[2024-10-16T07:20:57.388+0000][119][info ][safepoint   ] Safepoint "Cleanup", Time since last: 3002259947 ns, Reaching safepoint: 800268 ns, Cleanup: 32140 ns, At safepoint: 105407 ns, Total: 937815 ns
[2024-10-16T07:21:02.392+0000][119][info ][safepoint   ] Safepoint "Cleanup", Time since last: 5004128116 ns, Reaching safepoint: 21996 ns, Cleanup: 12480 ns, At safepoint: 10358 ns, Total: 44834 ns
[2024-10-16T07:21:06.922+0000][119][info ][safepoint   ] Safepoint "Cleanup", Time since last: 4529653900 ns, Reaching safepoint: 26898 ns, Cleanup: 15053 ns, At safepoint: 12573 ns, Total: 54524 ns
[2024-10-16T07:21:08.924+0000][119][info ][safepoint   ] Safepoint "Cleanup", Time since last: 2002116848 ns, Reaching safepoint: 20668 ns, Cleanup: 12233 ns, At safepoint: 9653 ns, Total: 42554 ns
[2024-10-16T07:21:09.925+0000][119][info ][safepoint   ] Safepoint "Cleanup", Time since last: 1001063210 ns, Reaching safepoint: 20028 ns, Cleanup: 10982 ns, At safepoint: 9257 ns, Total: 40267 ns
[2024-10-16T07:21:11.927+0000][119][info ][safepoint   ] Safepoint "Cleanup", Time since last: 2001773764 ns, Reaching safepoint: 34877 ns, Cleanup: 18081 ns, At safepoint: 17818 ns, Total: 70776 ns
[2024-10-16T07:21:20.939+0000][119][info ][safepoint   ] Safepoint "Cleanup", Time since last: 9011223274 ns, Reaching safepoint: 74735 ns, Cleanup: 19832 ns, At safepoint: 15285 ns, Total: 109852 ns
[2024-10-16T07:21:21.939+0000][119][info ][safepoint   ] Safepoint "Cleanup", Time since last: 1000715446 ns, Reaching safepoint: 21223 ns, Cleanup: 10690 ns, At safepoint: 9661 ns, Total: 41574 ns
[2024-10-16T07:21:28.947+0000][119][info ][safepoint   ] Safepoint "Cleanup", Time since last: 7007752735 ns, Reaching safepoint: 56324 ns, Cleanup: 15166 ns, At safepoint: 11779 ns, Total: 83269 ns
[2024-10-16T07:21:29.948+0000][119][info ][safepoint   ] Safepoint "Cleanup", Time since last: 1001130037 ns, Reaching safepoint: 24920 ns, Cleanup: 61605 ns, At safepoint: 10238 ns, Total: 96763 ns
[2024-10-16T07:21:33.952+0000][119][info ][safepoint   ] Safepoint "Cleanup", Time since last: 4003834759 ns, Reaching safepoint: 40411 ns, Cleanup: 25741 ns, At safepoint: 14557 ns, Total: 80709 ns
[2024-10-16T07:21:35.954+0000][119][info ][safepoint   ] Safepoint "Cleanup", Time since last: 2002027326 ns, Reaching safepoint: 20399 ns, Cleanup: 15053 ns, At safepoint: 11682 ns, Total: 47134 ns
[2024-10-16T07:21:37.957+0000][119][info ][safepoint   ] Safepoint "Cleanup", Time since last: 2001872409 ns, Reaching safepoint: 22188 ns, Cleanup: 13247 ns, At safepoint: 9943 ns, Total: 45378 ns
[2024-10-16T07:21:38.958+0000][119][info ][safepoint   ] Safepoint "Cleanup", Time since last: 1001098773 ns, Reaching safepoint: 23515 ns, Cleanup: 12144 ns, At safepoint: 9862 ns, Total: 45521 ns
[2024-10-16T07:21:41.960+0000][119][info ][safepoint   ] Safepoint "Cleanup", Time since last: 3002599327 ns, Reaching safepoint: 20298 ns, Cleanup: 14205 ns, At safepoint: 10455 ns, Total: 44958 ns
[2024-10-16T07:21:44.644+0000][119][info ][safepoint   ] Safepoint "Cleanup", Time since last: 2683431167 ns, Reaching safepoint: 7187 ns, Cleanup: 21984 ns, At safepoint: 4718 ns, Total: 33889 ns
[2024-10-16T07:21:46.484+0000][119][info ][safepoint   ] Safepoint "Cleanup", Time since last: 1840511973 ns, Reaching safepoint: 23616 ns, Cleanup: 24718 ns, At safepoint: 47183 ns, Total: 95517 ns
[2024-10-16T07:21:47.486+0000][119][info ][safepoint   ] Safepoint "Cleanup", Time since last: 1001017150 ns, Reaching safepoint: 77195 ns, Cleanup: 18977 ns, At safepoint: 17960 ns, Total: 114132 ns
[2024-10-16T07:21:48.993+0000][119][info ][safepoint   ] Safepoint "Cleanup", Time since last: 1507866674 ns, Reaching safepoint: 19931 ns, Cleanup: 17807 ns, At safepoint: 9741 ns, Total: 47479 ns
[2024-10-16T07:21:50.997+0000][119][info ][safepoint   ] Safepoint "Cleanup", Time since last: 2003141924 ns, Reaching safepoint: 20256 ns, Cleanup: 17346 ns, At safepoint: 10237 ns, Total: 47839 ns
[2024-10-16T07:21:51.998+0000][119][info ][safepoint   ] Safepoint "Cleanup", Time since last: 1000964681 ns, Reaching safepoint: 21237 ns, Cleanup: 15109 ns, At safepoint: 11079 ns, Total: 47425 ns
[2024-10-16T07:21:57.003+0000][119][info ][safepoint   ] Safepoint "Cleanup", Time since last: 5004817598 ns, Reaching safepoint: 29662 ns, Cleanup: 17142 ns, At safepoint: 11814 ns, Total: 58618 ns
[2024-10-16T07:21:58.004+0000][119][info ][safepoint   ] Safepoint "Cleanup", Time since last: 1001100614 ns, Reaching safepoint: 27904 ns, Cleanup: 17382 ns, At safepoint: 13053 ns, Total: 58339 ns
[2024-10-16T07:22:03.010+0000][119][info ][safepoint   ] Safepoint "Cleanup", Time since last: 5005775139 ns, Reaching safepoint: 39391 ns, Cleanup: 38914 ns, At safepoint: 19895 ns, Total: 98200 ns
[2024-10-16T07:22:06.008+0000][119][info ][safepoint   ] Safepoint "Cleanup", Time since last: 2998841099 ns, Reaching safepoint: 20606 ns, Cleanup: 13581 ns, At safepoint: 9674 ns, Total: 43861 ns
[2024-10-16T07:22:07.010+0000][119][info ][safepoint   ] Safepoint "Cleanup", Time since last: 1001415970 ns, Reaching safepoint: 20520 ns, Cleanup: 21664 ns, At safepoint: 10528 ns, Total: 52712 ns
[2024-10-16T07:22:08.011+0000][119][info ][safepoint   ] Safepoint "Cleanup", Time since last: 1000474904 ns, Reaching safepoint: 28612 ns, Cleanup: 17040 ns, At safepoint: 14548 ns, Total: 60200 ns
[2024-10-16T07:22:09.012+0000][119][info ][safepoint   ] Safepoint "Cleanup", Time since last: 1001241825 ns, Reaching safepoint: 26770 ns, Cleanup: 14821 ns, At safepoint: 11984 ns, Total: 53575 ns
[2024-10-16T07:22:10.013+0000][119][info ][safepoint   ] Safepoint "Cleanup", Time since last: 1000489867 ns, Reaching safepoint: 24022 ns, Cleanup: 14344 ns, At safepoint: 12067 ns, Total: 50433 ns
[2024-10-16T07:22:12.015+0000][119][info ][safepoint   ] Safepoint "Cleanup", Time since last: 2002581407 ns, Reaching safepoint: 24535 ns, Cleanup: 12341 ns, At safepoint: 12104 ns, Total: 48980 ns
[2024-10-16T07:22:15.030+0000][119][info ][safepoint   ] Safepoint "Cleanup", Time since last: 3014365744 ns, Reaching safepoint: 37483 ns, Cleanup: 21816 ns, At safepoint: 22746 ns, Total: 82045 ns
[2024-10-16T07:22:17.062+0000][119][info ][safepoint   ] Safepoint "Cleanup", Time since last: 2031866491 ns, Reaching safepoint: 34512 ns, Cleanup: 14813 ns, At safepoint: 16019 ns, Total: 65344 ns
[2024-10-16T07:22:18.082+0000][119][info ][safepoint   ] Safepoint "Cleanup", Time since last: 1020488026 ns, Reaching safepoint: 30518 ns, Cleanup: 15121 ns, At safepoint: 14319 ns, Total: 59958 ns
[2024-10-16T07:22:22.186+0000][119][info ][safepoint   ] Safepoint "Cleanup", Time since last: 4103427351 ns, Reaching safepoint: 20397 ns, Cleanup: 11918 ns, At safepoint: 10283 ns, Total: 42598 ns
[2024-10-16T07:22:32.197+0000][119][info ][safepoint   ] Safepoint "Cleanup", Time since last: 10010356202 ns, Reaching safepoint: 822843 ns, Cleanup: 16094 ns, At safepoint: 106080 ns, Total: 945017 ns
[2024-10-16T07:22:37.119+0000][119][info ][safepoint   ] Safepoint "Cleanup", Time since last: 4921757947 ns, Reaching safepoint: 9004 ns, Cleanup: 7202 ns, At safepoint: 4986 ns, Total: 21192 ns
[2024-10-16T07:22:38.170+0000][119][info ][safepoint   ] Safepoint "Cleanup", Time since last: 1054351806 ns, Reaching safepoint: 24109 ns, Cleanup: 20205 ns, At safepoint: 10547 ns, Total: 54861 ns
[2024-10-16T07:22:39.210+0000][119][info ][safepoint   ] Safepoint "Cleanup", Time since last: 1039822703 ns, Reaching safepoint: 20739 ns, Cleanup: 16723 ns, At safepoint: 10093 ns, Total: 47555 ns
[2024-10-16T07:22:44.818+0000][119][info ][safepoint   ] Safepoint "Cleanup", Time since last: 5606755703 ns, Reaching safepoint: 878399 ns, Cleanup: 24095 ns, At safepoint: 66815 ns, Total: 969309 ns
[2024-10-16T07:22:45.822+0000][119][info ][safepoint   ] Safepoint "Cleanup", Time since last: 1004263966 ns, Reaching safepoint: 14933 ns, Cleanup: 38619 ns, At safepoint: 9574 ns, Total: 63126 ns
[2024-10-16T07:22:47.759+0000][119][info ][safepoint   ] Safepoint "Cleanup", Time since last: 1936931802 ns, Reaching safepoint: 12701 ns, Cleanup: 22485 ns, At safepoint: 6154 ns, Total: 41340 ns
[2024-10-16T07:22:48.774+0000][119][info ][safepoint   ] Safepoint "Cleanup", Time since last: 1014725490 ns, Reaching safepoint: 30228 ns, Cleanup: 32187 ns, At safepoint: 15438 ns, Total: 77853 ns
[2024-10-16T07:22:49.840+0000][119][info ][safepoint   ] Safepoint "Cleanup", Time since last: 1066173468 ns, Reaching safepoint: 34623 ns, Cleanup: 62608 ns, At safepoint: 30857 ns, Total: 128088 ns
[2024-10-16T07:22:53.846+0000][119][info ][safepoint   ] Safepoint "Cleanup", Time since last: 4005649014 ns, Reaching safepoint: 20708 ns, Cleanup: 12794 ns, At safepoint: 11119 ns, Total: 44621 ns
[2024-10-16T07:22:58.850+0000][119][info ][safepoint   ] Safepoint "Cleanup", Time since last: 5004348803 ns, Reaching safepoint: 26735 ns, Cleanup: 19585 ns, At safepoint: 16748 ns, Total: 63068 ns
[2024-10-16T07:22:59.853+0000][119][info ][safepoint   ] Safepoint "Cleanup", Time since last: 1000825706 ns, Reaching safepoint: 291633 ns, Cleanup: 176911 ns, At safepoint: 1593972 ns, Total: 2062516 ns
[2024-10-16T07:23:01.856+0000][119][info ][safepoint   ] Safepoint "Cleanup", Time since last: 2003513829 ns, Reaching safepoint: 21579 ns, Cleanup: 13100 ns, At safepoint: 9949 ns, Total: 44628 ns
[2024-10-16T07:23:02.858+0000][119][info ][safepoint   ] Safepoint "Cleanup", Time since last: 1000991860 ns, Reaching safepoint: 910806 ns, Cleanup: 18277 ns, At safepoint: 73989 ns, Total: 1003072 ns
[2024-10-16T07:23:07.123+0000][119][info ][safepoint   ] Safepoint "Cleanup", Time since last: 4264352476 ns, Reaching safepoint: 34206 ns, Cleanup: 31277 ns, At safepoint: 16470 ns, Total: 81953 ns
[2024-10-16T07:23:08.787+0000][119][info ][safepoint   ] Safepoint "Cleanup", Time since last: 1660652864 ns, Reaching safepoint: 7668 ns, Cleanup: 8399 ns, At safepoint: 4594 ns, Total: 20661 ns
[2024-10-16T07:23:09.825+0000][119][info ][safepoint   ] Safepoint "Cleanup", Time since last: 1038384514 ns, Reaching safepoint: 33800 ns, Cleanup: 49612 ns, At safepoint: 18823 ns, Total: 102235 ns
[2024-10-16T07:23:10.903+0000][119][info ][safepoint   ] Safepoint "Cleanup", Time since last: 1077724922 ns, Reaching safepoint: 22394 ns, Cleanup: 15882 ns, At safepoint: 10668 ns, Total: 48944 ns
[2024-10-16T07:23:11.939+0000][119][info ][safepoint   ] Safepoint "Cleanup", Time since last: 1035417663 ns, Reaching safepoint: 26713 ns, Cleanup: 17805 ns, At safepoint: 13217 ns, Total: 57735 ns
[2024-10-16T07:23:14.942+0000][119][info ][safepoint   ] Safepoint "Cleanup", Time since last: 3003313718 ns, Reaching safepoint: 22606 ns, Cleanup: 13077 ns, At safepoint: 10991 ns, Total: 46674 ns
[2024-10-16T07:23:16.944+0000][119][info ][safepoint   ] Safepoint "Cleanup", Time since last: 2002127430 ns, Reaching safepoint: 22323 ns, Cleanup: 11258 ns, At safepoint: 9700 ns, Total: 43281 ns
[2024-10-16T07:23:18.136+0000][119][info ][safepoint   ] Safepoint "Cleanup", Time since last: 1192410283 ns, Reaching safepoint: 7422 ns, Cleanup: 5759 ns, At safepoint: 4764 ns, Total: 17945 ns
[2024-10-16T07:23:19.309+0000][119][info ][safepoint   ] Safepoint "Cleanup", Time since last: 1172162588 ns, Reaching safepoint: 20432 ns, Cleanup: 12289 ns, At safepoint: 9419 ns, Total: 42140 ns
[2024-10-16T07:23:24.414+0000][119][info ][safepoint   ] Safepoint "Cleanup", Time since last: 5105058221 ns, Reaching safepoint: 27098 ns, Cleanup: 34136 ns, At safepoint: 13894 ns, Total: 75128 ns
[2024-10-16T07:23:31.424+0000][119][info ][safepoint   ] Safepoint "Cleanup", Time since last: 7010237331 ns, Reaching safepoint: 64508 ns, Cleanup: 13906 ns, At safepoint: 17071 ns, Total: 95485 ns
[2024-10-16T07:23:32.425+0000][119][info ][safepoint   ] Safepoint "Cleanup", Time since last: 1000771350 ns, Reaching safepoint: 23886 ns, Cleanup: 15227 ns, At safepoint: 11059 ns, Total: 50172 ns
[2024-10-16T07:23:33.426+0000][119][info ][safepoint   ] Safepoint "Cleanup", Time since last: 1000719122 ns, Reaching safepoint: 32121 ns, Cleanup: 15700 ns, At safepoint: 15074 ns, Total: 62895 ns
[2024-10-16T07:23:36.429+0000][119][info ][safepoint   ] Safepoint "Cleanup", Time since last: 3003476520 ns, Reaching safepoint: 37062 ns, Cleanup: 19720 ns, At safepoint: 16177 ns, Total: 72959 ns
[2024-10-16T07:23:42.438+0000][119][info ][safepoint   ] Safepoint "Cleanup", Time since last: 6008566220 ns, Reaching safepoint: 27128 ns, Cleanup: 18134 ns, At safepoint: 14386 ns, Total: 59648 ns
[2024-10-16T07:23:43.439+0000][119][info ][safepoint   ] Safepoint "Cleanup", Time since last: 1000738393 ns, Reaching safepoint: 23910 ns, Cleanup: 12510 ns, At safepoint: 9780 ns, Total: 46200 ns
[2024-10-16T07:23:44.488+0000][119][info ][safepoint   ] Safepoint "Cleanup", Time since last: 1049061005 ns, Reaching safepoint: 31846 ns, Cleanup: 23074 ns, At safepoint: 12135 ns, Total: 67055 ns
[2024-10-16T07:23:47.491+0000][119][info ][safepoint   ] Safepoint "Cleanup", Time since last: 3002789100 ns, Reaching safepoint: 108471 ns, Cleanup: 20049 ns, At safepoint: 12723 ns, Total: 141243 ns
[2024-10-16T07:23:49.054+0000][119][info ][safepoint   ] Safepoint "Cleanup", Time since last: 1563159483 ns, Reaching safepoint: 7664 ns, Cleanup: 26726 ns, At safepoint: 5240 ns, Total: 39630 ns
[2024-10-16T07:23:50.780+0000][119][info ][safepoint   ] Safepoint "Cleanup", Time since last: 1726210338 ns, Reaching safepoint: 7211 ns, Cleanup: 12603 ns, At safepoint: 4981 ns, Total: 24795 ns
[2024-10-16T07:23:52.086+0000][119][info ][safepoint   ] Safepoint "Cleanup", Time since last: 1305536582 ns, Reaching safepoint: 30570 ns, Cleanup: 23163 ns, At safepoint: 11978 ns, Total: 65711 ns
[2024-10-16T07:24:00.094+0000][119][info ][safepoint   ] Safepoint "Cleanup", Time since last: 8007988868 ns, Reaching safepoint: 43047 ns, Cleanup: 19198 ns, At safepoint: 23964 ns, Total: 86209 ns
[2024-10-16T07:24:03.096+0000][119][info ][safepoint   ] Safepoint "Cleanup", Time since last: 3001895330 ns, Reaching safepoint: 43755 ns, Cleanup: 20820 ns, At safepoint: 9869 ns, Total: 74444 ns
[2024-10-16T07:24:05.227+0000][119][info ][safepoint   ] Safepoint "Cleanup", Time since last: 2129814908 ns, Reaching safepoint: 1077943 ns, Cleanup: 42448 ns, At safepoint: 194195 ns, Total: 1314586 ns
[2024-10-16T07:24:07.229+0000][119][info ][safepoint   ] Safepoint "Cleanup", Time since last: 2001917206 ns, Reaching safepoint: 20849 ns, Cleanup: 27785 ns, At safepoint: 9536 ns, Total: 58170 ns
[2024-10-16T07:24:09.231+0000][119][info ][safepoint   ] Safepoint "Cleanup", Time since last: 2001929498 ns, Reaching safepoint: 35669 ns, Cleanup: 18385 ns, At safepoint: 10268 ns, Total: 64322 ns
[2024-10-16T07:24:12.234+0000][119][info ][safepoint   ] Safepoint "Cleanup", Time since last: 3002942389 ns, Reaching safepoint: 26623 ns, Cleanup: 16594 ns, At safepoint: 10254 ns, Total: 53471 ns
[2024-10-16T07:24:15.237+0000][119][info ][safepoint   ] Safepoint "Cleanup", Time since last: 3002788969 ns, Reaching safepoint: 20916 ns, Cleanup: 11508 ns, At safepoint: 9780 ns, Total: 42204 ns
[2024-10-16T07:24:26.249+0000][119][info ][safepoint   ] Safepoint "Cleanup", Time since last: 11011389465 ns, Reaching safepoint: 382972 ns, Cleanup: 19639 ns, At safepoint: 75511 ns, Total: 478122 ns
[2024-10-16T07:24:27.250+0000][119][info ][safepoint   ] Safepoint "Cleanup", Time since last: 1001045604 ns, Reaching safepoint: 23196 ns, Cleanup: 20902 ns, At safepoint: 9470 ns, Total: 53568 ns
[2024-10-16T07:24:29.252+0000][119][info ][safepoint   ] Safepoint "Cleanup", Time since last: 2001853355 ns, Reaching safepoint: 22116 ns, Cleanup: 15816 ns, At safepoint: 9646 ns, Total: 47578 ns
[2024-10-16T07:24:33.256+0000][119][info ][safepoint   ] Safepoint "Cleanup", Time since last: 4004181468 ns, Reaching safepoint: 20963 ns, Cleanup: 11580 ns, At safepoint: 9517 ns, Total: 42060 ns
[2024-10-16T07:24:37.268+0000][119][info ][safepoint   ] Safepoint "Cleanup", Time since last: 4004092441 ns, Reaching safepoint: 20527 ns, Cleanup: 12156 ns, At safepoint: 10246 ns, Total: 42929 ns
[2024-10-16T07:24:39.269+0000][119][info ][safepoint   ] Safepoint "Cleanup", Time since last: 2000928673 ns, Reaching safepoint: 20070 ns, Cleanup: 11344 ns, At safepoint: 46166 ns, Total: 77580 ns
[2024-10-16T07:24:46.668+0000][119][info ][gc,start    ] GC(18) Pause Young (Prepare Mixed) (G1 Evacuation Pause)
[2024-10-16T07:24:46.668+0000][119][info ][gc,task     ] GC(18) Using 4 workers of 4 for evacuation
[2024-10-16T07:24:46.668+0000][119][debug][gc,age      ] GC(18) Desired survivor size 109051904 bytes, new threshold 15 (max threshold 15)
[2024-10-16T07:24:46.695+0000][119][info ][gc,phases   ] GC(18)   Pre Evacuate Collection Set: 2.33ms
[2024-10-16T07:24:46.695+0000][119][info ][gc,phases   ] GC(18)   Merge Heap Roots: 0.42ms
[2024-10-16T07:24:46.695+0000][119][info ][gc,phases   ] GC(18)   Evacuate Collection Set: 19.93ms
[2024-10-16T07:24:46.695+0000][119][info ][gc,phases   ] GC(18)   Post Evacuate Collection Set: 3.94ms
[2024-10-16T07:24:46.695+0000][119][info ][gc,phases   ] GC(18)   Other: 0.19ms
[2024-10-16T07:24:46.695+0000][119][trace][gc,age      ] GC(18) Age table with threshold 15 (max threshold 15)
[2024-10-16T07:24:46.695+0000][119][trace][gc,age      ] GC(18) - age   1:    7415824 bytes,    7415824 total
[2024-10-16T07:24:46.695+0000][119][trace][gc,age      ] GC(18) - age   2:    5507104 bytes,   12922928 total
[2024-10-16T07:24:46.695+0000][119][trace][gc,age      ] GC(18) - age   3:   14117592 bytes,   27040520 total
[2024-10-16T07:24:46.695+0000][119][info ][gc,heap     ] GC(18) Eden regions: 410->0(813)
[2024-10-16T07:24:46.695+0000][119][info ][gc,heap     ] GC(18) Survivor regions: 6->8(52)
[2024-10-16T07:24:46.695+0000][119][info ][gc,heap     ] GC(18) Old regions: 32->32
[2024-10-16T07:24:46.695+0000][119][info ][gc,heap     ] GC(18) Humongous regions: 2->2
[2024-10-16T07:24:46.695+0000][119][info ][gc,metaspace] GC(18) Metaspace: 154852K(159168K)->154852K(159168K) NonClass: 133484K(135808K)->133484K(135808K) Class: 21368K(23360K)->21368K(23360K)
[2024-10-16T07:24:46.695+0000][119][info ][gc          ] GC(18) Pause Young (Prepare Mixed) (G1 Evacuation Pause) 1797M->162M(5476M) 27.082ms
[2024-10-16T07:24:46.695+0000][119][info ][gc,cpu      ] GC(18) User=0.09s Sys=0.00s Real=0.02s
[2024-10-16T07:24:46.695+0000][119][info ][safepoint   ] Safepoint "G1CollectForAllocation", Time since last: 7398410817 ns, Reaching safepoint: 19382 ns, Cleanup: 4957 ns, At safepoint: 27338968 ns, Total: 27363307 ns
[2024-10-16T07:24:48.383+0000][119][info ][safepoint   ] Safepoint "Cleanup", Time since last: 1687962334 ns, Reaching safepoint: 11188 ns, Cleanup: 17855 ns, At safepoint: 7645 ns, Total: 36688 ns
[2024-10-16T07:24:49.579+0000][119][info ][safepoint   ] Safepoint "Cleanup", Time since last: 1196221882 ns, Reaching safepoint: 29330 ns, Cleanup: 34296 ns, At safepoint: 15207 ns, Total: 78833 ns
[2024-10-16T07:24:50.829+0000][119][info ][safepoint   ] Safepoint "Cleanup", Time since last: 1248913171 ns, Reaching safepoint: 612987 ns, Cleanup: 14633 ns, At safepoint: 83586 ns, Total: 711206 ns
[2024-10-16T07:24:52.227+0000][119][info ][safepoint   ] Safepoint "Cleanup", Time since last: 1398121913 ns, Reaching safepoint: 20989 ns, Cleanup: 59916 ns, At safepoint: 34143 ns, Total: 115048 ns
[2024-10-16T07:24:53.228+0000][119][info ][safepoint   ] Safepoint "Cleanup", Time since last: 1000674867 ns, Reaching safepoint: 30108 ns, Cleanup: 16903 ns, At safepoint: 12839 ns, Total: 59850 ns
[2024-10-16T07:24:54.236+0000][119][info ][safepoint   ] Safepoint "Cleanup", Time since last: 1007656161 ns, Reaching safepoint: 12203 ns, Cleanup: 13284 ns, At safepoint: 7676 ns, Total: 33163 ns
[2024-10-16T07:24:59.262+0000][119][info ][safepoint   ] Safepoint "Cleanup", Time since last: 5026559922 ns, Reaching safepoint: 27540 ns, Cleanup: 21962 ns, At safepoint: 15308 ns, Total: 64810 ns
[2024-10-16T07:25:02.269+0000][119][info ][safepoint   ] Safepoint "Cleanup", Time since last: 3006874210 ns, Reaching safepoint: 65297 ns, Cleanup: 32551 ns, At safepoint: 33941 ns, Total: 131789 ns
[2024-10-16T07:25:06.327+0000][119][info ][safepoint   ] Safepoint "Cleanup", Time since last: 4058054155 ns, Reaching safepoint: 29043 ns, Cleanup: 20300 ns, At safepoint: 12794 ns, Total: 62137 ns
[2024-10-16T07:25:12.336+0000][119][info ][safepoint   ] Safepoint "Cleanup", Time since last: 6005795560 ns, Reaching safepoint: 22326 ns, Cleanup: 23775 ns, At safepoint: 10794 ns, Total: 56895 ns
[2024-10-16T07:25:15.339+0000][119][info ][safepoint   ] Safepoint "Cleanup", Time since last: 3003028016 ns, Reaching safepoint: 45934 ns, Cleanup: 24266 ns, At safepoint: 21274 ns, Total: 91474 ns
[2024-10-16T07:25:17.346+0000][119][info ][safepoint   ] Safepoint "Cleanup", Time since last: 2007096477 ns, Reaching safepoint: 29397 ns, Cleanup: 17926 ns, At safepoint: 13312 ns, Total: 60635 ns
[2024-10-16T07:25:20.351+0000][119][info ][safepoint   ] Safepoint "Cleanup", Time since last: 3004447829 ns, Reaching safepoint: 77736 ns, Cleanup: 19270 ns, At safepoint: 15966 ns, Total: 112972 ns
[2024-10-16T07:25:22.353+0000][119][info ][safepoint   ] Safepoint "Cleanup", Time since last: 2002131009 ns, Reaching safepoint: 23646 ns, Cleanup: 12446 ns, At safepoint: 10059 ns, Total: 46151 ns
[2024-10-16T07:25:25.356+0000][119][info ][safepoint   ] Safepoint "Cleanup", Time since last: 3002910409 ns, Reaching safepoint: 24169 ns, Cleanup: 12452 ns, At safepoint: 9877 ns, Total: 46498 ns
[2024-10-16T07:25:27.358+0000][119][info ][safepoint   ] Safepoint "Cleanup", Time since last: 2001797758 ns, Reaching safepoint: 26695 ns, Cleanup: 16816 ns, At safepoint: 9489 ns, Total: 53000 ns
[2024-10-16T07:25:30.361+0000][119][info ][safepoint   ] Safepoint "Cleanup", Time since last: 3003054327 ns, Reaching safepoint: 27188 ns, Cleanup: 14976 ns, At safepoint: 49353 ns, Total: 91517 ns
[2024-10-16T07:25:33.364+0000][119][info ][safepoint   ] Safepoint "Cleanup", Time since last: 3002069790 ns, Reaching safepoint: 819469 ns, Cleanup: 21455 ns, At safepoint: 73021 ns, Total: 913945 ns
[2024-10-16T07:25:34.462+0000][119][info ][safepoint   ] Safepoint "Cleanup", Time since last: 1098206703 ns, Reaching safepoint: 14199 ns, Cleanup: 25378 ns, At safepoint: 39649 ns, Total: 79226 ns
[2024-10-16T07:25:35.511+0000][119][info ][safepoint   ] Safepoint "Cleanup", Time since last: 1048560202 ns, Reaching safepoint: 24076 ns, Cleanup: 15807 ns, At safepoint: 10335 ns, Total: 50218 ns
[2024-10-16T07:25:36.512+0000][119][info ][safepoint   ] Safepoint "Cleanup", Time since last: 1000928368 ns, Reaching safepoint: 26400 ns, Cleanup: 15122 ns, At safepoint: 12030 ns, Total: 53552 ns
[2024-10-16T07:25:38.391+0000][119][info ][safepoint   ] Safepoint "Cleanup", Time since last: 1881201621 ns, Reaching safepoint: 21718 ns, Cleanup: 18120 ns, At safepoint: 9973 ns, Total: 49811 ns
[2024-10-16T07:25:42.395+0000][119][info ][safepoint   ] Safepoint "Cleanup", Time since last: 4003821259 ns, Reaching safepoint: 20860 ns, Cleanup: 14210 ns, At safepoint: 9536 ns, Total: 44606 ns
[2024-10-16T07:25:47.400+0000][119][info ][safepoint   ] Safepoint "Cleanup", Time since last: 5004843541 ns, Reaching safepoint: 21402 ns, Cleanup: 14303 ns, At safepoint: 10634 ns, Total: 46339 ns
[2024-10-16T07:25:51.404+0000][119][info ][safepoint   ] Safepoint "Cleanup", Time since last: 4003855881 ns, Reaching safepoint: 62007 ns, Cleanup: 15802 ns, At safepoint: 12953 ns, Total: 90762 ns
[2024-10-16T07:25:53.830+0000][119][info ][safepoint   ] Safepoint "Cleanup", Time since last: 2425123289 ns, Reaching safepoint: 977764 ns, Cleanup: 20737 ns, At safepoint: 104278 ns, Total: 1102779 ns
[2024-10-16T07:25:55.405+0000][119][info ][safepoint   ] Safepoint "Cleanup", Time since last: 1574951330 ns, Reaching safepoint: 33988 ns, Cleanup: 16110 ns, At safepoint: 8974 ns, Total: 59072 ns
[2024-10-16T07:25:56.862+0000][119][info ][safepoint   ] Safepoint "Cleanup", Time since last: 1456799646 ns, Reaching safepoint: 13087 ns, Cleanup: 13928 ns, At safepoint: 8511 ns, Total: 35526 ns
[2024-10-16T07:25:58.422+0000][119][info ][safepoint   ] Safepoint "Cleanup", Time since last: 1560003452 ns, Reaching safepoint: 25210 ns, Cleanup: 16740 ns, At safepoint: 11560 ns, Total: 53510 ns
[2024-10-16T07:25:59.423+0000][119][info ][safepoint   ] Safepoint "Cleanup", Time since last: 1000913190 ns, Reaching safepoint: 21785 ns, Cleanup: 11878 ns, At safepoint: 9960 ns, Total: 43623 ns
[2024-10-16T07:26:02.451+0000][119][info ][safepoint   ] Safepoint "Cleanup", Time since last: 3027950316 ns, Reaching safepoint: 38427 ns, Cleanup: 23386 ns, At safepoint: 20162 ns, Total: 81975 ns
[2024-10-16T07:26:06.484+0000][119][info ][safepoint   ] Safepoint "Cleanup", Time since last: 4032076665 ns, Reaching safepoint: 741062 ns, Cleanup: 42175 ns, At safepoint: 93429 ns, Total: 876666 ns
[2024-10-16T07:26:07.487+0000][119][info ][safepoint   ] Safepoint "Cleanup", Time since last: 1001103866 ns, Reaching safepoint: 25129 ns, Cleanup: 13302 ns, At safepoint: 10054 ns, Total: 48485 ns
[2024-10-16T07:26:12.499+0000][119][info ][safepoint   ] Safepoint "Cleanup", Time since last: 5012714584 ns, Reaching safepoint: 20949 ns, Cleanup: 12710 ns, At safepoint: 9388 ns, Total: 43047 ns
[2024-10-16T07:26:15.503+0000][119][info ][safepoint   ] Safepoint "Cleanup", Time since last: 3003215866 ns, Reaching safepoint: 19512 ns, Cleanup: 12141 ns, At safepoint: 10021 ns, Total: 41674 ns
[2024-10-16T07:26:18.506+0000][119][info ][safepoint   ] Safepoint "Cleanup", Time since last: 3003005852 ns, Reaching safepoint: 26665 ns, Cleanup: 16870 ns, At safepoint: 11683 ns, Total: 55218 ns
[2024-10-16T07:26:19.799+0000][119][info ][safepoint   ] Safepoint "Cleanup", Time since last: 1292689658 ns, Reaching safepoint: 38925 ns, Cleanup: 53832 ns, At safepoint: 65665 ns, Total: 158422 ns
[2024-10-16T07:26:21.801+0000][119][info ][safepoint   ] Safepoint "Cleanup", Time since last: 2001940068 ns, Reaching safepoint: 24288 ns, Cleanup: 13887 ns, At safepoint: 13727 ns, Total: 51902 ns
[2024-10-16T07:26:23.802+0000][119][info ][safepoint   ] Safepoint "Cleanup", Time since last: 2001942901 ns, Reaching safepoint: 22064 ns, Cleanup: 11419 ns, At safepoint: 9664 ns, Total: 43147 ns
[2024-10-16T07:26:29.191+0000][119][info ][safepoint   ] Safepoint "Cleanup", Time since last: 5388147656 ns, Reaching safepoint: 32798 ns, Cleanup: 17085 ns, At safepoint: 16210 ns, Total: 66093 ns
[2024-10-16T07:26:30.192+0000][119][info ][safepoint   ] Safepoint "Cleanup", Time since last: 1000797131 ns, Reaching safepoint: 24807 ns, Cleanup: 14066 ns, At safepoint: 47252 ns, Total: 86125 ns
[2024-10-16T07:26:37.199+0000][119][info ][safepoint   ] Safepoint "Cleanup", Time since last: 7006867502 ns, Reaching safepoint: 84664 ns, Cleanup: 12255 ns, At safepoint: 9708 ns, Total: 106627 ns
[2024-10-16T07:26:40.202+0000][119][info ][safepoint   ] Safepoint "Cleanup", Time since last: 3002857582 ns, Reaching safepoint: 20133 ns, Cleanup: 11483 ns, At safepoint: 20313 ns, Total: 51929 ns
[2024-10-16T07:26:56.881+0000][119][info ][safepoint   ] Safepoint "Cleanup", Time since last: 16678897693 ns, Reaching safepoint: 22015 ns, Cleanup: 22558 ns, At safepoint: 9154 ns, Total: 53727 ns
[2024-10-16T07:26:58.603+0000][119][info ][safepoint   ] Safepoint "Cleanup", Time since last: 1722046091 ns, Reaching safepoint: 33945 ns, Cleanup: 19899 ns, At safepoint: 11320 ns, Total: 65164 ns
[2024-10-16T07:26:59.864+0000][119][info ][safepoint   ] Safepoint "Cleanup", Time since last: 1260266896 ns, Reaching safepoint: 16772 ns, Cleanup: 12066 ns, At safepoint: 8255 ns, Total: 37093 ns
[2024-10-16T07:27:01.645+0000][119][info ][safepoint   ] Safepoint "Cleanup", Time since last: 1781692239 ns, Reaching safepoint: 28530 ns, Cleanup: 19206 ns, At safepoint: 16220 ns, Total: 63956 ns
[2024-10-16T07:27:02.646+0000][119][info ][safepoint   ] Safepoint "Cleanup", Time since last: 1000866649 ns, Reaching safepoint: 20749 ns, Cleanup: 13600 ns, At safepoint: 9602 ns, Total: 43951 ns
[2024-10-16T07:27:03.648+0000][119][info ][safepoint   ] Safepoint "Cleanup", Time since last: 1001163897 ns, Reaching safepoint: 41913 ns, Cleanup: 92044 ns, At safepoint: 29863 ns, Total: 163820 ns
[2024-10-16T07:27:05.534+0000][119][info ][safepoint   ] Safepoint "Cleanup", Time since last: 1886487723 ns, Reaching safepoint: 30096 ns, Cleanup: 11770 ns, At safepoint: 10311 ns, Total: 52177 ns
[2024-10-16T07:27:06.535+0000][119][info ][safepoint   ] Safepoint "Cleanup", Time since last: 1000953447 ns, Reaching safepoint: 43106 ns, Cleanup: 22331 ns, At safepoint: 9887 ns, Total: 75324 ns
[2024-10-16T07:27:07.538+0000][119][info ][safepoint   ] Safepoint "Cleanup", Time since last: 1003344194 ns, Reaching safepoint: 20713 ns, Cleanup: 11806 ns, At safepoint: 9795 ns, Total: 42314 ns
[2024-10-16T07:27:12.542+0000][119][info ][safepoint   ] Safepoint "Cleanup", Time since last: 5004598713 ns, Reaching safepoint: 21915 ns, Cleanup: 12083 ns, At safepoint: 9697 ns, Total: 43695 ns
[2024-10-16T07:27:17.548+0000][119][info ][safepoint   ] Safepoint "Cleanup", Time since last: 5005072147 ns, Reaching safepoint: 27310 ns, Cleanup: 24105 ns, At safepoint: 15098 ns, Total: 66513 ns
[2024-10-16T07:27:18.548+0000][119][info ][safepoint   ] Safepoint "Cleanup", Time since last: 1000672908 ns, Reaching safepoint: 25089 ns, Cleanup: 18976 ns, At safepoint: 10657 ns, Total: 54722 ns
[2024-10-16T07:27:20.550+0000][119][info ][safepoint   ] Safepoint "Cleanup", Time since last: 2002092575 ns, Reaching safepoint: 22400 ns, Cleanup: 15114 ns, At safepoint: 10710 ns, Total: 48224 ns
[2024-10-16T07:27:21.551+0000][119][info ][safepoint   ] Safepoint "Cleanup", Time since last: 1000948725 ns, Reaching safepoint: 28732 ns, Cleanup: 18411 ns, At safepoint: 10216 ns, Total: 57359 ns
[2024-10-16T07:27:22.552+0000][119][info ][safepoint   ] Safepoint "Cleanup", Time since last: 1000841224 ns, Reaching safepoint: 24248 ns, Cleanup: 16419 ns, At safepoint: 11030 ns, Total: 51697 ns
[2024-10-16T07:27:24.555+0000][119][info ][safepoint   ] Safepoint "Cleanup", Time since last: 2002230021 ns, Reaching safepoint: 37467 ns, Cleanup: 20511 ns, At safepoint: 15087 ns, Total: 73065 ns
[2024-10-16T07:27:32.563+0000][119][info ][safepoint   ] Safepoint "Cleanup", Time since last: 8007861889 ns, Reaching safepoint: 24550 ns, Cleanup: 16755 ns, At safepoint: 10027 ns, Total: 51332 ns
[2024-10-16T07:27:33.563+0000][119][info ][safepoint   ] Safepoint "Cleanup", Time since last: 1000754017 ns, Reaching safepoint: 22737 ns, Cleanup: 12554 ns, At safepoint: 10737 ns, Total: 46028 ns
[2024-10-16T07:27:35.566+0000][119][info ][safepoint   ] Safepoint "Cleanup", Time since last: 2002120036 ns, Reaching safepoint: 20997 ns, Cleanup: 13625 ns, At safepoint: 9835 ns, Total: 44457 ns
[2024-10-16T07:27:36.566+0000][119][info ][safepoint   ] Safepoint "Cleanup", Time since last: 1000677428 ns, Reaching safepoint: 76083 ns, Cleanup: 14513 ns, At safepoint: 21425 ns, Total: 112021 ns
[2024-10-16T07:27:37.569+0000][119][info ][safepoint   ] Safepoint "Cleanup", Time since last: 1000835634 ns, Reaching safepoint: 27914 ns, Cleanup: 14999 ns, At safepoint: 13954 ns, Total: 56867 ns
[2024-10-16T07:27:42.574+0000][119][info ][safepoint   ] Safepoint "Cleanup", Time since last: 5005172608 ns, Reaching safepoint: 21310 ns, Cleanup: 12523 ns, At safepoint: 10416 ns, Total: 44249 ns
[2024-10-16T07:27:47.579+0000][119][info ][safepoint   ] Safepoint "Cleanup", Time since last: 5004863930 ns, Reaching safepoint: 23612 ns, Cleanup: 14801 ns, At safepoint: 11258 ns, Total: 49671 ns
[2024-10-16T07:27:49.085+0000][119][info ][safepoint   ] Safepoint "Cleanup", Time since last: 1506117964 ns, Reaching safepoint: 9249 ns, Cleanup: 6932 ns, At safepoint: 4678 ns, Total: 20859 ns
[2024-10-16T07:27:50.287+0000][119][info ][safepoint   ] Safepoint "Cleanup", Time since last: 1201825530 ns, Reaching safepoint: 20857 ns, Cleanup: 14290 ns, At safepoint: 9093 ns, Total: 44240 ns
[2024-10-16T07:27:52.289+0000][119][info ][safepoint   ] Safepoint "Cleanup", Time since last: 2002055482 ns, Reaching safepoint: 23375 ns, Cleanup: 13670 ns, At safepoint: 10910 ns, Total: 47955 ns
[2024-10-16T07:27:53.291+0000][119][info ][safepoint   ] Safepoint "Cleanup", Time since last: 1001161545 ns, Reaching safepoint: 374028 ns, Cleanup: 19277 ns, At safepoint: 157823 ns, Total: 551128 ns
[2024-10-16T07:27:54.466+0000][119][info ][safepoint   ] Safepoint "Cleanup", Time since last: 1175250812 ns, Reaching safepoint: 12045 ns, Cleanup: 37804 ns, At safepoint: 9744 ns, Total: 59593 ns
[2024-10-16T07:27:59.496+0000][119][info ][safepoint   ] Safepoint "Cleanup", Time since last: 5029800664 ns, Reaching safepoint: 26243 ns, Cleanup: 12676 ns, At safepoint: 10245 ns, Total: 49164 ns
[2024-10-16T07:28:00.786+0000][119][info ][safepoint   ] Safepoint "Cleanup", Time since last: 1289168867 ns, Reaching safepoint: 1066488 ns, Cleanup: 40221 ns, At safepoint: 122653 ns, Total: 1229362 ns
[2024-10-16T07:28:01.808+0000][119][info ][safepoint   ] Safepoint "Cleanup", Time since last: 1021748437 ns, Reaching safepoint: 36325 ns, Cleanup: 23261 ns, At safepoint: 13441 ns, Total: 73027 ns
[2024-10-16T07:28:02.810+0000][119][info ][safepoint   ] Safepoint "Cleanup", Time since last: 1002274173 ns, Reaching safepoint: 29554 ns, Cleanup: 16715 ns, At safepoint: 16039 ns, Total: 62308 ns
[2024-10-16T07:28:03.817+0000][119][info ][safepoint   ] Safepoint "Cleanup", Time since last: 1007071665 ns, Reaching safepoint: 7739 ns, Cleanup: 15880 ns, At safepoint: 5539 ns, Total: 29158 ns
[2024-10-16T07:28:05.613+0000][119][info ][safepoint   ] Safepoint "Cleanup", Time since last: 1795381895 ns, Reaching safepoint: 35277 ns, Cleanup: 33172 ns, At safepoint: 17471 ns, Total: 85920 ns
[2024-10-16T07:28:06.614+0000][119][info ][safepoint   ] Safepoint "Cleanup", Time since last: 1001078192 ns, Reaching safepoint: 22334 ns, Cleanup: 20224 ns, At safepoint: 10381 ns, Total: 52939 ns
[2024-10-16T07:28:08.878+0000][119][info ][safepoint   ] Safepoint "Cleanup", Time since last: 2264335979 ns, Reaching safepoint: 7196 ns, Cleanup: 8228 ns, At safepoint: 4802 ns, Total: 20226 ns
[2024-10-16T07:28:10.873+0000][119][info ][safepoint   ] Safepoint "Cleanup", Time since last: 1994496489 ns, Reaching safepoint: 22365 ns, Cleanup: 23671 ns, At safepoint: 10092 ns, Total: 56128 ns
[2024-10-16T07:28:14.910+0000][119][info ][safepoint   ] Safepoint "Cleanup", Time since last: 4037126803 ns, Reaching safepoint: 43916 ns, Cleanup: 25284 ns, At safepoint: 17886 ns, Total: 87086 ns
[2024-10-16T07:28:17.913+0000][119][info ][safepoint   ] Safepoint "Cleanup", Time since last: 3002695182 ns, Reaching safepoint: 25703 ns, Cleanup: 13891 ns, At safepoint: 10966 ns, Total: 50560 ns
[2024-10-16T07:28:21.924+0000][119][info ][safepoint   ] Safepoint "Cleanup", Time since last: 4010478348 ns, Reaching safepoint: 32789 ns, Cleanup: 15291 ns, At safepoint: 13357 ns, Total: 61437 ns
[2024-10-16T07:28:33.112+0000][119][info ][safepoint   ] Safepoint "Cleanup", Time since last: 11188360000 ns, Reaching safepoint: 20469 ns, Cleanup: 14857 ns, At safepoint: 11078 ns, Total: 46404 ns
[2024-10-16T07:28:35.114+0000][119][info ][safepoint   ] Safepoint "Cleanup", Time since last: 2002001809 ns, Reaching safepoint: 26021 ns, Cleanup: 15430 ns, At safepoint: 10062 ns, Total: 51513 ns
[2024-10-16T07:28:36.115+0000][119][info ][safepoint   ] Safepoint "Cleanup", Time since last: 1000871838 ns, Reaching safepoint: 21149 ns, Cleanup: 13746 ns, At safepoint: 9997 ns, Total: 44892 ns
[2024-10-16T07:28:37.116+0000][119][info ][safepoint   ] Safepoint "Cleanup", Time since last: 1000974099 ns, Reaching safepoint: 27790 ns, Cleanup: 17785 ns, At safepoint: 15397 ns, Total: 60972 ns
[2024-10-16T07:28:39.642+0000][119][info ][safepoint   ] Safepoint "Cleanup", Time since last: 2525057770 ns, Reaching safepoint: 56635 ns, Cleanup: 12129 ns, At safepoint: 9840 ns, Total: 78604 ns
[2024-10-16T07:28:47.736+0000][119][info ][safepoint   ] Safepoint "Cleanup", Time since last: 8094212447 ns, Reaching safepoint: 37630 ns, Cleanup: 18248 ns, At safepoint: 14156 ns, Total: 70034 ns
[2024-10-16T07:28:54.748+0000][119][info ][safepoint   ] Safepoint "Cleanup", Time since last: 7011644694 ns, Reaching safepoint: 50910 ns, Cleanup: 15650 ns, At safepoint: 10950 ns, Total: 77510 ns
[2024-10-16T07:28:57.750+0000][119][info ][safepoint   ] Safepoint "Cleanup", Time since last: 3002122223 ns, Reaching safepoint: 29058 ns, Cleanup: 19472 ns, At safepoint: 13184 ns, Total: 61714 ns
[2024-10-16T07:29:03.034+0000][119][info ][safepoint   ] Safepoint "Cleanup", Time since last: 5284341232 ns, Reaching safepoint: 173672 ns, Cleanup: 39962 ns, At safepoint: 19573 ns, Total: 233207 ns
[2024-10-16T07:29:04.516+0000][119][info ][safepoint   ] Safepoint "Cleanup", Time since last: 1481588073 ns, Reaching safepoint: 6995 ns, Cleanup: 16853 ns, At safepoint: 5238 ns, Total: 29086 ns
[2024-10-16T07:29:05.880+0000][119][info ][safepoint   ] Safepoint "Cleanup", Time since last: 1364224294 ns, Reaching safepoint: 31986 ns, Cleanup: 23639 ns, At safepoint: 21241 ns, Total: 76866 ns
[2024-10-16T07:29:07.648+0000][119][info ][safepoint   ] Safepoint "Cleanup", Time since last: 1776539815 ns, Reaching safepoint: 23062 ns, Cleanup: 26264 ns, At safepoint: 12082 ns, Total: 61408 ns
[2024-10-16T07:29:08.754+0000][119][info ][safepoint   ] Safepoint "Cleanup", Time since last: 1105084953 ns, Reaching safepoint: 921659 ns, Cleanup: 21785 ns, At safepoint: 55504 ns, Total: 998948 ns
[2024-10-16T07:29:18.775+0000][119][info ][safepoint   ] Safepoint "Cleanup", Time since last: 10021099629 ns, Reaching safepoint: 44521 ns, Cleanup: 27088 ns, At safepoint: 23776 ns, Total: 95385 ns
[2024-10-16T07:29:22.780+0000][119][info ][safepoint   ] Safepoint "Cleanup", Time since last: 4004191934 ns, Reaching safepoint: 24991 ns, Cleanup: 23650 ns, At safepoint: 13896 ns, Total: 62537 ns
[2024-10-16T07:29:25.800+0000][119][info ][safepoint   ] Safepoint "Cleanup", Time since last: 3020114195 ns, Reaching safepoint: 66106 ns, Cleanup: 19250 ns, At safepoint: 19564 ns, Total: 104920 ns
[2024-10-16T07:29:27.807+0000][119][info ][safepoint   ] Safepoint "Cleanup", Time since last: 2006753905 ns, Reaching safepoint: 26870 ns, Cleanup: 20620 ns, At safepoint: 11387 ns, Total: 58877 ns
[2024-10-16T07:29:36.834+0000][119][info ][safepoint   ] Safepoint "Cleanup", Time since last: 9027080539 ns, Reaching safepoint: 21588 ns, Cleanup: 14026 ns, At safepoint: 10376 ns, Total: 45990 ns
[2024-10-16T07:29:37.843+0000][119][info ][safepoint   ] Safepoint "Cleanup", Time since last: 1000700370 ns, Reaching safepoint: 26296 ns, Cleanup: 14450 ns, At safepoint: 13017 ns, Total: 53763 ns
[2024-10-16T07:29:42.848+0000][119][info ][safepoint   ] Safepoint "Cleanup", Time since last: 5005287666 ns, Reaching safepoint: 45768 ns, Cleanup: 11993 ns, At safepoint: 12997 ns, Total: 70758 ns
[2024-10-16T07:30:03.905+0000][119][info ][safepoint   ] Safepoint "Cleanup", Time since last: 21056770835 ns, Reaching safepoint: 23307 ns, Cleanup: 12989 ns, At safepoint: 10911 ns, Total: 47207 ns
[2024-10-16T07:30:05.959+0000][119][info ][safepoint   ] Safepoint "Cleanup", Time since last: 2053550462 ns, Reaching safepoint: 10716 ns, Cleanup: 7902 ns, At safepoint: 4841 ns, Total: 23459 ns
[2024-10-16T07:30:06.971+0000][119][info ][safepoint   ] Safepoint "Cleanup", Time since last: 1010327500 ns, Reaching safepoint: 1970412 ns, Cleanup: 22806 ns, At safepoint: 110685 ns, Total: 2103903 ns
[2024-10-16T07:30:08.018+0000][119][info ][safepoint   ] Safepoint "Cleanup", Time since last: 1046533355 ns, Reaching safepoint: 30481 ns, Cleanup: 17952 ns, At safepoint: 12266 ns, Total: 60699 ns
[2024-10-16T07:30:10.001+0000][119][info ][safepoint   ] Safepoint "Cleanup", Time since last: 1982521315 ns, Reaching safepoint: 49516 ns, Cleanup: 12588 ns, At safepoint: 13138 ns, Total: 75242 ns
[2024-10-16T07:30:11.038+0000][119][info ][safepoint   ] Safepoint "Cleanup", Time since last: 1036818972 ns, Reaching safepoint: 41829 ns, Cleanup: 20203 ns, At safepoint: 15714 ns, Total: 77746 ns
[2024-10-16T07:30:18.047+0000][119][info ][safepoint   ] Safepoint "Cleanup", Time since last: 7009769617 ns, Reaching safepoint: 24016 ns, Cleanup: 17140 ns, At safepoint: 11254 ns, Total: 52410 ns
[2024-10-16T07:30:22.052+0000][119][info ][safepoint   ] Safepoint "Cleanup", Time since last: 4004119986 ns, Reaching safepoint: 20673 ns, Cleanup: 12550 ns, At safepoint: 10005 ns, Total: 43228 ns
[2024-10-16T07:30:23.054+0000][119][info ][safepoint   ] Safepoint "Cleanup", Time since last: 1001811113 ns, Reaching safepoint: 923010 ns, Cleanup: 17490 ns, At safepoint: 71326 ns, Total: 1011826 ns
[2024-10-16T07:30:24.056+0000][119][info ][safepoint   ] Safepoint "Cleanup", Time since last: 1001098892 ns, Reaching safepoint: 21073 ns, Cleanup: 13089 ns, At safepoint: 10192 ns, Total: 44354 ns
[2024-10-16T07:30:26.058+0000][119][info ][safepoint   ] Safepoint "Cleanup", Time since last: 2001889901 ns, Reaching safepoint: 138445 ns, Cleanup: 17729 ns, At safepoint: 22884 ns, Total: 179058 ns
[2024-10-16T07:30:29.061+0000][119][info ][safepoint   ] Safepoint "Cleanup", Time since last: 3003031782 ns, Reaching safepoint: 21721 ns, Cleanup: 12427 ns, At safepoint: 11195 ns, Total: 45343 ns
[2024-10-16T07:30:30.062+0000][119][info ][safepoint   ] Safepoint "Cleanup", Time since last: 1000922528 ns, Reaching safepoint: 24210 ns, Cleanup: 14498 ns, At safepoint: 10859 ns, Total: 49567 ns
[2024-10-16T07:30:37.070+0000][119][info ][safepoint   ] Safepoint "Cleanup", Time since last: 7007793719 ns, Reaching safepoint: 49296 ns, Cleanup: 18317 ns, At safepoint: 16064 ns, Total: 83677 ns
[2024-10-16T07:30:59.136+0000][119][info ][safepoint   ] Safepoint "Cleanup", Time since last: 22067012817 ns, Reaching safepoint: 62986 ns, Cleanup: 18440 ns, At safepoint: 13580 ns, Total: 95006 ns
[2024-10-16T07:31:01.138+0000][119][info ][safepoint   ] Safepoint "Cleanup", Time since last: 2001951497 ns, Reaching safepoint: 30030 ns, Cleanup: 16431 ns, At safepoint: 11092 ns, Total: 57553 ns
[2024-10-16T07:31:03.141+0000][119][info ][safepoint   ] Safepoint "Cleanup", Time since last: 2002628710 ns, Reaching safepoint: 27855 ns, Cleanup: 14759 ns, At safepoint: 9603 ns, Total: 52217 ns
[2024-10-16T07:31:04.939+0000][119][info ][safepoint   ] Safepoint "Cleanup", Time since last: 1798342083 ns, Reaching safepoint: 7632 ns, Cleanup: 9812 ns, At safepoint: 5093 ns, Total: 22537 ns
[2024-10-16T07:31:05.940+0000][119][info ][safepoint   ] Safepoint "Cleanup", Time since last: 1000568111 ns, Reaching safepoint: 21011 ns, Cleanup: 12014 ns, At safepoint: 12160 ns, Total: 45185 ns
[2024-10-16T07:31:06.941+0000][119][info ][safepoint   ] Safepoint "Cleanup", Time since last: 1001196771 ns, Reaching safepoint: 20950 ns, Cleanup: 11508 ns, At safepoint: 10296 ns, Total: 42754 ns
[2024-10-16T07:31:07.944+0000][119][info ][safepoint   ] Safepoint "Cleanup", Time since last: 1000979600 ns, Reaching safepoint: 28658 ns, Cleanup: 17038 ns, At safepoint: 16250 ns, Total: 61946 ns
[2024-10-16T07:31:09.030+0000][119][info ][safepoint   ] Safepoint "Cleanup", Time since last: 1086115603 ns, Reaching safepoint: 16366 ns, Cleanup: 12546 ns, At safepoint: 8098 ns, Total: 37010 ns
[2024-10-16T07:31:10.175+0000][119][info ][safepoint   ] Safepoint "Cleanup", Time since last: 1143615982 ns, Reaching safepoint: 1195920 ns, Cleanup: 23490 ns, At safepoint: 107352 ns, Total: 1326762 ns
[2024-10-16T07:31:11.974+0000][119][info ][safepoint   ] Safepoint "Cleanup", Time since last: 1797649615 ns, Reaching safepoint: 1091527 ns, Cleanup: 22408 ns, At safepoint: 127025 ns, Total: 1240960 ns
[2024-10-16T07:31:13.217+0000][119][info ][safepoint   ] Safepoint "Cleanup", Time since last: 1243006712 ns, Reaching safepoint: 31788 ns, Cleanup: 24012 ns, At safepoint: 11813 ns, Total: 67613 ns
[2024-10-16T07:31:40.246+0000][119][info ][safepoint   ] Safepoint "Cleanup", Time since last: 27028904243 ns, Reaching safepoint: 21502 ns, Cleanup: 12203 ns, At safepoint: 9740 ns, Total: 43445 ns
[2024-10-16T07:31:42.248+0000][119][info ][safepoint   ] Safepoint "Cleanup", Time since last: 2001967821 ns, Reaching safepoint: 58777 ns, Cleanup: 15405 ns, At safepoint: 52513 ns, Total: 126695 ns
[2024-10-16T07:31:44.967+0000][119][info ][gc,start    ] GC(19) Pause Young (Concurrent Start) (CodeCache GC Threshold)
[2024-10-16T07:31:44.967+0000][119][info ][gc,task     ] GC(19) Using 4 workers of 4 for evacuation
[2024-10-16T07:31:44.967+0000][119][debug][gc,age      ] GC(19) Desired survivor size 216006656 bytes, new threshold 15 (max threshold 15)
[2024-10-16T07:31:45.026+0000][119][info ][gc,phases   ] GC(19)   Pre Evacuate Collection Set: 1.48ms
[2024-10-16T07:31:45.026+0000][119][info ][gc,phases   ] GC(19)   Merge Heap Roots: 0.51ms
[2024-10-16T07:31:45.026+0000][119][info ][gc,phases   ] GC(19)   Evacuate Collection Set: 52.17ms
[2024-10-16T07:31:45.026+0000][119][info ][gc,phases   ] GC(19)   Post Evacuate Collection Set: 4.14ms
[2024-10-16T07:31:45.026+0000][119][info ][gc,phases   ] GC(19)   Other: 0.50ms
[2024-10-16T07:31:45.026+0000][119][trace][gc,age      ] GC(19) Age table with threshold 15 (max threshold 15)
[2024-10-16T07:31:45.026+0000][119][trace][gc,age      ] GC(19) - age   1:    1153928 bytes,    1153928 total
[2024-10-16T07:31:45.026+0000][119][trace][gc,age      ] GC(19) - age   2:    5941600 bytes,    7095528 total
[2024-10-16T07:31:45.026+0000][119][trace][gc,age      ] GC(19) - age   3:    5505960 bytes,   12601488 total
[2024-10-16T07:31:45.026+0000][119][trace][gc,age      ] GC(19) - age   4:   14117448 bytes,   26718936 total
[2024-10-16T07:31:45.026+0000][119][info ][gc,heap     ] GC(19) Eden regions: 185->0(814)
[2024-10-16T07:31:45.026+0000][119][info ][gc,heap     ] GC(19) Survivor regions: 8->7(103)
[2024-10-16T07:31:45.026+0000][119][info ][gc,heap     ] GC(19) Old regions: 32->32
[2024-10-16T07:31:45.026+0000][119][info ][gc,heap     ] GC(19) Humongous regions: 2->2
[2024-10-16T07:31:45.026+0000][119][info ][gc,metaspace] GC(19) Metaspace: 155321K(159616K)->155321K(159616K) NonClass: 133947K(136256K)->133947K(136256K) Class: 21374K(23360K)->21374K(23360K)
[2024-10-16T07:31:45.026+0000][119][info ][gc          ] GC(19) Pause Young (Concurrent Start) (CodeCache GC Threshold) 901M->162M(5476M) 59.052ms
[2024-10-16T07:31:45.026+0000][119][info ][gc,cpu      ] GC(19) User=0.20s Sys=0.00s Real=0.06s
[2024-10-16T07:31:45.026+0000][119][info ][gc          ] GC(20) Concurrent Mark Cycle
[2024-10-16T07:31:45.026+0000][119][info ][gc,marking  ] GC(20) Concurrent Scan Root Regions
[2024-10-16T07:31:45.026+0000][119][info ][safepoint   ] Safepoint "G1TryInitiateConcMark", Time since last: 2717636201 ns, Reaching safepoint: 1002914 ns, Cleanup: 9617 ns, At safepoint: 59274071 ns, Total: 60286602 ns
[2024-10-16T07:31:45.052+0000][119][info ][gc,marking  ] GC(20) Concurrent Scan Root Regions 25.845ms
[2024-10-16T07:31:45.052+0000][119][info ][gc,marking  ] GC(20) Concurrent Mark
[2024-10-16T07:31:45.052+0000][119][info ][gc,marking  ] GC(20) Concurrent Mark From Roots
[2024-10-16T07:31:45.052+0000][119][info ][gc,task     ] GC(20) Using 1 workers of 1 for marking
[2024-10-16T07:31:45.291+0000][119][info ][gc,marking  ] GC(20) Concurrent Mark From Roots 239.106ms
[2024-10-16T07:31:45.291+0000][119][info ][gc,marking  ] GC(20) Concurrent Preclean
[2024-10-16T07:31:45.292+0000][119][info ][gc,marking  ] GC(20) Concurrent Preclean 0.789ms
[2024-10-16T07:31:45.292+0000][119][info ][gc,start    ] GC(20) Pause Remark
[2024-10-16T07:31:45.329+0000][119][info ][gc          ] GC(20) Pause Remark 186M->186M(5476M) 36.988ms
[2024-10-16T07:31:45.329+0000][119][info ][gc,cpu      ] GC(20) User=0.11s Sys=0.00s Real=0.03s
[2024-10-16T07:31:45.329+0000][119][info ][safepoint   ] Safepoint "G1PauseRemark", Time since last: 266030212 ns, Reaching safepoint: 18515 ns, Cleanup: 4327 ns, At safepoint: 37083217 ns, Total: 37106059 ns
[2024-10-16T07:31:45.329+0000][119][info ][gc,marking  ] GC(20) Concurrent Mark 277.401ms
[2024-10-16T07:31:45.329+0000][119][info ][gc,marking  ] GC(20) Concurrent Rebuild Remembered Sets and Scrub Regions
[2024-10-16T07:31:45.413+0000][119][info ][gc,marking  ] GC(20) Concurrent Rebuild Remembered Sets and Scrub Regions 83.417ms
[2024-10-16T07:31:45.413+0000][119][info ][gc,start    ] GC(20) Pause Cleanup
[2024-10-16T07:31:45.413+0000][119][info ][gc          ] GC(20) Pause Cleanup 186M->186M(5476M) 0.402ms
[2024-10-16T07:31:45.413+0000][119][info ][gc,cpu      ] GC(20) User=0.00s Sys=0.00s Real=0.00s
[2024-10-16T07:31:45.413+0000][119][info ][safepoint   ] Safepoint "G1PauseCleanup", Time since last: 83745601 ns, Reaching safepoint: 18655 ns, Cleanup: 80034 ns, At safepoint: 460874 ns, Total: 559563 ns
[2024-10-16T07:31:45.413+0000][119][info ][gc,marking  ] GC(20) Concurrent Clear Claimed Marks
[2024-10-16T07:31:45.414+0000][119][info ][gc,marking  ] GC(20) Concurrent Clear Claimed Marks 0.355ms
[2024-10-16T07:31:45.414+0000][119][info ][gc,marking  ] GC(20) Concurrent Cleanup for Next Mark
[2024-10-16T07:31:45.427+0000][119][info ][gc,marking  ] GC(20) Concurrent Cleanup for Next Mark 12.705ms
[2024-10-16T07:31:45.427+0000][119][info ][gc          ] GC(20) Concurrent Mark Cycle 400.842ms
[2024-10-16T07:31:47.416+0000][119][info ][safepoint   ] Safepoint "Cleanup", Time since last: 2002576187 ns, Reaching safepoint: 20705 ns, Cleanup: 16000 ns, At safepoint: 10911 ns, Total: 47616 ns
[2024-10-16T07:31:51.421+0000][119][info ][safepoint   ] Safepoint "Cleanup", Time since last: 4004936624 ns, Reaching safepoint: 56102 ns, Cleanup: 15678 ns, At safepoint: 13811 ns, Total: 85591 ns
[2024-10-16T07:32:06.970+0000][119][info ][safepoint   ] Safepoint "Cleanup", Time since last: 15549107525 ns, Reaching safepoint: 30899 ns, Cleanup: 29077 ns, At safepoint: 13894 ns, Total: 73870 ns
[2024-10-16T07:32:07.971+0000][119][info ][safepoint   ] Safepoint "Cleanup", Time since last: 1000484963 ns, Reaching safepoint: 20081 ns, Cleanup: 13163 ns, At safepoint: 9753 ns, Total: 42997 ns
[2024-10-16T07:32:12.012+0000][119][info ][safepoint   ] Safepoint "Cleanup", Time since last: 4041509564 ns, Reaching safepoint: 7980 ns, Cleanup: 12598 ns, At safepoint: 8728 ns, Total: 29306 ns
[2024-10-16T07:32:13.342+0000][119][info ][safepoint   ] Safepoint "Cleanup", Time since last: 1328723386 ns, Reaching safepoint: 731359 ns, Cleanup: 21167 ns, At safepoint: 140439 ns, Total: 892965 ns
[2024-10-16T07:32:15.000+0000][119][info ][safepoint   ] Safepoint "Cleanup", Time since last: 1658130481 ns, Reaching safepoint: 13152 ns, Cleanup: 21584 ns, At safepoint: 45244 ns, Total: 79980 ns
[2024-10-16T07:32:16.371+0000][119][info ][safepoint   ] Safepoint "Cleanup", Time since last: 1370510302 ns, Reaching safepoint: 28456 ns, Cleanup: 22696 ns, At safepoint: 13731 ns, Total: 64883 ns
[2024-10-16T07:32:24.385+0000][119][info ][safepoint   ] Safepoint "Cleanup", Time since last: 8014177701 ns, Reaching safepoint: 28983 ns, Cleanup: 15166 ns, At safepoint: 15516 ns, Total: 59665 ns
[2024-10-16T07:32:25.386+0000][119][info ][safepoint   ] Safepoint "Cleanup", Time since last: 1001044590 ns, Reaching safepoint: 21947 ns, Cleanup: 14318 ns, At safepoint: 10037 ns, Total: 46302 ns
[2024-10-16T07:32:27.389+0000][119][info ][safepoint   ] Safepoint "Cleanup", Time since last: 2002471940 ns, Reaching safepoint: 219258 ns, Cleanup: 23223 ns, At safepoint: 20632 ns, Total: 263113 ns
[2024-10-16T07:32:36.399+0000][119][info ][safepoint   ] Safepoint "Cleanup", Time since last: 9010376181 ns, Reaching safepoint: 52109 ns, Cleanup: 32077 ns, At safepoint: 22375 ns, Total: 106561 ns
[2024-10-16T07:32:37.400+0000][119][info ][safepoint   ] Safepoint "Cleanup", Time since last: 1001557499 ns, Reaching safepoint: 20694 ns, Cleanup: 11603 ns, At safepoint: 9757 ns, Total: 42054 ns
[2024-10-16T07:32:43.406+0000][119][info ][safepoint   ] Safepoint "Cleanup", Time since last: 6006132132 ns, Reaching safepoint: 30144 ns, Cleanup: 19438 ns, At safepoint: 15065 ns, Total: 64647 ns
[2024-10-16T07:32:52.415+0000][119][info ][safepoint   ] Safepoint "Cleanup", Time since last: 9008867816 ns, Reaching safepoint: 28878 ns, Cleanup: 18088 ns, At safepoint: 16502 ns, Total: 63468 ns
[2024-10-16T07:32:54.421+0000][119][info ][safepoint   ] Safepoint "Cleanup", Time since last: 2005370768 ns, Reaching safepoint: 434830 ns, Cleanup: 23147 ns, At safepoint: 16535 ns, Total: 474512 ns
[2024-10-16T07:32:57.424+0000][119][info ][safepoint   ] Safepoint "Cleanup", Time since last: 3003118589 ns, Reaching safepoint: 21815 ns, Cleanup: 18046 ns, At safepoint: 9240 ns, Total: 49101 ns
[2024-10-16T07:33:00.427+0000][119][info ][safepoint   ] Safepoint "Cleanup", Time since last: 3002935303 ns, Reaching safepoint: 24720 ns, Cleanup: 13388 ns, At safepoint: 9509 ns, Total: 47617 ns
[2024-10-16T07:33:02.429+0000][119][info ][safepoint   ] Safepoint "Cleanup", Time since last: 2001847900 ns, Reaching safepoint: 31298 ns, Cleanup: 17911 ns, At safepoint: 13049 ns, Total: 62258 ns
[2024-10-16T07:33:07.213+0000][119][info ][safepoint   ] Safepoint "Cleanup", Time since last: 4783756666 ns, Reaching safepoint: 31737 ns, Cleanup: 22970 ns, At safepoint: 25704 ns, Total: 80411 ns
[2024-10-16T07:33:09.073+0000][119][info ][safepoint   ] Safepoint "Cleanup", Time since last: 1858561058 ns, Reaching safepoint: 7477 ns, Cleanup: 9026 ns, At safepoint: 4706 ns, Total: 21209 ns
[2024-10-16T07:33:10.491+0000][119][info ][safepoint   ] Safepoint "Cleanup", Time since last: 1418477352 ns, Reaching safepoint: 21661 ns, Cleanup: 18493 ns, At safepoint: 10366 ns, Total: 50520 ns
[2024-10-16T07:33:11.526+0000][119][info ][safepoint   ] Safepoint "Cleanup", Time since last: 1035049398 ns, Reaching safepoint: 28684 ns, Cleanup: 101869 ns, At safepoint: 23493 ns, Total: 154046 ns
[2024-10-16T07:33:15.128+0000][119][info ][safepoint   ] Safepoint "Cleanup", Time since last: 3599433050 ns, Reaching safepoint: 1289330 ns, Cleanup: 29316 ns, At safepoint: 470739 ns, Total: 1789385 ns
[2024-10-16T07:33:16.557+0000][119][info ][safepoint   ] Safepoint "Cleanup", Time since last: 1429663057 ns, Reaching safepoint: 22308 ns, Cleanup: 15822 ns, At safepoint: 10423 ns, Total: 48553 ns
[2024-10-16T07:33:17.558+0000][119][info ][safepoint   ] Safepoint "Cleanup", Time since last: 1000956454 ns, Reaching safepoint: 22000 ns, Cleanup: 12693 ns, At safepoint: 10703 ns, Total: 45396 ns
[2024-10-16T07:33:18.563+0000][119][info ][safepoint   ] Safepoint "Cleanup", Time since last: 1004336799 ns, Reaching safepoint: 7153 ns, Cleanup: 11090 ns, At safepoint: 5290 ns, Total: 23533 ns
[2024-10-16T07:33:19.572+0000][119][info ][safepoint   ] Safepoint "Cleanup", Time since last: 1009695333 ns, Reaching safepoint: 29040 ns, Cleanup: 20733 ns, At safepoint: 15172 ns, Total: 64945 ns
[2024-10-16T07:33:26.578+0000][119][info ][safepoint   ] Safepoint "Cleanup", Time since last: 7005854421 ns, Reaching safepoint: 29743 ns, Cleanup: 21985 ns, At safepoint: 15468 ns, Total: 67196 ns
[2024-10-16T07:33:27.579+0000][119][info ][safepoint   ] Safepoint "Cleanup", Time since last: 1000973335 ns, Reaching safepoint: 22172 ns, Cleanup: 12839 ns, At safepoint: 9649 ns, Total: 44660 ns
[2024-10-16T07:33:28.580+0000][119][info ][safepoint   ] Safepoint "Cleanup", Time since last: 1000845374 ns, Reaching safepoint: 23412 ns, Cleanup: 13379 ns, At safepoint: 9717 ns, Total: 46508 ns
[2024-10-16T07:33:38.217+0000][119][info ][safepoint   ] Safepoint "Cleanup", Time since last: 9636573646 ns, Reaching safepoint: 7101 ns, Cleanup: 8693 ns, At safepoint: 4491 ns, Total: 20285 ns
[2024-10-16T07:33:39.239+0000][119][info ][safepoint   ] Safepoint "Cleanup", Time since last: 1021234390 ns, Reaching safepoint: 19292 ns, Cleanup: 14233 ns, At safepoint: 9324 ns, Total: 42849 ns
[2024-10-16T07:33:42.242+0000][119][info ][safepoint   ] Safepoint "Cleanup", Time since last: 3002936833 ns, Reaching safepoint: 24786 ns, Cleanup: 16311 ns, At safepoint: 9690 ns, Total: 50787 ns
[2024-10-16T07:33:52.327+0000][119][info ][safepoint   ] Safepoint "Cleanup", Time since last: 10085388760 ns, Reaching safepoint: 96680 ns, Cleanup: 17954 ns, At safepoint: 143569 ns, Total: 258203 ns
[2024-10-16T07:33:54.341+0000][119][info ][safepoint   ] Safepoint "Cleanup", Time since last: 2013444604 ns, Reaching safepoint: 27552 ns, Cleanup: 12819 ns, At safepoint: 11507 ns, Total: 51878 ns
[2024-10-16T07:33:55.342+0000][119][info ][safepoint   ] Safepoint "Cleanup", Time since last: 1001053145 ns, Reaching safepoint: 41876 ns, Cleanup: 20152 ns, At safepoint: 22567 ns, Total: 84595 ns
[2024-10-16T07:34:02.425+0000][119][info ][safepoint   ] Safepoint "Cleanup", Time since last: 7082590975 ns, Reaching safepoint: 23035 ns, Cleanup: 17402 ns, At safepoint: 9423 ns, Total: 49860 ns
[2024-10-16T07:34:06.392+0000][119][info ][safepoint   ] Safepoint "Cleanup", Time since last: 3967089577 ns, Reaching safepoint: 29513 ns, Cleanup: 24445 ns, At safepoint: 13487 ns, Total: 67445 ns
[2024-10-16T07:34:07.394+0000][119][info ][safepoint   ] Safepoint "Cleanup", Time since last: 1001212689 ns, Reaching safepoint: 767078 ns, Cleanup: 21065 ns, At safepoint: 107095 ns, Total: 895238 ns
[2024-10-16T07:34:15.246+0000][119][info ][safepoint   ] Safepoint "Cleanup", Time since last: 7851159564 ns, Reaching safepoint: 630135 ns, Cleanup: 19256 ns, At safepoint: 70121 ns, Total: 719512 ns
[2024-10-16T07:34:16.959+0000][119][info ][safepoint   ] Safepoint "Cleanup", Time since last: 1713224442 ns, Reaching safepoint: 10900 ns, Cleanup: 40590 ns, At safepoint: 9260 ns, Total: 60750 ns
[2024-10-16T07:34:17.966+0000][119][info ][safepoint   ] Safepoint "Cleanup", Time since last: 1006717498 ns, Reaching safepoint: 25905 ns, Cleanup: 19657 ns, At safepoint: 10492 ns, Total: 56054 ns
[2024-10-16T07:34:18.971+0000][119][info ][safepoint   ] Safepoint "Cleanup", Time since last: 1004938646 ns, Reaching safepoint: 8488 ns, Cleanup: 22102 ns, At safepoint: 5741 ns, Total: 36331 ns
[2024-10-16T07:34:22.985+0000][119][info ][safepoint   ] Safepoint "Cleanup", Time since last: 4013970347 ns, Reaching safepoint: 22449 ns, Cleanup: 11973 ns, At safepoint: 11065 ns, Total: 45487 ns
[2024-10-16T07:34:25.997+0000][119][info ][safepoint   ] Safepoint "Cleanup", Time since last: 3008197824 ns, Reaching safepoint: 365912 ns, Cleanup: 3504451 ns, At safepoint: 201799 ns, Total: 4072162 ns
[2024-10-16T07:34:27.999+0000][119][info ][safepoint   ] Safepoint "Cleanup", Time since last: 2001636719 ns, Reaching safepoint: 29278 ns, Cleanup: 20023 ns, At safepoint: 12566 ns, Total: 61867 ns
[2024-10-16T07:34:29.000+0000][119][info ][safepoint   ] Safepoint "Cleanup", Time since last: 1001072307 ns, Reaching safepoint: 27152 ns, Cleanup: 13066 ns, At safepoint: 11109 ns, Total: 51327 ns
[2024-10-16T07:34:33.008+0000][119][info ][safepoint   ] Safepoint "Cleanup", Time since last: 4007987127 ns, Reaching safepoint: 21908 ns, Cleanup: 14351 ns, At safepoint: 34935 ns, Total: 71194 ns
[2024-10-16T07:34:42.017+0000][119][info ][safepoint   ] Safepoint "Cleanup", Time since last: 9008678765 ns, Reaching safepoint: 31024 ns, Cleanup: 17144 ns, At safepoint: 14046 ns, Total: 62214 ns
[2024-10-16T07:34:46.022+0000][119][info ][safepoint   ] Safepoint "Cleanup", Time since last: 4004635990 ns, Reaching safepoint: 272858 ns, Cleanup: 70818 ns, At safepoint: 59622 ns, Total: 403298 ns
[2024-10-16T07:34:48.024+0000][119][info ][safepoint   ] Safepoint "Cleanup", Time since last: 2001944297 ns, Reaching safepoint: 150449 ns, Cleanup: 24528 ns, At safepoint: 33777 ns, Total: 208754 ns
[2024-10-16T07:34:58.034+0000][119][info ][safepoint   ] Safepoint "Cleanup", Time since last: 10009928497 ns, Reaching safepoint: 24232 ns, Cleanup: 12144 ns, At safepoint: 9976 ns, Total: 46352 ns
[2024-10-16T07:35:06.568+0000][119][info ][safepoint   ] Safepoint "Cleanup", Time since last: 8533755482 ns, Reaching safepoint: 22444 ns, Cleanup: 13510 ns, At safepoint: 9521 ns, Total: 45475 ns
[2024-10-16T07:35:17.580+0000][119][info ][safepoint   ] Safepoint "Cleanup", Time since last: 11011182531 ns, Reaching safepoint: 54779 ns, Cleanup: 14209 ns, At safepoint: 14080 ns, Total: 83068 ns
[2024-10-16T07:35:19.069+0000][119][info ][safepoint   ] Safepoint "Cleanup", Time since last: 1489230724 ns, Reaching safepoint: 7103 ns, Cleanup: 6610 ns, At safepoint: 4842 ns, Total: 18555 ns
[2024-10-16T07:35:21.232+0000][119][info ][safepoint   ] Safepoint "Cleanup", Time since last: 2163605444 ns, Reaching safepoint: 17970 ns, Cleanup: 11137 ns, At safepoint: 8536 ns, Total: 37643 ns
[2024-10-16T07:35:23.118+0000][119][info ][safepoint   ] Safepoint "Cleanup", Time since last: 1885016632 ns, Reaching safepoint: 85060 ns, Cleanup: 69612 ns, At safepoint: 24028 ns, Total: 178700 ns
[2024-10-16T07:35:55.222+0000][119][info ][safepoint   ] Safepoint "Cleanup", Time since last: 32103998884 ns, Reaching safepoint: 32710 ns, Cleanup: 79249 ns, At safepoint: 16505 ns, Total: 128464 ns
[2024-10-16T07:35:57.225+0000][119][info ][safepoint   ] Safepoint "Cleanup", Time since last: 2003589391 ns, Reaching safepoint: 21010 ns, Cleanup: 16196 ns, At safepoint: 15773 ns, Total: 52979 ns
[2024-10-16T07:35:58.226+0000][119][info ][safepoint   ] Safepoint "Cleanup", Time since last: 1000923502 ns, Reaching safepoint: 29436 ns, Cleanup: 65082 ns, At safepoint: 13528 ns, Total: 108046 ns
[2024-10-16T07:35:59.684+0000][119][info ][safepoint   ] Safepoint "Cleanup", Time since last: 1457148511 ns, Reaching safepoint: 22806 ns, Cleanup: 31001 ns, At safepoint: 9901 ns, Total: 63708 ns
[2024-10-16T07:36:00.684+0000][119][info ][safepoint   ] Safepoint "Cleanup", Time since last: 1000764551 ns, Reaching safepoint: 21780 ns, Cleanup: 19050 ns, At safepoint: 10711 ns, Total: 51541 ns
[2024-10-16T07:36:06.604+0000][119][info ][safepoint   ] Safepoint "Cleanup", Time since last: 5919159597 ns, Reaching safepoint: 59137 ns, Cleanup: 19093 ns, At safepoint: 24472 ns, Total: 102702 ns
[2024-10-16T07:36:08.606+0000][119][info ][safepoint   ] Safepoint "Cleanup", Time since last: 2001520069 ns, Reaching safepoint: 24425 ns, Cleanup: 18295 ns, At safepoint: 11138 ns, Total: 53858 ns
[2024-10-16T07:36:09.607+0000][119][info ][safepoint   ] Safepoint "Cleanup", Time since last: 1000865672 ns, Reaching safepoint: 22358 ns, Cleanup: 12357 ns, At safepoint: 9852 ns, Total: 44567 ns
[2024-10-16T07:36:12.610+0000][119][info ][safepoint   ] Safepoint "Cleanup", Time since last: 3003442690 ns, Reaching safepoint: 30300 ns, Cleanup: 16122 ns, At safepoint: 16520 ns, Total: 62942 ns
[2024-10-16T07:36:21.314+0000][119][info ][safepoint   ] Safepoint "Cleanup", Time since last: 8703098999 ns, Reaching safepoint: 572085 ns, Cleanup: 29449 ns, At safepoint: 161627 ns, Total: 763161 ns
[2024-10-16T07:36:22.459+0000][119][info ][safepoint   ] Safepoint "Cleanup", Time since last: 1144470050 ns, Reaching safepoint: 7684 ns, Cleanup: 66310 ns, At safepoint: 9875 ns, Total: 83869 ns
[2024-10-16T07:36:24.273+0000][119][info ][safepoint   ] Safepoint "Cleanup", Time since last: 1815039763 ns, Reaching safepoint: 7404 ns, Cleanup: 6640 ns, At safepoint: 4779 ns, Total: 18823 ns
[2024-10-16T07:36:25.517+0000][119][info ][safepoint   ] Safepoint "Cleanup", Time since last: 1243023046 ns, Reaching safepoint: 21890 ns, Cleanup: 14105 ns, At safepoint: 9991 ns, Total: 45986 ns
[2024-10-16T07:36:27.518+0000][119][info ][safepoint   ] Safepoint "Cleanup", Time since last: 2000950852 ns, Reaching safepoint: 22421 ns, Cleanup: 12047 ns, At safepoint: 10061 ns, Total: 44529 ns
[2024-10-16T07:36:32.528+0000][119][info ][safepoint   ] Safepoint "Cleanup", Time since last: 5010219343 ns, Reaching safepoint: 34863 ns, Cleanup: 16636 ns, At safepoint: 16022 ns, Total: 67521 ns
[2024-10-16T07:36:36.541+0000][119][info ][safepoint   ] Safepoint "Cleanup", Time since last: 4012839773 ns, Reaching safepoint: 56468 ns, Cleanup: 17637 ns, At safepoint: 48960 ns, Total: 123065 ns
[2024-10-16T07:36:42.548+0000][119][info ][safepoint   ] Safepoint "Cleanup", Time since last: 6007774170 ns, Reaching safepoint: 21984 ns, Cleanup: 14715 ns, At safepoint: 9274 ns, Total: 45973 ns
[2024-10-16T07:36:47.553+0000][119][info ][safepoint   ] Safepoint "Cleanup", Time since last: 5005241818 ns, Reaching safepoint: 21462 ns, Cleanup: 12797 ns, At safepoint: 10027 ns, Total: 44286 ns
[2024-10-16T07:36:55.084+0000][119][info ][safepoint   ] Safepoint "Cleanup", Time since last: 7530387071 ns, Reaching safepoint: 6989 ns, Cleanup: 8149 ns, At safepoint: 4485 ns, Total: 19623 ns
[2024-10-16T07:36:56.252+0000][119][info ][safepoint   ] Safepoint "Cleanup", Time since last: 1168406200 ns, Reaching safepoint: 22031 ns, Cleanup: 14219 ns, At safepoint: 10088 ns, Total: 46338 ns
[2024-10-16T07:37:00.291+0000][119][info ][safepoint   ] Safepoint "Cleanup", Time since last: 4039000384 ns, Reaching safepoint: 21460 ns, Cleanup: 15211 ns, At safepoint: 9268 ns, Total: 45939 ns
[2024-10-16T07:37:01.292+0000][119][info ][safepoint   ] Safepoint "Cleanup", Time since last: 1001033346 ns, Reaching safepoint: 28370 ns, Cleanup: 23557 ns, At safepoint: 14957 ns, Total: 66884 ns
[2024-10-16T07:37:03.294+0000][119][info ][safepoint   ] Safepoint "Cleanup", Time since last: 2001788637 ns, Reaching safepoint: 22631 ns, Cleanup: 16159 ns, At safepoint: 11012 ns, Total: 49802 ns
[2024-10-16T07:37:06.806+0000][119][info ][safepoint   ] Safepoint "Cleanup", Time since last: 3511755092 ns, Reaching safepoint: 21253 ns, Cleanup: 13961 ns, At safepoint: 10463 ns, Total: 45677 ns
[2024-10-16T07:37:07.808+0000][119][info ][safepoint   ] Safepoint "Cleanup", Time since last: 1001199327 ns, Reaching safepoint: 22630 ns, Cleanup: 16720 ns, At safepoint: 9857 ns, Total: 49207 ns
[2024-10-16T07:37:24.303+0000][119][info ][safepoint   ] Safepoint "Cleanup", Time since last: 16493811887 ns, Reaching safepoint: 950998 ns, Cleanup: 13177 ns, At safepoint: 90426 ns, Total: 1054601 ns
[2024-10-16T07:37:25.682+0000][119][info ][safepoint   ] Safepoint "Cleanup", Time since last: 1379337529 ns, Reaching safepoint: 35542 ns, Cleanup: 25729 ns, At safepoint: 68091 ns, Total: 129362 ns
[2024-10-16T07:37:27.307+0000][119][info ][safepoint   ] Safepoint "Cleanup", Time since last: 1624431607 ns, Reaching safepoint: 12733 ns, Cleanup: 10242 ns, At safepoint: 6507 ns, Total: 29482 ns
[2024-10-16T07:37:31.998+0000][119][info ][safepoint   ] Safepoint "Cleanup", Time since last: 4690920826 ns, Reaching safepoint: 21274 ns, Cleanup: 13428 ns, At safepoint: 9249 ns, Total: 43951 ns
[2024-10-16T07:37:32.999+0000][119][info ][safepoint   ] Safepoint "Cleanup", Time since last: 1001500097 ns, Reaching safepoint: 72911 ns, Cleanup: 28815 ns, At safepoint: 14641 ns, Total: 116367 ns
[2024-10-16T07:37:44.014+0000][119][info ][safepoint   ] Safepoint "Cleanup", Time since last: 11014424498 ns, Reaching safepoint: 111582 ns, Cleanup: 17496 ns, At safepoint: 13260 ns, Total: 142338 ns
[2024-10-16T07:38:00.030+0000][119][info ][safepoint   ] Safepoint "Cleanup", Time since last: 16015756769 ns, Reaching safepoint: 30793 ns, Cleanup: 15614 ns, At safepoint: 11409 ns, Total: 57816 ns
[2024-10-16T07:38:07.009+0000][119][info ][safepoint   ] Safepoint "Cleanup", Time since last: 6979128182 ns, Reaching safepoint: 45379 ns, Cleanup: 13656 ns, At safepoint: 10003 ns, Total: 69038 ns
[2024-10-16T07:38:09.308+0000][119][info ][safepoint   ] Safepoint "Cleanup", Time since last: 2298353418 ns, Reaching safepoint: 12057 ns, Cleanup: 18479 ns, At safepoint: 7289 ns, Total: 37825 ns
[2024-10-16T07:38:11.067+0000][119][info ][safepoint   ] Safepoint "Cleanup", Time since last: 1758474267 ns, Reaching safepoint: 21287 ns, Cleanup: 16021 ns, At safepoint: 10190 ns, Total: 47498 ns
[2024-10-16T07:38:17.112+0000][119][info ][safepoint   ] Safepoint "Cleanup", Time since last: 6045844761 ns, Reaching safepoint: 34021 ns, Cleanup: 20558 ns, At safepoint: 13635 ns, Total: 68214 ns
[2024-10-16T07:38:19.115+0000][119][info ][safepoint   ] Safepoint "Cleanup", Time since last: 2002208890 ns, Reaching safepoint: 22101 ns, Cleanup: 12766 ns, At safepoint: 9705 ns, Total: 44572 ns
[2024-10-16T07:38:26.173+0000][119][info ][safepoint   ] Safepoint "Cleanup", Time since last: 7058316280 ns, Reaching safepoint: 52958 ns, Cleanup: 28707 ns, At safepoint: 27477 ns, Total: 109142 ns
[2024-10-16T07:38:27.408+0000][119][info ][safepoint   ] Safepoint "Cleanup", Time since last: 1234176287 ns, Reaching safepoint: 21516 ns, Cleanup: 249715 ns, At safepoint: 89854 ns, Total: 361085 ns
[2024-10-16T07:38:28.412+0000][119][info ][safepoint   ] Safepoint "Cleanup", Time since last: 1003943994 ns, Reaching safepoint: 36711 ns, Cleanup: 24333 ns, At safepoint: 23670 ns, Total: 84714 ns
[2024-10-16T07:38:30.309+0000][119][info ][safepoint   ] Safepoint "Cleanup", Time since last: 1897371682 ns, Reaching safepoint: 7043 ns, Cleanup: 10641 ns, At safepoint: 4715 ns, Total: 22399 ns
[2024-10-16T07:38:31.445+0000][119][info ][safepoint   ] Safepoint "Cleanup", Time since last: 1136305214 ns, Reaching safepoint: 20588 ns, Cleanup: 20498 ns, At safepoint: 10209 ns, Total: 51295 ns
[2024-10-16T07:38:37.487+0000][119][info ][safepoint   ] Safepoint "Cleanup", Time since last: 6041039248 ns, Reaching safepoint: 31308 ns, Cleanup: 15651 ns, At safepoint: 9957 ns, Total: 56916 ns
[2024-10-16T07:38:39.675+0000][119][info ][safepoint   ] Safepoint "Cleanup", Time since last: 2188220656 ns, Reaching safepoint: 29528 ns, Cleanup: 16577 ns, At safepoint: 14383 ns, Total: 60488 ns
[2024-10-16T07:38:42.678+0000][119][info ][safepoint   ] Safepoint "Cleanup", Time since last: 3002978596 ns, Reaching safepoint: 22861 ns, Cleanup: 13948 ns, At safepoint: 9667 ns, Total: 46476 ns
[2024-10-16T07:38:47.683+0000][119][info ][safepoint   ] Safepoint "Cleanup", Time since last: 5004748989 ns, Reaching safepoint: 22624 ns, Cleanup: 13395 ns, At safepoint: 10276 ns, Total: 46295 ns
[2024-10-16T07:38:52.687+0000][119][info ][safepoint   ] Safepoint "Cleanup", Time since last: 5004729937 ns, Reaching safepoint: 83150 ns, Cleanup: 12673 ns, At safepoint: 13302 ns, Total: 109125 ns
[2024-10-16T07:38:56.691+0000][119][info ][safepoint   ] Safepoint "Cleanup", Time since last: 4004008446 ns, Reaching safepoint: 21705 ns, Cleanup: 12424 ns, At safepoint: 10378 ns, Total: 44507 ns
[2024-10-16T07:38:57.693+0000][119][info ][safepoint   ] Safepoint "Cleanup", Time since last: 1001043981 ns, Reaching safepoint: 21360 ns, Cleanup: 13081 ns, At safepoint: 10794 ns, Total: 45235 ns
[2024-10-16T07:39:02.698+0000][119][info ][safepoint   ] Safepoint "Cleanup", Time since last: 5004951435 ns, Reaching safepoint: 28114 ns, Cleanup: 20541 ns, At safepoint: 11486 ns, Total: 60141 ns
[2024-10-16T07:39:07.125+0000][119][info ][safepoint   ] Safepoint "Cleanup", Time since last: 4427866635 ns, Reaching safepoint: 21571 ns, Cleanup: 16174 ns, At safepoint: 9704 ns, Total: 47449 ns
[2024-10-16T07:39:22.141+0000][119][info ][safepoint   ] Safepoint "Cleanup", Time since last: 15015023038 ns, Reaching safepoint: 22464 ns, Cleanup: 14007 ns, At safepoint: 10556 ns, Total: 47027 ns
[2024-10-16T07:39:27.146+0000][119][info ][safepoint   ] Safepoint "Cleanup", Time since last: 5005010108 ns, Reaching safepoint: 85216 ns, Cleanup: 11925 ns, At safepoint: 9643 ns, Total: 106784 ns
[2024-10-16T07:39:28.148+0000][119][info ][safepoint   ] Safepoint "Cleanup", Time since last: 1001933326 ns, Reaching safepoint: 21655 ns, Cleanup: 12689 ns, At safepoint: 10726 ns, Total: 45070 ns
[2024-10-16T07:39:29.149+0000][119][info ][safepoint   ] Safepoint "Cleanup", Time since last: 1000755813 ns, Reaching safepoint: 32062 ns, Cleanup: 16956 ns, At safepoint: 12847 ns, Total: 61865 ns
[2024-10-16T07:39:30.320+0000][119][info ][safepoint   ] Safepoint "Cleanup", Time since last: 1171375531 ns, Reaching safepoint: 8329 ns, Cleanup: 7784 ns, At safepoint: 5784 ns, Total: 21897 ns
[2024-10-16T07:39:31.600+0000][119][info ][safepoint   ] Safepoint "Cleanup", Time since last: 1279611053 ns, Reaching safepoint: 21372 ns, Cleanup: 41998 ns, At safepoint: 46643 ns, Total: 110013 ns
[2024-10-16T07:39:33.332+0000][119][info ][safepoint   ] Safepoint "Cleanup", Time since last: 1732051377 ns, Reaching safepoint: 13465 ns, Cleanup: 17018 ns, At safepoint: 8337 ns, Total: 38820 ns
[2024-10-16T07:39:34.656+0000][119][info ][safepoint   ] Safepoint "Cleanup", Time since last: 1324036717 ns, Reaching safepoint: 19167 ns, Cleanup: 23878 ns, At safepoint: 7948 ns, Total: 50993 ns
[2024-10-16T07:39:47.668+0000][119][info ][safepoint   ] Safepoint "Cleanup", Time since last: 13011825445 ns, Reaching safepoint: 23828 ns, Cleanup: 55258 ns, At safepoint: 11431 ns, Total: 90517 ns
[2024-10-16T07:39:48.669+0000][119][info ][safepoint   ] Safepoint "Cleanup", Time since last: 1000578855 ns, Reaching safepoint: 20979 ns, Cleanup: 12835 ns, At safepoint: 9419 ns, Total: 43233 ns
[2024-10-16T07:40:07.139+0000][119][info ][safepoint   ] Safepoint "Cleanup", Time since last: 18470225410 ns, Reaching safepoint: 29370 ns, Cleanup: 22219 ns, At safepoint: 26851 ns, Total: 78440 ns
[2024-10-16T07:40:22.155+0000][119][info ][safepoint   ] Safepoint "Cleanup", Time since last: 15015070161 ns, Reaching safepoint: 22737 ns, Cleanup: 13924 ns, At safepoint: 9664 ns, Total: 46325 ns
[2024-10-16T07:40:29.162+0000][119][info ][safepoint   ] Safepoint "Cleanup", Time since last: 7006784862 ns, Reaching safepoint: 50597 ns, Cleanup: 12174 ns, At safepoint: 9999 ns, Total: 72770 ns
[2024-10-16T07:40:33.344+0000][119][info ][safepoint   ] Safepoint "Cleanup", Time since last: 4182346089 ns, Reaching safepoint: 7310 ns, Cleanup: 6852 ns, At safepoint: 4780 ns, Total: 18942 ns
[2024-10-16T07:40:34.732+0000][119][info ][safepoint   ] Safepoint "Cleanup", Time since last: 1387712596 ns, Reaching safepoint: 33690 ns, Cleanup: 16926 ns, At safepoint: 14910 ns, Total: 65526 ns
[2024-10-16T07:40:36.327+0000][119][info ][safepoint   ] Safepoint "Cleanup", Time since last: 1595015977 ns, Reaching safepoint: 12949 ns, Cleanup: 16078 ns, At safepoint: 103291 ns, Total: 132318 ns
[2024-10-16T07:40:37.846+0000][119][info ][safepoint   ] Safepoint "Cleanup", Time since last: 1431611973 ns, Reaching safepoint: 45344 ns, Cleanup: 44288 ns, At safepoint: 18030 ns, Total: 107662 ns
[2024-10-16T07:41:04.873+0000][119][info ][safepoint   ] Safepoint "Cleanup", Time since last: 27026860443 ns, Reaching safepoint: 21998 ns, Cleanup: 13735 ns, At safepoint: 9421 ns, Total: 45154 ns
[2024-10-16T07:41:33.543+0000][119][info ][safepoint   ] Safepoint "Cleanup", Time since last: 28669527830 ns, Reaching safepoint: 14827 ns, Cleanup: 17957 ns, At safepoint: 51597 ns, Total: 84381 ns
[2024-10-16T07:41:34.935+0000][119][info ][safepoint   ] Safepoint "Cleanup", Time since last: 1390448730 ns, Reaching safepoint: 903446 ns, Cleanup: 26681 ns, At safepoint: 117465 ns, Total: 1047592 ns
[2024-10-16T07:41:37.939+0000][119][info ][safepoint   ] Safepoint "Cleanup", Time since last: 3002800792 ns, Reaching safepoint: 29768 ns, Cleanup: 13172 ns, At safepoint: 10429 ns, Total: 53369 ns
[2024-10-16T07:41:39.944+0000][119][info ][safepoint   ] Safepoint "Cleanup", Time since last: 2005283006 ns, Reaching safepoint: 18327 ns, Cleanup: 15740 ns, At safepoint: 7306 ns, Total: 41373 ns
[2024-10-16T07:41:42.961+0000][119][info ][safepoint   ] Safepoint "Cleanup", Time since last: 3016547792 ns, Reaching safepoint: 44906 ns, Cleanup: 12110 ns, At safepoint: 12548 ns, Total: 69564 ns
[2024-10-16T07:41:57.976+0000][119][info ][safepoint   ] Safepoint "Cleanup", Time since last: 15015073195 ns, Reaching safepoint: 24359 ns, Cleanup: 13249 ns, At safepoint: 10000 ns, Total: 47608 ns
[2024-10-16T07:42:03.981+0000][119][info ][safepoint   ] Safepoint "Cleanup", Time since last: 6004979576 ns, Reaching safepoint: 40614 ns, Cleanup: 26673 ns, At safepoint: 20637 ns, Total: 87924 ns
[2024-10-16T07:42:05.982+0000][119][info ][safepoint   ] Safepoint "Cleanup", Time since last: 2001690868 ns, Reaching safepoint: 22609 ns, Cleanup: 20484 ns, At safepoint: 10055 ns, Total: 53148 ns
[2024-10-16T07:42:07.427+0000][119][info ][safepoint   ] Safepoint "Cleanup", Time since last: 1444329453 ns, Reaching safepoint: 28455 ns, Cleanup: 19670 ns, At safepoint: 15282 ns, Total: 63407 ns
[2024-10-16T07:42:25.175+0000][119][info ][safepoint   ] Safepoint "Cleanup", Time since last: 17746869029 ns, Reaching safepoint: 20044 ns, Cleanup: 12744 ns, At safepoint: 9440 ns, Total: 42228 ns
[2024-10-16T07:42:27.027+0000][119][info ][safepoint   ] Safepoint "Cleanup", Time since last: 1851790537 ns, Reaching safepoint: 22117 ns, Cleanup: 20927 ns, At safepoint: 46860 ns, Total: 89904 ns
[2024-10-16T07:42:29.028+0000][119][info ][safepoint   ] Safepoint "Cleanup", Time since last: 2001914705 ns, Reaching safepoint: 20815 ns, Cleanup: 21815 ns, At safepoint: 10084 ns, Total: 52714 ns
[2024-10-16T07:42:30.054+0000][119][info ][safepoint   ] Safepoint "Cleanup", Time since last: 1025117019 ns, Reaching safepoint: 38532 ns, Cleanup: 29468 ns, At safepoint: 18210 ns, Total: 86210 ns
[2024-10-16T07:42:36.433+0000][119][info ][safepoint   ] Safepoint "Cleanup", Time since last: 6379396933 ns, Reaching safepoint: 7303 ns, Cleanup: 6953 ns, At safepoint: 4571 ns, Total: 18827 ns
[2024-10-16T07:42:38.046+0000][119][info ][safepoint   ] Safepoint "Cleanup", Time since last: 1611329647 ns, Reaching safepoint: 848989 ns, Cleanup: 21721 ns, At safepoint: 110446 ns, Total: 981156 ns
[2024-10-16T07:42:42.433+0000][119][info ][safepoint   ] Safepoint "Cleanup", Time since last: 4387389847 ns, Reaching safepoint: 6728 ns, Cleanup: 11929 ns, At safepoint: 4801 ns, Total: 23458 ns
[2024-10-16T07:42:44.064+0000][119][info ][safepoint   ] Safepoint "Cleanup", Time since last: 1630686890 ns, Reaching safepoint: 63828 ns, Cleanup: 30078 ns, At safepoint: 11878 ns, Total: 105784 ns
[2024-10-16T07:43:00.080+0000][119][info ][safepoint   ] Safepoint "Cleanup", Time since last: 16015838747 ns, Reaching safepoint: 23481 ns, Cleanup: 12766 ns, At safepoint: 10708 ns, Total: 46955 ns
[2024-10-16T07:43:06.495+0000][119][info ][safepoint   ] Safepoint "Cleanup", Time since last: 6414786106 ns, Reaching safepoint: 15540 ns, Cleanup: 159642 ns, At safepoint: 26085 ns, Total: 201267 ns
[2024-10-16T07:43:07.497+0000][119][info ][safepoint   ] Safepoint "Cleanup", Time since last: 1002037615 ns, Reaching safepoint: 21211 ns, Cleanup: 19754 ns, At safepoint: 10964 ns, Total: 51929 ns
[2024-10-16T07:43:09.497+0000][119][info ][safepoint   ] Safepoint "Cleanup", Time since last: 1998765374 ns, Reaching safepoint: 11110 ns, Cleanup: 10424 ns, At safepoint: 5760 ns, Total: 27294 ns
[2024-10-16T07:43:11.181+0000][119][info ][safepoint   ] Safepoint "Cleanup", Time since last: 1684109744 ns, Reaching safepoint: 31409 ns, Cleanup: 25089 ns, At safepoint: 11459 ns, Total: 67957 ns
[2024-10-16T07:43:25.221+0000][119][info ][safepoint   ] Safepoint "Cleanup", Time since last: 14039767162 ns, Reaching safepoint: 24364 ns, Cleanup: 12778 ns, At safepoint: 14702 ns, Total: 51844 ns
[2024-10-16T07:43:30.225+0000][119][info ][safepoint   ] Safepoint "Cleanup", Time since last: 5004197413 ns, Reaching safepoint: 67143 ns, Cleanup: 16157 ns, At safepoint: 13905 ns, Total: 97205 ns
[2024-10-16T07:43:35.230+0000][119][info ][safepoint   ] Safepoint "Cleanup", Time since last: 5004848390 ns, Reaching safepoint: 21864 ns, Cleanup: 12110 ns, At safepoint: 10031 ns, Total: 44005 ns
[2024-10-16T07:43:38.516+0000][119][info ][safepoint   ] Safepoint "Cleanup", Time since last: 3288703000 ns, Reaching safepoint: 8440 ns, Cleanup: 7176 ns, At safepoint: 4944 ns, Total: 20560 ns
[2024-10-16T07:43:39.517+0000][119][info ][safepoint   ] Safepoint "Cleanup", Time since last: 1000935413 ns, Reaching safepoint: 10855 ns, Cleanup: 9583 ns, At safepoint: 5528 ns, Total: 25966 ns
[2024-10-16T07:43:41.352+0000][119][info ][safepoint   ] Safepoint "Cleanup", Time since last: 1835230578 ns, Reaching safepoint: 12775 ns, Cleanup: 23838 ns, At safepoint: 8042 ns, Total: 44655 ns
[2024-10-16T07:43:46.366+0000][119][info ][safepoint   ] Safepoint "Cleanup", Time since last: 5013957995 ns, Reaching safepoint: 13174 ns, Cleanup: 9793 ns, At safepoint: 9824 ns, Total: 32791 ns
[2024-10-16T07:43:57.384+0000][119][info ][safepoint   ] Safepoint "Cleanup", Time since last: 11017925560 ns, Reaching safepoint: 22115 ns, Cleanup: 12643 ns, At safepoint: 9922 ns, Total: 44680 ns
[2024-10-16T07:43:59.386+0000][119][info ][safepoint   ] Safepoint "Cleanup", Time since last: 2001924178 ns, Reaching safepoint: 21341 ns, Cleanup: 12338 ns, At safepoint: 10394 ns, Total: 44073 ns
[2024-10-16T07:44:02.389+0000][119][info ][safepoint   ] Safepoint "Cleanup", Time since last: 3003110163 ns, Reaching safepoint: 20479 ns, Cleanup: 20293 ns, At safepoint: 10153 ns, Total: 50925 ns
[2024-10-16T07:44:06.394+0000][119][info ][safepoint   ] Safepoint "Cleanup", Time since last: 4004149983 ns, Reaching safepoint: 22316 ns, Cleanup: 13077 ns, At safepoint: 11480 ns, Total: 46873 ns
[2024-10-16T07:44:07.554+0000][119][info ][safepoint   ] Safepoint "Cleanup", Time since last: 1160434646 ns, Reaching safepoint: 21730 ns, Cleanup: 16115 ns, At safepoint: 10860 ns, Total: 48705 ns
[2024-10-16T07:44:28.580+0000][119][info ][safepoint   ] Safepoint "Cleanup", Time since last: 21020954515 ns, Reaching safepoint: 26683 ns, Cleanup: 15016 ns, At safepoint: 12239 ns, Total: 53938 ns
[2024-10-16T07:44:29.581+0000][119][info ][safepoint   ] Safepoint "Cleanup", Time since last: 1001190653 ns, Reaching safepoint: 21140 ns, Cleanup: 25908 ns, At safepoint: 12361 ns, Total: 59409 ns
[2024-10-16T07:44:42.504+0000][119][info ][safepoint   ] Safepoint "Cleanup", Time since last: 12923114542 ns, Reaching safepoint: 13690 ns, Cleanup: 8986 ns, At safepoint: 5007 ns, Total: 27683 ns
[2024-10-16T07:44:44.473+0000][119][info ][safepoint   ] Safepoint "Cleanup", Time since last: 1968587161 ns, Reaching safepoint: 21153 ns, Cleanup: 24150 ns, At safepoint: 10518 ns, Total: 55821 ns
[2024-10-16T07:44:46.475+0000][119][info ][safepoint   ] Safepoint "Cleanup", Time since last: 2002402049 ns, Reaching safepoint: 39330 ns, Cleanup: 24055 ns, At safepoint: 80570 ns, Total: 143955 ns
[2024-10-16T07:44:49.481+0000][119][info ][safepoint   ] Safepoint "Cleanup", Time since last: 3006150906 ns, Reaching safepoint: 7229 ns, Cleanup: 10529 ns, At safepoint: 5005 ns, Total: 22763 ns
[2024-10-16T07:44:58.502+0000][119][info ][safepoint   ] Safepoint "Cleanup", Time since last: 9020549271 ns, Reaching safepoint: 21939 ns, Cleanup: 12624 ns, At safepoint: 10175 ns, Total: 44738 ns
[2024-10-16T07:44:59.503+0000][119][info ][safepoint   ] Safepoint "Cleanup", Time since last: 1000835466 ns, Reaching safepoint: 21249 ns, Cleanup: 12433 ns, At safepoint: 8915 ns, Total: 42597 ns
[2024-10-16T07:45:01.505+0000][119][info ][safepoint   ] Safepoint "Cleanup", Time since last: 2001870924 ns, Reaching safepoint: 42818 ns, Cleanup: 12059 ns, At safepoint: 9527 ns, Total: 64404 ns
[2024-10-16T07:45:06.510+0000][119][info ][safepoint   ] Safepoint "Cleanup", Time since last: 5005011105 ns, Reaching safepoint: 32148 ns, Cleanup: 16242 ns, At safepoint: 13753 ns, Total: 62143 ns
[2024-10-16T07:45:27.618+0000][119][info ][safepoint   ] Safepoint "Cleanup", Time since last: 21106139813 ns, Reaching safepoint: 20990 ns, Cleanup: 14573 ns, At safepoint: 10394 ns, Total: 45957 ns
[2024-10-16T07:45:46.548+0000][119][info ][safepoint   ] Safepoint "Cleanup", Time since last: 18928732575 ns, Reaching safepoint: 20964 ns, Cleanup: 12048 ns, At safepoint: 9403 ns, Total: 42415 ns
[2024-10-16T07:45:48.586+0000][119][info ][safepoint   ] Safepoint "Cleanup", Time since last: 2038354877 ns, Reaching safepoint: 31069 ns, Cleanup: 17357 ns, At safepoint: 13664 ns, Total: 62090 ns
[2024-10-16T07:45:52.606+0000][119][info ][safepoint   ] Safepoint "Cleanup", Time since last: 4018439901 ns, Reaching safepoint: 1064887 ns, Cleanup: 22066 ns, At safepoint: 106480 ns, Total: 1193433 ns
[2024-10-16T07:45:53.625+0000][119][info ][safepoint   ] Safepoint "Cleanup", Time since last: 1018903321 ns, Reaching safepoint: 20836 ns, Cleanup: 15019 ns, At safepoint: 9932 ns, Total: 45787 ns
[2024-10-16T07:45:54.626+0000][119][info ][safepoint   ] Safepoint "Cleanup", Time since last: 1000908968 ns, Reaching safepoint: 25748 ns, Cleanup: 13389 ns, At safepoint: 12002 ns, Total: 51139 ns
[2024-10-16T07:45:57.629+0000][119][info ][safepoint   ] Safepoint "Cleanup", Time since last: 3002914082 ns, Reaching safepoint: 21661 ns, Cleanup: 13597 ns, At safepoint: 10773 ns, Total: 46031 ns
[2024-10-16T07:45:58.630+0000][119][info ][safepoint   ] Safepoint "Cleanup", Time since last: 1000908473 ns, Reaching safepoint: 27975 ns, Cleanup: 14390 ns, At safepoint: 10721 ns, Total: 53086 ns
[2024-10-16T07:46:45.705+0000][119][info ][safepoint   ] Safepoint "Cleanup", Time since last: 47079173967 ns, Reaching safepoint: 30172 ns, Cleanup: 18307 ns, At safepoint: 56402 ns, Total: 104881 ns
[2024-10-16T07:46:48.897+0000][119][info ][safepoint   ] Safepoint "Cleanup", Time since last: 3191972549 ns, Reaching safepoint: 21103 ns, Cleanup: 15086 ns, At safepoint: 11594 ns, Total: 47783 ns
[2024-10-16T07:46:51.931+0000][119][info ][safepoint   ] Safepoint "Cleanup", Time since last: 3033592263 ns, Reaching safepoint: 20317 ns, Cleanup: 11169 ns, At safepoint: 9233 ns, Total: 40719 ns
[2024-10-16T07:46:54.947+0000][119][info ][safepoint   ] Safepoint "Cleanup", Time since last: 3015223654 ns, Reaching safepoint: 1047663 ns, Cleanup: 19607 ns, At safepoint: 74581 ns, Total: 1141851 ns
[2024-10-16T07:46:55.957+0000][119][info ][safepoint   ] Safepoint "Cleanup", Time since last: 1009843796 ns, Reaching safepoint: 57900 ns, Cleanup: 85976 ns, At safepoint: 21739 ns, Total: 165615 ns
[2024-10-16T07:46:57.960+0000][119][info ][safepoint   ] Safepoint "Cleanup", Time since last: 2002648281 ns, Reaching safepoint: 20281 ns, Cleanup: 15260 ns, At safepoint: 9764 ns, Total: 45305 ns
[2024-10-16T07:46:58.961+0000][119][info ][safepoint   ] Safepoint "Cleanup", Time since last: 1001120494 ns, Reaching safepoint: 31635 ns, Cleanup: 65303 ns, At safepoint: 19937 ns, Total: 116875 ns
[2024-10-16T07:46:59.962+0000][119][info ][safepoint   ] Safepoint "Cleanup", Time since last: 1000992338 ns, Reaching safepoint: 31966 ns, Cleanup: 14181 ns, At safepoint: 10438 ns, Total: 56585 ns
[2024-10-16T07:47:02.965+0000][119][info ][safepoint   ] Safepoint "Cleanup", Time since last: 3002922341 ns, Reaching safepoint: 38366 ns, Cleanup: 22056 ns, At safepoint: 18072 ns, Total: 78494 ns
[2024-10-16T07:47:10.657+0000][119][info ][safepoint   ] Safepoint "Cleanup", Time since last: 7685740862 ns, Reaching safepoint: 26627 ns, Cleanup: 16615 ns, At safepoint: 11792 ns, Total: 55034 ns
[2024-10-16T07:47:12.659+0000][119][info ][safepoint   ] Safepoint "Cleanup", Time since last: 2001975091 ns, Reaching safepoint: 19887 ns, Cleanup: 11822 ns, At safepoint: 9476 ns, Total: 41185 ns
[2024-10-16T07:47:51.608+0000][119][info ][safepoint   ] Safepoint "Cleanup", Time since last: 38947389667 ns, Reaching safepoint: 27449 ns, Cleanup: 17089 ns, At safepoint: 12491 ns, Total: 57029 ns
[2024-10-16T07:47:53.121+0000][119][info ][safepoint   ] Safepoint "Cleanup", Time since last: 1513760926 ns, Reaching safepoint: 28870 ns, Cleanup: 42048 ns, At safepoint: 75897 ns, Total: 146815 ns
[2024-10-16T07:47:54.122+0000][119][info ][safepoint   ] Safepoint "Cleanup", Time since last: 1000482413 ns, Reaching safepoint: 30582 ns, Cleanup: 16206 ns, At safepoint: 13348 ns, Total: 60136 ns
[2024-10-16T07:47:55.123+0000][119][info ][safepoint   ] Safepoint "Cleanup", Time since last: 1001227579 ns, Reaching safepoint: 22108 ns, Cleanup: 12347 ns, At safepoint: 9785 ns, Total: 44240 ns
[2024-10-16T07:47:56.124+0000][119][info ][safepoint   ] Safepoint "Cleanup", Time since last: 1001033761 ns, Reaching safepoint: 21837 ns, Cleanup: 12297 ns, At safepoint: 9531 ns, Total: 43665 ns
[2024-10-16T07:47:57.568+0000][119][info ][safepoint   ] Safepoint "Cleanup", Time since last: 1443128811 ns, Reaching safepoint: 17225 ns, Cleanup: 12709 ns, At safepoint: 10305 ns, Total: 40239 ns
[2024-10-16T07:47:59.143+0000][119][info ][safepoint   ] Safepoint "Cleanup", Time since last: 1575436439 ns, Reaching safepoint: 19745 ns, Cleanup: 18040 ns, At safepoint: 11020 ns, Total: 48805 ns
[2024-10-16T07:48:00.144+0000][119][info ][safepoint   ] Safepoint "Cleanup", Time since last: 1000992306 ns, Reaching safepoint: 22169 ns, Cleanup: 15446 ns, At safepoint: 11708 ns, Total: 49323 ns
[2024-10-16T07:48:04.148+0000][119][info ][safepoint   ] Safepoint "Cleanup", Time since last: 4004085670 ns, Reaching safepoint: 30691 ns, Cleanup: 16626 ns, At safepoint: 14705 ns, Total: 62022 ns
[2024-10-16T07:48:06.839+0000][119][info ][safepoint   ] Safepoint "Cleanup", Time since last: 2690493283 ns, Reaching safepoint: 7926 ns, Cleanup: 14560 ns, At safepoint: 5196 ns, Total: 27682 ns
[2024-10-16T07:48:07.841+0000][119][info ][safepoint   ] Safepoint "Cleanup", Time since last: 1001223526 ns, Reaching safepoint: 20019 ns, Cleanup: 15728 ns, At safepoint: 9422 ns, Total: 45169 ns
[2024-10-16T07:48:09.574+0000][119][info ][safepoint   ] Safepoint "Cleanup", Time since last: 1733178028 ns, Reaching safepoint: 24770 ns, Cleanup: 16835 ns, At safepoint: 12494 ns, Total: 54099 ns
[2024-10-16T07:48:11.185+0000][119][info ][safepoint   ] Safepoint "Cleanup", Time since last: 1609920956 ns, Reaching safepoint: 1024885 ns, Cleanup: 18556 ns, At safepoint: 145654 ns, Total: 1189095 ns
[2024-10-16T07:48:30.243+0000][119][info ][safepoint   ] Safepoint "Cleanup", Time since last: 19057955398 ns, Reaching safepoint: 28147 ns, Cleanup: 18443 ns, At safepoint: 14735 ns, Total: 61325 ns
[2024-10-16T07:48:38.583+0000][119][info ][safepoint   ] Safepoint "Cleanup", Time since last: 8339084813 ns, Reaching safepoint: 6904 ns, Cleanup: 12294 ns, At safepoint: 5561 ns, Total: 24759 ns
[2024-10-16T07:48:52.990+0000][119][info ][safepoint   ] Safepoint "Cleanup", Time since last: 14406642267 ns, Reaching safepoint: 43031 ns, Cleanup: 18092 ns, At safepoint: 15455 ns, Total: 76578 ns
[2024-10-16T07:48:54.567+0000][119][info ][safepoint   ] Safepoint "Cleanup", Time since last: 1576594246 ns, Reaching safepoint: 196974 ns, Cleanup: 12425 ns, At safepoint: 78135 ns, Total: 287534 ns
[2024-10-16T07:48:56.364+0000][119][info ][safepoint   ] Safepoint "Cleanup", Time since last: 1797186484 ns, Reaching safepoint: 13477 ns, Cleanup: 19422 ns, At safepoint: 7901 ns, Total: 40800 ns
[2024-10-16T07:49:00.857+0000][119][info ][safepoint   ] Safepoint "Cleanup", Time since last: 4493039559 ns, Reaching safepoint: 7857 ns, Cleanup: 8217 ns, At safepoint: 4787 ns, Total: 20861 ns
[2024-10-16T07:49:02.406+0000][119][info ][safepoint   ] Safepoint "Cleanup", Time since last: 1548494784 ns, Reaching safepoint: 42423 ns, Cleanup: 170847 ns, At safepoint: 59789 ns, Total: 273059 ns
[2024-10-16T07:49:06.412+0000][119][info ][safepoint   ] Safepoint "Cleanup", Time since last: 4005794145 ns, Reaching safepoint: 26338 ns, Cleanup: 17201 ns, At safepoint: 11888 ns, Total: 55427 ns
[2024-10-16T07:49:17.975+0000][119][info ][safepoint   ] Safepoint "Cleanup", Time since last: 11561914961 ns, Reaching safepoint: 20489 ns, Cleanup: 11738 ns, At safepoint: 10017 ns, Total: 42244 ns
[2024-10-16T07:49:29.996+0000][119][info ][safepoint   ] Safepoint "Cleanup", Time since last: 12021272088 ns, Reaching safepoint: 21380 ns, Cleanup: 12148 ns, At safepoint: 9936 ns, Total: 43464 ns
[2024-10-16T07:49:53.205+0000][119][info ][safepoint   ] Safepoint "Cleanup", Time since last: 23207799672 ns, Reaching safepoint: 66710 ns, Cleanup: 15301 ns, At safepoint: 15807 ns, Total: 97818 ns
[2024-10-16T07:49:55.316+0000][119][info ][safepoint   ] Safepoint "Cleanup", Time since last: 2111478456 ns, Reaching safepoint: 13190 ns, Cleanup: 9747 ns, At safepoint: 8781 ns, Total: 31718 ns
[2024-10-16T07:49:57.214+0000][119][info ][safepoint   ] Safepoint "Cleanup", Time since last: 1897280424 ns, Reaching safepoint: 30792 ns, Cleanup: 18891 ns, At safepoint: 56028 ns, Total: 105711 ns
[2024-10-16T07:50:04.555+0000][119][info ][safepoint   ] Safepoint "Cleanup", Time since last: 7341000264 ns, Reaching safepoint: 6807 ns, Cleanup: 9350 ns, At safepoint: 4559 ns, Total: 20716 ns
[2024-10-16T07:50:06.575+0000][119][info ][safepoint   ] Safepoint "Cleanup", Time since last: 2019852666 ns, Reaching safepoint: 31313 ns, Cleanup: 18482 ns, At safepoint: 14439 ns, Total: 64234 ns
[2024-10-16T07:50:13.191+0000][119][info ][safepoint   ] Safepoint "Cleanup", Time since last: 6615058745 ns, Reaching safepoint: 22978 ns, Cleanup: 13542 ns, At safepoint: 11340 ns, Total: 47860 ns
[2024-10-16T07:50:48.227+0000][119][info ][safepoint   ] Safepoint "Cleanup", Time since last: 35034933908 ns, Reaching safepoint: 21544 ns, Cleanup: 12779 ns, At safepoint: 10604 ns, Total: 44927 ns
[2024-10-16T07:50:57.782+0000][119][info ][safepoint   ] Safepoint "Cleanup", Time since last: 9555350363 ns, Reaching safepoint: 7394 ns, Cleanup: 16014 ns, At safepoint: 5006 ns, Total: 28414 ns
[2024-10-16T07:51:01.683+0000][119][info ][safepoint   ] Safepoint "Cleanup", Time since last: 3900653816 ns, Reaching safepoint: 30786 ns, Cleanup: 16008 ns, At safepoint: 49610 ns, Total: 96404 ns
[2024-10-16T07:51:06.688+0000][119][info ][safepoint   ] Safepoint "Cleanup", Time since last: 5004811026 ns, Reaching safepoint: 27251 ns, Cleanup: 26150 ns, At safepoint: 16980 ns, Total: 70381 ns
[2024-10-16T07:51:07.694+0000][119][info ][safepoint   ] Safepoint "Cleanup", Time since last: 1006261190 ns, Reaching safepoint: 7718 ns, Cleanup: 12732 ns, At safepoint: 5098 ns, Total: 25548 ns
[2024-10-16T07:51:28.726+0000][119][info ][safepoint   ] Safepoint "Cleanup", Time since last: 21030720233 ns, Reaching safepoint: 21916 ns, Cleanup: 14368 ns, At safepoint: 35969 ns, Total: 72253 ns
[2024-10-16T07:51:32.777+0000][119][info ][safepoint   ] Safepoint "Cleanup", Time since last: 4051259864 ns, Reaching safepoint: 502854 ns, Cleanup: 27263 ns, At safepoint: 55357 ns, Total: 585474 ns
[2024-10-16T07:51:47.817+0000][119][info ][safepoint   ] Safepoint "Cleanup", Time since last: 15039192037 ns, Reaching safepoint: 20963 ns, Cleanup: 11958 ns, At safepoint: 9775 ns, Total: 42696 ns
[2024-10-16T07:51:57.828+0000][119][info ][safepoint   ] Safepoint "Cleanup", Time since last: 10010918321 ns, Reaching safepoint: 72981 ns, Cleanup: 20711 ns, At safepoint: 25939 ns, Total: 119631 ns
[2024-10-16T07:52:00.808+0000][119][info ][safepoint   ] Safepoint "Cleanup", Time since last: 2979272269 ns, Reaching safepoint: 473467 ns, Cleanup: 17596 ns, At safepoint: 101610 ns, Total: 592673 ns
[2024-10-16T07:52:06.862+0000][119][info ][safepoint   ] Safepoint "Cleanup", Time since last: 6053853102 ns, Reaching safepoint: 21534 ns, Cleanup: 16330 ns, At safepoint: 9459 ns, Total: 47323 ns
[2024-10-16T07:52:11.890+0000][119][info ][safepoint   ] Safepoint "Cleanup", Time since last: 5027182075 ns, Reaching safepoint: 24913 ns, Cleanup: 16351 ns, At safepoint: 9347 ns, Total: 50611 ns
[2024-10-16T07:52:16.895+0000][119][info ][safepoint   ] Safepoint "Cleanup", Time since last: 5004648813 ns, Reaching safepoint: 29014 ns, Cleanup: 80644 ns, At safepoint: 44258 ns, Total: 153916 ns
[2024-10-16T07:52:17.907+0000][119][info ][safepoint   ] Safepoint "Cleanup", Time since last: 1012068554 ns, Reaching safepoint: 24430 ns, Cleanup: 26880 ns, At safepoint: 10852 ns, Total: 62162 ns
[2024-10-16T07:52:18.908+0000][119][info ][safepoint   ] Safepoint "Cleanup", Time since last: 1001242508 ns, Reaching safepoint: 35895 ns, Cleanup: 20338 ns, At safepoint: 18060 ns, Total: 74293 ns
[2024-10-16T07:52:19.910+0000][119][info ][safepoint   ] Safepoint "Cleanup", Time since last: 1001074539 ns, Reaching safepoint: 29905 ns, Cleanup: 28193 ns, At safepoint: 15451 ns, Total: 73549 ns
[2024-10-16T07:52:22.913+0000][119][info ][safepoint   ] Safepoint "Cleanup", Time since last: 3003283594 ns, Reaching safepoint: 25132 ns, Cleanup: 13714 ns, At safepoint: 10791 ns, Total: 49637 ns
[2024-10-16T07:52:24.258+0000][119][info ][safepoint   ] Safepoint "Cleanup", Time since last: 1345080031 ns, Reaching safepoint: 23262 ns, Cleanup: 14251 ns, At safepoint: 10582 ns, Total: 48095 ns
[2024-10-16T07:52:25.260+0000][119][info ][safepoint   ] Safepoint "Cleanup", Time since last: 1001510989 ns, Reaching safepoint: 44905 ns, Cleanup: 21079 ns, At safepoint: 24929 ns, Total: 90913 ns
[2024-10-16T07:52:29.305+0000][119][info ][safepoint   ] Safepoint "Cleanup", Time since last: 4045368759 ns, Reaching safepoint: 22224 ns, Cleanup: 29790 ns, At safepoint: 33584 ns, Total: 85598 ns
[2024-10-16T07:52:30.306+0000][119][info ][safepoint   ] Safepoint "Cleanup", Time since last: 1000825302 ns, Reaching safepoint: 22068 ns, Cleanup: 10929 ns, At safepoint: 9345 ns, Total: 42342 ns
[2024-10-16T07:52:34.310+0000][119][info ][safepoint   ] Safepoint "Cleanup", Time since last: 4004083257 ns, Reaching safepoint: 24197 ns, Cleanup: 15112 ns, At safepoint: 10369 ns, Total: 49678 ns
[2024-10-16T07:52:48.326+0000][119][info ][safepoint   ] Safepoint "Cleanup", Time since last: 14014710548 ns, Reaching safepoint: 51303 ns, Cleanup: 13101 ns, At safepoint: 9175 ns, Total: 73579 ns
[2024-10-16T07:52:52.330+0000][119][info ][safepoint   ] Safepoint "Cleanup", Time since last: 4004199982 ns, Reaching safepoint: 22348 ns, Cleanup: 13510 ns, At safepoint: 10259 ns, Total: 46117 ns
[2024-10-16T07:52:53.331+0000][119][info ][safepoint   ] Safepoint "Cleanup", Time since last: 1000891743 ns, Reaching safepoint: 29447 ns, Cleanup: 17661 ns, At safepoint: 12937 ns, Total: 60045 ns
[2024-10-16T07:52:57.219+0000][119][info ][safepoint   ] Safepoint "Cleanup", Time since last: 3887292099 ns, Reaching safepoint: 7530 ns, Cleanup: 7797 ns, At safepoint: 4689 ns, Total: 20016 ns
[2024-10-16T07:52:58.717+0000][119][info ][safepoint   ] Safepoint "Cleanup", Time since last: 1498474025 ns, Reaching safepoint: 38313 ns, Cleanup: 24987 ns, At safepoint: 14985 ns, Total: 78285 ns
[2024-10-16T07:52:59.736+0000][119][info ][safepoint   ] Safepoint "Cleanup", Time since last: 1019191556 ns, Reaching safepoint: 22285 ns, Cleanup: 13088 ns, At safepoint: 10821 ns, Total: 46194 ns
[2024-10-16T07:53:02.739+0000][119][info ][safepoint   ] Safepoint "Cleanup", Time since last: 3002777092 ns, Reaching safepoint: 22707 ns, Cleanup: 12531 ns, At safepoint: 10023 ns, Total: 45261 ns
[2024-10-16T07:53:03.823+0000][119][info ][safepoint   ] Safepoint "Cleanup", Time since last: 1084161105 ns, Reaching safepoint: 7236 ns, Cleanup: 9561 ns, At safepoint: 4488 ns, Total: 21285 ns
[2024-10-16T07:53:04.998+0000][119][info ][safepoint   ] Safepoint "Cleanup", Time since last: 1174982783 ns, Reaching safepoint: 21938 ns, Cleanup: 14498 ns, At safepoint: 10435 ns, Total: 46871 ns
[2024-10-16T07:53:07.013+0000][119][info ][safepoint   ] Safepoint "Cleanup", Time since last: 2014915920 ns, Reaching safepoint: 21575 ns, Cleanup: 11857 ns, At safepoint: 10747 ns, Total: 44179 ns
[2024-10-16T07:53:10.025+0000][119][info ][safepoint   ] Safepoint "Cleanup", Time since last: 3010627141 ns, Reaching safepoint: 7303 ns, Cleanup: 12072 ns, At safepoint: 5274 ns, Total: 24649 ns
[2024-10-16T07:53:12.810+0000][119][info ][safepoint   ] Safepoint "Cleanup", Time since last: 2785159472 ns, Reaching safepoint: 22295 ns, Cleanup: 8547 ns, At safepoint: 4717 ns, Total: 35559 ns
[2024-10-16T07:53:14.076+0000][119][info ][safepoint   ] Safepoint "Cleanup", Time since last: 1265981887 ns, Reaching safepoint: 28167 ns, Cleanup: 17133 ns, At safepoint: 14410 ns, Total: 59710 ns
[2024-10-16T07:53:18.080+0000][119][info ][safepoint   ] Safepoint "Cleanup", Time since last: 4004181967 ns, Reaching safepoint: 30708 ns, Cleanup: 16178 ns, At safepoint: 16270 ns, Total: 63156 ns
[2024-10-16T07:53:19.081+0000][119][info ][safepoint   ] Safepoint "Cleanup", Time since last: 1000760709 ns, Reaching safepoint: 24579 ns, Cleanup: 14563 ns, At safepoint: 12123 ns, Total: 51265 ns
[2024-10-16T07:53:24.085+0000][119][info ][safepoint   ] Safepoint "Cleanup", Time since last: 5004109398 ns, Reaching safepoint: 24766 ns, Cleanup: 12926 ns, At safepoint: 10543 ns, Total: 48235 ns
[2024-10-16T07:53:30.090+0000][119][info ][safepoint   ] Safepoint "Cleanup", Time since last: 6004770121 ns, Reaching safepoint: 30612 ns, Cleanup: 16280 ns, At safepoint: 15592 ns, Total: 62484 ns
[2024-10-16T07:53:33.093+0000][119][info ][safepoint   ] Safepoint "Cleanup", Time since last: 3002746734 ns, Reaching safepoint: 22874 ns, Cleanup: 12501 ns, At safepoint: 10490 ns, Total: 45865 ns
[2024-10-16T07:53:38.793+0000][119][info ][safepoint   ] Safepoint "Cleanup", Time since last: 5699147767 ns, Reaching safepoint: 8262 ns, Cleanup: 7186 ns, At safepoint: 4921 ns, Total: 20369 ns
[2024-10-16T07:53:39.811+0000][119][info ][safepoint   ] Safepoint "Cleanup", Time since last: 1018811968 ns, Reaching safepoint: 26332 ns, Cleanup: 14162 ns, At safepoint: 14764 ns, Total: 55258 ns
[2024-10-16T07:53:52.831+0000][119][info ][safepoint   ] Safepoint "Cleanup", Time since last: 13019899899 ns, Reaching safepoint: 75778 ns, Cleanup: 16851 ns, At safepoint: 20177 ns, Total: 112806 ns
[2024-10-16T07:53:53.833+0000][119][info ][safepoint   ] Safepoint "Cleanup", Time since last: 1001672168 ns, Reaching safepoint: 134799 ns, Cleanup: 38294 ns, At safepoint: 25527 ns, Total: 198620 ns
[2024-10-16T07:54:06.839+0000][119][info ][safepoint   ] Safepoint "Cleanup", Time since last: 13005703851 ns, Reaching safepoint: 7000 ns, Cleanup: 7578 ns, At safepoint: 4697 ns, Total: 19275 ns
[2024-10-16T07:54:08.245+0000][119][info ][safepoint   ] Safepoint "Cleanup", Time since last: 1404456188 ns, Reaching safepoint: 12801 ns, Cleanup: 20673 ns, At safepoint: 9723 ns, Total: 43197 ns
[2024-10-16T07:54:13.255+0000][119][info ][safepoint   ] Safepoint "Cleanup", Time since last: 5010512822 ns, Reaching safepoint: 34605 ns, Cleanup: 19126 ns, At safepoint: 16726 ns, Total: 70457 ns
[2024-10-16T07:54:16.267+0000][119][info ][safepoint   ] Safepoint "Cleanup", Time since last: 3011900154 ns, Reaching safepoint: 26019 ns, Cleanup: 8345 ns, At safepoint: 6154 ns, Total: 40518 ns
[2024-10-16T07:54:24.299+0000][119][info ][safepoint   ] Safepoint "Cleanup", Time since last: 8031228235 ns, Reaching safepoint: 28261 ns, Cleanup: 15129 ns, At safepoint: 12303 ns, Total: 55693 ns
[2024-10-16T07:54:28.894+0000][119][info ][safepoint   ] Safepoint "Cleanup", Time since last: 4594389867 ns, Reaching safepoint: 887238 ns, Cleanup: 20260 ns, At safepoint: 69896 ns, Total: 977394 ns
[2024-10-16T07:54:29.935+0000][119][info ][safepoint   ] Safepoint "Cleanup", Time since last: 1040786734 ns, Reaching safepoint: 28738 ns, Cleanup: 13938 ns, At safepoint: 10820 ns, Total: 53496 ns
[2024-10-16T07:54:32.938+0000][119][info ][safepoint   ] Safepoint "Cleanup", Time since last: 3002840450 ns, Reaching safepoint: 22720 ns, Cleanup: 13049 ns, At safepoint: 11284 ns, Total: 47053 ns
[2024-10-16T07:54:33.966+0000][119][info ][safepoint   ] Safepoint "Cleanup", Time since last: 1027910581 ns, Reaching safepoint: 33177 ns, Cleanup: 20526 ns, At safepoint: 16434 ns, Total: 70137 ns
[2024-10-16T07:54:34.968+0000][119][info ][safepoint   ] Safepoint "Cleanup", Time since last: 1001890480 ns, Reaching safepoint: 32486 ns, Cleanup: 16641 ns, At safepoint: 16282 ns, Total: 65409 ns
[2024-10-16T07:54:43.978+0000][119][info ][safepoint   ] Safepoint "Cleanup", Time since last: 9009210255 ns, Reaching safepoint: 25373 ns, Cleanup: 15628 ns, At safepoint: 11526 ns, Total: 52527 ns
[2024-10-16T07:54:49.983+0000][119][info ][safepoint   ] Safepoint "Cleanup", Time since last: 6005840989 ns, Reaching safepoint: 67017 ns, Cleanup: 23957 ns, At safepoint: 11095 ns, Total: 102069 ns
[2024-10-16T07:54:51.985+0000][119][info ][safepoint   ] Safepoint "Cleanup", Time since last: 2001901248 ns, Reaching safepoint: 21559 ns, Cleanup: 13507 ns, At safepoint: 10322 ns, Total: 45388 ns
[2024-10-16T07:54:52.986+0000][119][info ][safepoint   ] Safepoint "Cleanup", Time since last: 1000893615 ns, Reaching safepoint: 19117 ns, Cleanup: 12234 ns, At safepoint: 10266 ns, Total: 41617 ns
[2024-10-16T07:55:07.366+0000][119][info ][safepoint   ] Safepoint "Cleanup", Time since last: 14379984942 ns, Reaching safepoint: 14291 ns, Cleanup: 13130 ns, At safepoint: 9627 ns, Total: 37048 ns
[2024-10-16T07:55:16.008+0000][119][info ][safepoint   ] Safepoint "Cleanup", Time since last: 8640107677 ns, Reaching safepoint: 27156 ns, Cleanup: 7092 ns, At safepoint: 4763 ns, Total: 39011 ns
[2024-10-16T07:55:17.425+0000][119][info ][safepoint   ] Safepoint "Cleanup", Time since last: 1416875085 ns, Reaching safepoint: 20118 ns, Cleanup: 13760 ns, At safepoint: 9971 ns, Total: 43849 ns
[2024-10-16T07:55:24.045+0000][119][info ][safepoint   ] Safepoint "Cleanup", Time since last: 6620627098 ns, Reaching safepoint: 7299 ns, Cleanup: 11620 ns, At safepoint: 6635 ns, Total: 25554 ns
[2024-10-16T07:55:25.087+0000][119][info ][safepoint   ] Safepoint "Cleanup", Time since last: 1041104373 ns, Reaching safepoint: 185479 ns, Cleanup: 23276 ns, At safepoint: 23899 ns, Total: 232654 ns
[2024-10-16T07:55:28.098+0000][119][info ][safepoint   ] Safepoint "Cleanup", Time since last: 3010864559 ns, Reaching safepoint: 29277 ns, Cleanup: 21216 ns, At safepoint: 15064 ns, Total: 65557 ns
[2024-10-16T07:55:33.103+0000][119][info ][safepoint   ] Safepoint "Cleanup", Time since last: 5004997254 ns, Reaching safepoint: 44304 ns, Cleanup: 14080 ns, At safepoint: 9511 ns, Total: 67895 ns
[2024-10-16T07:55:37.108+0000][119][info ][safepoint   ] Safepoint "Cleanup", Time since last: 4004871737 ns, Reaching safepoint: 30502 ns, Cleanup: 18927 ns, At safepoint: 14719 ns, Total: 64148 ns
[2024-10-16T07:55:42.113+0000][119][info ][safepoint   ] Safepoint "Cleanup", Time since last: 5004913257 ns, Reaching safepoint: 27601 ns, Cleanup: 58673 ns, At safepoint: 18791 ns, Total: 105065 ns
[2024-10-16T07:55:43.114+0000][119][info ][safepoint   ] Safepoint "Cleanup", Time since last: 1000932983 ns, Reaching safepoint: 20880 ns, Cleanup: 13341 ns, At safepoint: 9603 ns, Total: 43824 ns
[2024-10-16T07:55:57.979+0000][119][info ][safepoint   ] Safepoint "Cleanup", Time since last: 14864918191 ns, Reaching safepoint: 35361 ns, Cleanup: 16376 ns, At safepoint: 48859 ns, Total: 100596 ns
[2024-10-16T07:55:59.010+0000][119][info ][safepoint   ] Safepoint "Cleanup", Time since last: 1031122912 ns, Reaching safepoint: 22239 ns, Cleanup: 22609 ns, At safepoint: 9810 ns, Total: 54658 ns
[2024-10-16T07:56:00.218+0000][119][info ][safepoint   ] Safepoint "Cleanup", Time since last: 1208014565 ns, Reaching safepoint: 21644 ns, Cleanup: 12686 ns, At safepoint: 10098 ns, Total: 44428 ns
[2024-10-16T07:56:07.226+0000][119][info ][safepoint   ] Safepoint "Cleanup", Time since last: 7007936093 ns, Reaching safepoint: 24683 ns, Cleanup: 19360 ns, At safepoint: 11018 ns, Total: 55061 ns
[2024-10-16T07:56:08.867+0000][119][info ][safepoint   ] Safepoint "Cleanup", Time since last: 1639655364 ns, Reaching safepoint: 54790 ns, Cleanup: 15715 ns, At safepoint: 49055 ns, Total: 119560 ns
[2024-10-16T07:56:10.078+0000][119][info ][safepoint   ] Safepoint "Cleanup", Time since last: 1210154989 ns, Reaching safepoint: 801917 ns, Cleanup: 28937 ns, At safepoint: 128039 ns, Total: 958893 ns
[2024-10-16T07:56:11.657+0000][119][info ][safepoint   ] Safepoint "Cleanup", Time since last: 1578935305 ns, Reaching safepoint: 28077 ns, Cleanup: 21435 ns, At safepoint: 47756 ns, Total: 97268 ns
[2024-10-16T07:56:25.357+0000][119][info ][safepoint   ] Safepoint "Cleanup", Time since last: 13699825658 ns, Reaching safepoint: 13116 ns, Cleanup: 12210 ns, At safepoint: 9346 ns, Total: 34672 ns
[2024-10-16T07:56:29.350+0000][119][info ][safepoint   ] Safepoint "Cleanup", Time since last: 3993059216 ns, Reaching safepoint: 27259 ns, Cleanup: 18920 ns, At safepoint: 61628 ns, Total: 107807 ns
[2024-10-16T07:56:30.386+0000][119][info ][safepoint   ] Safepoint "Cleanup", Time since last: 1035647658 ns, Reaching safepoint: 23893 ns, Cleanup: 13067 ns, At safepoint: 9924 ns, Total: 46884 ns
[2024-10-16T07:56:33.389+0000][119][info ][safepoint   ] Safepoint "Cleanup", Time since last: 3003069659 ns, Reaching safepoint: 49544 ns, Cleanup: 12501 ns, At safepoint: 10290 ns, Total: 72335 ns
[2024-10-16T07:56:34.390+0000][119][info ][safepoint   ] Safepoint "Cleanup", Time since last: 1001064275 ns, Reaching safepoint: 20792 ns, Cleanup: 12830 ns, At safepoint: 10292 ns, Total: 43914 ns
[2024-10-16T07:56:35.962+0000][119][info ][safepoint   ] Safepoint "Cleanup", Time since last: 1571390883 ns, Reaching safepoint: 30046 ns, Cleanup: 25507 ns, At safepoint: 17026 ns, Total: 72579 ns
[2024-10-16T07:56:37.731+0000][119][info ][safepoint   ] Safepoint "Cleanup", Time since last: 1768534420 ns, Reaching safepoint: 909951 ns, Cleanup: 20102 ns, At safepoint: 76870 ns, Total: 1006923 ns
[2024-10-16T07:56:41.741+0000][119][info ][safepoint   ] Safepoint "Cleanup", Time since last: 4003905484 ns, Reaching safepoint: 22622 ns, Cleanup: 11446 ns, At safepoint: 46092 ns, Total: 80160 ns
[2024-10-16T07:56:47.747+0000][119][info ][safepoint   ] Safepoint "Cleanup", Time since last: 6006056426 ns, Reaching safepoint: 45081 ns, Cleanup: 11484 ns, At safepoint: 12243 ns, Total: 68808 ns
[2024-10-16T07:56:55.755+0000][119][info ][safepoint   ] Safepoint "Cleanup", Time since last: 8007780084 ns, Reaching safepoint: 21195 ns, Cleanup: 29692 ns, At safepoint: 9645 ns, Total: 60532 ns
[2024-10-16T07:56:56.778+0000][119][info ][safepoint   ] Safepoint "Cleanup", Time since last: 1023316245 ns, Reaching safepoint: 14053 ns, Cleanup: 9136 ns, At safepoint: 8599 ns, Total: 31788 ns
[2024-10-16T07:56:57.780+0000][119][info ][safepoint   ] Safepoint "Cleanup", Time since last: 1001450332 ns, Reaching safepoint: 38585 ns, Cleanup: 18073 ns, At safepoint: 18694 ns, Total: 75352 ns
[2024-10-16T07:56:58.833+0000][119][info ][safepoint   ] Safepoint "Cleanup", Time since last: 1052988194 ns, Reaching safepoint: 27106 ns, Cleanup: 16520 ns, At safepoint: 10824 ns, Total: 54450 ns
[2024-10-16T07:57:04.837+0000][119][info ][safepoint   ] Safepoint "Cleanup", Time since last: 6004121477 ns, Reaching safepoint: 46871 ns, Cleanup: 13259 ns, At safepoint: 9841 ns, Total: 69971 ns
[2024-10-16T07:57:06.839+0000][119][info ][safepoint   ] Safepoint "Cleanup", Time since last: 2002107211 ns, Reaching safepoint: 64982 ns, Cleanup: 42043 ns, At safepoint: 26926 ns, Total: 133951 ns
[2024-10-16T07:57:08.826+0000][119][info ][safepoint   ] Safepoint "Cleanup", Time since last: 1982015011 ns, Reaching safepoint: 520311 ns, Cleanup: 20051 ns, At safepoint: 113295 ns, Total: 653657 ns
[2024-10-16T07:57:12.831+0000][119][info ][safepoint   ] Safepoint "Cleanup", Time since last: 4004797012 ns, Reaching safepoint: 22619 ns, Cleanup: 17526 ns, At safepoint: 10154 ns, Total: 50299 ns
[2024-10-16T07:57:13.847+0000][119][info ][safepoint   ] Safepoint "Cleanup", Time since last: 1016319711 ns, Reaching safepoint: 15667 ns, Cleanup: 20829 ns, At safepoint: 9984 ns, Total: 46480 ns
[2024-10-16T07:57:16.853+0000][119][info ][safepoint   ] Safepoint "Cleanup", Time since last: 3005640680 ns, Reaching safepoint: 39775 ns, Cleanup: 105156 ns, At safepoint: 22274 ns, Total: 167205 ns
[2024-10-16T07:57:17.854+0000][119][info ][safepoint   ] Safepoint "Cleanup", Time since last: 1000851298 ns, Reaching safepoint: 21141 ns, Cleanup: 12385 ns, At safepoint: 9648 ns, Total: 43174 ns
[2024-10-16T07:57:22.864+0000][119][info ][safepoint   ] Safepoint "Cleanup", Time since last: 5010459112 ns, Reaching safepoint: 7500 ns, Cleanup: 7034 ns, At safepoint: 4897 ns, Total: 19431 ns
[2024-10-16T07:57:25.901+0000][119][info ][safepoint   ] Safepoint "Cleanup", Time since last: 3020341134 ns, Reaching safepoint: 15934509 ns, Cleanup: 27703 ns, At safepoint: 112778 ns, Total: 16074990 ns
[2024-10-16T07:57:28.722+0000][119][info ][safepoint   ] Safepoint "Cleanup", Time since last: 2821290639 ns, Reaching safepoint: 27747 ns, Cleanup: 12104 ns, At safepoint: 56176 ns, Total: 96027 ns
[2024-10-16T07:57:29.745+0000][119][info ][safepoint   ] Safepoint "Cleanup", Time since last: 1022738544 ns, Reaching safepoint: 7437 ns, Cleanup: 10532 ns, At safepoint: 5234 ns, Total: 23203 ns
[2024-10-16T07:57:30.746+0000][119][info ][safepoint   ] Safepoint "Cleanup", Time since last: 1001003753 ns, Reaching safepoint: 21016 ns, Cleanup: 12696 ns, At safepoint: 9914 ns, Total: 43626 ns
[2024-10-16T07:57:35.756+0000][119][info ][safepoint   ] Safepoint "Cleanup", Time since last: 5010071554 ns, Reaching safepoint: 212412 ns, Cleanup: 28795 ns, At safepoint: 30150 ns, Total: 271357 ns
[2024-10-16T07:57:56.827+0000][119][info ][safepoint   ] Safepoint "Cleanup", Time since last: 21069850214 ns, Reaching safepoint: 33692 ns, Cleanup: 14850 ns, At safepoint: 19120 ns, Total: 67662 ns
[2024-10-16T07:57:57.857+0000][119][info ][safepoint   ] Safepoint "Cleanup", Time since last: 1029753590 ns, Reaching safepoint: 26828 ns, Cleanup: 16689 ns, At safepoint: 13341 ns, Total: 56858 ns
[2024-10-16T07:57:59.995+0000][119][info ][safepoint   ] Safepoint "Cleanup", Time since last: 2137417803 ns, Reaching safepoint: 394855 ns, Cleanup: 125136 ns, At safepoint: 190081 ns, Total: 710072 ns
[2024-10-16T07:58:07.963+0000][119][info ][safepoint   ] Safepoint "Cleanup", Time since last: 7966877859 ns, Reaching safepoint: 83245 ns, Cleanup: 13209 ns, At safepoint: 9172 ns, Total: 105626 ns
[2024-10-16T07:58:11.253+0000][119][info ][safepoint   ] Safepoint "Cleanup", Time since last: 3289957830 ns, Reaching safepoint: 12463 ns, Cleanup: 10452 ns, At safepoint: 7125 ns, Total: 30040 ns
[2024-10-16T07:58:25.492+0000][119][info ][safepoint   ] Safepoint "Cleanup", Time since last: 14238768897 ns, Reaching safepoint: 24890 ns, Cleanup: 19541 ns, At safepoint: 13532 ns, Total: 57963 ns
[2024-10-16T07:58:37.505+0000][119][info ][safepoint   ] Safepoint "Cleanup", Time since last: 12012862628 ns, Reaching safepoint: 23549 ns, Cleanup: 13885 ns, At safepoint: 11075 ns, Total: 48509 ns
[2024-10-16T07:58:38.880+0000][119][info ][safepoint   ] Safepoint "Cleanup", Time since last: 1377568742 ns, Reaching safepoint: 130478 ns, Cleanup: 12690 ns, At safepoint: 1902863 ns, Total: 2046031 ns
[2024-10-16T07:58:41.429+0000][119][info ][safepoint   ] Safepoint "Cleanup", Time since last: 2548398073 ns, Reaching safepoint: 45566 ns, Cleanup: 27925 ns, At safepoint: 114500 ns, Total: 187991 ns
[2024-10-16T07:58:49.450+0000][119][info ][safepoint   ] Safepoint "Cleanup", Time since last: 8020836304 ns, Reaching safepoint: 90005 ns, Cleanup: 12210 ns, At safepoint: 11883 ns, Total: 114098 ns
[2024-10-16T07:59:06.658+0000][119][info ][safepoint   ] Safepoint "Cleanup", Time since last: 17207827897 ns, Reaching safepoint: 978219 ns, Cleanup: 19934 ns, At safepoint: 41377 ns, Total: 1039530 ns
[2024-10-16T07:59:16.281+0000][119][info ][safepoint   ] Safepoint "Cleanup", Time since last: 9616100039 ns, Reaching safepoint: 7453 ns, Cleanup: 14817 ns, At safepoint: 5105 ns, Total: 27375 ns
[2024-10-16T07:59:17.780+0000][119][info ][safepoint   ] Safepoint "Cleanup", Time since last: 1498323592 ns, Reaching safepoint: 8679 ns, Cleanup: 16052 ns, At safepoint: 5293 ns, Total: 30024 ns
[2024-10-16T07:59:21.792+0000][119][info ][safepoint   ] Safepoint "Cleanup", Time since last: 4012414258 ns, Reaching safepoint: 87794 ns, Cleanup: 17120 ns, At safepoint: 16256 ns, Total: 121170 ns
[2024-10-16T07:59:22.793+0000][119][info ][safepoint   ] Safepoint "Cleanup", Time since last: 1000922130 ns, Reaching safepoint: 34377 ns, Cleanup: 18271 ns, At safepoint: 14613 ns, Total: 67261 ns
[2024-10-16T07:59:25.829+0000][119][info ][safepoint   ] Safepoint "Cleanup", Time since last: 3035635854 ns, Reaching safepoint: 19635 ns, Cleanup: 16332 ns, At safepoint: 12558 ns, Total: 48525 ns
[2024-10-16T07:59:28.933+0000][119][info ][safepoint   ] Safepoint "Cleanup", Time since last: 3104406865 ns, Reaching safepoint: 27703 ns, Cleanup: 15954 ns, At safepoint: 14538 ns, Total: 58195 ns
[2024-10-16T07:59:35.940+0000][119][info ][safepoint   ] Safepoint "Cleanup", Time since last: 7006823765 ns, Reaching safepoint: 27529 ns, Cleanup: 17420 ns, At safepoint: 14864 ns, Total: 59813 ns
[2024-10-16T07:59:52.962+0000][119][info ][safepoint   ] Safepoint "Cleanup", Time since last: 17020857363 ns, Reaching safepoint: 65650 ns, Cleanup: 15246 ns, At safepoint: 15803 ns, Total: 96699 ns
[2024-10-16T08:00:07.063+0000][119][info ][safepoint   ] Safepoint "Cleanup", Time since last: 14100830922 ns, Reaching safepoint: 21704 ns, Cleanup: 18081 ns, At safepoint: 9963 ns, Total: 49748 ns
[2024-10-16T08:00:18.158+0000][119][info ][safepoint   ] Safepoint "Cleanup", Time since last: 11095190886 ns, Reaching safepoint: 21524 ns, Cleanup: 11738 ns, At safepoint: 9553 ns, Total: 42815 ns
[2024-10-16T08:00:20.176+0000][119][info ][safepoint   ] Safepoint "Cleanup", Time since last: 2017265539 ns, Reaching safepoint: 20238 ns, Cleanup: 14852 ns, At safepoint: 49963 ns, Total: 85053 ns
[2024-10-16T08:00:22.201+0000][119][info ][safepoint   ] Safepoint "Cleanup", Time since last: 2025489509 ns, Reaching safepoint: 32753 ns, Cleanup: 17760 ns, At safepoint: 14244 ns, Total: 64757 ns
[2024-10-16T08:00:28.316+0000][119][info ][safepoint   ] Safepoint "Cleanup", Time since last: 6115039077 ns, Reaching safepoint: 41081 ns, Cleanup: 10062 ns, At safepoint: 18219 ns, Total: 69362 ns
[2024-10-16T08:00:29.330+0000][119][info ][safepoint   ] Safepoint "Cleanup", Time since last: 1013498406 ns, Reaching safepoint: 6766 ns, Cleanup: 7049 ns, At safepoint: 4853 ns, Total: 18668 ns
[2024-10-16T08:00:31.194+0000][119][info ][safepoint   ] Safepoint "Cleanup", Time since last: 1864398749 ns, Reaching safepoint: 20476 ns, Cleanup: 13375 ns, At safepoint: 9502 ns, Total: 43353 ns
[2024-10-16T08:00:35.257+0000][119][info ][safepoint   ] Safepoint "Cleanup", Time since last: 4062964618 ns, Reaching safepoint: 27648 ns, Cleanup: 15892 ns, At safepoint: 12782 ns, Total: 56322 ns
[2024-10-16T08:00:36.591+0000][119][info ][safepoint   ] Safepoint "Cleanup", Time since last: 1333821253 ns, Reaching safepoint: 23884 ns, Cleanup: 27413 ns, At safepoint: 10797 ns, Total: 62094 ns
[2024-10-16T08:00:37.592+0000][119][info ][safepoint   ] Safepoint "Cleanup", Time since last: 1000222815 ns, Reaching safepoint: 28674 ns, Cleanup: 70440 ns, At safepoint: 15361 ns, Total: 114475 ns
[2024-10-16T08:00:39.165+0000][119][info ][safepoint   ] Safepoint "Cleanup", Time since last: 1571734023 ns, Reaching safepoint: 62270 ns, Cleanup: 82859 ns, At safepoint: 94941 ns, Total: 240070 ns
[2024-10-16T08:00:55.195+0000][119][info ][safepoint   ] Safepoint "Cleanup", Time since last: 16029676132 ns, Reaching safepoint: 42059 ns, Cleanup: 11362 ns, At safepoint: 12095 ns, Total: 65516 ns
[2024-10-16T08:00:59.391+0000][119][info ][safepoint   ] Safepoint "Cleanup", Time since last: 4196256004 ns, Reaching safepoint: 13218 ns, Cleanup: 10585 ns, At safepoint: 8968 ns, Total: 32771 ns
[2024-10-16T08:01:01.443+0000][119][info ][safepoint   ] Safepoint "Cleanup", Time since last: 2051695088 ns, Reaching safepoint: 20262 ns, Cleanup: 14127 ns, At safepoint: 10985 ns, Total: 45374 ns
[2024-10-16T08:01:05.479+0000][119][info ][safepoint   ] Safepoint "Cleanup", Time since last: 4035947099 ns, Reaching safepoint: 20653 ns, Cleanup: 12298 ns, At safepoint: 9831 ns, Total: 42782 ns
[2024-10-16T08:01:06.480+0000][119][info ][safepoint   ] Safepoint "Cleanup", Time since last: 1000914029 ns, Reaching safepoint: 20338 ns, Cleanup: 13356 ns, At safepoint: 9906 ns, Total: 43600 ns
[2024-10-16T08:01:07.481+0000][119][info ][safepoint   ] Safepoint "Cleanup", Time since last: 1001089716 ns, Reaching safepoint: 21390 ns, Cleanup: 12509 ns, At safepoint: 9624 ns, Total: 43523 ns
[2024-10-16T08:01:09.197+0000][119][info ][safepoint   ] Safepoint "Cleanup", Time since last: 1715835325 ns, Reaching safepoint: 19927 ns, Cleanup: 12036 ns, At safepoint: 9767 ns, Total: 41730 ns
[2024-10-16T08:01:18.206+0000][119][info ][safepoint   ] Safepoint "Cleanup", Time since last: 9009038737 ns, Reaching safepoint: 62533 ns, Cleanup: 15133 ns, At safepoint: 14299 ns, Total: 91965 ns
[2024-10-16T08:01:31.297+0000][119][info ][safepoint   ] Safepoint "Cleanup", Time since last: 13089424760 ns, Reaching safepoint: 1279031 ns, Cleanup: 25288 ns, At safepoint: 78081 ns, Total: 1382400 ns
[2024-10-16T08:01:37.532+0000][119][info ][safepoint   ] Safepoint "Cleanup", Time since last: 6234917259 ns, Reaching safepoint: 25246 ns, Cleanup: 16763 ns, At safepoint: 9761 ns, Total: 51770 ns
[2024-10-16T08:01:46.543+0000][119][info ][safepoint   ] Safepoint "Cleanup", Time since last: 9009253126 ns, Reaching safepoint: 54925 ns, Cleanup: 17912 ns, At safepoint: 12026 ns, Total: 84863 ns
[2024-10-16T08:01:52.331+0000][119][info ][safepoint   ] Safepoint "Cleanup", Time since last: 5788748317 ns, Reaching safepoint: 14634 ns, Cleanup: 11287 ns, At safepoint: 9103 ns, Total: 35024 ns
[2024-10-16T08:01:55.576+0000][119][info ][safepoint   ] Safepoint "Cleanup", Time since last: 3244877697 ns, Reaching safepoint: 59790 ns, Cleanup: 12166 ns, At safepoint: 9530 ns, Total: 81486 ns
[2024-10-16T08:02:32.683+0000][119][info ][safepoint   ] Safepoint "Cleanup", Time since last: 37102941130 ns, Reaching safepoint: 2837521 ns, Cleanup: 262798 ns, At safepoint: 229109 ns, Total: 3329428 ns
[2024-10-16T08:02:34.326+0000][119][info ][safepoint   ] Safepoint "Cleanup", Time since last: 1643149853 ns, Reaching safepoint: 13216 ns, Cleanup: 8994 ns, At safepoint: 9398 ns, Total: 31608 ns
[2024-10-16T08:02:35.700+0000][119][info ][safepoint   ] Safepoint "Cleanup", Time since last: 1373428051 ns, Reaching safepoint: 79666 ns, Cleanup: 18632 ns, At safepoint: 17578 ns, Total: 115876 ns
[2024-10-16T08:02:46.714+0000][119][info ][safepoint   ] Safepoint "Cleanup", Time since last: 11013050554 ns, Reaching safepoint: 54222 ns, Cleanup: 13284 ns, At safepoint: 9460 ns, Total: 76966 ns
[2024-10-16T08:02:47.715+0000][119][info ][safepoint   ] Safepoint "Cleanup", Time since last: 1000809837 ns, Reaching safepoint: 23264 ns, Cleanup: 14340 ns, At safepoint: 11060 ns, Total: 48664 ns
[2024-10-16T08:02:53.092+0000][119][info ][gc,start    ] GC(21) Pause Young (Prepare Mixed) (G1 Evacuation Pause)
[2024-10-16T08:02:53.092+0000][119][info ][gc,task     ] GC(21) Using 4 workers of 4 for evacuation
[2024-10-16T08:02:53.092+0000][119][debug][gc,age      ] GC(21) Desired survivor size 216006656 bytes, new threshold 15 (max threshold 15)
[2024-10-16T08:02:53.156+0000][119][info ][gc,phases   ] GC(21)   Pre Evacuate Collection Set: 0.78ms
[2024-10-16T08:02:53.156+0000][119][info ][gc,phases   ] GC(21)   Merge Heap Roots: 0.57ms
[2024-10-16T08:02:53.156+0000][119][info ][gc,phases   ] GC(21)   Evacuate Collection Set: 56.25ms
[2024-10-16T08:02:53.156+0000][119][info ][gc,phases   ] GC(21)   Post Evacuate Collection Set: 5.22ms
[2024-10-16T08:02:53.156+0000][119][info ][gc,phases   ] GC(21)   Other: 0.45ms
[2024-10-16T08:02:53.156+0000][119][trace][gc,age      ] GC(21) Age table with threshold 15 (max threshold 15)
[2024-10-16T08:02:53.156+0000][119][trace][gc,age      ] GC(21) - age   1:    2786192 bytes,    2786192 total
[2024-10-16T08:02:53.156+0000][119][trace][gc,age      ] GC(21) - age   2:     154672 bytes,    2940864 total
[2024-10-16T08:02:53.156+0000][119][trace][gc,age      ] GC(21) - age   3:    5035352 bytes,    7976216 total
[2024-10-16T08:02:53.156+0000][119][trace][gc,age      ] GC(21) - age   4:    5369968 bytes,   13346184 total
[2024-10-16T08:02:53.156+0000][119][trace][gc,age      ] GC(21) - age   5:   14085848 bytes,   27432032 total
[2024-10-16T08:02:53.156+0000][119][info ][gc,heap     ] GC(21) Eden regions: 814->0(813)
[2024-10-16T08:02:53.156+0000][119][info ][gc,heap     ] GC(21) Survivor regions: 7->8(103)
[2024-10-16T08:02:53.156+0000][119][info ][gc,heap     ] GC(21) Old regions: 32->32
[2024-10-16T08:02:53.156+0000][119][info ][gc,heap     ] GC(21) Humongous regions: 2->2
[2024-10-16T08:02:53.156+0000][119][info ][gc,metaspace] GC(21) Metaspace: 156636K(161024K)->156636K(161024K) NonClass: 135225K(137600K)->135225K(137600K) Class: 21411K(23424K)->21411K(23424K)
[2024-10-16T08:02:53.156+0000][119][info ][gc          ] GC(21) Pause Young (Prepare Mixed) (G1 Evacuation Pause) 3418M->164M(5476M) 63.617ms
[2024-10-16T08:02:53.156+0000][119][info ][gc,cpu      ] GC(21) User=0.21s Sys=0.03s Real=0.06s
[2024-10-16T08:02:53.156+0000][119][info ][safepoint   ] Safepoint "G1CollectForAllocation", Time since last: 5377385917 ns, Reaching safepoint: 49596 ns, Cleanup: 3679 ns, At safepoint: 63891877 ns, Total: 63945152 ns
[2024-10-16T08:02:55.159+0000][119][info ][safepoint   ] Safepoint "Cleanup", Time since last: 2001451042 ns, Reaching safepoint: 1589801 ns, Cleanup: 30141 ns, At safepoint: 83327 ns, Total: 1703269 ns
[2024-10-16T08:02:56.197+0000][119][info ][safepoint   ] Safepoint "Cleanup", Time since last: 1037514365 ns, Reaching safepoint: 34883 ns, Cleanup: 22425 ns, At safepoint: 10478 ns, Total: 67786 ns
[2024-10-16T08:02:57.198+0000][119][info ][safepoint   ] Safepoint "Cleanup", Time since last: 1000967672 ns, Reaching safepoint: 100175 ns, Cleanup: 42042 ns, At safepoint: 15266 ns, Total: 157483 ns
[2024-10-16T08:03:00.201+0000][119][info ][safepoint   ] Safepoint "Cleanup", Time since last: 3002911957 ns, Reaching safepoint: 23413 ns, Cleanup: 11378 ns, At safepoint: 9373 ns, Total: 44164 ns
[2024-10-16T08:03:06.793+0000][119][info ][safepoint   ] Safepoint "Cleanup", Time since last: 6591936028 ns, Reaching safepoint: 22878 ns, Cleanup: 12295 ns, At safepoint: 10853 ns, Total: 46026 ns
[2024-10-16T08:03:13.351+0000][119][info ][safepoint   ] Safepoint "Cleanup", Time since last: 6556889548 ns, Reaching safepoint: 45156 ns, Cleanup: 10480 ns, At safepoint: 8435 ns, Total: 64071 ns
[2024-10-16T08:03:18.873+0000][119][info ][safepoint   ] Safepoint "Cleanup", Time since last: 5521792724 ns, Reaching safepoint: 32486 ns, Cleanup: 45247 ns, At safepoint: 17580 ns, Total: 95313 ns
[2024-10-16T08:03:22.892+0000][119][info ][safepoint   ] Safepoint "Cleanup", Time since last: 4019034924 ns, Reaching safepoint: 24172 ns, Cleanup: 11714 ns, At safepoint: 10997 ns, Total: 46883 ns
[2024-10-16T08:03:28.372+0000][119][info ][safepoint   ] Safepoint "Cleanup", Time since last: 5480346339 ns, Reaching safepoint: 6832 ns, Cleanup: 13670 ns, At safepoint: 4493 ns, Total: 24995 ns
[2024-10-16T08:03:29.917+0000][119][info ][safepoint   ] Safepoint "Cleanup", Time since last: 1543728586 ns, Reaching safepoint: 707353 ns, Cleanup: 36917 ns, At safepoint: 172823 ns, Total: 917093 ns
[2024-10-16T08:03:31.291+0000][119][info ][safepoint   ] Safepoint "Cleanup", Time since last: 1373649297 ns, Reaching safepoint: 131669 ns, Cleanup: 9624 ns, At safepoint: 91683 ns, Total: 232976 ns
[2024-10-16T08:03:32.745+0000][119][info ][safepoint   ] Safepoint "Cleanup", Time since last: 1454018341 ns, Reaching safepoint: 30682 ns, Cleanup: 18831 ns, At safepoint: 13643 ns, Total: 63156 ns
[2024-10-16T08:03:34.747+0000][119][info ][safepoint   ] Safepoint "Cleanup", Time since last: 2001974529 ns, Reaching safepoint: 34949 ns, Cleanup: 66682 ns, At safepoint: 19993 ns, Total: 121624 ns
[2024-10-16T08:03:37.338+0000][119][info ][safepoint   ] Safepoint "Cleanup", Time since last: 2591314239 ns, Reaching safepoint: 6910 ns, Cleanup: 8524 ns, At safepoint: 4570 ns, Total: 20004 ns
[2024-10-16T08:03:38.941+0000][119][info ][safepoint   ] Safepoint "Cleanup", Time since last: 1601540339 ns, Reaching safepoint: 22576 ns, Cleanup: 14184 ns, At safepoint: 10354 ns, Total: 47114 ns
[2024-10-16T08:03:52.867+0000][119][info ][safepoint   ] Safepoint "Cleanup", Time since last: 13925849899 ns, Reaching safepoint: 35580 ns, Cleanup: 15977 ns, At safepoint: 13226 ns, Total: 64783 ns
[2024-10-16T08:04:07.074+0000][119][info ][safepoint   ] Safepoint "Cleanup", Time since last: 14206997542 ns, Reaching safepoint: 20797 ns, Cleanup: 15062 ns, At safepoint: 28504 ns, Total: 64363 ns
[2024-10-16T08:04:22.811+0000][119][info ][safepoint   ] Safepoint "Cleanup", Time since last: 15737850759 ns, Reaching safepoint: 166450 ns, Cleanup: 45860 ns, At safepoint: 20622 ns, Total: 232932 ns
[2024-10-16T08:04:29.176+0000][119][info ][safepoint   ] Safepoint "Cleanup", Time since last: 6362917916 ns, Reaching safepoint: 1095406 ns, Cleanup: 20016 ns, At safepoint: 116698 ns, Total: 1232120 ns
[2024-10-16T08:04:30.181+0000][119][info ][safepoint   ] Safepoint "Cleanup", Time since last: 1005041942 ns, Reaching safepoint: 19613 ns, Cleanup: 12627 ns, At safepoint: 8741 ns, Total: 40981 ns
[2024-10-16T08:05:07.205+0000][119][info ][safepoint   ] Safepoint "Cleanup", Time since last: 37022468162 ns, Reaching safepoint: 23738 ns, Cleanup: 15268 ns, At safepoint: 11456 ns, Total: 50462 ns
[2024-10-16T08:05:08.207+0000][119][info ][safepoint   ] Safepoint "Cleanup", Time since last: 1000908875 ns, Reaching safepoint: 20217 ns, Cleanup: 14498 ns, At safepoint: 9974 ns, Total: 44689 ns
[2024-10-16T08:05:20.711+0000][119][info ][safepoint   ] Safepoint "Cleanup", Time since last: 12503188693 ns, Reaching safepoint: 32455 ns, Cleanup: 14343 ns, At safepoint: 10777 ns, Total: 57575 ns
[2024-10-16T08:05:38.314+0000][119][info ][safepoint   ] Safepoint "Cleanup", Time since last: 17614146101 ns, Reaching safepoint: 29226 ns, Cleanup: 17796 ns, At safepoint: 13365 ns, Total: 60387 ns
[2024-10-16T08:05:41.352+0000][119][info ][safepoint   ] Safepoint "Cleanup", Time since last: 3037250094 ns, Reaching safepoint: 18263 ns, Cleanup: 20200 ns, At safepoint: 64630 ns, Total: 103093 ns
[2024-10-16T08:05:43.370+0000][119][info ][safepoint   ] Safepoint "Cleanup", Time since last: 2018041957 ns, Reaching safepoint: 36558 ns, Cleanup: 17600 ns, At safepoint: 356065 ns, Total: 410223 ns
[2024-10-16T08:06:22.912+0000][119][info ][safepoint   ] Safepoint "Cleanup", Time since last: 39529812119 ns, Reaching safepoint: 22024 ns, Cleanup: 12996 ns, At safepoint: 10577 ns, Total: 45597 ns
[2024-10-16T08:06:43.653+0000][119][info ][safepoint   ] Safepoint "Cleanup", Time since last: 20740420933 ns, Reaching safepoint: 7350 ns, Cleanup: 6821 ns, At safepoint: 4716 ns, Total: 18887 ns
[2024-10-16T08:06:45.524+0000][119][info ][safepoint   ] Safepoint "Cleanup", Time since last: 1870782112 ns, Reaching safepoint: 180556 ns, Cleanup: 204051 ns, At safepoint: 97981 ns, Total: 482588 ns
[2024-10-16T08:07:08.633+0000][119][info ][safepoint   ] Safepoint "Cleanup", Time since last: 23107377544 ns, Reaching safepoint: 23383 ns, Cleanup: 13400 ns, At safepoint: 10038 ns, Total: 46821 ns
[2024-10-16T08:07:17.039+0000][119][info ][safepoint   ] Safepoint "Cleanup", Time since last: 8406084870 ns, Reaching safepoint: 20111 ns, Cleanup: 11779 ns, At safepoint: 9409 ns, Total: 41299 ns
[2024-10-16T08:07:37.662+0000][119][info ][safepoint   ] Safepoint "Cleanup", Time since last: 20623079004 ns, Reaching safepoint: 12044 ns, Cleanup: 10352 ns, At safepoint: 8832 ns, Total: 31228 ns
[2024-10-16T08:07:38.688+0000][119][info ][safepoint   ] Safepoint "Cleanup", Time since last: 1024829035 ns, Reaching safepoint: 29198 ns, Cleanup: 25022 ns, At safepoint: 14755 ns, Total: 68975 ns
[2024-10-16T08:07:57.955+0000][119][info ][safepoint   ] Safepoint "Cleanup", Time since last: 19266677215 ns, Reaching safepoint: 23416 ns, Cleanup: 13245 ns, At safepoint: 11672 ns, Total: 48333 ns
[2024-10-16T08:07:59.956+0000][119][info ][safepoint   ] Safepoint "Cleanup", Time since last: 2001162246 ns, Reaching safepoint: 31150 ns, Cleanup: 16773 ns, At safepoint: 15773 ns, Total: 63696 ns
[2024-10-16T08:08:02.959+0000][119][info ][safepoint   ] Safepoint "Cleanup", Time since last: 3002828753 ns, Reaching safepoint: 20764 ns, Cleanup: 13929 ns, At safepoint: 9775 ns, Total: 44468 ns
[2024-10-16T08:08:07.716+0000][119][info ][safepoint   ] Safepoint "Cleanup", Time since last: 4757050311 ns, Reaching safepoint: 20696 ns, Cleanup: 10818 ns, At safepoint: 9515 ns, Total: 41029 ns
[2024-10-16T08:08:13.665+0000][119][info ][safepoint   ] Safepoint "Cleanup", Time since last: 5946671156 ns, Reaching safepoint: 1039438 ns, Cleanup: 18942 ns, At safepoint: 192794 ns, Total: 1251174 ns
[2024-10-16T08:08:15.016+0000][119][info ][safepoint   ] Safepoint "Cleanup", Time since last: 1351010812 ns, Reaching safepoint: 94052 ns, Cleanup: 14628 ns, At safepoint: 42264 ns, Total: 150944 ns
[2024-10-16T08:08:16.870+0000][119][info ][safepoint   ] Safepoint "Cleanup", Time since last: 1854213676 ns, Reaching safepoint: 19429 ns, Cleanup: 20653 ns, At safepoint: 8500 ns, Total: 48582 ns
[2024-10-16T08:08:19.998+0000][119][info ][safepoint   ] Safepoint "Cleanup", Time since last: 3127412099 ns, Reaching safepoint: 39476 ns, Cleanup: 25209 ns, At safepoint: 21201 ns, Total: 85886 ns
[2024-10-16T08:08:26.099+0000][119][info ][safepoint   ] Safepoint "Cleanup", Time since last: 6100929980 ns, Reaching safepoint: 20862 ns, Cleanup: 11980 ns, At safepoint: 9488 ns, Total: 42330 ns
[2024-10-16T08:08:29.081+0000][119][info ][safepoint   ] Safepoint "Cleanup", Time since last: 2982775825 ns, Reaching safepoint: 11453 ns, Cleanup: 23109 ns, At safepoint: 7507 ns, Total: 42069 ns
[2024-10-16T08:08:30.084+0000][119][info ][safepoint   ] Safepoint "Cleanup", Time since last: 1002246507 ns, Reaching safepoint: 31807 ns, Cleanup: 15753 ns, At safepoint: 13558 ns, Total: 61118 ns
[2024-10-16T08:08:37.091+0000][119][info ][safepoint   ] Safepoint "Cleanup", Time since last: 7007032358 ns, Reaching safepoint: 26211 ns, Cleanup: 31746 ns, At safepoint: 13672 ns, Total: 71629 ns
[2024-10-16T08:08:41.186+0000][119][info ][safepoint   ] Safepoint "Cleanup", Time since last: 4093934395 ns, Reaching safepoint: 26218 ns, Cleanup: 20130 ns, At safepoint: 16094 ns, Total: 62442 ns
[2024-10-16T08:08:42.213+0000][119][info ][safepoint   ] Safepoint "Cleanup", Time since last: 1027072077 ns, Reaching safepoint: 8008 ns, Cleanup: 8619 ns, At safepoint: 5714 ns, Total: 22341 ns
[2024-10-16T08:08:45.885+0000][119][info ][safepoint   ] Safepoint "Cleanup", Time since last: 3671779175 ns, Reaching safepoint: 27366 ns, Cleanup: 109167 ns, At safepoint: 28447 ns, Total: 164980 ns
[2024-10-16T08:08:47.888+0000][119][info ][safepoint   ] Safepoint "Cleanup", Time since last: 2002930361 ns, Reaching safepoint: 31072 ns, Cleanup: 17198 ns, At safepoint: 16457 ns, Total: 64727 ns
[2024-10-16T08:08:49.713+0000][119][info ][safepoint   ] Safepoint "Cleanup", Time since last: 1824956351 ns, Reaching safepoint: 23187 ns, Cleanup: 7788 ns, At safepoint: 4773 ns, Total: 35748 ns
[2024-10-16T08:08:51.299+0000][119][info ][safepoint   ] Safepoint "Cleanup", Time since last: 1586708870 ns, Reaching safepoint: 22923 ns, Cleanup: 19988 ns, At safepoint: 10243 ns, Total: 53154 ns
[2024-10-16T08:08:58.307+0000][119][info ][safepoint   ] Safepoint "Cleanup", Time since last: 7007942815 ns, Reaching safepoint: 26180 ns, Cleanup: 17091 ns, At safepoint: 10976 ns, Total: 54247 ns
[2024-10-16T08:09:07.316+0000][119][info ][safepoint   ] Safepoint "Cleanup", Time since last: 9008950012 ns, Reaching safepoint: 30284 ns, Cleanup: 19397 ns, At safepoint: 11738 ns, Total: 61419 ns
[2024-10-16T08:09:35.395+0000][119][info ][safepoint   ] Safepoint "Cleanup", Time since last: 28078113507 ns, Reaching safepoint: 22895 ns, Cleanup: 19607 ns, At safepoint: 9690 ns, Total: 52192 ns
[2024-10-16T08:09:39.402+0000][119][info ][safepoint   ] Safepoint "Cleanup", Time since last: 4005753236 ns, Reaching safepoint: 19977 ns, Cleanup: 18287 ns, At safepoint: 9815 ns, Total: 48079 ns
[2024-10-16T08:09:40.433+0000][119][info ][safepoint   ] Safepoint "Cleanup", Time since last: 1030261138 ns, Reaching safepoint: 42546 ns, Cleanup: 23615 ns, At safepoint: 20012 ns, Total: 86173 ns
[2024-10-16T08:09:44.425+0000][119][info ][safepoint   ] Safepoint "Cleanup", Time since last: 3991942097 ns, Reaching safepoint: 55936 ns, Cleanup: 17145 ns, At safepoint: 66430 ns, Total: 139511 ns
[2024-10-16T08:10:06.487+0000][119][info ][safepoint   ] Safepoint "Cleanup", Time since last: 22062543594 ns, Reaching safepoint: 42775 ns, Cleanup: 13336 ns, At safepoint: 9110 ns, Total: 65221 ns
[2024-10-16T08:10:26.147+0000][119][info ][safepoint   ] Safepoint "Cleanup", Time since last: 19658643966 ns, Reaching safepoint: 215609 ns, Cleanup: 33864 ns, At safepoint: 71535 ns, Total: 321008 ns
[2024-10-16T08:10:28.149+0000][119][info ][safepoint   ] Safepoint "Cleanup", Time since last: 2001925974 ns, Reaching safepoint: 22454 ns, Cleanup: 17886 ns, At safepoint: 9598 ns, Total: 49938 ns
[2024-10-16T08:10:33.155+0000][119][info ][safepoint   ] Safepoint "Cleanup", Time since last: 5005269173 ns, Reaching safepoint: 29020 ns, Cleanup: 17760 ns, At safepoint: 14943 ns, Total: 61723 ns
[2024-10-16T08:10:53.572+0000][119][info ][safepoint   ] Safepoint "Cleanup", Time since last: 20416213282 ns, Reaching safepoint: 337547 ns, Cleanup: 20081 ns, At safepoint: 75996 ns, Total: 433624 ns
[2024-10-16T08:10:54.575+0000][119][info ][safepoint   ] Safepoint "Cleanup", Time since last: 1001352451 ns, Reaching safepoint: 776517 ns, Cleanup: 23360 ns, At safepoint: 74989 ns, Total: 874866 ns
[2024-10-16T08:10:55.577+0000][119][info ][safepoint   ] Safepoint "Cleanup", Time since last: 1002069453 ns, Reaching safepoint: 34673 ns, Cleanup: 22280 ns, At safepoint: 51737 ns, Total: 108690 ns
[2024-10-16T08:10:56.586+0000][119][info ][safepoint   ] Safepoint "Cleanup", Time since last: 1008885516 ns, Reaching safepoint: 7753 ns, Cleanup: 9600 ns, At safepoint: 4896 ns, Total: 22249 ns
[2024-10-16T08:11:03.602+0000][119][info ][safepoint   ] Safepoint "Cleanup", Time since last: 7016602820 ns, Reaching safepoint: 164632 ns, Cleanup: 15807 ns, At safepoint: 15218 ns, Total: 195657 ns
[2024-10-16T08:11:05.536+0000][119][info ][safepoint   ] Safepoint "Cleanup", Time since last: 1933429742 ns, Reaching safepoint: 7342 ns, Cleanup: 19400 ns, At safepoint: 5566 ns, Total: 32308 ns
[2024-10-16T08:11:06.543+0000][119][info ][safepoint   ] Safepoint "Cleanup", Time since last: 1007483606 ns, Reaching safepoint: 29858 ns, Cleanup: 19045 ns, At safepoint: 13098 ns, Total: 62001 ns
[2024-10-16T08:11:08.545+0000][119][info ][safepoint   ] Safepoint "Cleanup", Time since last: 2002113289 ns, Reaching safepoint: 47672 ns, Cleanup: 19931 ns, At safepoint: 57778 ns, Total: 125381 ns
[2024-10-16T08:11:30.576+0000][119][info ][safepoint   ] Safepoint "Cleanup", Time since last: 22030789824 ns, Reaching safepoint: 69303 ns, Cleanup: 18397 ns, At safepoint: 14865 ns, Total: 102565 ns
[2024-10-16T08:11:37.583+0000][119][info ][safepoint   ] Safepoint "Cleanup", Time since last: 7007009811 ns, Reaching safepoint: 22726 ns, Cleanup: 15615 ns, At safepoint: 9725 ns, Total: 48066 ns
[2024-10-16T08:11:43.591+0000][119][info ][safepoint   ] Safepoint "Cleanup", Time since last: 6005912160 ns, Reaching safepoint: 50341 ns, Cleanup: 13357 ns, At safepoint: 12648 ns, Total: 76346 ns
[2024-10-16T08:11:48.750+0000][119][info ][safepoint   ] Safepoint "Cleanup", Time since last: 5158796951 ns, Reaching safepoint: 22630 ns, Cleanup: 17112 ns, At safepoint: 9438 ns, Total: 49180 ns
[2024-10-16T08:11:58.761+0000][119][info ][safepoint   ] Safepoint "Cleanup", Time since last: 10011045239 ns, Reaching safepoint: 47301 ns, Cleanup: 13886 ns, At safepoint: 9714 ns, Total: 70901 ns
[2024-10-16T08:12:07.836+0000][119][info ][safepoint   ] Safepoint "Cleanup", Time since last: 9074900076 ns, Reaching safepoint: 31165 ns, Cleanup: 14320 ns, At safepoint: 11783 ns, Total: 57268 ns
[2024-10-16T08:12:13.685+0000][119][info ][safepoint   ] Safepoint "Cleanup", Time since last: 5847832495 ns, Reaching safepoint: 28153 ns, Cleanup: 17665 ns, At safepoint: 10548 ns, Total: 56366 ns
[2024-10-16T08:12:14.686+0000][119][info ][safepoint   ] Safepoint "Cleanup", Time since last: 1000851577 ns, Reaching safepoint: 24449 ns, Cleanup: 20868 ns, At safepoint: 11086 ns, Total: 56403 ns
[2024-10-16T08:12:16.706+0000][119][info ][safepoint   ] Safepoint "Cleanup", Time since last: 2020109615 ns, Reaching safepoint: 22384 ns, Cleanup: 13708 ns, At safepoint: 9697 ns, Total: 45789 ns
[2024-10-16T08:12:22.754+0000][119][info ][safepoint   ] Safepoint "Cleanup", Time since last: 6047929718 ns, Reaching safepoint: 26764 ns, Cleanup: 14400 ns, At safepoint: 10785 ns, Total: 51949 ns
[2024-10-16T08:12:28.783+0000][119][info ][safepoint   ] Safepoint "Cleanup", Time since last: 6029026760 ns, Reaching safepoint: 20752 ns, Cleanup: 21075 ns, At safepoint: 9330 ns, Total: 51157 ns
[2024-10-16T08:12:29.784+0000][119][info ][safepoint   ] Safepoint "Cleanup", Time since last: 1000753217 ns, Reaching safepoint: 24556 ns, Cleanup: 15656 ns, At safepoint: 11560 ns, Total: 51772 ns
[2024-10-16T08:12:30.806+0000][119][info ][safepoint   ] Safepoint "Cleanup", Time since last: 1022317309 ns, Reaching safepoint: 30881 ns, Cleanup: 36194 ns, At safepoint: 19729 ns, Total: 86804 ns
[2024-10-16T08:12:39.923+0000][119][info ][safepoint   ] Safepoint "Cleanup", Time since last: 9043618136 ns, Reaching safepoint: 49547 ns, Cleanup: 13272 ns, At safepoint: 13642 ns, Total: 76461 ns
[2024-10-16T08:12:44.988+0000][119][info ][safepoint   ] Safepoint "Cleanup", Time since last: 5065202545 ns, Reaching safepoint: 22500 ns, Cleanup: 12054 ns, At safepoint: 9996 ns, Total: 44550 ns
[2024-10-16T08:12:46.901+0000][119][info ][safepoint   ] Safepoint "Cleanup", Time since last: 1912971519 ns, Reaching safepoint: 7078 ns, Cleanup: 7759 ns, At safepoint: 4720 ns, Total: 19557 ns
[2024-10-16T08:12:48.058+0000][119][info ][safepoint   ] Safepoint "Cleanup", Time since last: 1148974096 ns, Reaching safepoint: 8181589 ns, Cleanup: 32160 ns, At safepoint: 309192 ns, Total: 8522941 ns
[2024-10-16T08:13:00.140+0000][119][info ][safepoint   ] Safepoint "Cleanup", Time since last: 12081225955 ns, Reaching safepoint: 31822 ns, Cleanup: 15689 ns, At safepoint: 12782 ns, Total: 60293 ns
[2024-10-16T08:13:02.169+0000][119][info ][safepoint   ] Safepoint "Cleanup", Time since last: 2027880811 ns, Reaching safepoint: 957596 ns, Cleanup: 16089 ns, At safepoint: 64014 ns, Total: 1037699 ns
[2024-10-16T08:13:05.182+0000][119][info ][safepoint   ] Safepoint "Cleanup", Time since last: 3013121869 ns, Reaching safepoint: 22257 ns, Cleanup: 14161 ns, At safepoint: 11538 ns, Total: 47956 ns
[2024-10-16T08:13:07.184+0000][119][info ][safepoint   ] Safepoint "Cleanup", Time since last: 2002064212 ns, Reaching safepoint: 29090 ns, Cleanup: 19832 ns, At safepoint: 15126 ns, Total: 64048 ns
[2024-10-16T08:13:15.237+0000][119][info ][safepoint   ] Safepoint "Cleanup", Time since last: 8052372447 ns, Reaching safepoint: 34499 ns, Cleanup: 8778 ns, At safepoint: 4719 ns, Total: 47996 ns
[2024-10-16T08:13:20.243+0000][119][info ][safepoint   ] Safepoint "Cleanup", Time since last: 5005432240 ns, Reaching safepoint: 22104 ns, Cleanup: 13653 ns, At safepoint: 9307 ns, Total: 45064 ns
[2024-10-16T08:13:38.280+0000][119][info ][safepoint   ] Safepoint "Cleanup", Time since last: 18037264299 ns, Reaching safepoint: 27877 ns, Cleanup: 14994 ns, At safepoint: 13297 ns, Total: 56168 ns
[2024-10-16T08:13:39.358+0000][119][info ][safepoint   ] Safepoint "Cleanup", Time since last: 1077643534 ns, Reaching safepoint: 7534 ns, Cleanup: 8923 ns, At safepoint: 4538 ns, Total: 20995 ns
[2024-10-16T08:13:41.151+0000][119][info ][safepoint   ] Safepoint "Cleanup", Time since last: 1792867742 ns, Reaching safepoint: 33800 ns, Cleanup: 16578 ns, At safepoint: 17855 ns, Total: 68233 ns
[2024-10-16T08:13:48.158+0000][119][info ][safepoint   ] Safepoint "Cleanup", Time since last: 7006977597 ns, Reaching safepoint: 22120 ns, Cleanup: 12826 ns, At safepoint: 9614 ns, Total: 44560 ns
[2024-10-16T08:13:49.913+0000][119][info ][safepoint   ] Safepoint "Cleanup", Time since last: 1754941971 ns, Reaching safepoint: 7194 ns, Cleanup: 8052 ns, At safepoint: 4692 ns, Total: 19938 ns
[2024-10-16T08:13:51.448+0000][119][info ][safepoint   ] Safepoint "Cleanup", Time since last: 1535171063 ns, Reaching safepoint: 13748 ns, Cleanup: 17504 ns, At safepoint: 7998 ns, Total: 39250 ns
[2024-10-16T08:14:05.469+0000][119][info ][safepoint   ] Safepoint "Cleanup", Time since last: 14021383369 ns, Reaching safepoint: 7862 ns, Cleanup: 8673 ns, At safepoint: 5256 ns, Total: 21791 ns
[2024-10-16T08:14:07.190+0000][119][info ][safepoint   ] Safepoint "Cleanup", Time since last: 1720685878 ns, Reaching safepoint: 7939 ns, Cleanup: 8383 ns, At safepoint: 4633 ns, Total: 20955 ns
[2024-10-16T08:14:52.964+0000][119][info ][safepoint   ] Safepoint "Cleanup", Time since last: 45772508342 ns, Reaching safepoint: 1034973 ns, Cleanup: 14121 ns, At safepoint: 96575 ns, Total: 1145669 ns
[2024-10-16T08:15:02.564+0000][119][info ][safepoint   ] Safepoint "Cleanup", Time since last: 9599997754 ns, Reaching safepoint: 25008 ns, Cleanup: 15220 ns, At safepoint: 10102 ns, Total: 50330 ns
[2024-10-16T08:15:07.958+0000][119][info ][safepoint   ] Safepoint "Cleanup", Time since last: 5393435722 ns, Reaching safepoint: 6994 ns, Cleanup: 9252 ns, At safepoint: 4509 ns, Total: 20755 ns
[2024-10-16T08:15:13.958+0000][119][info ][safepoint   ] Safepoint "Cleanup", Time since last: 5997543930 ns, Reaching safepoint: 22321 ns, Cleanup: 12685 ns, At safepoint: 9672 ns, Total: 44678 ns
[2024-10-16T08:15:30.973+0000][119][info ][safepoint   ] Safepoint "Cleanup", Time since last: 17015701519 ns, Reaching safepoint: 27404 ns, Cleanup: 18682 ns, At safepoint: 167683 ns, Total: 213769 ns
[2024-10-16T08:15:52.999+0000][119][info ][safepoint   ] Safepoint "Cleanup", Time since last: 22024922229 ns, Reaching safepoint: 1030488 ns, Cleanup: 19666 ns, At safepoint: 76785 ns, Total: 1126939 ns
[2024-10-16T08:15:58.702+0000][119][info ][safepoint   ] Safepoint "Cleanup", Time since last: 5702913727 ns, Reaching safepoint: 21551 ns, Cleanup: 12844 ns, At safepoint: 46378 ns, Total: 80773 ns
[2024-10-16T08:16:53.880+0000][119][info ][safepoint   ] Safepoint "Cleanup", Time since last: 55173733229 ns, Reaching safepoint: 20547 ns, Cleanup: 33364 ns, At safepoint: 10971 ns, Total: 64882 ns
[2024-10-16T08:16:58.885+0000][119][info ][safepoint   ] Safepoint "Cleanup", Time since last: 5005185894 ns, Reaching safepoint: 21430 ns, Cleanup: 12137 ns, At safepoint: 9762 ns, Total: 43329 ns
[2024-10-16T08:17:06.925+0000][119][info ][safepoint   ] Safepoint "Cleanup", Time since last: 8039771093 ns, Reaching safepoint: 57876 ns, Cleanup: 15922 ns, At safepoint: 10875 ns, Total: 84673 ns
[2024-10-16T08:17:14.954+0000][119][info ][safepoint   ] Safepoint "Cleanup", Time since last: 8028573896 ns, Reaching safepoint: 7647 ns, Cleanup: 9349 ns, At safepoint: 5285 ns, Total: 22281 ns
[2024-10-16T08:17:22.970+0000][119][info ][safepoint   ] Safepoint "Cleanup", Time since last: 8015296767 ns, Reaching safepoint: 231892 ns, Cleanup: 21323 ns, At safepoint: 21159 ns, Total: 274374 ns
[2024-10-16T08:17:23.971+0000][119][info ][safepoint   ] Safepoint "Cleanup", Time since last: 1001029689 ns, Reaching safepoint: 36792 ns, Cleanup: 24822 ns, At safepoint: 21043 ns, Total: 82657 ns
[2024-10-16T08:17:28.003+0000][119][info ][safepoint   ] Safepoint "Cleanup", Time since last: 4021654312 ns, Reaching safepoint: 10476564 ns, Cleanup: 23418 ns, At safepoint: 91272 ns, Total: 10591254 ns
[2024-10-16T08:17:47.056+0000][119][info ][safepoint   ] Safepoint "Cleanup", Time since last: 19051961320 ns, Reaching safepoint: 8415 ns, Cleanup: 6975 ns, At safepoint: 5037 ns, Total: 20427 ns
[2024-10-16T08:17:53.049+0000][119][info ][safepoint   ] Safepoint "Cleanup", Time since last: 5993382261 ns, Reaching safepoint: 21096 ns, Cleanup: 12811 ns, At safepoint: 8339 ns, Total: 42246 ns
[2024-10-16T08:17:54.063+0000][119][info ][safepoint   ] Safepoint "Cleanup", Time since last: 1013841969 ns, Reaching safepoint: 12558 ns, Cleanup: 24786 ns, At safepoint: 58776 ns, Total: 96120 ns
[2024-10-16T08:17:55.107+0000][119][info ][safepoint   ] Safepoint "Cleanup", Time since last: 1044320016 ns, Reaching safepoint: 7385 ns, Cleanup: 9702 ns, At safepoint: 5639 ns, Total: 22726 ns
[2024-10-16T08:17:56.113+0000][119][info ][safepoint   ] Safepoint "Cleanup", Time since last: 1005437208 ns, Reaching safepoint: 31189 ns, Cleanup: 21961 ns, At safepoint: 14329 ns, Total: 67479 ns
[2024-10-16T08:17:57.163+0000][119][info ][safepoint   ] Safepoint "Cleanup", Time since last: 1049465094 ns, Reaching safepoint: 741658 ns, Cleanup: 75532 ns, At safepoint: 99438 ns, Total: 916628 ns
[2024-10-16T08:17:58.223+0000][119][info ][safepoint   ] Safepoint "Cleanup", Time since last: 1059960849 ns, Reaching safepoint: 22460 ns, Cleanup: 13648 ns, At safepoint: 10067 ns, Total: 46175 ns
[2024-10-16T08:17:59.258+0000][119][info ][safepoint   ] Safepoint "Cleanup", Time since last: 1034993038 ns, Reaching safepoint: 8445 ns, Cleanup: 10510 ns, At safepoint: 7290 ns, Total: 26245 ns
[2024-10-16T08:18:00.998+0000][119][info ][safepoint   ] Safepoint "Cleanup", Time since last: 1739487430 ns, Reaching safepoint: 12466 ns, Cleanup: 32344 ns, At safepoint: 7616 ns, Total: 52426 ns
[2024-10-16T08:18:04.011+0000][119][info ][safepoint   ] Safepoint "Cleanup", Time since last: 3012524401 ns, Reaching safepoint: 801626 ns, Cleanup: 18414 ns, At safepoint: 152372 ns, Total: 972412 ns
[2024-10-16T08:18:07.014+0000][119][info ][safepoint   ] Safepoint "Cleanup", Time since last: 3002956675 ns, Reaching safepoint: 44200 ns, Cleanup: 27145 ns, At safepoint: 21162 ns, Total: 92507 ns
[2024-10-16T08:18:08.016+0000][119][info ][safepoint   ] Safepoint "Cleanup", Time since last: 1000998840 ns, Reaching safepoint: 772674 ns, Cleanup: 20536 ns, At safepoint: 110353 ns, Total: 903563 ns
[2024-10-16T08:18:09.018+0000][119][info ][safepoint   ] Safepoint "Cleanup", Time since last: 1000726007 ns, Reaching safepoint: 19387 ns, Cleanup: 12829 ns, At safepoint: 9878 ns, Total: 42094 ns
[2024-10-16T08:18:10.035+0000][119][info ][safepoint   ] Safepoint "Cleanup", Time since last: 1016069586 ns, Reaching safepoint: 948503 ns, Cleanup: 13976 ns, At safepoint: 66661 ns, Total: 1029140 ns
[2024-10-16T08:18:11.211+0000][119][info ][safepoint   ] Safepoint "Cleanup", Time since last: 1175166214 ns, Reaching safepoint: 21064 ns, Cleanup: 12986 ns, At safepoint: 10766 ns, Total: 44816 ns
[2024-10-16T08:18:14.129+0000][119][info ][safepoint   ] Safepoint "Cleanup", Time since last: 2918427612 ns, Reaching safepoint: 216403 ns, Cleanup: 26572 ns, At safepoint: 72485 ns, Total: 315460 ns
[2024-10-16T08:18:15.359+0000][119][info ][safepoint   ] Safepoint "Cleanup", Time since last: 1229874591 ns, Reaching safepoint: 48118 ns, Cleanup: 22465 ns, At safepoint: 21986 ns, Total: 92569 ns
[2024-10-16T08:18:17.084+0000][119][info ][safepoint   ] Safepoint "Cleanup", Time since last: 1725125266 ns, Reaching safepoint: 7209 ns, Cleanup: 7916 ns, At safepoint: 4638 ns, Total: 19763 ns
[2024-10-16T08:18:33.438+0000][119][info ][safepoint   ] Safepoint "Cleanup", Time since last: 16353851214 ns, Reaching safepoint: 32375 ns, Cleanup: 19324 ns, At safepoint: 14595 ns, Total: 66294 ns
[2024-10-16T08:19:02.084+0000][119][info ][safepoint   ] Safepoint "Cleanup", Time since last: 28647891526 ns, Reaching safepoint: 7550 ns, Cleanup: 9161 ns, At safepoint: 4249 ns, Total: 20960 ns
[2024-10-16T08:19:03.500+0000][119][info ][safepoint   ] Safepoint "Cleanup", Time since last: 1416143742 ns, Reaching safepoint: 7416 ns, Cleanup: 7618 ns, At safepoint: 4969 ns, Total: 20003 ns
[2024-10-16T08:19:07.508+0000][119][info ][safepoint   ] Safepoint "Cleanup", Time since last: 4007888565 ns, Reaching safepoint: 47769 ns, Cleanup: 15097 ns, At safepoint: 10184 ns, Total: 73050 ns
[2024-10-16T08:19:18.271+0000][119][info ][safepoint   ] Safepoint "Cleanup", Time since last: 10760177538 ns, Reaching safepoint: 27528 ns, Cleanup: 18578 ns, At safepoint: 14740 ns, Total: 60846 ns
[2024-10-16T08:19:45.581+0000][119][info ][safepoint   ] Safepoint "Cleanup", Time since last: 27307700712 ns, Reaching safepoint: 200849 ns, Cleanup: 16140 ns, At safepoint: 13001 ns, Total: 229990 ns
[2024-10-16T08:20:03.599+0000][119][info ][safepoint   ] Safepoint "Cleanup", Time since last: 18017862081 ns, Reaching safepoint: 50293 ns, Cleanup: 14726 ns, At safepoint: 9886 ns, Total: 74905 ns
[2024-10-16T08:20:05.606+0000][119][info ][safepoint   ] Safepoint "Cleanup", Time since last: 2006650582 ns, Reaching safepoint: 14548 ns, Cleanup: 10243 ns, At safepoint: 6131 ns, Total: 30922 ns
[2024-10-16T08:20:10.324+0000][119][info ][safepoint   ] Safepoint "Cleanup", Time since last: 4717066559 ns, Reaching safepoint: 6925 ns, Cleanup: 11534 ns, At safepoint: 4487 ns, Total: 22946 ns
[2024-10-16T08:20:20.500+0000][119][info ][safepoint   ] Safepoint "Cleanup", Time since last: 10176117340 ns, Reaching safepoint: 22225 ns, Cleanup: 13755 ns, At safepoint: 10700 ns, Total: 46680 ns
[2024-10-16T08:20:23.101+0000][119][info ][safepoint   ] Safepoint "Cleanup", Time since last: 2601557451 ns, Reaching safepoint: 11775 ns, Cleanup: 7058 ns, At safepoint: 4540 ns, Total: 23373 ns
[2024-10-16T08:20:24.749+0000][119][info ][safepoint   ] Safepoint "Cleanup", Time since last: 1647320680 ns, Reaching safepoint: 21602 ns, Cleanup: 15321 ns, At safepoint: 9275 ns, Total: 46198 ns
[2024-10-16T08:20:34.759+0000][119][info ][safepoint   ] Safepoint "Cleanup", Time since last: 10010006388 ns, Reaching safepoint: 19321 ns, Cleanup: 12056 ns, At safepoint: 9647 ns, Total: 41024 ns
[2024-10-16T08:20:35.760+0000][119][info ][safepoint   ] Safepoint "Cleanup", Time since last: 1001006811 ns, Reaching safepoint: 21832 ns, Cleanup: 14974 ns, At safepoint: 12563 ns, Total: 49369 ns
[2024-10-16T08:21:06.825+0000][119][info ][safepoint   ] Safepoint "Cleanup", Time since last: 31064034716 ns, Reaching safepoint: 74918 ns, Cleanup: 18004 ns, At safepoint: 19717 ns, Total: 112639 ns
[2024-10-16T08:21:08.147+0000][119][info ][safepoint   ] Safepoint "Cleanup", Time since last: 1321327733 ns, Reaching safepoint: 16181 ns, Cleanup: 19649 ns, At safepoint: 10129 ns, Total: 45959 ns
[2024-10-16T08:21:26.959+0000][119][info ][safepoint   ] Safepoint "Cleanup", Time since last: 18811450578 ns, Reaching safepoint: 7155 ns, Cleanup: 11694 ns, At safepoint: 5171 ns, Total: 24020 ns
[2024-10-16T08:21:35.976+0000][119][info ][safepoint   ] Safepoint "Cleanup", Time since last: 9016767454 ns, Reaching safepoint: 23145 ns, Cleanup: 14039 ns, At safepoint: 10838 ns, Total: 48022 ns
[2024-10-16T08:21:48.138+0000][119][info ][safepoint   ] Safepoint "Cleanup", Time since last: 12160992208 ns, Reaching safepoint: 51339 ns, Cleanup: 13594 ns, At safepoint: 11316 ns, Total: 76249 ns
[2024-10-16T08:22:07.157+0000][119][info ][safepoint   ] Safepoint "Cleanup", Time since last: 19019196578 ns, Reaching safepoint: 21749 ns, Cleanup: 11617 ns, At safepoint: 9693 ns, Total: 43059 ns
[2024-10-16T08:22:28.699+0000][119][info ][safepoint   ] Safepoint "Cleanup", Time since last: 21540652123 ns, Reaching safepoint: 62210 ns, Cleanup: 18930 ns, At safepoint: 10472 ns, Total: 91612 ns
[2024-10-16T08:22:38.379+0000][119][info ][safepoint   ] Safepoint "Cleanup", Time since last: 9679997782 ns, Reaching safepoint: 20836 ns, Cleanup: 13004 ns, At safepoint: 10583 ns, Total: 44423 ns
[2024-10-16T08:22:52.392+0000][119][info ][safepoint   ] Safepoint "Cleanup", Time since last: 14012818016 ns, Reaching safepoint: 47230 ns, Cleanup: 12580 ns, At safepoint: 8976 ns, Total: 68786 ns
[2024-10-16T08:22:54.394+0000][119][info ][safepoint   ] Safepoint "Cleanup", Time since last: 2002064311 ns, Reaching safepoint: 50374 ns, Cleanup: 13653 ns, At safepoint: 14107 ns, Total: 78134 ns
[2024-10-16T08:23:00.400+0000][119][info ][safepoint   ] Safepoint "Cleanup", Time since last: 6006132693 ns, Reaching safepoint: 29080 ns, Cleanup: 18573 ns, At safepoint: 14120 ns, Total: 61773 ns
[2024-10-16T08:23:11.233+0000][119][info ][safepoint   ] Safepoint "Cleanup", Time since last: 10833378183 ns, Reaching safepoint: 7602 ns, Cleanup: 7383 ns, At safepoint: 4591 ns, Total: 19576 ns
[2024-10-16T08:23:12.498+0000][119][info ][safepoint   ] Safepoint "Cleanup", Time since last: 1264287390 ns, Reaching safepoint: 20744 ns, Cleanup: 17370 ns, At safepoint: 9783 ns, Total: 47897 ns
[2024-10-16T08:23:14.235+0000][119][info ][safepoint   ] Safepoint "Cleanup", Time since last: 1736773101 ns, Reaching safepoint: 13949 ns, Cleanup: 140816 ns, At safepoint: 122878 ns, Total: 277643 ns
[2024-10-16T08:23:15.525+0000][119][info ][safepoint   ] Safepoint "Cleanup", Time since last: 1289904605 ns, Reaching safepoint: 22180 ns, Cleanup: 16686 ns, At safepoint: 10420 ns, Total: 49286 ns
[2024-10-16T08:23:32.233+0000][119][info ][safepoint   ] Safepoint "Cleanup", Time since last: 16708730507 ns, Reaching safepoint: 7362 ns, Cleanup: 7078 ns, At safepoint: 4632 ns, Total: 19072 ns
[2024-10-16T08:23:33.616+0000][119][info ][safepoint   ] Safepoint "Cleanup", Time since last: 1382509736 ns, Reaching safepoint: 23883 ns, Cleanup: 13982 ns, At safepoint: 10365 ns, Total: 48230 ns
[2024-10-16T08:23:48.898+0000][119][info ][safepoint   ] Safepoint "Cleanup", Time since last: 15279817493 ns, Reaching safepoint: 144209 ns, Cleanup: 15699 ns, At safepoint: 22364 ns, Total: 182272 ns
[2024-10-16T08:24:06.916+0000][119][info ][safepoint   ] Safepoint "Cleanup", Time since last: 18017716976 ns, Reaching safepoint: 22128 ns, Cleanup: 13352 ns, At safepoint: 10313 ns, Total: 45793 ns
[2024-10-16T08:24:14.721+0000][119][info ][safepoint   ] Safepoint "Cleanup", Time since last: 7803735740 ns, Reaching safepoint: 7895 ns, Cleanup: 7901 ns, At safepoint: 4531 ns, Total: 20327 ns
[2024-10-16T08:24:35.758+0000][119][info ][safepoint   ] Safepoint "Cleanup", Time since last: 21036764489 ns, Reaching safepoint: 7697 ns, Cleanup: 6656 ns, At safepoint: 5219 ns, Total: 19572 ns
[2024-10-16T08:24:39.771+0000][119][info ][safepoint   ] Safepoint "Cleanup", Time since last: 4012532420 ns, Reaching safepoint: 24471 ns, Cleanup: 13276 ns, At safepoint: 11456 ns, Total: 49203 ns
[2024-10-16T08:25:30.854+0000][119][info ][safepoint   ] Safepoint "Cleanup", Time since last: 51081877197 ns, Reaching safepoint: 53136 ns, Cleanup: 13960 ns, At safepoint: 13606 ns, Total: 80702 ns
[2024-10-16T08:25:37.861+0000][119][info ][safepoint   ] Safepoint "Cleanup", Time since last: 7006928786 ns, Reaching safepoint: 40844 ns, Cleanup: 17554 ns, At safepoint: 84914 ns, Total: 143312 ns
[2024-10-16T08:25:38.865+0000][119][info ][safepoint   ] Safepoint "Cleanup", Time since last: 1004682934 ns, Reaching safepoint: 7633 ns, Cleanup: 6988 ns, At safepoint: 5342 ns, Total: 19963 ns
[2024-10-16T08:26:12.161+0000][119][info ][safepoint   ] Safepoint "Cleanup", Time since last: 33296052441 ns, Reaching safepoint: 22065 ns, Cleanup: 12378 ns, At safepoint: 10739 ns, Total: 45182 ns
[2024-10-16T08:26:25.442+0000][119][info ][safepoint   ] Safepoint "Cleanup", Time since last: 13281586829 ns, Reaching safepoint: 20640 ns, Cleanup: 11955 ns, At safepoint: 10057 ns, Total: 42652 ns
[2024-10-16T08:26:27.219+0000][119][info ][safepoint   ] Safepoint "Cleanup", Time since last: 1776533228 ns, Reaching safepoint: 57261 ns, Cleanup: 42018 ns, At safepoint: 11960 ns, Total: 111239 ns
[2024-10-16T08:26:35.842+0000][119][info ][safepoint   ] Safepoint "Cleanup", Time since last: 8622661350 ns, Reaching safepoint: 24215 ns, Cleanup: 16525 ns, At safepoint: 131540 ns, Total: 172280 ns
[2024-10-16T08:26:36.854+0000][119][info ][safepoint   ] Safepoint "Cleanup", Time since last: 1000759902 ns, Reaching safepoint: 31044 ns, Cleanup: 16194 ns, At safepoint: 10901808 ns, Total: 10949046 ns
[2024-10-16T08:26:37.855+0000][119][info ][safepoint   ] Safepoint "Cleanup", Time since last: 1001124777 ns, Reaching safepoint: 62982 ns, Cleanup: 28304 ns, At safepoint: 17279 ns, Total: 108565 ns
[2024-10-16T08:26:38.859+0000][119][info ][safepoint   ] Safepoint "Cleanup", Time since last: 1000840948 ns, Reaching safepoint: 28859 ns, Cleanup: 27841 ns, At safepoint: 23087 ns, Total: 79787 ns
[2024-10-16T08:26:42.059+0000][119][info ][safepoint   ] Safepoint "Cleanup", Time since last: 3199750605 ns, Reaching safepoint: 7209 ns, Cleanup: 6203 ns, At safepoint: 5651 ns, Total: 19063 ns
[2024-10-16T08:27:03.090+0000][119][info ][safepoint   ] Safepoint "Cleanup", Time since last: 21030221484 ns, Reaching safepoint: 79005 ns, Cleanup: 15653 ns, At safepoint: 13736 ns, Total: 108394 ns
[2024-10-16T08:27:44.388+0000][119][info ][safepoint   ] Safepoint "Cleanup", Time since last: 41295601628 ns, Reaching safepoint: 210909 ns, Cleanup: 22940 ns, At safepoint: 170016 ns, Total: 403865 ns
[2024-10-16T08:27:45.397+0000][119][info ][safepoint   ] Safepoint "Cleanup", Time since last: 1009892581 ns, Reaching safepoint: 11187 ns, Cleanup: 21023 ns, At safepoint: 8818 ns, Total: 41028 ns
[2024-10-16T08:27:48.463+0000][119][info ][safepoint   ] Safepoint "Cleanup", Time since last: 3064962850 ns, Reaching safepoint: 88299 ns, Cleanup: 51685 ns, At safepoint: 48351 ns, Total: 188335 ns
[2024-10-16T08:28:00.476+0000][119][info ][safepoint   ] Safepoint "Cleanup", Time since last: 12012958722 ns, Reaching safepoint: 23924 ns, Cleanup: 15064 ns, At safepoint: 10413 ns, Total: 49401 ns
[2024-10-16T08:28:01.517+0000][119][info ][safepoint   ] Safepoint "Cleanup", Time since last: 1040989072 ns, Reaching safepoint: 21955 ns, Cleanup: 14872 ns, At safepoint: 9936 ns, Total: 46763 ns
[2024-10-16T08:28:05.524+0000][119][info ][safepoint   ] Safepoint "Cleanup", Time since last: 4006796092 ns, Reaching safepoint: 33524 ns, Cleanup: 312601 ns, At safepoint: 34779 ns, Total: 380904 ns
[2024-10-16T08:28:06.734+0000][119][info ][safepoint   ] Safepoint "Cleanup", Time since last: 1210563936 ns, Reaching safepoint: 30742 ns, Cleanup: 16943 ns, At safepoint: 13714 ns, Total: 61399 ns
[2024-10-16T08:28:07.736+0000][119][info ][safepoint   ] Safepoint "Cleanup", Time since last: 1001101038 ns, Reaching safepoint: 27547 ns, Cleanup: 19395 ns, At safepoint: 11327 ns, Total: 58269 ns
[2024-10-16T08:28:08.957+0000][119][info ][safepoint   ] Safepoint "Cleanup", Time since last: 1222307910 ns, Reaching safepoint: 52983 ns, Cleanup: 23668 ns, At safepoint: 27687 ns, Total: 104338 ns
[2024-10-16T08:28:10.960+0000][119][info ][safepoint   ] Safepoint "Cleanup", Time since last: 2002914523 ns, Reaching safepoint: 37645 ns, Cleanup: 21016 ns, At safepoint: 17258 ns, Total: 75919 ns
[2024-10-16T08:28:14.300+0000][119][info ][safepoint   ] Safepoint "Cleanup", Time since last: 3339596368 ns, Reaching safepoint: 15010 ns, Cleanup: 14971 ns, At safepoint: 8074 ns, Total: 38055 ns
[2024-10-16T08:28:15.305+0000][119][info ][safepoint   ] Safepoint "Cleanup", Time since last: 1005267864 ns, Reaching safepoint: 7715 ns, Cleanup: 14239 ns, At safepoint: 4655 ns, Total: 26609 ns
[2024-10-16T08:28:26.308+0000][119][info ][safepoint   ] Safepoint "Cleanup", Time since last: 11002410425 ns, Reaching safepoint: 13204 ns, Cleanup: 9327 ns, At safepoint: 7579 ns, Total: 30110 ns
[2024-10-16T08:28:27.347+0000][119][info ][safepoint   ] Safepoint "Cleanup", Time since last: 1039110780 ns, Reaching safepoint: 7424 ns, Cleanup: 6965 ns, At safepoint: 4869 ns, Total: 19258 ns
[2024-10-16T08:28:28.366+0000][119][info ][safepoint   ] Safepoint "Cleanup", Time since last: 1019020935 ns, Reaching safepoint: 37263 ns, Cleanup: 17872 ns, At safepoint: 13704 ns, Total: 68839 ns
[2024-10-16T08:28:40.707+0000][119][info ][safepoint   ] Safepoint "Cleanup", Time since last: 12338490201 ns, Reaching safepoint: 16322 ns, Cleanup: 13461 ns, At safepoint: 7528 ns, Total: 37311 ns
[2024-10-16T08:28:42.015+0000][119][info ][safepoint   ] Safepoint "Cleanup", Time since last: 1307956474 ns, Reaching safepoint: 9684 ns, Cleanup: 73755 ns, At safepoint: 123177 ns, Total: 206616 ns
[2024-10-16T08:28:43.016+0000][119][info ][safepoint   ] Safepoint "Cleanup", Time since last: 1001257089 ns, Reaching safepoint: 22244 ns, Cleanup: 14390 ns, At safepoint: 9351 ns, Total: 45985 ns
[2024-10-16T08:28:44.017+0000][119][info ][safepoint   ] Safepoint "Cleanup", Time since last: 1000966189 ns, Reaching safepoint: 34799 ns, Cleanup: 14649 ns, At safepoint: 13296 ns, Total: 62744 ns
[2024-10-16T08:28:47.325+0000][119][info ][safepoint   ] Safepoint "Cleanup", Time since last: 3307253220 ns, Reaching safepoint: 7351 ns, Cleanup: 7437 ns, At safepoint: 4909 ns, Total: 19697 ns
[2024-10-16T08:28:48.399+0000][119][info ][safepoint   ] Safepoint "Cleanup", Time since last: 1074513976 ns, Reaching safepoint: 62625 ns, Cleanup: 17771 ns, At safepoint: 16210 ns, Total: 96606 ns
[2024-10-16T08:29:07.437+0000][119][info ][safepoint   ] Safepoint "Cleanup", Time since last: 19038087508 ns, Reaching safepoint: 74620 ns, Cleanup: 15446 ns, At safepoint: 10790 ns, Total: 100856 ns
[2024-10-16T08:29:26.835+0000][119][info ][safepoint   ] Safepoint "Cleanup", Time since last: 19396505935 ns, Reaching safepoint: 73507 ns, Cleanup: 17655 ns, At safepoint: 20940 ns, Total: 112102 ns
[2024-10-16T08:29:29.335+0000][119][info ][safepoint   ] Safepoint "Cleanup", Time since last: 2500567094 ns, Reaching safepoint: 7387 ns, Cleanup: 6646 ns, At safepoint: 4567 ns, Total: 18600 ns
[2024-10-16T08:29:44.524+0000][119][info ][safepoint   ] Safepoint "Cleanup", Time since last: 15187724398 ns, Reaching safepoint: 26511 ns, Cleanup: 42357 ns, At safepoint: 12885 ns, Total: 81753 ns
[2024-10-16T08:30:05.560+0000][119][info ][safepoint   ] Safepoint "Cleanup", Time since last: 21035928848 ns, Reaching safepoint: 44481 ns, Cleanup: 12088 ns, At safepoint: 9392 ns, Total: 65961 ns
[2024-10-16T08:30:07.562+0000][119][info ][safepoint   ] Safepoint "Cleanup", Time since last: 2001831314 ns, Reaching safepoint: 21210 ns, Cleanup: 12461 ns, At safepoint: 10705 ns, Total: 44376 ns
[2024-10-16T08:30:38.639+0000][119][info ][safepoint   ] Safepoint "Cleanup", Time since last: 31108940784 ns, Reaching safepoint: 902202 ns, Cleanup: 17235 ns, At safepoint: 111500 ns, Total: 1030937 ns
[2024-10-16T08:30:45.481+0000][119][info ][safepoint   ] Safepoint "Cleanup", Time since last: 6841965840 ns, Reaching safepoint: 7972 ns, Cleanup: 8374 ns, At safepoint: 3390 ns, Total: 19736 ns
[2024-10-16T08:30:53.691+0000][119][info ][safepoint   ] Safepoint "Cleanup", Time since last: 8210380173 ns, Reaching safepoint: 7671 ns, Cleanup: 8508 ns, At safepoint: 5101 ns, Total: 21280 ns
[2024-10-16T08:31:35.434+0000][119][info ][safepoint   ] Safepoint "Cleanup", Time since last: 41745695492 ns, Reaching safepoint: 10723 ns, Cleanup: 10180 ns, At safepoint: 5606 ns, Total: 26509 ns
[2024-10-16T08:31:36.893+0000][119][info ][safepoint   ] Safepoint "Cleanup", Time since last: 1459041197 ns, Reaching safepoint: 71283 ns, Cleanup: 21722 ns, At safepoint: 58518 ns, Total: 151523 ns
[2024-10-16T08:31:53.925+0000][119][info ][safepoint   ] Safepoint "Cleanup", Time since last: 17031652523 ns, Reaching safepoint: 31157 ns, Cleanup: 18409 ns, At safepoint: 15883 ns, Total: 65449 ns
[2024-10-16T08:31:55.740+0000][119][info ][safepoint   ] Safepoint "Cleanup", Time since last: 1814804682 ns, Reaching safepoint: 21959 ns, Cleanup: 26110 ns, At safepoint: 10003 ns, Total: 58072 ns
[2024-10-16T08:31:58.932+0000][119][info ][safepoint   ] Safepoint "Cleanup", Time since last: 3192059303 ns, Reaching safepoint: 23384 ns, Cleanup: 11997 ns, At safepoint: 9992 ns, Total: 45373 ns
[2024-10-16T08:32:05.940+0000][119][info ][safepoint   ] Safepoint "Cleanup", Time since last: 7008114026 ns, Reaching safepoint: 60187 ns, Cleanup: 115985 ns, At safepoint: 21956 ns, Total: 198128 ns
[2024-10-16T08:32:06.941+0000][119][info ][safepoint   ] Safepoint "Cleanup", Time since last: 1000997420 ns, Reaching safepoint: 37151 ns, Cleanup: 21878 ns, At safepoint: 13827 ns, Total: 72856 ns
[2024-10-16T08:32:09.304+0000][119][info ][safepoint   ] Safepoint "Cleanup", Time since last: 2362939315 ns, Reaching safepoint: 7176 ns, Cleanup: 8267 ns, At safepoint: 4917 ns, Total: 20360 ns
[2024-10-16T08:32:11.316+0000][119][info ][safepoint   ] Safepoint "Cleanup", Time since last: 2011587717 ns, Reaching safepoint: 197421 ns, Cleanup: 63336 ns, At safepoint: 60077 ns, Total: 320834 ns
[2024-10-16T08:32:13.632+0000][119][info ][gc,start    ] GC(22) Pause Young (Mixed) (G1 Evacuation Pause)
[2024-10-16T08:32:13.632+0000][119][info ][gc,task     ] GC(22) Using 4 workers of 4 for evacuation
[2024-10-16T08:32:13.632+0000][119][debug][gc,age      ] GC(22) Desired survivor size 216006656 bytes, new threshold 15 (max threshold 15)
[2024-10-16T08:32:13.905+0000][119][info ][gc,mmu      ] GC(22) MMU target violated: 201.0ms (200.0ms/201.0ms)
[2024-10-16T08:32:13.905+0000][119][info ][gc,phases   ] GC(22)   Pre Evacuate Collection Set: 11.71ms
[2024-10-16T08:32:13.905+0000][119][info ][gc,phases   ] GC(22)   Merge Heap Roots: 11.18ms
[2024-10-16T08:32:13.905+0000][119][info ][gc,phases   ] GC(22)   Evacuate Collection Set: 168.89ms
[2024-10-16T08:32:13.905+0000][119][info ][gc,phases   ] GC(22)   Post Evacuate Collection Set: 70.58ms
[2024-10-16T08:32:13.905+0000][119][info ][gc,phases   ] GC(22)   Other: 10.42ms
[2024-10-16T08:32:13.905+0000][119][trace][gc,age      ] GC(22) Age table with threshold 15 (max threshold 15)
[2024-10-16T08:32:13.905+0000][119][trace][gc,age      ] GC(22) - age   1:    3941632 bytes,    3941632 total
[2024-10-16T08:32:13.905+0000][119][trace][gc,age      ] GC(22) - age   2:     728904 bytes,    4670536 total
[2024-10-16T08:32:13.905+0000][119][trace][gc,age      ] GC(22) - age   3:     154448 bytes,    4824984 total
[2024-10-16T08:32:13.905+0000][119][trace][gc,age      ] GC(22) - age   4:    4914232 bytes,    9739216 total
[2024-10-16T08:32:13.905+0000][119][trace][gc,age      ] GC(22) - age   5:    5179064 bytes,   14918280 total
[2024-10-16T08:32:13.905+0000][119][trace][gc,age      ] GC(22) - age   6:   14083400 bytes,   29001680 total
[2024-10-16T08:32:13.905+0000][119][info ][gc,heap     ] GC(22) Eden regions: 813->0(813)
[2024-10-16T08:32:13.905+0000][119][info ][gc,heap     ] GC(22) Survivor regions: 8->8(103)
[2024-10-16T08:32:13.905+0000][119][info ][gc,heap     ] GC(22) Old regions: 32->31
[2024-10-16T08:32:13.905+0000][119][info ][gc,heap     ] GC(22) Humongous regions: 2->2
[2024-10-16T08:32:13.905+0000][119][info ][gc,metaspace] GC(22) Metaspace: 157653K(161984K)->157653K(161984K) NonClass: 136181K(138496K)->136181K(138496K) Class: 21471K(23488K)->21471K(23488K)
[2024-10-16T08:32:13.905+0000][119][info ][gc          ] GC(22) Pause Young (Mixed) (G1 Evacuation Pause) 3416M->162M(5476M) 272.971ms
[2024-10-16T08:32:13.905+0000][119][info ][gc,cpu      ] GC(22) User=0.53s Sys=0.06s Real=0.28s
[2024-10-16T08:32:13.905+0000][119][info ][safepoint   ] Safepoint "G1CollectForAllocation", Time since last: 2315831651 ns, Reaching safepoint: 79310 ns, Cleanup: 52392 ns, At safepoint: 273209871 ns, Total: 273341573 ns
[2024-10-16T08:32:14.906+0000][119][info ][safepoint   ] Safepoint "Cleanup", Time since last: 1000540169 ns, Reaching safepoint: 20837 ns, Cleanup: 15731 ns, At safepoint: 10115 ns, Total: 46683 ns
[2024-10-16T08:32:17.183+0000][119][info ][safepoint   ] Safepoint "Cleanup", Time since last: 2276827392 ns, Reaching safepoint: 20159 ns, Cleanup: 12224 ns, At safepoint: 10641 ns, Total: 43024 ns
[2024-10-16T08:32:20.243+0000][119][info ][safepoint   ] Safepoint "Cleanup", Time since last: 3060159405 ns, Reaching safepoint: 7301 ns, Cleanup: 7544 ns, At safepoint: 4989 ns, Total: 19834 ns
[2024-10-16T08:32:38.346+0000][119][info ][safepoint   ] Safepoint "Cleanup", Time since last: 18102278811 ns, Reaching safepoint: 6785 ns, Cleanup: 13745 ns, At safepoint: 4657 ns, Total: 25187 ns
[2024-10-16T08:32:59.044+0000][119][info ][safepoint   ] Safepoint "Cleanup", Time since last: 20697915700 ns, Reaching safepoint: 149464 ns, Cleanup: 28632 ns, At safepoint: 29541 ns, Total: 207637 ns
[2024-10-16T08:33:00.060+0000][119][info ][safepoint   ] Safepoint "Cleanup", Time since last: 1016407818 ns, Reaching safepoint: 93953 ns, Cleanup: 13399 ns, At safepoint: 6889 ns, Total: 114241 ns
[2024-10-16T08:33:07.085+0000][119][info ][safepoint   ] Safepoint "Cleanup", Time since last: 7025098697 ns, Reaching safepoint: 24974 ns, Cleanup: 15902 ns, At safepoint: 10461 ns, Total: 51337 ns
[2024-10-16T08:33:16.146+0000][119][info ][safepoint   ] Safepoint "Cleanup", Time since last: 9059914799 ns, Reaching safepoint: 30670 ns, Cleanup: 18328 ns, At safepoint: 14798 ns, Total: 63796 ns
[2024-10-16T08:33:19.176+0000][119][info ][safepoint   ] Safepoint "Cleanup", Time since last: 3029935722 ns, Reaching safepoint: 30883 ns, Cleanup: 15313 ns, At safepoint: 11720 ns, Total: 57916 ns
[2024-10-16T08:33:36.192+0000][119][info ][safepoint   ] Safepoint "Cleanup", Time since last: 17016627745 ns, Reaching safepoint: 26842 ns, Cleanup: 13819 ns, At safepoint: 11114 ns, Total: 51775 ns
[2024-10-16T08:33:37.193+0000][119][info ][safepoint   ] Safepoint "Cleanup", Time since last: 1000274233 ns, Reaching safepoint: 30286 ns, Cleanup: 13958 ns, At safepoint: 40734 ns, Total: 84978 ns
[2024-10-16T08:33:42.248+0000][119][info ][safepoint   ] Safepoint "Cleanup", Time since last: 5054540062 ns, Reaching safepoint: 9928 ns, Cleanup: 11854 ns, At safepoint: 3379 ns, Total: 25161 ns
[2024-10-16T08:33:46.251+0000][119][info ][safepoint   ] Safepoint "Cleanup", Time since last: 4003396215 ns, Reaching safepoint: 33100 ns, Cleanup: 17655 ns, At safepoint: 25066 ns, Total: 75821 ns
[2024-10-16T08:33:50.542+0000][119][info ][safepoint   ] Safepoint "Cleanup", Time since last: 4290695989 ns, Reaching safepoint: 20689 ns, Cleanup: 12729 ns, At safepoint: 10418 ns, Total: 43836 ns
[2024-10-16T08:33:51.574+0000][119][info ][safepoint   ] Safepoint "Cleanup", Time since last: 1032170939 ns, Reaching safepoint: 23624 ns, Cleanup: 13029 ns, At safepoint: 10229 ns, Total: 46882 ns
[2024-10-16T08:34:03.275+0000][119][info ][safepoint   ] Safepoint "Cleanup", Time since last: 11700759393 ns, Reaching safepoint: 7934 ns, Cleanup: 10114 ns, At safepoint: 5454 ns, Total: 23502 ns
[2024-10-16T08:34:15.120+0000][119][info ][safepoint   ] Safepoint "Cleanup", Time since last: 11844798488 ns, Reaching safepoint: 20672 ns, Cleanup: 12435 ns, At safepoint: 9428 ns, Total: 42535 ns
[2024-10-16T08:34:44.441+0000][119][info ][safepoint   ] Safepoint "Cleanup", Time since last: 29321036081 ns, Reaching safepoint: 8355 ns, Cleanup: 8305 ns, At safepoint: 4375 ns, Total: 21035 ns
[2024-10-16T08:34:48.448+0000][119][info ][safepoint   ] Safepoint "Cleanup", Time since last: 4006393952 ns, Reaching safepoint: 46562 ns, Cleanup: 18310 ns, At safepoint: 17233 ns, Total: 82105 ns
[2024-10-16T08:35:30.309+0000][119][info ][safepoint   ] Safepoint "Cleanup", Time since last: 41859687004 ns, Reaching safepoint: 773853 ns, Cleanup: 18692 ns, At safepoint: 162995 ns, Total: 955540 ns
[2024-10-16T08:35:34.313+0000][119][info ][safepoint   ] Safepoint "Cleanup", Time since last: 4003998277 ns, Reaching safepoint: 24358 ns, Cleanup: 25420 ns, At safepoint: 13085 ns, Total: 62863 ns
[2024-10-16T08:35:39.318+0000][119][info ][safepoint   ] Safepoint "Cleanup", Time since last: 5005029677 ns, Reaching safepoint: 21642 ns, Cleanup: 14118 ns, At safepoint: 10311 ns, Total: 46071 ns
[2024-10-16T08:35:47.617+0000][119][info ][safepoint   ] Safepoint "Cleanup", Time since last: 8298028344 ns, Reaching safepoint: 690880 ns, Cleanup: 12477 ns, At safepoint: 34972 ns, Total: 738329 ns
[2024-10-16T08:35:49.658+0000][119][info ][safepoint   ] Safepoint "Cleanup", Time since last: 2041138057 ns, Reaching safepoint: 30546 ns, Cleanup: 18785 ns, At safepoint: 12762 ns, Total: 62093 ns
[2024-10-16T08:35:53.662+0000][119][info ][safepoint   ] Safepoint "Cleanup", Time since last: 4003948291 ns, Reaching safepoint: 27088 ns, Cleanup: 19250 ns, At safepoint: 15072 ns, Total: 61410 ns
[2024-10-16T08:36:08.510+0000][119][info ][safepoint   ] Safepoint "Cleanup", Time since last: 14847838848 ns, Reaching safepoint: 8079 ns, Cleanup: 6730 ns, At safepoint: 5302 ns, Total: 20111 ns
[2024-10-16T08:36:09.912+0000][119][info ][safepoint   ] Safepoint "Cleanup", Time since last: 1401658050 ns, Reaching safepoint: 326543 ns, Cleanup: 450168 ns, At safepoint: 53051 ns, Total: 829762 ns
[2024-10-16T08:36:48.401+0000][119][info ][safepoint   ] Safepoint "Cleanup", Time since last: 38487267169 ns, Reaching safepoint: 1074226 ns, Cleanup: 20561 ns, At safepoint: 213666 ns, Total: 1308453 ns
[2024-10-16T08:36:49.407+0000][119][info ][safepoint   ] Safepoint "Cleanup", Time since last: 1005199393 ns, Reaching safepoint: 12474 ns, Cleanup: 18126 ns, At safepoint: 7609 ns, Total: 38209 ns
[2024-10-16T08:37:12.530+0000][119][info ][safepoint   ] Safepoint "Cleanup", Time since last: 23123311751 ns, Reaching safepoint: 24415 ns, Cleanup: 8997 ns, At safepoint: 5073 ns, Total: 38485 ns
[2024-10-16T08:37:49.602+0000][119][info ][safepoint   ] Safepoint "Cleanup", Time since last: 37071286653 ns, Reaching safepoint: 23772 ns, Cleanup: 11521 ns, At safepoint: 9037 ns, Total: 44330 ns
[2024-10-16T08:37:50.610+0000][119][info ][safepoint   ] Safepoint "Cleanup", Time since last: 1007951453 ns, Reaching safepoint: 73896 ns, Cleanup: 43543 ns, At safepoint: 35957 ns, Total: 153396 ns
[2024-10-16T08:37:56.644+0000][119][info ][safepoint   ] Safepoint "Cleanup", Time since last: 6033752219 ns, Reaching safepoint: 28608 ns, Cleanup: 17978 ns, At safepoint: 18946 ns, Total: 65532 ns
[2024-10-16T08:37:58.646+0000][119][info ][safepoint   ] Safepoint "Cleanup", Time since last: 2002302603 ns, Reaching safepoint: 34552 ns, Cleanup: 13471 ns, At safepoint: 10045 ns, Total: 58068 ns
[2024-10-16T08:37:59.647+0000][119][info ][safepoint   ] Safepoint "Cleanup", Time since last: 1000938781 ns, Reaching safepoint: 31102 ns, Cleanup: 20785 ns, At safepoint: 47462 ns, Total: 99349 ns
[2024-10-16T08:38:11.614+0000][119][info ][safepoint   ] Safepoint "Cleanup", Time since last: 11965690294 ns, Reaching safepoint: 983108 ns, Cleanup: 17628 ns, At safepoint: 107932 ns, Total: 1108668 ns
[2024-10-16T08:38:12.745+0000][119][info ][safepoint   ] Safepoint "Cleanup", Time since last: 1130064100 ns, Reaching safepoint: 40528 ns, Cleanup: 36086 ns, At safepoint: 29068 ns, Total: 105682 ns
[2024-10-16T08:38:14.587+0000][119][info ][safepoint   ] Safepoint "Cleanup", Time since last: 1841708318 ns, Reaching safepoint: 821796 ns, Cleanup: 16441 ns, At safepoint: 53325 ns, Total: 891562 ns
[2024-10-16T08:38:15.813+0000][119][info ][safepoint   ] Safepoint "Cleanup", Time since last: 1226111798 ns, Reaching safepoint: 20632 ns, Cleanup: 17331 ns, At safepoint: 9653 ns, Total: 47616 ns
[2024-10-16T08:38:40.638+0000][119][info ][safepoint   ] Safepoint "Cleanup", Time since last: 24824182470 ns, Reaching safepoint: 10883 ns, Cleanup: 10624 ns, At safepoint: 8250 ns, Total: 29757 ns
[2024-10-16T08:38:53.913+0000][119][info ][safepoint   ] Safepoint "Cleanup", Time since last: 13274514544 ns, Reaching safepoint: 10062 ns, Cleanup: 10021 ns, At safepoint: 269510 ns, Total: 289593 ns
[2024-10-16T08:38:57.994+0000][119][info ][safepoint   ] Safepoint "Cleanup", Time since last: 4081372365 ns, Reaching safepoint: 33724 ns, Cleanup: 19688 ns, At safepoint: 218939 ns, Total: 272351 ns
[2024-10-16T08:39:06.157+0000][119][info ][safepoint   ] Safepoint "Cleanup", Time since last: 8123508342 ns, Reaching safepoint: 38753668 ns, Cleanup: 21858 ns, At safepoint: 96553 ns, Total: 38872079 ns
[2024-10-16T08:39:17.775+0000][119][info ][safepoint   ] Safepoint "Cleanup", Time since last: 11618142929 ns, Reaching safepoint: 7820 ns, Cleanup: 10616 ns, At safepoint: 4656 ns, Total: 23092 ns
[2024-10-16T08:39:19.179+0000][119][info ][safepoint   ] Safepoint "Cleanup", Time since last: 1403835175 ns, Reaching safepoint: 26246 ns, Cleanup: 57502 ns, At safepoint: 21085 ns, Total: 104833 ns
[2024-10-16T08:39:49.209+0000][119][info ][safepoint   ] Safepoint "Cleanup", Time since last: 30030914043 ns, Reaching safepoint: 22775 ns, Cleanup: 12047 ns, At safepoint: 10187 ns, Total: 45009 ns
[2024-10-16T08:39:50.332+0000][119][info ][safepoint   ] Safepoint "Cleanup", Time since last: 1123142954 ns, Reaching safepoint: 13722 ns, Cleanup: 10518 ns, At safepoint: 9862 ns, Total: 34102 ns
[2024-10-16T08:39:56.692+0000][119][info ][safepoint   ] Safepoint "Cleanup", Time since last: 6359998314 ns, Reaching safepoint: 8522 ns, Cleanup: 6646 ns, At safepoint: 4909 ns, Total: 20077 ns
[2024-10-16T08:39:59.256+0000][119][info ][safepoint   ] Safepoint "Cleanup", Time since last: 2563613597 ns, Reaching safepoint: 24832 ns, Cleanup: 15394 ns, At safepoint: 11562 ns, Total: 51788 ns
[2024-10-16T08:40:00.257+0000][119][info ][safepoint   ] Safepoint "Cleanup", Time since last: 1001013707 ns, Reaching safepoint: 26398 ns, Cleanup: 11592 ns, At safepoint: 7942 ns, Total: 45932 ns
[2024-10-16T08:40:15.025+0000][119][info ][safepoint   ] Safepoint "Cleanup", Time since last: 14766279565 ns, Reaching safepoint: 28485 ns, Cleanup: 14131 ns, At safepoint: 11806 ns, Total: 54422 ns
[2024-10-16T08:40:29.350+0000][119][info ][safepoint   ] Safepoint "Cleanup", Time since last: 14325577417 ns, Reaching safepoint: 22846 ns, Cleanup: 16421 ns, At safepoint: 11336 ns, Total: 50603 ns
[2024-10-16T08:40:51.373+0000][119][info ][safepoint   ] Safepoint "Cleanup", Time since last: 22022250360 ns, Reaching safepoint: 44860 ns, Cleanup: 16508 ns, At safepoint: 11730 ns, Total: 73098 ns
[2024-10-16T08:40:59.750+0000][119][info ][safepoint   ] Safepoint "Cleanup", Time since last: 8376478818 ns, Reaching safepoint: 91844 ns, Cleanup: 10944 ns, At safepoint: 74828 ns, Total: 177616 ns
[2024-10-16T08:41:01.426+0000][119][info ][safepoint   ] Safepoint "Cleanup", Time since last: 1675211152 ns, Reaching safepoint: 870731 ns, Cleanup: 23880 ns, At safepoint: 167845 ns, Total: 1062456 ns
[2024-10-16T08:41:07.431+0000][119][info ][safepoint   ] Safepoint "Cleanup", Time since last: 6004668918 ns, Reaching safepoint: 21325 ns, Cleanup: 15118 ns, At safepoint: 9156 ns, Total: 45599 ns
[2024-10-16T08:41:23.735+0000][119][info ][safepoint   ] Safepoint "Cleanup", Time since last: 16303496572 ns, Reaching safepoint: 40883 ns, Cleanup: 10359 ns, At safepoint: 5585 ns, Total: 56827 ns
[2024-10-16T08:42:06.595+0000][119][info ][safepoint   ] Safepoint "Cleanup", Time since last: 42859576352 ns, Reaching safepoint: 21240 ns, Cleanup: 12989 ns, At safepoint: 9746 ns, Total: 43975 ns
[2024-10-16T08:42:12.609+0000][119][info ][safepoint   ] Safepoint "Cleanup", Time since last: 6013983702 ns, Reaching safepoint: 31281 ns, Cleanup: 16786 ns, At safepoint: 17234 ns, Total: 65301 ns
[2024-10-16T08:42:26.743+0000][119][info ][safepoint   ] Safepoint "Cleanup", Time since last: 14133718012 ns, Reaching safepoint: 14920 ns, Cleanup: 55779 ns, At safepoint: 48265 ns, Total: 118964 ns
[2024-10-16T08:42:28.641+0000][119][info ][safepoint   ] Safepoint "Cleanup", Time since last: 1897627429 ns, Reaching safepoint: 31385 ns, Cleanup: 17967 ns, At safepoint: 52128 ns, Total: 101480 ns
[2024-10-16T08:42:33.272+0000][119][info ][safepoint   ] Safepoint "Cleanup", Time since last: 4631035836 ns, Reaching safepoint: 38182 ns, Cleanup: 17861 ns, At safepoint: 12018 ns, Total: 68061 ns
[2024-10-16T08:42:55.433+0000][119][info ][safepoint   ] Safepoint "Cleanup", Time since last: 22161429372 ns, Reaching safepoint: 7320 ns, Cleanup: 7223 ns, At safepoint: 4788 ns, Total: 19331 ns
[2024-10-16T08:43:05.802+0000][119][info ][safepoint   ] Safepoint "Cleanup", Time since last: 10368719355 ns, Reaching safepoint: 22199 ns, Cleanup: 13249 ns, At safepoint: 8605 ns, Total: 44053 ns
[2024-10-16T08:43:16.854+0000][119][info ][safepoint   ] Safepoint "Cleanup", Time since last: 11052052792 ns, Reaching safepoint: 22211 ns, Cleanup: 11332 ns, At safepoint: 10484 ns, Total: 44027 ns
[2024-10-16T08:43:30.910+0000][119][info ][safepoint   ] Safepoint "Cleanup", Time since last: 14055822112 ns, Reaching safepoint: 60584 ns, Cleanup: 16422 ns, At safepoint: 14349 ns, Total: 91355 ns
[2024-10-16T08:43:40.564+0000][119][info ][safepoint   ] Safepoint "Cleanup", Time since last: 9654097483 ns, Reaching safepoint: 8405 ns, Cleanup: 11155 ns, At safepoint: 5151 ns, Total: 24711 ns
[2024-10-16T08:43:43.568+0000][119][info ][safepoint   ] Safepoint "Cleanup", Time since last: 3002514017 ns, Reaching safepoint: 1218921 ns, Cleanup: 20364 ns, At safepoint: 64644 ns, Total: 1303929 ns
[2024-10-16T08:43:44.569+0000][119][info ][safepoint   ] Safepoint "Cleanup", Time since last: 1001105070 ns, Reaching safepoint: 22572 ns, Cleanup: 16671 ns, At safepoint: 10122 ns, Total: 49365 ns
[2024-10-16T08:43:59.601+0000][119][info ][safepoint   ] Safepoint "Cleanup", Time since last: 15031709704 ns, Reaching safepoint: 35698 ns, Cleanup: 112418 ns, At safepoint: 25912 ns, Total: 174028 ns
[2024-10-16T08:44:00.602+0000][119][info ][safepoint   ] Safepoint "Cleanup", Time since last: 1001001895 ns, Reaching safepoint: 28478 ns, Cleanup: 15807 ns, At safepoint: 59098 ns, Total: 103383 ns
[2024-10-16T08:44:02.604+0000][119][info ][safepoint   ] Safepoint "Cleanup", Time since last: 2001726521 ns, Reaching safepoint: 37659 ns, Cleanup: 15892 ns, At safepoint: 51374 ns, Total: 104925 ns
[2024-10-16T08:44:06.608+0000][119][info ][safepoint   ] Safepoint "Cleanup", Time since last: 4003917063 ns, Reaching safepoint: 52406 ns, Cleanup: 27520 ns, At safepoint: 15877 ns, Total: 95803 ns
[2024-10-16T08:44:08.792+0000][119][info ][safepoint   ] Safepoint "Cleanup", Time since last: 2183365286 ns, Reaching safepoint: 11753 ns, Cleanup: 10808 ns, At safepoint: 10183 ns, Total: 32744 ns
[2024-10-16T08:44:19.391+0000][119][info ][safepoint   ] Safepoint "Cleanup", Time since last: 10598555073 ns, Reaching safepoint: 23849 ns, Cleanup: 18208 ns, At safepoint: 10644 ns, Total: 52701 ns
[2024-10-16T08:44:32.771+0000][119][info ][safepoint   ] Safepoint "Cleanup", Time since last: 13378722254 ns, Reaching safepoint: 1216224 ns, Cleanup: 18099 ns, At safepoint: 64101 ns, Total: 1298424 ns
[2024-10-16T08:44:34.086+0000][119][info ][safepoint   ] Safepoint "Cleanup", Time since last: 1314460467 ns, Reaching safepoint: 23495 ns, Cleanup: 19669 ns, At safepoint: 47704 ns, Total: 90868 ns
[2024-10-16T08:44:36.088+0000][119][info ][safepoint   ] Safepoint "Cleanup", Time since last: 2002408622 ns, Reaching safepoint: 32637 ns, Cleanup: 15581 ns, At safepoint: 48567 ns, Total: 96785 ns
[2024-10-16T08:44:45.096+0000][119][info ][safepoint   ] Safepoint "Cleanup", Time since last: 9007219371 ns, Reaching safepoint: 29927 ns, Cleanup: 22347 ns, At safepoint: 11692 ns, Total: 63966 ns
[2024-10-16T08:45:03.161+0000][119][info ][safepoint   ] Safepoint "Cleanup", Time since last: 18065711252 ns, Reaching safepoint: 20323 ns, Cleanup: 17058 ns, At safepoint: 9665 ns, Total: 47046 ns
[2024-10-16T08:45:07.165+0000][119][info ][safepoint   ] Safepoint "Cleanup", Time since last: 4003696424 ns, Reaching safepoint: 29643 ns, Cleanup: 15565 ns, At safepoint: 14176 ns, Total: 59384 ns
[2024-10-16T08:45:12.217+0000][119][info ][safepoint   ] Safepoint "Cleanup", Time since last: 5052080182 ns, Reaching safepoint: 13162 ns, Cleanup: 9295 ns, At safepoint: 47670 ns, Total: 70127 ns
[2024-10-16T08:45:39.272+0000][119][info ][safepoint   ] Safepoint "Cleanup", Time since last: 27054371237 ns, Reaching safepoint: 80202 ns, Cleanup: 18512 ns, At safepoint: 23362 ns, Total: 122076 ns
[2024-10-16T08:45:52.704+0000][119][info ][safepoint   ] Safepoint "Cleanup", Time since last: 13431677996 ns, Reaching safepoint: 10550 ns, Cleanup: 8557 ns, At safepoint: 4869 ns, Total: 23976 ns
[2024-10-16T08:46:14.808+0000][119][info ][safepoint   ] Safepoint "Cleanup", Time since last: 22105132870 ns, Reaching safepoint: 6992 ns, Cleanup: 8829 ns, At safepoint: 4740 ns, Total: 20561 ns
[2024-10-16T08:47:07.186+0000][119][info ][safepoint   ] Safepoint "Cleanup", Time since last: 52376496232 ns, Reaching safepoint: 28722 ns, Cleanup: 17640 ns, At safepoint: 14365 ns, Total: 60727 ns
[2024-10-16T08:48:21.943+0000][119][info ][safepoint   ] Safepoint "Cleanup", Time since last: 74754623145 ns, Reaching safepoint: 1360698 ns, Cleanup: 16976 ns, At safepoint: 48699 ns, Total: 1426373 ns
[2024-10-16T08:48:22.948+0000][119][info ][safepoint   ] Safepoint "Cleanup", Time since last: 1004966499 ns, Reaching safepoint: 7344 ns, Cleanup: 8812 ns, At safepoint: 5201 ns, Total: 21357 ns
[2024-10-16T08:48:28.959+0000][119][info ][safepoint   ] Safepoint "Cleanup", Time since last: 6011089043 ns, Reaching safepoint: 20194 ns, Cleanup: 11611 ns, At safepoint: 10608 ns, Total: 42413 ns
[2024-10-16T08:48:44.265+0000][119][info ][safepoint   ] Safepoint "Cleanup", Time since last: 15305721599 ns, Reaching safepoint: 20533 ns, Cleanup: 12911 ns, At safepoint: 9236 ns, Total: 42680 ns
[2024-10-16T08:49:07.086+0000][119][info ][safepoint   ] Safepoint "Cleanup", Time since last: 22819081733 ns, Reaching safepoint: 1109595 ns, Cleanup: 19901 ns, At safepoint: 84368 ns, Total: 1213864 ns
[2024-10-16T08:49:24.132+0000][119][info ][safepoint   ] Safepoint "Cleanup", Time since last: 17046455552 ns, Reaching safepoint: 161774 ns, Cleanup: 6602 ns, At safepoint: 103962 ns, Total: 272338 ns
[2024-10-16T08:49:47.881+0000][119][info ][safepoint   ] Safepoint "Cleanup", Time since last: 23748101301 ns, Reaching safepoint: 12032 ns, Cleanup: 10217 ns, At safepoint: 4803 ns, Total: 27052 ns
[2024-10-16T08:50:12.213+0000][119][info ][safepoint   ] Safepoint "Cleanup", Time since last: 24331919135 ns, Reaching safepoint: 42799 ns, Cleanup: 14104 ns, At safepoint: 8683 ns, Total: 65586 ns
[2024-10-16T08:50:26.904+0000][119][info ][safepoint   ] Safepoint "Cleanup", Time since last: 14690658605 ns, Reaching safepoint: 13536 ns, Cleanup: 10422 ns, At safepoint: 8494 ns, Total: 32452 ns
[2024-10-16T08:51:29.910+0000][119][info ][safepoint   ] Safepoint "Cleanup", Time since last: 63005869416 ns, Reaching safepoint: 13658 ns, Cleanup: 10722 ns, At safepoint: 8862 ns, Total: 33242 ns
[2024-10-16T08:51:31.428+0000][119][info ][safepoint   ] Safepoint "Cleanup", Time since last: 1517328460 ns, Reaching safepoint: 20658 ns, Cleanup: 12266 ns, At safepoint: 10466 ns, Total: 43390 ns
[2024-10-16T08:51:54.456+0000][119][info ][safepoint   ] Safepoint "Cleanup", Time since last: 23028056247 ns, Reaching safepoint: 29671 ns, Cleanup: 9523 ns, At safepoint: 5320 ns, Total: 44514 ns
[2024-10-16T08:52:07.490+0000][119][info ][safepoint   ] Safepoint "Cleanup", Time since last: 13033837154 ns, Reaching safepoint: 20242 ns, Cleanup: 12123 ns, At safepoint: 9032 ns, Total: 41397 ns
[2024-10-16T08:52:18.346+0000][119][info ][safepoint   ] Safepoint "Cleanup", Time since last: 10855134382 ns, Reaching safepoint: 105600 ns, Cleanup: 18122 ns, At safepoint: 19883 ns, Total: 143605 ns
[2024-10-16T08:52:21.349+0000][119][info ][safepoint   ] Safepoint "Cleanup", Time since last: 3003039234 ns, Reaching safepoint: 47754 ns, Cleanup: 14027 ns, At safepoint: 14172 ns, Total: 75953 ns
[2024-10-16T08:53:06.615+0000][119][info ][safepoint   ] Safepoint "Cleanup", Time since last: 45265690423 ns, Reaching safepoint: 20011 ns, Cleanup: 11657 ns, At safepoint: 10206 ns, Total: 41874 ns
[2024-10-16T08:53:17.744+0000][119][info ][safepoint   ] Safepoint "Cleanup", Time since last: 11128819275 ns, Reaching safepoint: 29994 ns, Cleanup: 19265 ns, At safepoint: 13662 ns, Total: 62921 ns
[2024-10-16T08:53:36.792+0000][119][info ][safepoint   ] Safepoint "Cleanup", Time since last: 19048396147 ns, Reaching safepoint: 12481 ns, Cleanup: 13129 ns, At safepoint: 6152 ns, Total: 31762 ns
[2024-10-16T08:53:37.850+0000][119][info ][safepoint   ] Safepoint "Cleanup", Time since last: 1057829043 ns, Reaching safepoint: 12992 ns, Cleanup: 12683 ns, At safepoint: 5329 ns, Total: 31004 ns
[2024-10-16T08:53:40.339+0000][119][info ][safepoint   ] Safepoint "Cleanup", Time since last: 2458974789 ns, Reaching safepoint: 7737 ns, Cleanup: 7301 ns, At safepoint: 4627 ns, Total: 19665 ns
[2024-10-16T08:54:00.914+0000][119][info ][safepoint   ] Safepoint "Cleanup", Time since last: 20574926062 ns, Reaching safepoint: 15892 ns, Cleanup: 10618 ns, At safepoint: 8701 ns, Total: 35211 ns
[2024-10-16T08:54:08.960+0000][119][info ][safepoint   ] Safepoint "Cleanup", Time since last: 8038986256 ns, Reaching safepoint: 41192 ns, Cleanup: 11052 ns, At safepoint: 11632 ns, Total: 63876 ns
[2024-10-16T08:54:25.898+0000][119][info ][safepoint   ] Safepoint "Cleanup", Time since last: 16937680260 ns, Reaching safepoint: 7606 ns, Cleanup: 7843 ns, At safepoint: 5256 ns, Total: 20705 ns
[2024-10-16T08:54:30.919+0000][119][info ][safepoint   ] Safepoint "Cleanup", Time since last: 5021341722 ns, Reaching safepoint: 19571 ns, Cleanup: 13108 ns, At safepoint: 9444 ns, Total: 42123 ns
[2024-10-16T08:54:54.123+0000][119][info ][safepoint   ] Safepoint "Cleanup", Time since last: 23202475400 ns, Reaching safepoint: 107857 ns, Cleanup: 16935 ns, At safepoint: 13795 ns, Total: 138587 ns
[2024-10-16T08:54:57.125+0000][119][info ][safepoint   ] Safepoint "Cleanup", Time since last: 3001892907 ns, Reaching safepoint: 102334 ns, Cleanup: 16049 ns, At safepoint: 11679 ns, Total: 130062 ns
[2024-10-16T08:55:03.071+0000][119][info ][safepoint   ] Safepoint "Cleanup", Time since last: 5945607274 ns, Reaching safepoint: 8429 ns, Cleanup: 8301 ns, At safepoint: 4819 ns, Total: 21549 ns
[2024-10-16T08:55:27.615+0000][119][info ][safepoint   ] Safepoint "Cleanup", Time since last: 24543584404 ns, Reaching safepoint: 62272 ns, Cleanup: 18974 ns, At safepoint: 15276 ns, Total: 96522 ns
[2024-10-16T08:55:37.625+0000][119][info ][safepoint   ] Safepoint "Cleanup", Time since last: 10009945922 ns, Reaching safepoint: 21890 ns, Cleanup: 12443 ns, At safepoint: 10073 ns, Total: 44406 ns
[2024-10-16T08:55:39.412+0000][119][info ][safepoint   ] Safepoint "Cleanup", Time since last: 1785478546 ns, Reaching safepoint: 7951 ns, Cleanup: 11723 ns, At safepoint: 5597 ns, Total: 25271 ns
[2024-10-16T08:55:56.343+0000][119][info ][safepoint   ] Safepoint "Cleanup", Time since last: 16931486988 ns, Reaching safepoint: 7654 ns, Cleanup: 8001 ns, At safepoint: 4650 ns, Total: 20305 ns
[2024-10-16T08:56:06.462+0000][119][info ][safepoint   ] Safepoint "Cleanup", Time since last: 10118627750 ns, Reaching safepoint: 7163 ns, Cleanup: 8397 ns, At safepoint: 5084 ns, Total: 20644 ns
[2024-10-16T08:56:14.479+0000][119][info ][safepoint   ] Safepoint "Cleanup", Time since last: 8016346727 ns, Reaching safepoint: 26790 ns, Cleanup: 17080 ns, At safepoint: 14122 ns, Total: 57992 ns
[2024-10-16T08:57:25.439+0000][119][info ][safepoint   ] Safepoint "Cleanup", Time since last: 70958685761 ns, Reaching safepoint: 198469 ns, Cleanup: 13392 ns, At safepoint: 134940 ns, Total: 346801 ns
[2024-10-16T08:57:27.268+0000][119][info ][safepoint   ] Safepoint "Cleanup", Time since last: 1828477556 ns, Reaching safepoint: 21794 ns, Cleanup: 23526 ns, At safepoint: 11308 ns, Total: 56628 ns
[2024-10-16T08:57:44.286+0000][119][info ][safepoint   ] Safepoint "Cleanup", Time since last: 17017195979 ns, Reaching safepoint: 46675 ns, Cleanup: 12796 ns, At safepoint: 12276 ns, Total: 71747 ns
[2024-10-16T08:57:45.687+0000][119][info ][safepoint   ] Safepoint "Cleanup", Time since last: 1401505067 ns, Reaching safepoint: 9818 ns, Cleanup: 12274 ns, At safepoint: 5708 ns, Total: 27800 ns
[2024-10-16T08:57:59.726+0000][119][info ][safepoint   ] Safepoint "Cleanup", Time since last: 14038639648 ns, Reaching safepoint: 58743 ns, Cleanup: 18930 ns, At safepoint: 13907 ns, Total: 91580 ns
[2024-10-16T08:58:09.826+0000][119][info ][safepoint   ] Safepoint "Cleanup", Time since last: 10097720034 ns, Reaching safepoint: 1333768 ns, Cleanup: 27585 ns, At safepoint: 204713 ns, Total: 1566066 ns
[2024-10-16T08:58:15.855+0000][119][info ][safepoint   ] Safepoint "Cleanup", Time since last: 6029727961 ns, Reaching safepoint: 13304 ns, Cleanup: 12515 ns, At safepoint: 9449 ns, Total: 35268 ns
[2024-10-16T08:58:48.968+0000][119][info ][safepoint   ] Safepoint "Cleanup", Time since last: 33111770806 ns, Reaching safepoint: 18107 ns, Cleanup: 11858 ns, At safepoint: 12668 ns, Total: 42633 ns
[2024-10-16T08:59:06.980+0000][119][info ][safepoint   ] Safepoint "Cleanup", Time since last: 18011452700 ns, Reaching safepoint: 28615 ns, Cleanup: 15974 ns, At safepoint: 12667 ns, Total: 57256 ns
[2024-10-16T08:59:08.985+0000][119][info ][safepoint   ] Safepoint "Cleanup", Time since last: 2004386580 ns, Reaching safepoint: 30148 ns, Cleanup: 15806 ns, At safepoint: 59850 ns, Total: 105804 ns
[2024-10-16T08:59:15.996+0000][119][info ][safepoint   ] Safepoint "Cleanup", Time since last: 7010894724 ns, Reaching safepoint: 7997 ns, Cleanup: 7069 ns, At safepoint: 5285 ns, Total: 20351 ns
[2024-10-16T08:59:17.006+0000][119][info ][safepoint   ] Safepoint "Cleanup", Time since last: 1009586789 ns, Reaching safepoint: 31265 ns, Cleanup: 17901 ns, At safepoint: 14141 ns, Total: 63307 ns
[2024-10-16T08:59:19.008+0000][119][info ][safepoint   ] Safepoint "Cleanup", Time since last: 2001998658 ns, Reaching safepoint: 19295 ns, Cleanup: 12745 ns, At safepoint: 10702 ns, Total: 42742 ns
[2024-10-16T08:59:35.024+0000][119][info ][safepoint   ] Safepoint "Cleanup", Time since last: 16016067659 ns, Reaching safepoint: 20564 ns, Cleanup: 12184 ns, At safepoint: 9837 ns, Total: 42585 ns
[2024-10-16T08:59:49.038+0000][119][info ][safepoint   ] Safepoint "Cleanup", Time since last: 14014072261 ns, Reaching safepoint: 22582 ns, Cleanup: 15019 ns, At safepoint: 10076 ns, Total: 47677 ns
[2024-10-16T08:59:51.089+0000][119][info ][safepoint   ] Safepoint "Cleanup", Time since last: 2050526641 ns, Reaching safepoint: 6744 ns, Cleanup: 15922 ns, At safepoint: 4749 ns, Total: 27415 ns
[2024-10-16T08:59:53.068+0000][119][info ][safepoint   ] Safepoint "Cleanup", Time since last: 1979256997 ns, Reaching safepoint: 39594 ns, Cleanup: 33988 ns, At safepoint: 88546 ns, Total: 162128 ns
[2024-10-16T08:59:59.075+0000][119][info ][safepoint   ] Safepoint "Cleanup", Time since last: 6006129219 ns, Reaching safepoint: 103370 ns, Cleanup: 18180 ns, At safepoint: 19125 ns, Total: 140675 ns
[2024-10-16T09:00:07.083+0000][119][info ][safepoint   ] Safepoint "Cleanup", Time since last: 8007601782 ns, Reaching safepoint: 909510 ns, Cleanup: 21815 ns, At safepoint: 153725 ns, Total: 1085050 ns
[2024-10-16T09:00:10.087+0000][119][info ][safepoint   ] Safepoint "Cleanup", Time since last: 3003385254 ns, Reaching safepoint: 439815 ns, Cleanup: 18874 ns, At safepoint: 72221 ns, Total: 530910 ns
[2024-10-16T09:00:36.123+0000][119][info ][safepoint   ] Safepoint "Cleanup", Time since last: 26036059713 ns, Reaching safepoint: 21941 ns, Cleanup: 15265 ns, At safepoint: 10199 ns, Total: 47405 ns
[2024-10-16T09:00:54.107+0000][119][info ][safepoint   ] Safepoint "Cleanup", Time since last: 17981486682 ns, Reaching safepoint: 13456 ns, Cleanup: 9784 ns, At safepoint: 6901 ns, Total: 30141 ns
[2024-10-16T09:00:55.135+0000][119][info ][safepoint   ] Safepoint "Cleanup", Time since last: 1028630411 ns, Reaching safepoint: 21114 ns, Cleanup: 15507 ns, At safepoint: 8972 ns, Total: 45593 ns
[2024-10-16T09:01:07.192+0000][119][info ][safepoint   ] Safepoint "Cleanup", Time since last: 12056818741 ns, Reaching safepoint: 21583 ns, Cleanup: 11522 ns, At safepoint: 31443 ns, Total: 64548 ns
[2024-10-16T09:01:21.125+0000][119][info ][safepoint   ] Safepoint "Cleanup", Time since last: 13940787686 ns, Reaching safepoint: 8560 ns, Cleanup: 6877 ns, At safepoint: 4862 ns, Total: 20299 ns
[2024-10-16T09:01:36.294+0000][119][info ][safepoint   ] Safepoint "Cleanup", Time since last: 15169485437 ns, Reaching safepoint: 30437 ns, Cleanup: 16371 ns, At safepoint: 16410 ns, Total: 63218 ns
[2024-10-16T09:01:37.297+0000][119][info ][safepoint   ] Safepoint "Cleanup", Time since last: 1002957106 ns, Reaching safepoint: 24134 ns, Cleanup: 15344 ns, At safepoint: 13599 ns, Total: 53077 ns
[2024-10-16T09:02:09.885+0000][119][info ][safepoint   ] Safepoint "Cleanup", Time since last: 32577589696 ns, Reaching safepoint: 21110 ns, Cleanup: 13610 ns, At safepoint: 9200 ns, Total: 43920 ns
[2024-10-16T09:02:37.263+0000][119][info ][safepoint   ] Safepoint "Cleanup", Time since last: 27377839904 ns, Reaching safepoint: 44367 ns, Cleanup: 14273 ns, At safepoint: 9561 ns, Total: 68201 ns
[2024-10-16T09:02:39.266+0000][119][info ][safepoint   ] Safepoint "Cleanup", Time since last: 2001733488 ns, Reaching safepoint: 18550 ns, Cleanup: 13169 ns, At safepoint: 9836 ns, Total: 41555 ns
[2024-10-16T09:02:58.549+0000][119][info ][safepoint   ] Safepoint "Cleanup", Time since last: 19283228429 ns, Reaching safepoint: 20227 ns, Cleanup: 12105 ns, At safepoint: 9271 ns, Total: 41603 ns
[2024-10-16T09:03:07.582+0000][119][info ][safepoint   ] Safepoint "Cleanup", Time since last: 9032979130 ns, Reaching safepoint: 63643 ns, Cleanup: 15614 ns, At safepoint: 10356 ns, Total: 89613 ns
[2024-10-16T09:03:09.618+0000][119][info ][safepoint   ] Safepoint "Cleanup", Time since last: 2036995266 ns, Reaching safepoint: 84031 ns, Cleanup: 19372 ns, At safepoint: 20617 ns, Total: 124020 ns
[2024-10-16T09:03:15.501+0000][119][info ][safepoint   ] Safepoint "Cleanup", Time since last: 5883215615 ns, Reaching safepoint: 6522 ns, Cleanup: 6902 ns, At safepoint: 4812 ns, Total: 18236 ns
[2024-10-16T09:03:16.655+0000][119][info ][safepoint   ] Safepoint "Cleanup", Time since last: 1154224403 ns, Reaching safepoint: 24022 ns, Cleanup: 16938 ns, At safepoint: 11766 ns, Total: 52726 ns
[2024-10-16T09:03:19.672+0000][119][info ][safepoint   ] Safepoint "Cleanup", Time since last: 3017232763 ns, Reaching safepoint: 39746 ns, Cleanup: 19823 ns, At safepoint: 16866 ns, Total: 76435 ns
[2024-10-16T09:03:30.362+0000][119][info ][safepoint   ] Safepoint "Cleanup", Time since last: 10689992425 ns, Reaching safepoint: 7495 ns, Cleanup: 6723 ns, At safepoint: 4626 ns, Total: 18844 ns
[2024-10-16T09:03:39.681+0000][119][info ][safepoint   ] Safepoint "Cleanup", Time since last: 9314952773 ns, Reaching safepoint: 48304 ns, Cleanup: 13012 ns, At safepoint: 9866 ns, Total: 71182 ns
[2024-10-16T09:03:45.826+0000][119][info ][safepoint   ] Safepoint "Cleanup", Time since last: 6144997239 ns, Reaching safepoint: 25287 ns, Cleanup: 13263 ns, At safepoint: 10435 ns, Total: 48985 ns
[2024-10-16T09:04:07.059+0000][119][info ][safepoint   ] Safepoint "Cleanup", Time since last: 21232739631 ns, Reaching safepoint: 95832 ns, Cleanup: 55471 ns, At safepoint: 19451 ns, Total: 170754 ns
[2024-10-16T09:04:27.523+0000][119][info ][safepoint   ] Safepoint "Cleanup", Time since last: 20463807832 ns, Reaching safepoint: 21040 ns, Cleanup: 7591 ns, At safepoint: 4477 ns, Total: 33108 ns
[2024-10-16T09:04:49.279+0000][119][info ][safepoint   ] Safepoint "Cleanup", Time since last: 21766936124 ns, Reaching safepoint: 30168 ns, Cleanup: 16614 ns, At safepoint: 12897 ns, Total: 59679 ns
[2024-10-16T09:04:50.280+0000][119][info ][safepoint   ] Safepoint "Cleanup", Time since last: 1000376541 ns, Reaching safepoint: 26033 ns, Cleanup: 16720 ns, At safepoint: 9878 ns, Total: 52631 ns
[2024-10-16T09:05:01.440+0000][119][info ][safepoint   ] Safepoint "Cleanup", Time since last: 11159630469 ns, Reaching safepoint: 18121 ns, Cleanup: 9219 ns, At safepoint: 8780 ns, Total: 36120 ns
[2024-10-16T09:05:02.441+0000][119][info ][safepoint   ] Safepoint "Cleanup", Time since last: 1001789439 ns, Reaching safepoint: 21942 ns, Cleanup: 11438 ns, At safepoint: 10384 ns, Total: 43764 ns
[2024-10-16T09:05:03.587+0000][119][info ][safepoint   ] Safepoint "Cleanup", Time since last: 1144836280 ns, Reaching safepoint: 223747 ns, Cleanup: 10630 ns, At safepoint: 146595 ns, Total: 380972 ns
[2024-10-16T09:05:15.753+0000][119][info ][safepoint   ] Safepoint "Cleanup", Time since last: 12154580505 ns, Reaching safepoint: 16726 ns, Cleanup: 13440 ns, At safepoint: 7028 ns, Total: 37194 ns
[2024-10-16T09:05:18.823+0000][119][info ][safepoint   ] Safepoint "Cleanup", Time since last: 3067044022 ns, Reaching safepoint: 2621561 ns, Cleanup: 17195 ns, At safepoint: 23296 ns, Total: 2662052 ns
[2024-10-16T09:06:06.628+0000][119][info ][safepoint   ] Safepoint "Cleanup", Time since last: 47805142698 ns, Reaching safepoint: 1391434 ns, Cleanup: 23962 ns, At safepoint: 177247 ns, Total: 1592643 ns
[2024-10-16T09:06:33.622+0000][119][info ][safepoint   ] Safepoint "Cleanup", Time since last: 26991444700 ns, Reaching safepoint: 11311 ns, Cleanup: 7632 ns, At safepoint: 4603 ns, Total: 23546 ns
[2024-10-16T09:06:34.100+0000][119][info ][gc,start    ] GC(23) Pause Young (Normal) (G1 Evacuation Pause)
[2024-10-16T09:06:34.100+0000][119][info ][gc,task     ] GC(23) Using 4 workers of 4 for evacuation
[2024-10-16T09:06:34.100+0000][119][debug][gc,age      ] GC(23) Desired survivor size 216006656 bytes, new threshold 15 (max threshold 15)
[2024-10-16T09:06:34.130+0000][119][info ][gc,phases   ] GC(23)   Pre Evacuate Collection Set: 0.94ms
[2024-10-16T09:06:34.130+0000][119][info ][gc,phases   ] GC(23)   Merge Heap Roots: 0.51ms
[2024-10-16T09:06:34.130+0000][119][info ][gc,phases   ] GC(23)   Evacuate Collection Set: 24.18ms
[2024-10-16T09:06:34.130+0000][119][info ][gc,phases   ] GC(23)   Post Evacuate Collection Set: 4.06ms
[2024-10-16T09:06:34.130+0000][119][info ][gc,phases   ] GC(23)   Other: 0.33ms
[2024-10-16T09:06:34.130+0000][119][trace][gc,age      ] GC(23) Age table with threshold 15 (max threshold 15)
[2024-10-16T09:06:34.130+0000][119][trace][gc,age      ] GC(23) - age   1:    1818112 bytes,    1818112 total
[2024-10-16T09:06:34.130+0000][119][trace][gc,age      ] GC(23) - age   2:    1928968 bytes,    3747080 total
[2024-10-16T09:06:34.130+0000][119][trace][gc,age      ] GC(23) - age   3:     727704 bytes,    4474784 total
[2024-10-16T09:06:34.130+0000][119][trace][gc,age      ] GC(23) - age   4:     129816 bytes,    4604600 total
[2024-10-16T09:06:34.130+0000][119][trace][gc,age      ] GC(23) - age   5:    4913088 bytes,    9517688 total
[2024-10-16T09:06:34.130+0000][119][trace][gc,age      ] GC(23) - age   6:    5179064 bytes,   14696752 total
[2024-10-16T09:06:34.130+0000][119][trace][gc,age      ] GC(23) - age   7:   14083400 bytes,   28780152 total
[2024-10-16T09:06:34.130+0000][119][info ][gc,heap     ] GC(23) Eden regions: 813->0(813)
[2024-10-16T09:06:34.130+0000][119][info ][gc,heap     ] GC(23) Survivor regions: 8->8(103)
[2024-10-16T09:06:34.130+0000][119][info ][gc,heap     ] GC(23) Old regions: 31->31
[2024-10-16T09:06:34.130+0000][119][info ][gc,heap     ] GC(23) Humongous regions: 2->2
[2024-10-16T09:06:34.130+0000][119][info ][gc,metaspace] GC(23) Metaspace: 158102K(162432K)->158102K(162432K) NonClass: 136603K(138944K)->136603K(138944K) Class: 21499K(23488K)->21499K(23488K)
[2024-10-16T09:06:34.130+0000][119][info ][gc          ] GC(23) Pause Young (Normal) (G1 Evacuation Pause) 3414M->161M(5476M) 30.312ms
[2024-10-16T09:06:34.130+0000][119][info ][gc,cpu      ] GC(23) User=0.09s Sys=0.01s Real=0.03s
[2024-10-16T09:06:34.131+0000][119][info ][safepoint   ] Safepoint "G1CollectForAllocation", Time since last: 477553013 ns, Reaching safepoint: 20054 ns, Cleanup: 5202 ns, At safepoint: 30625679 ns, Total: 30650935 ns
[2024-10-16T09:06:54.327+0000][119][info ][safepoint   ] Safepoint "Cleanup", Time since last: 20195052488 ns, Reaching safepoint: 53285 ns, Cleanup: 13204 ns, At safepoint: 10277 ns, Total: 76766 ns
[2024-10-16T09:06:55.328+0000][119][info ][safepoint   ] Safepoint "Cleanup", Time since last: 1000969551 ns, Reaching safepoint: 27775 ns, Cleanup: 15154 ns, At safepoint: 11571 ns, Total: 54500 ns
[2024-10-16T09:07:07.340+0000][119][info ][safepoint   ] Safepoint "Cleanup", Time since last: 12012069357 ns, Reaching safepoint: 21707 ns, Cleanup: 17136 ns, At safepoint: 9184 ns, Total: 48027 ns
[2024-10-16T09:07:09.342+0000][119][info ][safepoint   ] Safepoint "Cleanup", Time since last: 2001892365 ns, Reaching safepoint: 22411 ns, Cleanup: 13153 ns, At safepoint: 9183 ns, Total: 44747 ns
[2024-10-16T09:07:10.352+0000][119][info ][safepoint   ] Safepoint "Cleanup", Time since last: 1010063764 ns, Reaching safepoint: 8396 ns, Cleanup: 8267 ns, At safepoint: 5051 ns, Total: 21714 ns
[2024-10-16T09:07:39.458+0000][119][info ][safepoint   ] Safepoint "Cleanup", Time since last: 29104880863 ns, Reaching safepoint: 23007 ns, Cleanup: 11698 ns, At safepoint: 9650 ns, Total: 44355 ns
[2024-10-16T09:08:01.481+0000][119][info ][safepoint   ] Safepoint "Cleanup", Time since last: 22022806116 ns, Reaching safepoint: 21045 ns, Cleanup: 13526 ns, At safepoint: 10360 ns, Total: 44931 ns
[2024-10-16T09:08:03.486+0000][119][info ][safepoint   ] Safepoint "Cleanup", Time since last: 2005120182 ns, Reaching safepoint: 33214 ns, Cleanup: 17818 ns, At safepoint: 13110 ns, Total: 64142 ns
[2024-10-16T09:08:06.489+0000][119][info ][safepoint   ] Safepoint "Cleanup", Time since last: 3002991801 ns, Reaching safepoint: 22471 ns, Cleanup: 12704 ns, At safepoint: 10308 ns, Total: 45483 ns
[2024-10-16T09:08:10.493+0000][119][info ][safepoint   ] Safepoint "Cleanup", Time since last: 4003092946 ns, Reaching safepoint: 29096 ns, Cleanup: 18730 ns, At safepoint: 15390 ns, Total: 63216 ns
[2024-10-16T09:08:12.658+0000][119][info ][safepoint   ] Safepoint "Cleanup", Time since last: 2164930322 ns, Reaching safepoint: 7181 ns, Cleanup: 9481 ns, At safepoint: 4503 ns, Total: 21165 ns
[2024-10-16T09:08:14.525+0000][119][info ][safepoint   ] Safepoint "Cleanup", Time since last: 1866594187 ns, Reaching safepoint: 7593 ns, Cleanup: 13935 ns, At safepoint: 5360 ns, Total: 26888 ns
[2024-10-16T09:08:40.608+0000][119][info ][safepoint   ] Safepoint "Cleanup", Time since last: 26082395190 ns, Reaching safepoint: 7643 ns, Cleanup: 7084 ns, At safepoint: 5359 ns, Total: 20086 ns
[2024-10-16T09:09:10.109+0000][119][info ][safepoint   ] Safepoint "Cleanup", Time since last: 29500816018 ns, Reaching safepoint: 23318 ns, Cleanup: 11495 ns, At safepoint: 10059 ns, Total: 44872 ns
[2024-10-16T09:09:16.663+0000][119][info ][safepoint   ] Safepoint "Cleanup", Time since last: 6553453839 ns, Reaching safepoint: 13009 ns, Cleanup: 8324 ns, At safepoint: 5643 ns, Total: 26976 ns
[2024-10-16T09:09:17.701+0000][119][info ][safepoint   ] Safepoint "Cleanup", Time since last: 1037914354 ns, Reaching safepoint: 7397 ns, Cleanup: 7537 ns, At safepoint: 5128 ns, Total: 20062 ns
[2024-10-16T09:09:19.707+0000][119][info ][safepoint   ] Safepoint "Cleanup", Time since last: 2006479759 ns, Reaching safepoint: 39057 ns, Cleanup: 20524 ns, At safepoint: 20754 ns, Total: 80335 ns
[2024-10-16T09:09:49.755+0000][119][info ][safepoint   ] Safepoint "Cleanup", Time since last: 30046769013 ns, Reaching safepoint: 40834 ns, Cleanup: 14996 ns, At safepoint: 43552 ns, Total: 99382 ns
[2024-10-16T09:10:04.770+0000][119][info ][safepoint   ] Safepoint "Cleanup", Time since last: 15014988156 ns, Reaching safepoint: 54163 ns, Cleanup: 13207 ns, At safepoint: 13366 ns, Total: 80736 ns
[2024-10-16T09:10:18.725+0000][119][info ][safepoint   ] Safepoint "Cleanup", Time since last: 13954226077 ns, Reaching safepoint: 13791 ns, Cleanup: 10756 ns, At safepoint: 8814 ns, Total: 33361 ns
[2024-10-16T09:11:21.747+0000][119][info ][safepoint   ] Safepoint "Cleanup", Time since last: 63020817048 ns, Reaching safepoint: 7529 ns, Cleanup: 7127 ns, At safepoint: 4361 ns, Total: 19017 ns
[2024-10-16T09:11:49.244+0000][119][info ][safepoint   ] Safepoint "Cleanup", Time since last: 27496232565 ns, Reaching safepoint: 7705 ns, Cleanup: 6596 ns, At safepoint: 5179 ns, Total: 19480 ns
[2024-10-16T09:12:39.401+0000][119][info ][safepoint   ] Safepoint "Cleanup", Time since last: 50155490521 ns, Reaching safepoint: 19185 ns, Cleanup: 13418 ns, At safepoint: 39494 ns, Total: 72097 ns
[2024-10-16T09:12:51.766+0000][119][info ][safepoint   ] Safepoint "Cleanup", Time since last: 12365025688 ns, Reaching safepoint: 11563 ns, Cleanup: 7163 ns, At safepoint: 4880 ns, Total: 23606 ns
[2024-10-16T09:12:53.436+0000][119][info ][safepoint   ] Safepoint "Cleanup", Time since last: 1670073763 ns, Reaching safepoint: 21236 ns, Cleanup: 16324 ns, At safepoint: 10576 ns, Total: 48136 ns
[2024-10-16T09:13:16.473+0000][119][info ][safepoint   ] Safepoint "Cleanup", Time since last: 23035868764 ns, Reaching safepoint: 7787 ns, Cleanup: 7155 ns, At safepoint: 5217 ns, Total: 20159 ns
[2024-10-16T09:13:37.537+0000][119][info ][safepoint   ] Safepoint "Cleanup", Time since last: 21063975985 ns, Reaching safepoint: 27790 ns, Cleanup: 15895 ns, At safepoint: 134438 ns, Total: 178123 ns
[2024-10-16T09:13:54.798+0000][119][info ][safepoint   ] Safepoint "Cleanup", Time since last: 17258696004 ns, Reaching safepoint: 918211 ns, Cleanup: 59006 ns, At safepoint: 185310 ns, Total: 1162527 ns
[2024-10-16T09:13:56.650+0000][119][info ][safepoint   ] Safepoint "Cleanup", Time since last: 1852778742 ns, Reaching safepoint: 19102 ns, Cleanup: 16969 ns, At safepoint: 10452 ns, Total: 46523 ns
[2024-10-16T09:14:06.663+0000][119][info ][safepoint   ] Safepoint "Cleanup", Time since last: 10011741753 ns, Reaching safepoint: 355549 ns, Cleanup: 17676 ns, At safepoint: 48996 ns, Total: 422221 ns
[2024-10-16T09:14:57.892+0000][119][info ][safepoint   ] Safepoint "Cleanup", Time since last: 51227589345 ns, Reaching safepoint: 11652 ns, Cleanup: 7967 ns, At safepoint: 4692 ns, Total: 24311 ns
[2024-10-16T09:14:58.917+0000][119][info ][safepoint   ] Safepoint "Cleanup", Time since last: 1024837281 ns, Reaching safepoint: 29799 ns, Cleanup: 13607 ns, At safepoint: 19052 ns, Total: 62458 ns
[2024-10-16T09:15:06.982+0000][119][info ][safepoint   ] Safepoint "Cleanup", Time since last: 8065717173 ns, Reaching safepoint: 22910 ns, Cleanup: 18692 ns, At safepoint: 13326 ns, Total: 54928 ns
[2024-10-16T09:15:07.983+0000][119][info ][safepoint   ] Safepoint "Cleanup", Time since last: 1000664389 ns, Reaching safepoint: 56218 ns, Cleanup: 16084 ns, At safepoint: 15558 ns, Total: 87860 ns
[2024-10-16T09:15:31.215+0000][119][info ][safepoint   ] Safepoint "Cleanup", Time since last: 23241254682 ns, Reaching safepoint: 7542 ns, Cleanup: 9571 ns, At safepoint: 44835 ns, Total: 61948 ns
[2024-10-16T09:16:00.966+0000][119][info ][safepoint   ] Safepoint "Cleanup", Time since last: 29740043841 ns, Reaching safepoint: 7132 ns, Cleanup: 6901 ns, At safepoint: 5573 ns, Total: 19606 ns
[2024-10-16T09:16:02.450+0000][119][info ][safepoint   ] Safepoint "Cleanup", Time since last: 1483801211 ns, Reaching safepoint: 29377 ns, Cleanup: 25320 ns, At safepoint: 20512 ns, Total: 75209 ns
[2024-10-16T09:16:28.850+0000][119][info ][safepoint   ] Safepoint "Cleanup", Time since last: 26399655280 ns, Reaching safepoint: 18615 ns, Cleanup: 13846 ns, At safepoint: 11306 ns, Total: 43767 ns
[2024-10-16T09:16:31.039+0000][119][info ][safepoint   ] Safepoint "Cleanup", Time since last: 2189617350 ns, Reaching safepoint: 15955 ns, Cleanup: 11995 ns, At safepoint: 10204 ns, Total: 38154 ns
[2024-10-16T09:16:32.683+0000][119][info ][safepoint   ] Safepoint "Cleanup", Time since last: 1643210813 ns, Reaching safepoint: 115191 ns, Cleanup: 17692 ns, At safepoint: 100318 ns, Total: 233201 ns
[2024-10-16T09:16:55.736+0000][119][info ][safepoint   ] Safepoint "Cleanup", Time since last: 23051843633 ns, Reaching safepoint: 55904 ns, Cleanup: 16053 ns, At safepoint: 15738 ns, Total: 87695 ns
[2024-10-16T09:17:01.742+0000][119][info ][safepoint   ] Safepoint "Cleanup", Time since last: 6005863789 ns, Reaching safepoint: 16764 ns, Cleanup: 13336 ns, At safepoint: 9812 ns, Total: 39912 ns
[2024-10-16T09:17:04.814+0000][119][info ][safepoint   ] Safepoint "Cleanup", Time since last: 3072170151 ns, Reaching safepoint: 10932 ns, Cleanup: 10860 ns, At safepoint: 8788 ns, Total: 30580 ns
[2024-10-16T09:17:56.025+0000][119][info ][safepoint   ] Safepoint "Cleanup", Time since last: 51227886178 ns, Reaching safepoint: 30985 ns, Cleanup: 13646 ns, At safepoint: 6555 ns, Total: 51186 ns
[2024-10-16T09:17:57.535+0000][119][info ][safepoint   ] Safepoint "Cleanup", Time since last: 1509995781 ns, Reaching safepoint: 69376 ns, Cleanup: 40609 ns, At safepoint: 31917 ns, Total: 141902 ns
[2024-10-16T09:17:58.724+0000][119][info ][safepoint   ] Safepoint "Cleanup", Time since last: 1188432332 ns, Reaching safepoint: 6954 ns, Cleanup: 119796 ns, At safepoint: 40708 ns, Total: 167458 ns
[2024-10-16T09:17:59.738+0000][119][info ][safepoint   ] Safepoint "Cleanup", Time since last: 1014174026 ns, Reaching safepoint: 18160 ns, Cleanup: 18845 ns, At safepoint: 9936 ns, Total: 46941 ns
[2024-10-16T09:18:02.241+0000][119][info ][safepoint   ] Safepoint "Cleanup", Time since last: 2502943385 ns, Reaching safepoint: 7706 ns, Cleanup: 14127 ns, At safepoint: 5027 ns, Total: 26860 ns
[2024-10-16T09:18:04.235+0000][119][info ][safepoint   ] Safepoint "Cleanup", Time since last: 1994088305 ns, Reaching safepoint: 17506 ns, Cleanup: 13335 ns, At safepoint: 10091 ns, Total: 40932 ns
[2024-10-16T09:18:18.031+0000][119][info ][safepoint   ] Safepoint "Cleanup", Time since last: 13778784800 ns, Reaching safepoint: 1216787 ns, Cleanup: 18021 ns, At safepoint: 95240 ns, Total: 1330048 ns
[2024-10-16T09:18:29.091+0000][119][info ][safepoint   ] Safepoint "Cleanup", Time since last: 11060804121 ns, Reaching safepoint: 36151 ns, Cleanup: 20438 ns, At safepoint: 19319 ns, Total: 75908 ns
[2024-10-16T09:19:07.557+0000][119][info ][safepoint   ] Safepoint "Cleanup", Time since last: 38461304471 ns, Reaching safepoint: 7064 ns, Cleanup: 7563 ns, At safepoint: 5212 ns, Total: 19839 ns
[2024-10-16T09:19:09.373+0000][119][info ][safepoint   ] Safepoint "Cleanup", Time since last: 1815376479 ns, Reaching safepoint: 14682 ns, Cleanup: 17678 ns, At safepoint: 8912 ns, Total: 41272 ns
[2024-10-16T09:20:01.667+0000][119][info ][safepoint   ] Safepoint "Cleanup", Time since last: 52293040392 ns, Reaching safepoint: 42317 ns, Cleanup: 14289 ns, At safepoint: 12225 ns, Total: 68831 ns
[2024-10-16T09:20:59.831+0000][119][info ][safepoint   ] Safepoint "Cleanup", Time since last: 58162816308 ns, Reaching safepoint: 147903 ns, Cleanup: 23639 ns, At safepoint: 21397 ns, Total: 192939 ns
[2024-10-16T09:21:01.833+0000][119][info ][safepoint   ] Safepoint "Cleanup", Time since last: 2001877013 ns, Reaching safepoint: 50071 ns, Cleanup: 16115 ns, At safepoint: 14589 ns, Total: 80775 ns
[2024-10-16T09:21:06.838+0000][119][info ][safepoint   ] Safepoint "Cleanup", Time since last: 5005141554 ns, Reaching safepoint: 29089 ns, Cleanup: 22108 ns, At safepoint: 50442 ns, Total: 101639 ns
[2024-10-16T09:21:13.928+0000][119][info ][safepoint   ] Safepoint "Cleanup", Time since last: 7088843374 ns, Reaching safepoint: 28646 ns, Cleanup: 27420 ns, At safepoint: 15163 ns, Total: 71229 ns
[2024-10-16T09:21:39.531+0000][119][info ][safepoint   ] Safepoint "Cleanup", Time since last: 25601848926 ns, Reaching safepoint: 28726 ns, Cleanup: 21036 ns, At safepoint: 68234 ns, Total: 117996 ns
[2024-10-16T09:21:41.007+0000][119][info ][safepoint   ] Safepoint "Cleanup", Time since last: 1475843685 ns, Reaching safepoint: 7132 ns, Cleanup: 10247 ns, At safepoint: 5155 ns, Total: 22534 ns
[2024-10-16T09:22:06.422+0000][119][info ][safepoint   ] Safepoint "Cleanup", Time since last: 25414898347 ns, Reaching safepoint: 50903 ns, Cleanup: 17886 ns, At safepoint: 13133 ns, Total: 81922 ns
[2024-10-16T09:22:09.426+0000][119][info ][safepoint   ] Safepoint "Cleanup", Time since last: 3003090163 ns, Reaching safepoint: 18770 ns, Cleanup: 13020 ns, At safepoint: 10245 ns, Total: 42035 ns
[2024-10-16T09:22:11.428+0000][119][info ][safepoint   ] Safepoint "Cleanup", Time since last: 2002701824 ns, Reaching safepoint: 36748 ns, Cleanup: 23963 ns, At safepoint: 25590 ns, Total: 86301 ns
[2024-10-16T09:22:58.650+0000][119][info ][safepoint   ] Safepoint "Cleanup", Time since last: 47220408809 ns, Reaching safepoint: 670156 ns, Cleanup: 16889 ns, At safepoint: 122601 ns, Total: 809646 ns
[2024-10-16T09:23:14.630+0000][119][info ][safepoint   ] Safepoint "Cleanup", Time since last: 15978840851 ns, Reaching safepoint: 41699 ns, Cleanup: 14607 ns, At safepoint: 8891 ns, Total: 65197 ns
[2024-10-16T09:23:17.696+0000][119][info ][safepoint   ] Safepoint "Cleanup", Time since last: 3065953379 ns, Reaching safepoint: 7959 ns, Cleanup: 10200 ns, At safepoint: 5201 ns, Total: 23360 ns
[2024-10-16T09:23:34.760+0000][119][info ][safepoint   ] Safepoint "Cleanup", Time since last: 17063976091 ns, Reaching safepoint: 54780 ns, Cleanup: 19340 ns, At safepoint: 17656 ns, Total: 91776 ns
[2024-10-16T09:24:06.837+0000][119][info ][safepoint   ] Safepoint "Cleanup", Time since last: 32076739019 ns, Reaching safepoint: 73870 ns, Cleanup: 20221 ns, At safepoint: 26856 ns, Total: 120947 ns
[2024-10-16T09:24:09.842+0000][119][info ][safepoint   ] Safepoint "Cleanup", Time since last: 3003195191 ns, Reaching safepoint: 29490 ns, Cleanup: 28706 ns, At safepoint: 82550 ns, Total: 140746 ns
[2024-10-16T09:25:27.205+0000][119][info ][safepoint   ] Safepoint "Cleanup", Time since last: 77266913202 ns, Reaching safepoint: 6928 ns, Cleanup: 6915 ns, At safepoint: 4912 ns, Total: 18755 ns
[2024-10-16T09:25:34.226+0000][119][info ][safepoint   ] Safepoint "Cleanup", Time since last: 7020054395 ns, Reaching safepoint: 923551 ns, Cleanup: 53892 ns, At safepoint: 251847 ns, Total: 1229290 ns
[2024-10-16T09:26:46.818+0000][119][info ][gc,start    ] GC(24) Pause Young (Concurrent Start) (CodeCache GC Threshold)
[2024-10-16T09:26:46.819+0000][119][info ][gc,task     ] GC(24) Using 4 workers of 4 for evacuation
[2024-10-16T09:26:46.819+0000][119][debug][gc,age      ] GC(24) Desired survivor size 216006656 bytes, new threshold 15 (max threshold 15)
[2024-10-16T09:26:46.934+0000][119][info ][gc,phases   ] GC(24)   Pre Evacuate Collection Set: 4.79ms
[2024-10-16T09:26:46.934+0000][119][info ][gc,phases   ] GC(24)   Merge Heap Roots: 1.35ms
[2024-10-16T09:26:46.934+0000][119][info ][gc,phases   ] GC(24)   Evacuate Collection Set: 93.23ms
[2024-10-16T09:26:46.934+0000][119][info ][gc,phases   ] GC(24)   Post Evacuate Collection Set: 14.32ms
[2024-10-16T09:26:46.934+0000][119][info ][gc,phases   ] GC(24)   Other: 1.47ms
[2024-10-16T09:26:46.934+0000][119][trace][gc,age      ] GC(24) Age table with threshold 15 (max threshold 15)
[2024-10-16T09:26:46.934+0000][119][trace][gc,age      ] GC(24) - age   1:    1430088 bytes,    1430088 total
[2024-10-16T09:26:46.934+0000][119][trace][gc,age      ] GC(24) - age   2:     252800 bytes,    1682888 total
[2024-10-16T09:26:46.934+0000][119][trace][gc,age      ] GC(24) - age   3:    1843560 bytes,    3526448 total
[2024-10-16T09:26:46.934+0000][119][trace][gc,age      ] GC(24) - age   4:     727704 bytes,    4254152 total
[2024-10-16T09:26:46.934+0000][119][trace][gc,age      ] GC(24) - age   5:     129688 bytes,    4383840 total
[2024-10-16T09:26:46.934+0000][119][trace][gc,age      ] GC(24) - age   6:    4886232 bytes,    9270072 total
[2024-10-16T09:26:46.934+0000][119][trace][gc,age      ] GC(24) - age   7:    5133872 bytes,   14403944 total
[2024-10-16T09:26:46.934+0000][119][trace][gc,age      ] GC(24) - age   8:   14070256 bytes,   28474200 total
[2024-10-16T09:26:46.934+0000][119][info ][gc,heap     ] GC(24) Eden regions: 463->0(813)
[2024-10-16T09:26:46.934+0000][119][info ][gc,heap     ] GC(24) Survivor regions: 8->8(103)
[2024-10-16T09:26:46.934+0000][119][info ][gc,heap     ] GC(24) Old regions: 31->31
[2024-10-16T09:26:46.934+0000][119][info ][gc,heap     ] GC(24) Humongous regions: 2->2
[2024-10-16T09:26:46.934+0000][119][info ][gc,metaspace] GC(24) Metaspace: 158299K(162688K)->158299K(162688K) NonClass: 136799K(139136K)->136799K(139136K) Class: 21500K(23552K)->21500K(23552K)
[2024-10-16T09:26:46.934+0000][119][info ][gc          ] GC(24) Pause Young (Concurrent Start) (CodeCache GC Threshold) 2013M->161M(5476M) 115.843ms
[2024-10-16T09:26:46.934+0000][119][info ][gc,cpu      ] GC(24) User=0.36s Sys=0.03s Real=0.11s
[2024-10-16T09:26:46.934+0000][119][info ][safepoint   ] Safepoint "G1TryInitiateConcMark", Time since last: 72589576718 ns, Reaching safepoint: 161367 ns, Cleanup: 18232 ns, At safepoint: 116269688 ns, Total: 116449287 ns
[2024-10-16T09:26:46.934+0000][119][info ][gc          ] GC(25) Concurrent Mark Cycle
[2024-10-16T09:26:46.934+0000][119][info ][gc,marking  ] GC(25) Concurrent Scan Root Regions
[2024-10-16T09:26:47.008+0000][119][info ][gc,marking  ] GC(25) Concurrent Scan Root Regions 73.397ms
[2024-10-16T09:26:47.008+0000][119][info ][gc,marking  ] GC(25) Concurrent Mark
[2024-10-16T09:26:47.008+0000][119][info ][gc,marking  ] GC(25) Concurrent Mark From Roots
[2024-10-16T09:26:47.008+0000][119][info ][gc,task     ] GC(25) Using 1 workers of 1 for marking
[2024-10-16T09:26:48.380+0000][119][info ][gc,marking  ] GC(25) Concurrent Mark From Roots 1372.189ms
[2024-10-16T09:26:48.380+0000][119][info ][gc,marking  ] GC(25) Concurrent Preclean
[2024-10-16T09:26:48.381+0000][119][info ][gc,marking  ] GC(25) Concurrent Preclean 1.308ms
[2024-10-16T09:26:48.382+0000][119][info ][gc,start    ] GC(25) Pause Remark
[2024-10-16T09:26:48.631+0000][119][info ][gc,mmu      ] GC(25) MMU target violated: 201.0ms (200.0ms/201.0ms)
[2024-10-16T09:26:48.631+0000][119][info ][gc          ] GC(25) Pause Remark 171M->171M(5476M) 249.579ms
[2024-10-16T09:26:48.631+0000][119][info ][gc,cpu      ] GC(25) User=0.82s Sys=0.00s Real=0.25s
[2024-10-16T09:26:48.632+0000][119][info ][safepoint   ] Safepoint "G1PauseRemark", Time since last: 1447487452 ns, Reaching safepoint: 21779 ns, Cleanup: 5685 ns, At safepoint: 249829172 ns, Total: 249856636 ns
[2024-10-16T09:26:48.632+0000][119][info ][gc,marking  ] GC(25) Concurrent Mark 1623.944ms
[2024-10-16T09:26:48.632+0000][119][info ][gc,marking  ] GC(25) Concurrent Rebuild Remembered Sets and Scrub Regions
[2024-10-16T09:26:48.743+0000][119][info ][gc,marking  ] GC(25) Concurrent Rebuild Remembered Sets and Scrub Regions 111.179ms
[2024-10-16T09:26:48.744+0000][119][info ][gc,start    ] GC(25) Pause Cleanup
[2024-10-16T09:26:48.744+0000][119][info ][gc          ] GC(25) Pause Cleanup 180M->180M(5476M) 0.555ms
[2024-10-16T09:26:48.744+0000][119][info ][gc,cpu      ] GC(25) User=0.00s Sys=0.00s Real=0.00s
[2024-10-16T09:26:48.745+0000][119][info ][safepoint   ] Safepoint "G1PauseCleanup", Time since last: 111593892 ns, Reaching safepoint: 397315 ns, Cleanup: 119088 ns, At safepoint: 1416444 ns, Total: 1932847 ns
[2024-10-16T09:26:48.745+0000][119][info ][gc,marking  ] GC(25) Concurrent Clear Claimed Marks
[2024-10-16T09:26:48.746+0000][119][info ][gc,marking  ] GC(25) Concurrent Clear Claimed Marks 0.281ms
[2024-10-16T09:26:48.746+0000][119][info ][gc,marking  ] GC(25) Concurrent Cleanup for Next Mark
[2024-10-16T09:26:48.843+0000][119][info ][gc,marking  ] GC(25) Concurrent Cleanup for Next Mark 97.412ms
[2024-10-16T09:26:48.845+0000][119][info ][gc          ] GC(25) Concurrent Mark Cycle 1910.565ms
[2024-10-16T09:26:50.937+0000][119][info ][safepoint   ] Safepoint "Cleanup", Time since last: 2191659989 ns, Reaching safepoint: 18601 ns, Cleanup: 11006 ns, At safepoint: 9552 ns, Total: 39159 ns
[2024-10-16T09:26:58.966+0000][119][info ][safepoint   ] Safepoint "Cleanup", Time since last: 8029209506 ns, Reaching safepoint: 58359 ns, Cleanup: 16609 ns, At safepoint: 17203 ns, Total: 92171 ns
[2024-10-16T09:28:00.312+0000][119][info ][safepoint   ] Safepoint "Cleanup", Time since last: 61343573113 ns, Reaching safepoint: 23332 ns, Cleanup: 18676 ns, At safepoint: 15037 ns, Total: 57045 ns
[2024-10-16T09:28:02.314+0000][119][info ][safepoint   ] Safepoint "Cleanup", Time since last: 2001797100 ns, Reaching safepoint: 23307 ns, Cleanup: 16449 ns, At safepoint: 13884 ns, Total: 53640 ns
[2024-10-16T09:28:19.882+0000][119][info ][safepoint   ] Safepoint "Cleanup", Time since last: 17565308550 ns, Reaching safepoint: 848796 ns, Cleanup: 67671 ns, At safepoint: 211673 ns, Total: 1128140 ns
[2024-10-16T09:28:21.358+0000][119][info ][safepoint   ] Safepoint "Cleanup", Time since last: 1476674978 ns, Reaching safepoint: 26131 ns, Cleanup: 32566 ns, At safepoint: 14446 ns, Total: 73143 ns
[2024-10-16T09:28:56.469+0000][119][info ][safepoint   ] Safepoint "Cleanup", Time since last: 35110392921 ns, Reaching safepoint: 15101 ns, Cleanup: 10624 ns, At safepoint: 8640 ns, Total: 34365 ns
[2024-10-16T09:28:59.497+0000][119][info ][safepoint   ] Safepoint "Cleanup", Time since last: 3027600461 ns, Reaching safepoint: 51707 ns, Cleanup: 11791 ns, At safepoint: 9199 ns, Total: 72697 ns
[2024-10-16T09:29:02.500+0000][119][info ][safepoint   ] Safepoint "Cleanup", Time since last: 3002953644 ns, Reaching safepoint: 16116 ns, Cleanup: 12373 ns, At safepoint: 9581 ns, Total: 38070 ns
[2024-10-16T09:29:30.695+0000][119][info ][safepoint   ] Safepoint "Cleanup", Time since last: 28196880096 ns, Reaching safepoint: 41960 ns, Cleanup: 14489 ns, At safepoint: 12851 ns, Total: 69300 ns
[2024-10-16T09:29:35.706+0000][119][info ][safepoint   ] Safepoint "Cleanup", Time since last: 5011422459 ns, Reaching safepoint: 15634 ns, Cleanup: 11429 ns, At safepoint: 104979 ns, Total: 132042 ns
[2024-10-16T09:29:58.867+0000][119][info ][safepoint   ] Safepoint "Cleanup", Time since last: 23156879033 ns, Reaching safepoint: 18030 ns, Cleanup: 9050 ns, At safepoint: 5275 ns, Total: 32355 ns
[2024-10-16T09:30:00.820+0000][119][info ][safepoint   ] Safepoint "Cleanup", Time since last: 1952312426 ns, Reaching safepoint: 26787 ns, Cleanup: 382774 ns, At safepoint: 63823 ns, Total: 473384 ns
[2024-10-16T09:30:07.850+0000][119][info ][safepoint   ] Safepoint "Cleanup", Time since last: 7028586062 ns, Reaching safepoint: 917776 ns, Cleanup: 19579 ns, At safepoint: 65363 ns, Total: 1002718 ns
[2024-10-16T09:30:14.859+0000][119][info ][safepoint   ] Safepoint "Cleanup", Time since last: 7008199737 ns, Reaching safepoint: 35174 ns, Cleanup: 21299 ns, At safepoint: 21580 ns, Total: 78053 ns
[2024-10-16T09:31:07.006+0000][119][info ][safepoint   ] Safepoint "Cleanup", Time since last: 52146805447 ns, Reaching safepoint: 16367 ns, Cleanup: 12837 ns, At safepoint: 13527 ns, Total: 42731 ns
[2024-10-16T09:31:29.912+0000][119][info ][safepoint   ] Safepoint "Cleanup", Time since last: 22906898167 ns, Reaching safepoint: 24123 ns, Cleanup: 15539 ns, At safepoint: 12984 ns, Total: 52646 ns
[2024-10-16T09:31:41.089+0000][119][info ][safepoint   ] Safepoint "Cleanup", Time since last: 11174298603 ns, Reaching safepoint: 13129 ns, Cleanup: 10344 ns, At safepoint: 52369 ns, Total: 75842 ns
[2024-10-16T09:32:03.211+0000][119][info ][safepoint   ] Safepoint "Cleanup", Time since last: 22122179874 ns, Reaching safepoint: 6697 ns, Cleanup: 9162 ns, At safepoint: 4932 ns, Total: 20791 ns
[2024-10-16T09:32:15.637+0000][119][info ][safepoint   ] Safepoint "Cleanup", Time since last: 12424459363 ns, Reaching safepoint: 16440 ns, Cleanup: 11385 ns, At safepoint: 9088 ns, Total: 36913 ns
[2024-10-16T09:32:44.301+0000][119][info ][safepoint   ] Safepoint "Cleanup", Time since last: 28715381581 ns, Reaching safepoint: 346869 ns, Cleanup: 13737 ns, At safepoint: 169056 ns, Total: 529662 ns
[2024-10-16T09:32:46.340+0000][119][info ][safepoint   ] Safepoint "Cleanup", Time since last: 2039058253 ns, Reaching safepoint: 18680 ns, Cleanup: 16974 ns, At safepoint: 9877 ns, Total: 45531 ns
[2024-10-16T09:33:04.901+0000][119][info ][safepoint   ] Safepoint "Cleanup", Time since last: 18559984487 ns, Reaching safepoint: 1036702 ns, Cleanup: 17217 ns, At safepoint: 37083 ns, Total: 1091002 ns
[2024-10-16T09:33:32.640+0000][119][info ][safepoint   ] Safepoint "Cleanup", Time since last: 27684970551 ns, Reaching safepoint: 102930 ns, Cleanup: 18853 ns, At safepoint: 16905 ns, Total: 138688 ns
[2024-10-16T09:33:47.916+0000][119][info ][safepoint   ] Safepoint "Cleanup", Time since last: 15274123891 ns, Reaching safepoint: 352843 ns, Cleanup: 14074 ns, At safepoint: 107276 ns, Total: 474193 ns
[2024-10-16T09:34:04.983+0000][119][info ][safepoint   ] Safepoint "Cleanup", Time since last: 17067570161 ns, Reaching safepoint: 9514 ns, Cleanup: 36973 ns, At safepoint: 18077 ns, Total: 64564 ns
[2024-10-16T09:34:06.037+0000][119][info ][safepoint   ] Safepoint "Cleanup", Time since last: 1052358085 ns, Reaching safepoint: 1309776 ns, Cleanup: 18035 ns, At safepoint: 112150 ns, Total: 1439961 ns
[2024-10-16T09:34:07.044+0000][119][info ][safepoint   ] Safepoint "Cleanup", Time since last: 1006655570 ns, Reaching safepoint: 16560 ns, Cleanup: 24300 ns, At safepoint: 22028 ns, Total: 62888 ns
[2024-10-16T09:34:25.235+0000][119][info ][safepoint   ] Safepoint "Cleanup", Time since last: 18190081371 ns, Reaching safepoint: 51172 ns, Cleanup: 35629 ns, At safepoint: 9369 ns, Total: 96170 ns
[2024-10-16T09:35:35.411+0000][119][info ][safepoint   ] Safepoint "Cleanup", Time since last: 70173914249 ns, Reaching safepoint: 41280 ns, Cleanup: 11888 ns, At safepoint: 9417 ns, Total: 62585 ns
[2024-10-16T09:36:10.585+0000][119][info ][safepoint   ] Safepoint "Cleanup", Time since last: 35173090124 ns, Reaching safepoint: 38220 ns, Cleanup: 12823 ns, At safepoint: 9281 ns, Total: 60324 ns
[2024-10-16T09:36:21.369+0000][119][info ][safepoint   ] Safepoint "Cleanup", Time since last: 10783533134 ns, Reaching safepoint: 16868 ns, Cleanup: 13691 ns, At safepoint: 10040 ns, Total: 40599 ns
[2024-10-16T09:36:55.735+0000][119][info ][safepoint   ] Safepoint "Cleanup", Time since last: 34366553193 ns, Reaching safepoint: 131426 ns, Cleanup: 17313 ns, At safepoint: 12726 ns, Total: 161465 ns
[2024-10-16T09:37:10.017+0000][119][info ][safepoint   ] Safepoint "Cleanup", Time since last: 14279333372 ns, Reaching safepoint: 125867 ns, Cleanup: 14048 ns, At safepoint: 141479 ns, Total: 281394 ns
[2024-10-16T09:37:18.061+0000][119][info ][safepoint   ] Safepoint "Cleanup", Time since last: 8043929067 ns, Reaching safepoint: 24967 ns, Cleanup: 16597 ns, At safepoint: 13411 ns, Total: 54975 ns
[2024-10-16T09:37:35.434+0000][119][info ][safepoint   ] Safepoint "Cleanup", Time since last: 17372903247 ns, Reaching safepoint: 20707 ns, Cleanup: 19796 ns, At safepoint: 13957 ns, Total: 54460 ns
[2024-10-16T09:38:07.190+0000][119][info ][safepoint   ] Safepoint "Cleanup", Time since last: 31754872218 ns, Reaching safepoint: 30932 ns, Cleanup: 14728 ns, At safepoint: 11757 ns, Total: 57417 ns
[2024-10-16T09:38:20.197+0000][119][info ][safepoint   ] Safepoint "Cleanup", Time since last: 13006088537 ns, Reaching safepoint: 7038 ns, Cleanup: 8379 ns, At safepoint: 4987 ns, Total: 20404 ns
[2024-10-16T09:38:21.649+0000][119][info ][safepoint   ] Safepoint "Cleanup", Time since last: 1451929764 ns, Reaching safepoint: 18198 ns, Cleanup: 12441 ns, At safepoint: 9424 ns, Total: 40063 ns
[2024-10-16T09:39:08.793+0000][119][info ][safepoint   ] Safepoint "Cleanup", Time since last: 47142692430 ns, Reaching safepoint: 23822 ns, Cleanup: 15639 ns, At safepoint: 12895 ns, Total: 52356 ns
[2024-10-16T09:39:17.992+0000][119][info ][safepoint   ] Safepoint "Cleanup", Time since last: 9175339310 ns, Reaching safepoint: 22308916 ns, Cleanup: 56319 ns, At safepoint: 709452 ns, Total: 23074687 ns
[2024-10-16T09:39:19.119+0000][119][info ][safepoint   ] Safepoint "Cleanup", Time since last: 1126743046 ns, Reaching safepoint: 7424 ns, Cleanup: 11786 ns, At safepoint: 4919 ns, Total: 24129 ns
[2024-10-16T09:40:24.312+0000][119][info ][safepoint   ] Safepoint "Cleanup", Time since last: 65190926152 ns, Reaching safepoint: 21089 ns, Cleanup: 21449 ns, At safepoint: 104179 ns, Total: 146717 ns
[2024-10-16T09:41:20.811+0000][119][info ][safepoint   ] Safepoint "Cleanup", Time since last: 56498035552 ns, Reaching safepoint: 26158 ns, Cleanup: 18273 ns, At safepoint: 13276 ns, Total: 57707 ns
[2024-10-16T09:41:40.278+0000][119][info ][safepoint   ] Safepoint "Cleanup", Time since last: 19466801843 ns, Reaching safepoint: 21598 ns, Cleanup: 26039 ns, At safepoint: 14003 ns, Total: 61640 ns
[2024-10-16T09:41:47.285+0000][119][info ][safepoint   ] Safepoint "Cleanup", Time since last: 7007081975 ns, Reaching safepoint: 560397 ns, Cleanup: 12756 ns, At safepoint: 65493 ns, Total: 638646 ns
[2024-10-16T09:41:48.287+0000][119][info ][safepoint   ] Safepoint "Cleanup", Time since last: 1001765299 ns, Reaching safepoint: 28552 ns, Cleanup: 24751 ns, At safepoint: 17845 ns, Total: 71148 ns
[2024-10-16T09:41:49.332+0000][119][info ][safepoint   ] Safepoint "Cleanup", Time since last: 1043901499 ns, Reaching safepoint: 23897 ns, Cleanup: 15648 ns, At safepoint: 11199 ns, Total: 50744 ns
[2024-10-16T09:41:50.464+0000][119][info ][safepoint   ] Safepoint "Cleanup", Time since last: 1132479782 ns, Reaching safepoint: 15943 ns, Cleanup: 15939 ns, At safepoint: 9189 ns, Total: 41071 ns
[2024-10-16T09:41:52.364+0000][119][info ][safepoint   ] Safepoint "Cleanup", Time since last: 1899999391 ns, Reaching safepoint: 7392 ns, Cleanup: 6925 ns, At safepoint: 5098 ns, Total: 19415 ns
[2024-10-16T09:41:53.415+0000][119][info ][safepoint   ] Safepoint "Cleanup", Time since last: 1051090321 ns, Reaching safepoint: 16680 ns, Cleanup: 12904 ns, At safepoint: 9381 ns, Total: 38965 ns
[2024-10-16T09:41:54.857+0000][119][info ][safepoint   ] Safepoint "Cleanup", Time since last: 1441725708 ns, Reaching safepoint: 18742 ns, Cleanup: 14836 ns, At safepoint: 9668 ns, Total: 43246 ns
[2024-10-16T09:41:55.858+0000][119][info ][safepoint   ] Safepoint "Cleanup", Time since last: 1000841058 ns, Reaching safepoint: 17951 ns, Cleanup: 12852 ns, At safepoint: 10639 ns, Total: 41442 ns
[2024-10-16T09:42:11.509+0000][119][info ][safepoint   ] Safepoint "Cleanup", Time since last: 15649259809 ns, Reaching safepoint: 7909 ns, Cleanup: 10101 ns, At safepoint: 4677 ns, Total: 22687 ns
[2024-10-16T09:42:12.898+0000][119][info ][safepoint   ] Safepoint "Cleanup", Time since last: 1389032243 ns, Reaching safepoint: 8504 ns, Cleanup: 8775 ns, At safepoint: 4961 ns, Total: 22240 ns
[2024-10-16T09:42:13.950+0000][119][info ][safepoint   ] Safepoint "Cleanup", Time since last: 1052051501 ns, Reaching safepoint: 16002 ns, Cleanup: 16465 ns, At safepoint: 8935 ns, Total: 41402 ns
[2024-10-16T09:42:14.963+0000][119][info ][safepoint   ] Safepoint "Cleanup", Time since last: 1012984227 ns, Reaching safepoint: 23795 ns, Cleanup: 25927 ns, At safepoint: 13403 ns, Total: 63125 ns
[2024-10-16T09:42:15.963+0000][119][info ][safepoint   ] Safepoint "Cleanup", Time since last: 1000646769 ns, Reaching safepoint: 16133 ns, Cleanup: 12621 ns, At safepoint: 9068 ns, Total: 37822 ns
[2024-10-16T09:42:19.930+0000][119][info ][safepoint   ] Safepoint "Cleanup", Time since last: 3966268051 ns, Reaching safepoint: 7893 ns, Cleanup: 10778 ns, At safepoint: 5168 ns, Total: 23839 ns
[2024-10-16T09:42:23.596+0000][119][info ][safepoint   ] Safepoint "Cleanup", Time since last: 3666042249 ns, Reaching safepoint: 15601 ns, Cleanup: 10333 ns, At safepoint: 10002 ns, Total: 35936 ns
[2024-10-16T09:42:25.000+0000][119][info ][safepoint   ] Safepoint "Cleanup", Time since last: 1404443518 ns, Reaching safepoint: 16538 ns, Cleanup: 19679 ns, At safepoint: 45594 ns, Total: 81811 ns
[2024-10-16T09:42:27.002+0000][119][info ][safepoint   ] Safepoint "Cleanup", Time since last: 2001985798 ns, Reaching safepoint: 15465 ns, Cleanup: 29847 ns, At safepoint: 56015 ns, Total: 101327 ns
[2024-10-16T09:42:30.005+0000][119][info ][safepoint   ] Safepoint "Cleanup", Time since last: 3003019135 ns, Reaching safepoint: 25943 ns, Cleanup: 15838 ns, At safepoint: 11613 ns, Total: 53394 ns
[2024-10-16T09:42:31.007+0000][119][info ][safepoint   ] Safepoint "Cleanup", Time since last: 1001993128 ns, Reaching safepoint: 23075 ns, Cleanup: 18502 ns, At safepoint: 15416 ns, Total: 56993 ns
[2024-10-16T09:42:36.012+0000][119][info ][safepoint   ] Safepoint "Cleanup", Time since last: 5004823207 ns, Reaching safepoint: 17049 ns, Cleanup: 19354 ns, At safepoint: 9374 ns, Total: 45777 ns
[2024-10-16T09:42:44.928+0000][119][info ][safepoint   ] Safepoint "ICBufferFull", Time since last: 8913582553 ns, Reaching safepoint: 16856 ns, Cleanup: 207116 ns, At safepoint: 50301 ns, Total: 274273 ns
[2024-10-16T09:42:45.929+0000][119][info ][safepoint   ] Safepoint "Cleanup", Time since last: 1001027353 ns, Reaching safepoint: 16916 ns, Cleanup: 19811 ns, At safepoint: 14173 ns, Total: 50900 ns
[2024-10-16T09:42:47.931+0000][119][info ][safepoint   ] Safepoint "Cleanup", Time since last: 2002079692 ns, Reaching safepoint: 17757 ns, Cleanup: 20103 ns, At safepoint: 9666 ns, Total: 47526 ns
[2024-10-16T09:42:49.149+0000][119][info ][safepoint   ] Safepoint "Cleanup", Time since last: 1218285866 ns, Reaching safepoint: 12407 ns, Cleanup: 28181 ns, At safepoint: 8193 ns, Total: 48781 ns
[2024-10-16T09:42:50.194+0000][119][info ][safepoint   ] Safepoint "Cleanup", Time since last: 1044547168 ns, Reaching safepoint: 21815 ns, Cleanup: 28158 ns, At safepoint: 14680 ns, Total: 64653 ns
[2024-10-16T09:42:51.195+0000][119][info ][safepoint   ] Safepoint "Cleanup", Time since last: 1000784597 ns, Reaching safepoint: 25388 ns, Cleanup: 41319 ns, At safepoint: 12319 ns, Total: 79026 ns
[2024-10-16T09:42:55.269+0000][119][info ][safepoint   ] Safepoint "Cleanup", Time since last: 4073861640 ns, Reaching safepoint: 59091 ns, Cleanup: 138718 ns, At safepoint: 19334 ns, Total: 217143 ns
[2024-10-16T09:42:57.059+0000][119][info ][safepoint   ] Safepoint "Cleanup", Time since last: 1772354684 ns, Reaching safepoint: 104968 ns, Cleanup: 17795638 ns, At safepoint: 162035 ns, Total: 18062641 ns
[2024-10-16T09:42:58.272+0000][119][info ][safepoint   ] Safepoint "Cleanup", Time since last: 1212566052 ns, Reaching safepoint: 16469 ns, Cleanup: 13568 ns, At safepoint: 100824 ns, Total: 130861 ns
[2024-10-16T09:43:02.303+0000][119][info ][safepoint   ] Safepoint "Cleanup", Time since last: 4031058468 ns, Reaching safepoint: 17678 ns, Cleanup: 13391 ns, At safepoint: 10741 ns, Total: 41810 ns
[2024-10-16T09:43:07.308+0000][119][info ][safepoint   ] Safepoint "Cleanup", Time since last: 5004733262 ns, Reaching safepoint: 18569 ns, Cleanup: 21741 ns, At safepoint: 10086 ns, Total: 50396 ns
[2024-10-16T09:43:08.309+0000][119][info ][safepoint   ] Safepoint "Cleanup", Time since last: 1001046926 ns, Reaching safepoint: 19458 ns, Cleanup: 16249 ns, At safepoint: 10424 ns, Total: 46131 ns
[2024-10-16T09:43:11.313+0000][119][info ][safepoint   ] Safepoint "Cleanup", Time since last: 3003150182 ns, Reaching safepoint: 44623 ns, Cleanup: 13544 ns, At safepoint: 9910 ns, Total: 68077 ns
[2024-10-16T09:43:12.341+0000][119][info ][safepoint   ] Safepoint "Cleanup", Time since last: 1027716668 ns, Reaching safepoint: 19738 ns, Cleanup: 16664 ns, At safepoint: 11158 ns, Total: 47560 ns
[2024-10-16T09:43:14.529+0000][119][info ][safepoint   ] Safepoint "Cleanup", Time since last: 2188017307 ns, Reaching safepoint: 8125 ns, Cleanup: 16688 ns, At safepoint: 4841 ns, Total: 29654 ns
[2024-10-16T09:43:16.166+0000][119][info ][safepoint   ] Safepoint "Cleanup", Time since last: 1636917352 ns, Reaching safepoint: 16973 ns, Cleanup: 17464 ns, At safepoint: 9440 ns, Total: 43877 ns
[2024-10-16T09:43:20.557+0000][119][info ][safepoint   ] Safepoint "Cleanup", Time since last: 4391180085 ns, Reaching safepoint: 7159 ns, Cleanup: 13070 ns, At safepoint: 4639 ns, Total: 24868 ns
[2024-10-16T09:43:22.205+0000][119][info ][safepoint   ] Safepoint "Cleanup", Time since last: 1647718051 ns, Reaching safepoint: 27870 ns, Cleanup: 21412 ns, At safepoint: 14019 ns, Total: 63301 ns
[2024-10-16T09:43:27.221+0000][119][info ][safepoint   ] Safepoint "Cleanup", Time since last: 5016161614 ns, Reaching safepoint: 16489 ns, Cleanup: 17319 ns, At safepoint: 10331 ns, Total: 44139 ns
[2024-10-16T09:43:28.319+0000][119][info ][safepoint   ] Safepoint "Cleanup", Time since last: 1097113734 ns, Reaching safepoint: 558298 ns, Cleanup: 37992 ns, At safepoint: 80687 ns, Total: 676977 ns
[2024-10-16T09:43:30.321+0000][119][info ][safepoint   ] Safepoint "Cleanup", Time since last: 2001820243 ns, Reaching safepoint: 23673 ns, Cleanup: 78017 ns, At safepoint: 86690 ns, Total: 188380 ns
[2024-10-16T09:43:32.324+0000][119][info ][safepoint   ] Safepoint "Cleanup", Time since last: 2002005518 ns, Reaching safepoint: 878556 ns, Cleanup: 100640 ns, At safepoint: 117384 ns, Total: 1096580 ns
[2024-10-16T09:43:33.325+0000][119][info ][safepoint   ] Safepoint "Cleanup", Time since last: 1000772156 ns, Reaching safepoint: 25609 ns, Cleanup: 19027 ns, At safepoint: 50069 ns, Total: 94705 ns
[2024-10-16T09:43:40.158+0000][119][info ][safepoint   ] Safepoint "Cleanup", Time since last: 6832945232 ns, Reaching safepoint: 13208 ns, Cleanup: 34044 ns, At safepoint: 8701 ns, Total: 55953 ns
[2024-10-16T09:43:41.159+0000][119][info ][safepoint   ] Safepoint "Cleanup", Time since last: 1001000948 ns, Reaching safepoint: 41314 ns, Cleanup: 19360 ns, At safepoint: 11492 ns, Total: 72166 ns
[2024-10-16T09:43:43.162+0000][119][info ][safepoint   ] Safepoint "Cleanup", Time since last: 2002014748 ns, Reaching safepoint: 17547 ns, Cleanup: 12718 ns, At safepoint: 10145 ns, Total: 40410 ns
[2024-10-16T09:43:44.591+0000][119][info ][safepoint   ] Safepoint "Cleanup", Time since last: 1429372490 ns, Reaching safepoint: 7474 ns, Cleanup: 15559 ns, At safepoint: 5490 ns, Total: 28523 ns
[2024-10-16T09:43:46.609+0000][119][info ][safepoint   ] Safepoint "Cleanup", Time since last: 2016449665 ns, Reaching safepoint: 961695 ns, Cleanup: 39396 ns, At safepoint: 209448 ns, Total: 1210539 ns
[2024-10-16T09:43:50.616+0000][119][info ][safepoint   ] Safepoint "Cleanup", Time since last: 4006922930 ns, Reaching safepoint: 21695 ns, Cleanup: 29553 ns, At safepoint: 14197 ns, Total: 65445 ns
[2024-10-16T09:43:54.624+0000][119][info ][safepoint   ] Safepoint "Cleanup", Time since last: 4008269944 ns, Reaching safepoint: 25375 ns, Cleanup: 69935 ns, At safepoint: 19529 ns, Total: 114839 ns
[2024-10-16T09:43:55.625+0000][119][info ][safepoint   ] Safepoint "Cleanup", Time since last: 1001461645 ns, Reaching safepoint: 19917 ns, Cleanup: 16847 ns, At safepoint: 10815 ns, Total: 47579 ns
[2024-10-16T09:43:56.636+0000][119][info ][safepoint   ] Safepoint "Cleanup", Time since last: 1010634733 ns, Reaching safepoint: 32262 ns, Cleanup: 122825 ns, At safepoint: 30242 ns, Total: 185329 ns
[2024-10-16T09:43:58.638+0000][119][info ][safepoint   ] Safepoint "Cleanup", Time since last: 2002114214 ns, Reaching safepoint: 19857 ns, Cleanup: 23430 ns, At safepoint: 9857 ns, Total: 53144 ns
[2024-10-16T09:44:05.645+0000][119][info ][safepoint   ] Safepoint "Cleanup", Time since last: 7006914520 ns, Reaching safepoint: 16435 ns, Cleanup: 15403 ns, At safepoint: 9526 ns, Total: 41364 ns
[2024-10-16T09:44:07.659+0000][119][info ][safepoint   ] Safepoint "Cleanup", Time since last: 2001953311 ns, Reaching safepoint: 11861621 ns, Cleanup: 34326 ns, At safepoint: 71755 ns, Total: 11967702 ns
[2024-10-16T09:44:09.443+0000][119][info ][safepoint   ] Safepoint "Cleanup", Time since last: 1782479939 ns, Reaching safepoint: 483799 ns, Cleanup: 87046 ns, At safepoint: 87949 ns, Total: 658794 ns
[2024-10-16T09:44:10.443+0000][119][info ][safepoint   ] Safepoint "Cleanup", Time since last: 1000968530 ns, Reaching safepoint: 16612 ns, Cleanup: 31173 ns, At safepoint: 9642 ns, Total: 57427 ns
[2024-10-16T09:44:12.596+0000][119][info ][safepoint   ] Safepoint "Cleanup", Time since last: 2153152987 ns, Reaching safepoint: 14409 ns, Cleanup: 22468 ns, At safepoint: 10806 ns, Total: 47683 ns
[2024-10-16T09:44:13.856+0000][119][info ][safepoint   ] Safepoint "Cleanup", Time since last: 1259980407 ns, Reaching safepoint: 39125 ns, Cleanup: 126428 ns, At safepoint: 82562 ns, Total: 248115 ns
[2024-10-16T09:44:14.858+0000][119][info ][safepoint   ] Safepoint "Cleanup", Time since last: 1001438593 ns, Reaching safepoint: 17261 ns, Cleanup: 13936 ns, At safepoint: 10819 ns, Total: 42016 ns
[2024-10-16T09:44:17.590+0000][119][info ][safepoint   ] Safepoint "Cleanup", Time since last: 2731970020 ns, Reaching safepoint: 8135 ns, Cleanup: 15444 ns, At safepoint: 5086 ns, Total: 28665 ns
[2024-10-16T09:44:18.615+0000][119][info ][safepoint   ] Safepoint "Cleanup", Time since last: 1025361483 ns, Reaching safepoint: 7561 ns, Cleanup: 29357 ns, At safepoint: 5443 ns, Total: 42361 ns
[2024-10-16T09:44:25.916+0000][119][info ][safepoint   ] Safepoint "Cleanup", Time since last: 7300349497 ns, Reaching safepoint: 17375 ns, Cleanup: 18828 ns, At safepoint: 10111 ns, Total: 46314 ns
[2024-10-16T09:44:28.919+0000][119][info ][safepoint   ] Safepoint "Cleanup", Time since last: 3003240789 ns, Reaching safepoint: 17596 ns, Cleanup: 20517 ns, At safepoint: 9524 ns, Total: 47637 ns
[2024-10-16T09:44:30.626+0000][119][info ][safepoint   ] Safepoint "Cleanup", Time since last: 1707227218 ns, Reaching safepoint: 18396 ns, Cleanup: 17009 ns, At safepoint: 11222 ns, Total: 46627 ns
[2024-10-16T09:44:32.752+0000][119][info ][safepoint   ] Safepoint "Cleanup", Time since last: 2125783278 ns, Reaching safepoint: 18455 ns, Cleanup: 15992 ns, At safepoint: 12000 ns, Total: 46447 ns
[2024-10-16T09:44:33.753+0000][119][info ][safepoint   ] Safepoint "Cleanup", Time since last: 1000958898 ns, Reaching safepoint: 25944 ns, Cleanup: 15926 ns, At safepoint: 15854 ns, Total: 57724 ns
[2024-10-16T09:44:35.755+0000][119][info ][safepoint   ] Safepoint "Cleanup", Time since last: 2001790543 ns, Reaching safepoint: 20206 ns, Cleanup: 14144 ns, At safepoint: 11606 ns, Total: 45956 ns
[2024-10-16T09:44:36.756+0000][119][info ][safepoint   ] Safepoint "Cleanup", Time since last: 1001001637 ns, Reaching safepoint: 16739 ns, Cleanup: 11845 ns, At safepoint: 9195 ns, Total: 37779 ns
[2024-10-16T09:44:37.757+0000][119][info ][safepoint   ] Safepoint "Cleanup", Time since last: 1000906419 ns, Reaching safepoint: 17725 ns, Cleanup: 13776 ns, At safepoint: 9895 ns, Total: 41396 ns
[2024-10-16T09:44:41.761+0000][119][info ][safepoint   ] Safepoint "Cleanup", Time since last: 4003961992 ns, Reaching safepoint: 22723 ns, Cleanup: 30358 ns, At safepoint: 12704 ns, Total: 65785 ns
[2024-10-16T09:44:44.764+0000][119][info ][safepoint   ] Safepoint "Cleanup", Time since last: 3002925031 ns, Reaching safepoint: 41820 ns, Cleanup: 12083 ns, At safepoint: 11909 ns, Total: 65812 ns
[2024-10-16T09:44:45.766+0000][119][info ][safepoint   ] Safepoint "Cleanup", Time since last: 1000984448 ns, Reaching safepoint: 22050 ns, Cleanup: 16862 ns, At safepoint: 14062 ns, Total: 52974 ns
[2024-10-16T09:44:47.768+0000][119][info ][safepoint   ] Safepoint "Cleanup", Time since last: 2001599450 ns, Reaching safepoint: 1100050 ns, Cleanup: 25951 ns, At safepoint: 59880 ns, Total: 1185881 ns
[2024-10-16T09:44:48.770+0000][119][info ][safepoint   ] Safepoint "Cleanup", Time since last: 1001410879 ns, Reaching safepoint: 86390 ns, Cleanup: 57227 ns, At safepoint: 42124 ns, Total: 185741 ns
[2024-10-16T09:44:50.083+0000][119][info ][safepoint   ] Safepoint "Cleanup", Time since last: 1313458477 ns, Reaching safepoint: 18603 ns, Cleanup: 16671 ns, At safepoint: 9999 ns, Total: 45273 ns
[2024-10-16T09:44:51.084+0000][119][info ][safepoint   ] Safepoint "Cleanup", Time since last: 1000794131 ns, Reaching safepoint: 20178 ns, Cleanup: 71026 ns, At safepoint: 9817 ns, Total: 101021 ns
[2024-10-16T09:44:52.085+0000][119][info ][safepoint   ] Safepoint "Cleanup", Time since last: 1000947084 ns, Reaching safepoint: 20784 ns, Cleanup: 13433 ns, At safepoint: 11327 ns, Total: 45544 ns
[2024-10-16T09:44:53.087+0000][119][info ][safepoint   ] Safepoint "Cleanup", Time since last: 1001146633 ns, Reaching safepoint: 31554 ns, Cleanup: 14594 ns, At safepoint: 16039 ns, Total: 62187 ns
[2024-10-16T09:44:54.161+0000][119][info ][safepoint   ] Safepoint "Cleanup", Time since last: 1074882743 ns, Reaching safepoint: 17861 ns, Cleanup: 12172 ns, At safepoint: 9918 ns, Total: 39951 ns
[2024-10-16T09:44:56.174+0000][119][info ][safepoint   ] Safepoint "Cleanup", Time since last: 2012569103 ns, Reaching safepoint: 27170 ns, Cleanup: 18145 ns, At safepoint: 17996 ns, Total: 63311 ns
[2024-10-16T09:44:57.176+0000][119][info ][safepoint   ] Safepoint "Cleanup", Time since last: 1001414363 ns, Reaching safepoint: 19692 ns, Cleanup: 19816 ns, At safepoint: 9495 ns, Total: 49003 ns
[2024-10-16T09:45:01.185+0000][119][info ][safepoint   ] Safepoint "Cleanup", Time since last: 4009834083 ns, Reaching safepoint: 26940 ns, Cleanup: 18619 ns, At safepoint: 9113 ns, Total: 54672 ns
[2024-10-16T09:45:02.187+0000][119][info ][safepoint   ] Safepoint "Cleanup", Time since last: 1001052220 ns, Reaching safepoint: 29841 ns, Cleanup: 17584 ns, At safepoint: 9179 ns, Total: 56604 ns
[2024-10-16T09:45:04.188+0000][119][info ][safepoint   ] Safepoint "Cleanup", Time since last: 2001885451 ns, Reaching safepoint: 25919 ns, Cleanup: 20751 ns, At safepoint: 11831 ns, Total: 58501 ns
[2024-10-16T09:45:06.190+0000][119][info ][safepoint   ] Safepoint "Cleanup", Time since last: 2001963971 ns, Reaching safepoint: 25946 ns, Cleanup: 30401 ns, At safepoint: 9289 ns, Total: 65636 ns
[2024-10-16T09:45:07.191+0000][119][info ][safepoint   ] Safepoint "Cleanup", Time since last: 1000827445 ns, Reaching safepoint: 25223 ns, Cleanup: 17840 ns, At safepoint: 13450 ns, Total: 56513 ns
[2024-10-16T09:45:11.196+0000][119][info ][safepoint   ] Safepoint "Cleanup", Time since last: 4004118662 ns, Reaching safepoint: 75472 ns, Cleanup: 43143 ns, At safepoint: 22097 ns, Total: 140712 ns
[2024-10-16T09:45:14.198+0000][119][info ][safepoint   ] Safepoint "Cleanup", Time since last: 3002525024 ns, Reaching safepoint: 54748 ns, Cleanup: 16656 ns, At safepoint: 10093 ns, Total: 81497 ns
[2024-10-16T09:45:15.201+0000][119][info ][safepoint   ] Safepoint "Cleanup", Time since last: 1002340434 ns, Reaching safepoint: 30514 ns, Cleanup: 18649 ns, At safepoint: 13696 ns, Total: 62859 ns
[2024-10-16T09:45:20.815+0000][119][info ][safepoint   ] Safepoint "Cleanup", Time since last: 5612548968 ns, Reaching safepoint: 1507327 ns, Cleanup: 23395 ns, At safepoint: 86386 ns, Total: 1617108 ns
[2024-10-16T09:45:21.839+0000][119][info ][safepoint   ] Safepoint "Cleanup", Time since last: 1023488211 ns, Reaching safepoint: 31719 ns, Cleanup: 30503 ns, At safepoint: 23952 ns, Total: 86174 ns
[2024-10-16T09:45:23.765+0000][119][info ][safepoint   ] Safepoint "Cleanup", Time since last: 1926098470 ns, Reaching safepoint: 25524 ns, Cleanup: 52446 ns, At safepoint: 15320 ns, Total: 93290 ns
[2024-10-16T09:45:25.767+0000][119][info ][safepoint   ] Safepoint "Cleanup", Time since last: 2001801020 ns, Reaching safepoint: 20962 ns, Cleanup: 16139 ns, At safepoint: 10741 ns, Total: 47842 ns
[2024-10-16T09:45:30.316+0000][119][info ][safepoint   ] Safepoint "Cleanup", Time since last: 4549261162 ns, Reaching safepoint: 65808 ns, Cleanup: 47687 ns, At safepoint: 19630 ns, Total: 133125 ns
[2024-10-16T09:45:32.647+0000][119][info ][safepoint   ] Safepoint "Cleanup", Time since last: 2330563197 ns, Reaching safepoint: 15269 ns, Cleanup: 13061 ns, At safepoint: 8228 ns, Total: 36558 ns
[2024-10-16T09:45:34.056+0000][119][info ][safepoint   ] Safepoint "Cleanup", Time since last: 1409595910 ns, Reaching safepoint: 24937 ns, Cleanup: 56466 ns, At safepoint: 13820 ns, Total: 95223 ns
[2024-10-16T09:45:36.059+0000][119][info ][safepoint   ] Safepoint "Cleanup", Time since last: 2002065334 ns, Reaching safepoint: 27882 ns, Cleanup: 15126 ns, At safepoint: 109402 ns, Total: 152410 ns
[2024-10-16T09:45:38.061+0000][119][info ][safepoint   ] Safepoint "Cleanup", Time since last: 2001912824 ns, Reaching safepoint: 20799 ns, Cleanup: 13401 ns, At safepoint: 100146 ns, Total: 134346 ns
[2024-10-16T09:45:39.133+0000][119][info ][safepoint   ] Safepoint "Cleanup", Time since last: 1072637120 ns, Reaching safepoint: 7497 ns, Cleanup: 7220 ns, At safepoint: 5372 ns, Total: 20089 ns
[2024-10-16T09:45:40.150+0000][119][info ][safepoint   ] Safepoint "Cleanup", Time since last: 1015320701 ns, Reaching safepoint: 26158 ns, Cleanup: 15964 ns, At safepoint: 13343 ns, Total: 55465 ns
[2024-10-16T09:45:41.150+0000][119][info ][safepoint   ] Safepoint "Cleanup", Time since last: 1000762757 ns, Reaching safepoint: 21067 ns, Cleanup: 19940 ns, At safepoint: 11146 ns, Total: 52153 ns
[2024-10-16T09:45:42.152+0000][119][info ][safepoint   ] Safepoint "Cleanup", Time since last: 1001289668 ns, Reaching safepoint: 20587 ns, Cleanup: 55055 ns, At safepoint: 11678 ns, Total: 87320 ns
[2024-10-16T09:45:52.433+0000][119][info ][safepoint   ] Safepoint "Cleanup", Time since last: 10280964470 ns, Reaching safepoint: 19425 ns, Cleanup: 30962 ns, At safepoint: 9847 ns, Total: 60234 ns
[2024-10-16T09:45:55.516+0000][119][info ][safepoint   ] Safepoint "Cleanup", Time since last: 3083484616 ns, Reaching safepoint: 29518 ns, Cleanup: 22430 ns, At safepoint: 15771 ns, Total: 67719 ns
[2024-10-16T09:45:57.187+0000][119][info ][safepoint   ] Safepoint "Cleanup", Time since last: 1670241779 ns, Reaching safepoint: 14741 ns, Cleanup: 12810 ns, At safepoint: 7886 ns, Total: 35437 ns
[2024-10-16T09:46:00.541+0000][119][info ][safepoint   ] Safepoint "Cleanup", Time since last: 3352979058 ns, Reaching safepoint: 1137389 ns, Cleanup: 29395 ns, At safepoint: 43177 ns, Total: 1209961 ns
[2024-10-16T09:46:01.543+0000][119][info ][safepoint   ] Safepoint "Cleanup", Time since last: 1001814553 ns, Reaching safepoint: 19148 ns, Cleanup: 12565 ns, At safepoint: 10806 ns, Total: 42519 ns
[2024-10-16T09:46:02.543+0000][119][info ][safepoint   ] Safepoint "Cleanup", Time since last: 1000616191 ns, Reaching safepoint: 36350 ns, Cleanup: 19350 ns, At safepoint: 19683 ns, Total: 75383 ns
[2024-10-16T09:46:03.545+0000][119][info ][safepoint   ] Safepoint "Cleanup", Time since last: 1001219803 ns, Reaching safepoint: 18428 ns, Cleanup: 48440 ns, At safepoint: 9786 ns, Total: 76654 ns
[2024-10-16T09:46:04.576+0000][119][info ][safepoint   ] Safepoint "Cleanup", Time since last: 1031328176 ns, Reaching safepoint: 7558 ns, Cleanup: 8936 ns, At safepoint: 5144 ns, Total: 21638 ns
[2024-10-16T09:46:05.585+0000][119][info ][safepoint   ] Safepoint "Cleanup", Time since last: 1008515311 ns, Reaching safepoint: 26551 ns, Cleanup: 18891 ns, At safepoint: 153267 ns, Total: 198709 ns
[2024-10-16T09:46:07.586+0000][119][info ][safepoint   ] Safepoint "Cleanup", Time since last: 2001714624 ns, Reaching safepoint: 26310 ns, Cleanup: 23141 ns, At safepoint: 13655 ns, Total: 63106 ns
[2024-10-16T09:46:10.590+0000][119][info ][safepoint   ] Safepoint "Cleanup", Time since last: 3002115187 ns, Reaching safepoint: 20677 ns, Cleanup: 13709 ns, At safepoint: 10229 ns, Total: 44615 ns
[2024-10-16T09:46:11.593+0000][119][info ][safepoint   ] Safepoint "Cleanup", Time since last: 1003212602 ns, Reaching safepoint: 30481 ns, Cleanup: 17549 ns, At safepoint: 18658 ns, Total: 66688 ns
[2024-10-16T09:46:15.604+0000][119][info ][safepoint   ] Safepoint "Cleanup", Time since last: 4010233255 ns, Reaching safepoint: 106302 ns, Cleanup: 47595 ns, At safepoint: 55395 ns, Total: 209292 ns
[2024-10-16T09:46:19.609+0000][119][info ][safepoint   ] Safepoint "Cleanup", Time since last: 4004982581 ns, Reaching safepoint: 16682 ns, Cleanup: 12704 ns, At safepoint: 9587 ns, Total: 38973 ns
[2024-10-16T09:46:21.355+0000][119][info ][safepoint   ] Safepoint "Cleanup", Time since last: 1746210163 ns, Reaching safepoint: 19636 ns, Cleanup: 23518 ns, At safepoint: 10317 ns, Total: 53471 ns
[2024-10-16T09:46:22.781+0000][119][info ][safepoint   ] Safepoint "Cleanup", Time since last: 1424617871 ns, Reaching safepoint: 1171678 ns, Cleanup: 11763 ns, At safepoint: 105470 ns, Total: 1288911 ns
[2024-10-16T09:46:24.284+0000][119][info ][safepoint   ] Safepoint "Cleanup", Time since last: 1502983445 ns, Reaching safepoint: 14564 ns, Cleanup: 28310 ns, At safepoint: 10752 ns, Total: 53626 ns
[2024-10-16T09:46:25.294+0000][119][info ][safepoint   ] Safepoint "Cleanup", Time since last: 1010586128 ns, Reaching safepoint: 132021 ns, Cleanup: 18427 ns, At safepoint: 15575 ns, Total: 166023 ns
[2024-10-16T09:46:34.357+0000][119][info ][safepoint   ] Safepoint "Cleanup", Time since last: 9062142154 ns, Reaching safepoint: 39471 ns, Cleanup: 16904 ns, At safepoint: 14003 ns, Total: 70378 ns
[2024-10-16T09:46:42.392+0000][119][info ][safepoint   ] Safepoint "Cleanup", Time since last: 8034948408 ns, Reaching safepoint: 20123 ns, Cleanup: 12429 ns, At safepoint: 10080 ns, Total: 42632 ns
[2024-10-16T09:46:46.397+0000][119][info ][safepoint   ] Safepoint "Cleanup", Time since last: 4004212494 ns, Reaching safepoint: 287772 ns, Cleanup: 49237 ns, At safepoint: 80365 ns, Total: 417374 ns
[2024-10-16T09:46:49.400+0000][119][info ][safepoint   ] Safepoint "Cleanup", Time since last: 3003361662 ns, Reaching safepoint: 25542 ns, Cleanup: 29141 ns, At safepoint: 96602 ns, Total: 151285 ns
[2024-10-16T09:46:55.344+0000][119][info ][safepoint   ] Safepoint "Cleanup", Time since last: 5943103797 ns, Reaching safepoint: 25536 ns, Cleanup: 17604 ns, At safepoint: 14649 ns, Total: 57789 ns
[2024-10-16T09:47:07.425+0000][119][info ][safepoint   ] Safepoint "Cleanup", Time since last: 12081540895 ns, Reaching safepoint: 43046 ns, Cleanup: 15570 ns, At safepoint: 8583 ns, Total: 67199 ns
[2024-10-16T09:47:08.442+0000][119][info ][safepoint   ] Safepoint "Cleanup", Time since last: 1007606369 ns, Reaching safepoint: 7946987 ns, Cleanup: 31777 ns, At safepoint: 1635506 ns, Total: 9614270 ns
[2024-10-16T09:47:09.974+0000][119][info ][safepoint   ] Safepoint "Cleanup", Time since last: 1530843310 ns, Reaching safepoint: 18566 ns, Cleanup: 15496 ns, At safepoint: 9729 ns, Total: 43791 ns
[2024-10-16T09:47:26.695+0000][119][info ][safepoint   ] Safepoint "Cleanup", Time since last: 16719925846 ns, Reaching safepoint: 1068640 ns, Cleanup: 25574 ns, At safepoint: 46868 ns, Total: 1141082 ns
[2024-10-16T09:47:27.780+0000][119][info ][safepoint   ] Safepoint "Cleanup", Time since last: 1084187683 ns, Reaching safepoint: 7728 ns, Cleanup: 6675 ns, At safepoint: 5037 ns, Total: 19440 ns
[2024-10-16T09:47:33.225+0000][119][info ][safepoint   ] Safepoint "Cleanup", Time since last: 5445809989 ns, Reaching safepoint: 12714 ns, Cleanup: 10739 ns, At safepoint: 6400 ns, Total: 29853 ns
[2024-10-16T09:47:35.823+0000][119][info ][safepoint   ] Safepoint "Cleanup", Time since last: 2597139299 ns, Reaching safepoint: 10253 ns, Cleanup: 7841 ns, At safepoint: 5081 ns, Total: 23175 ns
[2024-10-16T09:47:38.299+0000][119][info ][safepoint   ] Safepoint "Cleanup", Time since last: 2476728785 ns, Reaching safepoint: 24732 ns, Cleanup: 16601 ns, At safepoint: 8692 ns, Total: 50025 ns
[2024-10-16T09:47:39.349+0000][119][info ][safepoint   ] Safepoint "Cleanup", Time since last: 1049428546 ns, Reaching safepoint: 15380 ns, Cleanup: 117249 ns, At safepoint: 12665 ns, Total: 145294 ns
[2024-10-16T09:47:40.351+0000][119][info ][safepoint   ] Safepoint "Cleanup", Time since last: 1004362376 ns, Reaching safepoint: 953670 ns, Cleanup: 32891 ns, At safepoint: 83200 ns, Total: 1069761 ns
[2024-10-16T09:47:41.355+0000][119][info ][safepoint   ] Safepoint "Cleanup", Time since last: 1003471981 ns, Reaching safepoint: 26739 ns, Cleanup: 39622 ns, At safepoint: 161065 ns, Total: 227426 ns
[2024-10-16T09:47:42.367+0000][119][info ][safepoint   ] Safepoint "Cleanup", Time since last: 1011534239 ns, Reaching safepoint: 38757 ns, Cleanup: 56757 ns, At safepoint: 20276 ns, Total: 115790 ns
[2024-10-16T09:47:45.370+0000][119][info ][safepoint   ] Safepoint "Cleanup", Time since last: 3003420907 ns, Reaching safepoint: 17225 ns, Cleanup: 16841 ns, At safepoint: 10418 ns, Total: 44484 ns
[2024-10-16T09:47:46.371+0000][119][info ][safepoint   ] Safepoint "Cleanup", Time since last: 1001232162 ns, Reaching safepoint: 78872 ns, Cleanup: 13259 ns, At safepoint: 13461 ns, Total: 105592 ns
[2024-10-16T09:47:52.391+0000][119][info ][safepoint   ] Safepoint "Cleanup", Time since last: 6019672356 ns, Reaching safepoint: 25048 ns, Cleanup: 19803 ns, At safepoint: 72196 ns, Total: 117047 ns
[2024-10-16T09:47:59.441+0000][119][info ][safepoint   ] Safepoint "Cleanup", Time since last: 7050018998 ns, Reaching safepoint: 17432 ns, Cleanup: 14150 ns, At safepoint: 9683 ns, Total: 41265 ns
[2024-10-16T09:48:00.442+0000][119][info ][safepoint   ] Safepoint "Cleanup", Time since last: 1000990082 ns, Reaching safepoint: 23705 ns, Cleanup: 20047 ns, At safepoint: 14505 ns, Total: 58257 ns
[2024-10-16T09:48:03.444+0000][119][info ][safepoint   ] Safepoint "Cleanup", Time since last: 3001951555 ns, Reaching safepoint: 44370 ns, Cleanup: 23224 ns, At safepoint: 9619 ns, Total: 77213 ns
[2024-10-16T09:48:06.455+0000][119][info ][safepoint   ] Safepoint "Cleanup", Time since last: 3010573768 ns, Reaching safepoint: 26072 ns, Cleanup: 18825 ns, At safepoint: 411656 ns, Total: 456553 ns
[2024-10-16T09:48:09.134+0000][119][info ][safepoint   ] Safepoint "Cleanup", Time since last: 2676841220 ns, Reaching safepoint: 1134063 ns, Cleanup: 132593 ns, At safepoint: 140697 ns, Total: 1407353 ns
[2024-10-16T09:48:10.994+0000][119][info ][safepoint   ] Safepoint "Cleanup", Time since last: 1855461237 ns, Reaching safepoint: 17363 ns, Cleanup: 41363 ns, At safepoint: 9747 ns, Total: 68473 ns
[2024-10-16T09:48:11.995+0000][119][info ][safepoint   ] Safepoint "Cleanup", Time since last: 1000985471 ns, Reaching safepoint: 18943 ns, Cleanup: 26314 ns, At safepoint: 9865 ns, Total: 55122 ns
[2024-10-16T09:48:13.605+0000][119][info ][safepoint   ] Safepoint "Cleanup", Time since last: 1609881477 ns, Reaching safepoint: 7507 ns, Cleanup: 9055 ns, At safepoint: 4501 ns, Total: 21063 ns
[2024-10-16T09:48:14.646+0000][119][info ][safepoint   ] Safepoint "Cleanup", Time since last: 1040983813 ns, Reaching safepoint: 24931 ns, Cleanup: 21810 ns, At safepoint: 14039 ns, Total: 60780 ns
[2024-10-16T09:48:16.037+0000][119][info ][safepoint   ] Safepoint "Cleanup", Time since last: 1391113919 ns, Reaching safepoint: 19045 ns, Cleanup: 12591 ns, At safepoint: 9478 ns, Total: 41114 ns
[2024-10-16T09:48:18.039+0000][119][info ][safepoint   ] Safepoint "Cleanup", Time since last: 2001939388 ns, Reaching safepoint: 19337 ns, Cleanup: 12496 ns, At safepoint: 9926 ns, Total: 41759 ns
[2024-10-16T09:48:19.711+0000][119][info ][safepoint   ] Safepoint "Cleanup", Time since last: 1671990457 ns, Reaching safepoint: 7723 ns, Cleanup: 10362 ns, At safepoint: 5026 ns, Total: 23111 ns
[2024-10-16T09:48:20.837+0000][119][info ][safepoint   ] Safepoint "Cleanup", Time since last: 1125811722 ns, Reaching safepoint: 7302 ns, Cleanup: 10013 ns, At safepoint: 5800 ns, Total: 23115 ns
[2024-10-16T09:48:22.030+0000][119][info ][safepoint   ] Safepoint "Cleanup", Time since last: 1192465019 ns, Reaching safepoint: 65393 ns, Cleanup: 61505 ns, At safepoint: 40999 ns, Total: 167897 ns
[2024-10-16T09:48:23.304+0000][119][info ][safepoint   ] Safepoint "Cleanup", Time since last: 1274372032 ns, Reaching safepoint: 54884 ns, Cleanup: 43903 ns, At safepoint: 18870 ns, Total: 117657 ns
[2024-10-16T09:48:28.182+0000][119][info ][safepoint   ] Safepoint "Cleanup", Time since last: 4878098368 ns, Reaching safepoint: 16066 ns, Cleanup: 15806 ns, At safepoint: 7960 ns, Total: 39832 ns
[2024-10-16T09:48:29.844+0000][119][info ][safepoint   ] Safepoint "Cleanup", Time since last: 1661432215 ns, Reaching safepoint: 21845 ns, Cleanup: 254563 ns, At safepoint: 100300 ns, Total: 376708 ns
[2024-10-16T09:48:31.337+0000][119][info ][safepoint   ] Safepoint "Cleanup", Time since last: 1492887284 ns, Reaching safepoint: 16446 ns, Cleanup: 18991 ns, At safepoint: 10803 ns, Total: 46240 ns
[2024-10-16T09:48:33.084+0000][119][info ][safepoint   ] Safepoint "Cleanup", Time since last: 1746930925 ns, Reaching safepoint: 14355 ns, Cleanup: 11201 ns, At safepoint: 4005 ns, Total: 29561 ns
[2024-10-16T09:48:34.936+0000][119][info ][safepoint   ] Safepoint "Cleanup", Time since last: 1852071678 ns, Reaching safepoint: 20984 ns, Cleanup: 18380 ns, At safepoint: 10737 ns, Total: 50101 ns
[2024-10-16T09:48:35.937+0000][119][info ][safepoint   ] Safepoint "Cleanup", Time since last: 1000929545 ns, Reaching safepoint: 18363 ns, Cleanup: 13217 ns, At safepoint: 9771 ns, Total: 41351 ns
[2024-10-16T09:48:36.938+0000][119][info ][safepoint   ] Safepoint "Cleanup", Time since last: 1000763145 ns, Reaching safepoint: 15988 ns, Cleanup: 13511 ns, At safepoint: 9556 ns, Total: 39055 ns
[2024-10-16T09:48:39.356+0000][119][info ][safepoint   ] Safepoint "Cleanup", Time since last: 2417475400 ns, Reaching safepoint: 8114 ns, Cleanup: 8393 ns, At safepoint: 5369 ns, Total: 21876 ns
[2024-10-16T09:48:40.377+0000][119][info ][safepoint   ] Safepoint "Cleanup", Time since last: 1020774918 ns, Reaching safepoint: 22642 ns, Cleanup: 20840 ns, At safepoint: 14805 ns, Total: 58287 ns
[2024-10-16T09:48:42.379+0000][119][info ][safepoint   ] Safepoint "Cleanup", Time since last: 2002056195 ns, Reaching safepoint: 23668 ns, Cleanup: 17697 ns, At safepoint: 17250 ns, Total: 58615 ns
[2024-10-16T09:48:47.027+0000][119][info ][safepoint   ] Safepoint "Cleanup", Time since last: 4647750640 ns, Reaching safepoint: 17811 ns, Cleanup: 19608 ns, At safepoint: 9885 ns, Total: 47304 ns
[2024-10-16T09:49:00.103+0000][119][info ][safepoint   ] Safepoint "Cleanup", Time since last: 13075779832 ns, Reaching safepoint: 22714 ns, Cleanup: 30147 ns, At safepoint: 46019 ns, Total: 98880 ns
[2024-10-16T09:49:03.176+0000][119][info ][safepoint   ] Safepoint "Cleanup", Time since last: 3072720044 ns, Reaching safepoint: 21338 ns, Cleanup: 14403 ns, At safepoint: 9518 ns, Total: 45259 ns
[2024-10-16T09:49:05.167+0000][119][info ][safepoint   ] Safepoint "Cleanup", Time since last: 1991144688 ns, Reaching safepoint: 24317 ns, Cleanup: 18679 ns, At safepoint: 11372 ns, Total: 54368 ns
[2024-10-16T09:49:06.327+0000][119][info ][safepoint   ] Safepoint "Cleanup", Time since last: 1160361134 ns, Reaching safepoint: 7452 ns, Cleanup: 8189 ns, At safepoint: 5362 ns, Total: 21003 ns
[2024-10-16T09:49:07.334+0000][119][info ][safepoint   ] Safepoint "Cleanup", Time since last: 1006528390 ns, Reaching safepoint: 19517 ns, Cleanup: 14638 ns, At safepoint: 12320 ns, Total: 46475 ns
[2024-10-16T09:49:08.336+0000][119][info ][safepoint   ] Safepoint "Cleanup", Time since last: 1001547960 ns, Reaching safepoint: 25590 ns, Cleanup: 18755 ns, At safepoint: 16225 ns, Total: 60570 ns
[2024-10-16T09:49:21.241+0000][119][info ][safepoint   ] Safepoint "Cleanup", Time since last: 12904881215 ns, Reaching safepoint: 6996 ns, Cleanup: 6954 ns, At safepoint: 4983 ns, Total: 18933 ns
[2024-10-16T09:49:26.272+0000][119][info ][safepoint   ] Safepoint "Cleanup", Time since last: 5031467205 ns, Reaching safepoint: 19391 ns, Cleanup: 19510 ns, At safepoint: 10453 ns, Total: 49354 ns
[2024-10-16T09:49:31.542+0000][119][info ][safepoint   ] Safepoint "Cleanup", Time since last: 5269403388 ns, Reaching safepoint: 13682 ns, Cleanup: 10320 ns, At safepoint: 48148 ns, Total: 72150 ns
[2024-10-16T09:49:32.930+0000][119][info ][safepoint   ] Safepoint "Cleanup", Time since last: 1387906386 ns, Reaching safepoint: 29318 ns, Cleanup: 20367 ns, At safepoint: 9678 ns, Total: 59363 ns
[2024-10-16T09:49:34.510+0000][119][info ][safepoint   ] Safepoint "Cleanup", Time since last: 1579635247 ns, Reaching safepoint: 17447 ns, Cleanup: 19097 ns, At safepoint: 9483 ns, Total: 46027 ns
[2024-10-16T09:49:42.536+0000][119][info ][safepoint   ] Safepoint "Cleanup", Time since last: 8024641615 ns, Reaching safepoint: 7766 ns, Cleanup: 9930 ns, At safepoint: 4721 ns, Total: 22417 ns
