[2024-10-16T02:12:48.425+0000][127][info][gc,init] CardTable entry size: 512
[2024-10-16T02:12:48.425+0000][127][info][gc     ] Using G1
[2024-10-16T02:13:01.609+0000][127][info][gc,init] Version: 22.0.1+8-16 (release)
[2024-10-16T02:13:01.609+0000][127][info][gc,init] CPUs: 4 total, 4 available
[2024-10-16T02:13:01.610+0000][127][info][gc,init] Memory: 10952M
[2024-10-16T02:13:01.610+0000][127][info][gc,init] Large Page Support: Disabled
[2024-10-16T02:13:01.610+0000][127][info][gc,init] NUMA Support: Disabled
[2024-10-16T02:13:01.610+0000][127][info][gc,init] Compressed Oops: Enabled (Zero based)
[2024-10-16T02:13:01.610+0000][127][info][gc,init] Heap Region Size: 4M
[2024-10-16T02:13:01.610+0000][127][info][gc,init] Heap Min Capacity: 5476M
[2024-10-16T02:13:01.610+0000][127][info][gc,init] Heap Initial Capacity: 5476M
[2024-10-16T02:13:01.610+0000][127][info][gc,init] Heap Max Capacity: 5476M
[2024-10-16T02:13:01.610+0000][127][info][gc,init] Pre-touch: Enabled
[2024-10-16T02:13:01.610+0000][127][info][gc,init] Parallel Workers: 4
[2024-10-16T02:13:01.610+0000][127][info][gc,init] Concurrent Workers: 1
[2024-10-16T02:13:01.610+0000][127][info][gc,init] Concurrent Refinement Workers: 4
[2024-10-16T02:13:01.610+0000][127][info][gc,init] Periodic GC: Disabled
[2024-10-16T02:13:01.944+0000][127][info][gc,metaspace] CDS archive(s) mapped at: [0x00007f3aca000000-0x00007f3acac74000-0x00007f3acac74000), size 13058048, SharedBaseAddress: 0x00007f3aca000000, ArchiveRelocationMode: 1.
[2024-10-16T02:13:01.945+0000][127][info][gc,metaspace] Compressed class space mapped at: 0x00007f3acb000000-0x00007f3b0b000000, reserved size: 1073741824
[2024-10-16T02:13:01.945+0000][127][info][gc,metaspace] Narrow klass base: 0x00007f3aca000000, Narrow klass shift: 0, Narrow klass range: 0x100000000
[2024-10-16T02:13:03.379+0000][127][info][safepoint   ] Safepoint "Cleanup", Time since last: 1057582209 ns, Reaching safepoint: 205782842 ns, Cleanup: 67135 ns, At safepoint: 19910 ns, Total: 205869887 ns
[2024-10-16T02:13:04.902+0000][127][info][safepoint   ] Safepoint "Cleanup", Time since last: 1522611856 ns, Reaching safepoint: 3899 ns, Cleanup: 66145 ns, At safepoint: 48812 ns, Total: 118856 ns
[2024-10-16T02:13:05.990+0000][127][info][safepoint   ] Safepoint "Cleanup", Time since last: 1075354300 ns, Reaching safepoint: 11881344 ns, Cleanup: 173948 ns, At safepoint: 405216 ns, Total: 12460508 ns
[2024-10-16T02:13:06.992+0000][127][info][safepoint   ] Safepoint "Cleanup", Time since last: 1001173017 ns, Reaching safepoint: 905267 ns, Cleanup: 106929 ns, At safepoint: 58036 ns, Total: 1070232 ns
[2024-10-16T02:13:07.884+0000][127][info][safepoint   ] Safepoint "ICBufferFull", Time since last: 892223335 ns, Reaching safepoint: 4079 ns, Cleanup: 106683 ns, At safepoint: 7437 ns, Total: 118199 ns
[2024-10-16T02:13:08.891+0000][127][info][safepoint   ] Safepoint "Cleanup", Time since last: 1006442380 ns, Reaching safepoint: 5428 ns, Cleanup: 117605 ns, At safepoint: 81531 ns, Total: 204564 ns
[2024-10-16T02:13:10.173+0000][127][info][safepoint   ] Safepoint "ICBufferFull", Time since last: 1281661199 ns, Reaching safepoint: 7222 ns, Cleanup: 203300 ns, At safepoint: 43749 ns, Total: 254271 ns
[2024-10-16T02:13:11.174+0000][127][info][safepoint   ] Safepoint "Cleanup", Time since last: 1000709038 ns, Reaching safepoint: 871873 ns, Cleanup: 56359 ns, At safepoint: 73830 ns, Total: 1002062 ns
[2024-10-16T02:13:11.658+0000][127][info][gc,start    ] GC(0) Pause Young (Concurrent Start) (Metadata GC Threshold)
[2024-10-16T02:13:11.658+0000][127][info][gc,task     ] GC(0) Using 4 workers of 4 for evacuation
[2024-10-16T02:13:11.658+0000][127][debug][gc,age      ] GC(0) Desired survivor size 18874368 bytes, new threshold 15 (max threshold 15)
[2024-10-16T02:13:11.681+0000][127][info ][gc,phases   ] GC(0)   Pre Evacuate Collection Set: 0.91ms
[2024-10-16T02:13:11.681+0000][127][info ][gc,phases   ] GC(0)   Merge Heap Roots: 1.29ms
[2024-10-16T02:13:11.681+0000][127][info ][gc,phases   ] GC(0)   Evacuate Collection Set: 16.83ms
[2024-10-16T02:13:11.681+0000][127][info ][gc,phases   ] GC(0)   Post Evacuate Collection Set: 2.84ms
[2024-10-16T02:13:11.681+0000][127][info ][gc,phases   ] GC(0)   Other: 0.59ms
[2024-10-16T02:13:11.681+0000][127][trace][gc,age      ] GC(0) Age table with threshold 15 (max threshold 15)
[2024-10-16T02:13:11.681+0000][127][trace][gc,age      ] GC(0) - age   1:    9944416 bytes,    9944416 total
[2024-10-16T02:13:11.681+0000][127][info ][gc,heap     ] GC(0) Eden regions: 41->0(65)
[2024-10-16T02:13:11.681+0000][127][info ][gc,heap     ] GC(0) Survivor regions: 0->3(9)
[2024-10-16T02:13:11.681+0000][127][info ][gc,heap     ] GC(0) Old regions: 1->1
[2024-10-16T02:13:11.681+0000][127][info ][gc,heap     ] GC(0) Humongous regions: 0->0
[2024-10-16T02:13:11.681+0000][127][info ][gc,metaspace] GC(0) Metaspace: 20790K(21504K)->20790K(21504K) NonClass: 18378K(18752K)->18378K(18752K) Class: 2411K(2752K)->2411K(2752K)
[2024-10-16T02:13:11.681+0000][127][info ][gc          ] GC(0) Pause Young (Concurrent Start) (Metadata GC Threshold) 165M->10M(5476M) 22.832ms
[2024-10-16T02:13:11.681+0000][127][info ][gc,cpu      ] GC(0) User=0.06s Sys=0.00s Real=0.02s
[2024-10-16T02:13:11.682+0000][127][info ][gc          ] GC(1) Concurrent Mark Cycle
[2024-10-16T02:13:11.682+0000][127][info ][gc,marking  ] GC(1) Concurrent Scan Root Regions
[2024-10-16T02:13:11.684+0000][127][info ][safepoint   ] Safepoint "CollectForMetadataAllocation", Time since last: 483718798 ns, Reaching safepoint: 6278 ns, Cleanup: 37965 ns, At safepoint: 26202176 ns, Total: 26246419 ns
[2024-10-16T02:13:11.693+0000][127][info ][gc,marking  ] GC(1) Concurrent Scan Root Regions 10.292ms
[2024-10-16T02:13:11.693+0000][127][info ][gc,marking  ] GC(1) Concurrent Mark
[2024-10-16T02:13:11.693+0000][127][info ][gc,marking  ] GC(1) Concurrent Mark From Roots
[2024-10-16T02:13:11.693+0000][127][info ][gc,task     ] GC(1) Using 1 workers of 1 for marking
[2024-10-16T02:13:11.697+0000][127][info ][gc,marking  ] GC(1) Concurrent Mark From Roots 4.411ms
[2024-10-16T02:13:11.697+0000][127][info ][gc,marking  ] GC(1) Concurrent Preclean
[2024-10-16T02:13:11.697+0000][127][info ][gc,marking  ] GC(1) Concurrent Preclean 0.015ms
[2024-10-16T02:13:11.702+0000][127][info ][gc,start    ] GC(1) Pause Remark
[2024-10-16T02:13:11.709+0000][127][info ][gc          ] GC(1) Pause Remark 14M->14M(5476M) 6.195ms
[2024-10-16T02:13:11.709+0000][127][info ][gc,cpu      ] GC(1) User=0.01s Sys=0.00s Real=0.01s
[2024-10-16T02:13:11.710+0000][127][info ][safepoint   ] Safepoint "G1PauseRemark", Time since last: 16874355 ns, Reaching safepoint: 1047423 ns, Cleanup: 34072 ns, At safepoint: 8003591 ns, Total: 9085086 ns
[2024-10-16T02:13:11.710+0000][127][info ][gc,marking  ] GC(1) Concurrent Mark 17.711ms
[2024-10-16T02:13:11.710+0000][127][info ][gc,marking  ] GC(1) Concurrent Rebuild Remembered Sets and Scrub Regions
[2024-10-16T02:13:11.713+0000][127][info ][gc,marking  ] GC(1) Concurrent Rebuild Remembered Sets and Scrub Regions 2.355ms
[2024-10-16T02:13:11.713+0000][127][info ][gc,start    ] GC(1) Pause Cleanup
[2024-10-16T02:13:11.714+0000][127][info ][gc          ] GC(1) Pause Cleanup 14M->14M(5476M) 0.673ms
[2024-10-16T02:13:11.714+0000][127][info ][gc,cpu      ] GC(1) User=0.00s Sys=0.00s Real=0.00s
[2024-10-16T02:13:11.714+0000][127][info ][safepoint   ] Safepoint "G1PauseCleanup", Time since last: 2551504 ns, Reaching safepoint: 235346 ns, Cleanup: 4685 ns, At safepoint: 815960 ns, Total: 1055991 ns
[2024-10-16T02:13:11.714+0000][127][info ][gc,marking  ] GC(1) Concurrent Clear Claimed Marks
[2024-10-16T02:13:11.714+0000][127][info ][gc,marking  ] GC(1) Concurrent Clear Claimed Marks 0.086ms
[2024-10-16T02:13:11.714+0000][127][info ][gc,marking  ] GC(1) Concurrent Cleanup for Next Mark
[2024-10-16T02:13:11.727+0000][127][info ][gc,marking  ] GC(1) Concurrent Cleanup for Next Mark 12.888ms
[2024-10-16T02:13:11.727+0000][127][info ][gc          ] GC(1) Concurrent Mark Cycle 44.799ms
[2024-10-16T02:13:12.785+0000][127][info ][safepoint   ] Safepoint "Cleanup", Time since last: 1058588691 ns, Reaching safepoint: 12308779 ns, Cleanup: 90291 ns, At safepoint: 24912 ns, Total: 12423982 ns
[2024-10-16T02:13:13.789+0000][127][info ][safepoint   ] Safepoint "Cleanup", Time since last: 1003319757 ns, Reaching safepoint: 1044117 ns, Cleanup: 76016 ns, At safepoint: 72800 ns, Total: 1192933 ns
[2024-10-16T02:13:14.791+0000][127][info ][safepoint   ] Safepoint "Cleanup", Time since last: 1000942720 ns, Reaching safepoint: 722531 ns, Cleanup: 53711 ns, At safepoint: 97499 ns, Total: 873741 ns
[2024-10-16T02:13:16.736+0000][127][info ][safepoint   ] Safepoint "Cleanup", Time since last: 1943971061 ns, Reaching safepoint: 864597 ns, Cleanup: 76234 ns, At safepoint: 79270 ns, Total: 1020101 ns
[2024-10-16T02:13:17.450+0000][127][info ][gc,start    ] GC(2) Pause Young (Prepare Mixed) (G1 Evacuation Pause)
[2024-10-16T02:13:17.450+0000][127][info ][gc,task     ] GC(2) Using 4 workers of 4 for evacuation
[2024-10-16T02:13:17.450+0000][127][debug][gc,age      ] GC(2) Desired survivor size 18874368 bytes, new threshold 15 (max threshold 15)
[2024-10-16T02:13:17.474+0000][127][info ][gc,phases   ] GC(2)   Pre Evacuate Collection Set: 1.54ms
[2024-10-16T02:13:17.474+0000][127][info ][gc,phases   ] GC(2)   Merge Heap Roots: 0.16ms
[2024-10-16T02:13:17.474+0000][127][info ][gc,phases   ] GC(2)   Evacuate Collection Set: 19.84ms
[2024-10-16T02:13:17.474+0000][127][info ][gc,phases   ] GC(2)   Post Evacuate Collection Set: 2.55ms
[2024-10-16T02:13:17.474+0000][127][info ][gc,phases   ] GC(2)   Other: 0.39ms
[2024-10-16T02:13:17.474+0000][127][trace][gc,age      ] GC(2) Age table with threshold 15 (max threshold 15)
[2024-10-16T02:13:17.474+0000][127][trace][gc,age      ] GC(2) - age   1:    5876312 bytes,    5876312 total
[2024-10-16T02:13:17.475+0000][127][trace][gc,age      ] GC(2) - age   2:    9019176 bytes,   14895488 total
[2024-10-16T02:13:17.475+0000][127][info ][gc,heap     ] GC(2) Eden regions: 65->0(64)
[2024-10-16T02:13:17.475+0000][127][info ][gc,heap     ] GC(2) Survivor regions: 3->4(9)
[2024-10-16T02:13:17.475+0000][127][info ][gc,heap     ] GC(2) Old regions: 1->1
[2024-10-16T02:13:17.475+0000][127][info ][gc,heap     ] GC(2) Humongous regions: 0->0
[2024-10-16T02:13:17.475+0000][127][info ][gc,metaspace] GC(2) Metaspace: 28660K(29440K)->28660K(29440K) NonClass: 25371K(25856K)->25371K(25856K) Class: 3288K(3584K)->3288K(3584K)
[2024-10-16T02:13:17.475+0000][127][info ][gc          ] GC(2) Pause Young (Prepare Mixed) (G1 Evacuation Pause) 270M->16M(5476M) 24.943ms
[2024-10-16T02:13:17.475+0000][127][info ][gc,cpu      ] GC(2) User=0.07s Sys=0.00s Real=0.03s
[2024-10-16T02:13:17.475+0000][127][info ][safepoint   ] Safepoint "G1CollectForAllocation", Time since last: 708668156 ns, Reaching safepoint: 7625 ns, Cleanup: 4633978 ns, At safepoint: 25129378 ns, Total: 29770981 ns
[2024-10-16T02:13:18.534+0000][127][info ][safepoint   ] Safepoint "Cleanup", Time since last: 1051860584 ns, Reaching safepoint: 7273231 ns, Cleanup: 132759 ns, At safepoint: 79697 ns, Total: 7485687 ns
[2024-10-16T02:13:19.536+0000][127][info ][safepoint   ] Safepoint "Cleanup", Time since last: 1000279103 ns, Reaching safepoint: 1181677 ns, Cleanup: 348157 ns, At safepoint: 499052 ns, Total: 2028886 ns
[2024-10-16T02:13:19.600+0000][127][info ][gc,start    ] GC(3) Pause Young (Mixed) (G1 Evacuation Pause)
[2024-10-16T02:13:19.600+0000][127][info ][gc,task     ] GC(3) Using 4 workers of 4 for evacuation
[2024-10-16T02:13:19.600+0000][127][debug][gc,age      ] GC(3) Desired survivor size 18874368 bytes, new threshold 15 (max threshold 15)
[2024-10-16T02:13:19.626+0000][127][info ][gc,phases   ] GC(3)   Pre Evacuate Collection Set: 0.57ms
[2024-10-16T02:13:19.626+0000][127][info ][gc,phases   ] GC(3)   Merge Heap Roots: 0.13ms
[2024-10-16T02:13:19.626+0000][127][info ][gc,phases   ] GC(3)   Evacuate Collection Set: 23.25ms
[2024-10-16T02:13:19.626+0000][127][info ][gc,phases   ] GC(3)   Post Evacuate Collection Set: 1.93ms
[2024-10-16T02:13:19.626+0000][127][info ][gc,phases   ] GC(3)   Other: 0.09ms
[2024-10-16T02:13:19.626+0000][127][trace][gc,age      ] GC(3) Age table with threshold 15 (max threshold 15)
[2024-10-16T02:13:19.626+0000][127][trace][gc,age      ] GC(3) - age   1:    5810352 bytes,    5810352 total
[2024-10-16T02:13:19.626+0000][127][trace][gc,age      ] GC(3) - age   2:    5060632 bytes,   10870984 total
[2024-10-16T02:13:19.626+0000][127][trace][gc,age      ] GC(3) - age   3:    9016424 bytes,   19887408 total
[2024-10-16T02:13:19.626+0000][127][info ][gc,heap     ] GC(3) Eden regions: 64->0(63)
[2024-10-16T02:13:19.626+0000][127][info ][gc,heap     ] GC(3) Survivor regions: 4->5(9)
[2024-10-16T02:13:19.626+0000][127][info ][gc,heap     ] GC(3) Old regions: 1->1
[2024-10-16T02:13:19.626+0000][127][info ][gc,heap     ] GC(3) Humongous regions: 0->0
[2024-10-16T02:13:19.626+0000][127][info ][gc,metaspace] GC(3) Metaspace: 30038K(30848K)->30038K(30848K) NonClass: 26542K(27008K)->26542K(27008K) Class: 3495K(3840K)->3495K(3840K)
[2024-10-16T02:13:19.626+0000][127][info ][gc          ] GC(3) Pause Young (Mixed) (G1 Evacuation Pause) 272M->20M(5476M) 26.193ms
[2024-10-16T02:13:19.626+0000][127][info ][gc,cpu      ] GC(3) User=0.06s Sys=0.00s Real=0.03s
[2024-10-16T02:13:19.626+0000][127][info ][safepoint   ] Safepoint "G1CollectForAllocation", Time since last: 63234251 ns, Reaching safepoint: 5486 ns, Cleanup: 13004 ns, At safepoint: 26256465 ns, Total: 26274955 ns
[2024-10-16T02:13:20.520+0000][127][info ][gc,start    ] GC(4) Pause Young (Normal) (G1 Evacuation Pause)
[2024-10-16T02:13:20.520+0000][127][info ][gc,task     ] GC(4) Using 4 workers of 4 for evacuation
[2024-10-16T02:13:20.520+0000][127][debug][gc,age      ] GC(4) Desired survivor size 18874368 bytes, new threshold 3 (max threshold 15)
[2024-10-16T02:13:20.573+0000][127][info ][gc,phases   ] GC(4)   Pre Evacuate Collection Set: 2.47ms
[2024-10-16T02:13:20.573+0000][127][info ][gc,phases   ] GC(4)   Merge Heap Roots: 0.14ms
[2024-10-16T02:13:20.573+0000][127][info ][gc,phases   ] GC(4)   Evacuate Collection Set: 46.82ms
[2024-10-16T02:13:20.573+0000][127][info ][gc,phases   ] GC(4)   Post Evacuate Collection Set: 3.76ms
[2024-10-16T02:13:20.573+0000][127][info ][gc,phases   ] GC(4)   Other: 0.14ms
[2024-10-16T02:13:20.573+0000][127][trace][gc,age      ] GC(4) Age table with threshold 3 (max threshold 15)
[2024-10-16T02:13:20.573+0000][127][trace][gc,age      ] GC(4) - age   1:    3367232 bytes,    3367232 total
[2024-10-16T02:13:20.573+0000][127][trace][gc,age      ] GC(4) - age   2:    3693872 bytes,    7061104 total
[2024-10-16T02:13:20.573+0000][127][trace][gc,age      ] GC(4) - age   3:    5060248 bytes,   12121352 total
[2024-10-16T02:13:20.573+0000][127][info ][gc,heap     ] GC(4) Eden regions: 63->0(64)
[2024-10-16T02:13:20.573+0000][127][info ][gc,heap     ] GC(4) Survivor regions: 5->4(9)
[2024-10-16T02:13:20.573+0000][127][info ][gc,heap     ] GC(4) Old regions: 1->3
[2024-10-16T02:13:20.573+0000][127][info ][gc,heap     ] GC(4) Humongous regions: 0->0
[2024-10-16T02:13:20.573+0000][127][info ][gc,metaspace] GC(4) Metaspace: 30580K(31424K)->30580K(31424K) NonClass: 27006K(27520K)->27006K(27520K) Class: 3574K(3904K)->3574K(3904K)
[2024-10-16T02:13:20.573+0000][127][info ][gc          ] GC(4) Pause Young (Normal) (G1 Evacuation Pause) 272M->24M(5476M) 53.587ms
[2024-10-16T02:13:20.573+0000][127][info ][gc,cpu      ] GC(4) User=0.17s Sys=0.00s Real=0.05s
[2024-10-16T02:13:20.574+0000][127][info ][safepoint   ] Safepoint "G1CollectForAllocation", Time since last: 893891406 ns, Reaching safepoint: 8515 ns, Cleanup: 108430 ns, At safepoint: 53769875 ns, Total: 53886820 ns
[2024-10-16T02:13:21.739+0000][127][info ][gc,start    ] GC(5) Pause Young (Concurrent Start) (Metadata GC Threshold)
[2024-10-16T02:13:21.739+0000][127][info ][gc,task     ] GC(5) Using 4 workers of 4 for evacuation
[2024-10-16T02:13:21.739+0000][127][debug][gc,age      ] GC(5) Desired survivor size 18874368 bytes, new threshold 15 (max threshold 15)
[2024-10-16T02:13:21.752+0000][127][info ][gc,phases   ] GC(5)   Pre Evacuate Collection Set: 0.75ms
[2024-10-16T02:13:21.752+0000][127][info ][gc,phases   ] GC(5)   Merge Heap Roots: 0.29ms
[2024-10-16T02:13:21.752+0000][127][info ][gc,phases   ] GC(5)   Evacuate Collection Set: 9.75ms
[2024-10-16T02:13:21.752+0000][127][info ][gc,phases   ] GC(5)   Post Evacuate Collection Set: 1.33ms
[2024-10-16T02:13:21.752+0000][127][info ][gc,phases   ] GC(5)   Other: 0.34ms
[2024-10-16T02:13:21.752+0000][127][trace][gc,age      ] GC(5) Age table with threshold 15 (max threshold 15)
[2024-10-16T02:13:21.752+0000][127][trace][gc,age      ] GC(5) - age   1:    2735576 bytes,    2735576 total
[2024-10-16T02:13:21.752+0000][127][trace][gc,age      ] GC(5) - age   2:    2626000 bytes,    5361576 total
[2024-10-16T02:13:21.752+0000][127][trace][gc,age      ] GC(5) - age   3:    3690976 bytes,    9052552 total
[2024-10-16T02:13:21.752+0000][127][trace][gc,age      ] GC(5) - age   4:    5059032 bytes,   14111584 total
[2024-10-16T02:13:21.752+0000][127][info ][gc,heap     ] GC(5) Eden regions: 20->0(64)
[2024-10-16T02:13:21.752+0000][127][info ][gc,heap     ] GC(5) Survivor regions: 4->4(9)
[2024-10-16T02:13:21.752+0000][127][info ][gc,heap     ] GC(5) Old regions: 3->3
[2024-10-16T02:13:21.752+0000][127][info ][gc,heap     ] GC(5) Humongous regions: 0->0
[2024-10-16T02:13:21.752+0000][127][info ][gc,metaspace] GC(5) Metaspace: 35122K(35968K)->35122K(35968K) NonClass: 31081K(31552K)->31081K(31552K) Class: 4041K(4416K)->4041K(4416K)
[2024-10-16T02:13:21.752+0000][127][info ][gc          ] GC(5) Pause Young (Concurrent Start) (Metadata GC Threshold) 102M->25M(5476M) 12.816ms
[2024-10-16T02:13:21.752+0000][127][info ][gc,cpu      ] GC(5) User=0.04s Sys=0.00s Real=0.01s
[2024-10-16T02:13:21.752+0000][127][info ][gc          ] GC(6) Concurrent Mark Cycle
[2024-10-16T02:13:21.752+0000][127][info ][gc,marking  ] GC(6) Concurrent Scan Root Regions
[2024-10-16T02:13:21.752+0000][127][info ][safepoint   ] Safepoint "CollectForMetadataAllocation", Time since last: 1165345085 ns, Reaching safepoint: 6160 ns, Cleanup: 103254 ns, At safepoint: 13188719 ns, Total: 13298133 ns
[2024-10-16T02:13:21.763+0000][127][info ][gc,marking  ] GC(6) Concurrent Scan Root Regions 10.797ms
[2024-10-16T02:13:21.763+0000][127][info ][gc,marking  ] GC(6) Concurrent Mark
[2024-10-16T02:13:21.763+0000][127][info ][gc,marking  ] GC(6) Concurrent Mark From Roots
[2024-10-16T02:13:21.763+0000][127][info ][gc,task     ] GC(6) Using 1 workers of 1 for marking
[2024-10-16T02:13:21.784+0000][127][info ][safepoint   ] Safepoint "CollectForMetadataAllocation", Time since last: 31093953 ns, Reaching safepoint: 162431 ns, Cleanup: 3768 ns, At safepoint: 220010 ns, Total: 386209 ns
[2024-10-16T02:13:21.787+0000][127][info ][gc,marking  ] GC(6) Concurrent Mark From Roots 24.310ms
[2024-10-16T02:13:21.787+0000][127][info ][gc,marking  ] GC(6) Concurrent Preclean
[2024-10-16T02:13:21.787+0000][127][info ][gc,marking  ] GC(6) Concurrent Preclean 0.080ms
[2024-10-16T02:13:21.788+0000][127][info ][gc,start    ] GC(6) Pause Remark
[2024-10-16T02:13:21.803+0000][127][info ][gc          ] GC(6) Pause Remark 27M->27M(5476M) 15.204ms
[2024-10-16T02:13:21.803+0000][127][info ][gc,cpu      ] GC(6) User=0.03s Sys=0.00s Real=0.01s
[2024-10-16T02:13:21.804+0000][127][info ][safepoint   ] Safepoint "G1PauseRemark", Time since last: 3691984 ns, Reaching safepoint: 745914 ns, Cleanup: 7952 ns, At safepoint: 15362480 ns, Total: 16116346 ns
[2024-10-16T02:13:21.806+0000][127][info ][gc,marking  ] GC(6) Concurrent Mark 43.276ms
[2024-10-16T02:13:21.806+0000][127][info ][gc,marking  ] GC(6) Concurrent Rebuild Remembered Sets and Scrub Regions
[2024-10-16T02:13:21.819+0000][127][info ][gc,marking  ] GC(6) Concurrent Rebuild Remembered Sets and Scrub Regions 12.354ms
[2024-10-16T02:13:21.819+0000][127][info ][gc,start    ] GC(6) Pause Cleanup
[2024-10-16T02:13:21.820+0000][127][info ][gc          ] GC(6) Pause Cleanup 29M->29M(5476M) 0.521ms
[2024-10-16T02:13:21.820+0000][127][info ][gc,cpu      ] GC(6) User=0.00s Sys=0.00s Real=0.00s
[2024-10-16T02:13:21.820+0000][127][info ][safepoint   ] Safepoint "G1PauseCleanup", Time since last: 15264230 ns, Reaching safepoint: 365445 ns, Cleanup: 11823 ns, At safepoint: 609392 ns, Total: 986660 ns
[2024-10-16T02:13:21.820+0000][127][info ][gc,marking  ] GC(6) Concurrent Clear Claimed Marks
[2024-10-16T02:13:21.820+0000][127][info ][gc,marking  ] GC(6) Concurrent Clear Claimed Marks 0.090ms
[2024-10-16T02:13:21.820+0000][127][info ][gc,marking  ] GC(6) Concurrent Cleanup for Next Mark
[2024-10-16T02:13:21.839+0000][127][info ][gc,marking  ] GC(6) Concurrent Cleanup for Next Mark 19.149ms
[2024-10-16T02:13:21.839+0000][127][info ][gc          ] GC(6) Concurrent Mark Cycle 87.173ms
[2024-10-16T02:13:22.825+0000][127][info ][safepoint   ] Safepoint "Cleanup", Time since last: 1002372280 ns, Reaching safepoint: 1251547 ns, Cleanup: 158233 ns, At safepoint: 967122 ns, Total: 2376902 ns
[2024-10-16T02:13:23.611+0000][127][info ][gc,start    ] GC(7) Pause Young (Prepare Mixed) (G1 Evacuation Pause)
[2024-10-16T02:13:23.611+0000][127][info ][gc,task     ] GC(7) Using 4 workers of 4 for evacuation
[2024-10-16T02:13:23.611+0000][127][debug][gc,age      ] GC(7) Desired survivor size 18874368 bytes, new threshold 15 (max threshold 15)
[2024-10-16T02:13:23.654+0000][127][info ][gc,phases   ] GC(7)   Pre Evacuate Collection Set: 2.02ms
[2024-10-16T02:13:23.654+0000][127][info ][gc,phases   ] GC(7)   Merge Heap Roots: 0.33ms
[2024-10-16T02:13:23.654+0000][127][info ][gc,phases   ] GC(7)   Evacuate Collection Set: 30.65ms
[2024-10-16T02:13:23.654+0000][127][info ][gc,phases   ] GC(7)   Post Evacuate Collection Set: 9.71ms
[2024-10-16T02:13:23.654+0000][127][info ][gc,phases   ] GC(7)   Other: 0.12ms
[2024-10-16T02:13:23.654+0000][127][trace][gc,age      ] GC(7) Age table with threshold 15 (max threshold 15)
[2024-10-16T02:13:23.654+0000][127][trace][gc,age      ] GC(7) - age   1:    6930648 bytes,    6930648 total
[2024-10-16T02:13:23.654+0000][127][trace][gc,age      ] GC(7) - age   2:    2722096 bytes,    9652744 total
[2024-10-16T02:13:23.654+0000][127][trace][gc,age      ] GC(7) - age   3:    2625432 bytes,   12278176 total
[2024-10-16T02:13:23.654+0000][127][trace][gc,age      ] GC(7) - age   4:    3686336 bytes,   15964512 total
[2024-10-16T02:13:23.654+0000][127][trace][gc,age      ] GC(7) - age   5:    5058400 bytes,   21022912 total
[2024-10-16T02:13:23.654+0000][127][info ][gc,heap     ] GC(7) Eden regions: 64->0(62)
[2024-10-16T02:13:23.654+0000][127][info ][gc,heap     ] GC(7) Survivor regions: 4->6(9)
[2024-10-16T02:13:23.654+0000][127][info ][gc,heap     ] GC(7) Old regions: 3->3
[2024-10-16T02:13:23.654+0000][127][info ][gc,heap     ] GC(7) Humongous regions: 0->0
[2024-10-16T02:13:23.654+0000][127][info ][gc,metaspace] GC(7) Metaspace: 37399K(38272K)->37399K(38272K) NonClass: 33036K(33536K)->33036K(33536K) Class: 4363K(4736K)->4363K(4736K)
[2024-10-16T02:13:23.654+0000][127][info ][gc          ] GC(7) Pause Young (Prepare Mixed) (G1 Evacuation Pause) 281M->32M(5476M) 43.393ms
[2024-10-16T02:13:23.654+0000][127][info ][gc,cpu      ] GC(7) User=0.11s Sys=0.00s Real=0.05s
[2024-10-16T02:13:23.657+0000][127][info ][safepoint   ] Safepoint "G1CollectForAllocation", Time since last: 786394540 ns, Reaching safepoint: 13564 ns, Cleanup: 62339 ns, At safepoint: 46092630 ns, Total: 46168533 ns
[2024-10-16T02:13:24.712+0000][127][info ][safepoint   ] Safepoint "Cleanup", Time since last: 1054152655 ns, Reaching safepoint: 855186 ns, Cleanup: 59715 ns, At safepoint: 60104 ns, Total: 975005 ns
[2024-10-16T02:13:25.281+0000][127][info ][gc,start    ] GC(8) Pause Young (Mixed) (G1 Evacuation Pause)
[2024-10-16T02:13:25.281+0000][127][info ][gc,task     ] GC(8) Using 4 workers of 4 for evacuation
[2024-10-16T02:13:25.281+0000][127][debug][gc,age      ] GC(8) Desired survivor size 18874368 bytes, new threshold 5 (max threshold 15)
[2024-10-16T02:13:25.332+0000][127][info ][gc,phases   ] GC(8)   Pre Evacuate Collection Set: 0.67ms
[2024-10-16T02:13:25.332+0000][127][info ][gc,phases   ] GC(8)   Merge Heap Roots: 0.18ms
[2024-10-16T02:13:25.332+0000][127][info ][gc,phases   ] GC(8)   Evacuate Collection Set: 47.19ms
[2024-10-16T02:13:25.332+0000][127][info ][gc,phases   ] GC(8)   Post Evacuate Collection Set: 2.37ms
[2024-10-16T02:13:25.332+0000][127][info ][gc,phases   ] GC(8)   Other: 0.29ms
[2024-10-16T02:13:25.332+0000][127][trace][gc,age      ] GC(8) Age table with threshold 5 (max threshold 15)
[2024-10-16T02:13:25.332+0000][127][trace][gc,age      ] GC(8) - age   1:    3564152 bytes,    3564152 total
[2024-10-16T02:13:25.332+0000][127][trace][gc,age      ] GC(8) - age   2:    5615056 bytes,    9179208 total
[2024-10-16T02:13:25.332+0000][127][trace][gc,age      ] GC(8) - age   3:    2722096 bytes,   11901304 total
[2024-10-16T02:13:25.332+0000][127][trace][gc,age      ] GC(8) - age   4:    2624824 bytes,   14526128 total
[2024-10-16T02:13:25.332+0000][127][trace][gc,age      ] GC(8) - age   5:    3685952 bytes,   18212080 total
[2024-10-16T02:13:25.332+0000][127][info ][gc,heap     ] GC(8) Eden regions: 62->0(81)
[2024-10-16T02:13:25.332+0000][127][info ][gc,heap     ] GC(8) Survivor regions: 6->5(9)
[2024-10-16T02:13:25.332+0000][127][info ][gc,heap     ] GC(8) Old regions: 3->4
[2024-10-16T02:13:25.332+0000][127][info ][gc,heap     ] GC(8) Humongous regions: 0->0
[2024-10-16T02:13:25.332+0000][127][info ][gc,metaspace] GC(8) Metaspace: 38089K(39104K)->38089K(39104K) NonClass: 33627K(34240K)->33627K(34240K) Class: 4462K(4864K)->4462K(4864K)
[2024-10-16T02:13:25.332+0000][127][info ][gc          ] GC(8) Pause Young (Mixed) (G1 Evacuation Pause) 280M->35M(5476M) 50.989ms
[2024-10-16T02:13:25.332+0000][127][info ][gc,cpu      ] GC(8) User=0.15s Sys=0.00s Real=0.05s
[2024-10-16T02:13:25.332+0000][127][info ][safepoint   ] Safepoint "G1CollectForAllocation", Time since last: 568770028 ns, Reaching safepoint: 8554 ns, Cleanup: 32925 ns, At safepoint: 51186936 ns, Total: 51228415 ns
[2024-10-16T02:13:26.336+0000][127][info ][safepoint   ] Safepoint "Cleanup", Time since last: 1003040061 ns, Reaching safepoint: 848075 ns, Cleanup: 53756 ns, At safepoint: 57719 ns, Total: 959550 ns
[2024-10-16T02:13:27.101+0000][127][info ][safepoint   ] Safepoint "ICBufferFull", Time since last: 764463462 ns, Reaching safepoint: 6864 ns, Cleanup: 110063 ns, At safepoint: 47002 ns, Total: 163929 ns
[2024-10-16T02:13:27.686+0000][127][info ][gc,start    ] GC(9) Pause Young (Normal) (G1 Evacuation Pause)
[2024-10-16T02:13:27.687+0000][127][info ][gc,task     ] GC(9) Using 4 workers of 4 for evacuation
[2024-10-16T02:13:27.687+0000][127][debug][gc,age      ] GC(9) Desired survivor size 25165824 bytes, new threshold 15 (max threshold 15)
[2024-10-16T02:13:27.712+0000][127][info ][gc,phases   ] GC(9)   Pre Evacuate Collection Set: 0.72ms
[2024-10-16T02:13:27.712+0000][127][info ][gc,phases   ] GC(9)   Merge Heap Roots: 0.12ms
[2024-10-16T02:13:27.712+0000][127][info ][gc,phases   ] GC(9)   Evacuate Collection Set: 22.39ms
[2024-10-16T02:13:27.712+0000][127][info ][gc,phases   ] GC(9)   Post Evacuate Collection Set: 1.53ms
[2024-10-16T02:13:27.712+0000][127][info ][gc,phases   ] GC(9)   Other: 0.20ms
[2024-10-16T02:13:27.712+0000][127][trace][gc,age      ] GC(9) Age table with threshold 15 (max threshold 15)
[2024-10-16T02:13:27.712+0000][127][trace][gc,age      ] GC(9) - age   1:    5343312 bytes,    5343312 total
[2024-10-16T02:13:27.712+0000][127][trace][gc,age      ] GC(9) - age   2:    3006208 bytes,    8349520 total
[2024-10-16T02:13:27.712+0000][127][trace][gc,age      ] GC(9) - age   3:    5605864 bytes,   13955384 total
[2024-10-16T02:13:27.712+0000][127][trace][gc,age      ] GC(9) - age   4:    2721760 bytes,   16677144 total
[2024-10-16T02:13:27.712+0000][127][trace][gc,age      ] GC(9) - age   5:    2622576 bytes,   19299720 total
[2024-10-16T02:13:27.712+0000][127][trace][gc,age      ] GC(9) - age   6:    3680224 bytes,   22979944 total
[2024-10-16T02:13:27.712+0000][127][info ][gc,heap     ] GC(9) Eden regions: 85->0(814)
[2024-10-16T02:13:27.712+0000][127][info ][gc,heap     ] GC(9) Survivor regions: 5->7(12)
[2024-10-16T02:13:27.712+0000][127][info ][gc,heap     ] GC(9) Old regions: 4->4
[2024-10-16T02:13:27.712+0000][127][info ][gc,heap     ] GC(9) Humongous regions: 0->0
[2024-10-16T02:13:27.712+0000][127][info ][gc,metaspace] GC(9) Metaspace: 42435K(43648K)->42435K(43648K) NonClass: 37313K(38016K)->37313K(38016K) Class: 5121K(5632K)->5121K(5632K)
[2024-10-16T02:13:27.712+0000][127][info ][gc          ] GC(9) Pause Young (Normal) (G1 Evacuation Pause) 375M->40M(5476M) 25.210ms
[2024-10-16T02:13:27.712+0000][127][info ][gc,cpu      ] GC(9) User=0.07s Sys=0.00s Real=0.02s
[2024-10-16T02:13:27.712+0000][127][info ][safepoint   ] Safepoint "G1CollectForAllocation", Time since last: 585487549 ns, Reaching safepoint: 6205 ns, Cleanup: 100364 ns, At safepoint: 25317477 ns, Total: 25424046 ns
[2024-10-16T02:13:28.722+0000][127][info ][safepoint   ] Safepoint "Cleanup", Time since last: 1002812998 ns, Reaching safepoint: 7625522 ns, Cleanup: 29834 ns, At safepoint: 30633 ns, Total: 7685989 ns
[2024-10-16T02:13:29.731+0000][127][info ][safepoint   ] Safepoint "Cleanup", Time since last: 1002499523 ns, Reaching safepoint: 3444026 ns, Cleanup: 133033 ns, At safepoint: 93702 ns, Total: 3670761 ns
[2024-10-16T02:13:30.734+0000][127][info ][safepoint   ] Safepoint "Cleanup", Time since last: 1002496851 ns, Reaching safepoint: 5115 ns, Cleanup: 57958 ns, At safepoint: 27144 ns, Total: 90217 ns
[2024-10-16T02:13:31.740+0000][127][info ][safepoint   ] Safepoint "Cleanup", Time since last: 1002680734 ns, Reaching safepoint: 1492132 ns, Cleanup: 1673720 ns, At safepoint: 31791 ns, Total: 3197643 ns
[2024-10-16T02:13:33.647+0000][127][info ][safepoint   ] Safepoint "Cleanup", Time since last: 1872793346 ns, Reaching safepoint: 34836944 ns, Cleanup: 108679 ns, At safepoint: 29038 ns, Total: 34974661 ns
[2024-10-16T02:13:34.821+0000][127][info ][gc,start    ] GC(10) Pause Young (Concurrent Start) (Metadata GC Threshold)
[2024-10-16T02:13:34.821+0000][127][info ][gc,task     ] GC(10) Using 4 workers of 4 for evacuation
[2024-10-16T02:13:34.821+0000][127][debug][gc,age      ] GC(10) Desired survivor size 216006656 bytes, new threshold 15 (max threshold 15)
[2024-10-16T02:13:34.975+0000][127][info ][gc,phases   ] GC(10)   Pre Evacuate Collection Set: 0.75ms
[2024-10-16T02:13:34.975+0000][127][info ][gc,phases   ] GC(10)   Merge Heap Roots: 0.11ms
[2024-10-16T02:13:34.975+0000][127][info ][gc,phases   ] GC(10)   Evacuate Collection Set: 149.34ms
[2024-10-16T02:13:34.975+0000][127][info ][gc,phases   ] GC(10)   Post Evacuate Collection Set: 3.08ms
[2024-10-16T02:13:34.975+0000][127][info ][gc,phases   ] GC(10)   Other: 0.48ms
[2024-10-16T02:13:34.975+0000][127][trace][gc,age      ] GC(10) Age table with threshold 15 (max threshold 15)
[2024-10-16T02:13:34.975+0000][127][trace][gc,age      ] GC(10) - age   1:    5245640 bytes,    5245640 total
[2024-10-16T02:13:34.975+0000][127][trace][gc,age      ] GC(10) - age   2:    5192192 bytes,   10437832 total
[2024-10-16T02:13:34.975+0000][127][trace][gc,age      ] GC(10) - age   3:    3000128 bytes,   13437960 total
[2024-10-16T02:13:34.975+0000][127][trace][gc,age      ] GC(10) - age   4:    5590504 bytes,   19028464 total
[2024-10-16T02:13:34.975+0000][127][trace][gc,age      ] GC(10) - age   5:    2716976 bytes,   21745440 total
[2024-10-16T02:13:34.975+0000][127][trace][gc,age      ] GC(10) - age   6:    2620376 bytes,   24365816 total
[2024-10-16T02:13:34.975+0000][127][trace][gc,age      ] GC(10) - age   7:    3672328 bytes,   28038144 total
[2024-10-16T02:13:34.975+0000][127][info ][gc,heap     ] GC(10) Eden regions: 70->0(86)
[2024-10-16T02:13:34.975+0000][127][info ][gc,heap     ] GC(10) Survivor regions: 7->8(103)
[2024-10-16T02:13:34.975+0000][127][info ][gc,heap     ] GC(10) Old regions: 4->4
[2024-10-16T02:13:34.975+0000][127][info ][gc,heap     ] GC(10) Humongous regions: 0->0
[2024-10-16T02:13:34.975+0000][127][info ][gc,metaspace] GC(10) Metaspace: 59016K(60480K)->59016K(60480K) NonClass: 51589K(52480K)->51589K(52480K) Class: 7427K(8000K)->7427K(8000K)
[2024-10-16T02:13:34.975+0000][127][info ][gc          ] GC(10) Pause Young (Concurrent Start) (Metadata GC Threshold) 320M->45M(5476M) 154.033ms
[2024-10-16T02:13:34.975+0000][127][info ][gc,cpu      ] GC(10) User=0.34s Sys=0.05s Real=0.15s
[2024-10-16T02:13:34.975+0000][127][info ][gc          ] GC(11) Concurrent Mark Cycle
[2024-10-16T02:13:34.975+0000][127][info ][gc,marking  ] GC(11) Concurrent Scan Root Regions
[2024-10-16T02:13:34.989+0000][127][info ][safepoint   ] Safepoint "CollectForMetadataAllocation", Time since last: 1173495027 ns, Reaching safepoint: 10534 ns, Cleanup: 53836 ns, At safepoint: 167986015 ns, Total: 168050385 ns
[2024-10-16T02:13:35.565+0000][127][info ][gc,marking  ] GC(11) Concurrent Scan Root Regions 589.491ms
[2024-10-16T02:13:35.565+0000][127][info ][gc,marking  ] GC(11) Concurrent Mark
[2024-10-16T02:13:35.565+0000][127][info ][gc,marking  ] GC(11) Concurrent Mark From Roots
[2024-10-16T02:13:35.565+0000][127][info ][gc,task     ] GC(11) Using 1 workers of 1 for marking
[2024-10-16T02:13:36.027+0000][127][info ][safepoint   ] Safepoint "Cleanup", Time since last: 1001770312 ns, Reaching safepoint: 36379076 ns, Cleanup: 32239 ns, At safepoint: 122328 ns, Total: 36533643 ns
[2024-10-16T02:13:36.037+0000][127][info ][gc,marking  ] GC(11) Concurrent Mark From Roots 471.532ms
[2024-10-16T02:13:36.037+0000][127][info ][gc,marking  ] GC(11) Concurrent Preclean
[2024-10-16T02:13:36.037+0000][127][info ][gc,marking  ] GC(11) Concurrent Preclean 0.262ms
[2024-10-16T02:13:36.061+0000][127][info ][gc,start    ] GC(11) Pause Remark
[2024-10-16T02:13:36.186+0000][127][info ][gc          ] GC(11) Pause Remark 48M->48M(5476M) 125.353ms
[2024-10-16T02:13:36.187+0000][127][info ][gc,cpu      ] GC(11) User=0.24s Sys=0.05s Real=0.12s
[2024-10-16T02:13:36.198+0000][127][info ][safepoint   ] Safepoint "G1PauseRemark", Time since last: 32456316 ns, Reaching safepoint: 1419806 ns, Cleanup: 13197 ns, At safepoint: 136955578 ns, Total: 138388581 ns
[2024-10-16T02:13:36.199+0000][127][info ][gc,marking  ] GC(11) Concurrent Mark 633.882ms
[2024-10-16T02:13:36.199+0000][127][info ][gc,marking  ] GC(11) Concurrent Rebuild Remembered Sets and Scrub Regions
[2024-10-16T02:13:36.240+0000][127][info ][gc,marking  ] GC(11) Concurrent Rebuild Remembered Sets and Scrub Regions 40.819ms
[2024-10-16T02:13:36.261+0000][127][info ][gc,start    ] GC(11) Pause Cleanup
[2024-10-16T02:13:36.262+0000][127][info ][gc          ] GC(11) Pause Cleanup 48M->48M(5476M) 0.728ms
[2024-10-16T02:13:36.262+0000][127][info ][gc,cpu      ] GC(11) User=0.00s Sys=0.01s Real=0.00s
[2024-10-16T02:13:36.262+0000][127][info ][safepoint   ] Safepoint "G1PauseCleanup", Time since last: 45257653 ns, Reaching safepoint: 17727222 ns, Cleanup: 37948 ns, At safepoint: 905721 ns, Total: 18670891 ns
[2024-10-16T02:13:36.262+0000][127][info ][gc,marking  ] GC(11) Concurrent Clear Claimed Marks
[2024-10-16T02:13:36.262+0000][127][info ][gc,marking  ] GC(11) Concurrent Clear Claimed Marks 0.163ms
[2024-10-16T02:13:36.262+0000][127][info ][gc,marking  ] GC(11) Concurrent Cleanup for Next Mark
[2024-10-16T02:13:36.336+0000][127][info ][gc,marking  ] GC(11) Concurrent Cleanup for Next Mark 73.279ms
[2024-10-16T02:13:36.364+0000][127][info ][gc          ] GC(11) Concurrent Mark Cycle 1387.620ms
[2024-10-16T02:13:37.265+0000][127][info ][safepoint   ] Safepoint "Cleanup", Time since last: 1002103125 ns, Reaching safepoint: 750503 ns, Cleanup: 17018 ns, At safepoint: 17414 ns, Total: 784935 ns
[2024-10-16T02:13:38.267+0000][127][info ][safepoint   ] Safepoint "Cleanup", Time since last: 1001026929 ns, Reaching safepoint: 1013882 ns, Cleanup: 23403 ns, At safepoint: 48394 ns, Total: 1085679 ns
[2024-10-16T02:13:39.269+0000][127][info ][safepoint   ] Safepoint "Cleanup", Time since last: 1000908912 ns, Reaching safepoint: 1075198 ns, Cleanup: 21217 ns, At safepoint: 55904 ns, Total: 1152319 ns
[2024-10-16T02:13:40.526+0000][127][info ][safepoint   ] Safepoint "Cleanup", Time since last: 1255814084 ns, Reaching safepoint: 1334314 ns, Cleanup: 118951 ns, At safepoint: 66656 ns, Total: 1519921 ns
[2024-10-16T02:13:41.529+0000][127][info ][safepoint   ] Safepoint "Cleanup", Time since last: 1001184680 ns, Reaching safepoint: 1312285 ns, Cleanup: 35885 ns, At safepoint: 21625 ns, Total: 1369795 ns
[2024-10-16T02:13:43.539+0000][127][info ][safepoint   ] Safepoint "Cleanup", Time since last: 2006905048 ns, Reaching safepoint: 2424903 ns, Cleanup: 380718 ns, At safepoint: 74641 ns, Total: 2880262 ns
[2024-10-16T02:13:44.550+0000][127][info ][safepoint   ] Safepoint "Cleanup", Time since last: 1006806738 ns, Reaching safepoint: 3903166 ns, Cleanup: 34921 ns, At safepoint: 71418 ns, Total: 4009505 ns
[2024-10-16T02:13:45.556+0000][127][info ][safepoint   ] Safepoint "Cleanup", Time since last: 1005488872 ns, Reaching safepoint: 821861 ns, Cleanup: 22587 ns, At safepoint: 64626 ns, Total: 909074 ns
[2024-10-16T02:13:46.331+0000][127][info ][gc,start    ] GC(12) Pause Young (Normal) (G1 Evacuation Pause)
[2024-10-16T02:13:46.331+0000][127][info ][gc,task     ] GC(12) Using 4 workers of 4 for evacuation
[2024-10-16T02:13:46.331+0000][127][debug][gc,age      ] GC(12) Desired survivor size 23068672 bytes, new threshold 6 (max threshold 15)
[2024-10-16T02:13:46.389+0000][127][info ][gc,phases   ] GC(12)   Pre Evacuate Collection Set: 1.57ms
[2024-10-16T02:13:46.390+0000][127][info ][gc,phases   ] GC(12)   Merge Heap Roots: 0.44ms
[2024-10-16T02:13:46.390+0000][127][info ][gc,phases   ] GC(12)   Evacuate Collection Set: 52.15ms
[2024-10-16T02:13:46.390+0000][127][info ][gc,phases   ] GC(12)   Post Evacuate Collection Set: 4.27ms
[2024-10-16T02:13:46.390+0000][127][info ][gc,phases   ] GC(12)   Other: 0.20ms
[2024-10-16T02:13:46.390+0000][127][trace][gc,age      ] GC(12) Age table with threshold 6 (max threshold 15)
[2024-10-16T02:13:46.390+0000][127][trace][gc,age      ] GC(12) - age   1:    9053728 bytes,    9053728 total
[2024-10-16T02:13:46.390+0000][127][trace][gc,age      ] GC(12) - age   2:    4925832 bytes,   13979560 total
[2024-10-16T02:13:46.390+0000][127][trace][gc,age      ] GC(12) - age   3:    5160208 bytes,   19139768 total
[2024-10-16T02:13:46.390+0000][127][trace][gc,age      ] GC(12) - age   4:    2953728 bytes,   22093496 total
[2024-10-16T02:13:46.390+0000][127][trace][gc,age      ] GC(12) - age   5:    5574704 bytes,   27668200 total
[2024-10-16T02:13:46.390+0000][127][trace][gc,age      ] GC(12) - age   6:    2709592 bytes,   30377792 total
[2024-10-16T02:13:46.390+0000][127][info ][gc,heap     ] GC(12) Eden regions: 75->0(89)
[2024-10-16T02:13:46.390+0000][127][info ][gc,heap     ] GC(12) Survivor regions: 8->8(11)
[2024-10-16T02:13:46.390+0000][127][info ][gc,heap     ] GC(12) Old regions: 4->6
[2024-10-16T02:13:46.390+0000][127][info ][gc,heap     ] GC(12) Humongous regions: 0->0
[2024-10-16T02:13:46.390+0000][127][info ][gc,metaspace] GC(12) Metaspace: 70464K(72320K)->70464K(72320K) NonClass: 61133K(62272K)->61133K(62272K) Class: 9331K(10048K)->9331K(10048K)
[2024-10-16T02:13:46.390+0000][127][info ][gc          ] GC(12) Pause Young (Normal) (G1 Evacuation Pause) 345M->53M(5476M) 59.000ms
[2024-10-16T02:13:46.390+0000][127][info ][gc,cpu      ] GC(12) User=0.17s Sys=0.00s Real=0.06s
[2024-10-16T02:13:46.395+0000][127][info ][safepoint   ] Safepoint "G1CollectForAllocation", Time since last: 774660302 ns, Reaching safepoint: 9979 ns, Cleanup: 20609 ns, At safepoint: 64775441 ns, Total: 64806029 ns
[2024-10-16T02:13:47.399+0000][127][info ][safepoint   ] Safepoint "Cleanup", Time since last: 1002023637 ns, Reaching safepoint: 1174464 ns, Cleanup: 54511 ns, At safepoint: 30771 ns, Total: 1259746 ns
[2024-10-16T02:13:48.492+0000][127][info ][safepoint   ] Safepoint "Cleanup", Time since last: 1092384498 ns, Reaching safepoint: 869202 ns, Cleanup: 207391 ns, At safepoint: 113108 ns, Total: 1189701 ns
[2024-10-16T02:13:49.511+0000][127][info ][safepoint   ] Safepoint "Cleanup", Time since last: 1012272279 ns, Reaching safepoint: 6513117 ns, Cleanup: 70567 ns, At safepoint: 116032 ns, Total: 6699716 ns
[2024-10-16T02:13:50.520+0000][127][info ][safepoint   ] Safepoint "Cleanup", Time since last: 1003963449 ns, Reaching safepoint: 1059805 ns, Cleanup: 56788 ns, At safepoint: 3251756 ns, Total: 4368349 ns
[2024-10-16T02:13:51.526+0000][127][info ][safepoint   ] Safepoint "Cleanup", Time since last: 1005482186 ns, Reaching safepoint: 997803 ns, Cleanup: 19629 ns, At safepoint: 25001 ns, Total: 1042433 ns
[2024-10-16T02:13:53.413+0000][127][info ][gc,start    ] GC(13) Pause Young (Normal) (G1 Evacuation Pause)
[2024-10-16T02:13:53.413+0000][127][info ][gc,task     ] GC(13) Using 4 workers of 4 for evacuation
[2024-10-16T02:13:53.414+0000][127][debug][gc,age      ] GC(13) Desired survivor size 27262976 bytes, new threshold 5 (max threshold 15)
[2024-10-16T02:13:53.463+0000][127][info ][gc,phases   ] GC(13)   Pre Evacuate Collection Set: 0.99ms
[2024-10-16T02:13:53.463+0000][127][info ][gc,phases   ] GC(13)   Merge Heap Roots: 0.46ms
[2024-10-16T02:13:53.464+0000][127][info ][gc,phases   ] GC(13)   Evacuate Collection Set: 45.78ms
[2024-10-16T02:13:53.464+0000][127][info ][gc,phases   ] GC(13)   Post Evacuate Collection Set: 2.42ms
[2024-10-16T02:13:53.464+0000][127][info ][gc,phases   ] GC(13)   Other: 0.74ms
[2024-10-16T02:13:53.464+0000][127][trace][gc,age      ] GC(13) Age table with threshold 5 (max threshold 15)
[2024-10-16T02:13:53.464+0000][127][trace][gc,age      ] GC(13) - age   1:    3671144 bytes,    3671144 total
[2024-10-16T02:13:53.464+0000][127][trace][gc,age      ] GC(13) - age   2:    7350824 bytes,   11021968 total
[2024-10-16T02:13:53.464+0000][127][trace][gc,age      ] GC(13) - age   3:    4910472 bytes,   15932440 total
[2024-10-16T02:13:53.464+0000][127][trace][gc,age      ] GC(13) - age   4:    5063688 bytes,   20996128 total
[2024-10-16T02:13:53.464+0000][127][trace][gc,age      ] GC(13) - age   5:    2953232 bytes,   23949360 total
[2024-10-16T02:13:53.464+0000][127][info ][gc,heap     ] GC(13) Eden regions: 89->0(814)
[2024-10-16T02:13:53.464+0000][127][info ][gc,heap     ] GC(13) Survivor regions: 8->7(13)
[2024-10-16T02:13:53.464+0000][127][info ][gc,heap     ] GC(13) Old regions: 6->8
[2024-10-16T02:13:53.464+0000][127][info ][gc,heap     ] GC(13) Humongous regions: 0->0
[2024-10-16T02:13:53.464+0000][127][info ][gc,metaspace] GC(13) Metaspace: 75161K(77056K)->75161K(77056K) NonClass: 65066K(66176K)->65066K(66176K) Class: 10095K(10880K)->10095K(10880K)
[2024-10-16T02:13:53.464+0000][127][info ][gc          ] GC(13) Pause Young (Normal) (G1 Evacuation Pause) 409M->56M(5476M) 50.876ms
[2024-10-16T02:13:53.464+0000][127][info ][gc,cpu      ] GC(13) User=0.15s Sys=0.00s Real=0.05s
[2024-10-16T02:13:53.470+0000][127][info ][safepoint   ] Safepoint "G1CollectForAllocation", Time since last: 1886123847 ns, Reaching safepoint: 671103 ns, Cleanup: 5900 ns, At safepoint: 56884521 ns, Total: 57561524 ns
[2024-10-16T02:13:54.638+0000][127][info ][safepoint   ] Safepoint "Cleanup", Time since last: 1167818286 ns, Reaching safepoint: 4882 ns, Cleanup: 94981 ns, At safepoint: 6962 ns, Total: 106825 ns
[2024-10-16T02:13:55.793+0000][127][info ][safepoint   ] Safepoint "Cleanup", Time since last: 1154435672 ns, Reaching safepoint: 765518 ns, Cleanup: 111700 ns, At safepoint: 108451 ns, Total: 985669 ns
[2024-10-16T02:13:56.921+0000][127][info ][safepoint   ] Safepoint "Cleanup", Time since last: 1127911809 ns, Reaching safepoint: 5570 ns, Cleanup: 29177 ns, At safepoint: 3949 ns, Total: 38696 ns
[2024-10-16T02:13:57.980+0000][127][info ][safepoint   ] Safepoint "Cleanup", Time since last: 1011745796 ns, Reaching safepoint: 46762700 ns, Cleanup: 48777 ns, At safepoint: 27318 ns, Total: 46838795 ns
[2024-10-16T02:13:58.981+0000][127][info ][safepoint   ] Safepoint "Cleanup", Time since last: 1000400982 ns, Reaching safepoint: 1020806 ns, Cleanup: 30518 ns, At safepoint: 44943 ns, Total: 1096267 ns
[2024-10-16T02:14:00.723+0000][127][info ][safepoint   ] Safepoint "Cleanup", Time since last: 1741317953 ns, Reaching safepoint: 836286 ns, Cleanup: 97363 ns, At safepoint: 34030 ns, Total: 967679 ns
[2024-10-16T02:14:01.726+0000][127][info ][safepoint   ] Safepoint "Cleanup", Time since last: 1002459116 ns, Reaching safepoint: 8143 ns, Cleanup: 40843 ns, At safepoint: 9664 ns, Total: 58650 ns
[2024-10-16T02:14:02.342+0000][127][info ][gc,start    ] GC(14) Pause Young (Concurrent Start) (Metadata GC Threshold)
[2024-10-16T02:14:02.342+0000][127][info ][gc,task     ] GC(14) Using 4 workers of 4 for evacuation
[2024-10-16T02:14:02.343+0000][127][debug][gc,age      ] GC(14) Desired survivor size 216006656 bytes, new threshold 15 (max threshold 15)
[2024-10-16T02:14:02.416+0000][127][info ][gc,phases   ] GC(14)   Pre Evacuate Collection Set: 1.98ms
[2024-10-16T02:14:02.417+0000][127][info ][gc,phases   ] GC(14)   Merge Heap Roots: 0.44ms
[2024-10-16T02:14:02.417+0000][127][info ][gc,phases   ] GC(14)   Evacuate Collection Set: 67.67ms
[2024-10-16T02:14:02.417+0000][127][info ][gc,phases   ] GC(14)   Post Evacuate Collection Set: 2.94ms
[2024-10-16T02:14:02.417+0000][127][info ][gc,phases   ] GC(14)   Other: 1.10ms
[2024-10-16T02:14:02.417+0000][127][trace][gc,age      ] GC(14) Age table with threshold 15 (max threshold 15)
[2024-10-16T02:14:02.417+0000][127][trace][gc,age      ] GC(14) - age   1:    9599112 bytes,    9599112 total
[2024-10-16T02:14:02.417+0000][127][trace][gc,age      ] GC(14) - age   2:    3524472 bytes,   13123584 total
[2024-10-16T02:14:02.417+0000][127][trace][gc,age      ] GC(14) - age   3:    7296240 bytes,   20419824 total
[2024-10-16T02:14:02.417+0000][127][trace][gc,age      ] GC(14) - age   4:    4771280 bytes,   25191104 total
[2024-10-16T02:14:02.417+0000][127][trace][gc,age      ] GC(14) - age   5:    5044136 bytes,   30235240 total
[2024-10-16T02:14:02.417+0000][127][trace][gc,age      ] GC(14) - age   6:    2945920 bytes,   33181160 total
[2024-10-16T02:14:02.417+0000][127][info ][gc,heap     ] GC(14) Eden regions: 61->0(812)
[2024-10-16T02:14:02.417+0000][127][info ][gc,heap     ] GC(14) Survivor regions: 7->9(103)
[2024-10-16T02:14:02.417+0000][127][info ][gc,heap     ] GC(14) Old regions: 8->8
[2024-10-16T02:14:02.417+0000][127][info ][gc,heap     ] GC(14) Humongous regions: 0->0
[2024-10-16T02:14:02.417+0000][127][info ][gc,metaspace] GC(14) Metaspace: 99283K(101248K)->99283K(101248K) NonClass: 85880K(87040K)->85880K(87040K) Class: 13403K(14208K)->13403K(14208K)
[2024-10-16T02:14:02.417+0000][127][info ][gc          ] GC(14) Pause Young (Concurrent Start) (Metadata GC Threshold) 298M->62M(5476M) 74.390ms
[2024-10-16T02:14:02.417+0000][127][info ][gc,cpu      ] GC(14) User=0.20s Sys=0.00s Real=0.08s
[2024-10-16T02:14:02.417+0000][127][info ][gc          ] GC(15) Concurrent Mark Cycle
[2024-10-16T02:14:02.417+0000][127][info ][gc,marking  ] GC(15) Concurrent Scan Root Regions
[2024-10-16T02:14:02.417+0000][127][info ][safepoint   ] Safepoint "CollectForMetadataAllocation", Time since last: 616434966 ns, Reaching safepoint: 10154 ns, Cleanup: 14596 ns, At safepoint: 74964611 ns, Total: 74989361 ns
[2024-10-16T02:14:02.476+0000][127][info ][gc,marking  ] GC(15) Concurrent Scan Root Regions 59.089ms
[2024-10-16T02:14:02.476+0000][127][info ][gc,marking  ] GC(15) Concurrent Mark
[2024-10-16T02:14:02.476+0000][127][info ][gc,marking  ] GC(15) Concurrent Mark From Roots
[2024-10-16T02:14:02.476+0000][127][info ][gc,task     ] GC(15) Using 1 workers of 1 for marking
[2024-10-16T02:14:02.525+0000][127][info ][safepoint   ] Safepoint "CollectForMetadataAllocation", Time since last: 107153373 ns, Reaching safepoint: 719105 ns, Cleanup: 19230 ns, At safepoint: 192898 ns, Total: 931233 ns
[2024-10-16T02:14:02.716+0000][127][info ][gc,marking  ] GC(15) Concurrent Mark From Roots 240.317ms
[2024-10-16T02:14:02.716+0000][127][info ][gc,marking  ] GC(15) Concurrent Preclean
[2024-10-16T02:14:02.717+0000][127][info ][gc,marking  ] GC(15) Concurrent Preclean 0.341ms
[2024-10-16T02:14:02.718+0000][127][info ][gc,start    ] GC(15) Pause Remark
[2024-10-16T02:14:02.734+0000][127][info ][gc          ] GC(15) Pause Remark 70M->70M(5476M) 16.761ms
[2024-10-16T02:14:02.735+0000][127][info ][gc,cpu      ] GC(15) User=0.04s Sys=0.00s Real=0.01s
[2024-10-16T02:14:02.735+0000][127][info ][safepoint   ] Safepoint "G1PauseRemark", Time since last: 191653223 ns, Reaching safepoint: 702925 ns, Cleanup: 12913 ns, At safepoint: 16980797 ns, Total: 17696635 ns
[2024-10-16T02:14:02.735+0000][127][info ][gc,marking  ] GC(15) Concurrent Mark 258.838ms
[2024-10-16T02:14:02.735+0000][127][info ][gc,marking  ] GC(15) Concurrent Rebuild Remembered Sets and Scrub Regions
[2024-10-16T02:14:02.773+0000][127][info ][gc,marking  ] GC(15) Concurrent Rebuild Remembered Sets and Scrub Regions 38.073ms
[2024-10-16T02:14:02.773+0000][127][info ][gc,start    ] GC(15) Pause Cleanup
[2024-10-16T02:14:02.774+0000][127][info ][gc          ] GC(15) Pause Cleanup 70M->70M(5476M) 0.630ms
[2024-10-16T02:14:02.774+0000][127][info ][gc,cpu      ] GC(15) User=0.00s Sys=0.00s Real=0.00s
[2024-10-16T02:14:02.774+0000][127][info ][safepoint   ] Safepoint "G1PauseCleanup", Time since last: 38344879 ns, Reaching safepoint: 10924 ns, Cleanup: 18463 ns, At safepoint: 747446 ns, Total: 776833 ns
[2024-10-16T02:14:02.774+0000][127][info ][gc,marking  ] GC(15) Concurrent Clear Claimed Marks
[2024-10-16T02:14:02.774+0000][127][info ][gc,marking  ] GC(15) Concurrent Clear Claimed Marks 0.152ms
[2024-10-16T02:14:02.774+0000][127][info ][gc,marking  ] GC(15) Concurrent Cleanup for Next Mark
[2024-10-16T02:14:02.795+0000][127][info ][gc,marking  ] GC(15) Concurrent Cleanup for Next Mark 20.615ms
[2024-10-16T02:14:02.795+0000][127][info ][gc          ] GC(15) Concurrent Mark Cycle 377.898ms
[2024-10-16T02:14:04.293+0000][127][info ][safepoint   ] Safepoint "Cleanup", Time since last: 1518710497 ns, Reaching safepoint: 6287 ns, Cleanup: 56228 ns, At safepoint: 7002 ns, Total: 69517 ns
[2024-10-16T02:14:05.295+0000][127][info ][safepoint   ] Safepoint "Cleanup", Time since last: 1001400772 ns, Reaching safepoint: 873076 ns, Cleanup: 70598 ns, At safepoint: 76557 ns, Total: 1020231 ns
[2024-10-16T02:14:06.556+0000][127][info ][safepoint   ] Safepoint "Cleanup", Time since last: 1259898727 ns, Reaching safepoint: 808385 ns, Cleanup: 59136 ns, At safepoint: 23217 ns, Total: 890738 ns
[2024-10-16T02:14:07.904+0000][127][info ][safepoint   ] Safepoint "Cleanup", Time since last: 1345656772 ns, Reaching safepoint: 2402407 ns, Cleanup: 58265 ns, At safepoint: 65589 ns, Total: 2526261 ns
[2024-10-16T02:14:08.944+0000][127][info ][safepoint   ] Safepoint "Cleanup", Time since last: 1038476476 ns, Reaching safepoint: 1245733 ns, Cleanup: 63026 ns, At safepoint: 316759 ns, Total: 1625518 ns
[2024-10-16T02:14:10.723+0000][127][info ][safepoint   ] Safepoint "Cleanup", Time since last: 1778735993 ns, Reaching safepoint: 12518 ns, Cleanup: 140911 ns, At safepoint: 92271 ns, Total: 245700 ns
[2024-10-16T02:14:11.190+0000][127][info ][safepoint   ] Safepoint "ICBufferFull", Time since last: 466391643 ns, Reaching safepoint: 14792 ns, Cleanup: 390497 ns, At safepoint: 65343 ns, Total: 470632 ns
[2024-10-16T02:14:12.038+0000][127][info ][safepoint   ] Safepoint "ICBufferFull", Time since last: 847422764 ns, Reaching safepoint: 9739 ns, Cleanup: 496560 ns, At safepoint: 30719 ns, Total: 537018 ns
[2024-10-16T02:14:13.251+0000][127][info ][safepoint   ] Safepoint "Cleanup", Time since last: 1198992815 ns, Reaching safepoint: 14330380 ns, Cleanup: 112073 ns, At safepoint: 77634 ns, Total: 14520087 ns
[2024-10-16T02:14:15.169+0000][127][info ][safepoint   ] Safepoint "Cleanup", Time since last: 1883251438 ns, Reaching safepoint: 34713275 ns, Cleanup: 103964 ns, At safepoint: 31780 ns, Total: 34849019 ns
[2024-10-16T02:14:16.184+0000][127][info ][safepoint   ] Safepoint "Cleanup", Time since last: 1000816165 ns, Reaching safepoint: 13893336 ns, Cleanup: 19359 ns, At safepoint: 27485 ns, Total: 13940180 ns
[2024-10-16T02:14:17.352+0000][127][info ][safepoint   ] Safepoint "ICBufferFull", Time since last: 1168011360 ns, Reaching safepoint: 16677 ns, Cleanup: 156456 ns, At safepoint: 82164 ns, Total: 255297 ns
[2024-10-16T02:14:18.370+0000][127][info ][safepoint   ] Safepoint "Cleanup", Time since last: 1009130775 ns, Reaching safepoint: 3213133 ns, Cleanup: 150442 ns, At safepoint: 4591641 ns, Total: 7955216 ns
[2024-10-16T02:14:19.707+0000][127][info ][safepoint   ] Safepoint "Cleanup", Time since last: 1336106374 ns, Reaching safepoint: 1097400 ns, Cleanup: 139760 ns, At safepoint: 38348 ns, Total: 1275508 ns
[2024-10-16T02:14:20.857+0000][127][info ][safepoint   ] Safepoint "Cleanup", Time since last: 1149723906 ns, Reaching safepoint: 12297 ns, Cleanup: 33370 ns, At safepoint: 84051 ns, Total: 129718 ns
[2024-10-16T02:14:21.901+0000][127][info ][safepoint   ] Safepoint "Cleanup", Time since last: 1027994823 ns, Reaching safepoint: 2242799 ns, Cleanup: 106282 ns, At safepoint: 13643271 ns, Total: 15992352 ns
[2024-10-16T02:14:22.918+0000][127][info ][safepoint   ] Safepoint "Cleanup", Time since last: 1004012213 ns, Reaching safepoint: 2001361 ns, Cleanup: 165850 ns, At safepoint: 11358018 ns, Total: 13525229 ns
[2024-10-16T02:14:24.408+0000][127][info ][safepoint   ] Safepoint "Cleanup", Time since last: 1485459755 ns, Reaching safepoint: 2893939 ns, Cleanup: 155123 ns, At safepoint: 1631210 ns, Total: 4680272 ns
[2024-10-16T02:14:25.446+0000][127][info ][safepoint   ] Safepoint "Cleanup", Time since last: 1011795578 ns, Reaching safepoint: 12078998 ns, Cleanup: 34834 ns, At safepoint: 13500565 ns, Total: 25614397 ns
[2024-10-16T02:14:26.519+0000][127][info ][safepoint   ] Safepoint "Cleanup", Time since last: 1068908442 ns, Reaching safepoint: 4009289 ns, Cleanup: 57301 ns, At safepoint: 100031 ns, Total: 4166621 ns
[2024-10-16T02:14:27.865+0000][127][info ][safepoint   ] Safepoint "Cleanup", Time since last: 1345634876 ns, Reaching safepoint: 109631 ns, Cleanup: 127143 ns, At safepoint: 25938 ns, Total: 262712 ns
[2024-10-16T02:14:28.326+0000][127][info ][safepoint   ] Safepoint "ICBufferFull", Time since last: 460163886 ns, Reaching safepoint: 665011 ns, Cleanup: 91143 ns, At safepoint: 60419 ns, Total: 816573 ns
[2024-10-16T02:14:28.706+0000][127][info ][safepoint   ] Safepoint "ICBufferFull", Time since last: 379210695 ns, Reaching safepoint: 622192 ns, Cleanup: 145732 ns, At safepoint: 144543 ns, Total: 912467 ns
[2024-10-16T02:14:29.611+0000][127][info ][safepoint   ] Safepoint "ICBufferFull", Time since last: 910237424 ns, Reaching safepoint: 25269 ns, Cleanup: 187681 ns, At safepoint: 12904 ns, Total: 225854 ns
[2024-10-16T02:14:30.629+0000][127][info ][safepoint   ] Safepoint "Cleanup", Time since last: 1010807009 ns, Reaching safepoint: 2157206 ns, Cleanup: 1079272 ns, At safepoint: 3713428 ns, Total: 6949906 ns
[2024-10-16T02:14:32.208+0000][127][info ][safepoint   ] Safepoint "Cleanup", Time since last: 1579566632 ns, Reaching safepoint: 26107 ns, Cleanup: 111239 ns, At safepoint: 10619 ns, Total: 147965 ns
[2024-10-16T02:14:33.217+0000][127][info ][safepoint   ] Safepoint "ICBufferFull", Time since last: 1007032112 ns, Reaching safepoint: 989260 ns, Cleanup: 160377 ns, At safepoint: 37459 ns, Total: 1187096 ns
[2024-10-16T02:14:33.737+0000][127][info ][safepoint   ] Safepoint "ICBufferFull", Time since last: 519906255 ns, Reaching safepoint: 28544 ns, Cleanup: 112488 ns, At safepoint: 64881 ns, Total: 205913 ns
[2024-10-16T02:14:35.171+0000][127][info ][safepoint   ] Safepoint "Cleanup", Time since last: 1433679484 ns, Reaching safepoint: 26828 ns, Cleanup: 118909 ns, At safepoint: 29494 ns, Total: 175231 ns
[2024-10-16T02:14:36.756+0000][127][info ][safepoint   ] Safepoint "ICBufferFull", Time since last: 1584088092 ns, Reaching safepoint: 1193290 ns, Cleanup: 137832 ns, At safepoint: 85977 ns, Total: 1417099 ns
[2024-10-16T02:14:36.762+0000][127][info ][safepoint   ] Safepoint "ICBufferFull", Time since last: 5164418 ns, Reaching safepoint: 1089445 ns, Cleanup: 12346 ns, At safepoint: 139321 ns, Total: 1241112 ns
[2024-10-16T02:14:36.779+0000][127][info ][safepoint   ] Safepoint "ICBufferFull", Time since last: 6432122 ns, Reaching safepoint: 1310944 ns, Cleanup: 20251 ns, At safepoint: 9201620 ns, Total: 10532815 ns
[2024-10-16T02:14:36.806+0000][127][info ][safepoint   ] Safepoint "ICBufferFull", Time since last: 516227 ns, Reaching safepoint: 1374406 ns, Cleanup: 23159 ns, At safepoint: 24699976 ns, Total: 26097541 ns
[2024-10-16T02:14:36.842+0000][127][info ][safepoint   ] Safepoint "ICBufferFull", Time since last: 934091 ns, Reaching safepoint: 1349228 ns, Cleanup: 21879 ns, At safepoint: 33759282 ns, Total: 35130389 ns
[2024-10-16T02:14:37.709+0000][127][info ][safepoint   ] Safepoint "ICBufferFull", Time since last: 851201295 ns, Reaching safepoint: 7896321 ns, Cleanup: 149621 ns, At safepoint: 7340158 ns, Total: 15386100 ns
[2024-10-16T02:14:37.729+0000][127][info ][safepoint   ] Safepoint "ICBufferFull", Time since last: 4708017 ns, Reaching safepoint: 186339 ns, Cleanup: 19657 ns, At safepoint: 15752420 ns, Total: 15958416 ns
[2024-10-16T02:14:38.432+0000][127][info ][safepoint   ] Safepoint "ICBufferFull", Time since last: 695952831 ns, Reaching safepoint: 3994182 ns, Cleanup: 187272 ns, At safepoint: 2568212 ns, Total: 6749666 ns
[2024-10-16T02:14:39.467+0000][127][info ][safepoint   ] Safepoint "ICBufferFull", Time since last: 1029257434 ns, Reaching safepoint: 3847760 ns, Cleanup: 448365 ns, At safepoint: 1572000 ns, Total: 5868125 ns
[2024-10-16T02:14:40.336+0000][127][info ][safepoint   ] Safepoint "ICBufferFull", Time since last: 861269560 ns, Reaching safepoint: 657960 ns, Cleanup: 206433 ns, At safepoint: 6976974 ns, Total: 7841367 ns
[2024-10-16T02:14:40.343+0000][127][info ][safepoint   ] Safepoint "ICBufferFull", Time since last: 287389 ns, Reaching safepoint: 612388 ns, Cleanup: 90838 ns, At safepoint: 5222408 ns, Total: 5925634 ns
[2024-10-16T02:14:40.358+0000][127][info ][safepoint   ] Safepoint "ICBufferFull", Time since last: 10921481 ns, Reaching safepoint: 3967832 ns, Cleanup: 19684 ns, At safepoint: 134469 ns, Total: 4121985 ns
[2024-10-16T02:14:40.358+0000][127][info ][safepoint   ] Safepoint "ICBufferFull", Time since last: 156323 ns, Reaching safepoint: 532586 ns, Cleanup: 8602 ns, At safepoint: 120651 ns, Total: 661839 ns
[2024-10-16T02:14:41.376+0000][127][info ][safepoint   ] Safepoint "Cleanup", Time since last: 1008878404 ns, Reaching safepoint: 784855 ns, Cleanup: 145822 ns, At safepoint: 8105559 ns, Total: 9036236 ns
[2024-10-16T02:14:42.177+0000][127][info ][safepoint   ] Safepoint "ICBufferFull", Time since last: 798870163 ns, Reaching safepoint: 1241186 ns, Cleanup: 150888 ns, At safepoint: 77183 ns, Total: 1469257 ns
[2024-10-16T02:14:43.030+0000][127][info ][safepoint   ] Safepoint "ICBufferFull", Time since last: 848958074 ns, Reaching safepoint: 4609503 ns, Cleanup: 130888 ns, At safepoint: 88632 ns, Total: 4829023 ns
[2024-10-16T02:14:44.114+0000][127][info ][safepoint   ] Safepoint "ICBufferFull", Time since last: 1082473234 ns, Reaching safepoint: 400904 ns, Cleanup: 152023 ns, At safepoint: 861496 ns, Total: 1414423 ns
[2024-10-16T02:14:44.819+0000][127][info ][safepoint   ] Safepoint "ICBufferFull", Time since last: 704287649 ns, Reaching safepoint: 642226 ns, Cleanup: 131334 ns, At safepoint: 100352 ns, Total: 873912 ns
[2024-10-16T02:14:45.143+0000][127][info ][safepoint   ] Safepoint "ICBufferFull", Time since last: 322957430 ns, Reaching safepoint: 28601 ns, Cleanup: 136912 ns, At safepoint: 41319 ns, Total: 206832 ns
[2024-10-16T02:14:45.859+0000][127][info ][safepoint   ] Safepoint "ICBufferFull", Time since last: 716585318 ns, Reaching safepoint: 26305 ns, Cleanup: 144612 ns, At safepoint: 66361 ns, Total: 237278 ns
[2024-10-16T02:14:46.209+0000][127][info ][safepoint   ] Safepoint "ICBufferFull", Time since last: 347595995 ns, Reaching safepoint: 1207724 ns, Cleanup: 107841 ns, At safepoint: 185255 ns, Total: 1500820 ns
[2024-10-16T02:14:46.717+0000][127][info ][safepoint   ] Safepoint "ICBufferFull", Time since last: 506650143 ns, Reaching safepoint: 1008802 ns, Cleanup: 133003 ns, At safepoint: 241581 ns, Total: 1383386 ns
[2024-10-16T02:14:47.974+0000][127][info ][safepoint   ] Safepoint "Cleanup", Time since last: 1257682351 ns, Reaching safepoint: 12196 ns, Cleanup: 148078 ns, At safepoint: 87523 ns, Total: 247797 ns
[2024-10-16T02:14:48.415+0000][127][info ][safepoint   ] Safepoint "ICBufferFull", Time since last: 439478849 ns, Reaching safepoint: 406150 ns, Cleanup: 102425 ns, At safepoint: 115336 ns, Total: 623911 ns
[2024-10-16T02:14:48.430+0000][127][info ][safepoint   ] Safepoint "ICBufferFull", Time since last: 5638582 ns, Reaching safepoint: 4086735 ns, Cleanup: 19951 ns, At safepoint: 5162527 ns, Total: 9269213 ns
[2024-10-16T02:14:49.135+0000][127][info ][safepoint   ] Safepoint "ICBufferFull", Time since last: 705284019 ns, Reaching safepoint: 32447 ns, Cleanup: 159307 ns, At safepoint: 17257 ns, Total: 209011 ns
[2024-10-16T02:14:49.607+0000][127][info ][safepoint   ] Safepoint "ICBufferFull", Time since last: 472055866 ns, Reaching safepoint: 19163 ns, Cleanup: 153200 ns, At safepoint: 11993 ns, Total: 184356 ns
[2024-10-16T02:14:50.937+0000][127][info ][gc,start    ] GC(16) Pause Young (Concurrent Start) (CodeCache GC Threshold)
[2024-10-16T02:14:50.937+0000][127][info ][gc,task     ] GC(16) Using 4 workers of 4 for evacuation
[2024-10-16T02:14:50.937+0000][127][debug][gc,age      ] GC(16) Desired survivor size 216006656 bytes, new threshold 15 (max threshold 15)
[2024-10-16T02:14:51.364+0000][127][info ][gc,mmu      ] GC(16) MMU target violated: 201.0ms (200.0ms/201.0ms)
[2024-10-16T02:14:51.364+0000][127][info ][gc,phases   ] GC(16)   Pre Evacuate Collection Set: 1.29ms
[2024-10-16T02:14:51.364+0000][127][info ][gc,phases   ] GC(16)   Merge Heap Roots: 0.64ms
[2024-10-16T02:14:51.364+0000][127][info ][gc,phases   ] GC(16)   Evacuate Collection Set: 407.45ms
[2024-10-16T02:14:51.364+0000][127][info ][gc,phases   ] GC(16)   Post Evacuate Collection Set: 17.00ms
[2024-10-16T02:14:51.364+0000][127][info ][gc,phases   ] GC(16)   Other: 0.77ms
[2024-10-16T02:14:51.364+0000][127][trace][gc,age      ] GC(16) Age table with threshold 15 (max threshold 15)
[2024-10-16T02:14:51.364+0000][127][trace][gc,age      ] GC(16) - age   1:   85080016 bytes,   85080016 total
[2024-10-16T02:14:51.364+0000][127][trace][gc,age      ] GC(16) - age   2:    9163688 bytes,   94243704 total
[2024-10-16T02:14:51.364+0000][127][trace][gc,age      ] GC(16) - age   3:    3492808 bytes,   97736512 total
[2024-10-16T02:14:51.364+0000][127][trace][gc,age      ] GC(16) - age   4:    7049384 bytes,  104785896 total
[2024-10-16T02:14:51.364+0000][127][trace][gc,age      ] GC(16) - age   5:    4731560 bytes,  109517456 total
[2024-10-16T02:14:51.364+0000][127][trace][gc,age      ] GC(16) - age   6:    5024400 bytes,  114541856 total
[2024-10-16T02:14:51.364+0000][127][trace][gc,age      ] GC(16) - age   7:    2938864 bytes,  117480720 total
[2024-10-16T02:14:51.364+0000][127][info ][gc,heap     ] GC(16) Eden regions: 442->0(184)
[2024-10-16T02:14:51.364+0000][127][info ][gc,heap     ] GC(16) Survivor regions: 9->29(103)
[2024-10-16T02:14:51.364+0000][127][info ][gc,heap     ] GC(16) Old regions: 8->8
[2024-10-16T02:14:51.364+0000][127][info ][gc,heap     ] GC(16) Humongous regions: 2->2
[2024-10-16T02:14:51.364+0000][127][info ][gc,metaspace] GC(16) Metaspace: 152332K(156736K)->152332K(156736K) NonClass: 130869K(133248K)->130869K(133248K) Class: 21462K(23488K)->21462K(23488K)
[2024-10-16T02:14:51.364+0000][127][info ][gc          ] GC(16) Pause Young (Concurrent Start) (CodeCache GC Threshold) 1836M->153M(5476M) 427.509ms
[2024-10-16T02:14:51.364+0000][127][info ][gc,cpu      ] GC(16) User=1.61s Sys=0.00s Real=0.43s
[2024-10-16T02:14:51.364+0000][127][info ][gc          ] GC(17) Concurrent Mark Cycle
[2024-10-16T02:14:51.365+0000][127][info ][gc,marking  ] GC(17) Concurrent Scan Root Regions
[2024-10-16T02:14:51.365+0000][127][info ][safepoint   ] Safepoint "G1TryInitiateConcMark", Time since last: 1329122560 ns, Reaching safepoint: 62244 ns, Cleanup: 166577 ns, At safepoint: 428384794 ns, Total: 428613615 ns
[2024-10-16T02:14:51.640+0000][127][info ][gc,marking  ] GC(17) Concurrent Scan Root Regions 274.996ms
[2024-10-16T02:14:51.640+0000][127][info ][gc,marking  ] GC(17) Concurrent Mark
[2024-10-16T02:14:51.640+0000][127][info ][gc,marking  ] GC(17) Concurrent Mark From Roots
[2024-10-16T02:14:51.640+0000][127][info ][gc,task     ] GC(17) Using 1 workers of 1 for marking
[2024-10-16T02:14:51.716+0000][127][info ][gc,marking  ] GC(17) Concurrent Mark From Roots 76.440ms
[2024-10-16T02:14:51.716+0000][127][info ][gc,marking  ] GC(17) Concurrent Preclean
[2024-10-16T02:14:51.716+0000][127][info ][gc,marking  ] GC(17) Concurrent Preclean 0.212ms
[2024-10-16T02:14:51.717+0000][127][info ][gc,start    ] GC(17) Pause Remark
[2024-10-16T02:14:51.757+0000][127][info ][gc          ] GC(17) Pause Remark 180M->180M(5476M) 39.781ms
[2024-10-16T02:14:51.757+0000][127][info ][gc,cpu      ] GC(17) User=0.11s Sys=0.02s Real=0.04s
[2024-10-16T02:14:51.757+0000][127][info ][safepoint   ] Safepoint "G1PauseRemark", Time since last: 351594096 ns, Reaching safepoint: 47180 ns, Cleanup: 109318 ns, At safepoint: 40042273 ns, Total: 40198771 ns
[2024-10-16T02:14:51.757+0000][127][info ][gc,marking  ] GC(17) Concurrent Mark 117.245ms
[2024-10-16T02:14:51.757+0000][127][info ][gc,marking  ] GC(17) Concurrent Rebuild Remembered Sets and Scrub Regions
[2024-10-16T02:14:51.795+0000][127][info ][gc,marking  ] GC(17) Concurrent Rebuild Remembered Sets and Scrub Regions 38.082ms
[2024-10-16T02:14:51.795+0000][127][info ][gc,start    ] GC(17) Pause Cleanup
[2024-10-16T02:14:51.796+0000][127][info ][gc          ] GC(17) Pause Cleanup 182M->182M(5476M) 0.547ms
[2024-10-16T02:14:51.796+0000][127][info ][gc,cpu      ] GC(17) User=0.01s Sys=0.01s Real=0.00s
[2024-10-16T02:14:51.796+0000][127][info ][safepoint   ] Safepoint "G1PauseCleanup", Time since last: 38317512 ns, Reaching safepoint: 25309 ns, Cleanup: 20689 ns, At safepoint: 650564 ns, Total: 696562 ns
[2024-10-16T02:14:51.796+0000][127][info ][gc,marking  ] GC(17) Concurrent Clear Claimed Marks
[2024-10-16T02:14:51.796+0000][127][info ][gc,marking  ] GC(17) Concurrent Clear Claimed Marks 0.541ms
[2024-10-16T02:14:51.796+0000][127][info ][gc,marking  ] GC(17) Concurrent Cleanup for Next Mark
[2024-10-16T02:14:51.819+0000][127][info ][gc,marking  ] GC(17) Concurrent Cleanup for Next Mark 22.064ms
[2024-10-16T02:14:51.819+0000][127][info ][gc          ] GC(17) Concurrent Mark Cycle 454.105ms
[2024-10-16T02:14:53.517+0000][127][info ][safepoint   ] Safepoint "Cleanup", Time since last: 1719826579 ns, Reaching safepoint: 749985 ns, Cleanup: 500787 ns, At safepoint: 54695 ns, Total: 1305467 ns
[2024-10-16T02:14:54.519+0000][127][info ][safepoint   ] Safepoint "Cleanup", Time since last: 1001485891 ns, Reaching safepoint: 53605 ns, Cleanup: 37172 ns, At safepoint: 10944 ns, Total: 101721 ns
[2024-10-16T02:14:55.519+0000][127][info ][safepoint   ] Safepoint "Cleanup", Time since last: 1000658433 ns, Reaching safepoint: 21844 ns, Cleanup: 12971 ns, At safepoint: 9554 ns, Total: 44369 ns
[2024-10-16T02:14:56.521+0000][127][info ][safepoint   ] Safepoint "Cleanup", Time since last: 1001178255 ns, Reaching safepoint: 730927 ns, Cleanup: 43400 ns, At safepoint: 69632 ns, Total: 843959 ns
[2024-10-16T02:14:57.522+0000][127][info ][safepoint   ] Safepoint "Cleanup", Time since last: 1000962408 ns, Reaching safepoint: 35960 ns, Cleanup: 27199 ns, At safepoint: 17622 ns, Total: 80781 ns
[2024-10-16T02:14:58.523+0000][127][info ][safepoint   ] Safepoint "Cleanup", Time since last: 1001094174 ns, Reaching safepoint: 36353 ns, Cleanup: 19435 ns, At safepoint: 13135 ns, Total: 68923 ns
[2024-10-16T02:14:59.542+0000][127][info ][safepoint   ] Safepoint "Cleanup", Time since last: 1012196040 ns, Reaching safepoint: 146779 ns, Cleanup: 65777 ns, At safepoint: 119819 ns, Total: 332375 ns
[2024-10-16T02:15:00.550+0000][127][info ][safepoint   ] Safepoint "Cleanup", Time since last: 1001373698 ns, Reaching safepoint: 5767918 ns, Cleanup: 130096 ns, At safepoint: 114376 ns, Total: 6012390 ns
[2024-10-16T02:15:01.789+0000][127][info ][safepoint   ] Safepoint "Cleanup", Time since last: 1142385094 ns, Reaching safepoint: 95682096 ns, Cleanup: 78100 ns, At safepoint: 1616250 ns, Total: 97376446 ns
[2024-10-16T02:15:02.792+0000][127][info ][safepoint   ] Safepoint "Cleanup", Time since last: 1002593947 ns, Reaching safepoint: 119983 ns, Cleanup: 130663 ns, At safepoint: 83297 ns, Total: 333943 ns
[2024-10-16T02:15:03.809+0000][127][info ][safepoint   ] Safepoint "Cleanup", Time since last: 1011420626 ns, Reaching safepoint: 4982956 ns, Cleanup: 282035 ns, At safepoint: 111092 ns, Total: 5376083 ns
[2024-10-16T02:15:04.974+0000][127][info ][safepoint   ] Safepoint "Cleanup", Time since last: 1164724830 ns, Reaching safepoint: 24424 ns, Cleanup: 68461 ns, At safepoint: 53039 ns, Total: 145924 ns
[2024-10-16T02:15:06.025+0000][127][info ][safepoint   ] Safepoint "Cleanup", Time since last: 1043450698 ns, Reaching safepoint: 7712565 ns, Cleanup: 118010 ns, At safepoint: 82879 ns, Total: 7913454 ns
[2024-10-16T02:15:07.266+0000][127][info ][safepoint   ] Safepoint "Cleanup", Time since last: 1240982636 ns, Reaching safepoint: 35027 ns, Cleanup: 71132 ns, At safepoint: 63512 ns, Total: 169671 ns
[2024-10-16T02:15:08.334+0000][127][info ][safepoint   ] Safepoint "Cleanup", Time since last: 1042369104 ns, Reaching safepoint: 24966053 ns, Cleanup: 52750 ns, At safepoint: 515252 ns, Total: 25534055 ns
[2024-10-16T02:15:09.479+0000][127][info ][safepoint   ] Safepoint "Cleanup", Time since last: 1144189032 ns, Reaching safepoint: 35310 ns, Cleanup: 69575 ns, At safepoint: 29516 ns, Total: 134401 ns
[2024-10-16T02:15:12.485+0000][127][info ][safepoint   ] Safepoint "Cleanup", Time since last: 3006295337 ns, Reaching safepoint: 390158 ns, Cleanup: 64779 ns, At safepoint: 32603 ns, Total: 487540 ns
[2024-10-16T02:15:14.499+0000][127][info ][safepoint   ] Safepoint "Cleanup", Time since last: 2013603608 ns, Reaching safepoint: 36081 ns, Cleanup: 22160 ns, At safepoint: 18598 ns, Total: 76839 ns
[2024-10-16T02:15:15.550+0000][127][info ][safepoint   ] Safepoint "Cleanup", Time since last: 1050780320 ns, Reaching safepoint: 41828 ns, Cleanup: 42075 ns, At safepoint: 149084 ns, Total: 232987 ns
[2024-10-16T02:15:16.559+0000][127][info ][safepoint   ] Safepoint "Cleanup", Time since last: 1003363619 ns, Reaching safepoint: 5228327 ns, Cleanup: 31367 ns, At safepoint: 91061 ns, Total: 5350755 ns
[2024-10-16T02:15:18.284+0000][127][info ][safepoint   ] Safepoint "Cleanup", Time since last: 1724522848 ns, Reaching safepoint: 33808 ns, Cleanup: 115532 ns, At safepoint: 29981 ns, Total: 179321 ns
[2024-10-16T02:15:19.285+0000][127][info ][safepoint   ] Safepoint "Cleanup", Time since last: 1000995387 ns, Reaching safepoint: 33201 ns, Cleanup: 50610 ns, At safepoint: 16449 ns, Total: 100260 ns
[2024-10-16T02:15:20.285+0000][127][info ][safepoint   ] Safepoint "Cleanup", Time since last: 1000314040 ns, Reaching safepoint: 46099 ns, Cleanup: 68952 ns, At safepoint: 17757 ns, Total: 132808 ns
[2024-10-16T02:15:21.287+0000][127][info ][safepoint   ] Safepoint "Cleanup", Time since last: 1001798613 ns, Reaching safepoint: 24848 ns, Cleanup: 34527 ns, At safepoint: 11298 ns, Total: 70673 ns
[2024-10-16T02:15:22.289+0000][127][info ][safepoint   ] Safepoint "Cleanup", Time since last: 1001701989 ns, Reaching safepoint: 37201 ns, Cleanup: 58834 ns, At safepoint: 16356 ns, Total: 112391 ns
[2024-10-16T02:15:23.386+0000][127][info ][safepoint   ] Safepoint "Cleanup", Time since last: 1096933838 ns, Reaching safepoint: 25464 ns, Cleanup: 16214 ns, At safepoint: 11381 ns, Total: 53059 ns
[2024-10-16T02:15:24.387+0000][127][info ][safepoint   ] Safepoint "Cleanup", Time since last: 1000780416 ns, Reaching safepoint: 48446 ns, Cleanup: 35408 ns, At safepoint: 9630 ns, Total: 93484 ns
[2024-10-16T02:15:26.389+0000][127][info ][safepoint   ] Safepoint "Cleanup", Time since last: 2001770119 ns, Reaching safepoint: 22394 ns, Cleanup: 11053 ns, At safepoint: 9796 ns, Total: 43243 ns
[2024-10-16T02:15:27.390+0000][127][info ][safepoint   ] Safepoint "Cleanup", Time since last: 1001023257 ns, Reaching safepoint: 29067 ns, Cleanup: 36825 ns, At safepoint: 9917 ns, Total: 75809 ns
[2024-10-16T02:15:29.210+0000][127][info ][safepoint   ] Safepoint "Cleanup", Time since last: 1819935102 ns, Reaching safepoint: 7007 ns, Cleanup: 13815 ns, At safepoint: 4961 ns, Total: 25783 ns
[2024-10-16T02:15:30.223+0000][127][info ][safepoint   ] Safepoint "Cleanup", Time since last: 1010980268 ns, Reaching safepoint: 30523 ns, Cleanup: 40438 ns, At safepoint: 12119 ns, Total: 83080 ns
[2024-10-16T02:15:31.224+0000][127][info ][safepoint   ] Safepoint "Cleanup", Time since last: 1000776042 ns, Reaching safepoint: 22551 ns, Cleanup: 17016 ns, At safepoint: 10091 ns, Total: 49658 ns
[2024-10-16T02:15:32.225+0000][127][info ][safepoint   ] Safepoint "Cleanup", Time since last: 1001203249 ns, Reaching safepoint: 22936 ns, Cleanup: 24289 ns, At safepoint: 9949 ns, Total: 57174 ns
[2024-10-16T02:15:33.226+0000][127][info ][safepoint   ] Safepoint "Cleanup", Time since last: 1000977528 ns, Reaching safepoint: 22215 ns, Cleanup: 18074 ns, At safepoint: 9314 ns, Total: 49603 ns
[2024-10-16T02:15:36.229+0000][127][info ][safepoint   ] Safepoint "Cleanup", Time since last: 3002902059 ns, Reaching safepoint: 30690 ns, Cleanup: 21578 ns, At safepoint: 15152 ns, Total: 67420 ns
[2024-10-16T02:15:37.231+0000][127][info ][safepoint   ] Safepoint "Cleanup", Time since last: 1000971203 ns, Reaching safepoint: 29993 ns, Cleanup: 70864 ns, At safepoint: 15546 ns, Total: 116403 ns
[2024-10-16T02:15:38.232+0000][127][info ][safepoint   ] Safepoint "Cleanup", Time since last: 1001004615 ns, Reaching safepoint: 22998 ns, Cleanup: 11771 ns, At safepoint: 9182 ns, Total: 43951 ns
[2024-10-16T02:15:40.194+0000][127][info ][safepoint   ] Safepoint "Cleanup", Time since last: 1962710379 ns, Reaching safepoint: 22764 ns, Cleanup: 93417 ns, At safepoint: 10148 ns, Total: 126329 ns
[2024-10-16T02:15:41.301+0000][127][info ][safepoint   ] Safepoint "Cleanup", Time since last: 1106107552 ns, Reaching safepoint: 7988 ns, Cleanup: 56748 ns, At safepoint: 6891 ns, Total: 71627 ns
[2024-10-16T02:15:42.319+0000][127][info ][safepoint   ] Safepoint "Cleanup", Time since last: 1017870864 ns, Reaching safepoint: 7599 ns, Cleanup: 52481 ns, At safepoint: 8865 ns, Total: 68945 ns
[2024-10-16T02:15:43.331+0000][127][info ][safepoint   ] Safepoint "Cleanup", Time since last: 1011962855 ns, Reaching safepoint: 27532 ns, Cleanup: 16270 ns, At safepoint: 11327 ns, Total: 55129 ns
[2024-10-16T02:15:45.332+0000][127][info ][safepoint   ] Safepoint "Cleanup", Time since last: 2001660679 ns, Reaching safepoint: 33088 ns, Cleanup: 19446 ns, At safepoint: 15921 ns, Total: 68455 ns
[2024-10-16T02:15:46.333+0000][127][info ][safepoint   ] Safepoint "Cleanup", Time since last: 1001052363 ns, Reaching safepoint: 24092 ns, Cleanup: 12612 ns, At safepoint: 9806 ns, Total: 46510 ns
[2024-10-16T02:15:47.334+0000][127][info ][safepoint   ] Safepoint "Cleanup", Time since last: 1000988026 ns, Reaching safepoint: 24807 ns, Cleanup: 13266 ns, At safepoint: 9786 ns, Total: 47859 ns
[2024-10-16T02:15:48.336+0000][127][info ][safepoint   ] Safepoint "Cleanup", Time since last: 1001059314 ns, Reaching safepoint: 31688 ns, Cleanup: 19799 ns, At safepoint: 9798 ns, Total: 61285 ns
[2024-10-16T02:15:49.647+0000][127][info ][safepoint   ] Safepoint "Cleanup", Time since last: 1310804541 ns, Reaching safepoint: 79381 ns, Cleanup: 69678 ns, At safepoint: 12101 ns, Total: 161160 ns
[2024-10-16T02:15:51.648+0000][127][info ][safepoint   ] Safepoint "Cleanup", Time since last: 2001683610 ns, Reaching safepoint: 33572 ns, Cleanup: 18754 ns, At safepoint: 14769 ns, Total: 67095 ns
[2024-10-16T02:15:52.684+0000][127][info ][safepoint   ] Safepoint "Cleanup", Time since last: 1035965682 ns, Reaching safepoint: 33233 ns, Cleanup: 25419 ns, At safepoint: 14380 ns, Total: 73032 ns
[2024-10-16T02:15:53.687+0000][127][info ][safepoint   ] Safepoint "Cleanup", Time since last: 1002974424 ns, Reaching safepoint: 63119 ns, Cleanup: 15490 ns, At safepoint: 14181 ns, Total: 92790 ns
[2024-10-16T02:15:54.695+0000][127][info ][safepoint   ] Safepoint "Cleanup", Time since last: 1000937823 ns, Reaching safepoint: 5622360 ns, Cleanup: 35346 ns, At safepoint: 353405 ns, Total: 6011111 ns
[2024-10-16T02:15:56.556+0000][127][info ][safepoint   ] Safepoint "Cleanup", Time since last: 1861690135 ns, Reaching safepoint: 20472 ns, Cleanup: 52890 ns, At safepoint: 17004 ns, Total: 90366 ns
[2024-10-16T02:15:57.642+0000][127][info ][safepoint   ] Safepoint "Cleanup", Time since last: 1085965334 ns, Reaching safepoint: 31295 ns, Cleanup: 61119 ns, At safepoint: 13709 ns, Total: 106123 ns
[2024-10-16T02:15:58.901+0000][127][info ][safepoint   ] Safepoint "Cleanup", Time since last: 1259169684 ns, Reaching safepoint: 33058 ns, Cleanup: 32320 ns, At safepoint: 13254 ns, Total: 78632 ns
[2024-10-16T02:15:59.901+0000][127][info ][safepoint   ] Safepoint "Cleanup", Time since last: 1001050323 ns, Reaching safepoint: 24112 ns, Cleanup: 13000 ns, At safepoint: 9321 ns, Total: 46433 ns
[2024-10-16T02:16:00.902+0000][127][info ][safepoint   ] Safepoint "Cleanup", Time since last: 1000924504 ns, Reaching safepoint: 22392 ns, Cleanup: 26521 ns, At safepoint: 10197 ns, Total: 59110 ns
[2024-10-16T02:16:01.922+0000][127][info ][safepoint   ] Safepoint "Cleanup", Time since last: 1013504036 ns, Reaching safepoint: 5813733 ns, Cleanup: 83957 ns, At safepoint: 104604 ns, Total: 6002294 ns
[2024-10-16T02:16:03.055+0000][127][info ][safepoint   ] Safepoint "Cleanup", Time since last: 1133369376 ns, Reaching safepoint: 36371 ns, Cleanup: 50126 ns, At safepoint: 59017 ns, Total: 145514 ns
[2024-10-16T02:16:05.056+0000][127][info ][safepoint   ] Safepoint "Cleanup", Time since last: 2000977538 ns, Reaching safepoint: 23298 ns, Cleanup: 13897 ns, At safepoint: 9914 ns, Total: 47109 ns
[2024-10-16T02:16:06.060+0000][127][info ][safepoint   ] Safepoint "Cleanup", Time since last: 1000632989 ns, Reaching safepoint: 1892531 ns, Cleanup: 20567 ns, At safepoint: 1735980 ns, Total: 3649078 ns
[2024-10-16T02:16:07.061+0000][127][info ][safepoint   ] Safepoint "Cleanup", Time since last: 1000692616 ns, Reaching safepoint: 31907 ns, Cleanup: 50518 ns, At safepoint: 60823 ns, Total: 143248 ns
[2024-10-16T02:16:08.102+0000][127][info ][safepoint   ] Safepoint "Cleanup", Time since last: 1041446182 ns, Reaching safepoint: 26296 ns, Cleanup: 21487 ns, At safepoint: 10436 ns, Total: 58219 ns
[2024-10-16T02:16:10.104+0000][127][info ][safepoint   ] Safepoint "Cleanup", Time since last: 2002051982 ns, Reaching safepoint: 29047 ns, Cleanup: 70331 ns, At safepoint: 25169 ns, Total: 124547 ns
[2024-10-16T02:16:12.196+0000][127][info ][safepoint   ] Safepoint "Cleanup", Time since last: 2089127522 ns, Reaching safepoint: 953433 ns, Cleanup: 98471 ns, At safepoint: 1154166 ns, Total: 2206070 ns
[2024-10-16T02:16:13.196+0000][127][info ][safepoint   ] Safepoint "Cleanup", Time since last: 1000612037 ns, Reaching safepoint: 31065 ns, Cleanup: 19890 ns, At safepoint: 13905 ns, Total: 64860 ns
[2024-10-16T02:16:15.199+0000][127][info ][safepoint   ] Safepoint "Cleanup", Time since last: 2001679249 ns, Reaching safepoint: 1335139 ns, Cleanup: 18961 ns, At safepoint: 73633 ns, Total: 1427733 ns
[2024-10-16T02:16:16.200+0000][127][info ][safepoint   ] Safepoint "Cleanup", Time since last: 1000704104 ns, Reaching safepoint: 27665 ns, Cleanup: 16685 ns, At safepoint: 11264 ns, Total: 55614 ns
[2024-10-16T02:16:17.201+0000][127][info ][safepoint   ] Safepoint "Cleanup", Time since last: 1001169068 ns, Reaching safepoint: 23233 ns, Cleanup: 20881 ns, At safepoint: 10128 ns, Total: 54242 ns
[2024-10-16T02:16:18.202+0000][127][info ][safepoint   ] Safepoint "Cleanup", Time since last: 1000712936 ns, Reaching safepoint: 30880 ns, Cleanup: 18816 ns, At safepoint: 44824 ns, Total: 94520 ns
[2024-10-16T02:16:19.270+0000][127][info ][safepoint   ] Safepoint "Cleanup", Time since last: 1067495386 ns, Reaching safepoint: 7022 ns, Cleanup: 37293 ns, At safepoint: 5335 ns, Total: 49650 ns
[2024-10-16T02:16:20.284+0000][127][info ][safepoint   ] Safepoint "Cleanup", Time since last: 1014552137 ns, Reaching safepoint: 27214 ns, Cleanup: 29280 ns, At safepoint: 10923 ns, Total: 67417 ns
[2024-10-16T02:16:21.285+0000][127][info ][safepoint   ] Safepoint "Cleanup", Time since last: 1000817112 ns, Reaching safepoint: 32611 ns, Cleanup: 16771 ns, At safepoint: 13708 ns, Total: 63090 ns
[2024-10-16T02:16:22.286+0000][127][info ][safepoint   ] Safepoint "Cleanup", Time since last: 1000859844 ns, Reaching safepoint: 30948 ns, Cleanup: 23564 ns, At safepoint: 13422 ns, Total: 67934 ns
[2024-10-16T02:16:23.289+0000][127][info ][safepoint   ] Safepoint "Cleanup", Time since last: 1002981658 ns, Reaching safepoint: 36888 ns, Cleanup: 50593 ns, At safepoint: 27434 ns, Total: 114915 ns
[2024-10-16T02:16:24.363+0000][127][info ][safepoint   ] Safepoint "Cleanup", Time since last: 1073976337 ns, Reaching safepoint: 22200 ns, Cleanup: 21955 ns, At safepoint: 9455 ns, Total: 53610 ns
[2024-10-16T02:16:25.364+0000][127][info ][safepoint   ] Safepoint "Cleanup", Time since last: 1000954877 ns, Reaching safepoint: 22271 ns, Cleanup: 13541 ns, At safepoint: 10133 ns, Total: 45945 ns
[2024-10-16T02:16:26.365+0000][127][info ][safepoint   ] Safepoint "Cleanup", Time since last: 1000925864 ns, Reaching safepoint: 173801 ns, Cleanup: 14591 ns, At safepoint: 14150 ns, Total: 202542 ns
[2024-10-16T02:16:27.366+0000][127][info ][safepoint   ] Safepoint "Cleanup", Time since last: 1000789031 ns, Reaching safepoint: 41709 ns, Cleanup: 28313 ns, At safepoint: 22359 ns, Total: 92381 ns
[2024-10-16T02:16:28.369+0000][127][info ][safepoint   ] Safepoint "Cleanup", Time since last: 1000905921 ns, Reaching safepoint: 1206724 ns, Cleanup: 50820 ns, At safepoint: 79787 ns, Total: 1337331 ns
[2024-10-16T02:16:28.966+0000][127][info ][gc,start    ] GC(18) Pause Young (Normal) (G1 Evacuation Pause)
[2024-10-16T02:16:28.966+0000][127][info ][gc,task     ] GC(18) Using 4 workers of 4 for evacuation
[2024-10-16T02:16:28.966+0000][127][debug][gc,age      ] GC(18) Desired survivor size 33554432 bytes, new threshold 1 (max threshold 15)
[2024-10-16T02:16:29.168+0000][127][info ][gc,mmu      ] GC(18) MMU target violated: 201.0ms (200.0ms/201.0ms)
[2024-10-16T02:16:29.168+0000][127][info ][gc,phases   ] GC(18)   Pre Evacuate Collection Set: 1.70ms
[2024-10-16T02:16:29.168+0000][127][info ][gc,phases   ] GC(18)   Merge Heap Roots: 0.48ms
[2024-10-16T02:16:29.168+0000][127][info ][gc,phases   ] GC(18)   Evacuate Collection Set: 195.66ms
[2024-10-16T02:16:29.168+0000][127][info ][gc,phases   ] GC(18)   Post Evacuate Collection Set: 4.47ms
[2024-10-16T02:16:29.168+0000][127][info ][gc,phases   ] GC(18)   Other: 0.26ms
[2024-10-16T02:16:29.168+0000][127][trace][gc,age      ] GC(18) Age table with threshold 1 (max threshold 15)
[2024-10-16T02:16:29.168+0000][127][trace][gc,age      ] GC(18) - age   1:    3263344 bytes,    3263344 total
[2024-10-16T02:16:29.168+0000][127][info ][gc,heap     ] GC(18) Eden regions: 96->0(316)
[2024-10-16T02:16:29.168+0000][127][info ][gc,heap     ] GC(18) Survivor regions: 29->2(16)
[2024-10-16T02:16:29.169+0000][127][info ][gc,heap     ] GC(18) Old regions: 8->37
[2024-10-16T02:16:29.169+0000][127][info ][gc,heap     ] GC(18) Humongous regions: 2->2
[2024-10-16T02:16:29.169+0000][127][info ][gc,metaspace] GC(18) Metaspace: 154257K(158656K)->154257K(158656K) NonClass: 132613K(134976K)->132613K(134976K) Class: 21644K(23680K)->21644K(23680K)
[2024-10-16T02:16:29.169+0000][127][info ][gc          ] GC(18) Pause Young (Normal) (G1 Evacuation Pause) 537M->162M(5476M) 202.806ms
[2024-10-16T02:16:29.169+0000][127][info ][gc,cpu      ] GC(18) User=0.77s Sys=0.00s Real=0.21s
[2024-10-16T02:16:29.169+0000][127][info ][safepoint   ] Safepoint "G1CollectForAllocation", Time since last: 597043443 ns, Reaching safepoint: 17881 ns, Cleanup: 37723 ns, At safepoint: 203168887 ns, Total: 203224491 ns
[2024-10-16T02:16:30.172+0000][127][info ][safepoint   ] Safepoint "Cleanup", Time since last: 1000303146 ns, Reaching safepoint: 36093 ns, Cleanup: 14739 ns, At safepoint: 14019 ns, Total: 64851 ns
[2024-10-16T02:16:31.174+0000][127][info ][safepoint   ] Safepoint "Cleanup", Time since last: 1001126553 ns, Reaching safepoint: 782601 ns, Cleanup: 29492 ns, At safepoint: 39532 ns, Total: 851625 ns
[2024-10-16T02:16:32.176+0000][127][info ][safepoint   ] Safepoint "Cleanup", Time since last: 1001920720 ns, Reaching safepoint: 34270 ns, Cleanup: 22580 ns, At safepoint: 14855 ns, Total: 71705 ns
[2024-10-16T02:16:34.028+0000][127][info ][safepoint   ] Safepoint "Cleanup", Time since last: 1851843901 ns, Reaching safepoint: 97458 ns, Cleanup: 156321 ns, At safepoint: 33916 ns, Total: 287695 ns
[2024-10-16T02:16:35.029+0000][127][info ][safepoint   ] Safepoint "Cleanup", Time since last: 1000875543 ns, Reaching safepoint: 32907 ns, Cleanup: 21081 ns, At safepoint: 14200 ns, Total: 68188 ns
[2024-10-16T02:16:36.030+0000][127][info ][safepoint   ] Safepoint "Cleanup", Time since last: 1001142792 ns, Reaching safepoint: 23154 ns, Cleanup: 19392 ns, At safepoint: 9377 ns, Total: 51923 ns
[2024-10-16T02:16:37.561+0000][127][info ][safepoint   ] Safepoint "Cleanup", Time since last: 1528708772 ns, Reaching safepoint: 1364350 ns, Cleanup: 581710 ns, At safepoint: 51161 ns, Total: 1997221 ns
[2024-10-16T02:16:39.568+0000][127][info ][safepoint   ] Safepoint "Cleanup", Time since last: 2005136617 ns, Reaching safepoint: 1231027 ns, Cleanup: 23533 ns, At safepoint: 109879 ns, Total: 1364439 ns
[2024-10-16T02:16:42.315+0000][127][info ][safepoint   ] Safepoint "Cleanup", Time since last: 2747270488 ns, Reaching safepoint: 27585 ns, Cleanup: 174000 ns, At safepoint: 80300 ns, Total: 281885 ns
[2024-10-16T02:16:43.713+0000][127][info ][safepoint   ] Safepoint "Cleanup", Time since last: 1376734707 ns, Reaching safepoint: 20583743 ns, Cleanup: 66606 ns, At safepoint: 310894 ns, Total: 20961243 ns
[2024-10-16T02:16:44.714+0000][127][info ][safepoint   ] Safepoint "Cleanup", Time since last: 1001288049 ns, Reaching safepoint: 30608 ns, Cleanup: 38776 ns, At safepoint: 14920 ns, Total: 84304 ns
[2024-10-16T02:16:45.715+0000][127][info ][safepoint   ] Safepoint "Cleanup", Time since last: 1001165949 ns, Reaching safepoint: 25383 ns, Cleanup: 31725 ns, At safepoint: 10649 ns, Total: 67757 ns
[2024-10-16T02:16:46.716+0000][127][info ][safepoint   ] Safepoint "Cleanup", Time since last: 1000705694 ns, Reaching safepoint: 23215 ns, Cleanup: 11443 ns, At safepoint: 10181 ns, Total: 44839 ns
[2024-10-16T02:16:47.717+0000][127][info ][safepoint   ] Safepoint "Cleanup", Time since last: 1000759667 ns, Reaching safepoint: 16801 ns, Cleanup: 119670 ns, At safepoint: 50888 ns, Total: 187359 ns
[2024-10-16T02:16:48.719+0000][127][info ][safepoint   ] Safepoint "Cleanup", Time since last: 1002195749 ns, Reaching safepoint: 25207 ns, Cleanup: 26392 ns, At safepoint: 9674 ns, Total: 61273 ns
[2024-10-16T02:16:49.818+0000][127][info ][safepoint   ] Safepoint "Cleanup", Time since last: 1098912275 ns, Reaching safepoint: 25184 ns, Cleanup: 29398 ns, At safepoint: 11042 ns, Total: 65624 ns
[2024-10-16T02:16:50.819+0000][127][info ][safepoint   ] Safepoint "Cleanup", Time since last: 1000993580 ns, Reaching safepoint: 25744 ns, Cleanup: 12217 ns, At safepoint: 9202 ns, Total: 47163 ns
[2024-10-16T02:16:52.785+0000][127][info ][safepoint   ] Safepoint "Cleanup", Time since last: 1965710823 ns, Reaching safepoint: 21798 ns, Cleanup: 22606 ns, At safepoint: 9812 ns, Total: 54216 ns
[2024-10-16T02:16:53.865+0000][127][info ][safepoint   ] Safepoint "Cleanup", Time since last: 1078792679 ns, Reaching safepoint: 1220389 ns, Cleanup: 102560 ns, At safepoint: 136764 ns, Total: 1459713 ns
[2024-10-16T02:16:54.888+0000][127][info ][safepoint   ] Safepoint "Cleanup", Time since last: 1022469333 ns, Reaching safepoint: 29410 ns, Cleanup: 15532 ns, At safepoint: 14234 ns, Total: 59176 ns
[2024-10-16T02:16:56.922+0000][127][info ][safepoint   ] Safepoint "Cleanup", Time since last: 2034187873 ns, Reaching safepoint: 30358 ns, Cleanup: 22002 ns, At safepoint: 13110 ns, Total: 65470 ns
[2024-10-16T02:16:57.974+0000][127][info ][safepoint   ] Safepoint "Cleanup", Time since last: 1038263379 ns, Reaching safepoint: 13364032 ns, Cleanup: 42961 ns, At safepoint: 138823 ns, Total: 13545816 ns
[2024-10-16T02:16:59.343+0000][127][info ][safepoint   ] Safepoint "Cleanup", Time since last: 1369257028 ns, Reaching safepoint: 69305 ns, Cleanup: 30455 ns, At safepoint: 11431 ns, Total: 111191 ns
[2024-10-16T02:17:00.347+0000][127][info ][safepoint   ] Safepoint "Cleanup", Time since last: 1000860427 ns, Reaching safepoint: 365355 ns, Cleanup: 66100 ns, At safepoint: 281507 ns, Total: 712962 ns
[2024-10-16T02:17:01.350+0000][127][info ][safepoint   ] Safepoint "Cleanup", Time since last: 1003223473 ns, Reaching safepoint: 25531 ns, Cleanup: 14711 ns, At safepoint: 10760 ns, Total: 51002 ns
[2024-10-16T02:17:02.353+0000][127][info ][safepoint   ] Safepoint "Cleanup", Time since last: 1002562901 ns, Reaching safepoint: 32973 ns, Cleanup: 23628 ns, At safepoint: 13203 ns, Total: 69804 ns
[2024-10-16T02:17:03.355+0000][127][info ][safepoint   ] Safepoint "Cleanup", Time since last: 1001578104 ns, Reaching safepoint: 33544 ns, Cleanup: 25245 ns, At safepoint: 62453 ns, Total: 121242 ns
[2024-10-16T02:17:04.556+0000][127][info ][safepoint   ] Safepoint "Cleanup", Time since last: 1201664259 ns, Reaching safepoint: 23077 ns, Cleanup: 20336 ns, At safepoint: 9988 ns, Total: 53401 ns
[2024-10-16T02:17:06.559+0000][127][info ][safepoint   ] Safepoint "Cleanup", Time since last: 2002147023 ns, Reaching safepoint: 32351 ns, Cleanup: 27076 ns, At safepoint: 128725 ns, Total: 188152 ns
[2024-10-16T02:17:07.559+0000][127][info ][safepoint   ] Safepoint "Cleanup", Time since last: 1000449899 ns, Reaching safepoint: 22600 ns, Cleanup: 21759 ns, At safepoint: 9263 ns, Total: 53622 ns
[2024-10-16T02:17:08.585+0000][127][info ][safepoint   ] Safepoint "Cleanup", Time since last: 1025700176 ns, Reaching safepoint: 35231 ns, Cleanup: 30403 ns, At safepoint: 17115 ns, Total: 82749 ns
[2024-10-16T02:17:09.587+0000][127][info ][safepoint   ] Safepoint "Cleanup", Time since last: 1001768728 ns, Reaching safepoint: 26510 ns, Cleanup: 13257 ns, At safepoint: 11000 ns, Total: 50767 ns
[2024-10-16T02:17:10.587+0000][127][info ][safepoint   ] Safepoint "Cleanup", Time since last: 1000406618 ns, Reaching safepoint: 28854 ns, Cleanup: 91568 ns, At safepoint: 64989 ns, Total: 185411 ns
[2024-10-16T02:17:12.339+0000][127][info ][safepoint   ] Safepoint "Cleanup", Time since last: 1751034778 ns, Reaching safepoint: 39504 ns, Cleanup: 159156 ns, At safepoint: 33942 ns, Total: 232602 ns
[2024-10-16T02:17:13.729+0000][127][info ][safepoint   ] Safepoint "Cleanup", Time since last: 1390245493 ns, Reaching safepoint: 34656 ns, Cleanup: 26104 ns, At safepoint: 11401 ns, Total: 72161 ns
[2024-10-16T02:17:14.810+0000][127][info ][safepoint   ] Safepoint "Cleanup", Time since last: 1081488073 ns, Reaching safepoint: 39183 ns, Cleanup: 24774 ns, At safepoint: 17323 ns, Total: 81280 ns
[2024-10-16T02:17:15.811+0000][127][info ][safepoint   ] Safepoint "Cleanup", Time since last: 1000904923 ns, Reaching safepoint: 26678 ns, Cleanup: 23848 ns, At safepoint: 10580 ns, Total: 61106 ns
[2024-10-16T02:17:16.826+0000][127][info ][safepoint   ] Safepoint "Cleanup", Time since last: 1014460788 ns, Reaching safepoint: 120218 ns, Cleanup: 43323 ns, At safepoint: 23254 ns, Total: 186795 ns
[2024-10-16T02:17:17.827+0000][127][info ][safepoint   ] Safepoint "Cleanup", Time since last: 1000988588 ns, Reaching safepoint: 27594 ns, Cleanup: 12911 ns, At safepoint: 11418 ns, Total: 51923 ns
[2024-10-16T02:17:19.178+0000][127][info ][safepoint   ] Safepoint "Cleanup", Time since last: 1351053173 ns, Reaching safepoint: 24284 ns, Cleanup: 28867 ns, At safepoint: 9896 ns, Total: 63047 ns
[2024-10-16T02:17:20.210+0000][127][info ][safepoint   ] Safepoint "Cleanup", Time since last: 1031980126 ns, Reaching safepoint: 30908 ns, Cleanup: 30480 ns, At safepoint: 30390 ns, Total: 91778 ns
[2024-10-16T02:17:22.213+0000][127][info ][safepoint   ] Safepoint "Cleanup", Time since last: 2002208151 ns, Reaching safepoint: 212786 ns, Cleanup: 98793 ns, At safepoint: 157201 ns, Total: 468780 ns
[2024-10-16T02:17:23.214+0000][127][info ][safepoint   ] Safepoint "Cleanup", Time since last: 1001260936 ns, Reaching safepoint: 26490 ns, Cleanup: 12672 ns, At safepoint: 9962 ns, Total: 49124 ns
[2024-10-16T02:17:24.215+0000][127][info ][safepoint   ] Safepoint "Cleanup", Time since last: 1000798784 ns, Reaching safepoint: 22764 ns, Cleanup: 18314 ns, At safepoint: 9674 ns, Total: 50752 ns
[2024-10-16T02:17:25.259+0000][127][info ][safepoint   ] Safepoint "Cleanup", Time since last: 1044133917 ns, Reaching safepoint: 7660 ns, Cleanup: 46262 ns, At safepoint: 6797 ns, Total: 60719 ns
[2024-10-16T02:17:26.268+0000][127][info ][safepoint   ] Safepoint "Cleanup", Time since last: 1009116901 ns, Reaching safepoint: 27079 ns, Cleanup: 14053 ns, At safepoint: 11889 ns, Total: 53021 ns
[2024-10-16T02:17:27.269+0000][127][info ][safepoint   ] Safepoint "Cleanup", Time since last: 1000755257 ns, Reaching safepoint: 56596 ns, Cleanup: 33707 ns, At safepoint: 19741 ns, Total: 110044 ns
[2024-10-16T02:17:28.270+0000][127][info ][safepoint   ] Safepoint "Cleanup", Time since last: 1000660895 ns, Reaching safepoint: 23364 ns, Cleanup: 13565 ns, At safepoint: 9166 ns, Total: 46095 ns
[2024-10-16T02:17:29.273+0000][127][info ][safepoint   ] Safepoint "Cleanup", Time since last: 1001127866 ns, Reaching safepoint: 934127 ns, Cleanup: 309619 ns, At safepoint: 136262 ns, Total: 1380008 ns
[2024-10-16T02:17:30.353+0000][127][info ][safepoint   ] Safepoint "Cleanup", Time since last: 1078178691 ns, Reaching safepoint: 1318404 ns, Cleanup: 22095 ns, At safepoint: 75045 ns, Total: 1415544 ns
[2024-10-16T02:17:31.354+0000][127][info ][safepoint   ] Safepoint "Cleanup", Time since last: 1001103238 ns, Reaching safepoint: 25545 ns, Cleanup: 15584 ns, At safepoint: 10110 ns, Total: 51239 ns
[2024-10-16T02:17:33.357+0000][127][info ][safepoint   ] Safepoint "Cleanup", Time since last: 2001882216 ns, Reaching safepoint: 782619 ns, Cleanup: 16907 ns, At safepoint: 71973 ns, Total: 871499 ns
[2024-10-16T02:17:34.363+0000][127][info ][safepoint   ] Safepoint "Cleanup", Time since last: 1006325160 ns, Reaching safepoint: 41805 ns, Cleanup: 15931 ns, At safepoint: 13540 ns, Total: 71276 ns
[2024-10-16T02:17:36.381+0000][127][info ][safepoint   ] Safepoint "Cleanup", Time since last: 2007965989 ns, Reaching safepoint: 9427681 ns, Cleanup: 25421 ns, At safepoint: 181442 ns, Total: 9634544 ns
[2024-10-16T02:17:37.383+0000][127][info ][safepoint   ] Safepoint "Cleanup", Time since last: 1002117630 ns, Reaching safepoint: 35250 ns, Cleanup: 82822 ns, At safepoint: 53534 ns, Total: 171606 ns
[2024-10-16T02:17:39.385+0000][127][info ][safepoint   ] Safepoint "Cleanup", Time since last: 2001774974 ns, Reaching safepoint: 28686 ns, Cleanup: 16535 ns, At safepoint: 50240 ns, Total: 95461 ns
[2024-10-16T02:17:40.387+0000][127][info ][safepoint   ] Safepoint "Cleanup", Time since last: 1000912278 ns, Reaching safepoint: 778415 ns, Cleanup: 15436 ns, At safepoint: 141837 ns, Total: 935688 ns
[2024-10-16T02:17:41.468+0000][127][info ][safepoint   ] Safepoint "Cleanup", Time since last: 1080902457 ns, Reaching safepoint: 48017 ns, Cleanup: 356905 ns, At safepoint: 60004 ns, Total: 464926 ns
[2024-10-16T02:17:42.469+0000][127][info ][safepoint   ] Safepoint "Cleanup", Time since last: 1000716328 ns, Reaching safepoint: 51846 ns, Cleanup: 26474 ns, At safepoint: 9882 ns, Total: 88202 ns
[2024-10-16T02:17:45.404+0000][127][info ][safepoint   ] Safepoint "Cleanup", Time since last: 2933524366 ns, Reaching safepoint: 1611039 ns, Cleanup: 63214 ns, At safepoint: 159932 ns, Total: 1834185 ns
[2024-10-16T02:17:47.027+0000][127][info ][safepoint   ] Safepoint "Cleanup", Time since last: 1622426997 ns, Reaching safepoint: 24314 ns, Cleanup: 77964 ns, At safepoint: 35793 ns, Total: 138071 ns
[2024-10-16T02:17:48.028+0000][127][info ][safepoint   ] Safepoint "Cleanup", Time since last: 1000925861 ns, Reaching safepoint: 23969 ns, Cleanup: 17053 ns, At safepoint: 9280 ns, Total: 50302 ns
[2024-10-16T02:17:49.842+0000][127][info ][safepoint   ] Safepoint "Cleanup", Time since last: 1813943336 ns, Reaching safepoint: 34619 ns, Cleanup: 19874 ns, At safepoint: 11424 ns, Total: 65917 ns
[2024-10-16T02:17:51.844+0000][127][info ][safepoint   ] Safepoint "Cleanup", Time since last: 2002140719 ns, Reaching safepoint: 30622 ns, Cleanup: 22742 ns, At safepoint: 15016 ns, Total: 68380 ns
[2024-10-16T02:17:52.845+0000][127][info ][safepoint   ] Safepoint "Cleanup", Time since last: 1000726911 ns, Reaching safepoint: 24780 ns, Cleanup: 14680 ns, At safepoint: 9887 ns, Total: 49347 ns
[2024-10-16T02:17:53.845+0000][127][info ][safepoint   ] Safepoint "Cleanup", Time since last: 1000335526 ns, Reaching safepoint: 32383 ns, Cleanup: 18787 ns, At safepoint: 15210 ns, Total: 66380 ns
[2024-10-16T02:17:54.846+0000][127][info ][safepoint   ] Safepoint "Cleanup", Time since last: 1000701407 ns, Reaching safepoint: 24344 ns, Cleanup: 23722 ns, At safepoint: 9494 ns, Total: 57560 ns
[2024-10-16T02:17:55.847+0000][127][info ][safepoint   ] Safepoint "Cleanup", Time since last: 1001219757 ns, Reaching safepoint: 27076 ns, Cleanup: 13053 ns, At safepoint: 12319 ns, Total: 52448 ns
[2024-10-16T02:17:56.848+0000][127][info ][safepoint   ] Safepoint "Cleanup", Time since last: 1001065037 ns, Reaching safepoint: 31151 ns, Cleanup: 100363 ns, At safepoint: 43822 ns, Total: 175336 ns
[2024-10-16T02:17:58.074+0000][127][info ][safepoint   ] Safepoint "Cleanup", Time since last: 1207069325 ns, Reaching safepoint: 18151381 ns, Cleanup: 123561 ns, At safepoint: 165337 ns, Total: 18440279 ns
[2024-10-16T02:17:59.891+0000][127][info ][safepoint   ] Safepoint "Cleanup", Time since last: 1818817449 ns, Reaching safepoint: 32010 ns, Cleanup: 57002 ns, At safepoint: 13334 ns, Total: 102346 ns
[2024-10-16T02:18:00.892+0000][127][info ][safepoint   ] Safepoint "Cleanup", Time since last: 1000849131 ns, Reaching safepoint: 22200 ns, Cleanup: 19107 ns, At safepoint: 9536 ns, Total: 50843 ns
[2024-10-16T02:18:02.568+0000][127][info ][safepoint   ] Safepoint "Cleanup", Time since last: 1675776745 ns, Reaching safepoint: 185190 ns, Cleanup: 28960 ns, At safepoint: 46865 ns, Total: 261015 ns
[2024-10-16T02:18:03.657+0000][127][info ][safepoint   ] Safepoint "Cleanup", Time since last: 1088965897 ns, Reaching safepoint: 74274 ns, Cleanup: 24800 ns, At safepoint: 28665 ns, Total: 127739 ns
[2024-10-16T02:18:07.144+0000][127][info ][safepoint   ] Safepoint "Cleanup", Time since last: 3486772255 ns, Reaching safepoint: 26501 ns, Cleanup: 19040 ns, At safepoint: 10460 ns, Total: 56001 ns
[2024-10-16T02:18:08.145+0000][127][info ][safepoint   ] Safepoint "Cleanup", Time since last: 1000873814 ns, Reaching safepoint: 25158 ns, Cleanup: 12769 ns, At safepoint: 10592 ns, Total: 48519 ns
[2024-10-16T02:18:09.146+0000][127][info ][safepoint   ] Safepoint "Cleanup", Time since last: 1001167597 ns, Reaching safepoint: 31371 ns, Cleanup: 23822 ns, At safepoint: 11482 ns, Total: 66675 ns
[2024-10-16T02:18:10.147+0000][127][info ][safepoint   ] Safepoint "Cleanup", Time since last: 1000871142 ns, Reaching safepoint: 32994 ns, Cleanup: 17280 ns, At safepoint: 13131 ns, Total: 63405 ns
[2024-10-16T02:18:11.153+0000][127][info ][safepoint   ] Safepoint "Cleanup", Time since last: 1005576070 ns, Reaching safepoint: 49550 ns, Cleanup: 40146 ns, At safepoint: 231919 ns, Total: 321615 ns
[2024-10-16T02:18:12.682+0000][127][info ][safepoint   ] Safepoint "Cleanup", Time since last: 1529573741 ns, Reaching safepoint: 7864 ns, Cleanup: 26319 ns, At safepoint: 5639 ns, Total: 39822 ns
[2024-10-16T02:18:15.700+0000][127][info ][safepoint   ] Safepoint "Cleanup", Time since last: 3017296928 ns, Reaching safepoint: 60890 ns, Cleanup: 38561 ns, At safepoint: 10740 ns, Total: 110191 ns
[2024-10-16T02:18:18.703+0000][127][info ][safepoint   ] Safepoint "Cleanup", Time since last: 3002936735 ns, Reaching safepoint: 21061 ns, Cleanup: 11329 ns, At safepoint: 9549 ns, Total: 41939 ns
[2024-10-16T02:18:19.704+0000][127][info ][safepoint   ] Safepoint "Cleanup", Time since last: 1001303254 ns, Reaching safepoint: 21857 ns, Cleanup: 25487 ns, At safepoint: 9028 ns, Total: 56372 ns
[2024-10-16T02:18:20.754+0000][127][info ][safepoint   ] Safepoint "Cleanup", Time since last: 1049762053 ns, Reaching safepoint: 32093 ns, Cleanup: 18810 ns, At safepoint: 13947 ns, Total: 64850 ns
[2024-10-16T02:18:21.755+0000][127][info ][safepoint   ] Safepoint "Cleanup", Time since last: 1000912872 ns, Reaching safepoint: 23915 ns, Cleanup: 15295 ns, At safepoint: 9421 ns, Total: 48631 ns
[2024-10-16T02:18:22.756+0000][127][info ][safepoint   ] Safepoint "Cleanup", Time since last: 1000970476 ns, Reaching safepoint: 39546 ns, Cleanup: 27741 ns, At safepoint: 11455 ns, Total: 78742 ns
[2024-10-16T02:18:23.827+0000][127][info ][safepoint   ] Safepoint "Cleanup", Time since last: 1070048721 ns, Reaching safepoint: 927120 ns, Cleanup: 20719 ns, At safepoint: 209531 ns, Total: 1157370 ns
[2024-10-16T02:18:24.836+0000][127][info ][safepoint   ] Safepoint "Cleanup", Time since last: 1008617935 ns, Reaching safepoint: 93188 ns, Cleanup: 21408 ns, At safepoint: 20401 ns, Total: 134997 ns
[2024-10-16T02:18:26.843+0000][127][info ][safepoint   ] Safepoint "Cleanup", Time since last: 2007204890 ns, Reaching safepoint: 35066 ns, Cleanup: 33327 ns, At safepoint: 13930 ns, Total: 82323 ns
[2024-10-16T02:18:27.844+0000][127][info ][safepoint   ] Safepoint "Cleanup", Time since last: 1001021142 ns, Reaching safepoint: 32459 ns, Cleanup: 26866 ns, At safepoint: 13010 ns, Total: 72335 ns
[2024-10-16T02:18:28.890+0000][127][info ][safepoint   ] Safepoint "Cleanup", Time since last: 1044972986 ns, Reaching safepoint: 93249 ns, Cleanup: 25546 ns, At safepoint: 370080 ns, Total: 488875 ns
[2024-10-16T02:18:29.898+0000][127][info ][safepoint   ] Safepoint "Cleanup", Time since last: 1004962487 ns, Reaching safepoint: 28017 ns, Cleanup: 12939 ns, At safepoint: 9416 ns, Total: 50372 ns
[2024-10-16T02:18:30.949+0000][127][info ][safepoint   ] Safepoint "Cleanup", Time since last: 1011751470 ns, Reaching safepoint: 38106571 ns, Cleanup: 128213 ns, At safepoint: 175849 ns, Total: 38410633 ns
[2024-10-16T02:18:33.094+0000][127][info ][safepoint   ] Safepoint "Cleanup", Time since last: 2038164237 ns, Reaching safepoint: 107512276 ns, Cleanup: 24754 ns, At safepoint: 239408 ns, Total: 107776438 ns
[2024-10-16T02:18:35.196+0000][127][info ][safepoint   ] Safepoint "Cleanup", Time since last: 2098001410 ns, Reaching safepoint: 3067112 ns, Cleanup: 42635 ns, At safepoint: 136694 ns, Total: 3246441 ns
[2024-10-16T02:18:36.218+0000][127][info ][safepoint   ] Safepoint "Cleanup", Time since last: 1022674195 ns, Reaching safepoint: 31350 ns, Cleanup: 50167 ns, At safepoint: 19285 ns, Total: 100802 ns
[2024-10-16T02:18:37.219+0000][127][info ][safepoint   ] Safepoint "Cleanup", Time since last: 1001007815 ns, Reaching safepoint: 34883 ns, Cleanup: 47397 ns, At safepoint: 14861 ns, Total: 97141 ns
[2024-10-16T02:18:38.822+0000][127][info ][safepoint   ] Safepoint "Cleanup", Time since last: 1584665214 ns, Reaching safepoint: 17138833 ns, Cleanup: 67328 ns, At safepoint: 200738 ns, Total: 17406899 ns
[2024-10-16T02:18:39.822+0000][127][info ][safepoint   ] Safepoint "Cleanup", Time since last: 1000868638 ns, Reaching safepoint: 45620 ns, Cleanup: 41856 ns, At safepoint: 29039 ns, Total: 116515 ns
[2024-10-16T02:18:40.825+0000][127][info ][safepoint   ] Safepoint "Cleanup", Time since last: 1001629551 ns, Reaching safepoint: 508393 ns, Cleanup: 178406 ns, At safepoint: 128029 ns, Total: 814828 ns
[2024-10-16T02:18:42.262+0000][127][info ][safepoint   ] Safepoint "Cleanup", Time since last: 1437403044 ns, Reaching safepoint: 21620 ns, Cleanup: 20919 ns, At safepoint: 10216 ns, Total: 52755 ns
[2024-10-16T02:18:43.263+0000][127][info ][safepoint   ] Safepoint "Cleanup", Time since last: 1000743126 ns, Reaching safepoint: 30577 ns, Cleanup: 57703 ns, At safepoint: 12967 ns, Total: 101247 ns
[2024-10-16T02:18:44.265+0000][127][info ][safepoint   ] Safepoint "Cleanup", Time since last: 1001253198 ns, Reaching safepoint: 69831 ns, Cleanup: 19363 ns, At safepoint: 13672 ns, Total: 102866 ns
[2024-10-16T02:18:45.964+0000][127][info ][safepoint   ] Safepoint "Cleanup", Time since last: 1699160492 ns, Reaching safepoint: 7147 ns, Cleanup: 18679 ns, At safepoint: 4868 ns, Total: 30694 ns
[2024-10-16T02:18:46.995+0000][127][info ][safepoint   ] Safepoint "Cleanup", Time since last: 1030884475 ns, Reaching safepoint: 639876 ns, Cleanup: 39236 ns, At safepoint: 124128 ns, Total: 803240 ns
[2024-10-16T02:18:48.001+0000][127][info ][safepoint   ] Safepoint "Cleanup", Time since last: 1005085559 ns, Reaching safepoint: 8106 ns, Cleanup: 50448 ns, At safepoint: 5828 ns, Total: 64382 ns
[2024-10-16T02:18:49.907+0000][127][info ][safepoint   ] Safepoint "Cleanup", Time since last: 1906542969 ns, Reaching safepoint: 80846 ns, Cleanup: 30112 ns, At safepoint: 67205 ns, Total: 178163 ns
[2024-10-16T02:18:51.933+0000][127][info ][safepoint   ] Safepoint "Cleanup", Time since last: 2004971596 ns, Reaching safepoint: 20901913 ns, Cleanup: 99529 ns, At safepoint: 101267 ns, Total: 21102709 ns
[2024-10-16T02:18:52.934+0000][127][info ][safepoint   ] Safepoint "Cleanup", Time since last: 1000703548 ns, Reaching safepoint: 24821 ns, Cleanup: 17671 ns, At safepoint: 9688 ns, Total: 52180 ns
[2024-10-16T02:18:54.936+0000][127][info ][safepoint   ] Safepoint "Cleanup", Time since last: 2002090948 ns, Reaching safepoint: 23035 ns, Cleanup: 12487 ns, At safepoint: 9809 ns, Total: 45331 ns
[2024-10-16T02:18:56.942+0000][127][info ][safepoint   ] Safepoint "Cleanup", Time since last: 2005535337 ns, Reaching safepoint: 42558 ns, Cleanup: 97691 ns, At safepoint: 125409 ns, Total: 265658 ns
[2024-10-16T02:18:57.944+0000][127][info ][safepoint   ] Safepoint "Cleanup", Time since last: 1001413978 ns, Reaching safepoint: 108403 ns, Cleanup: 44550 ns, At safepoint: 39725 ns, Total: 192678 ns
[2024-10-16T02:19:00.948+0000][127][info ][safepoint   ] Safepoint "Cleanup", Time since last: 3003539117 ns, Reaching safepoint: 62712 ns, Cleanup: 14631 ns, At safepoint: 12560 ns, Total: 89903 ns
[2024-10-16T02:19:02.950+0000][127][info ][safepoint   ] Safepoint "Cleanup", Time since last: 2001923115 ns, Reaching safepoint: 26588 ns, Cleanup: 19360 ns, At safepoint: 15471 ns, Total: 61419 ns
[2024-10-16T02:19:03.951+0000][127][info ][safepoint   ] Safepoint "Cleanup", Time since last: 1000974386 ns, Reaching safepoint: 64642 ns, Cleanup: 31383 ns, At safepoint: 22008 ns, Total: 118033 ns
[2024-10-16T02:19:06.589+0000][127][info ][safepoint   ] Safepoint "Cleanup", Time since last: 2637903028 ns, Reaching safepoint: 21439 ns, Cleanup: 24460 ns, At safepoint: 8988 ns, Total: 54887 ns
[2024-10-16T02:19:07.824+0000][127][info ][safepoint   ] Safepoint "Cleanup", Time since last: 1234745242 ns, Reaching safepoint: 38962 ns, Cleanup: 22392 ns, At safepoint: 15035 ns, Total: 76389 ns
[2024-10-16T02:19:08.941+0000][127][info ][safepoint   ] Safepoint "Cleanup", Time since last: 1117084878 ns, Reaching safepoint: 24066 ns, Cleanup: 20423 ns, At safepoint: 10813 ns, Total: 55302 ns
[2024-10-16T02:19:11.940+0000][127][info ][safepoint   ] Safepoint "Cleanup", Time since last: 2997934027 ns, Reaching safepoint: 841980 ns, Cleanup: 19658 ns, At safepoint: 82855 ns, Total: 944493 ns
[2024-10-16T02:19:12.962+0000][127][info ][safepoint   ] Safepoint "Cleanup", Time since last: 1021810076 ns, Reaching safepoint: 9295 ns, Cleanup: 47591 ns, At safepoint: 40500 ns, Total: 97386 ns
[2024-10-16T02:19:14.020+0000][127][info ][safepoint   ] Safepoint "Cleanup", Time since last: 1057196086 ns, Reaching safepoint: 62722 ns, Cleanup: 41854 ns, At safepoint: 45990 ns, Total: 150566 ns
[2024-10-16T02:19:15.021+0000][127][info ][safepoint   ] Safepoint "Cleanup", Time since last: 1001575962 ns, Reaching safepoint: 33369 ns, Cleanup: 284649 ns, At safepoint: 37934 ns, Total: 355952 ns
[2024-10-16T02:19:16.022+0000][127][info ][safepoint   ] Safepoint "Cleanup", Time since last: 1000714108 ns, Reaching safepoint: 20580 ns, Cleanup: 58449 ns, At safepoint: 14955 ns, Total: 93984 ns
[2024-10-16T02:19:17.023+0000][127][info ][safepoint   ] Safepoint "Cleanup", Time since last: 1000461404 ns, Reaching safepoint: 14399 ns, Cleanup: 15575 ns, At safepoint: 8803 ns, Total: 38777 ns
[2024-10-16T02:19:18.055+0000][127][info ][safepoint   ] Safepoint "Cleanup", Time since last: 1032241031 ns, Reaching safepoint: 17003 ns, Cleanup: 132613 ns, At safepoint: 55273 ns, Total: 204889 ns
[2024-10-16T02:19:19.099+0000][127][info ][safepoint   ] Safepoint "Cleanup", Time since last: 1043791325 ns, Reaching safepoint: 82474 ns, Cleanup: 35925 ns, At safepoint: 15332 ns, Total: 133731 ns
[2024-10-16T02:19:21.102+0000][127][info ][safepoint   ] Safepoint "Cleanup", Time since last: 2002304763 ns, Reaching safepoint: 101460 ns, Cleanup: 75809 ns, At safepoint: 36933 ns, Total: 214202 ns
[2024-10-16T02:19:22.102+0000][127][info ][safepoint   ] Safepoint "Cleanup", Time since last: 1000642387 ns, Reaching safepoint: 28732 ns, Cleanup: 11590 ns, At safepoint: 10426 ns, Total: 50748 ns
[2024-10-16T02:19:23.103+0000][127][info ][safepoint   ] Safepoint "Cleanup", Time since last: 1000751052 ns, Reaching safepoint: 32650 ns, Cleanup: 19410 ns, At safepoint: 11866 ns, Total: 63926 ns
[2024-10-16T02:19:25.105+0000][127][info ][safepoint   ] Safepoint "Cleanup", Time since last: 2002144842 ns, Reaching safepoint: 23828 ns, Cleanup: 13734 ns, At safepoint: 10259 ns, Total: 47821 ns
[2024-10-16T02:19:27.107+0000][127][info ][safepoint   ] Safepoint "Cleanup", Time since last: 2001985683 ns, Reaching safepoint: 24108 ns, Cleanup: 12645 ns, At safepoint: 11355 ns, Total: 48108 ns
[2024-10-16T02:19:28.109+0000][127][info ][safepoint   ] Safepoint "Cleanup", Time since last: 1001051223 ns, Reaching safepoint: 38397 ns, Cleanup: 65633 ns, At safepoint: 26015 ns, Total: 130045 ns
[2024-10-16T02:19:29.130+0000][127][info ][safepoint   ] Safepoint "Cleanup", Time since last: 1021749473 ns, Reaching safepoint: 21565 ns, Cleanup: 14788 ns, At safepoint: 8711 ns, Total: 45064 ns
[2024-10-16T02:19:30.132+0000][127][info ][safepoint   ] Safepoint "Cleanup", Time since last: 1000982335 ns, Reaching safepoint: 53819 ns, Cleanup: 16449 ns, At safepoint: 9634 ns, Total: 79902 ns
[2024-10-16T02:19:31.134+0000][127][info ][safepoint   ] Safepoint "Cleanup", Time since last: 1001937532 ns, Reaching safepoint: 56480 ns, Cleanup: 16787 ns, At safepoint: 16966 ns, Total: 90233 ns
[2024-10-16T02:19:32.135+0000][127][info ][safepoint   ] Safepoint "Cleanup", Time since last: 1000897973 ns, Reaching safepoint: 31552 ns, Cleanup: 16370 ns, At safepoint: 10441 ns, Total: 58363 ns
[2024-10-16T02:19:32.996+0000][127][info ][safepoint   ] Safepoint "ICBufferFull", Time since last: 839597887 ns, Reaching safepoint: 14250348 ns, Cleanup: 335221 ns, At safepoint: 6909610 ns, Total: 21495179 ns
[2024-10-16T02:19:33.053+0000][127][info ][safepoint   ] Safepoint "ICBufferFull", Time since last: 42962085 ns, Reaching safepoint: 901943 ns, Cleanup: 28851 ns, At safepoint: 13264687 ns, Total: 14195481 ns
[2024-10-16T02:19:33.094+0000][127][info ][safepoint   ] Safepoint "ICBufferFull", Time since last: 655201 ns, Reaching safepoint: 923614 ns, Cleanup: 19615 ns, At safepoint: 38699862 ns, Total: 39643091 ns
[2024-10-16T02:19:34.281+0000][127][info ][safepoint   ] Safepoint "ICBufferFull", Time since last: 1183488311 ns, Reaching safepoint: 3288564 ns, Cleanup: 169693 ns, At safepoint: 122694 ns, Total: 3580951 ns
[2024-10-16T02:19:36.197+0000][127][info ][safepoint   ] Safepoint "Cleanup", Time since last: 1915933331 ns, Reaching safepoint: 7868 ns, Cleanup: 47621 ns, At safepoint: 116637 ns, Total: 172126 ns
[2024-10-16T02:19:37.779+0000][127][info ][safepoint   ] Safepoint "Cleanup", Time since last: 1582283339 ns, Reaching safepoint: 30390 ns, Cleanup: 39042 ns, At safepoint: 11949 ns, Total: 81381 ns
[2024-10-16T02:19:38.780+0000][127][info ][safepoint   ] Safepoint "Cleanup", Time since last: 1000586434 ns, Reaching safepoint: 24102 ns, Cleanup: 12926 ns, At safepoint: 10494 ns, Total: 47522 ns
[2024-10-16T02:19:40.021+0000][127][info ][safepoint   ] Safepoint "Cleanup", Time since last: 1241429118 ns, Reaching safepoint: 10358 ns, Cleanup: 15658 ns, At safepoint: 5828 ns, Total: 31844 ns
[2024-10-16T02:19:41.467+0000][127][info ][safepoint   ] Safepoint "Cleanup", Time since last: 1445369933 ns, Reaching safepoint: 37565 ns, Cleanup: 67919 ns, At safepoint: 16043 ns, Total: 121527 ns
[2024-10-16T02:19:42.622+0000][127][info ][safepoint   ] Safepoint "Cleanup", Time since last: 1152426019 ns, Reaching safepoint: 2273972 ns, Cleanup: 102547 ns, At safepoint: 89054 ns, Total: 2465573 ns
[2024-10-16T02:19:44.315+0000][127][info ][safepoint   ] Safepoint "Cleanup", Time since last: 1692508541 ns, Reaching safepoint: 909688 ns, Cleanup: 30825 ns, At safepoint: 81920 ns, Total: 1022433 ns
[2024-10-16T02:19:45.316+0000][127][info ][safepoint   ] Safepoint "Cleanup", Time since last: 1000945680 ns, Reaching safepoint: 22230 ns, Cleanup: 16404 ns, At safepoint: 9611 ns, Total: 48245 ns
[2024-10-16T02:19:46.317+0000][127][info ][safepoint   ] Safepoint "Cleanup", Time since last: 1001021061 ns, Reaching safepoint: 67293 ns, Cleanup: 33922 ns, At safepoint: 23690 ns, Total: 124905 ns
[2024-10-16T02:19:47.648+0000][127][info ][safepoint   ] Safepoint "Cleanup", Time since last: 1330748406 ns, Reaching safepoint: 16837 ns, Cleanup: 19828 ns, At safepoint: 6978 ns, Total: 43643 ns
[2024-10-16T02:19:49.020+0000][127][info ][safepoint   ] Safepoint "Cleanup", Time since last: 1371284713 ns, Reaching safepoint: 387831 ns, Cleanup: 20937 ns, At safepoint: 126076 ns, Total: 534844 ns
[2024-10-16T02:19:50.563+0000][127][info ][safepoint   ] Safepoint "Cleanup", Time since last: 1543081231 ns, Reaching safepoint: 20064 ns, Cleanup: 38411 ns, At safepoint: 10715 ns, Total: 69190 ns
[2024-10-16T02:19:52.565+0000][127][info ][safepoint   ] Safepoint "Cleanup", Time since last: 2001925501 ns, Reaching safepoint: 57256 ns, Cleanup: 80090 ns, At safepoint: 24475 ns, Total: 161821 ns
[2024-10-16T02:19:53.566+0000][127][info ][safepoint   ] Safepoint "Cleanup", Time since last: 1000877202 ns, Reaching safepoint: 78189 ns, Cleanup: 45399 ns, At safepoint: 67518 ns, Total: 191106 ns
[2024-10-16T02:19:57.570+0000][127][info ][safepoint   ] Safepoint "Cleanup", Time since last: 4003645489 ns, Reaching safepoint: 20176 ns, Cleanup: 12099 ns, At safepoint: 9377 ns, Total: 41652 ns
[2024-10-16T02:19:58.571+0000][127][info ][safepoint   ] Safepoint "Cleanup", Time since last: 1001101998 ns, Reaching safepoint: 22518 ns, Cleanup: 11618 ns, At safepoint: 10729 ns, Total: 44865 ns
[2024-10-16T02:20:02.577+0000][127][info ][safepoint   ] Safepoint "Cleanup", Time since last: 4004122290 ns, Reaching safepoint: 72659 ns, Cleanup: 22816 ns, At safepoint: 15632 ns, Total: 111107 ns
[2024-10-16T02:20:04.429+0000][127][info ][safepoint   ] Safepoint "Cleanup", Time since last: 1851210773 ns, Reaching safepoint: 357557 ns, Cleanup: 22037 ns, At safepoint: 513556 ns, Total: 893150 ns
[2024-10-16T02:20:05.561+0000][127][info ][safepoint   ] Safepoint "Cleanup", Time since last: 1131866831 ns, Reaching safepoint: 29413 ns, Cleanup: 19297 ns, At safepoint: 10910 ns, Total: 59620 ns
[2024-10-16T02:20:06.562+0000][127][info ][safepoint   ] Safepoint "Cleanup", Time since last: 1000569045 ns, Reaching safepoint: 29921 ns, Cleanup: 15229 ns, At safepoint: 15158 ns, Total: 60308 ns
[2024-10-16T02:20:07.570+0000][127][info ][safepoint   ] Safepoint "Cleanup", Time since last: 1000479751 ns, Reaching safepoint: 7488431 ns, Cleanup: 26916 ns, At safepoint: 150083 ns, Total: 7665430 ns
[2024-10-16T02:20:09.174+0000][127][info ][safepoint   ] Safepoint "Cleanup", Time since last: 1602220571 ns, Reaching safepoint: 1870072 ns, Cleanup: 33061 ns, At safepoint: 54773 ns, Total: 1957906 ns
[2024-10-16T02:20:10.175+0000][127][info ][safepoint   ] Safepoint "Cleanup", Time since last: 1000827093 ns, Reaching safepoint: 21899 ns, Cleanup: 19498 ns, At safepoint: 10231 ns, Total: 51628 ns
[2024-10-16T02:20:11.176+0000][127][info ][safepoint   ] Safepoint "Cleanup", Time since last: 1000963714 ns, Reaching safepoint: 26578 ns, Cleanup: 14625 ns, At safepoint: 11833 ns, Total: 53036 ns
[2024-10-16T02:20:12.920+0000][127][info ][safepoint   ] Safepoint "Cleanup", Time since last: 1742828121 ns, Reaching safepoint: 896876 ns, Cleanup: 16932 ns, At safepoint: 261415 ns, Total: 1175223 ns
[2024-10-16T02:20:14.116+0000][127][info ][safepoint   ] Safepoint "Cleanup", Time since last: 1195936625 ns, Reaching safepoint: 22565 ns, Cleanup: 49069 ns, At safepoint: 9875 ns, Total: 81509 ns
[2024-10-16T02:20:16.118+0000][127][info ][safepoint   ] Safepoint "Cleanup", Time since last: 2001738613 ns, Reaching safepoint: 29687 ns, Cleanup: 33110 ns, At safepoint: 13238 ns, Total: 76035 ns
[2024-10-16T02:20:17.119+0000][127][info ][safepoint   ] Safepoint "Cleanup", Time since last: 1000994628 ns, Reaching safepoint: 21595 ns, Cleanup: 11579 ns, At safepoint: 10366 ns, Total: 43540 ns
[2024-10-16T02:20:18.192+0000][127][info ][safepoint   ] Safepoint "Cleanup", Time since last: 1072942596 ns, Reaching safepoint: 6693 ns, Cleanup: 9147 ns, At safepoint: 5043 ns, Total: 20883 ns
[2024-10-16T02:20:19.212+0000][127][info ][safepoint   ] Safepoint "Cleanup", Time since last: 1020139884 ns, Reaching safepoint: 28513 ns, Cleanup: 23450 ns, At safepoint: 14504 ns, Total: 66467 ns
[2024-10-16T02:20:21.214+0000][127][info ][safepoint   ] Safepoint "Cleanup", Time since last: 2001871838 ns, Reaching safepoint: 29302 ns, Cleanup: 18140 ns, At safepoint: 15155 ns, Total: 62597 ns
[2024-10-16T02:20:22.215+0000][127][info ][safepoint   ] Safepoint "Cleanup", Time since last: 1000904800 ns, Reaching safepoint: 27225 ns, Cleanup: 17320 ns, At safepoint: 15288 ns, Total: 59833 ns
[2024-10-16T02:20:23.216+0000][127][info ][safepoint   ] Safepoint "Cleanup", Time since last: 1000893359 ns, Reaching safepoint: 28828 ns, Cleanup: 15500 ns, At safepoint: 15622 ns, Total: 59950 ns
[2024-10-16T02:20:27.220+0000][127][info ][safepoint   ] Safepoint "Cleanup", Time since last: 4003877373 ns, Reaching safepoint: 25439 ns, Cleanup: 18579 ns, At safepoint: 12441 ns, Total: 56459 ns
[2024-10-16T02:20:28.220+0000][127][info ][safepoint   ] Safepoint "Cleanup", Time since last: 1000787945 ns, Reaching safepoint: 34224 ns, Cleanup: 17661 ns, At safepoint: 13994 ns, Total: 65879 ns
[2024-10-16T02:20:31.224+0000][127][info ][safepoint   ] Safepoint "Cleanup", Time since last: 3002922026 ns, Reaching safepoint: 22157 ns, Cleanup: 12522 ns, At safepoint: 10670 ns, Total: 45349 ns
[2024-10-16T02:20:34.228+0000][127][info ][safepoint   ] Safepoint "Cleanup", Time since last: 3003310945 ns, Reaching safepoint: 46431 ns, Cleanup: 12463 ns, At safepoint: 9106 ns, Total: 68000 ns
[2024-10-16T02:20:37.233+0000][127][info ][safepoint   ] Safepoint "Cleanup", Time since last: 3004771727 ns, Reaching safepoint: 33012 ns, Cleanup: 196540 ns, At safepoint: 34837 ns, Total: 264389 ns
[2024-10-16T02:20:38.233+0000][127][info ][safepoint   ] Safepoint "Cleanup", Time since last: 1000586409 ns, Reaching safepoint: 25656 ns, Cleanup: 24840 ns, At safepoint: 9534 ns, Total: 60030 ns
[2024-10-16T02:20:40.238+0000][127][info ][safepoint   ] Safepoint "Cleanup", Time since last: 2004641053 ns, Reaching safepoint: 83069 ns, Cleanup: 42390 ns, At safepoint: 37324 ns, Total: 162783 ns
[2024-10-16T02:20:41.240+0000][127][info ][safepoint   ] Safepoint "Cleanup", Time since last: 1001473429 ns, Reaching safepoint: 25010 ns, Cleanup: 13055 ns, At safepoint: 12196 ns, Total: 50261 ns
[2024-10-16T02:20:42.241+0000][127][info ][safepoint   ] Safepoint "Cleanup", Time since last: 1001150611 ns, Reaching safepoint: 32440 ns, Cleanup: 14860 ns, At safepoint: 13098 ns, Total: 60398 ns
[2024-10-16T02:20:43.245+0000][127][info ][safepoint   ] Safepoint "Cleanup", Time since last: 1003747734 ns, Reaching safepoint: 32497 ns, Cleanup: 24257 ns, At safepoint: 13423 ns, Total: 70177 ns
[2024-10-16T02:20:45.249+0000][127][info ][safepoint   ] Safepoint "Cleanup", Time since last: 2004515546 ns, Reaching safepoint: 29065 ns, Cleanup: 29495 ns, At safepoint: 161663 ns, Total: 220223 ns
[2024-10-16T02:20:46.250+0000][127][info ][safepoint   ] Safepoint "Cleanup", Time since last: 1000836056 ns, Reaching safepoint: 24549 ns, Cleanup: 10024 ns, At safepoint: 9640 ns, Total: 44213 ns
[2024-10-16T02:20:48.253+0000][127][info ][safepoint   ] Safepoint "Cleanup", Time since last: 2001198155 ns, Reaching safepoint: 1047502 ns, Cleanup: 37068 ns, At safepoint: 188962 ns, Total: 1273532 ns
[2024-10-16T02:20:50.043+0000][127][info ][safepoint   ] Safepoint "Cleanup", Time since last: 1790508659 ns, Reaching safepoint: 36832 ns, Cleanup: 24303 ns, At safepoint: 14047 ns, Total: 75182 ns
[2024-10-16T02:20:52.109+0000][127][info ][safepoint   ] Safepoint "Cleanup", Time since last: 2063952216 ns, Reaching safepoint: 1145979 ns, Cleanup: 25526 ns, At safepoint: 117133 ns, Total: 1288638 ns
[2024-10-16T02:20:53.907+0000][127][info ][safepoint   ] Safepoint "Cleanup", Time since last: 1798255670 ns, Reaching safepoint: 39250 ns, Cleanup: 51580 ns, At safepoint: 11542 ns, Total: 102372 ns
[2024-10-16T02:20:55.908+0000][127][info ][safepoint   ] Safepoint "Cleanup", Time since last: 2001477715 ns, Reaching safepoint: 72772 ns, Cleanup: 18533 ns, At safepoint: 10954 ns, Total: 102259 ns
[2024-10-16T02:20:58.911+0000][127][info ][safepoint   ] Safepoint "Cleanup", Time since last: 3002900821 ns, Reaching safepoint: 21098 ns, Cleanup: 21228 ns, At safepoint: 9128 ns, Total: 51454 ns
[2024-10-16T02:21:01.916+0000][127][info ][safepoint   ] Safepoint "Cleanup", Time since last: 3003085989 ns, Reaching safepoint: 25649 ns, Cleanup: 16897 ns, At safepoint: 10214 ns, Total: 52760 ns
[2024-10-16T02:21:02.916+0000][127][info ][safepoint   ] Safepoint "Cleanup", Time since last: 1000847667 ns, Reaching safepoint: 46063 ns, Cleanup: 13308 ns, At safepoint: 9741 ns, Total: 69112 ns
[2024-10-16T02:21:04.918+0000][127][info ][safepoint   ] Safepoint "Cleanup", Time since last: 2001960721 ns, Reaching safepoint: 21483 ns, Cleanup: 13157 ns, At safepoint: 10334 ns, Total: 44974 ns
[2024-10-16T02:21:06.920+0000][127][info ][safepoint   ] Safepoint "Cleanup", Time since last: 2001902118 ns, Reaching safepoint: 29784 ns, Cleanup: 15363 ns, At safepoint: 12849 ns, Total: 57996 ns
[2024-10-16T02:21:07.921+0000][127][info ][safepoint   ] Safepoint "Cleanup", Time since last: 1000951126 ns, Reaching safepoint: 21303 ns, Cleanup: 14929 ns, At safepoint: 9996 ns, Total: 46228 ns
[2024-10-16T02:21:10.925+0000][127][info ][safepoint   ] Safepoint "Cleanup", Time since last: 3003035177 ns, Reaching safepoint: 32816 ns, Cleanup: 28536 ns, At safepoint: 16161 ns, Total: 77513 ns
[2024-10-16T02:21:13.927+0000][127][info ][safepoint   ] Safepoint "Cleanup", Time since last: 3002898350 ns, Reaching safepoint: 22900 ns, Cleanup: 11533 ns, At safepoint: 9815 ns, Total: 44248 ns
[2024-10-16T02:21:15.929+0000][127][info ][safepoint   ] Safepoint "Cleanup", Time since last: 2001914141 ns, Reaching safepoint: 24170 ns, Cleanup: 23595 ns, At safepoint: 10887 ns, Total: 58652 ns
[2024-10-16T02:21:16.933+0000][127][info ][safepoint   ] Safepoint "Cleanup", Time since last: 1003077379 ns, Reaching safepoint: 21460 ns, Cleanup: 25666 ns, At safepoint: 7096 ns, Total: 54222 ns
[2024-10-16T02:21:18.652+0000][127][info ][safepoint   ] Safepoint "Cleanup", Time since last: 1718852160 ns, Reaching safepoint: 24430 ns, Cleanup: 71805 ns, At safepoint: 20788 ns, Total: 117023 ns
[2024-10-16T02:21:21.993+0000][127][info ][safepoint   ] Safepoint "Cleanup", Time since last: 3341900613 ns, Reaching safepoint: 14354 ns, Cleanup: 9668 ns, At safepoint: 9537 ns, Total: 33559 ns
[2024-10-16T02:21:23.007+0000][127][info ][safepoint   ] Safepoint "Cleanup", Time since last: 1013952107 ns, Reaching safepoint: 22434 ns, Cleanup: 18240 ns, At safepoint: 10304 ns, Total: 50978 ns
[2024-10-16T02:21:27.356+0000][127][info ][safepoint   ] Safepoint "Cleanup", Time since last: 4348692060 ns, Reaching safepoint: 30884 ns, Cleanup: 58111 ns, At safepoint: 24522 ns, Total: 113517 ns
[2024-10-16T02:21:31.361+0000][127][info ][safepoint   ] Safepoint "Cleanup", Time since last: 4003968782 ns, Reaching safepoint: 20509 ns, Cleanup: 12617 ns, At safepoint: 9444 ns, Total: 42570 ns
[2024-10-16T02:21:32.362+0000][127][info ][safepoint   ] Safepoint "Cleanup", Time since last: 1001095222 ns, Reaching safepoint: 31595 ns, Cleanup: 16186 ns, At safepoint: 10167 ns, Total: 57948 ns
[2024-10-16T02:21:34.364+0000][127][info ][safepoint   ] Safepoint "Cleanup", Time since last: 2002024362 ns, Reaching safepoint: 45469 ns, Cleanup: 16953 ns, At safepoint: 9287 ns, Total: 71709 ns
[2024-10-16T02:21:35.365+0000][127][info ][safepoint   ] Safepoint "Cleanup", Time since last: 1000749440 ns, Reaching safepoint: 20215 ns, Cleanup: 12325 ns, At safepoint: 9669 ns, Total: 42209 ns
[2024-10-16T02:21:36.383+0000][127][info ][safepoint   ] Safepoint "Cleanup", Time since last: 1018136746 ns, Reaching safepoint: 23447 ns, Cleanup: 11636 ns, At safepoint: 9080 ns, Total: 44163 ns
[2024-10-16T02:21:37.384+0000][127][info ][safepoint   ] Safepoint "Cleanup", Time since last: 1001042743 ns, Reaching safepoint: 25152 ns, Cleanup: 27307 ns, At safepoint: 9902 ns, Total: 62361 ns
[2024-10-16T02:21:43.427+0000][127][info ][safepoint   ] Safepoint "Cleanup", Time since last: 6042914171 ns, Reaching safepoint: 28171 ns, Cleanup: 14561 ns, At safepoint: 13415 ns, Total: 56147 ns
[2024-10-16T02:21:45.429+0000][127][info ][safepoint   ] Safepoint "Cleanup", Time since last: 2001609389 ns, Reaching safepoint: 36652 ns, Cleanup: 21423 ns, At safepoint: 9716 ns, Total: 67791 ns
[2024-10-16T02:21:46.430+0000][127][info ][safepoint   ] Safepoint "Cleanup", Time since last: 1000919121 ns, Reaching safepoint: 22446 ns, Cleanup: 13457 ns, At safepoint: 9929 ns, Total: 45832 ns
[2024-10-16T02:21:49.139+0000][127][info ][safepoint   ] Safepoint "Cleanup", Time since last: 2708550292 ns, Reaching safepoint: 35599 ns, Cleanup: 24007 ns, At safepoint: 12293 ns, Total: 71899 ns
[2024-10-16T02:21:50.141+0000][127][info ][safepoint   ] Safepoint "Cleanup", Time since last: 1002645306 ns, Reaching safepoint: 21180 ns, Cleanup: 12158 ns, At safepoint: 9803 ns, Total: 43141 ns
[2024-10-16T02:21:52.143+0000][127][info ][safepoint   ] Safepoint "Cleanup", Time since last: 2001625650 ns, Reaching safepoint: 24526 ns, Cleanup: 48800 ns, At safepoint: 42146 ns, Total: 115472 ns
[2024-10-16T02:21:53.144+0000][127][info ][safepoint   ] Safepoint "Cleanup", Time since last: 1001004370 ns, Reaching safepoint: 27391 ns, Cleanup: 102675 ns, At safepoint: 18603 ns, Total: 148669 ns
[2024-10-16T02:21:54.400+0000][127][info ][safepoint   ] Safepoint "Cleanup", Time since last: 1255828807 ns, Reaching safepoint: 7650 ns, Cleanup: 12437 ns, At safepoint: 5311 ns, Total: 25398 ns
[2024-10-16T02:21:55.997+0000][127][info ][safepoint   ] Safepoint "Cleanup", Time since last: 1596541297 ns, Reaching safepoint: 7541 ns, Cleanup: 29369 ns, At safepoint: 5616 ns, Total: 42526 ns
[2024-10-16T02:21:58.019+0000][127][info ][safepoint   ] Safepoint "Cleanup", Time since last: 2022410404 ns, Reaching safepoint: 28274 ns, Cleanup: 16430 ns, At safepoint: 10773 ns, Total: 55477 ns
[2024-10-16T02:22:02.995+0000][127][info ][safepoint   ] Safepoint "Cleanup", Time since last: 5005247618 ns, Reaching safepoint: 36810 ns, Cleanup: 18618 ns, At safepoint: 17840 ns, Total: 73268 ns
[2024-10-16T02:22:07.011+0000][127][info ][safepoint   ] Safepoint "Cleanup", Time since last: 4015636138 ns, Reaching safepoint: 58385 ns, Cleanup: 11298 ns, At safepoint: 9305 ns, Total: 78988 ns
[2024-10-16T02:22:08.012+0000][127][info ][safepoint   ] Safepoint "Cleanup", Time since last: 1001116612 ns, Reaching safepoint: 29550 ns, Cleanup: 26568 ns, At safepoint: 17430 ns, Total: 73548 ns
[2024-10-16T02:22:09.013+0000][127][info ][safepoint   ] Safepoint "Cleanup", Time since last: 1000667754 ns, Reaching safepoint: 29063 ns, Cleanup: 14977 ns, At safepoint: 12149 ns, Total: 56189 ns
[2024-10-16T02:22:11.015+0000][127][info ][safepoint   ] Safepoint "Cleanup", Time since last: 2002207814 ns, Reaching safepoint: 29945 ns, Cleanup: 15559 ns, At safepoint: 11202 ns, Total: 56706 ns
[2024-10-16T02:22:13.017+0000][127][info ][safepoint   ] Safepoint "Cleanup", Time since last: 2001586703 ns, Reaching safepoint: 124290 ns, Cleanup: 60027 ns, At safepoint: 21819 ns, Total: 206136 ns
[2024-10-16T02:22:16.020+0000][127][info ][safepoint   ] Safepoint "Cleanup", Time since last: 3003206282 ns, Reaching safepoint: 32060 ns, Cleanup: 44546 ns, At safepoint: 11306 ns, Total: 87912 ns
[2024-10-16T02:22:20.982+0000][127][info ][safepoint   ] Safepoint "Cleanup", Time since last: 4960854396 ns, Reaching safepoint: 728404 ns, Cleanup: 45596 ns, At safepoint: 327818 ns, Total: 1101818 ns
[2024-10-16T02:22:22.239+0000][127][info ][safepoint   ] Safepoint "Cleanup", Time since last: 1256854497 ns, Reaching safepoint: 31323 ns, Cleanup: 53433 ns, At safepoint: 15237 ns, Total: 99993 ns
[2024-10-16T02:22:23.707+0000][127][info ][safepoint   ] Safepoint "Cleanup", Time since last: 1468060904 ns, Reaching safepoint: 8227 ns, Cleanup: 14754 ns, At safepoint: 5284 ns, Total: 28265 ns
[2024-10-16T02:22:26.054+0000][127][info ][safepoint   ] Safepoint "Cleanup", Time since last: 2346935585 ns, Reaching safepoint: 6225 ns, Cleanup: 5232 ns, At safepoint: 4175 ns, Total: 15632 ns
[2024-10-16T02:22:27.057+0000][127][info ][safepoint   ] Safepoint "Cleanup", Time since last: 1003063449 ns, Reaching safepoint: 26552 ns, Cleanup: 14796 ns, At safepoint: 12383 ns, Total: 53731 ns
[2024-10-16T02:22:28.741+0000][127][info ][safepoint   ] Safepoint "Cleanup", Time since last: 1683668067 ns, Reaching safepoint: 21123 ns, Cleanup: 11497 ns, At safepoint: 10028 ns, Total: 42648 ns
[2024-10-16T02:22:32.777+0000][127][info ][safepoint   ] Safepoint "Cleanup", Time since last: 4004755899 ns, Reaching safepoint: 23386 ns, Cleanup: 14200 ns, At safepoint: 9103 ns, Total: 46689 ns
[2024-10-16T02:22:36.780+0000][127][info ][safepoint   ] Safepoint "Cleanup", Time since last: 4003252312 ns, Reaching safepoint: 49380 ns, Cleanup: 23797 ns, At safepoint: 9305 ns, Total: 82482 ns
[2024-10-16T02:22:37.781+0000][127][info ][safepoint   ] Safepoint "Cleanup", Time since last: 1000647097 ns, Reaching safepoint: 20292 ns, Cleanup: 15084 ns, At safepoint: 9310 ns, Total: 44686 ns
[2024-10-16T02:22:38.782+0000][127][info ][safepoint   ] Safepoint "Cleanup", Time since last: 1000938088 ns, Reaching safepoint: 20954 ns, Cleanup: 15842 ns, At safepoint: 10121 ns, Total: 46917 ns
[2024-10-16T02:22:43.788+0000][127][info ][safepoint   ] Safepoint "Cleanup", Time since last: 5005434873 ns, Reaching safepoint: 79938 ns, Cleanup: 18963 ns, At safepoint: 11835 ns, Total: 110736 ns
[2024-10-16T02:22:45.789+0000][127][info ][safepoint   ] Safepoint "Cleanup", Time since last: 2001622507 ns, Reaching safepoint: 22391 ns, Cleanup: 13640 ns, At safepoint: 9654 ns, Total: 45685 ns
[2024-10-16T02:22:47.791+0000][127][info ][safepoint   ] Safepoint "Cleanup", Time since last: 2001866801 ns, Reaching safepoint: 21436 ns, Cleanup: 12051 ns, At safepoint: 10011 ns, Total: 43498 ns
[2024-10-16T02:22:48.792+0000][127][info ][safepoint   ] Safepoint "Cleanup", Time since last: 1000896550 ns, Reaching safepoint: 24361 ns, Cleanup: 15042 ns, At safepoint: 9557 ns, Total: 48960 ns
[2024-10-16T02:22:50.252+0000][127][info ][safepoint   ] Safepoint "Cleanup", Time since last: 1459995701 ns, Reaching safepoint: 25198 ns, Cleanup: 16880 ns, At safepoint: 9928 ns, Total: 52006 ns
[2024-10-16T02:22:51.253+0000][127][info ][safepoint   ] Safepoint "Cleanup", Time since last: 1001242413 ns, Reaching safepoint: 32066 ns, Cleanup: 15890 ns, At safepoint: 15112 ns, Total: 63068 ns
[2024-10-16T02:22:52.844+0000][127][info ][safepoint   ] Safepoint "Cleanup", Time since last: 1590497355 ns, Reaching safepoint: 22533 ns, Cleanup: 20350 ns, At safepoint: 10706 ns, Total: 53589 ns
[2024-10-16T02:22:53.930+0000][127][info ][safepoint   ] Safepoint "Cleanup", Time since last: 1086226745 ns, Reaching safepoint: 27810 ns, Cleanup: 21922 ns, At safepoint: 11422 ns, Total: 61154 ns
[2024-10-16T02:22:55.932+0000][127][info ][safepoint   ] Safepoint "Cleanup", Time since last: 2001947642 ns, Reaching safepoint: 21181 ns, Cleanup: 12019 ns, At safepoint: 9323 ns, Total: 42523 ns
[2024-10-16T02:22:57.934+0000][127][info ][safepoint   ] Safepoint "Cleanup", Time since last: 2002059627 ns, Reaching safepoint: 21321 ns, Cleanup: 12334 ns, At safepoint: 9888 ns, Total: 43543 ns
[2024-10-16T02:22:59.112+0000][127][info ][safepoint   ] Safepoint "Cleanup", Time since last: 1177755638 ns, Reaching safepoint: 6874 ns, Cleanup: 27976 ns, At safepoint: 5066 ns, Total: 39916 ns
[2024-10-16T02:23:01.149+0000][127][info ][safepoint   ] Safepoint "Cleanup", Time since last: 2036937618 ns, Reaching safepoint: 21923 ns, Cleanup: 12891 ns, At safepoint: 10641 ns, Total: 45455 ns
[2024-10-16T02:23:03.152+0000][127][info ][safepoint   ] Safepoint "Cleanup", Time since last: 2002140319 ns, Reaching safepoint: 121117 ns, Cleanup: 92425 ns, At safepoint: 57557 ns, Total: 271099 ns
[2024-10-16T02:23:06.155+0000][127][info ][safepoint   ] Safepoint "Cleanup", Time since last: 3003336632 ns, Reaching safepoint: 77806 ns, Cleanup: 14657 ns, At safepoint: 37802 ns, Total: 130265 ns
[2024-10-16T02:23:07.157+0000][127][info ][safepoint   ] Safepoint "Cleanup", Time since last: 1001342207 ns, Reaching safepoint: 24454 ns, Cleanup: 14869 ns, At safepoint: 9768 ns, Total: 49091 ns
[2024-10-16T02:23:10.159+0000][127][info ][safepoint   ] Safepoint "Cleanup", Time since last: 3002578420 ns, Reaching safepoint: 26744 ns, Cleanup: 14255 ns, At safepoint: 11099 ns, Total: 52098 ns
[2024-10-16T02:23:16.166+0000][127][info ][safepoint   ] Safepoint "Cleanup", Time since last: 6006157103 ns, Reaching safepoint: 27856 ns, Cleanup: 22694 ns, At safepoint: 13326 ns, Total: 63876 ns
[2024-10-16T02:23:17.166+0000][127][info ][safepoint   ] Safepoint "Cleanup", Time since last: 1000872516 ns, Reaching safepoint: 20786 ns, Cleanup: 12982 ns, At safepoint: 6957 ns, Total: 40725 ns
[2024-10-16T02:23:18.167+0000][127][info ][safepoint   ] Safepoint "Cleanup", Time since last: 1000895980 ns, Reaching safepoint: 22552 ns, Cleanup: 16235 ns, At safepoint: 10947 ns, Total: 49734 ns
[2024-10-16T02:23:19.168+0000][127][info ][safepoint   ] Safepoint "Cleanup", Time since last: 1001025370 ns, Reaching safepoint: 30805 ns, Cleanup: 12695 ns, At safepoint: 10146 ns, Total: 53646 ns
[2024-10-16T02:23:25.095+0000][127][info ][safepoint   ] Safepoint "Cleanup", Time since last: 5923563730 ns, Reaching safepoint: 3272698 ns, Cleanup: 20772 ns, At safepoint: 139030 ns, Total: 3432500 ns
[2024-10-16T02:23:26.475+0000][127][info ][safepoint   ] Safepoint "Cleanup", Time since last: 1379132331 ns, Reaching safepoint: 87513 ns, Cleanup: 64108 ns, At safepoint: 31803 ns, Total: 183424 ns
[2024-10-16T02:23:27.478+0000][127][info ][safepoint   ] Safepoint "Cleanup", Time since last: 1002953588 ns, Reaching safepoint: 53023 ns, Cleanup: 18480 ns, At safepoint: 14295 ns, Total: 85798 ns
[2024-10-16T02:23:28.664+0000][127][info ][safepoint   ] Safepoint "Cleanup", Time since last: 1186418488 ns, Reaching safepoint: 23850 ns, Cleanup: 18971 ns, At safepoint: 10128 ns, Total: 52949 ns
[2024-10-16T02:23:30.166+0000][127][info ][safepoint   ] Safepoint "Cleanup", Time since last: 1500530100 ns, Reaching safepoint: 7464 ns, Cleanup: 7136 ns, At safepoint: 4934 ns, Total: 19534 ns
[2024-10-16T02:23:31.185+0000][127][info ][safepoint   ] Safepoint "Cleanup", Time since last: 1018560477 ns, Reaching safepoint: 108102 ns, Cleanup: 54566 ns, At safepoint: 69993 ns, Total: 232661 ns
[2024-10-16T02:23:33.187+0000][127][info ][safepoint   ] Safepoint "Cleanup", Time since last: 2001926690 ns, Reaching safepoint: 22551 ns, Cleanup: 13529 ns, At safepoint: 9638 ns, Total: 45718 ns
[2024-10-16T02:23:34.188+0000][127][info ][safepoint   ] Safepoint "Cleanup", Time since last: 1000723510 ns, Reaching safepoint: 21795 ns, Cleanup: 49876 ns, At safepoint: 61611 ns, Total: 133282 ns
[2024-10-16T02:23:37.191+0000][127][info ][safepoint   ] Safepoint "Cleanup", Time since last: 3003040692 ns, Reaching safepoint: 22231 ns, Cleanup: 16535 ns, At safepoint: 9491 ns, Total: 48257 ns
[2024-10-16T02:23:40.194+0000][127][info ][safepoint   ] Safepoint "Cleanup", Time since last: 3002820367 ns, Reaching safepoint: 29790 ns, Cleanup: 16788 ns, At safepoint: 13722 ns, Total: 60300 ns
[2024-10-16T02:23:43.204+0000][127][info ][safepoint   ] Safepoint "Cleanup", Time since last: 3010065038 ns, Reaching safepoint: 100363 ns, Cleanup: 52549 ns, At safepoint: 16995 ns, Total: 169907 ns
[2024-10-16T02:23:45.273+0000][127][info ][safepoint   ] Safepoint "Cleanup", Time since last: 2068752118 ns, Reaching safepoint: 92669 ns, Cleanup: 15158 ns, At safepoint: 9736 ns, Total: 117563 ns
[2024-10-16T02:23:48.280+0000][127][info ][safepoint   ] Safepoint "Cleanup", Time since last: 3006907112 ns, Reaching safepoint: 30694 ns, Cleanup: 12321 ns, At safepoint: 10253 ns, Total: 53268 ns
[2024-10-16T02:23:49.281+0000][127][info ][safepoint   ] Safepoint "Cleanup", Time since last: 1000997967 ns, Reaching safepoint: 21117 ns, Cleanup: 12643 ns, At safepoint: 10567 ns, Total: 44327 ns
[2024-10-16T02:23:52.315+0000][127][info ][safepoint   ] Safepoint "Cleanup", Time since last: 3033818604 ns, Reaching safepoint: 44121 ns, Cleanup: 11759 ns, At safepoint: 9391 ns, Total: 65271 ns
[2024-10-16T02:23:53.344+0000][127][info ][safepoint   ] Safepoint "Cleanup", Time since last: 1029099452 ns, Reaching safepoint: 205945 ns, Cleanup: 79593 ns, At safepoint: 195778 ns, Total: 481316 ns
[2024-10-16T02:23:54.346+0000][127][info ][safepoint   ] Safepoint "Cleanup", Time since last: 1001342199 ns, Reaching safepoint: 20703 ns, Cleanup: 12073 ns, At safepoint: 9881 ns, Total: 42657 ns
[2024-10-16T02:23:56.348+0000][127][info ][safepoint   ] Safepoint "Cleanup", Time since last: 2002010931 ns, Reaching safepoint: 36075 ns, Cleanup: 15791 ns, At safepoint: 15567 ns, Total: 67433 ns
[2024-10-16T02:23:57.349+0000][127][info ][safepoint   ] Safepoint "Cleanup", Time since last: 1000742650 ns, Reaching safepoint: 33108 ns, Cleanup: 28180 ns, At safepoint: 12211 ns, Total: 73499 ns
[2024-10-16T02:23:58.383+0000][127][info ][safepoint   ] Safepoint "Cleanup", Time since last: 1003214525 ns, Reaching safepoint: 31387366 ns, Cleanup: 23199 ns, At safepoint: 147596 ns, Total: 31558161 ns
[2024-10-16T02:23:59.718+0000][127][info ][safepoint   ] Safepoint "Cleanup", Time since last: 1334285037 ns, Reaching safepoint: 21757 ns, Cleanup: 13590 ns, At safepoint: 10164 ns, Total: 45511 ns
[2024-10-16T02:24:01.275+0000][127][info ][safepoint   ] Safepoint "Cleanup", Time since last: 1557036160 ns, Reaching safepoint: 7152 ns, Cleanup: 15686 ns, At safepoint: 3496 ns, Total: 26334 ns
[2024-10-16T02:24:01.761+0000][127][info ][gc,start    ] GC(19) Pause Young (Concurrent Start) (CodeCache GC Threshold)
[2024-10-16T02:24:01.762+0000][127][info ][gc,task     ] GC(19) Using 4 workers of 4 for evacuation
[2024-10-16T02:24:01.762+0000][127][debug][gc,age      ] GC(19) Desired survivor size 85983232 bytes, new threshold 15 (max threshold 15)
[2024-10-16T02:24:01.809+0000][127][info ][gc,phases   ] GC(19)   Pre Evacuate Collection Set: 2.79ms
[2024-10-16T02:24:01.809+0000][127][info ][gc,phases   ] GC(19)   Merge Heap Roots: 1.45ms
[2024-10-16T02:24:01.809+0000][127][info ][gc,phases   ] GC(19)   Evacuate Collection Set: 33.38ms
[2024-10-16T02:24:01.809+0000][127][info ][gc,phases   ] GC(19)   Post Evacuate Collection Set: 8.63ms
[2024-10-16T02:24:01.809+0000][127][info ][gc,phases   ] GC(19)   Other: 0.91ms
[2024-10-16T02:24:01.809+0000][127][trace][gc,age      ] GC(19) Age table with threshold 15 (max threshold 15)
[2024-10-16T02:24:01.809+0000][127][trace][gc,age      ] GC(19) - age   1:    7921280 bytes,    7921280 total
[2024-10-16T02:24:01.809+0000][127][trace][gc,age      ] GC(19) - age   2:    1760200 bytes,    9681480 total
[2024-10-16T02:24:01.809+0000][127][info ][gc,heap     ] GC(19) Eden regions: 319->0(349)
[2024-10-16T02:24:01.809+0000][127][info ][gc,heap     ] GC(19) Survivor regions: 2->3(41)
[2024-10-16T02:24:01.809+0000][127][info ][gc,heap     ] GC(19) Old regions: 37->37
[2024-10-16T02:24:01.809+0000][127][info ][gc,heap     ] GC(19) Humongous regions: 2->2
[2024-10-16T02:24:01.809+0000][127][info ][gc,metaspace] GC(19) Metaspace: 159915K(164352K)->159915K(164352K) NonClass: 137682K(140096K)->137682K(140096K) Class: 22232K(24256K)->22232K(24256K)
[2024-10-16T02:24:01.809+0000][127][info ][gc          ] GC(19) Pause Young (Concurrent Start) (CodeCache GC Threshold) 1434M->166M(5476M) 47.530ms
[2024-10-16T02:24:01.809+0000][127][info ][gc,cpu      ] GC(19) User=0.15s Sys=0.00s Real=0.05s
[2024-10-16T02:24:01.809+0000][127][info ][safepoint   ] Safepoint "G1TryInitiateConcMark", Time since last: 485988207 ns, Reaching safepoint: 26846 ns, Cleanup: 21142 ns, At safepoint: 47817261 ns, Total: 47865249 ns
[2024-10-16T02:24:01.809+0000][127][info ][gc          ] GC(20) Concurrent Mark Cycle
[2024-10-16T02:24:01.809+0000][127][info ][gc,marking  ] GC(20) Concurrent Scan Root Regions
[2024-10-16T02:24:01.834+0000][127][info ][gc,marking  ] GC(20) Concurrent Scan Root Regions 24.485ms
[2024-10-16T02:24:01.834+0000][127][info ][gc,marking  ] GC(20) Concurrent Mark
[2024-10-16T02:24:01.834+0000][127][info ][gc,marking  ] GC(20) Concurrent Mark From Roots
[2024-10-16T02:24:01.834+0000][127][info ][gc,task     ] GC(20) Using 1 workers of 1 for marking
[2024-10-16T02:24:02.497+0000][127][info ][gc,marking  ] GC(20) Concurrent Mark From Roots 663.171ms
[2024-10-16T02:24:02.497+0000][127][info ][gc,marking  ] GC(20) Concurrent Preclean
[2024-10-16T02:24:02.498+0000][127][info ][gc,marking  ] GC(20) Concurrent Preclean 1.025ms
[2024-10-16T02:24:02.499+0000][127][info ][gc,start    ] GC(20) Pause Remark
[2024-10-16T02:24:02.755+0000][127][info ][gc,mmu      ] GC(20) MMU target violated: 201.0ms (200.0ms/201.0ms)
[2024-10-16T02:24:02.755+0000][127][info ][gc          ] GC(20) Pause Remark 179M->179M(5476M) 256.510ms
[2024-10-16T02:24:02.755+0000][127][info ][gc,cpu      ] GC(20) User=0.84s Sys=0.03s Real=0.25s
[2024-10-16T02:24:02.755+0000][127][info ][safepoint   ] Safepoint "G1PauseRemark", Time since last: 689294988 ns, Reaching safepoint: 32087 ns, Cleanup: 41595 ns, At safepoint: 256838214 ns, Total: 256911896 ns
[2024-10-16T02:24:02.760+0000][127][info ][gc,marking  ] GC(20) Concurrent Mark 925.542ms
[2024-10-16T02:24:02.760+0000][127][info ][gc,marking  ] GC(20) Concurrent Rebuild Remembered Sets and Scrub Regions
[2024-10-16T02:24:03.001+0000][127][info ][gc,marking  ] GC(20) Concurrent Rebuild Remembered Sets and Scrub Regions 241.389ms
[2024-10-16T02:24:03.004+0000][127][info ][gc,start    ] GC(20) Pause Cleanup
[2024-10-16T02:24:03.004+0000][127][info ][gc          ] GC(20) Pause Cleanup 180M->180M(5476M) 0.605ms
[2024-10-16T02:24:03.005+0000][127][info ][gc,cpu      ] GC(20) User=0.01s Sys=0.00s Real=0.00s
[2024-10-16T02:24:03.005+0000][127][info ][safepoint   ] Safepoint "G1PauseCleanup", Time since last: 246600566 ns, Reaching safepoint: 1403914 ns, Cleanup: 210134 ns, At safepoint: 967080 ns, Total: 2581128 ns
[2024-10-16T02:24:03.005+0000][127][info ][gc,marking  ] GC(20) Concurrent Clear Claimed Marks
[2024-10-16T02:24:03.005+0000][127][info ][gc,marking  ] GC(20) Concurrent Clear Claimed Marks 0.451ms
[2024-10-16T02:24:03.005+0000][127][info ][gc,marking  ] GC(20) Concurrent Cleanup for Next Mark
[2024-10-16T02:24:03.048+0000][127][info ][gc,marking  ] GC(20) Concurrent Cleanup for Next Mark 42.587ms
[2024-10-16T02:24:03.048+0000][127][info ][gc          ] GC(20) Concurrent Mark Cycle 1238.795ms
[2024-10-16T02:24:04.803+0000][127][info ][safepoint   ] Safepoint "Cleanup", Time since last: 1798594251 ns, Reaching safepoint: 70897 ns, Cleanup: 19924 ns, At safepoint: 17558 ns, Total: 108379 ns
[2024-10-16T02:24:07.820+0000][127][info ][safepoint   ] Safepoint "Cleanup", Time since last: 3016888433 ns, Reaching safepoint: 87930 ns, Cleanup: 104870 ns, At safepoint: 27083 ns, Total: 219883 ns
[2024-10-16T02:24:12.825+0000][127][info ][safepoint   ] Safepoint "Cleanup", Time since last: 5004889299 ns, Reaching safepoint: 20680 ns, Cleanup: 11749 ns, At safepoint: 9030 ns, Total: 41459 ns
[2024-10-16T02:24:13.826+0000][127][info ][safepoint   ] Safepoint "Cleanup", Time since last: 1000790755 ns, Reaching safepoint: 23066 ns, Cleanup: 13989 ns, At safepoint: 9810 ns, Total: 46865 ns
[2024-10-16T02:24:16.829+0000][127][info ][safepoint   ] Safepoint "Cleanup", Time since last: 3003008627 ns, Reaching safepoint: 32637 ns, Cleanup: 20488 ns, At safepoint: 127517 ns, Total: 180642 ns
[2024-10-16T02:24:17.830+0000][127][info ][safepoint   ] Safepoint "Cleanup", Time since last: 1000915509 ns, Reaching safepoint: 21156 ns, Cleanup: 10431 ns, At safepoint: 9106 ns, Total: 40693 ns
[2024-10-16T02:24:18.831+0000][127][info ][safepoint   ] Safepoint "Cleanup", Time since last: 1001010002 ns, Reaching safepoint: 26251 ns, Cleanup: 17831 ns, At safepoint: 9487 ns, Total: 53569 ns
[2024-10-16T02:24:19.832+0000][127][info ][safepoint   ] Safepoint "Cleanup", Time since last: 1000827228 ns, Reaching safepoint: 20915 ns, Cleanup: 15584 ns, At safepoint: 8996 ns, Total: 45495 ns
[2024-10-16T02:24:22.835+0000][127][info ][safepoint   ] Safepoint "Cleanup", Time since last: 3002839424 ns, Reaching safepoint: 116562 ns, Cleanup: 17437 ns, At safepoint: 12926 ns, Total: 146925 ns
[2024-10-16T02:24:26.839+0000][127][info ][safepoint   ] Safepoint "Cleanup", Time since last: 4003987084 ns, Reaching safepoint: 24310 ns, Cleanup: 12702 ns, At safepoint: 10223 ns, Total: 47235 ns
[2024-10-16T02:24:28.842+0000][127][info ][safepoint   ] Safepoint "Cleanup", Time since last: 2002172718 ns, Reaching safepoint: 32815 ns, Cleanup: 14246 ns, At safepoint: 12967 ns, Total: 60028 ns
[2024-10-16T02:24:30.115+0000][127][info ][safepoint   ] Safepoint "Cleanup", Time since last: 1271785236 ns, Reaching safepoint: 21413 ns, Cleanup: 19424 ns, At safepoint: 9549 ns, Total: 50386 ns
[2024-10-16T02:24:31.118+0000][127][info ][safepoint   ] Safepoint "Cleanup", Time since last: 1000958036 ns, Reaching safepoint: 888849 ns, Cleanup: 85716 ns, At safepoint: 1554966 ns, Total: 2529531 ns
[2024-10-16T02:24:32.769+0000][127][info ][safepoint   ] Safepoint "Cleanup", Time since last: 1650858247 ns, Reaching safepoint: 10929 ns, Cleanup: 17880 ns, At safepoint: 7156 ns, Total: 35965 ns
[2024-10-16T02:24:34.021+0000][127][info ][safepoint   ] Safepoint "Cleanup", Time since last: 1252107193 ns, Reaching safepoint: 173685 ns, Cleanup: 9472 ns, At safepoint: 61560 ns, Total: 244717 ns
[2024-10-16T02:24:35.057+0000][127][info ][safepoint   ] Safepoint "Cleanup", Time since last: 1035184560 ns, Reaching safepoint: 22437 ns, Cleanup: 13726 ns, At safepoint: 8996 ns, Total: 45159 ns
[2024-10-16T02:24:37.058+0000][127][info ][safepoint   ] Safepoint "Cleanup", Time since last: 2000830392 ns, Reaching safepoint: 26703 ns, Cleanup: 25001 ns, At safepoint: 46339 ns, Total: 98043 ns
[2024-10-16T02:24:38.102+0000][127][info ][safepoint   ] Safepoint "Cleanup", Time since last: 1043298415 ns, Reaching safepoint: 770903 ns, Cleanup: 17249 ns, At safepoint: 107057 ns, Total: 895209 ns
[2024-10-16T02:24:40.134+0000][127][info ][safepoint   ] Safepoint "Cleanup", Time since last: 2032460288 ns, Reaching safepoint: 14192 ns, Cleanup: 14921 ns, At safepoint: 121016 ns, Total: 150129 ns
[2024-10-16T02:24:41.560+0000][127][info ][safepoint   ] Safepoint "Cleanup", Time since last: 1425161837 ns, Reaching safepoint: 22130 ns, Cleanup: 19145 ns, At safepoint: 9609 ns, Total: 50884 ns
[2024-10-16T02:24:42.600+0000][127][info ][safepoint   ] Safepoint "Cleanup", Time since last: 1039971544 ns, Reaching safepoint: 43889 ns, Cleanup: 36583 ns, At safepoint: 15554 ns, Total: 96026 ns
[2024-10-16T02:24:48.264+0000][127][info ][safepoint   ] Safepoint "Cleanup", Time since last: 5663959438 ns, Reaching safepoint: 12084 ns, Cleanup: 8684 ns, At safepoint: 9156 ns, Total: 29924 ns
[2024-10-16T02:24:55.466+0000][127][info ][safepoint   ] Safepoint "Cleanup", Time since last: 7201863613 ns, Reaching safepoint: 36547 ns, Cleanup: 33247 ns, At safepoint: 21017 ns, Total: 90811 ns
[2024-10-16T02:24:57.468+0000][127][info ][safepoint   ] Safepoint "Cleanup", Time since last: 2001846893 ns, Reaching safepoint: 25556 ns, Cleanup: 12048 ns, At safepoint: 49959 ns, Total: 87563 ns
[2024-10-16T02:25:02.544+0000][127][info ][safepoint   ] Safepoint "Cleanup", Time since last: 5076536904 ns, Reaching safepoint: 38683 ns, Cleanup: 31366 ns, At safepoint: 335296 ns, Total: 405345 ns
[2024-10-16T02:25:04.192+0000][127][info ][safepoint   ] Safepoint "Cleanup", Time since last: 1647036076 ns, Reaching safepoint: 1149169 ns, Cleanup: 29379 ns, At safepoint: 128083 ns, Total: 1306631 ns
[2024-10-16T02:25:05.835+0000][127][info ][safepoint   ] Safepoint "Cleanup", Time since last: 1642208892 ns, Reaching safepoint: 28176 ns, Cleanup: 64216 ns, At safepoint: 63870 ns, Total: 156262 ns
[2024-10-16T02:25:07.842+0000][127][info ][safepoint   ] Safepoint "Cleanup", Time since last: 2007428930 ns, Reaching safepoint: 51419 ns, Cleanup: 13118 ns, At safepoint: 12099 ns, Total: 76636 ns
[2024-10-16T02:25:12.849+0000][127][info ][safepoint   ] Safepoint "Cleanup", Time since last: 5006987778 ns, Reaching safepoint: 20145 ns, Cleanup: 12067 ns, At safepoint: 9566 ns, Total: 41778 ns
[2024-10-16T02:25:13.850+0000][127][info ][safepoint   ] Safepoint "Cleanup", Time since last: 1000695606 ns, Reaching safepoint: 21212 ns, Cleanup: 12135 ns, At safepoint: 10488 ns, Total: 43835 ns
[2024-10-16T02:25:16.864+0000][127][info ][safepoint   ] Safepoint "Cleanup", Time since last: 3014301173 ns, Reaching safepoint: 20767 ns, Cleanup: 12387 ns, At safepoint: 10420 ns, Total: 43574 ns
[2024-10-16T02:25:17.865+0000][127][info ][safepoint   ] Safepoint "Cleanup", Time since last: 1000762226 ns, Reaching safepoint: 29503 ns, Cleanup: 16262 ns, At safepoint: 13966 ns, Total: 59731 ns
[2024-10-16T02:25:18.866+0000][127][info ][safepoint   ] Safepoint "Cleanup", Time since last: 1000894528 ns, Reaching safepoint: 22493 ns, Cleanup: 12321 ns, At safepoint: 10163 ns, Total: 44977 ns
[2024-10-16T02:25:22.870+0000][127][info ][safepoint   ] Safepoint "Cleanup", Time since last: 4004164554 ns, Reaching safepoint: 20718 ns, Cleanup: 13668 ns, At safepoint: 9275 ns, Total: 43661 ns
[2024-10-16T02:25:27.874+0000][127][info ][safepoint   ] Safepoint "Cleanup", Time since last: 5003936942 ns, Reaching safepoint: 46455 ns, Cleanup: 14800 ns, At safepoint: 8971 ns, Total: 70226 ns
[2024-10-16T02:25:30.879+0000][127][info ][safepoint   ] Safepoint "Cleanup", Time since last: 3002808395 ns, Reaching safepoint: 185979 ns, Cleanup: 21883 ns, At safepoint: 48642 ns, Total: 256504 ns
[2024-10-16T02:25:31.902+0000][127][info ][safepoint   ] Safepoint "Cleanup", Time since last: 1022487432 ns, Reaching safepoint: 36041 ns, Cleanup: 18599 ns, At safepoint: 18023 ns, Total: 72663 ns
[2024-10-16T02:25:36.914+0000][127][info ][safepoint   ] Safepoint "Cleanup", Time since last: 5012279064 ns, Reaching safepoint: 81133 ns, Cleanup: 89998 ns, At safepoint: 62781 ns, Total: 233912 ns
[2024-10-16T02:25:37.915+0000][127][info ][safepoint   ] Safepoint "Cleanup", Time since last: 1000502005 ns, Reaching safepoint: 19819 ns, Cleanup: 12125 ns, At safepoint: 7903 ns, Total: 39847 ns
[2024-10-16T02:25:41.918+0000][127][info ][safepoint   ] Safepoint "Cleanup", Time since last: 4003113910 ns, Reaching safepoint: 61423 ns, Cleanup: 12389 ns, At safepoint: 7945 ns, Total: 81757 ns
[2024-10-16T02:25:55.477+0000][127][info ][safepoint   ] Safepoint "Cleanup", Time since last: 13558790681 ns, Reaching safepoint: 48618 ns, Cleanup: 10975 ns, At safepoint: 11884 ns, Total: 71477 ns
[2024-10-16T02:25:56.478+0000][127][info ][safepoint   ] Safepoint "Cleanup", Time since last: 1001165036 ns, Reaching safepoint: 22668 ns, Cleanup: 16839 ns, At safepoint: 9016 ns, Total: 48523 ns
[2024-10-16T02:25:58.531+0000][127][info ][safepoint   ] Safepoint "Cleanup", Time since last: 2051962835 ns, Reaching safepoint: 788813 ns, Cleanup: 204355 ns, At safepoint: 242769 ns, Total: 1235937 ns
[2024-10-16T02:26:07.958+0000][127][info ][safepoint   ] Safepoint "Cleanup", Time since last: 9424905827 ns, Reaching safepoint: 565176 ns, Cleanup: 26460 ns, At safepoint: 103469 ns, Total: 695105 ns
[2024-10-16T02:26:08.989+0000][127][info ][safepoint   ] Safepoint "Cleanup", Time since last: 1031222441 ns, Reaching safepoint: 21689 ns, Cleanup: 15242 ns, At safepoint: 11200 ns, Total: 48131 ns
[2024-10-16T02:26:10.991+0000][127][info ][safepoint   ] Safepoint "Cleanup", Time since last: 2002007180 ns, Reaching safepoint: 22000 ns, Cleanup: 13430 ns, At safepoint: 9563 ns, Total: 44993 ns
[2024-10-16T02:26:12.993+0000][127][info ][safepoint   ] Safepoint "Cleanup", Time since last: 2001858430 ns, Reaching safepoint: 21933 ns, Cleanup: 10563 ns, At safepoint: 9311 ns, Total: 41807 ns
[2024-10-16T02:26:19.622+0000][127][info ][safepoint   ] Safepoint "Cleanup", Time since last: 6629087365 ns, Reaching safepoint: 28088 ns, Cleanup: 18868 ns, At safepoint: 10292 ns, Total: 57248 ns
[2024-10-16T02:26:22.626+0000][127][info ][safepoint   ] Safepoint "Cleanup", Time since last: 3003473137 ns, Reaching safepoint: 78927 ns, Cleanup: 17412 ns, At safepoint: 21177 ns, Total: 117516 ns
[2024-10-16T02:26:24.649+0000][127][info ][safepoint   ] Safepoint "Cleanup", Time since last: 2023282474 ns, Reaching safepoint: 71467 ns, Cleanup: 16226 ns, At safepoint: 13382 ns, Total: 101075 ns
[2024-10-16T02:26:25.650+0000][127][info ][safepoint   ] Safepoint "Cleanup", Time since last: 1000785836 ns, Reaching safepoint: 22139 ns, Cleanup: 11611 ns, At safepoint: 9264 ns, Total: 43014 ns
[2024-10-16T02:26:32.658+0000][127][info ][safepoint   ] Safepoint "Cleanup", Time since last: 7006794173 ns, Reaching safepoint: 29111 ns, Cleanup: 13518 ns, At safepoint: 13104 ns, Total: 55733 ns
[2024-10-16T02:26:36.662+0000][127][info ][safepoint   ] Safepoint "Cleanup", Time since last: 4004134263 ns, Reaching safepoint: 22127 ns, Cleanup: 19188 ns, At safepoint: 9452 ns, Total: 50767 ns
[2024-10-16T02:26:37.663+0000][127][info ][safepoint   ] Safepoint "Cleanup", Time since last: 1001030600 ns, Reaching safepoint: 22780 ns, Cleanup: 13615 ns, At safepoint: 9495 ns, Total: 45890 ns
[2024-10-16T02:26:40.669+0000][127][info ][safepoint   ] Safepoint "Cleanup", Time since last: 3005428913 ns, Reaching safepoint: 33837 ns, Cleanup: 15393 ns, At safepoint: 16530 ns, Total: 65760 ns
[2024-10-16T02:26:43.672+0000][127][info ][safepoint   ] Safepoint "Cleanup", Time since last: 3003433954 ns, Reaching safepoint: 22131 ns, Cleanup: 12875 ns, At safepoint: 9923 ns, Total: 44929 ns
[2024-10-16T02:26:52.731+0000][127][info ][safepoint   ] Safepoint "Cleanup", Time since last: 9058820270 ns, Reaching safepoint: 34190 ns, Cleanup: 16029 ns, At safepoint: 10736 ns, Total: 60955 ns
[2024-10-16T02:26:57.740+0000][127][info ][safepoint   ] Safepoint "Cleanup", Time since last: 5008234021 ns, Reaching safepoint: 83290 ns, Cleanup: 16696 ns, At safepoint: 10903 ns, Total: 110889 ns
[2024-10-16T02:26:58.740+0000][127][info ][safepoint   ] Safepoint "Cleanup", Time since last: 1000728304 ns, Reaching safepoint: 21040 ns, Cleanup: 10724 ns, At safepoint: 9947 ns, Total: 41711 ns
[2024-10-16T02:27:06.766+0000][127][info ][safepoint   ] Safepoint "Cleanup", Time since last: 8024952562 ns, Reaching safepoint: 19892 ns, Cleanup: 11129 ns, At safepoint: 10237 ns, Total: 41258 ns
[2024-10-16T02:27:07.767+0000][127][info ][safepoint   ] Safepoint "Cleanup", Time since last: 1000884214 ns, Reaching safepoint: 24085 ns, Cleanup: 19402 ns, At safepoint: 8932 ns, Total: 52419 ns
[2024-10-16T02:27:08.768+0000][127][info ][safepoint   ] Safepoint "Cleanup", Time since last: 1000909394 ns, Reaching safepoint: 23001 ns, Cleanup: 16732 ns, At safepoint: 9493 ns, Total: 49226 ns
[2024-10-16T02:27:10.340+0000][127][info ][safepoint   ] Safepoint "Cleanup", Time since last: 1571443139 ns, Reaching safepoint: 262877 ns, Cleanup: 25277 ns, At safepoint: 54643 ns, Total: 342797 ns
[2024-10-16T02:27:12.274+0000][127][info ][safepoint   ] Safepoint "Cleanup", Time since last: 1934289581 ns, Reaching safepoint: 28918 ns, Cleanup: 18414 ns, At safepoint: 14354 ns, Total: 61686 ns
[2024-10-16T02:27:13.276+0000][127][info ][safepoint   ] Safepoint "Cleanup", Time since last: 1001761928 ns, Reaching safepoint: 33155 ns, Cleanup: 16461 ns, At safepoint: 171248 ns, Total: 220864 ns
[2024-10-16T02:27:14.277+0000][127][info ][safepoint   ] Safepoint "Cleanup", Time since last: 1000976478 ns, Reaching safepoint: 20952 ns, Cleanup: 10859 ns, At safepoint: 9270 ns, Total: 41081 ns
[2024-10-16T02:27:19.284+0000][127][info ][safepoint   ] Safepoint "Cleanup", Time since last: 5005732131 ns, Reaching safepoint: 1048758 ns, Cleanup: 20919 ns, At safepoint: 139435 ns, Total: 1209112 ns
[2024-10-16T02:27:23.067+0000][127][info ][safepoint   ] Safepoint "Cleanup", Time since last: 3782329671 ns, Reaching safepoint: 19089 ns, Cleanup: 15146 ns, At safepoint: 10029 ns, Total: 44264 ns
[2024-10-16T02:27:25.836+0000][127][info ][safepoint   ] Safepoint "Cleanup", Time since last: 2769616387 ns, Reaching safepoint: 110675 ns, Cleanup: 14473 ns, At safepoint: 15905 ns, Total: 141053 ns
[2024-10-16T02:27:27.916+0000][127][info ][safepoint   ] Safepoint "Cleanup", Time since last: 2078725233 ns, Reaching safepoint: 1106997 ns, Cleanup: 16527 ns, At safepoint: 148124 ns, Total: 1271648 ns
[2024-10-16T02:27:28.928+0000][127][info ][safepoint   ] Safepoint "Cleanup", Time since last: 1011760144 ns, Reaching safepoint: 14247 ns, Cleanup: 32969 ns, At safepoint: 9186 ns, Total: 56402 ns
[2024-10-16T02:27:29.947+0000][127][info ][safepoint   ] Safepoint "Cleanup", Time since last: 1018008239 ns, Reaching safepoint: 51542 ns, Cleanup: 17828 ns, At safepoint: 15250 ns, Total: 84620 ns
[2024-10-16T02:27:32.950+0000][127][info ][safepoint   ] Safepoint "Cleanup", Time since last: 3002936823 ns, Reaching safepoint: 22547 ns, Cleanup: 13438 ns, At safepoint: 9178 ns, Total: 45163 ns
[2024-10-16T02:27:36.953+0000][127][info ][safepoint   ] Safepoint "Cleanup", Time since last: 4002684876 ns, Reaching safepoint: 24840 ns, Cleanup: 19080 ns, At safepoint: 8594 ns, Total: 52514 ns
[2024-10-16T02:27:37.954+0000][127][info ][safepoint   ] Safepoint "Cleanup", Time since last: 1001059322 ns, Reaching safepoint: 31897 ns, Cleanup: 16197 ns, At safepoint: 13492 ns, Total: 61586 ns
[2024-10-16T02:27:38.955+0000][127][info ][safepoint   ] Safepoint "Cleanup", Time since last: 1001087216 ns, Reaching safepoint: 71883 ns, Cleanup: 23996 ns, At safepoint: 13218 ns, Total: 109097 ns
[2024-10-16T02:27:42.960+0000][127][info ][safepoint   ] Safepoint "Cleanup", Time since last: 4004261439 ns, Reaching safepoint: 121391 ns, Cleanup: 49006 ns, At safepoint: 168322 ns, Total: 338719 ns
[2024-10-16T02:27:47.969+0000][127][info ][safepoint   ] Safepoint "Cleanup", Time since last: 5009096631 ns, Reaching safepoint: 28939 ns, Cleanup: 15782 ns, At safepoint: 11512 ns, Total: 56233 ns
[2024-10-16T02:27:49.789+0000][127][info ][safepoint   ] Safepoint "Cleanup", Time since last: 1820276711 ns, Reaching safepoint: 7082 ns, Cleanup: 11454 ns, At safepoint: 4599 ns, Total: 23135 ns
[2024-10-16T02:27:51.007+0000][127][info ][safepoint   ] Safepoint "Cleanup", Time since last: 1217896915 ns, Reaching safepoint: 28915 ns, Cleanup: 14722 ns, At safepoint: 13003 ns, Total: 56640 ns
[2024-10-16T02:27:53.048+0000][127][info ][safepoint   ] Safepoint "Cleanup", Time since last: 2041240269 ns, Reaching safepoint: 6628 ns, Cleanup: 6060 ns, At safepoint: 4648 ns, Total: 17336 ns
[2024-10-16T02:27:56.051+0000][127][info ][safepoint   ] Safepoint "Cleanup", Time since last: 3002846243 ns, Reaching safepoint: 29871 ns, Cleanup: 16252 ns, At safepoint: 13609 ns, Total: 59732 ns
[2024-10-16T02:27:58.053+0000][127][info ][safepoint   ] Safepoint "Cleanup", Time since last: 2001841508 ns, Reaching safepoint: 96559 ns, Cleanup: 13825 ns, At safepoint: 15358 ns, Total: 125742 ns
[2024-10-16T02:28:03.060+0000][127][info ][safepoint   ] Safepoint "Cleanup", Time since last: 5005531107 ns, Reaching safepoint: 32852 ns, Cleanup: 18255 ns, At safepoint: 14741 ns, Total: 65848 ns
[2024-10-16T02:28:07.064+0000][127][info ][safepoint   ] Safepoint "Cleanup", Time since last: 4004137839 ns, Reaching safepoint: 33664 ns, Cleanup: 13752 ns, At safepoint: 10131 ns, Total: 57547 ns
[2024-10-16T02:28:08.065+0000][127][info ][safepoint   ] Safepoint "Cleanup", Time since last: 1000968449 ns, Reaching safepoint: 26947 ns, Cleanup: 14983 ns, At safepoint: 13527 ns, Total: 55457 ns
[2024-10-16T02:28:13.070+0000][127][info ][safepoint   ] Safepoint "Cleanup", Time since last: 5004870365 ns, Reaching safepoint: 30320 ns, Cleanup: 24248 ns, At safepoint: 14807 ns, Total: 69375 ns
[2024-10-16T02:28:14.353+0000][127][info ][safepoint   ] Safepoint "Cleanup", Time since last: 1283037977 ns, Reaching safepoint: 25770 ns, Cleanup: 37917 ns, At safepoint: 14828 ns, Total: 78515 ns
[2024-10-16T02:28:20.407+0000][127][info ][safepoint   ] Safepoint "Cleanup", Time since last: 6054008057 ns, Reaching safepoint: 30072 ns, Cleanup: 16226 ns, At safepoint: 14104 ns, Total: 60402 ns
[2024-10-16T02:28:24.411+0000][127][info ][safepoint   ] Safepoint "Cleanup", Time since last: 4003572699 ns, Reaching safepoint: 31347 ns, Cleanup: 15816 ns, At safepoint: 11057 ns, Total: 58220 ns
[2024-10-16T02:28:37.425+0000][127][info ][safepoint   ] Safepoint "Cleanup", Time since last: 13013126667 ns, Reaching safepoint: 21741 ns, Cleanup: 27185 ns, At safepoint: 10468 ns, Total: 59394 ns
[2024-10-16T02:28:38.426+0000][127][info ][safepoint   ] Safepoint "Cleanup", Time since last: 1000784095 ns, Reaching safepoint: 23304 ns, Cleanup: 12192 ns, At safepoint: 9452 ns, Total: 44948 ns
[2024-10-16T02:28:39.427+0000][127][info ][safepoint   ] Safepoint "Cleanup", Time since last: 1000902486 ns, Reaching safepoint: 25680 ns, Cleanup: 14336 ns, At safepoint: 13996 ns, Total: 54012 ns
[2024-10-16T02:28:40.428+0000][127][info ][safepoint   ] Safepoint "Cleanup", Time since last: 1001178865 ns, Reaching safepoint: 20473 ns, Cleanup: 10919 ns, At safepoint: 9361 ns, Total: 40753 ns
[2024-10-16T02:28:42.692+0000][127][info ][safepoint   ] Safepoint "Cleanup", Time since last: 2264168700 ns, Reaching safepoint: 9190 ns, Cleanup: 7503 ns, At safepoint: 5459 ns, Total: 22152 ns
[2024-10-16T02:28:43.712+0000][127][info ][safepoint   ] Safepoint "Cleanup", Time since last: 1019689573 ns, Reaching safepoint: 35037 ns, Cleanup: 16573 ns, At safepoint: 14147 ns, Total: 65757 ns
[2024-10-16T02:28:45.714+0000][127][info ][safepoint   ] Safepoint "Cleanup", Time since last: 2001991174 ns, Reaching safepoint: 20836 ns, Cleanup: 11462 ns, At safepoint: 8991 ns, Total: 41289 ns
[2024-10-16T02:28:46.715+0000][127][info ][safepoint   ] Safepoint "Cleanup", Time since last: 1001019365 ns, Reaching safepoint: 20414 ns, Cleanup: 11446 ns, At safepoint: 9570 ns, Total: 41430 ns
[2024-10-16T02:28:50.129+0000][127][info ][safepoint   ] Safepoint "Cleanup", Time since last: 3414279198 ns, Reaching safepoint: 7011 ns, Cleanup: 7459 ns, At safepoint: 5373 ns, Total: 19843 ns
[2024-10-16T02:28:51.144+0000][127][info ][safepoint   ] Safepoint "Cleanup", Time since last: 1014562361 ns, Reaching safepoint: 46672 ns, Cleanup: 18580 ns, At safepoint: 22538 ns, Total: 87790 ns
[2024-10-16T02:28:53.146+0000][127][info ][safepoint   ] Safepoint "Cleanup", Time since last: 2002053830 ns, Reaching safepoint: 20702 ns, Cleanup: 15846 ns, At safepoint: 9506 ns, Total: 46054 ns
[2024-10-16T02:28:54.163+0000][127][info ][safepoint   ] Safepoint "Cleanup", Time since last: 1016663915 ns, Reaching safepoint: 16591 ns, Cleanup: 8989 ns, At safepoint: 5694 ns, Total: 31274 ns
[2024-10-16T02:28:55.188+0000][127][info ][safepoint   ] Safepoint "Cleanup", Time since last: 1025068277 ns, Reaching safepoint: 20868 ns, Cleanup: 16393 ns, At safepoint: 9462 ns, Total: 46723 ns
[2024-10-16T02:28:58.191+0000][127][info ][safepoint   ] Safepoint "Cleanup", Time since last: 3003044692 ns, Reaching safepoint: 94320 ns, Cleanup: 19536 ns, At safepoint: 25277 ns, Total: 139133 ns
[2024-10-16T02:29:08.265+0000][127][info ][safepoint   ] Safepoint "Cleanup", Time since last: 10073858243 ns, Reaching safepoint: 31261 ns, Cleanup: 23210 ns, At safepoint: 12185 ns, Total: 66656 ns
[2024-10-16T02:29:13.270+0000][127][info ][safepoint   ] Safepoint "Cleanup", Time since last: 5004978672 ns, Reaching safepoint: 21696 ns, Cleanup: 16341 ns, At safepoint: 9335 ns, Total: 47372 ns
[2024-10-16T02:29:14.338+0000][127][info ][safepoint   ] Safepoint "Cleanup", Time since last: 1067944026 ns, Reaching safepoint: 20095 ns, Cleanup: 11170 ns, At safepoint: 9605 ns, Total: 40870 ns
[2024-10-16T02:29:16.322+0000][127][info ][safepoint   ] Safepoint "Cleanup", Time since last: 1983924554 ns, Reaching safepoint: 13389 ns, Cleanup: 10175 ns, At safepoint: 9026 ns, Total: 32590 ns
[2024-10-16T02:29:17.519+0000][127][info ][safepoint   ] Safepoint "Cleanup", Time since last: 1196020254 ns, Reaching safepoint: 996191 ns, Cleanup: 37225 ns, At safepoint: 144908 ns, Total: 1178324 ns
[2024-10-16T02:29:18.540+0000][127][info ][safepoint   ] Safepoint "Cleanup", Time since last: 1020812329 ns, Reaching safepoint: 34150 ns, Cleanup: 16442 ns, At safepoint: 12840 ns, Total: 63432 ns
[2024-10-16T02:29:19.541+0000][127][info ][safepoint   ] Safepoint "Cleanup", Time since last: 1000804492 ns, Reaching safepoint: 28919 ns, Cleanup: 12388 ns, At safepoint: 9600 ns, Total: 50907 ns
[2024-10-16T02:29:22.544+0000][127][info ][safepoint   ] Safepoint "Cleanup", Time since last: 3002914694 ns, Reaching safepoint: 24054 ns, Cleanup: 33289 ns, At safepoint: 11455 ns, Total: 68798 ns
[2024-10-16T02:29:27.579+0000][127][info ][safepoint   ] Safepoint "Cleanup", Time since last: 5035046188 ns, Reaching safepoint: 29500 ns, Cleanup: 15736 ns, At safepoint: 11049 ns, Total: 56285 ns
[2024-10-16T02:29:30.146+0000][127][info ][safepoint   ] Safepoint "Cleanup", Time since last: 2565230521 ns, Reaching safepoint: 73422 ns, Cleanup: 11608 ns, At safepoint: 41972 ns, Total: 127002 ns
[2024-10-16T02:29:33.037+0000][127][info ][safepoint   ] Safepoint "Cleanup", Time since last: 2878444904 ns, Reaching safepoint: 11153983 ns, Cleanup: 30158 ns, At safepoint: 1948523 ns, Total: 13132664 ns
[2024-10-16T02:29:37.131+0000][127][info ][safepoint   ] Safepoint "Cleanup", Time since last: 4093064497 ns, Reaching safepoint: 28654 ns, Cleanup: 16107 ns, At safepoint: 11148 ns, Total: 55909 ns
[2024-10-16T02:29:38.131+0000][127][info ][safepoint   ] Safepoint "Cleanup", Time since last: 1000751480 ns, Reaching safepoint: 27662 ns, Cleanup: 14652 ns, At safepoint: 10510 ns, Total: 52824 ns
[2024-10-16T02:29:40.573+0000][127][info ][safepoint   ] Safepoint "Cleanup", Time since last: 2441623610 ns, Reaching safepoint: 10398 ns, Cleanup: 15924 ns, At safepoint: 6439 ns, Total: 32761 ns
[2024-10-16T02:29:41.580+0000][127][info ][safepoint   ] Safepoint "Cleanup", Time since last: 1006653143 ns, Reaching safepoint: 35279 ns, Cleanup: 20880 ns, At safepoint: 14614 ns, Total: 70773 ns
[2024-10-16T02:29:42.753+0000][127][info ][safepoint   ] Safepoint "Cleanup", Time since last: 1172740852 ns, Reaching safepoint: 32443 ns, Cleanup: 14828 ns, At safepoint: 16572 ns, Total: 63843 ns
[2024-10-16T02:29:43.753+0000][127][info ][safepoint   ] Safepoint "Cleanup", Time since last: 1000753607 ns, Reaching safepoint: 26942 ns, Cleanup: 13252 ns, At safepoint: 11084 ns, Total: 51278 ns
[2024-10-16T02:29:47.763+0000][127][info ][safepoint   ] Safepoint "Cleanup", Time since last: 4009377777 ns, Reaching safepoint: 29963 ns, Cleanup: 15358 ns, At safepoint: 12862 ns, Total: 58183 ns
[2024-10-16T02:29:49.492+0000][127][info ][safepoint   ] Safepoint "Cleanup", Time since last: 1728964021 ns, Reaching safepoint: 42764 ns, Cleanup: 32091 ns, At safepoint: 23402 ns, Total: 98257 ns
[2024-10-16T02:29:50.994+0000][127][info ][safepoint   ] Safepoint "Cleanup", Time since last: 1501842709 ns, Reaching safepoint: 32572 ns, Cleanup: 13681 ns, At safepoint: 9580 ns, Total: 55833 ns
[2024-10-16T02:29:52.995+0000][127][info ][safepoint   ] Safepoint "Cleanup", Time since last: 2001556460 ns, Reaching safepoint: 27717 ns, Cleanup: 17625 ns, At safepoint: 11623 ns, Total: 56965 ns
[2024-10-16T02:29:53.997+0000][127][info ][safepoint   ] Safepoint "Cleanup", Time since last: 1001181453 ns, Reaching safepoint: 28708 ns, Cleanup: 14015 ns, At safepoint: 11043 ns, Total: 53766 ns
[2024-10-16T02:30:02.016+0000][127][info ][safepoint   ] Safepoint "Cleanup", Time since last: 8018786811 ns, Reaching safepoint: 60104 ns, Cleanup: 12112 ns, At safepoint: 9664 ns, Total: 81880 ns
[2024-10-16T02:30:03.017+0000][127][info ][safepoint   ] Safepoint "Cleanup", Time since last: 1001111469 ns, Reaching safepoint: 27811 ns, Cleanup: 13911 ns, At safepoint: 50831 ns, Total: 92553 ns
[2024-10-16T02:30:07.021+0000][127][info ][safepoint   ] Safepoint "Cleanup", Time since last: 4003762396 ns, Reaching safepoint: 21585 ns, Cleanup: 11304 ns, At safepoint: 9492 ns, Total: 42381 ns
[2024-10-16T02:30:08.022+0000][127][info ][safepoint   ] Safepoint "Cleanup", Time since last: 1001016605 ns, Reaching safepoint: 21665 ns, Cleanup: 15544 ns, At safepoint: 10024 ns, Total: 47233 ns
[2024-10-16T02:30:09.023+0000][127][info ][safepoint   ] Safepoint "Cleanup", Time since last: 1000986391 ns, Reaching safepoint: 22775 ns, Cleanup: 12800 ns, At safepoint: 9398 ns, Total: 44973 ns
[2024-10-16T02:30:16.030+0000][127][info ][safepoint   ] Safepoint "Cleanup", Time since last: 7006917318 ns, Reaching safepoint: 46272 ns, Cleanup: 11085 ns, At safepoint: 11431 ns, Total: 68788 ns
[2024-10-16T02:30:17.031+0000][127][info ][safepoint   ] Safepoint "Cleanup", Time since last: 1000750753 ns, Reaching safepoint: 29234 ns, Cleanup: 57784 ns, At safepoint: 18361 ns, Total: 105379 ns
[2024-10-16T02:30:19.353+0000][127][info ][safepoint   ] Safepoint "Cleanup", Time since last: 2321862278 ns, Reaching safepoint: 13905 ns, Cleanup: 17305 ns, At safepoint: 7197 ns, Total: 38407 ns
[2024-10-16T02:30:20.988+0000][127][info ][safepoint   ] Safepoint "Cleanup", Time since last: 1635470096 ns, Reaching safepoint: 6704 ns, Cleanup: 17441 ns, At safepoint: 5326 ns, Total: 29471 ns
[2024-10-16T02:30:22.994+0000][127][info ][safepoint   ] Safepoint "Cleanup", Time since last: 2005677045 ns, Reaching safepoint: 29499 ns, Cleanup: 25070 ns, At safepoint: 46106 ns, Total: 100675 ns
[2024-10-16T02:30:25.780+0000][127][info ][safepoint   ] Safepoint "Cleanup", Time since last: 2785814493 ns, Reaching safepoint: 7059 ns, Cleanup: 9529 ns, At safepoint: 5176 ns, Total: 21764 ns
[2024-10-16T02:30:27.791+0000][127][info ][safepoint   ] Safepoint "Cleanup", Time since last: 2011116204 ns, Reaching safepoint: 26654 ns, Cleanup: 23506 ns, At safepoint: 14294 ns, Total: 64454 ns
[2024-10-16T02:30:28.792+0000][127][info ][safepoint   ] Safepoint "Cleanup", Time since last: 1000949463 ns, Reaching safepoint: 21829 ns, Cleanup: 15697 ns, At safepoint: 9228 ns, Total: 46754 ns
[2024-10-16T02:30:29.820+0000][127][info ][safepoint   ] Safepoint "Cleanup", Time since last: 1027736889 ns, Reaching safepoint: 31002 ns, Cleanup: 23576 ns, At safepoint: 12981 ns, Total: 67559 ns
[2024-10-16T02:30:30.833+0000][127][info ][safepoint   ] Safepoint "Cleanup", Time since last: 1001024635 ns, Reaching safepoint: 72180 ns, Cleanup: 19414 ns, At safepoint: 20738 ns, Total: 112332 ns
[2024-10-16T02:30:32.835+0000][127][info ][safepoint   ] Safepoint "Cleanup", Time since last: 2001827969 ns, Reaching safepoint: 32015 ns, Cleanup: 16766 ns, At safepoint: 12105 ns, Total: 60886 ns
[2024-10-16T02:30:34.837+0000][127][info ][safepoint   ] Safepoint "Cleanup", Time since last: 2001910574 ns, Reaching safepoint: 20701 ns, Cleanup: 14108 ns, At safepoint: 10084 ns, Total: 44893 ns
[2024-10-16T02:30:36.839+0000][127][info ][safepoint   ] Safepoint "Cleanup", Time since last: 2002114237 ns, Reaching safepoint: 50545 ns, Cleanup: 23012 ns, At safepoint: 19272 ns, Total: 92829 ns
[2024-10-16T02:30:37.840+0000][127][info ][safepoint   ] Safepoint "Cleanup", Time since last: 1000887344 ns, Reaching safepoint: 34808 ns, Cleanup: 16857 ns, At safepoint: 14673 ns, Total: 66338 ns
[2024-10-16T02:30:40.843+0000][127][info ][safepoint   ] Safepoint "Cleanup", Time since last: 3002886843 ns, Reaching safepoint: 21290 ns, Cleanup: 11369 ns, At safepoint: 8824 ns, Total: 41483 ns
[2024-10-16T02:30:42.845+0000][127][info ][safepoint   ] Safepoint "Cleanup", Time since last: 2001796207 ns, Reaching safepoint: 20648 ns, Cleanup: 13126 ns, At safepoint: 8794 ns, Total: 42568 ns
[2024-10-16T02:30:43.846+0000][127][info ][safepoint   ] Safepoint "Cleanup", Time since last: 1001151681 ns, Reaching safepoint: 22218 ns, Cleanup: 14148 ns, At safepoint: 9866 ns, Total: 46232 ns
[2024-10-16T02:30:44.847+0000][127][info ][safepoint   ] Safepoint "Cleanup", Time since last: 1000994804 ns, Reaching safepoint: 20974 ns, Cleanup: 12357 ns, At safepoint: 9736 ns, Total: 43067 ns
[2024-10-16T02:30:45.849+0000][127][info ][safepoint   ] Safepoint "Cleanup", Time since last: 1001060517 ns, Reaching safepoint: 129526 ns, Cleanup: 17747 ns, At safepoint: 113117 ns, Total: 260390 ns
[2024-10-16T02:30:46.850+0000][127][info ][safepoint   ] Safepoint "Cleanup", Time since last: 1001533676 ns, Reaching safepoint: 29450 ns, Cleanup: 16700 ns, At safepoint: 15584 ns, Total: 61734 ns
[2024-10-16T02:30:47.851+0000][127][info ][safepoint   ] Safepoint "Cleanup", Time since last: 1000875966 ns, Reaching safepoint: 21853 ns, Cleanup: 12577 ns, At safepoint: 9695 ns, Total: 44125 ns
[2024-10-16T02:30:50.225+0000][127][info ][safepoint   ] Safepoint "Cleanup", Time since last: 2373364726 ns, Reaching safepoint: 7572 ns, Cleanup: 10084 ns, At safepoint: 5046 ns, Total: 22702 ns
[2024-10-16T02:30:53.229+0000][127][info ][safepoint   ] Safepoint "Cleanup", Time since last: 3003868234 ns, Reaching safepoint: 28054 ns, Cleanup: 17210 ns, At safepoint: 13678 ns, Total: 58942 ns
[2024-10-16T02:30:57.257+0000][127][info ][safepoint   ] Safepoint "Cleanup", Time since last: 4028305715 ns, Reaching safepoint: 34384 ns, Cleanup: 15205 ns, At safepoint: 14137 ns, Total: 63726 ns
[2024-10-16T02:30:58.259+0000][127][info ][safepoint   ] Safepoint "Cleanup", Time since last: 1001846788 ns, Reaching safepoint: 31869 ns, Cleanup: 17911 ns, At safepoint: 10311 ns, Total: 60091 ns
[2024-10-16T02:31:00.266+0000][127][info ][safepoint   ] Safepoint "Cleanup", Time since last: 2002386173 ns, Reaching safepoint: 29412 ns, Cleanup: 15067 ns, At safepoint: 11328 ns, Total: 55807 ns
[2024-10-16T02:31:03.269+0000][127][info ][safepoint   ] Safepoint "Cleanup", Time since last: 3002304884 ns, Reaching safepoint: 29554 ns, Cleanup: 16676 ns, At safepoint: 51796 ns, Total: 98026 ns
[2024-10-16T02:31:07.272+0000][127][info ][safepoint   ] Safepoint "Cleanup", Time since last: 4003638348 ns, Reaching safepoint: 32355 ns, Cleanup: 14718 ns, At safepoint: 13396 ns, Total: 60469 ns
[2024-10-16T02:31:16.282+0000][127][info ][safepoint   ] Safepoint "Cleanup", Time since last: 9009049066 ns, Reaching safepoint: 36580 ns, Cleanup: 20644 ns, At safepoint: 18902 ns, Total: 76126 ns
[2024-10-16T02:31:22.365+0000][127][info ][safepoint   ] Safepoint "Cleanup", Time since last: 6083454026 ns, Reaching safepoint: 9696 ns, Cleanup: 9122 ns, At safepoint: 4809 ns, Total: 23627 ns
[2024-10-16T02:31:24.097+0000][127][info ][safepoint   ] Safepoint "Cleanup", Time since last: 1732264863 ns, Reaching safepoint: 19932 ns, Cleanup: 15056 ns, At safepoint: 9539 ns, Total: 44527 ns
[2024-10-16T02:31:37.112+0000][127][info ][safepoint   ] Safepoint "Cleanup", Time since last: 13013051218 ns, Reaching safepoint: 83675 ns, Cleanup: 12165 ns, At safepoint: 9289 ns, Total: 105129 ns
[2024-10-16T02:31:46.122+0000][127][info ][safepoint   ] Safepoint "Cleanup", Time since last: 9009037068 ns, Reaching safepoint: 106803 ns, Cleanup: 68132 ns, At safepoint: 58146 ns, Total: 233081 ns
[2024-10-16T02:31:55.951+0000][127][info ][safepoint   ] Safepoint "Cleanup", Time since last: 9829234302 ns, Reaching safepoint: 10599 ns, Cleanup: 12411 ns, At safepoint: 96276 ns, Total: 119286 ns
[2024-10-16T02:31:57.014+0000][127][info ][safepoint   ] Safepoint "Cleanup", Time since last: 1063282101 ns, Reaching safepoint: 73310 ns, Cleanup: 18770 ns, At safepoint: 18552 ns, Total: 110632 ns
[2024-10-16T02:31:58.015+0000][127][info ][safepoint   ] Safepoint "Cleanup", Time since last: 1000850752 ns, Reaching safepoint: 29876 ns, Cleanup: 17855 ns, At safepoint: 13202 ns, Total: 60933 ns
[2024-10-16T02:31:59.100+0000][127][info ][safepoint   ] Safepoint "Cleanup", Time since last: 1084881643 ns, Reaching safepoint: 65792 ns, Cleanup: 20256 ns, At safepoint: 31020 ns, Total: 117068 ns
[2024-10-16T02:32:02.109+0000][127][info ][safepoint   ] Safepoint "Cleanup", Time since last: 3007851620 ns, Reaching safepoint: 34070 ns, Cleanup: 152745 ns, At safepoint: 37227 ns, Total: 224042 ns
[2024-10-16T02:32:16.128+0000][127][info ][safepoint   ] Safepoint "Cleanup", Time since last: 14018712178 ns, Reaching safepoint: 26009 ns, Cleanup: 13914 ns, At safepoint: 10640 ns, Total: 50563 ns
[2024-10-16T02:32:18.130+0000][127][info ][safepoint   ] Safepoint "Cleanup", Time since last: 2001961950 ns, Reaching safepoint: 67642 ns, Cleanup: 14514 ns, At safepoint: 76252 ns, Total: 158408 ns
[2024-10-16T02:32:20.131+0000][127][info ][safepoint   ] Safepoint "Cleanup", Time since last: 2001744368 ns, Reaching safepoint: 20633 ns, Cleanup: 13613 ns, At safepoint: 8787 ns, Total: 43033 ns
[2024-10-16T02:32:21.133+0000][127][info ][safepoint   ] Safepoint "Cleanup", Time since last: 1001131759 ns, Reaching safepoint: 20108 ns, Cleanup: 11979 ns, At safepoint: 9526 ns, Total: 41613 ns
[2024-10-16T02:32:23.135+0000][127][info ][safepoint   ] Safepoint "Cleanup", Time since last: 2002049098 ns, Reaching safepoint: 20855 ns, Cleanup: 13696 ns, At safepoint: 9713 ns, Total: 44264 ns
[2024-10-16T02:32:24.136+0000][127][info ][safepoint   ] Safepoint "Cleanup", Time since last: 1000778541 ns, Reaching safepoint: 27300 ns, Cleanup: 13238 ns, At safepoint: 11565 ns, Total: 52103 ns
[2024-10-16T02:32:25.136+0000][127][info ][safepoint   ] Safepoint "Cleanup", Time since last: 1000899541 ns, Reaching safepoint: 22501 ns, Cleanup: 11990 ns, At safepoint: 10063 ns, Total: 44554 ns
[2024-10-16T02:32:26.224+0000][127][info ][safepoint   ] Safepoint "Cleanup", Time since last: 1087177641 ns, Reaching safepoint: 14300 ns, Cleanup: 17229 ns, At safepoint: 6709 ns, Total: 38238 ns
[2024-10-16T02:32:28.244+0000][127][info ][safepoint   ] Safepoint "Cleanup", Time since last: 2019895747 ns, Reaching safepoint: 21842 ns, Cleanup: 11145 ns, At safepoint: 9741 ns, Total: 42728 ns
[2024-10-16T02:32:32.249+0000][127][info ][safepoint   ] Safepoint "Cleanup", Time since last: 4004108300 ns, Reaching safepoint: 21850 ns, Cleanup: 11894 ns, At safepoint: 10111 ns, Total: 43855 ns
[2024-10-16T02:32:37.254+0000][127][info ][safepoint   ] Safepoint "Cleanup", Time since last: 5004673303 ns, Reaching safepoint: 150719 ns, Cleanup: 45391 ns, At safepoint: 71594 ns, Total: 267704 ns
[2024-10-16T02:32:38.257+0000][127][info ][safepoint   ] Safepoint "Cleanup", Time since last: 1002804036 ns, Reaching safepoint: 19942 ns, Cleanup: 14397 ns, At safepoint: 9452 ns, Total: 43791 ns
[2024-10-16T02:32:44.263+0000][127][info ][safepoint   ] Safepoint "Cleanup", Time since last: 6006174644 ns, Reaching safepoint: 33084 ns, Cleanup: 17062 ns, At safepoint: 15025 ns, Total: 65171 ns
[2024-10-16T02:33:09.557+0000][127][info ][safepoint   ] Safepoint "Cleanup", Time since last: 25293997342 ns, Reaching safepoint: 86859 ns, Cleanup: 11992 ns, At safepoint: 9614 ns, Total: 108465 ns
[2024-10-16T02:33:13.563+0000][127][info ][safepoint   ] Safepoint "Cleanup", Time since last: 4005659140 ns, Reaching safepoint: 32474 ns, Cleanup: 29232 ns, At safepoint: 20501 ns, Total: 82207 ns
[2024-10-16T02:33:19.798+0000][127][info ][safepoint   ] Safepoint "Cleanup", Time since last: 6235001054 ns, Reaching safepoint: 30163 ns, Cleanup: 18495 ns, At safepoint: 14955 ns, Total: 63613 ns
[2024-10-16T02:33:26.911+0000][127][info ][safepoint   ] Safepoint "Cleanup", Time since last: 7112640508 ns, Reaching safepoint: 25650 ns, Cleanup: 13311 ns, At safepoint: 9143 ns, Total: 48104 ns
[2024-10-16T02:33:27.912+0000][127][info ][safepoint   ] Safepoint "Cleanup", Time since last: 1001121946 ns, Reaching safepoint: 24403 ns, Cleanup: 15794 ns, At safepoint: 9849 ns, Total: 50046 ns
[2024-10-16T02:33:29.368+0000][127][info ][safepoint   ] Safepoint "Cleanup", Time since last: 1455949926 ns, Reaching safepoint: 11239 ns, Cleanup: 26175 ns, At safepoint: 8757 ns, Total: 46171 ns
[2024-10-16T02:33:33.398+0000][127][info ][safepoint   ] Safepoint "Cleanup", Time since last: 4029334395 ns, Reaching safepoint: 29597 ns, Cleanup: 13024 ns, At safepoint: 13192 ns, Total: 55813 ns
[2024-10-16T02:33:37.401+0000][127][info ][safepoint   ] Safepoint "Cleanup", Time since last: 4003495985 ns, Reaching safepoint: 42031 ns, Cleanup: 15031 ns, At safepoint: 9189 ns, Total: 66251 ns
[2024-10-16T02:33:43.407+0000][127][info ][safepoint   ] Safepoint "Cleanup", Time since last: 6005118244 ns, Reaching safepoint: 20435 ns, Cleanup: 13477 ns, At safepoint: 10539 ns, Total: 44451 ns
[2024-10-16T02:33:46.953+0000][127][info ][safepoint   ] Safepoint "Cleanup", Time since last: 3546202488 ns, Reaching safepoint: 18973 ns, Cleanup: 16475 ns, At safepoint: 43189 ns, Total: 78637 ns
[2024-10-16T02:33:55.787+0000][127][info ][safepoint   ] Safepoint "Cleanup", Time since last: 8834560742 ns, Reaching safepoint: 23629 ns, Cleanup: 13619 ns, At safepoint: 9797 ns, Total: 47045 ns
[2024-10-16T02:34:01.795+0000][127][info ][safepoint   ] Safepoint "Cleanup", Time since last: 6005854723 ns, Reaching safepoint: 20143 ns, Cleanup: 14025 ns, At safepoint: 8702 ns, Total: 42870 ns
[2024-10-16T02:34:03.798+0000][127][info ][safepoint   ] Safepoint "Cleanup", Time since last: 2002330022 ns, Reaching safepoint: 21077 ns, Cleanup: 12124 ns, At safepoint: 9260 ns, Total: 42461 ns
[2024-10-16T02:34:04.799+0000][127][info ][safepoint   ] Safepoint "Cleanup", Time since last: 1000664449 ns, Reaching safepoint: 27450 ns, Cleanup: 19550 ns, At safepoint: 14080 ns, Total: 61080 ns
[2024-10-16T02:34:15.810+0000][127][info ][safepoint   ] Safepoint "Cleanup", Time since last: 11011158610 ns, Reaching safepoint: 21809 ns, Cleanup: 12324 ns, At safepoint: 10022 ns, Total: 44155 ns
[2024-10-16T02:34:18.829+0000][127][info ][safepoint   ] Safepoint "Cleanup", Time since last: 3018941400 ns, Reaching safepoint: 90191 ns, Cleanup: 19120 ns, At safepoint: 16413 ns, Total: 125724 ns
[2024-10-16T02:34:19.829+0000][127][info ][safepoint   ] Safepoint "Cleanup", Time since last: 1000628136 ns, Reaching safepoint: 24942 ns, Cleanup: 12020 ns, At safepoint: 9150 ns, Total: 46112 ns
[2024-10-16T02:34:22.853+0000][127][info ][safepoint   ] Safepoint "Cleanup", Time since last: 3023052994 ns, Reaching safepoint: 29112 ns, Cleanup: 15249 ns, At safepoint: 11522 ns, Total: 55883 ns
[2024-10-16T02:34:24.855+0000][127][info ][safepoint   ] Safepoint "Cleanup", Time since last: 2002051985 ns, Reaching safepoint: 34485 ns, Cleanup: 18338 ns, At safepoint: 16167 ns, Total: 68990 ns
[2024-10-16T02:34:26.857+0000][127][info ][safepoint   ] Safepoint "Cleanup", Time since last: 2001834260 ns, Reaching safepoint: 21286 ns, Cleanup: 12299 ns, At safepoint: 9750 ns, Total: 43335 ns
[2024-10-16T02:34:27.858+0000][127][info ][safepoint   ] Safepoint "Cleanup", Time since last: 1000882598 ns, Reaching safepoint: 24554 ns, Cleanup: 14851 ns, At safepoint: 10544 ns, Total: 49949 ns
[2024-10-16T02:34:31.428+0000][127][info ][safepoint   ] Safepoint "Cleanup", Time since last: 3568421025 ns, Reaching safepoint: 390323 ns, Cleanup: 13918 ns, At safepoint: 267103 ns, Total: 671344 ns
[2024-10-16T02:34:32.462+0000][127][info ][safepoint   ] Safepoint "Cleanup", Time since last: 1034006576 ns, Reaching safepoint: 187501 ns, Cleanup: 61748 ns, At safepoint: 238690 ns, Total: 487939 ns
[2024-10-16T02:34:33.518+0000][127][info ][safepoint   ] Safepoint "Cleanup", Time since last: 1055591775 ns, Reaching safepoint: 41244 ns, Cleanup: 22618 ns, At safepoint: 22976 ns, Total: 86838 ns
[2024-10-16T02:34:34.518+0000][127][info ][safepoint   ] Safepoint "Cleanup", Time since last: 1000597791 ns, Reaching safepoint: 24411 ns, Cleanup: 13772 ns, At safepoint: 10318 ns, Total: 48501 ns
[2024-10-16T02:34:36.521+0000][127][info ][safepoint   ] Safepoint "Cleanup", Time since last: 2002072750 ns, Reaching safepoint: 58062 ns, Cleanup: 12521 ns, At safepoint: 12422 ns, Total: 83005 ns
[2024-10-16T02:34:43.517+0000][127][info ][safepoint   ] Safepoint "Cleanup", Time since last: 6996332099 ns, Reaching safepoint: 16442 ns, Cleanup: 14827 ns, At safepoint: 9201 ns, Total: 40470 ns
[2024-10-16T02:34:44.533+0000][127][info ][safepoint   ] Safepoint "Cleanup", Time since last: 1016239908 ns, Reaching safepoint: 6911 ns, Cleanup: 46413 ns, At safepoint: 118585 ns, Total: 171909 ns
[2024-10-16T02:34:46.563+0000][127][info ][safepoint   ] Safepoint "Cleanup", Time since last: 2029242577 ns, Reaching safepoint: 19917 ns, Cleanup: 12681 ns, At safepoint: 9883 ns, Total: 42481 ns
[2024-10-16T02:34:55.657+0000][127][info ][safepoint   ] Safepoint "ICBufferFull", Time since last: 9093897041 ns, Reaching safepoint: 26974 ns, Cleanup: 155140 ns, At safepoint: 45598 ns, Total: 227712 ns
[2024-10-16T02:34:56.658+0000][127][info ][safepoint   ] Safepoint "Cleanup", Time since last: 1000828748 ns, Reaching safepoint: 22358 ns, Cleanup: 71720 ns, At safepoint: 10462 ns, Total: 104540 ns
[2024-10-16T02:34:58.547+0000][127][info ][safepoint   ] Safepoint "Cleanup", Time since last: 1888793342 ns, Reaching safepoint: 21127 ns, Cleanup: 24759 ns, At safepoint: 9258 ns, Total: 55144 ns
[2024-10-16T02:35:07.599+0000][127][info ][safepoint   ] Safepoint "Cleanup", Time since last: 9052764100 ns, Reaching safepoint: 44761 ns, Cleanup: 11208 ns, At safepoint: 8737 ns, Total: 64706 ns
[2024-10-16T02:35:08.600+0000][127][info ][safepoint   ] Safepoint "Cleanup", Time since last: 1001268564 ns, Reaching safepoint: 27520 ns, Cleanup: 15356 ns, At safepoint: 13672 ns, Total: 56548 ns
[2024-10-16T02:35:16.608+0000][127][info ][safepoint   ] Safepoint "Cleanup", Time since last: 8007853466 ns, Reaching safepoint: 20132 ns, Cleanup: 11098 ns, At safepoint: 9467 ns, Total: 40697 ns
[2024-10-16T02:35:18.610+0000][127][info ][safepoint   ] Safepoint "Cleanup", Time since last: 2002262130 ns, Reaching safepoint: 23001 ns, Cleanup: 14227 ns, At safepoint: 10206 ns, Total: 47434 ns
[2024-10-16T02:35:19.711+0000][127][info ][safepoint   ] Safepoint "Cleanup", Time since last: 1100445265 ns, Reaching safepoint: 75440 ns, Cleanup: 36427 ns, At safepoint: 21071 ns, Total: 132938 ns
[2024-10-16T02:35:22.714+0000][127][info ][safepoint   ] Safepoint "Cleanup", Time since last: 3003199394 ns, Reaching safepoint: 113140 ns, Cleanup: 58282 ns, At safepoint: 35942 ns, Total: 207364 ns
[2024-10-16T02:35:28.721+0000][127][info ][safepoint   ] Safepoint "Cleanup", Time since last: 6006874395 ns, Reaching safepoint: 30660 ns, Cleanup: 18191 ns, At safepoint: 14722 ns, Total: 63573 ns
[2024-10-16T02:35:34.425+0000][127][info ][safepoint   ] Safepoint "Cleanup", Time since last: 5701971026 ns, Reaching safepoint: 7432 ns, Cleanup: 9770 ns, At safepoint: 6489 ns, Total: 23691 ns
[2024-10-16T02:35:35.643+0000][127][info ][safepoint   ] Safepoint "Cleanup", Time since last: 1217931937 ns, Reaching safepoint: 10367 ns, Cleanup: 35455 ns, At safepoint: 9375 ns, Total: 55197 ns
[2024-10-16T02:35:36.648+0000][127][info ][safepoint   ] Safepoint "Cleanup", Time since last: 1004924571 ns, Reaching safepoint: 19235 ns, Cleanup: 14083 ns, At safepoint: 46888 ns, Total: 80206 ns
[2024-10-16T02:35:37.650+0000][127][info ][safepoint   ] Safepoint "Cleanup", Time since last: 1000879909 ns, Reaching safepoint: 823749 ns, Cleanup: 27606 ns, At safepoint: 207328 ns, Total: 1058683 ns
[2024-10-16T02:35:38.651+0000][127][info ][safepoint   ] Safepoint "Cleanup", Time since last: 1000859118 ns, Reaching safepoint: 22392 ns, Cleanup: 12966 ns, At safepoint: 46188 ns, Total: 81546 ns
[2024-10-16T02:35:53.341+0000][127][info ][safepoint   ] Safepoint "Cleanup", Time since last: 14689471126 ns, Reaching safepoint: 46441 ns, Cleanup: 21625 ns, At safepoint: 19614 ns, Total: 87680 ns
[2024-10-16T02:35:56.347+0000][127][info ][safepoint   ] Safepoint "Cleanup", Time since last: 3006285526 ns, Reaching safepoint: 26926 ns, Cleanup: 12075 ns, At safepoint: 9724 ns, Total: 48725 ns
[2024-10-16T02:35:57.354+0000][127][info ][safepoint   ] Safepoint "Cleanup", Time since last: 1006764455 ns, Reaching safepoint: 30298 ns, Cleanup: 16916 ns, At safepoint: 12348 ns, Total: 59562 ns
[2024-10-16T02:36:02.360+0000][127][info ][safepoint   ] Safepoint "Cleanup", Time since last: 5005280060 ns, Reaching safepoint: 23187 ns, Cleanup: 12207 ns, At safepoint: 8510 ns, Total: 43904 ns
[2024-10-16T02:36:05.363+0000][127][info ][safepoint   ] Safepoint "Cleanup", Time since last: 3002725642 ns, Reaching safepoint: 20533 ns, Cleanup: 13331 ns, At safepoint: 9446 ns, Total: 43310 ns
[2024-10-16T02:36:07.365+0000][127][info ][safepoint   ] Safepoint "Cleanup", Time since last: 2002154382 ns, Reaching safepoint: 28062 ns, Cleanup: 19468 ns, At safepoint: 14190 ns, Total: 61720 ns
[2024-10-16T02:36:08.366+0000][127][info ][safepoint   ] Safepoint "Cleanup", Time since last: 1001090254 ns, Reaching safepoint: 62396 ns, Cleanup: 18752 ns, At safepoint: 17850 ns, Total: 98998 ns
[2024-10-16T02:36:09.367+0000][127][info ][safepoint   ] Safepoint "Cleanup", Time since last: 1000543372 ns, Reaching safepoint: 36830 ns, Cleanup: 18267 ns, At safepoint: 11858 ns, Total: 66955 ns
[2024-10-16T02:36:14.372+0000][127][info ][safepoint   ] Safepoint "Cleanup", Time since last: 5005141254 ns, Reaching safepoint: 27618 ns, Cleanup: 19195 ns, At safepoint: 13245 ns, Total: 60058 ns
[2024-10-16T02:36:23.381+0000][127][info ][safepoint   ] Safepoint "Cleanup", Time since last: 9008692431 ns, Reaching safepoint: 35818 ns, Cleanup: 13524 ns, At safepoint: 10517 ns, Total: 59859 ns
[2024-10-16T02:36:27.989+0000][127][info ][safepoint   ] Safepoint "Cleanup", Time since last: 4608181938 ns, Reaching safepoint: 17341 ns, Cleanup: 13725 ns, At safepoint: 7457 ns, Total: 38523 ns
[2024-10-16T02:36:29.058+0000][127][info ][safepoint   ] Safepoint "Cleanup", Time since last: 1068979350 ns, Reaching safepoint: 30748 ns, Cleanup: 23642 ns, At safepoint: 12252 ns, Total: 66642 ns
[2024-10-16T02:36:30.110+0000][127][info ][safepoint   ] Safepoint "Cleanup", Time since last: 1050563083 ns, Reaching safepoint: 33089 ns, Cleanup: 19750 ns, At safepoint: 14340 ns, Total: 67179 ns
[2024-10-16T02:36:34.520+0000][127][info ][safepoint   ] Safepoint "Cleanup", Time since last: 4410123694 ns, Reaching safepoint: 7459 ns, Cleanup: 7532 ns, At safepoint: 4264 ns, Total: 19255 ns
[2024-10-16T02:36:35.760+0000][127][info ][safepoint   ] Safepoint "Cleanup", Time since last: 1240005335 ns, Reaching safepoint: 21817 ns, Cleanup: 17117 ns, At safepoint: 9624 ns, Total: 48558 ns
[2024-10-16T02:36:36.761+0000][127][info ][safepoint   ] Safepoint "Cleanup", Time since last: 1001047230 ns, Reaching safepoint: 28012 ns, Cleanup: 20566 ns, At safepoint: 10508 ns, Total: 59086 ns
[2024-10-16T02:36:37.772+0000][127][info ][safepoint   ] Safepoint "Cleanup", Time since last: 1010485138 ns, Reaching safepoint: 7104 ns, Cleanup: 17026 ns, At safepoint: 5344 ns, Total: 29474 ns
[2024-10-16T02:36:38.796+0000][127][info ][safepoint   ] Safepoint "Cleanup", Time since last: 1024478257 ns, Reaching safepoint: 19742 ns, Cleanup: 10665 ns, At safepoint: 9002 ns, Total: 39409 ns
[2024-10-16T02:36:52.360+0000][127][info ][safepoint   ] Safepoint "Cleanup", Time since last: 13564120072 ns, Reaching safepoint: 27500 ns, Cleanup: 16630 ns, At safepoint: 14195 ns, Total: 58325 ns
[2024-10-16T02:36:58.366+0000][127][info ][safepoint   ] Safepoint "Cleanup", Time since last: 6005650214 ns, Reaching safepoint: 26544 ns, Cleanup: 14752 ns, At safepoint: 14084 ns, Total: 55380 ns
[2024-10-16T02:36:59.367+0000][127][info ][safepoint   ] Safepoint "Cleanup", Time since last: 1000959820 ns, Reaching safepoint: 21252 ns, Cleanup: 13407 ns, At safepoint: 8653 ns, Total: 43312 ns
[2024-10-16T02:37:02.370+0000][127][info ][safepoint   ] Safepoint "Cleanup", Time since last: 3002249755 ns, Reaching safepoint: 26412 ns, Cleanup: 16148 ns, At safepoint: 14207 ns, Total: 56767 ns
[2024-10-16T02:37:04.372+0000][127][info ][safepoint   ] Safepoint "Cleanup", Time since last: 2001734850 ns, Reaching safepoint: 21470 ns, Cleanup: 12534 ns, At safepoint: 9563 ns, Total: 43567 ns
[2024-10-16T02:37:08.376+0000][127][info ][safepoint   ] Safepoint "Cleanup", Time since last: 4003973645 ns, Reaching safepoint: 30732 ns, Cleanup: 16330 ns, At safepoint: 15848 ns, Total: 62910 ns
[2024-10-16T02:37:11.379+0000][127][info ][safepoint   ] Safepoint "Cleanup", Time since last: 3002730050 ns, Reaching safepoint: 86840 ns, Cleanup: 18758 ns, At safepoint: 24294 ns, Total: 129892 ns
[2024-10-16T02:37:13.381+0000][127][info ][safepoint   ] Safepoint "Cleanup", Time since last: 2001960607 ns, Reaching safepoint: 23445 ns, Cleanup: 15992 ns, At safepoint: 9070 ns, Total: 48507 ns
[2024-10-16T02:37:17.384+0000][127][info ][safepoint   ] Safepoint "Cleanup", Time since last: 4003205425 ns, Reaching safepoint: 36816 ns, Cleanup: 18990 ns, At safepoint: 16034 ns, Total: 71840 ns
[2024-10-16T02:37:22.389+0000][127][info ][safepoint   ] Safepoint "Cleanup", Time since last: 5004689058 ns, Reaching safepoint: 26747 ns, Cleanup: 15363 ns, At safepoint: 14447 ns, Total: 56557 ns
[2024-10-16T02:37:33.401+0000][127][info ][safepoint   ] Safepoint "Cleanup", Time since last: 11010935841 ns, Reaching safepoint: 20532 ns, Cleanup: 11369 ns, At safepoint: 10579 ns, Total: 42480 ns
[2024-10-16T02:37:37.405+0000][127][info ][safepoint   ] Safepoint "Cleanup", Time since last: 4004064586 ns, Reaching safepoint: 27967 ns, Cleanup: 17570 ns, At safepoint: 14907 ns, Total: 60444 ns
[2024-10-16T02:37:38.900+0000][127][info ][safepoint   ] Safepoint "Cleanup", Time since last: 1494904833 ns, Reaching safepoint: 30711 ns, Cleanup: 38366 ns, At safepoint: 15704 ns, Total: 84781 ns
[2024-10-16T02:37:42.946+0000][127][info ][safepoint   ] Safepoint "Cleanup", Time since last: 4045825370 ns, Reaching safepoint: 129670 ns, Cleanup: 14957 ns, At safepoint: 14500 ns, Total: 159127 ns
[2024-10-16T02:37:53.506+0000][127][info ][safepoint   ] Safepoint "Cleanup", Time since last: 10558587739 ns, Reaching safepoint: 1086959 ns, Cleanup: 22001 ns, At safepoint: 44973 ns, Total: 1153933 ns
[2024-10-16T02:37:59.544+0000][127][info ][safepoint   ] Safepoint "Cleanup", Time since last: 6036952775 ns, Reaching safepoint: 1137513 ns, Cleanup: 31061 ns, At safepoint: 105179 ns, Total: 1273753 ns
[2024-10-16T02:38:06.554+0000][127][info ][safepoint   ] Safepoint "Cleanup", Time since last: 7008926069 ns, Reaching safepoint: 21970 ns, Cleanup: 91864 ns, At safepoint: 9687 ns, Total: 123521 ns
[2024-10-16T02:38:07.555+0000][127][info ][safepoint   ] Safepoint "Cleanup", Time since last: 1000701281 ns, Reaching safepoint: 23550 ns, Cleanup: 14861 ns, At safepoint: 10459 ns, Total: 48870 ns
[2024-10-16T02:38:13.561+0000][127][info ][safepoint   ] Safepoint "Cleanup", Time since last: 6006101149 ns, Reaching safepoint: 22628 ns, Cleanup: 82526 ns, At safepoint: 10623 ns, Total: 115777 ns
[2024-10-16T02:38:22.594+0000][127][info ][safepoint   ] Safepoint "Cleanup", Time since last: 9032760114 ns, Reaching safepoint: 33821 ns, Cleanup: 16923 ns, At safepoint: 12721 ns, Total: 63465 ns
[2024-10-16T02:38:23.595+0000][127][info ][safepoint   ] Safepoint "Cleanup", Time since last: 1000916404 ns, Reaching safepoint: 29073 ns, Cleanup: 16442 ns, At safepoint: 14690 ns, Total: 60205 ns
[2024-10-16T02:38:31.604+0000][127][info ][safepoint   ] Safepoint "Cleanup", Time since last: 8008089354 ns, Reaching safepoint: 21077 ns, Cleanup: 12651 ns, At safepoint: 8869 ns, Total: 42597 ns
[2024-10-16T02:38:33.606+0000][127][info ][safepoint   ] Safepoint "Cleanup", Time since last: 2001801363 ns, Reaching safepoint: 30813 ns, Cleanup: 15954 ns, At safepoint: 13486 ns, Total: 60253 ns
[2024-10-16T02:38:36.609+0000][127][info ][safepoint   ] Safepoint "Cleanup", Time since last: 3003214752 ns, Reaching safepoint: 28812 ns, Cleanup: 16730 ns, At safepoint: 13708 ns, Total: 59250 ns
[2024-10-16T02:38:37.610+0000][127][info ][safepoint   ] Safepoint "Cleanup", Time since last: 1000898210 ns, Reaching safepoint: 28340 ns, Cleanup: 16954 ns, At safepoint: 13974 ns, Total: 59268 ns
[2024-10-16T02:38:38.611+0000][127][info ][safepoint   ] Safepoint "Cleanup", Time since last: 1000809367 ns, Reaching safepoint: 19976 ns, Cleanup: 12163 ns, At safepoint: 10569 ns, Total: 42708 ns
[2024-10-16T02:38:40.568+0000][127][info ][safepoint   ] Safepoint "Cleanup", Time since last: 1956905869 ns, Reaching safepoint: 7154 ns, Cleanup: 14220 ns, At safepoint: 4758 ns, Total: 26132 ns
[2024-10-16T02:38:42.067+0000][127][info ][safepoint   ] Safepoint "Cleanup", Time since last: 1498363101 ns, Reaching safepoint: 519832 ns, Cleanup: 35478 ns, At safepoint: 169404 ns, Total: 724714 ns
[2024-10-16T02:38:43.586+0000][127][info ][safepoint   ] Safepoint "Cleanup", Time since last: 1519505614 ns, Reaching safepoint: 7166 ns, Cleanup: 11470 ns, At safepoint: 5971 ns, Total: 24607 ns
[2024-10-16T02:38:45.087+0000][127][info ][safepoint   ] Safepoint "Cleanup", Time since last: 1500494741 ns, Reaching safepoint: 30037 ns, Cleanup: 18468 ns, At safepoint: 12723 ns, Total: 61228 ns
[2024-10-16T02:39:07.564+0000][127][info ][gc,start    ] GC(21) Pause Young (Prepare Mixed) (G1 Evacuation Pause)
[2024-10-16T02:39:07.564+0000][127][info ][gc,task     ] GC(21) Using 4 workers of 4 for evacuation
[2024-10-16T02:39:07.564+0000][127][debug][gc,age      ] GC(21) Desired survivor size 88080384 bytes, new threshold 15 (max threshold 15)
[2024-10-16T02:39:07.616+0000][127][info ][gc,phases   ] GC(21)   Pre Evacuate Collection Set: 1.15ms
[2024-10-16T02:39:07.616+0000][127][info ][gc,phases   ] GC(21)   Merge Heap Roots: 0.54ms
[2024-10-16T02:39:07.616+0000][127][info ][gc,phases   ] GC(21)   Evacuate Collection Set: 45.98ms
[2024-10-16T02:39:07.616+0000][127][info ][gc,phases   ] GC(21)   Post Evacuate Collection Set: 4.16ms
[2024-10-16T02:39:07.616+0000][127][info ][gc,phases   ] GC(21)   Other: 0.52ms
[2024-10-16T02:39:07.616+0000][127][trace][gc,age      ] GC(21) Age table with threshold 15 (max threshold 15)
[2024-10-16T02:39:07.616+0000][127][trace][gc,age      ] GC(21) - age   1:    2237504 bytes,    2237504 total
[2024-10-16T02:39:07.616+0000][127][trace][gc,age      ] GC(21) - age   2:    5884208 bytes,    8121712 total
[2024-10-16T02:39:07.616+0000][127][trace][gc,age      ] GC(21) - age   3:    1731200 bytes,    9852912 total
[2024-10-16T02:39:07.616+0000][127][info ][gc,heap     ] GC(21) Eden regions: 327->0(355)
[2024-10-16T02:39:07.616+0000][127][info ][gc,heap     ] GC(21) Survivor regions: 3->3(42)
[2024-10-16T02:39:07.616+0000][127][info ][gc,heap     ] GC(21) Old regions: 37->37
[2024-10-16T02:39:07.616+0000][127][info ][gc,heap     ] GC(21) Humongous regions: 2->2
[2024-10-16T02:39:07.616+0000][127][info ][gc,metaspace] GC(21) Metaspace: 161152K(165568K)->161152K(165568K) NonClass: 138853K(141248K)->138853K(141248K) Class: 22298K(24320K)->22298K(24320K)
[2024-10-16T02:39:07.617+0000][127][info ][gc          ] GC(21) Pause Young (Prepare Mixed) (G1 Evacuation Pause) 1474M->164M(5476M) 52.655ms
[2024-10-16T02:39:07.617+0000][127][info ][gc,cpu      ] GC(21) User=0.19s Sys=0.00s Real=0.05s
[2024-10-16T02:39:07.617+0000][127][info ][safepoint   ] Safepoint "G1CollectForAllocation", Time since last: 22476128310 ns, Reaching safepoint: 18942 ns, Cleanup: 4572 ns, At safepoint: 52923319 ns, Total: 52946833 ns
[2024-10-16T02:39:09.618+0000][127][info ][safepoint   ] Safepoint "Cleanup", Time since last: 2001667862 ns, Reaching safepoint: 42375 ns, Cleanup: 15311 ns, At safepoint: 16561 ns, Total: 74247 ns
[2024-10-16T02:39:13.623+0000][127][info ][safepoint   ] Safepoint "Cleanup", Time since last: 4004070718 ns, Reaching safepoint: 27880 ns, Cleanup: 44270 ns, At safepoint: 26831 ns, Total: 98981 ns
[2024-10-16T02:39:17.627+0000][127][info ][safepoint   ] Safepoint "Cleanup", Time since last: 4003868748 ns, Reaching safepoint: 35472 ns, Cleanup: 19271 ns, At safepoint: 14783 ns, Total: 69526 ns
[2024-10-16T02:39:18.628+0000][127][info ][safepoint   ] Safepoint "Cleanup", Time since last: 1000909238 ns, Reaching safepoint: 31827 ns, Cleanup: 15754 ns, At safepoint: 13043 ns, Total: 60624 ns
[2024-10-16T02:39:29.981+0000][127][info ][safepoint   ] Safepoint "Cleanup", Time since last: 11352734388 ns, Reaching safepoint: 271199 ns, Cleanup: 14681 ns, At safepoint: 107817 ns, Total: 393697 ns
[2024-10-16T02:39:31.357+0000][127][info ][safepoint   ] Safepoint "Cleanup", Time since last: 1376082431 ns, Reaching safepoint: 30378 ns, Cleanup: 17856 ns, At safepoint: 14330 ns, Total: 62564 ns
[2024-10-16T02:39:33.358+0000][127][info ][safepoint   ] Safepoint "Cleanup", Time since last: 2001591859 ns, Reaching safepoint: 21376 ns, Cleanup: 15580 ns, At safepoint: 9876 ns, Total: 46832 ns
[2024-10-16T02:39:34.433+0000][127][info ][safepoint   ] Safepoint "Cleanup", Time since last: 1075190324 ns, Reaching safepoint: 21286 ns, Cleanup: 16487 ns, At safepoint: 11541 ns, Total: 49314 ns
[2024-10-16T02:39:37.437+0000][127][info ][safepoint   ] Safepoint "Cleanup", Time since last: 3002977878 ns, Reaching safepoint: 67054 ns, Cleanup: 58818 ns, At safepoint: 31190 ns, Total: 157062 ns
[2024-10-16T02:39:44.179+0000][127][info ][safepoint   ] Safepoint "Cleanup", Time since last: 6740179770 ns, Reaching safepoint: 78759 ns, Cleanup: 438568 ns, At safepoint: 1193950 ns, Total: 1711277 ns
[2024-10-16T02:39:46.214+0000][127][info ][safepoint   ] Safepoint "Cleanup", Time since last: 2035757113 ns, Reaching safepoint: 20536 ns, Cleanup: 11696 ns, At safepoint: 9104 ns, Total: 41336 ns
[2024-10-16T02:39:47.219+0000][127][info ][safepoint   ] Safepoint "Cleanup", Time since last: 1004847354 ns, Reaching safepoint: 7281 ns, Cleanup: 11919 ns, At safepoint: 4858 ns, Total: 24058 ns
[2024-10-16T02:39:48.230+0000][127][info ][safepoint   ] Safepoint "Cleanup", Time since last: 1010438546 ns, Reaching safepoint: 28110 ns, Cleanup: 16718 ns, At safepoint: 14710 ns, Total: 59538 ns
[2024-10-16T02:39:50.257+0000][127][info ][safepoint   ] Safepoint "Cleanup", Time since last: 2026858704 ns, Reaching safepoint: 34837 ns, Cleanup: 19663 ns, At safepoint: 15795 ns, Total: 70295 ns
[2024-10-16T02:40:10.782+0000][127][info ][safepoint   ] Safepoint "Cleanup", Time since last: 20523786681 ns, Reaching safepoint: 56858 ns, Cleanup: 18665 ns, At safepoint: 11223 ns, Total: 86746 ns
[2024-10-16T02:40:14.786+0000][127][info ][safepoint   ] Safepoint "Cleanup", Time since last: 4002981618 ns, Reaching safepoint: 22068 ns, Cleanup: 13815 ns, At safepoint: 9552 ns, Total: 45435 ns
[2024-10-16T02:40:15.786+0000][127][info ][safepoint   ] Safepoint "Cleanup", Time since last: 1000851832 ns, Reaching safepoint: 29257 ns, Cleanup: 17097 ns, At safepoint: 16505 ns, Total: 62859 ns
[2024-10-16T02:40:28.574+0000][127][info ][safepoint   ] Safepoint "Cleanup", Time since last: 12787793160 ns, Reaching safepoint: 21579 ns, Cleanup: 12378 ns, At safepoint: 9067 ns, Total: 43024 ns
[2024-10-16T02:40:36.583+0000][127][info ][safepoint   ] Safepoint "Cleanup", Time since last: 8007211096 ns, Reaching safepoint: 53796 ns, Cleanup: 14232 ns, At safepoint: 9240 ns, Total: 77268 ns
[2024-10-16T02:40:46.639+0000][127][info ][safepoint   ] Safepoint "Cleanup", Time since last: 10055720954 ns, Reaching safepoint: 759215 ns, Cleanup: 12129 ns, At safepoint: 266354 ns, Total: 1037698 ns
[2024-10-16T02:40:48.406+0000][127][info ][safepoint   ] Safepoint "Cleanup", Time since last: 1766144505 ns, Reaching safepoint: 18021 ns, Cleanup: 23013 ns, At safepoint: 8482 ns, Total: 49516 ns
[2024-10-16T02:40:49.650+0000][127][info ][safepoint   ] Safepoint "Cleanup", Time since last: 1244774722 ns, Reaching safepoint: 7516 ns, Cleanup: 7805 ns, At safepoint: 4652 ns, Total: 19973 ns
[2024-10-16T02:40:51.501+0000][127][info ][safepoint   ] Safepoint "Cleanup", Time since last: 1850005751 ns, Reaching safepoint: 135722 ns, Cleanup: 30151 ns, At safepoint: 25731 ns, Total: 191604 ns
[2024-10-16T02:40:53.900+0000][127][info ][safepoint   ] Safepoint "Cleanup", Time since last: 2399694212 ns, Reaching safepoint: 19905 ns, Cleanup: 11840 ns, At safepoint: 9468 ns, Total: 41213 ns
[2024-10-16T02:41:16.286+0000][127][info ][safepoint   ] Safepoint "Cleanup", Time since last: 22384979632 ns, Reaching safepoint: 49199 ns, Cleanup: 14387 ns, At safepoint: 9057 ns, Total: 72643 ns
[2024-10-16T02:41:23.293+0000][127][info ][safepoint   ] Safepoint "Cleanup", Time since last: 7007262094 ns, Reaching safepoint: 21829 ns, Cleanup: 17197 ns, At safepoint: 9950 ns, Total: 48976 ns
[2024-10-16T02:41:38.308+0000][127][info ][safepoint   ] Safepoint "Cleanup", Time since last: 15013954546 ns, Reaching safepoint: 63255 ns, Cleanup: 15945 ns, At safepoint: 11644 ns, Total: 90844 ns
[2024-10-16T02:41:41.311+0000][127][info ][safepoint   ] Safepoint "Cleanup", Time since last: 3002717488 ns, Reaching safepoint: 21196 ns, Cleanup: 12862 ns, At safepoint: 9585 ns, Total: 43643 ns
[2024-10-16T02:41:48.319+0000][127][info ][safepoint   ] Safepoint "Cleanup", Time since last: 7007857293 ns, Reaching safepoint: 54067 ns, Cleanup: 14316 ns, At safepoint: 11974 ns, Total: 80357 ns
[2024-10-16T02:41:53.658+0000][127][info ][safepoint   ] Safepoint "Cleanup", Time since last: 5339651395 ns, Reaching safepoint: 7963 ns, Cleanup: 8917 ns, At safepoint: 5233 ns, Total: 22113 ns
[2024-10-16T02:41:55.671+0000][127][info ][safepoint   ] Safepoint "Cleanup", Time since last: 2012429326 ns, Reaching safepoint: 28926 ns, Cleanup: 17070 ns, At safepoint: 14498 ns, Total: 60494 ns
[2024-10-16T02:41:58.673+0000][127][info ][safepoint   ] Safepoint "Cleanup", Time since last: 3001995912 ns, Reaching safepoint: 22158 ns, Cleanup: 12046 ns, At safepoint: 11144 ns, Total: 45348 ns
[2024-10-16T02:42:10.686+0000][127][info ][safepoint   ] Safepoint "Cleanup", Time since last: 12011866964 ns, Reaching safepoint: 46520 ns, Cleanup: 10912 ns, At safepoint: 8352 ns, Total: 65784 ns
[2024-10-16T02:42:12.182+0000][127][info ][safepoint   ] Safepoint "Cleanup", Time since last: 1495964535 ns, Reaching safepoint: 23067 ns, Cleanup: 45200 ns, At safepoint: 9483 ns, Total: 77750 ns
[2024-10-16T02:42:13.183+0000][127][info ][safepoint   ] Safepoint "Cleanup", Time since last: 1000687238 ns, Reaching safepoint: 31864 ns, Cleanup: 19799 ns, At safepoint: 15364 ns, Total: 67027 ns
[2024-10-16T02:42:14.184+0000][127][info ][safepoint   ] Safepoint "Cleanup", Time since last: 1000855614 ns, Reaching safepoint: 33847 ns, Cleanup: 15417 ns, At safepoint: 14092 ns, Total: 63356 ns
[2024-10-16T02:42:18.188+0000][127][info ][safepoint   ] Safepoint "Cleanup", Time since last: 4003980940 ns, Reaching safepoint: 21568 ns, Cleanup: 13529 ns, At safepoint: 9808 ns, Total: 44905 ns
[2024-10-16T02:42:23.193+0000][127][info ][safepoint   ] Safepoint "Cleanup", Time since last: 5005070052 ns, Reaching safepoint: 20370 ns, Cleanup: 11759 ns, At safepoint: 9361 ns, Total: 41490 ns
[2024-10-16T02:42:29.636+0000][127][info ][safepoint   ] Safepoint "Cleanup", Time since last: 6443004481 ns, Reaching safepoint: 9983 ns, Cleanup: 12688 ns, At safepoint: 5055 ns, Total: 27726 ns
[2024-10-16T02:42:30.746+0000][127][info ][safepoint   ] Safepoint "Cleanup", Time since last: 1109012955 ns, Reaching safepoint: 36618 ns, Cleanup: 19624 ns, At safepoint: 16455 ns, Total: 72697 ns
[2024-10-16T02:42:33.808+0000][127][info ][safepoint   ] Safepoint "Cleanup", Time since last: 3060930568 ns, Reaching safepoint: 1026378 ns, Cleanup: 17198 ns, At safepoint: 136813 ns, Total: 1180389 ns
[2024-10-16T02:42:34.820+0000][127][info ][safepoint   ] Safepoint "Cleanup", Time since last: 1011390864 ns, Reaching safepoint: 30904 ns, Cleanup: 131481 ns, At safepoint: 32217 ns, Total: 194602 ns
[2024-10-16T02:42:35.840+0000][127][info ][safepoint   ] Safepoint "Cleanup", Time since last: 1020139595 ns, Reaching safepoint: 21335 ns, Cleanup: 11560 ns, At safepoint: 9541 ns, Total: 42436 ns
[2024-10-16T02:42:36.841+0000][127][info ][safepoint   ] Safepoint "Cleanup", Time since last: 1001030786 ns, Reaching safepoint: 20854 ns, Cleanup: 16297 ns, At safepoint: 9653 ns, Total: 46804 ns
[2024-10-16T02:42:37.843+0000][127][info ][safepoint   ] Safepoint "Cleanup", Time since last: 1001900743 ns, Reaching safepoint: 26073 ns, Cleanup: 24444 ns, At safepoint: 9923 ns, Total: 60440 ns
[2024-10-16T02:42:39.362+0000][127][info ][safepoint   ] Safepoint "Cleanup", Time since last: 1518875071 ns, Reaching safepoint: 33850 ns, Cleanup: 25125 ns, At safepoint: 128865 ns, Total: 187840 ns
[2024-10-16T02:42:40.363+0000][127][info ][safepoint   ] Safepoint "Cleanup", Time since last: 1000832904 ns, Reaching safepoint: 23671 ns, Cleanup: 14419 ns, At safepoint: 10163 ns, Total: 48253 ns
[2024-10-16T02:42:41.379+0000][127][info ][safepoint   ] Safepoint "Cleanup", Time since last: 1016065545 ns, Reaching safepoint: 25734 ns, Cleanup: 12444 ns, At safepoint: 10172 ns, Total: 48350 ns
[2024-10-16T02:42:43.381+0000][127][info ][safepoint   ] Safepoint "Cleanup", Time since last: 2001964296 ns, Reaching safepoint: 35533 ns, Cleanup: 16397 ns, At safepoint: 11705 ns, Total: 63635 ns
[2024-10-16T02:42:44.382+0000][127][info ][safepoint   ] Safepoint "Cleanup", Time since last: 1000969163 ns, Reaching safepoint: 22169 ns, Cleanup: 14458 ns, At safepoint: 9557 ns, Total: 46184 ns
[2024-10-16T02:42:46.384+0000][127][info ][safepoint   ] Safepoint "Cleanup", Time since last: 2001926816 ns, Reaching safepoint: 28235 ns, Cleanup: 20122 ns, At safepoint: 13808 ns, Total: 62165 ns
[2024-10-16T02:42:48.386+0000][127][info ][safepoint   ] Safepoint "Cleanup", Time since last: 2001895182 ns, Reaching safepoint: 23181 ns, Cleanup: 13064 ns, At safepoint: 9975 ns, Total: 46220 ns
[2024-10-16T02:42:51.392+0000][127][info ][safepoint   ] Safepoint "Cleanup", Time since last: 3006088226 ns, Reaching safepoint: 24326 ns, Cleanup: 18123 ns, At safepoint: 10388 ns, Total: 52837 ns
[2024-10-16T02:42:52.655+0000][127][info ][safepoint   ] Safepoint "Cleanup", Time since last: 1261877513 ns, Reaching safepoint: 826280 ns, Cleanup: 24725 ns, At safepoint: 142364 ns, Total: 993369 ns
[2024-10-16T02:42:53.688+0000][127][info ][safepoint   ] Safepoint "Cleanup", Time since last: 1033069920 ns, Reaching safepoint: 27554 ns, Cleanup: 33524 ns, At safepoint: 13760 ns, Total: 74838 ns
[2024-10-16T02:42:54.780+0000][127][info ][safepoint   ] Safepoint "Cleanup", Time since last: 1091792798 ns, Reaching safepoint: 22763 ns, Cleanup: 12921 ns, At safepoint: 9480 ns, Total: 45164 ns
[2024-10-16T02:42:55.786+0000][127][info ][safepoint   ] Safepoint "Cleanup", Time since last: 1006000953 ns, Reaching safepoint: 7927 ns, Cleanup: 27846 ns, At safepoint: 4634 ns, Total: 40407 ns
[2024-10-16T02:42:56.798+0000][127][info ][safepoint   ] Safepoint "Cleanup", Time since last: 1011923049 ns, Reaching safepoint: 20972 ns, Cleanup: 15904 ns, At safepoint: 9267 ns, Total: 46143 ns
[2024-10-16T02:42:58.822+0000][127][info ][safepoint   ] Safepoint "Cleanup", Time since last: 2023708059 ns, Reaching safepoint: 19687 ns, Cleanup: 13855 ns, At safepoint: 9397 ns, Total: 42939 ns
[2024-10-16T02:43:16.874+0000][127][info ][safepoint   ] Safepoint "Cleanup", Time since last: 18051077112 ns, Reaching safepoint: 20834 ns, Cleanup: 13031 ns, At safepoint: 9750 ns, Total: 43615 ns
[2024-10-16T02:43:19.877+0000][127][info ][safepoint   ] Safepoint "Cleanup", Time since last: 3003145880 ns, Reaching safepoint: 23450 ns, Cleanup: 12469 ns, At safepoint: 10872 ns, Total: 46791 ns
[2024-10-16T02:43:27.885+0000][127][info ][safepoint   ] Safepoint "Cleanup", Time since last: 8007974913 ns, Reaching safepoint: 20492 ns, Cleanup: 12207 ns, At safepoint: 10311 ns, Total: 43010 ns
[2024-10-16T02:43:28.886+0000][127][info ][safepoint   ] Safepoint "Cleanup", Time since last: 1000674004 ns, Reaching safepoint: 21949 ns, Cleanup: 12520 ns, At safepoint: 9751 ns, Total: 44220 ns
[2024-10-16T02:43:36.898+0000][127][info ][safepoint   ] Safepoint "Cleanup", Time since last: 8010941185 ns, Reaching safepoint: 50329 ns, Cleanup: 12715 ns, At safepoint: 9885 ns, Total: 72929 ns
[2024-10-16T02:43:37.899+0000][127][info ][safepoint   ] Safepoint "Cleanup", Time since last: 1000926966 ns, Reaching safepoint: 23439 ns, Cleanup: 11100 ns, At safepoint: 9186 ns, Total: 43725 ns
[2024-10-16T02:43:38.900+0000][127][info ][safepoint   ] Safepoint "Cleanup", Time since last: 1001039680 ns, Reaching safepoint: 20216 ns, Cleanup: 11376 ns, At safepoint: 9363 ns, Total: 40955 ns
[2024-10-16T02:43:40.902+0000][127][info ][safepoint   ] Safepoint "Cleanup", Time since last: 2001988229 ns, Reaching safepoint: 21826 ns, Cleanup: 12436 ns, At safepoint: 9256 ns, Total: 43518 ns
[2024-10-16T02:43:44.925+0000][127][info ][safepoint   ] Safepoint "Cleanup", Time since last: 4023268495 ns, Reaching safepoint: 18110 ns, Cleanup: 14067 ns, At safepoint: 9811 ns, Total: 41988 ns
[2024-10-16T02:43:52.780+0000][127][info ][safepoint   ] Safepoint "Cleanup", Time since last: 7854793872 ns, Reaching safepoint: 6381 ns, Cleanup: 7932 ns, At safepoint: 4389 ns, Total: 18702 ns
[2024-10-16T02:43:58.750+0000][127][info ][safepoint   ] Safepoint "Cleanup", Time since last: 5969755133 ns, Reaching safepoint: 7254 ns, Cleanup: 8646 ns, At safepoint: 4739 ns, Total: 20639 ns
[2024-10-16T02:44:02.996+0000][127][info ][safepoint   ] Safepoint "Cleanup", Time since last: 4245117069 ns, Reaching safepoint: 21141 ns, Cleanup: 13171 ns, At safepoint: 9656 ns, Total: 43968 ns
[2024-10-16T02:44:09.023+0000][127][info ][safepoint   ] Safepoint "Cleanup", Time since last: 6026881818 ns, Reaching safepoint: 64389 ns, Cleanup: 15109 ns, At safepoint: 13923 ns, Total: 93421 ns
[2024-10-16T02:44:14.057+0000][127][info ][safepoint   ] Safepoint "Cleanup", Time since last: 5034035021 ns, Reaching safepoint: 28537 ns, Cleanup: 16824 ns, At safepoint: 12360 ns, Total: 57721 ns
[2024-10-16T02:44:19.062+0000][127][info ][safepoint   ] Safepoint "Cleanup", Time since last: 5004976698 ns, Reaching safepoint: 27902 ns, Cleanup: 18208 ns, At safepoint: 14150 ns, Total: 60260 ns
[2024-10-16T02:44:22.065+0000][127][info ][safepoint   ] Safepoint "Cleanup", Time since last: 3003015102 ns, Reaching safepoint: 55009 ns, Cleanup: 22435 ns, At safepoint: 11476 ns, Total: 88920 ns
[2024-10-16T02:44:24.066+0000][127][info ][safepoint   ] Safepoint "Cleanup", Time since last: 2001636077 ns, Reaching safepoint: 19957 ns, Cleanup: 11600 ns, At safepoint: 9016 ns, Total: 40573 ns
[2024-10-16T02:44:33.076+0000][127][info ][safepoint   ] Safepoint "Cleanup", Time since last: 9009169132 ns, Reaching safepoint: 22055 ns, Cleanup: 12811 ns, At safepoint: 9862 ns, Total: 44728 ns
[2024-10-16T02:44:35.079+0000][127][info ][safepoint   ] Safepoint "Cleanup", Time since last: 2002023599 ns, Reaching safepoint: 29758 ns, Cleanup: 17892 ns, At safepoint: 14362 ns, Total: 62012 ns
[2024-10-16T02:44:37.080+0000][127][info ][safepoint   ] Safepoint "Cleanup", Time since last: 2001869947 ns, Reaching safepoint: 25566 ns, Cleanup: 16244 ns, At safepoint: 10892 ns, Total: 52702 ns
[2024-10-16T02:44:38.081+0000][127][info ][safepoint   ] Safepoint "Cleanup", Time since last: 1000817318 ns, Reaching safepoint: 48096 ns, Cleanup: 67411 ns, At safepoint: 19080 ns, Total: 134587 ns
[2024-10-16T02:44:41.017+0000][127][info ][safepoint   ] Safepoint "Cleanup", Time since last: 2935506453 ns, Reaching safepoint: 6587 ns, Cleanup: 17548 ns, At safepoint: 4780 ns, Total: 28915 ns
[2024-10-16T02:44:45.031+0000][127][info ][safepoint   ] Safepoint "Cleanup", Time since last: 4014299451 ns, Reaching safepoint: 33798 ns, Cleanup: 22173 ns, At safepoint: 12950 ns, Total: 68921 ns
[2024-10-16T02:44:46.834+0000][127][info ][safepoint   ] Safepoint "Cleanup", Time since last: 1803158801 ns, Reaching safepoint: 6387 ns, Cleanup: 7083 ns, At safepoint: 4692 ns, Total: 18162 ns
[2024-10-16T02:44:48.060+0000][127][info ][safepoint   ] Safepoint "Cleanup", Time since last: 1225973931 ns, Reaching safepoint: 26960 ns, Cleanup: 15207 ns, At safepoint: 13578 ns, Total: 55745 ns
[2024-10-16T02:44:49.090+0000][127][info ][safepoint   ] Safepoint "Cleanup", Time since last: 1029892541 ns, Reaching safepoint: 30560 ns, Cleanup: 12084 ns, At safepoint: 46470 ns, Total: 89114 ns
[2024-10-16T02:44:53.344+0000][127][info ][safepoint   ] Safepoint "Cleanup", Time since last: 4253800619 ns, Reaching safepoint: 35038 ns, Cleanup: 24193 ns, At safepoint: 15151 ns, Total: 74382 ns
[2024-10-16T02:44:55.843+0000][127][info ][safepoint   ] Safepoint "Cleanup", Time since last: 2498353219 ns, Reaching safepoint: 6700 ns, Cleanup: 43576 ns, At safepoint: 8136 ns, Total: 58412 ns
[2024-10-16T02:44:57.174+0000][127][info ][safepoint   ] Safepoint "Cleanup", Time since last: 1330655616 ns, Reaching safepoint: 22558 ns, Cleanup: 58517 ns, At safepoint: 56731 ns, Total: 137806 ns
[2024-10-16T02:45:01.840+0000][127][info ][safepoint   ] Safepoint "Cleanup", Time since last: 4664646468 ns, Reaching safepoint: 1057568 ns, Cleanup: 18081 ns, At safepoint: 96004 ns, Total: 1171653 ns
[2024-10-16T02:45:03.205+0000][127][info ][safepoint   ] Safepoint "Cleanup", Time since last: 1365049272 ns, Reaching safepoint: 20820 ns, Cleanup: 12297 ns, At safepoint: 9401 ns, Total: 42518 ns
[2024-10-16T02:45:06.208+0000][127][info ][safepoint   ] Safepoint "Cleanup", Time since last: 3002747714 ns, Reaching safepoint: 20312 ns, Cleanup: 11443 ns, At safepoint: 9126 ns, Total: 40881 ns
[2024-10-16T02:45:10.212+0000][127][info ][safepoint   ] Safepoint "Cleanup", Time since last: 4003953316 ns, Reaching safepoint: 24208 ns, Cleanup: 11955 ns, At safepoint: 10811 ns, Total: 46974 ns
[2024-10-16T02:45:16.219+0000][127][info ][safepoint   ] Safepoint "Cleanup", Time since last: 6006413684 ns, Reaching safepoint: 86001 ns, Cleanup: 39475 ns, At safepoint: 40275 ns, Total: 165751 ns
[2024-10-16T02:45:20.110+0000][127][info ][safepoint   ] Safepoint "Cleanup", Time since last: 3890615227 ns, Reaching safepoint: 25853 ns, Cleanup: 14747 ns, At safepoint: 14316 ns, Total: 54916 ns
[2024-10-16T02:45:23.113+0000][127][info ][safepoint   ] Safepoint "Cleanup", Time since last: 3002712626 ns, Reaching safepoint: 26129 ns, Cleanup: 12628 ns, At safepoint: 38371 ns, Total: 77128 ns
[2024-10-16T02:45:33.146+0000][127][info ][safepoint   ] Safepoint "Cleanup", Time since last: 10032537666 ns, Reaching safepoint: 6715 ns, Cleanup: 8554 ns, At safepoint: 4716 ns, Total: 19985 ns
[2024-10-16T02:45:34.162+0000][127][info ][safepoint   ] Safepoint "Cleanup", Time since last: 1016459060 ns, Reaching safepoint: 21216 ns, Cleanup: 79044 ns, At safepoint: 15956 ns, Total: 116216 ns
[2024-10-16T02:45:37.215+0000][127][info ][safepoint   ] Safepoint "Cleanup", Time since last: 3052907609 ns, Reaching safepoint: 29287 ns, Cleanup: 16134 ns, At safepoint: 10269 ns, Total: 55690 ns
[2024-10-16T02:45:38.217+0000][127][info ][safepoint   ] Safepoint "Cleanup", Time since last: 1001562346 ns, Reaching safepoint: 33836 ns, Cleanup: 18940 ns, At safepoint: 105790 ns, Total: 158566 ns
[2024-10-16T02:45:43.222+0000][127][info ][safepoint   ] Safepoint "Cleanup", Time since last: 5005280210 ns, Reaching safepoint: 29308 ns, Cleanup: 18055 ns, At safepoint: 14293 ns, Total: 61656 ns
[2024-10-16T02:45:46.225+0000][127][info ][safepoint   ] Safepoint "Cleanup", Time since last: 3002917605 ns, Reaching safepoint: 30867 ns, Cleanup: 16740 ns, At safepoint: 10439 ns, Total: 58046 ns
[2024-10-16T02:45:48.228+0000][127][info ][safepoint   ] Safepoint "Cleanup", Time since last: 2003063973 ns, Reaching safepoint: 27913 ns, Cleanup: 15803 ns, At safepoint: 15207 ns, Total: 58923 ns
[2024-10-16T02:45:53.443+0000][127][info ][safepoint   ] Safepoint "Cleanup", Time since last: 5214898265 ns, Reaching safepoint: 28067 ns, Cleanup: 21030 ns, At safepoint: 13873 ns, Total: 62970 ns
[2024-10-16T02:45:58.845+0000][127][info ][safepoint   ] Safepoint "Cleanup", Time since last: 5400329228 ns, Reaching safepoint: 1545146 ns, Cleanup: 16759 ns, At safepoint: 124263 ns, Total: 1686168 ns
[2024-10-16T02:46:01.301+0000][127][info ][safepoint   ] Safepoint "Cleanup", Time since last: 2454940165 ns, Reaching safepoint: 29934 ns, Cleanup: 16080 ns, At safepoint: 13928 ns, Total: 59942 ns
[2024-10-16T02:46:05.310+0000][127][info ][safepoint   ] Safepoint "Cleanup", Time since last: 4008942277 ns, Reaching safepoint: 13798 ns, Cleanup: 9597 ns, At safepoint: 11245 ns, Total: 34640 ns
[2024-10-16T02:46:13.327+0000][127][info ][safepoint   ] Safepoint "Cleanup", Time since last: 8016708772 ns, Reaching safepoint: 21185 ns, Cleanup: 12446 ns, At safepoint: 9452 ns, Total: 43083 ns
[2024-10-16T02:46:18.332+0000][127][info ][safepoint   ] Safepoint "Cleanup", Time since last: 5005115522 ns, Reaching safepoint: 20283 ns, Cleanup: 12399 ns, At safepoint: 9942 ns, Total: 42624 ns
[2024-10-16T02:46:21.335+0000][127][info ][safepoint   ] Safepoint "Cleanup", Time since last: 3003007083 ns, Reaching safepoint: 21938 ns, Cleanup: 14914 ns, At safepoint: 9429 ns, Total: 46281 ns
[2024-10-16T02:46:23.337+0000][127][info ][safepoint   ] Safepoint "Cleanup", Time since last: 2001745942 ns, Reaching safepoint: 45273 ns, Cleanup: 13315 ns, At safepoint: 9132 ns, Total: 67720 ns
[2024-10-16T02:46:30.345+0000][127][info ][safepoint   ] Safepoint "Cleanup", Time since last: 7007098794 ns, Reaching safepoint: 22803 ns, Cleanup: 12196 ns, At safepoint: 9570 ns, Total: 44569 ns
[2024-10-16T02:46:37.352+0000][127][info ][safepoint   ] Safepoint "Cleanup", Time since last: 7007117527 ns, Reaching safepoint: 29198 ns, Cleanup: 20385 ns, At safepoint: 14063 ns, Total: 63646 ns
[2024-10-16T02:46:44.359+0000][127][info ][safepoint   ] Safepoint "Cleanup", Time since last: 7006508732 ns, Reaching safepoint: 21535 ns, Cleanup: 15582 ns, At safepoint: 9287 ns, Total: 46404 ns
[2024-10-16T02:46:47.362+0000][127][info ][safepoint   ] Safepoint "Cleanup", Time since last: 3003134755 ns, Reaching safepoint: 22312 ns, Cleanup: 11399 ns, At safepoint: 9527 ns, Total: 43238 ns
[2024-10-16T02:46:50.365+0000][127][info ][safepoint   ] Safepoint "Cleanup", Time since last: 3002795989 ns, Reaching safepoint: 45880 ns, Cleanup: 23390 ns, At safepoint: 19620 ns, Total: 88890 ns
[2024-10-16T02:46:53.689+0000][127][info ][safepoint   ] Safepoint "Cleanup", Time since last: 3323980205 ns, Reaching safepoint: 96213 ns, Cleanup: 10999 ns, At safepoint: 12683 ns, Total: 119895 ns
[2024-10-16T02:47:01.871+0000][127][info ][safepoint   ] Safepoint "Cleanup", Time since last: 8174614436 ns, Reaching safepoint: 7240 ns, Cleanup: 6931 ns, At safepoint: 4364 ns, Total: 18535 ns
[2024-10-16T02:47:03.425+0000][127][info ][safepoint   ] Safepoint "Cleanup", Time since last: 1554330696 ns, Reaching safepoint: 21317 ns, Cleanup: 12520 ns, At safepoint: 9267 ns, Total: 43104 ns
[2024-10-16T02:47:04.426+0000][127][info ][safepoint   ] Safepoint "Cleanup", Time since last: 1000429272 ns, Reaching safepoint: 463260 ns, Cleanup: 17808 ns, At safepoint: 131066 ns, Total: 612134 ns
[2024-10-16T02:47:05.491+0000][127][info ][safepoint   ] Safepoint "Cleanup", Time since last: 1065009176 ns, Reaching safepoint: 33153 ns, Cleanup: 20294 ns, At safepoint: 15590 ns, Total: 69037 ns
[2024-10-16T02:47:08.437+0000][127][info ][safepoint   ] Safepoint "Cleanup", Time since last: 2945981304 ns, Reaching safepoint: 8042 ns, Cleanup: 9269 ns, At safepoint: 4822 ns, Total: 22133 ns
[2024-10-16T02:47:09.579+0000][127][info ][safepoint   ] Safepoint "Cleanup", Time since last: 1141807707 ns, Reaching safepoint: 20585 ns, Cleanup: 13983 ns, At safepoint: 9291 ns, Total: 43859 ns
[2024-10-16T02:47:11.581+0000][127][info ][safepoint   ] Safepoint "Cleanup", Time since last: 2002003087 ns, Reaching safepoint: 35472 ns, Cleanup: 12532 ns, At safepoint: 10476 ns, Total: 58480 ns
[2024-10-16T02:47:13.583+0000][127][info ][safepoint   ] Safepoint "Cleanup", Time since last: 2001890869 ns, Reaching safepoint: 22800 ns, Cleanup: 15514 ns, At safepoint: 10346 ns, Total: 48660 ns
[2024-10-16T02:47:14.584+0000][127][info ][safepoint   ] Safepoint "Cleanup", Time since last: 1001013881 ns, Reaching safepoint: 23058 ns, Cleanup: 13314 ns, At safepoint: 10335 ns, Total: 46707 ns
[2024-10-16T02:47:18.588+0000][127][info ][safepoint   ] Safepoint "Cleanup", Time since last: 4003759782 ns, Reaching safepoint: 21676 ns, Cleanup: 14450 ns, At safepoint: 9443 ns, Total: 45569 ns
[2024-10-16T02:47:36.608+0000][127][info ][safepoint   ] Safepoint "Cleanup", Time since last: 18016986376 ns, Reaching safepoint: 1190351 ns, Cleanup: 15923 ns, At safepoint: 79911 ns, Total: 1286185 ns
[2024-10-16T02:47:38.610+0000][127][info ][safepoint   ] Safepoint "Cleanup", Time since last: 2001946072 ns, Reaching safepoint: 21517 ns, Cleanup: 11587 ns, At safepoint: 9711 ns, Total: 42815 ns
[2024-10-16T02:47:41.613+0000][127][info ][safepoint   ] Safepoint "Cleanup", Time since last: 3003217217 ns, Reaching safepoint: 29145 ns, Cleanup: 16530 ns, At safepoint: 15098 ns, Total: 60773 ns
[2024-10-16T02:47:45.617+0000][127][info ][safepoint   ] Safepoint "Cleanup", Time since last: 4003743195 ns, Reaching safepoint: 26258 ns, Cleanup: 13071 ns, At safepoint: 11112 ns, Total: 50441 ns
[2024-10-16T02:47:56.806+0000][127][info ][safepoint   ] Safepoint "Cleanup", Time since last: 11188798681 ns, Reaching safepoint: 54116 ns, Cleanup: 13826 ns, At safepoint: 13157 ns, Total: 81099 ns
[2024-10-16T02:48:03.814+0000][127][info ][safepoint   ] Safepoint "Cleanup", Time since last: 7007083427 ns, Reaching safepoint: 46485 ns, Cleanup: 24160 ns, At safepoint: 20578 ns, Total: 91223 ns
[2024-10-16T02:48:04.863+0000][127][info ][safepoint   ] Safepoint "Cleanup", Time since last: 1048758048 ns, Reaching safepoint: 7205 ns, Cleanup: 8023 ns, At safepoint: 4623 ns, Total: 19851 ns
[2024-10-16T02:48:06.560+0000][127][info ][safepoint   ] Safepoint "Cleanup", Time since last: 1695886763 ns, Reaching safepoint: 1124550 ns, Cleanup: 16955 ns, At safepoint: 107530 ns, Total: 1249035 ns
[2024-10-16T02:48:08.562+0000][127][info ][safepoint   ] Safepoint "Cleanup", Time since last: 2001920700 ns, Reaching safepoint: 22482 ns, Cleanup: 12992 ns, At safepoint: 47199 ns, Total: 82673 ns
[2024-10-16T02:48:11.568+0000][127][info ][safepoint   ] Safepoint "Cleanup", Time since last: 3005124364 ns, Reaching safepoint: 7267 ns, Cleanup: 8595 ns, At safepoint: 5042 ns, Total: 20904 ns
[2024-10-16T02:48:13.578+0000][127][info ][safepoint   ] Safepoint "Cleanup", Time since last: 2010718892 ns, Reaching safepoint: 21870 ns, Cleanup: 25870 ns, At safepoint: 10663 ns, Total: 58403 ns
[2024-10-16T02:48:21.586+0000][127][info ][safepoint   ] Safepoint "Cleanup", Time since last: 8007967589 ns, Reaching safepoint: 31324 ns, Cleanup: 12421 ns, At safepoint: 10068 ns, Total: 53813 ns
[2024-10-16T02:48:23.589+0000][127][info ][safepoint   ] Safepoint "Cleanup", Time since last: 2002091159 ns, Reaching safepoint: 69781 ns, Cleanup: 33272 ns, At safepoint: 18098 ns, Total: 121151 ns
[2024-10-16T02:48:24.589+0000][127][info ][safepoint   ] Safepoint "Cleanup", Time since last: 1000652999 ns, Reaching safepoint: 22183 ns, Cleanup: 11921 ns, At safepoint: 9622 ns, Total: 43726 ns
[2024-10-16T02:48:28.593+0000][127][info ][safepoint   ] Safepoint "Cleanup", Time since last: 4004167567 ns, Reaching safepoint: 61785 ns, Cleanup: 21820 ns, At safepoint: 13312 ns, Total: 96917 ns
[2024-10-16T02:48:36.709+0000][127][info ][safepoint   ] Safepoint "Cleanup", Time since last: 8114746850 ns, Reaching safepoint: 23098 ns, Cleanup: 12741 ns, At safepoint: 10920 ns, Total: 46759 ns
[2024-10-16T02:48:46.744+0000][127][info ][safepoint   ] Safepoint "Cleanup", Time since last: 10034900838 ns, Reaching safepoint: 41252 ns, Cleanup: 20099 ns, At safepoint: 15959 ns, Total: 77310 ns
[2024-10-16T02:48:49.754+0000][127][info ][safepoint   ] Safepoint "Cleanup", Time since last: 3010102083 ns, Reaching safepoint: 24133 ns, Cleanup: 13769 ns, At safepoint: 11054 ns, Total: 48956 ns
[2024-10-16T02:49:07.878+0000][127][info ][safepoint   ] Safepoint "Cleanup", Time since last: 18123230535 ns, Reaching safepoint: 6878 ns, Cleanup: 7445 ns, At safepoint: 4444 ns, Total: 18767 ns
[2024-10-16T02:49:13.747+0000][127][info ][safepoint   ] Safepoint "Cleanup", Time since last: 5868642021 ns, Reaching safepoint: 51384 ns, Cleanup: 14047 ns, At safepoint: 11882 ns, Total: 77313 ns
[2024-10-16T02:49:15.768+0000][127][info ][safepoint   ] Safepoint "Cleanup", Time since last: 2020799606 ns, Reaching safepoint: 24653 ns, Cleanup: 12674 ns, At safepoint: 10720 ns, Total: 48047 ns
[2024-10-16T02:49:18.773+0000][127][info ][safepoint   ] Safepoint "Cleanup", Time since last: 3005060479 ns, Reaching safepoint: 21513 ns, Cleanup: 13935 ns, At safepoint: 9920 ns, Total: 45368 ns
[2024-10-16T02:49:31.824+0000][127][info ][safepoint   ] Safepoint "Cleanup", Time since last: 13050120751 ns, Reaching safepoint: 29512 ns, Cleanup: 45049 ns, At safepoint: 11576 ns, Total: 86137 ns
[2024-10-16T02:49:32.825+0000][127][info ][safepoint   ] Safepoint "Cleanup", Time since last: 1001214129 ns, Reaching safepoint: 36431 ns, Cleanup: 22993 ns, At safepoint: 15594 ns, Total: 75018 ns
[2024-10-16T02:49:33.827+0000][127][info ][safepoint   ] Safepoint "Cleanup", Time since last: 1001268561 ns, Reaching safepoint: 92369 ns, Cleanup: 17575 ns, At safepoint: 79653 ns, Total: 189597 ns
[2024-10-16T02:49:34.828+0000][127][info ][safepoint   ] Safepoint "Cleanup", Time since last: 1001440291 ns, Reaching safepoint: 18928 ns, Cleanup: 11582 ns, At safepoint: 9192 ns, Total: 39702 ns
[2024-10-16T02:49:35.830+0000][127][info ][safepoint   ] Safepoint "Cleanup", Time since last: 1001520815 ns, Reaching safepoint: 22478 ns, Cleanup: 25094 ns, At safepoint: 10170 ns, Total: 57742 ns
[2024-10-16T02:49:36.831+0000][127][info ][safepoint   ] Safepoint "Cleanup", Time since last: 1000806328 ns, Reaching safepoint: 22410 ns, Cleanup: 15574 ns, At safepoint: 9069 ns, Total: 47053 ns
[2024-10-16T02:49:37.833+0000][127][info ][safepoint   ] Safepoint "Cleanup", Time since last: 1001283182 ns, Reaching safepoint: 499996 ns, Cleanup: 128347 ns, At safepoint: 96967 ns, Total: 725310 ns
[2024-10-16T02:49:39.839+0000][127][info ][safepoint   ] Safepoint "Cleanup", Time since last: 2006056511 ns, Reaching safepoint: 23331 ns, Cleanup: 20100 ns, At safepoint: 9843 ns, Total: 53274 ns
[2024-10-16T02:49:41.841+0000][127][info ][safepoint   ] Safepoint "Cleanup", Time since last: 2002131703 ns, Reaching safepoint: 33260 ns, Cleanup: 17056 ns, At safepoint: 13776 ns, Total: 64092 ns
[2024-10-16T02:49:42.842+0000][127][info ][safepoint   ] Safepoint "Cleanup", Time since last: 1000714008 ns, Reaching safepoint: 56212 ns, Cleanup: 17049 ns, At safepoint: 15237 ns, Total: 88498 ns
[2024-10-16T02:49:47.061+0000][127][info ][safepoint   ] Safepoint "Cleanup", Time since last: 4218820542 ns, Reaching safepoint: 14083 ns, Cleanup: 10611 ns, At safepoint: 5497 ns, Total: 30191 ns
[2024-10-16T02:49:48.853+0000][127][info ][safepoint   ] Safepoint "Cleanup", Time since last: 1791778667 ns, Reaching safepoint: 29702 ns, Cleanup: 20702 ns, At safepoint: 13101 ns, Total: 63505 ns
[2024-10-16T02:49:49.890+0000][127][info ][safepoint   ] Safepoint "Cleanup", Time since last: 1037169525 ns, Reaching safepoint: 28180 ns, Cleanup: 12425 ns, At safepoint: 78239 ns, Total: 118844 ns
[2024-10-16T02:49:51.867+0000][127][info ][safepoint   ] Safepoint "Cleanup", Time since last: 1977031851 ns, Reaching safepoint: 30010 ns, Cleanup: 24530 ns, At safepoint: 14530 ns, Total: 69070 ns
[2024-10-16T02:49:56.134+0000][127][info ][safepoint   ] Safepoint "Cleanup", Time since last: 4266850671 ns, Reaching safepoint: 21529 ns, Cleanup: 12748 ns, At safepoint: 10156 ns, Total: 44433 ns
[2024-10-16T02:50:06.143+0000][127][info ][safepoint   ] Safepoint "Cleanup", Time since last: 10008832792 ns, Reaching safepoint: 73816 ns, Cleanup: 36097 ns, At safepoint: 25669 ns, Total: 135582 ns
[2024-10-16T02:50:07.967+0000][127][info ][safepoint   ] Safepoint "Cleanup", Time since last: 1823520937 ns, Reaching safepoint: 17130 ns, Cleanup: 14575 ns, At safepoint: 45646 ns, Total: 77351 ns
[2024-10-16T02:50:10.889+0000][127][info ][safepoint   ] Safepoint "Cleanup", Time since last: 2922114349 ns, Reaching safepoint: 13098 ns, Cleanup: 13762 ns, At safepoint: 6886 ns, Total: 33746 ns
[2024-10-16T02:50:11.899+0000][127][info ][safepoint   ] Safepoint "Cleanup", Time since last: 1009232537 ns, Reaching safepoint: 68447 ns, Cleanup: 12883 ns, At safepoint: 63344 ns, Total: 144674 ns
[2024-10-16T02:50:12.931+0000][127][info ][safepoint   ] Safepoint "Cleanup", Time since last: 1032260460 ns, Reaching safepoint: 7814 ns, Cleanup: 14552 ns, At safepoint: 4914 ns, Total: 27280 ns
[2024-10-16T02:50:13.943+0000][127][info ][safepoint   ] Safepoint "Cleanup", Time since last: 1011643411 ns, Reaching safepoint: 46890 ns, Cleanup: 15772 ns, At safepoint: 12233 ns, Total: 74895 ns
[2024-10-16T02:50:16.888+0000][127][info ][safepoint   ] Safepoint "Cleanup", Time since last: 2944897187 ns, Reaching safepoint: 8862 ns, Cleanup: 9351 ns, At safepoint: 4508 ns, Total: 22721 ns
[2024-10-16T02:50:17.964+0000][127][info ][safepoint   ] Safepoint "Cleanup", Time since last: 1076674522 ns, Reaching safepoint: 8031 ns, Cleanup: 7253 ns, At safepoint: 4766 ns, Total: 20050 ns
[2024-10-16T02:50:19.072+0000][127][info ][safepoint   ] Safepoint "Cleanup", Time since last: 1108218630 ns, Reaching safepoint: 7048 ns, Cleanup: 6794 ns, At safepoint: 4895 ns, Total: 18737 ns
[2024-10-16T02:50:20.108+0000][127][info ][safepoint   ] Safepoint "Cleanup", Time since last: 1035174284 ns, Reaching safepoint: 31960 ns, Cleanup: 17657 ns, At safepoint: 12943 ns, Total: 62560 ns
[2024-10-16T02:50:23.148+0000][127][info ][safepoint   ] Safepoint "Cleanup", Time since last: 3040717772 ns, Reaching safepoint: 20717 ns, Cleanup: 13931 ns, At safepoint: 9963 ns, Total: 44611 ns
[2024-10-16T02:50:37.197+0000][127][info ][safepoint   ] Safepoint "Cleanup", Time since last: 14046928352 ns, Reaching safepoint: 28034 ns, Cleanup: 17194 ns, At safepoint: 10501 ns, Total: 55729 ns
[2024-10-16T02:50:46.206+0000][127][info ][safepoint   ] Safepoint "Cleanup", Time since last: 9008913531 ns, Reaching safepoint: 106152 ns, Cleanup: 15947 ns, At safepoint: 11713 ns, Total: 133812 ns
[2024-10-16T02:50:47.207+0000][127][info ][safepoint   ] Safepoint "Cleanup", Time since last: 1000984562 ns, Reaching safepoint: 22223 ns, Cleanup: 11827 ns, At safepoint: 9836 ns, Total: 43886 ns
[2024-10-16T02:51:10.263+0000][127][info ][safepoint   ] Safepoint "Cleanup", Time since last: 23054864631 ns, Reaching safepoint: 35625 ns, Cleanup: 16535 ns, At safepoint: 13982 ns, Total: 66142 ns
[2024-10-16T02:51:13.266+0000][127][info ][safepoint   ] Safepoint "Cleanup", Time since last: 3002936604 ns, Reaching safepoint: 25523 ns, Cleanup: 13482 ns, At safepoint: 10585 ns, Total: 49590 ns
[2024-10-16T02:51:15.100+0000][127][info ][safepoint   ] Safepoint "Cleanup", Time since last: 1833977529 ns, Reaching safepoint: 68897 ns, Cleanup: 18793 ns, At safepoint: 60367 ns, Total: 148057 ns
[2024-10-16T02:51:19.907+0000][127][info ][safepoint   ] Safepoint "Cleanup", Time since last: 4807223255 ns, Reaching safepoint: 12605 ns, Cleanup: 8777 ns, At safepoint: 8416 ns, Total: 29798 ns
[2024-10-16T02:51:23.150+0000][127][info ][safepoint   ] Safepoint "Cleanup", Time since last: 3243432423 ns, Reaching safepoint: 21727 ns, Cleanup: 13513 ns, At safepoint: 9428 ns, Total: 44668 ns
[2024-10-16T02:51:26.154+0000][127][info ][safepoint   ] Safepoint "Cleanup", Time since last: 3003179830 ns, Reaching safepoint: 23347 ns, Cleanup: 13886 ns, At safepoint: 10764 ns, Total: 47997 ns
[2024-10-16T02:51:31.825+0000][127][info ][safepoint   ] Safepoint "Cleanup", Time since last: 5670701538 ns, Reaching safepoint: 19069 ns, Cleanup: 12099 ns, At safepoint: 5759 ns, Total: 36927 ns
[2024-10-16T02:51:34.920+0000][127][info ][safepoint   ] Safepoint "Cleanup", Time since last: 3095093246 ns, Reaching safepoint: 23708 ns, Cleanup: 13909 ns, At safepoint: 10848 ns, Total: 48465 ns
[2024-10-16T02:51:39.930+0000][127][info ][safepoint   ] Safepoint "Cleanup", Time since last: 5010140555 ns, Reaching safepoint: 22401 ns, Cleanup: 11409 ns, At safepoint: 9781 ns, Total: 43591 ns
[2024-10-16T02:51:40.931+0000][127][info ][safepoint   ] Safepoint "Cleanup", Time since last: 1000943683 ns, Reaching safepoint: 23720 ns, Cleanup: 13711 ns, At safepoint: 11133 ns, Total: 48564 ns
[2024-10-16T02:51:48.939+0000][127][info ][safepoint   ] Safepoint "Cleanup", Time since last: 8007682964 ns, Reaching safepoint: 66612 ns, Cleanup: 15993 ns, At safepoint: 14089 ns, Total: 96694 ns
[2024-10-16T02:51:49.940+0000][127][info ][safepoint   ] Safepoint "Cleanup", Time since last: 1000992138 ns, Reaching safepoint: 25406 ns, Cleanup: 13142 ns, At safepoint: 10157 ns, Total: 48705 ns
[2024-10-16T02:51:54.427+0000][127][info ][safepoint   ] Safepoint "Cleanup", Time since last: 4486430860 ns, Reaching safepoint: 15254 ns, Cleanup: 11204 ns, At safepoint: 6843 ns, Total: 33301 ns
[2024-10-16T02:51:55.429+0000][127][info ][safepoint   ] Safepoint "Cleanup", Time since last: 1001962367 ns, Reaching safepoint: 6943 ns, Cleanup: 17117 ns, At safepoint: 5352 ns, Total: 29412 ns
[2024-10-16T02:51:59.441+0000][127][info ][safepoint   ] Safepoint "Cleanup", Time since last: 4012469376 ns, Reaching safepoint: 28923 ns, Cleanup: 11939 ns, At safepoint: 10480 ns, Total: 51342 ns
[2024-10-16T02:52:09.451+0000][127][info ][safepoint   ] Safepoint "Cleanup", Time since last: 10009074488 ns, Reaching safepoint: 20837 ns, Cleanup: 25438 ns, At safepoint: 9049 ns, Total: 55324 ns
[2024-10-16T02:52:11.453+0000][127][info ][safepoint   ] Safepoint "Cleanup", Time since last: 2001923396 ns, Reaching safepoint: 32360 ns, Cleanup: 22794 ns, At safepoint: 16914 ns, Total: 72068 ns
[2024-10-16T02:52:16.921+0000][127][info ][safepoint   ] Safepoint "Cleanup", Time since last: 5467777962 ns, Reaching safepoint: 6371 ns, Cleanup: 8493 ns, At safepoint: 4241 ns, Total: 19105 ns
[2024-10-16T02:52:18.265+0000][127][info ][safepoint   ] Safepoint "Cleanup", Time since last: 1344120069 ns, Reaching safepoint: 28800 ns, Cleanup: 18030 ns, At safepoint: 11519 ns, Total: 58349 ns
[2024-10-16T02:52:21.179+0000][127][info ][safepoint   ] Safepoint "Cleanup", Time since last: 2913738381 ns, Reaching safepoint: 12041 ns, Cleanup: 19659 ns, At safepoint: 5391 ns, Total: 37091 ns
[2024-10-16T02:52:22.186+0000][127][info ][safepoint   ] Safepoint "Cleanup", Time since last: 1007061457 ns, Reaching safepoint: 68636 ns, Cleanup: 32487 ns, At safepoint: 12317 ns, Total: 113440 ns
[2024-10-16T02:52:23.274+0000][127][info ][safepoint   ] Safepoint "Cleanup", Time since last: 1087395680 ns, Reaching safepoint: 7399 ns, Cleanup: 14219 ns, At safepoint: 5437 ns, Total: 27055 ns
[2024-10-16T02:52:24.287+0000][127][info ][safepoint   ] Safepoint "Cleanup", Time since last: 1013405545 ns, Reaching safepoint: 34585 ns, Cleanup: 14412 ns, At safepoint: 14505 ns, Total: 63502 ns
[2024-10-16T02:52:34.682+0000][127][info ][gc,start    ] GC(22) Pause Young (Mixed) (G1 Evacuation Pause)
[2024-10-16T02:52:34.682+0000][127][info ][gc,task     ] GC(22) Using 4 workers of 4 for evacuation
[2024-10-16T02:52:34.682+0000][127][debug][gc,age      ] GC(22) Desired survivor size 96468992 bytes, new threshold 15 (max threshold 15)
[2024-10-16T02:52:34.711+0000][127][info ][gc,phases   ] GC(22)   Pre Evacuate Collection Set: 0.85ms
[2024-10-16T02:52:34.711+0000][127][info ][gc,phases   ] GC(22)   Merge Heap Roots: 0.37ms
[2024-10-16T02:52:34.711+0000][127][info ][gc,phases   ] GC(22)   Evacuate Collection Set: 24.95ms
[2024-10-16T02:52:34.711+0000][127][info ][gc,phases   ] GC(22)   Post Evacuate Collection Set: 2.57ms
[2024-10-16T02:52:34.711+0000][127][info ][gc,phases   ] GC(22)   Other: 0.12ms
[2024-10-16T02:52:34.711+0000][127][trace][gc,age      ] GC(22) Age table with threshold 15 (max threshold 15)
[2024-10-16T02:52:34.711+0000][127][trace][gc,age      ] GC(22) - age   1:    2192656 bytes,    2192656 total
[2024-10-16T02:52:34.711+0000][127][trace][gc,age      ] GC(22) - age   2:     718472 bytes,    2911128 total
[2024-10-16T02:52:34.711+0000][127][trace][gc,age      ] GC(22) - age   3:    5626376 bytes,    8537504 total
[2024-10-16T02:52:34.711+0000][127][trace][gc,age      ] GC(22) - age   4:    1731160 bytes,   10268664 total
[2024-10-16T02:52:34.711+0000][127][info ][gc,heap     ] GC(22) Eden regions: 363->0(430)
[2024-10-16T02:52:34.711+0000][127][info ][gc,heap     ] GC(22) Survivor regions: 3->3(46)
[2024-10-16T02:52:34.711+0000][127][info ][gc,heap     ] GC(22) Old regions: 37->36
[2024-10-16T02:52:34.711+0000][127][info ][gc,heap     ] GC(22) Humongous regions: 2->2
[2024-10-16T02:52:34.711+0000][127][info ][gc,metaspace] GC(22) Metaspace: 161833K(166272K)->161833K(166272K) NonClass: 139490K(141888K)->139490K(141888K) Class: 22343K(24384K)->22343K(24384K)
[2024-10-16T02:52:34.711+0000][127][info ][gc          ] GC(22) Pause Young (Mixed) (G1 Evacuation Pause) 1616M->162M(5476M) 29.154ms
[2024-10-16T02:52:34.711+0000][127][info ][gc,cpu      ] GC(22) User=0.10s Sys=0.00s Real=0.03s
[2024-10-16T02:52:34.711+0000][127][info ][safepoint   ] Safepoint "G1CollectForAllocation", Time since last: 10396850913 ns, Reaching safepoint: 31989 ns, Cleanup: 127512 ns, At safepoint: 29288532 ns, Total: 29448033 ns
[2024-10-16T02:52:36.714+0000][127][info ][safepoint   ] Safepoint "Cleanup", Time since last: 2002987591 ns, Reaching safepoint: 82396 ns, Cleanup: 41373 ns, At safepoint: 37077 ns, Total: 160846 ns
[2024-10-16T02:52:38.717+0000][127][info ][safepoint   ] Safepoint "Cleanup", Time since last: 2002736593 ns, Reaching safepoint: 54805 ns, Cleanup: 19583 ns, At safepoint: 16175 ns, Total: 90563 ns
[2024-10-16T02:52:41.720+0000][127][info ][safepoint   ] Safepoint "Cleanup", Time since last: 3002659015 ns, Reaching safepoint: 22895 ns, Cleanup: 13440 ns, At safepoint: 10555 ns, Total: 46890 ns
[2024-10-16T02:52:47.731+0000][127][info ][safepoint   ] Safepoint "Cleanup", Time since last: 6011254202 ns, Reaching safepoint: 33856 ns, Cleanup: 18473 ns, At safepoint: 15691 ns, Total: 68020 ns
[2024-10-16T02:52:50.734+0000][127][info ][safepoint   ] Safepoint "Cleanup", Time since last: 3002864975 ns, Reaching safepoint: 22416 ns, Cleanup: 13584 ns, At safepoint: 10354 ns, Total: 46354 ns
[2024-10-16T02:52:53.412+0000][127][info ][safepoint   ] Safepoint "Cleanup", Time since last: 2677625905 ns, Reaching safepoint: 8317 ns, Cleanup: 9751 ns, At safepoint: 5101 ns, Total: 23169 ns
[2024-10-16T02:53:02.425+0000][127][info ][safepoint   ] Safepoint "Cleanup", Time since last: 9009158459 ns, Reaching safepoint: 24385 ns, Cleanup: 13167 ns, At safepoint: 9882 ns, Total: 47434 ns
[2024-10-16T02:53:07.037+0000][127][info ][safepoint   ] Safepoint "Cleanup", Time since last: 4612254404 ns, Reaching safepoint: 12710 ns, Cleanup: 16101 ns, At safepoint: 8342 ns, Total: 37153 ns
[2024-10-16T02:53:08.048+0000][127][info ][safepoint   ] Safepoint "Cleanup", Time since last: 1010844061 ns, Reaching safepoint: 19859 ns, Cleanup: 12385 ns, At safepoint: 9375 ns, Total: 41619 ns
[2024-10-16T02:53:09.683+0000][127][info ][safepoint   ] Safepoint "Cleanup", Time since last: 1634961443 ns, Reaching safepoint: 21487 ns, Cleanup: 18181 ns, At safepoint: 10280 ns, Total: 49948 ns
[2024-10-16T02:53:19.695+0000][127][info ][safepoint   ] Safepoint "Cleanup", Time since last: 10010043112 ns, Reaching safepoint: 1638274 ns, Cleanup: 23179 ns, At safepoint: 208110 ns, Total: 1869563 ns
[2024-10-16T02:53:21.411+0000][127][info ][safepoint   ] Safepoint "Cleanup", Time since last: 1713799549 ns, Reaching safepoint: 954320 ns, Cleanup: 39193 ns, At safepoint: 177324 ns, Total: 1170837 ns
[2024-10-16T02:53:23.415+0000][127][info ][safepoint   ] Safepoint "Cleanup", Time since last: 2005096371 ns, Reaching safepoint: 22545 ns, Cleanup: 12615 ns, At safepoint: 9737 ns, Total: 44897 ns
[2024-10-16T02:53:35.446+0000][127][info ][safepoint   ] Safepoint "Cleanup", Time since last: 12029849462 ns, Reaching safepoint: 34280 ns, Cleanup: 18433 ns, At safepoint: 15824 ns, Total: 68537 ns
[2024-10-16T02:53:47.465+0000][127][info ][safepoint   ] Safepoint "Cleanup", Time since last: 12019044398 ns, Reaching safepoint: 19954 ns, Cleanup: 13206 ns, At safepoint: 9254 ns, Total: 42414 ns
[2024-10-16T02:53:48.466+0000][127][info ][safepoint   ] Safepoint "Cleanup", Time since last: 1000864648 ns, Reaching safepoint: 44835 ns, Cleanup: 13156 ns, At safepoint: 11798 ns, Total: 69789 ns
[2024-10-16T02:54:07.562+0000][127][info ][safepoint   ] Safepoint "Cleanup", Time since last: 19094693852 ns, Reaching safepoint: 24754 ns, Cleanup: 12107 ns, At safepoint: 9730 ns, Total: 46591 ns
[2024-10-16T02:54:08.563+0000][127][info ][safepoint   ] Safepoint "Cleanup", Time since last: 1001388757 ns, Reaching safepoint: 34710 ns, Cleanup: 19348 ns, At safepoint: 15632 ns, Total: 69690 ns
[2024-10-16T02:54:16.571+0000][127][info ][safepoint   ] Safepoint "Cleanup", Time since last: 8007952467 ns, Reaching safepoint: 35087 ns, Cleanup: 16885 ns, At safepoint: 15408 ns, Total: 67380 ns
[2024-10-16T02:54:17.572+0000][127][info ][safepoint   ] Safepoint "Cleanup", Time since last: 1000704034 ns, Reaching safepoint: 29610 ns, Cleanup: 17476 ns, At safepoint: 14087 ns, Total: 61173 ns
[2024-10-16T02:54:18.574+0000][127][info ][safepoint   ] Safepoint "Cleanup", Time since last: 1000877614 ns, Reaching safepoint: 1166695 ns, Cleanup: 16602 ns, At safepoint: 142478 ns, Total: 1325775 ns
[2024-10-16T02:54:20.509+0000][127][info ][safepoint   ] Safepoint "Cleanup", Time since last: 1935288381 ns, Reaching safepoint: 7904 ns, Cleanup: 11866 ns, At safepoint: 5421 ns, Total: 25191 ns
[2024-10-16T02:54:23.536+0000][127][info ][safepoint   ] Safepoint "Cleanup", Time since last: 3026385068 ns, Reaching safepoint: 22073 ns, Cleanup: 19498 ns, At safepoint: 10078 ns, Total: 51649 ns
[2024-10-16T02:54:28.990+0000][127][info ][safepoint   ] Safepoint "Cleanup", Time since last: 5454498121 ns, Reaching safepoint: 6890 ns, Cleanup: 12974 ns, At safepoint: 5783 ns, Total: 25647 ns
[2024-10-16T02:54:30.632+0000][127][info ][safepoint   ] Safepoint "Cleanup", Time since last: 1640412954 ns, Reaching safepoint: 24883 ns, Cleanup: 14628 ns, At safepoint: 13407 ns, Total: 52918 ns
[2024-10-16T02:54:33.636+0000][127][info ][safepoint   ] Safepoint "Cleanup", Time since last: 3003817185 ns, Reaching safepoint: 32395 ns, Cleanup: 17307 ns, At safepoint: 13603 ns, Total: 63305 ns
[2024-10-16T02:54:36.639+0000][127][info ][safepoint   ] Safepoint "Cleanup", Time since last: 3003116453 ns, Reaching safepoint: 96888 ns, Cleanup: 15148 ns, At safepoint: 52343 ns, Total: 164379 ns
[2024-10-16T02:54:38.083+0000][127][info ][safepoint   ] Safepoint "Cleanup", Time since last: 1444055501 ns, Reaching safepoint: 8707 ns, Cleanup: 7637 ns, At safepoint: 4752 ns, Total: 21096 ns
[2024-10-16T02:54:39.100+0000][127][info ][safepoint   ] Safepoint "Cleanup", Time since last: 1016813939 ns, Reaching safepoint: 32819 ns, Cleanup: 17528 ns, At safepoint: 15387 ns, Total: 65734 ns
[2024-10-16T02:54:44.308+0000][127][info ][safepoint   ] Safepoint "Cleanup", Time since last: 5208061485 ns, Reaching safepoint: 26840 ns, Cleanup: 15154 ns, At safepoint: 12321 ns, Total: 54315 ns
[2024-10-16T02:54:50.015+0000][127][info ][safepoint   ] Safepoint "Cleanup", Time since last: 5706417137 ns, Reaching safepoint: 313791 ns, Cleanup: 16786 ns, At safepoint: 107753 ns, Total: 438330 ns
[2024-10-16T02:54:51.409+0000][127][info ][safepoint   ] Safepoint "Cleanup", Time since last: 1394442235 ns, Reaching safepoint: 14912 ns, Cleanup: 90837 ns, At safepoint: 57972 ns, Total: 163721 ns
[2024-10-16T02:54:52.722+0000][127][info ][safepoint   ] Safepoint "Cleanup", Time since last: 1312308050 ns, Reaching safepoint: 24528 ns, Cleanup: 28778 ns, At safepoint: 10228 ns, Total: 63534 ns
[2024-10-16T02:54:55.552+0000][127][info ][safepoint   ] Safepoint "Cleanup", Time since last: 2828981737 ns, Reaching safepoint: 1000385 ns, Cleanup: 34506 ns, At safepoint: 187733 ns, Total: 1222624 ns
[2024-10-16T02:55:08.598+0000][127][info ][safepoint   ] Safepoint "Cleanup", Time since last: 13044854764 ns, Reaching safepoint: 24491 ns, Cleanup: 14181 ns, At safepoint: 9188 ns, Total: 47860 ns
[2024-10-16T02:55:11.601+0000][127][info ][safepoint   ] Safepoint "Cleanup", Time since last: 3002702733 ns, Reaching safepoint: 23560 ns, Cleanup: 12956 ns, At safepoint: 9735 ns, Total: 46251 ns
[2024-10-16T02:55:13.603+0000][127][info ][safepoint   ] Safepoint "Cleanup", Time since last: 2002028039 ns, Reaching safepoint: 27688 ns, Cleanup: 17890 ns, At safepoint: 14575 ns, Total: 60153 ns
[2024-10-16T02:55:16.606+0000][127][info ][safepoint   ] Safepoint "Cleanup", Time since last: 3002882389 ns, Reaching safepoint: 22191 ns, Cleanup: 12234 ns, At safepoint: 10544 ns, Total: 44969 ns
[2024-10-16T02:55:18.609+0000][127][info ][safepoint   ] Safepoint "Cleanup", Time since last: 2003014245 ns, Reaching safepoint: 77510 ns, Cleanup: 15195 ns, At safepoint: 60534 ns, Total: 153239 ns
[2024-10-16T02:55:20.544+0000][127][info ][safepoint   ] Safepoint "Cleanup", Time since last: 1934927021 ns, Reaching safepoint: 50106 ns, Cleanup: 15150 ns, At safepoint: 11308 ns, Total: 76564 ns
[2024-10-16T02:55:23.016+0000][127][info ][safepoint   ] Safepoint "Cleanup", Time since last: 2472065752 ns, Reaching safepoint: 7598 ns, Cleanup: 13857 ns, At safepoint: 5341 ns, Total: 26796 ns
[2024-10-16T02:55:24.789+0000][127][info ][safepoint   ] Safepoint "Cleanup", Time since last: 1772884823 ns, Reaching safepoint: 6784 ns, Cleanup: 17661 ns, At safepoint: 5392 ns, Total: 29837 ns
[2024-10-16T02:55:26.795+0000][127][info ][safepoint   ] Safepoint "Cleanup", Time since last: 2005928704 ns, Reaching safepoint: 21117 ns, Cleanup: 12945 ns, At safepoint: 9915 ns, Total: 43977 ns
[2024-10-16T02:55:32.038+0000][127][info ][safepoint   ] Safepoint "Cleanup", Time since last: 5243957272 ns, Reaching safepoint: 6574 ns, Cleanup: 6727 ns, At safepoint: 4825 ns, Total: 18126 ns
[2024-10-16T02:55:33.903+0000][127][info ][safepoint   ] Safepoint "Cleanup", Time since last: 1864856739 ns, Reaching safepoint: 28462 ns, Cleanup: 19102 ns, At safepoint: 11882 ns, Total: 59446 ns
[2024-10-16T02:55:37.908+0000][127][info ][safepoint   ] Safepoint "Cleanup", Time since last: 4004250760 ns, Reaching safepoint: 71643 ns, Cleanup: 16042 ns, At safepoint: 13455 ns, Total: 101140 ns
[2024-10-16T02:55:59.598+0000][127][info ][safepoint   ] Safepoint "Cleanup", Time since last: 21690752208 ns, Reaching safepoint: 22563 ns, Cleanup: 13109 ns, At safepoint: 9642 ns, Total: 45314 ns
[2024-10-16T02:56:07.608+0000][127][info ][safepoint   ] Safepoint "Cleanup", Time since last: 8007756648 ns, Reaching safepoint: 52760 ns, Cleanup: 12479 ns, At safepoint: 10897 ns, Total: 76136 ns
[2024-10-16T02:56:08.695+0000][127][info ][safepoint   ] Safepoint "Cleanup", Time since last: 1086198724 ns, Reaching safepoint: 14359 ns, Cleanup: 273907 ns, At safepoint: 34378 ns, Total: 322644 ns
[2024-10-16T02:56:09.790+0000][127][info ][safepoint   ] Safepoint "Cleanup", Time since last: 1095472768 ns, Reaching safepoint: 24253 ns, Cleanup: 14255 ns, At safepoint: 8790 ns, Total: 47298 ns
[2024-10-16T02:56:10.857+0000][127][info ][safepoint   ] Safepoint "Cleanup", Time since last: 1054647823 ns, Reaching safepoint: 12071644 ns, Cleanup: 20805 ns, At safepoint: 90165 ns, Total: 12182614 ns
[2024-10-16T02:56:21.868+0000][127][info ][safepoint   ] Safepoint "Cleanup", Time since last: 11010983403 ns, Reaching safepoint: 168653 ns, Cleanup: 19067 ns, At safepoint: 25489 ns, Total: 213209 ns
[2024-10-16T02:56:26.032+0000][127][info ][safepoint   ] Safepoint "Cleanup", Time since last: 4163251503 ns, Reaching safepoint: 610560 ns, Cleanup: 28058 ns, At safepoint: 63975 ns, Total: 702593 ns
[2024-10-16T02:56:28.001+0000][127][info ][safepoint   ] Safepoint "Cleanup", Time since last: 1969069236 ns, Reaching safepoint: 22018 ns, Cleanup: 16072 ns, At safepoint: 9508 ns, Total: 47598 ns
[2024-10-16T02:56:29.699+0000][127][info ][safepoint   ] Safepoint "Cleanup", Time since last: 1697911595 ns, Reaching safepoint: 23544 ns, Cleanup: 51244 ns, At safepoint: 9534 ns, Total: 84322 ns
[2024-10-16T02:56:33.704+0000][127][info ][safepoint   ] Safepoint "Cleanup", Time since last: 4003830481 ns, Reaching safepoint: 23172 ns, Cleanup: 13034 ns, At safepoint: 10261 ns, Total: 46467 ns
[2024-10-16T02:56:36.022+0000][127][info ][safepoint   ] Safepoint "Cleanup", Time since last: 2317478997 ns, Reaching safepoint: 20666 ns, Cleanup: 16722 ns, At safepoint: 111685 ns, Total: 149073 ns
[2024-10-16T02:56:42.042+0000][127][info ][safepoint   ] Safepoint "Cleanup", Time since last: 6020150366 ns, Reaching safepoint: 263832 ns, Cleanup: 25301 ns, At safepoint: 15835 ns, Total: 304968 ns
[2024-10-16T02:56:43.043+0000][127][info ][safepoint   ] Safepoint "Cleanup", Time since last: 1000943246 ns, Reaching safepoint: 37370 ns, Cleanup: 42235 ns, At safepoint: 15590 ns, Total: 95195 ns
[2024-10-16T02:56:44.086+0000][127][info ][safepoint   ] Safepoint "Cleanup", Time since last: 1041614213 ns, Reaching safepoint: 1396306 ns, Cleanup: 22061 ns, At safepoint: 104580 ns, Total: 1522947 ns
[2024-10-16T02:56:52.094+0000][127][info ][safepoint   ] Safepoint "Cleanup", Time since last: 8007802937 ns, Reaching safepoint: 23818 ns, Cleanup: 13856 ns, At safepoint: 10252 ns, Total: 47926 ns
[2024-10-16T02:57:30.079+0000][127][info ][safepoint   ] Safepoint "Cleanup", Time since last: 37984194992 ns, Reaching safepoint: 36524 ns, Cleanup: 22624 ns, At safepoint: 15902 ns, Total: 75050 ns
[2024-10-16T02:57:31.317+0000][127][info ][safepoint   ] Safepoint "Cleanup", Time since last: 1236469469 ns, Reaching safepoint: 29003 ns, Cleanup: 20499 ns, At safepoint: 12599 ns, Total: 62101 ns
[2024-10-16T02:57:32.319+0000][127][info ][safepoint   ] Safepoint "Cleanup", Time since last: 1001907417 ns, Reaching safepoint: 29351 ns, Cleanup: 31309 ns, At safepoint: 14924 ns, Total: 75584 ns
[2024-10-16T02:57:34.120+0000][127][info ][safepoint   ] Safepoint "Cleanup", Time since last: 1800899610 ns, Reaching safepoint: 20953 ns, Cleanup: 16837 ns, At safepoint: 9636 ns, Total: 47426 ns
[2024-10-16T02:57:37.123+0000][127][info ][safepoint   ] Safepoint "Cleanup", Time since last: 3003113275 ns, Reaching safepoint: 33822 ns, Cleanup: 16813 ns, At safepoint: 11422 ns, Total: 62057 ns
[2024-10-16T02:57:38.200+0000][127][info ][safepoint   ] Safepoint "Cleanup", Time since last: 1077034953 ns, Reaching safepoint: 14802 ns, Cleanup: 9477 ns, At safepoint: 7117 ns, Total: 31396 ns
[2024-10-16T02:57:39.226+0000][127][info ][safepoint   ] Safepoint "Cleanup", Time since last: 1026017916 ns, Reaching safepoint: 7160 ns, Cleanup: 12351 ns, At safepoint: 5342 ns, Total: 24853 ns
[2024-10-16T02:57:43.989+0000][127][info ][safepoint   ] Safepoint "Cleanup", Time since last: 4762955971 ns, Reaching safepoint: 11972 ns, Cleanup: 13976 ns, At safepoint: 7800 ns, Total: 33748 ns
[2024-10-16T02:57:58.827+0000][127][info ][safepoint   ] Safepoint "Cleanup", Time since last: 14837695698 ns, Reaching safepoint: 68216 ns, Cleanup: 17188 ns, At safepoint: 19026 ns, Total: 104430 ns
[2024-10-16T02:58:32.317+0000][127][info ][safepoint   ] Safepoint "Cleanup", Time since last: 33488002082 ns, Reaching safepoint: 17115 ns, Cleanup: 21300 ns, At safepoint: 377090 ns, Total: 415505 ns
[2024-10-16T02:58:33.444+0000][127][info ][safepoint   ] Safepoint "Cleanup", Time since last: 1126927812 ns, Reaching safepoint: 35239 ns, Cleanup: 29159 ns, At safepoint: 15940 ns, Total: 80338 ns
[2024-10-16T02:58:35.446+0000][127][info ][safepoint   ] Safepoint "Cleanup", Time since last: 2001962183 ns, Reaching safepoint: 32731 ns, Cleanup: 17342 ns, At safepoint: 13862 ns, Total: 63935 ns
[2024-10-16T02:58:37.448+0000][127][info ][safepoint   ] Safepoint "Cleanup", Time since last: 2001647459 ns, Reaching safepoint: 31755 ns, Cleanup: 64199 ns, At safepoint: 46580 ns, Total: 142534 ns
[2024-10-16T02:58:41.296+0000][127][info ][safepoint   ] Safepoint "Cleanup", Time since last: 3848511844 ns, Reaching safepoint: 28905 ns, Cleanup: 15157 ns, At safepoint: 7395 ns, Total: 51457 ns
[2024-10-16T02:58:42.530+0000][127][info ][safepoint   ] Safepoint "Cleanup", Time since last: 1233248744 ns, Reaching safepoint: 22460 ns, Cleanup: 12153 ns, At safepoint: 9839 ns, Total: 44452 ns
[2024-10-16T02:59:19.457+0000][127][info ][safepoint   ] Safepoint "Cleanup", Time since last: 36926770975 ns, Reaching safepoint: 32728 ns, Cleanup: 11168 ns, At safepoint: 11726 ns, Total: 55622 ns
[2024-10-16T02:59:33.768+0000][127][info ][safepoint   ] Safepoint "Cleanup", Time since last: 14310071578 ns, Reaching safepoint: 21478 ns, Cleanup: 12252 ns, At safepoint: 10663 ns, Total: 44393 ns
[2024-10-16T02:59:36.857+0000][127][info ][safepoint   ] Safepoint "Cleanup", Time since last: 3088068911 ns, Reaching safepoint: 37526 ns, Cleanup: 225006 ns, At safepoint: 95090 ns, Total: 357622 ns
[2024-10-16T02:59:42.093+0000][127][info ][safepoint   ] Safepoint "Cleanup", Time since last: 5235617095 ns, Reaching safepoint: 68940 ns, Cleanup: 22525 ns, At safepoint: 14715 ns, Total: 106180 ns
[2024-10-16T02:59:43.150+0000][127][info ][safepoint   ] Safepoint "Cleanup", Time since last: 1056937858 ns, Reaching safepoint: 788787 ns, Cleanup: 114656 ns, At safepoint: 80891 ns, Total: 984334 ns
[2024-10-16T02:59:44.334+0000][127][info ][safepoint   ] Safepoint "Cleanup", Time since last: 1183089034 ns, Reaching safepoint: 23321 ns, Cleanup: 11164 ns, At safepoint: 7316 ns, Total: 41801 ns
[2024-10-16T02:59:46.183+0000][127][info ][safepoint   ] Safepoint "Cleanup", Time since last: 1849610149 ns, Reaching safepoint: 63799 ns, Cleanup: 25552 ns, At safepoint: 17867 ns, Total: 107218 ns
[2024-10-16T02:59:49.901+0000][127][info ][safepoint   ] Safepoint "Cleanup", Time since last: 3717616555 ns, Reaching safepoint: 234606 ns, Cleanup: 7460 ns, At safepoint: 85564 ns, Total: 327630 ns
[2024-10-16T02:59:50.905+0000][127][info ][safepoint   ] Safepoint "Cleanup", Time since last: 1003540106 ns, Reaching safepoint: 7212 ns, Cleanup: 23883 ns, At safepoint: 5491 ns, Total: 36586 ns
[2024-10-16T02:59:53.242+0000][127][info ][safepoint   ] Safepoint "Cleanup", Time since last: 2336620763 ns, Reaching safepoint: 21606 ns, Cleanup: 12046 ns, At safepoint: 9317 ns, Total: 42969 ns
[2024-10-16T02:59:57.109+0000][127][info ][safepoint   ] Safepoint "Cleanup", Time since last: 3867041041 ns, Reaching safepoint: 69111 ns, Cleanup: 23497 ns, At safepoint: 20509 ns, Total: 113117 ns
[2024-10-16T02:59:59.111+0000][127][info ][safepoint   ] Safepoint "Cleanup", Time since last: 2001783496 ns, Reaching safepoint: 24849 ns, Cleanup: 12718 ns, At safepoint: 9620 ns, Total: 47187 ns
[2024-10-16T03:00:03.116+0000][127][info ][safepoint   ] Safepoint "Cleanup", Time since last: 4004234635 ns, Reaching safepoint: 36145 ns, Cleanup: 30520 ns, At safepoint: 13185 ns, Total: 79850 ns
[2024-10-16T03:00:04.156+0000][127][info ][safepoint   ] Safepoint "Cleanup", Time since last: 1039753079 ns, Reaching safepoint: 22154 ns, Cleanup: 11911 ns, At safepoint: 10080 ns, Total: 44145 ns
[2024-10-16T03:00:06.196+0000][127][info ][safepoint   ] Safepoint "Cleanup", Time since last: 2039741618 ns, Reaching safepoint: 27750 ns, Cleanup: 13796 ns, At safepoint: 9456 ns, Total: 51002 ns
[2024-10-16T03:00:07.196+0000][127][info ][safepoint   ] Safepoint "Cleanup", Time since last: 1000823750 ns, Reaching safepoint: 20339 ns, Cleanup: 22937 ns, At safepoint: 11819 ns, Total: 55095 ns
[2024-10-16T03:00:08.198+0000][127][info ][safepoint   ] Safepoint "Cleanup", Time since last: 1001030509 ns, Reaching safepoint: 77500 ns, Cleanup: 19557 ns, At safepoint: 19186 ns, Total: 116243 ns
[2024-10-16T03:00:14.196+0000][127][info ][safepoint   ] Safepoint "Cleanup", Time since last: 5998477881 ns, Reaching safepoint: 308759 ns, Cleanup: 18979 ns, At safepoint: 104962 ns, Total: 432700 ns
[2024-10-16T03:00:18.778+0000][127][info ][safepoint   ] Safepoint "Cleanup", Time since last: 4581945555 ns, Reaching safepoint: 17486 ns, Cleanup: 17036 ns, At safepoint: 16494 ns, Total: 51016 ns
[2024-10-16T03:00:30.818+0000][127][info ][safepoint   ] Safepoint "Cleanup", Time since last: 12038177651 ns, Reaching safepoint: 62442 ns, Cleanup: 16228 ns, At safepoint: 13695 ns, Total: 92365 ns
[2024-10-16T03:00:35.319+0000][127][info ][safepoint   ] Safepoint "Cleanup", Time since last: 4501169485 ns, Reaching safepoint: 6765 ns, Cleanup: 8577 ns, At safepoint: 4528 ns, Total: 19870 ns
[2024-10-16T03:00:36.320+0000][127][info ][safepoint   ] Safepoint "Cleanup", Time since last: 1001128029 ns, Reaching safepoint: 6487 ns, Cleanup: 9851 ns, At safepoint: 4861 ns, Total: 21199 ns
[2024-10-16T03:00:37.320+0000][127][info ][safepoint   ] Safepoint "Cleanup", Time since last: 1000317553 ns, Reaching safepoint: 7148 ns, Cleanup: 6919 ns, At safepoint: 5290 ns, Total: 19357 ns
[2024-10-16T03:00:38.323+0000][127][info ][safepoint   ] Safepoint "Cleanup", Time since last: 1003093705 ns, Reaching safepoint: 22288 ns, Cleanup: 14064 ns, At safepoint: 10177 ns, Total: 46529 ns
[2024-10-16T03:00:41.978+0000][127][info ][safepoint   ] Safepoint "Cleanup", Time since last: 3654047048 ns, Reaching safepoint: 13935 ns, Cleanup: 11865 ns, At safepoint: 6829 ns, Total: 32629 ns
[2024-10-16T03:00:44.012+0000][127][info ][safepoint   ] Safepoint "Cleanup", Time since last: 2034316118 ns, Reaching safepoint: 13696 ns, Cleanup: 11480 ns, At safepoint: 9895 ns, Total: 35071 ns
[2024-10-16T03:01:08.907+0000][127][info ][safepoint   ] Safepoint "Cleanup", Time since last: 24894565341 ns, Reaching safepoint: 11092 ns, Cleanup: 44323 ns, At safepoint: 8825 ns, Total: 64240 ns
[2024-10-16T03:01:09.908+0000][127][info ][safepoint   ] Safepoint "Cleanup", Time since last: 1000873351 ns, Reaching safepoint: 31732 ns, Cleanup: 43198 ns, At safepoint: 15784 ns, Total: 90714 ns
[2024-10-16T03:01:28.941+0000][127][info ][safepoint   ] Safepoint "Cleanup", Time since last: 19031954922 ns, Reaching safepoint: 27844 ns, Cleanup: 177862 ns, At safepoint: 26948 ns, Total: 232654 ns
[2024-10-16T03:01:36.956+0000][127][info ][safepoint   ] Safepoint "Cleanup", Time since last: 8014696620 ns, Reaching safepoint: 22798 ns, Cleanup: 16738 ns, At safepoint: 10166 ns, Total: 49702 ns
[2024-10-16T03:01:53.651+0000][127][info ][safepoint   ] Safepoint "Cleanup", Time since last: 16695109408 ns, Reaching safepoint: 21967 ns, Cleanup: 12146 ns, At safepoint: 9727 ns, Total: 43840 ns
[2024-10-16T03:02:02.496+0000][127][info ][safepoint   ] Safepoint "Cleanup", Time since last: 8827952920 ns, Reaching safepoint: 20980 ns, Cleanup: 11577 ns, At safepoint: 9492 ns, Total: 42049 ns
[2024-10-16T03:02:12.092+0000][127][info ][safepoint   ] Safepoint "Cleanup", Time since last: 9596107960 ns, Reaching safepoint: 13217 ns, Cleanup: 14212 ns, At safepoint: 7853 ns, Total: 35282 ns
[2024-10-16T03:02:13.221+0000][127][info ][safepoint   ] Safepoint "Cleanup", Time since last: 1128797656 ns, Reaching safepoint: 21164 ns, Cleanup: 12492 ns, At safepoint: 10139 ns, Total: 43795 ns
[2024-10-16T03:02:17.149+0000][127][info ][safepoint   ] Safepoint "Cleanup", Time since last: 3927913199 ns, Reaching safepoint: 32023 ns, Cleanup: 15345 ns, At safepoint: 14035 ns, Total: 61403 ns
[2024-10-16T03:02:19.219+0000][127][info ][safepoint   ] Safepoint "Cleanup", Time since last: 2070049366 ns, Reaching safepoint: 32942 ns, Cleanup: 27619 ns, At safepoint: 14063 ns, Total: 74624 ns
[2024-10-16T03:02:21.221+0000][127][info ][safepoint   ] Safepoint "Cleanup", Time since last: 2002004661 ns, Reaching safepoint: 28901 ns, Cleanup: 14748 ns, At safepoint: 11705 ns, Total: 55354 ns
[2024-10-16T03:02:37.245+0000][127][info ][safepoint   ] Safepoint "Cleanup", Time since last: 16024799564 ns, Reaching safepoint: 30946 ns, Cleanup: 16456 ns, At safepoint: 12460 ns, Total: 59862 ns
[2024-10-16T03:02:38.653+0000][127][info ][safepoint   ] Safepoint "Cleanup", Time since last: 1408059585 ns, Reaching safepoint: 601481 ns, Cleanup: 11656 ns, At safepoint: 78064 ns, Total: 691201 ns
[2024-10-16T03:02:41.798+0000][127][info ][safepoint   ] Safepoint "Cleanup", Time since last: 3144202146 ns, Reaching safepoint: 24427 ns, Cleanup: 12184 ns, At safepoint: 9795 ns, Total: 46406 ns
[2024-10-16T03:02:43.914+0000][127][info ][safepoint   ] Safepoint "Cleanup", Time since last: 2116800057 ns, Reaching safepoint: 20379 ns, Cleanup: 10894 ns, At safepoint: 9831 ns, Total: 41104 ns
[2024-10-16T03:02:53.452+0000][127][info ][safepoint   ] Safepoint "Cleanup", Time since last: 9537289671 ns, Reaching safepoint: 64518 ns, Cleanup: 26420 ns, At safepoint: 64150 ns, Total: 155088 ns
[2024-10-16T03:02:54.545+0000][127][info ][safepoint   ] Safepoint "Cleanup", Time since last: 1093274354 ns, Reaching safepoint: 11152 ns, Cleanup: 13546 ns, At safepoint: 8594 ns, Total: 33292 ns
[2024-10-16T03:02:58.551+0000][127][info ][safepoint   ] Safepoint "Cleanup", Time since last: 4005324606 ns, Reaching safepoint: 23584 ns, Cleanup: 13602 ns, At safepoint: 9856 ns, Total: 47042 ns
[2024-10-16T03:02:59.551+0000][127][info ][safepoint   ] Safepoint "Cleanup", Time since last: 1000817871 ns, Reaching safepoint: 31313 ns, Cleanup: 13471 ns, At safepoint: 9230 ns, Total: 54014 ns
[2024-10-16T03:03:07.564+0000][127][info ][safepoint   ] Safepoint "Cleanup", Time since last: 8008302313 ns, Reaching safepoint: 92386 ns, Cleanup: 63193 ns, At safepoint: 53832 ns, Total: 209411 ns
[2024-10-16T03:03:31.589+0000][127][info ][safepoint   ] Safepoint "Cleanup", Time since last: 24022515363 ns, Reaching safepoint: 21348 ns, Cleanup: 11412 ns, At safepoint: 10123 ns, Total: 42883 ns
[2024-10-16T03:03:37.639+0000][127][info ][safepoint   ] Safepoint "Cleanup", Time since last: 6049654786 ns, Reaching safepoint: 197125 ns, Cleanup: 17687 ns, At safepoint: 22047 ns, Total: 236859 ns
[2024-10-16T03:03:42.313+0000][127][info ][safepoint   ] Safepoint "Cleanup", Time since last: 4673568864 ns, Reaching safepoint: 7202 ns, Cleanup: 12450 ns, At safepoint: 5219 ns, Total: 24871 ns
[2024-10-16T03:03:43.446+0000][127][info ][safepoint   ] Safepoint "Cleanup", Time since last: 1133749929 ns, Reaching safepoint: 12917 ns, Cleanup: 14656 ns, At safepoint: 9768 ns, Total: 37341 ns
[2024-10-16T03:03:53.621+0000][127][info ][safepoint   ] Safepoint "Cleanup", Time since last: 10174827191 ns, Reaching safepoint: 21982 ns, Cleanup: 11765 ns, At safepoint: 10432 ns, Total: 44179 ns
[2024-10-16T03:03:57.347+0000][127][info ][safepoint   ] Safepoint "Cleanup", Time since last: 3725810109 ns, Reaching safepoint: 6841 ns, Cleanup: 7419 ns, At safepoint: 5543 ns, Total: 19803 ns
[2024-10-16T03:04:03.365+0000][127][info ][safepoint   ] Safepoint "Cleanup", Time since last: 6016983632 ns, Reaching safepoint: 47537 ns, Cleanup: 11828 ns, At safepoint: 12046 ns, Total: 71411 ns
[2024-10-16T03:04:13.393+0000][127][info ][safepoint   ] Safepoint "Cleanup", Time since last: 10027907450 ns, Reaching safepoint: 32880 ns, Cleanup: 17259 ns, At safepoint: 14843 ns, Total: 64982 ns
[2024-10-16T03:04:19.400+0000][127][info ][safepoint   ] Safepoint "Cleanup", Time since last: 6006121720 ns, Reaching safepoint: 29238 ns, Cleanup: 22546 ns, At safepoint: 84171 ns, Total: 135955 ns
[2024-10-16T03:04:20.400+0000][127][info ][safepoint   ] Safepoint "Cleanup", Time since last: 1000762562 ns, Reaching safepoint: 30314 ns, Cleanup: 16816 ns, At safepoint: 25760 ns, Total: 72890 ns
[2024-10-16T03:04:35.427+0000][127][info ][safepoint   ] Safepoint "Cleanup", Time since last: 15024747161 ns, Reaching safepoint: 1249278 ns, Cleanup: 16958 ns, At safepoint: 126797 ns, Total: 1393033 ns
[2024-10-16T03:04:37.429+0000][127][info ][safepoint   ] Safepoint "Cleanup", Time since last: 2001778719 ns, Reaching safepoint: 31232 ns, Cleanup: 13301 ns, At safepoint: 44579 ns, Total: 89112 ns
[2024-10-16T03:04:43.436+0000][127][info ][safepoint   ] Safepoint "Cleanup", Time since last: 6005713361 ns, Reaching safepoint: 1152884 ns, Cleanup: 18966 ns, At safepoint: 109328 ns, Total: 1281178 ns
[2024-10-16T03:04:44.459+0000][127][info ][safepoint   ] Safepoint "Cleanup", Time since last: 1021768562 ns, Reaching safepoint: 1140569 ns, Cleanup: 17158 ns, At safepoint: 148046 ns, Total: 1305773 ns
[2024-10-16T03:04:45.481+0000][127][info ][safepoint   ] Safepoint "Cleanup", Time since last: 1022121239 ns, Reaching safepoint: 13090 ns, Cleanup: 11657 ns, At safepoint: 9423 ns, Total: 34170 ns
[2024-10-16T03:04:50.452+0000][127][info ][safepoint   ] Safepoint "Cleanup", Time since last: 4969997546 ns, Reaching safepoint: 32773 ns, Cleanup: 10761 ns, At safepoint: 8355 ns, Total: 51889 ns
[2024-10-16T03:04:51.528+0000][127][info ][safepoint   ] Safepoint "Cleanup", Time since last: 1076599802 ns, Reaching safepoint: 8468 ns, Cleanup: 11827 ns, At safepoint: 4773 ns, Total: 25068 ns
[2024-10-16T03:04:52.602+0000][127][info ][safepoint   ] Safepoint "Cleanup", Time since last: 1073446343 ns, Reaching safepoint: 40149 ns, Cleanup: 19546 ns, At safepoint: 13088 ns, Total: 72783 ns
[2024-10-16T03:04:54.713+0000][127][info ][safepoint   ] Safepoint "Cleanup", Time since last: 2111204164 ns, Reaching safepoint: 23341 ns, Cleanup: 16576 ns, At safepoint: 8911 ns, Total: 48828 ns
[2024-10-16T03:04:58.812+0000][127][info ][safepoint   ] Safepoint "Cleanup", Time since last: 4099278664 ns, Reaching safepoint: 21738 ns, Cleanup: 13188 ns, At safepoint: 9105 ns, Total: 44031 ns
[2024-10-16T03:05:00.732+0000][127][info ][safepoint   ] Safepoint "Cleanup", Time since last: 1918976940 ns, Reaching safepoint: 26829 ns, Cleanup: 12081 ns, At safepoint: 9963 ns, Total: 48873 ns
[2024-10-16T03:05:36.953+0000][127][info ][safepoint   ] Safepoint "Cleanup", Time since last: 36219894588 ns, Reaching safepoint: 67571 ns, Cleanup: 20841 ns, At safepoint: 13877 ns, Total: 102289 ns
[2024-10-16T03:05:38.955+0000][127][info ][safepoint   ] Safepoint "Cleanup", Time since last: 2001788110 ns, Reaching safepoint: 22790 ns, Cleanup: 11933 ns, At safepoint: 9314 ns, Total: 44037 ns
[2024-10-16T03:05:47.789+0000][127][info ][safepoint   ] Safepoint "Cleanup", Time since last: 8833562681 ns, Reaching safepoint: 7019 ns, Cleanup: 7042 ns, At safepoint: 5503 ns, Total: 19564 ns
[2024-10-16T03:05:48.807+0000][127][info ][safepoint   ] Safepoint "Cleanup", Time since last: 1018436527 ns, Reaching safepoint: 6973 ns, Cleanup: 8889 ns, At safepoint: 5517 ns, Total: 21379 ns
[2024-10-16T03:05:57.870+0000][127][info ][safepoint   ] Safepoint "Cleanup", Time since last: 9063044627 ns, Reaching safepoint: 21822 ns, Cleanup: 11768 ns, At safepoint: 10182 ns, Total: 43772 ns
[2024-10-16T03:06:07.905+0000][127][info ][safepoint   ] Safepoint "Cleanup", Time since last: 10034072256 ns, Reaching safepoint: 130518 ns, Cleanup: 16697 ns, At safepoint: 19607 ns, Total: 166822 ns
[2024-10-16T03:06:16.912+0000][127][info ][safepoint   ] Safepoint "Cleanup", Time since last: 9006632892 ns, Reaching safepoint: 20076 ns, Cleanup: 11843 ns, At safepoint: 9574 ns, Total: 41493 ns
[2024-10-16T03:06:36.932+0000][127][info ][safepoint   ] Safepoint "Cleanup", Time since last: 20020053918 ns, Reaching safepoint: 57694 ns, Cleanup: 15658 ns, At safepoint: 9738 ns, Total: 83090 ns
[2024-10-16T03:06:38.934+0000][127][info ][safepoint   ] Safepoint "Cleanup", Time since last: 2001657572 ns, Reaching safepoint: 22659 ns, Cleanup: 15138 ns, At safepoint: 9744 ns, Total: 47541 ns
[2024-10-16T03:06:48.944+0000][127][info ][safepoint   ] Safepoint "Cleanup", Time since last: 10010145689 ns, Reaching safepoint: 23866 ns, Cleanup: 13461 ns, At safepoint: 10428 ns, Total: 47755 ns
[2024-10-16T03:06:50.495+0000][127][info ][safepoint   ] Safepoint "Cleanup", Time since last: 1550420876 ns, Reaching safepoint: 6679 ns, Cleanup: 7282 ns, At safepoint: 4927 ns, Total: 18888 ns
[2024-10-16T03:06:57.000+0000][127][info ][safepoint   ] Safepoint "Cleanup", Time since last: 6505384988 ns, Reaching safepoint: 22845 ns, Cleanup: 13146 ns, At safepoint: 9285 ns, Total: 45276 ns
[2024-10-16T03:07:05.512+0000][127][info ][safepoint   ] Safepoint "Cleanup", Time since last: 8511623745 ns, Reaching safepoint: 12311 ns, Cleanup: 9413 ns, At safepoint: 8772 ns, Total: 30496 ns
[2024-10-16T03:07:07.009+0000][127][info ][safepoint   ] Safepoint "Cleanup", Time since last: 1496304568 ns, Reaching safepoint: 47038 ns, Cleanup: 12332 ns, At safepoint: 11599 ns, Total: 70969 ns
[2024-10-16T03:07:17.019+0000][127][info ][safepoint   ] Safepoint "Cleanup", Time since last: 10009998988 ns, Reaching safepoint: 21414 ns, Cleanup: 12710 ns, At safepoint: 9492 ns, Total: 43616 ns
[2024-10-16T03:07:19.022+0000][127][info ][safepoint   ] Safepoint "Cleanup", Time since last: 2003473297 ns, Reaching safepoint: 50095 ns, Cleanup: 14842 ns, At safepoint: 16941 ns, Total: 81878 ns
[2024-10-16T03:07:44.048+0000][127][info ][safepoint   ] Safepoint "Cleanup", Time since last: 25024266321 ns, Reaching safepoint: 46731 ns, Cleanup: 11715 ns, At safepoint: 8827 ns, Total: 67273 ns
[2024-10-16T03:07:54.068+0000][127][info ][safepoint   ] Safepoint "Cleanup", Time since last: 10020697720 ns, Reaching safepoint: 10890 ns, Cleanup: 9223 ns, At safepoint: 7067 ns, Total: 27180 ns
[2024-10-16T03:07:57.253+0000][127][info ][safepoint   ] Safepoint "Cleanup", Time since last: 3183756150 ns, Reaching safepoint: 913401 ns, Cleanup: 16854 ns, At safepoint: 13533 ns, Total: 943788 ns
[2024-10-16T03:08:00.256+0000][127][info ][safepoint   ] Safepoint "Cleanup", Time since last: 3002795361 ns, Reaching safepoint: 24792 ns, Cleanup: 12243 ns, At safepoint: 10997 ns, Total: 48032 ns
[2024-10-16T03:08:04.261+0000][127][info ][safepoint   ] Safepoint "Cleanup", Time since last: 4003925250 ns, Reaching safepoint: 30727 ns, Cleanup: 19480 ns, At safepoint: 16208 ns, Total: 66415 ns
[2024-10-16T03:08:08.540+0000][127][info ][safepoint   ] Safepoint "Cleanup", Time since last: 4278877665 ns, Reaching safepoint: 39904 ns, Cleanup: 8371 ns, At safepoint: 7540 ns, Total: 55815 ns
[2024-10-16T03:08:14.141+0000][127][info ][safepoint   ] Safepoint "Cleanup", Time since last: 5601092403 ns, Reaching safepoint: 34646 ns, Cleanup: 18662 ns, At safepoint: 18852 ns, Total: 72160 ns
[2024-10-16T03:08:33.220+0000][127][info ][safepoint   ] Safepoint "Cleanup", Time since last: 19077830332 ns, Reaching safepoint: 29464 ns, Cleanup: 14670 ns, At safepoint: 47720 ns, Total: 91854 ns
[2024-10-16T03:08:54.241+0000][127][info ][safepoint   ] Safepoint "Cleanup", Time since last: 21021134725 ns, Reaching safepoint: 120803 ns, Cleanup: 13086 ns, At safepoint: 12738 ns, Total: 146627 ns
[2024-10-16T03:08:56.670+0000][127][info ][safepoint   ] Safepoint "Cleanup", Time since last: 2428585780 ns, Reaching safepoint: 11817 ns, Cleanup: 9080 ns, At safepoint: 7006 ns, Total: 27903 ns
[2024-10-16T03:08:58.267+0000][127][info ][safepoint   ] Safepoint "Cleanup", Time since last: 1596837823 ns, Reaching safepoint: 28453 ns, Cleanup: 18789 ns, At safepoint: 48099 ns, Total: 95341 ns
[2024-10-16T03:09:00.269+0000][127][info ][safepoint   ] Safepoint "Cleanup", Time since last: 2001882277 ns, Reaching safepoint: 22938 ns, Cleanup: 13148 ns, At safepoint: 9763 ns, Total: 45849 ns
[2024-10-16T03:09:04.272+0000][127][info ][safepoint   ] Safepoint "Cleanup", Time since last: 4002274267 ns, Reaching safepoint: 35984 ns, Cleanup: 16809 ns, At safepoint: 12041 ns, Total: 64834 ns
[2024-10-16T03:09:11.597+0000][127][info ][safepoint   ] Safepoint "Cleanup", Time since last: 7325061333 ns, Reaching safepoint: 22651 ns, Cleanup: 7045 ns, At safepoint: 4660 ns, Total: 34356 ns
[2024-10-16T03:09:13.294+0000][127][info ][safepoint   ] Safepoint "Cleanup", Time since last: 1697444045 ns, Reaching safepoint: 34268 ns, Cleanup: 15347 ns, At safepoint: 9585 ns, Total: 59200 ns
[2024-10-16T03:09:15.297+0000][127][info ][safepoint   ] Safepoint "Cleanup", Time since last: 2002140687 ns, Reaching safepoint: 25181 ns, Cleanup: 17152 ns, At safepoint: 10196 ns, Total: 52529 ns
[2024-10-16T03:09:19.301+0000][127][info ][safepoint   ] Safepoint "Cleanup", Time since last: 4003944988 ns, Reaching safepoint: 30944 ns, Cleanup: 17867 ns, At safepoint: 11932 ns, Total: 60743 ns
[2024-10-16T03:09:24.306+0000][127][info ][safepoint   ] Safepoint "Cleanup", Time since last: 5005006831 ns, Reaching safepoint: 20403 ns, Cleanup: 11578 ns, At safepoint: 9887 ns, Total: 41868 ns
[2024-10-16T03:09:25.307+0000][127][info ][safepoint   ] Safepoint "Cleanup", Time since last: 1001135876 ns, Reaching safepoint: 64228 ns, Cleanup: 18356 ns, At safepoint: 18500 ns, Total: 101084 ns
[2024-10-16T03:09:28.310+0000][127][info ][safepoint   ] Safepoint "Cleanup", Time since last: 3002731050 ns, Reaching safepoint: 20843 ns, Cleanup: 11347 ns, At safepoint: 8804 ns, Total: 40994 ns
[2024-10-16T03:09:29.310+0000][127][info ][safepoint   ] Safepoint "Cleanup", Time since last: 1000820121 ns, Reaching safepoint: 22094 ns, Cleanup: 13445 ns, At safepoint: 9366 ns, Total: 44905 ns
[2024-10-16T03:09:37.320+0000][127][info ][safepoint   ] Safepoint "Cleanup", Time since last: 8008073806 ns, Reaching safepoint: 22839 ns, Cleanup: 13735 ns, At safepoint: 9496 ns, Total: 46070 ns
[2024-10-16T03:09:43.325+0000][127][info ][safepoint   ] Safepoint "Cleanup", Time since last: 6005093125 ns, Reaching safepoint: 50375 ns, Cleanup: 11846 ns, At safepoint: 9275 ns, Total: 71496 ns
[2024-10-16T03:09:50.603+0000][127][info ][safepoint   ] Safepoint "Cleanup", Time since last: 7278327778 ns, Reaching safepoint: 6495 ns, Cleanup: 10562 ns, At safepoint: 4713 ns, Total: 21770 ns
[2024-10-16T03:09:52.355+0000][127][info ][safepoint   ] Safepoint "Cleanup", Time since last: 1751326321 ns, Reaching safepoint: 24350 ns, Cleanup: 15895 ns, At safepoint: 10304 ns, Total: 50549 ns
[2024-10-16T03:09:53.380+0000][127][info ][safepoint   ] Safepoint "Cleanup", Time since last: 1025095672 ns, Reaching safepoint: 20618 ns, Cleanup: 12619 ns, At safepoint: 10434 ns, Total: 43671 ns
[2024-10-16T03:09:58.583+0000][127][info ][safepoint   ] Safepoint "Cleanup", Time since last: 5202938501 ns, Reaching safepoint: 44837 ns, Cleanup: 11603 ns, At safepoint: 11504 ns, Total: 67944 ns
[2024-10-16T03:10:00.416+0000][127][info ][safepoint   ] Safepoint "Cleanup", Time since last: 1831483961 ns, Reaching safepoint: 1327757 ns, Cleanup: 28274 ns, At safepoint: 129113 ns, Total: 1485144 ns
[2024-10-16T03:10:01.423+0000][127][info ][safepoint   ] Safepoint "Cleanup", Time since last: 1007093215 ns, Reaching safepoint: 7239 ns, Cleanup: 21421 ns, At safepoint: 5548 ns, Total: 34208 ns
[2024-10-16T03:10:15.446+0000][127][info ][safepoint   ] Safepoint "Cleanup", Time since last: 14022993932 ns, Reaching safepoint: 6841 ns, Cleanup: 13762 ns, At safepoint: 5221 ns, Total: 25824 ns
[2024-10-16T03:10:19.132+0000][127][info ][safepoint   ] Safepoint "Cleanup", Time since last: 3685749709 ns, Reaching safepoint: 17346 ns, Cleanup: 11101 ns, At safepoint: 7964 ns, Total: 36411 ns
[2024-10-16T03:11:02.626+0000][127][info ][safepoint   ] Safepoint "Cleanup", Time since last: 43493571350 ns, Reaching safepoint: 6586 ns, Cleanup: 8391 ns, At safepoint: 4817 ns, Total: 19794 ns
[2024-10-16T03:11:04.605+0000][127][info ][safepoint   ] Safepoint "Cleanup", Time since last: 1979259875 ns, Reaching safepoint: 24274 ns, Cleanup: 18619 ns, At safepoint: 10976 ns, Total: 53869 ns
[2024-10-16T03:11:17.407+0000][127][info ][safepoint   ] Safepoint "Cleanup", Time since last: 12802184900 ns, Reaching safepoint: 15813 ns, Cleanup: 11104 ns, At safepoint: 6542 ns, Total: 33459 ns
[2024-10-16T03:11:18.627+0000][127][info ][safepoint   ] Safepoint "Cleanup", Time since last: 1220145753 ns, Reaching safepoint: 16623 ns, Cleanup: 11188 ns, At safepoint: 8388 ns, Total: 36199 ns
[2024-10-16T03:11:23.750+0000][127][info ][safepoint   ] Safepoint "Cleanup", Time since last: 5122640489 ns, Reaching safepoint: 26945 ns, Cleanup: 15333 ns, At safepoint: 13847 ns, Total: 56125 ns
[2024-10-16T03:11:38.768+0000][127][info ][safepoint   ] Safepoint "Cleanup", Time since last: 15015251462 ns, Reaching safepoint: 55564 ns, Cleanup: 37758 ns, At safepoint: 23402 ns, Total: 116724 ns
[2024-10-16T03:12:03.807+0000][127][info ][safepoint   ] Safepoint "Cleanup", Time since last: 25038518919 ns, Reaching safepoint: 24926 ns, Cleanup: 19478 ns, At safepoint: 9984 ns, Total: 54388 ns
[2024-10-16T03:12:11.735+0000][127][info ][safepoint   ] Safepoint "Cleanup", Time since last: 7927222512 ns, Reaching safepoint: 31292 ns, Cleanup: 21728 ns, At safepoint: 15030 ns, Total: 68050 ns
[2024-10-16T03:12:17.740+0000][127][info ][safepoint   ] Safepoint "Cleanup", Time since last: 6005620244 ns, Reaching safepoint: 45303 ns, Cleanup: 12623 ns, At safepoint: 9203 ns, Total: 67129 ns
[2024-10-16T03:12:21.721+0000][127][info ][safepoint   ] Safepoint "Cleanup", Time since last: 3980089405 ns, Reaching safepoint: 20317 ns, Cleanup: 11064 ns, At safepoint: 9467 ns, Total: 40848 ns
[2024-10-16T03:12:22.772+0000][127][info ][safepoint   ] Safepoint "Cleanup", Time since last: 1050869798 ns, Reaching safepoint: 34956 ns, Cleanup: 19647 ns, At safepoint: 15234 ns, Total: 69837 ns
[2024-10-16T03:12:49.119+0000][127][info ][safepoint   ] Safepoint "Cleanup", Time since last: 26346691691 ns, Reaching safepoint: 21032 ns, Cleanup: 14288 ns, At safepoint: 8743 ns, Total: 44063 ns
[2024-10-16T03:12:58.894+0000][127][info ][safepoint   ] Safepoint "Cleanup", Time since last: 9775033015 ns, Reaching safepoint: 22379 ns, Cleanup: 14091 ns, At safepoint: 9903 ns, Total: 46373 ns
[2024-10-16T03:13:05.903+0000][127][info ][safepoint   ] Safepoint "Cleanup", Time since last: 7007246539 ns, Reaching safepoint: 45697 ns, Cleanup: 13661 ns, At safepoint: 19760 ns, Total: 79118 ns
[2024-10-16T03:13:08.698+0000][127][info ][safepoint   ] Safepoint "Cleanup", Time since last: 2795250656 ns, Reaching safepoint: 6736 ns, Cleanup: 11920 ns, At safepoint: 4934 ns, Total: 23590 ns
[2024-10-16T03:13:09.847+0000][127][info ][safepoint   ] Safepoint "Cleanup", Time since last: 1148426409 ns, Reaching safepoint: 21988 ns, Cleanup: 19637 ns, At safepoint: 9988 ns, Total: 51613 ns
[2024-10-16T03:13:19.506+0000][127][info ][safepoint   ] Safepoint "Cleanup", Time since last: 9657918358 ns, Reaching safepoint: 1035224 ns, Cleanup: 33797 ns, At safepoint: 111249 ns, Total: 1180270 ns
[2024-10-16T03:13:24.876+0000][127][info ][safepoint   ] Safepoint "Cleanup", Time since last: 5369931289 ns, Reaching safepoint: 33525 ns, Cleanup: 22638 ns, At safepoint: 13070 ns, Total: 69233 ns
[2024-10-16T03:13:29.946+0000][127][info ][safepoint   ] Safepoint "Cleanup", Time since last: 5069998827 ns, Reaching safepoint: 24847 ns, Cleanup: 14189 ns, At safepoint: 9914 ns, Total: 48950 ns
[2024-10-16T03:13:36.953+0000][127][info ][safepoint   ] Safepoint "Cleanup", Time since last: 7007159653 ns, Reaching safepoint: 67870 ns, Cleanup: 16957 ns, At safepoint: 13303 ns, Total: 98130 ns
[2024-10-16T03:13:48.965+0000][127][info ][safepoint   ] Safepoint "Cleanup", Time since last: 12011679180 ns, Reaching safepoint: 53070 ns, Cleanup: 14480 ns, At safepoint: 9591 ns, Total: 77141 ns
[2024-10-16T03:14:09.173+0000][127][info ][safepoint   ] Safepoint "Cleanup", Time since last: 20207885421 ns, Reaching safepoint: 66563 ns, Cleanup: 14221 ns, At safepoint: 13084 ns, Total: 93868 ns
[2024-10-16T03:14:15.028+0000][127][info ][safepoint   ] Safepoint "Cleanup", Time since last: 5855032164 ns, Reaching safepoint: 21134 ns, Cleanup: 11051 ns, At safepoint: 46872 ns, Total: 79057 ns
[2024-10-16T03:14:19.044+0000][127][info ][safepoint   ] Safepoint "Cleanup", Time since last: 4015747453 ns, Reaching safepoint: 21937 ns, Cleanup: 19438 ns, At safepoint: 46511 ns, Total: 87886 ns
[2024-10-16T03:14:24.050+0000][127][info ][safepoint   ] Safepoint "Cleanup", Time since last: 5005067209 ns, Reaching safepoint: 815522 ns, Cleanup: 22403 ns, At safepoint: 156291 ns, Total: 994216 ns
[2024-10-16T03:14:26.849+0000][127][info ][safepoint   ] Safepoint "Cleanup", Time since last: 2799326964 ns, Reaching safepoint: 13310 ns, Cleanup: 9374 ns, At safepoint: 6374 ns, Total: 29058 ns
[2024-10-16T03:14:28.109+0000][127][info ][safepoint   ] Safepoint "Cleanup", Time since last: 1260015188 ns, Reaching safepoint: 6860 ns, Cleanup: 50957 ns, At safepoint: 5695 ns, Total: 63512 ns
[2024-10-16T03:14:30.126+0000][127][info ][safepoint   ] Safepoint "Cleanup", Time since last: 2016445414 ns, Reaching safepoint: 18997 ns, Cleanup: 13149 ns, At safepoint: 9446 ns, Total: 41592 ns
[2024-10-16T03:14:32.130+0000][127][info ][safepoint   ] Safepoint "Cleanup", Time since last: 2002073503 ns, Reaching safepoint: 26773 ns, Cleanup: 18817 ns, At safepoint: 14440 ns, Total: 60030 ns
[2024-10-16T03:14:38.725+0000][127][info ][safepoint   ] Safepoint "Cleanup", Time since last: 6594449779 ns, Reaching safepoint: 7441 ns, Cleanup: 7022 ns, At safepoint: 5229 ns, Total: 19692 ns
[2024-10-16T03:14:40.052+0000][127][info ][safepoint   ] Safepoint "Cleanup", Time since last: 1327461253 ns, Reaching safepoint: 7102 ns, Cleanup: 18474 ns, At safepoint: 5833 ns, Total: 31409 ns
[2024-10-16T03:14:45.553+0000][127][info ][safepoint   ] Safepoint "Cleanup", Time since last: 5501083404 ns, Reaching safepoint: 14837 ns, Cleanup: 10601 ns, At safepoint: 6365 ns, Total: 31803 ns
[2024-10-16T03:14:46.872+0000][127][info ][safepoint   ] Safepoint "Cleanup", Time since last: 1318742462 ns, Reaching safepoint: 32362 ns, Cleanup: 63325 ns, At safepoint: 27744 ns, Total: 123431 ns
[2024-10-16T03:14:48.345+0000][127][info ][safepoint   ] Safepoint "Cleanup", Time since last: 1472499916 ns, Reaching safepoint: 33919 ns, Cleanup: 27200 ns, At safepoint: 12559 ns, Total: 73678 ns
[2024-10-16T03:14:49.600+0000][127][info ][safepoint   ] Safepoint "Cleanup", Time since last: 1255519006 ns, Reaching safepoint: 19968 ns, Cleanup: 12563 ns, At safepoint: 8681 ns, Total: 41212 ns
[2024-10-16T03:14:51.624+0000][127][info ][safepoint   ] Safepoint "Cleanup", Time since last: 2023398453 ns, Reaching safepoint: 10953 ns, Cleanup: 14139 ns, At safepoint: 4902 ns, Total: 29994 ns
[2024-10-16T03:14:53.659+0000][127][info ][safepoint   ] Safepoint "Cleanup", Time since last: 2035310321 ns, Reaching safepoint: 29960 ns, Cleanup: 16199 ns, At safepoint: 12615 ns, Total: 58774 ns
[2024-10-16T03:15:14.930+0000][127][info ][safepoint   ] Safepoint "Cleanup", Time since last: 21271461650 ns, Reaching safepoint: 13347 ns, Cleanup: 17670 ns, At safepoint: 7135 ns, Total: 38152 ns
[2024-10-16T03:15:15.984+0000][127][info ][safepoint   ] Safepoint "Cleanup", Time since last: 1053888927 ns, Reaching safepoint: 46046 ns, Cleanup: 30490 ns, At safepoint: 124554 ns, Total: 201090 ns
[2024-10-16T03:15:21.233+0000][127][info ][safepoint   ] Safepoint "Cleanup", Time since last: 5249402044 ns, Reaching safepoint: 27431 ns, Cleanup: 20560 ns, At safepoint: 15582 ns, Total: 63573 ns
[2024-10-16T03:15:28.243+0000][127][info ][safepoint   ] Safepoint "Cleanup", Time since last: 7007791750 ns, Reaching safepoint: 97343 ns, Cleanup: 57442 ns, At safepoint: 1468403 ns, Total: 1623188 ns
[2024-10-16T03:15:29.755+0000][127][info ][safepoint   ] Safepoint "Cleanup", Time since last: 1512094391 ns, Reaching safepoint: 6422 ns, Cleanup: 7388 ns, At safepoint: 4625 ns, Total: 18435 ns
[2024-10-16T03:15:31.277+0000][127][info ][safepoint   ] Safepoint "Cleanup", Time since last: 1519742049 ns, Reaching safepoint: 67701 ns, Cleanup: 50451 ns, At safepoint: 114039 ns, Total: 232191 ns
[2024-10-16T03:15:37.284+0000][127][info ][safepoint   ] Safepoint "Cleanup", Time since last: 6006477184 ns, Reaching safepoint: 47063 ns, Cleanup: 17140 ns, At safepoint: 9703 ns, Total: 73906 ns
[2024-10-16T03:15:57.299+0000][127][info ][safepoint   ] Safepoint "Cleanup", Time since last: 20014823054 ns, Reaching safepoint: 17529 ns, Cleanup: 12698 ns, At safepoint: 9167 ns, Total: 39394 ns
[2024-10-16T03:15:59.301+0000][127][info ][safepoint   ] Safepoint "Cleanup", Time since last: 2002084635 ns, Reaching safepoint: 209326 ns, Cleanup: 58162 ns, At safepoint: 54581 ns, Total: 322069 ns
[2024-10-16T03:16:17.785+0000][127][info ][safepoint   ] Safepoint "Cleanup", Time since last: 18481761274 ns, Reaching safepoint: 977958 ns, Cleanup: 15873 ns, At safepoint: 77640 ns, Total: 1071471 ns
[2024-10-16T03:16:19.402+0000][127][info ][safepoint   ] Safepoint "Cleanup", Time since last: 1616744527 ns, Reaching safepoint: 25558 ns, Cleanup: 15612 ns, At safepoint: 13166 ns, Total: 54336 ns
[2024-10-16T03:16:24.346+0000][127][info ][safepoint   ] Safepoint "Cleanup", Time since last: 4943449884 ns, Reaching safepoint: 37828 ns, Cleanup: 31719 ns, At safepoint: 129593 ns, Total: 199140 ns
[2024-10-16T03:16:26.102+0000][127][info ][safepoint   ] Safepoint "Cleanup", Time since last: 1755183269 ns, Reaching safepoint: 935860 ns, Cleanup: 14501 ns, At safepoint: 53012 ns, Total: 1003373 ns
[2024-10-16T03:16:32.141+0000][127][info ][safepoint   ] Safepoint "Cleanup", Time since last: 6038959104 ns, Reaching safepoint: 26436 ns, Cleanup: 22479 ns, At safepoint: 13386 ns, Total: 62301 ns
[2024-10-16T03:16:37.500+0000][127][info ][safepoint   ] Safepoint "Cleanup", Time since last: 5358151750 ns, Reaching safepoint: 48344 ns, Cleanup: 23023 ns, At safepoint: 9892 ns, Total: 81259 ns
[2024-10-16T03:16:47.630+0000][127][info ][safepoint   ] Safepoint "Cleanup", Time since last: 10128932771 ns, Reaching safepoint: 1054046 ns, Cleanup: 26682 ns, At safepoint: 79590 ns, Total: 1160318 ns
[2024-10-16T03:16:49.547+0000][127][info ][safepoint   ] Safepoint "Cleanup", Time since last: 1917651798 ns, Reaching safepoint: 17310 ns, Cleanup: 14575 ns, At safepoint: 9804 ns, Total: 41689 ns
[2024-10-16T03:16:51.586+0000][127][info ][safepoint   ] Safepoint "Cleanup", Time since last: 2038093789 ns, Reaching safepoint: 20009 ns, Cleanup: 16933 ns, At safepoint: 10242 ns, Total: 47184 ns
[2024-10-16T03:16:53.895+0000][127][info ][safepoint   ] Safepoint "Cleanup", Time since last: 2308997692 ns, Reaching safepoint: 16520 ns, Cleanup: 11660 ns, At safepoint: 9193 ns, Total: 37373 ns
[2024-10-16T03:16:57.931+0000][127][info ][safepoint   ] Safepoint "Cleanup", Time since last: 4036874228 ns, Reaching safepoint: 7288 ns, Cleanup: 13428 ns, At safepoint: 4892 ns, Total: 25608 ns
[2024-10-16T03:17:00.949+0000][127][info ][safepoint   ] Safepoint "Cleanup", Time since last: 3018190951 ns, Reaching safepoint: 21658 ns, Cleanup: 22139 ns, At safepoint: 128632 ns, Total: 172429 ns
[2024-10-16T03:17:21.070+0000][127][info ][safepoint   ] Safepoint "Cleanup", Time since last: 20120671221 ns, Reaching safepoint: 7852 ns, Cleanup: 7291 ns, At safepoint: 4849 ns, Total: 19992 ns
[2024-10-16T03:17:23.731+0000][127][info ][safepoint   ] Safepoint "Cleanup", Time since last: 2659926864 ns, Reaching safepoint: 919159 ns, Cleanup: 17972 ns, At safepoint: 64514 ns, Total: 1001645 ns
[2024-10-16T03:17:36.749+0000][127][info ][safepoint   ] Safepoint "Cleanup", Time since last: 13024236298 ns, Reaching safepoint: 23963 ns, Cleanup: 9013 ns, At safepoint: 5287 ns, Total: 38263 ns
[2024-10-16T03:18:23.773+0000][127][info ][safepoint   ] Safepoint "Cleanup", Time since last: 47024648729 ns, Reaching safepoint: 53720 ns, Cleanup: 16515 ns, At safepoint: 11610 ns, Total: 81845 ns
[2024-10-16T03:18:24.933+0000][127][info ][safepoint   ] Safepoint "Cleanup", Time since last: 1159716231 ns, Reaching safepoint: 7307 ns, Cleanup: 7370 ns, At safepoint: 4830 ns, Total: 19507 ns
[2024-10-16T03:18:36.971+0000][127][info ][safepoint   ] Safepoint "Cleanup", Time since last: 12038352311 ns, Reaching safepoint: 16433 ns, Cleanup: 25932 ns, At safepoint: 10764 ns, Total: 53129 ns
[2024-10-16T03:18:38.990+0000][127][info ][safepoint   ] Safepoint "Cleanup", Time since last: 2018246330 ns, Reaching safepoint: 24051 ns, Cleanup: 10965 ns, At safepoint: 4600 ns, Total: 39616 ns
[2024-10-16T03:19:03.916+0000][127][info ][safepoint   ] Safepoint "Cleanup", Time since last: 24926661515 ns, Reaching safepoint: 29235 ns, Cleanup: 16746 ns, At safepoint: 18000 ns, Total: 63981 ns
[2024-10-16T03:19:14.926+0000][127][info ][safepoint   ] Safepoint "Cleanup", Time since last: 11009840869 ns, Reaching safepoint: 23523 ns, Cleanup: 14391 ns, At safepoint: 16934 ns, Total: 54848 ns
[2024-10-16T03:19:18.929+0000][127][info ][safepoint   ] Safepoint "Cleanup", Time since last: 4003044654 ns, Reaching safepoint: 44475 ns, Cleanup: 13819 ns, At safepoint: 13100 ns, Total: 71394 ns
[2024-10-16T03:19:27.111+0000][127][info ][safepoint   ] Safepoint "Cleanup", Time since last: 8181414123 ns, Reaching safepoint: 6724 ns, Cleanup: 10699 ns, At safepoint: 5119 ns, Total: 22542 ns
[2024-10-16T03:19:30.131+0000][127][info ][safepoint   ] Safepoint "Cleanup", Time since last: 3020435060 ns, Reaching safepoint: 25962 ns, Cleanup: 16006 ns, At safepoint: 50660 ns, Total: 92628 ns
[2024-10-16T03:19:36.712+0000][127][info ][safepoint   ] Safepoint "Cleanup", Time since last: 6578282147 ns, Reaching safepoint: 651513 ns, Cleanup: 22257 ns, At safepoint: 230738 ns, Total: 904508 ns
[2024-10-16T03:19:53.797+0000][127][info ][safepoint   ] Safepoint "Cleanup", Time since last: 17084740521 ns, Reaching safepoint: 34323 ns, Cleanup: 7577 ns, At safepoint: 36537 ns, Total: 78437 ns
[2024-10-16T03:19:55.208+0000][127][info ][safepoint   ] Safepoint "Cleanup", Time since last: 1410786828 ns, Reaching safepoint: 42631 ns, Cleanup: 13544 ns, At safepoint: 12254 ns, Total: 68429 ns
[2024-10-16T03:19:58.989+0000][127][info ][safepoint   ] Safepoint "Cleanup", Time since last: 3781163186 ns, Reaching safepoint: 16365 ns, Cleanup: 13016 ns, At safepoint: 9200 ns, Total: 38581 ns
[2024-10-16T03:20:09.000+0000][127][info ][safepoint   ] Safepoint "Cleanup", Time since last: 10009879111 ns, Reaching safepoint: 16919 ns, Cleanup: 16634 ns, At safepoint: 9822 ns, Total: 43375 ns
[2024-10-16T03:20:16.007+0000][127][info ][safepoint   ] Safepoint "Cleanup", Time since last: 7006785369 ns, Reaching safepoint: 17579 ns, Cleanup: 14723 ns, At safepoint: 20551 ns, Total: 52853 ns
[2024-10-16T03:20:24.291+0000][127][info ][safepoint   ] Safepoint "Cleanup", Time since last: 8284436101 ns, Reaching safepoint: 60480 ns, Cleanup: 25671 ns, At safepoint: 74371 ns, Total: 160522 ns
[2024-10-16T03:20:29.898+0000][127][info ][safepoint   ] Safepoint "Cleanup", Time since last: 5605371789 ns, Reaching safepoint: 1225007 ns, Cleanup: 22614 ns, At safepoint: 80640 ns, Total: 1328261 ns
[2024-10-16T03:20:31.302+0000][127][info ][safepoint   ] Safepoint "Cleanup", Time since last: 1423125214 ns, Reaching safepoint: 6831 ns, Cleanup: 11791 ns, At safepoint: 5344 ns, Total: 23966 ns
[2024-10-16T03:20:37.313+0000][127][info ][safepoint   ] Safepoint "Cleanup", Time since last: 6010414620 ns, Reaching safepoint: 14347 ns, Cleanup: 13781 ns, At safepoint: 9798 ns, Total: 37926 ns
[2024-10-16T03:20:45.332+0000][127][info ][safepoint   ] Safepoint "Cleanup", Time since last: 8019613552 ns, Reaching safepoint: 38301 ns, Cleanup: 8275 ns, At safepoint: 5867 ns, Total: 52443 ns
[2024-10-16T03:21:33.479+0000][127][info ][safepoint   ] Safepoint "Cleanup", Time since last: 48125165350 ns, Reaching safepoint: 12081 ns, Cleanup: 9455 ns, At safepoint: 63553 ns, Total: 85089 ns
[2024-10-16T03:21:37.635+0000][127][info ][safepoint   ] Safepoint "Cleanup", Time since last: 4155389935 ns, Reaching safepoint: 910936 ns, Cleanup: 16499 ns, At safepoint: 64723 ns, Total: 992158 ns
[2024-10-16T03:21:42.640+0000][127][info ][safepoint   ] Safepoint "Cleanup", Time since last: 5004700044 ns, Reaching safepoint: 56888 ns, Cleanup: 18454 ns, At safepoint: 65129 ns, Total: 140471 ns
[2024-10-16T03:21:45.646+0000][127][info ][safepoint   ] Safepoint "Cleanup", Time since last: 3006486465 ns, Reaching safepoint: 18143 ns, Cleanup: 11653 ns, At safepoint: 14439 ns, Total: 44235 ns
[2024-10-16T03:22:34.236+0000][127][info ][safepoint   ] Safepoint "Cleanup", Time since last: 48587729358 ns, Reaching safepoint: 136656 ns, Cleanup: 16454 ns, At safepoint: 24400 ns, Total: 177510 ns
[2024-10-16T03:22:36.137+0000][127][info ][safepoint   ] Safepoint "Cleanup", Time since last: 1901515544 ns, Reaching safepoint: 17137 ns, Cleanup: 11891 ns, At safepoint: 7419 ns, Total: 36447 ns
[2024-10-16T03:22:37.775+0000][127][info ][safepoint   ] Safepoint "Cleanup", Time since last: 1637197973 ns, Reaching safepoint: 270590 ns, Cleanup: 17417 ns, At safepoint: 77237 ns, Total: 365244 ns
[2024-10-16T03:22:48.184+0000][127][info ][safepoint   ] Safepoint "Cleanup", Time since last: 10408934029 ns, Reaching safepoint: 39276 ns, Cleanup: 13262 ns, At safepoint: 6279 ns, Total: 58817 ns
[2024-10-16T03:22:49.803+0000][127][info ][safepoint   ] Safepoint "Cleanup", Time since last: 1619290104 ns, Reaching safepoint: 15198 ns, Cleanup: 16111 ns, At safepoint: 8724 ns, Total: 40033 ns
[2024-10-16T03:23:37.232+0000][127][info ][safepoint   ] Safepoint "Cleanup", Time since last: 47428221884 ns, Reaching safepoint: 17737 ns, Cleanup: 16287 ns, At safepoint: 11624 ns, Total: 45648 ns
[2024-10-16T03:23:39.141+0000][127][info ][gc,start    ] GC(23) Pause Young (Normal) (G1 Evacuation Pause)
[2024-10-16T03:23:39.141+0000][127][info ][gc,task     ] GC(23) Using 4 workers of 4 for evacuation
[2024-10-16T03:23:39.141+0000][127][debug][gc,age      ] GC(23) Desired survivor size 216006656 bytes, new threshold 15 (max threshold 15)
[2024-10-16T03:23:39.198+0000][127][info ][gc,phases   ] GC(23)   Pre Evacuate Collection Set: 9.12ms
[2024-10-16T03:23:39.198+0000][127][info ][gc,phases   ] GC(23)   Merge Heap Roots: 1.48ms
[2024-10-16T03:23:39.198+0000][127][info ][gc,phases   ] GC(23)   Evacuate Collection Set: 39.24ms
[2024-10-16T03:23:39.198+0000][127][info ][gc,phases   ] GC(23)   Post Evacuate Collection Set: 6.82ms
[2024-10-16T03:23:39.198+0000][127][info ][gc,phases   ] GC(23)   Other: 0.65ms
[2024-10-16T03:23:39.198+0000][127][trace][gc,age      ] GC(23) Age table with threshold 15 (max threshold 15)
[2024-10-16T03:23:39.198+0000][127][trace][gc,age      ] GC(23) - age   1:    3478912 bytes,    3478912 total
[2024-10-16T03:23:39.198+0000][127][trace][gc,age      ] GC(23) - age   2:     625792 bytes,    4104704 total
[2024-10-16T03:23:39.198+0000][127][trace][gc,age      ] GC(23) - age   3:     360504 bytes,    4465208 total
[2024-10-16T03:23:39.198+0000][127][trace][gc,age      ] GC(23) - age   4:    5510496 bytes,    9975704 total
[2024-10-16T03:23:39.198+0000][127][trace][gc,age      ] GC(23) - age   5:    1730968 bytes,   11706672 total
[2024-10-16T03:23:39.198+0000][127][info ][gc,heap     ] GC(23) Eden regions: 818->0(817)
[2024-10-16T03:23:39.198+0000][127][info ][gc,heap     ] GC(23) Survivor regions: 3->4(103)
[2024-10-16T03:23:39.198+0000][127][info ][gc,heap     ] GC(23) Old regions: 36->36
[2024-10-16T03:23:39.198+0000][127][info ][gc,heap     ] GC(23) Humongous regions: 2->2
[2024-10-16T03:23:39.198+0000][127][info ][gc,metaspace] GC(23) Metaspace: 162696K(167104K)->162696K(167104K) NonClass: 140327K(142720K)->140327K(142720K) Class: 22369K(24384K)->22369K(24384K)
[2024-10-16T03:23:39.199+0000][127][info ][gc          ] GC(23) Pause Young (Normal) (G1 Evacuation Pause) 3434M->165M(5476M) 57.548ms
[2024-10-16T03:23:39.199+0000][127][info ][gc,cpu      ] GC(23) User=0.20s Sys=0.00s Real=0.05s
[2024-10-16T03:23:39.199+0000][127][info ][safepoint   ] Safepoint "G1CollectForAllocation", Time since last: 1908689834 ns, Reaching safepoint: 200323 ns, Cleanup: 10740 ns, At safepoint: 57951206 ns, Total: 58162269 ns
[2024-10-16T03:24:19.305+0000][127][info ][safepoint   ] Safepoint "Cleanup", Time since last: 40106131119 ns, Reaching safepoint: 18618 ns, Cleanup: 12091 ns, At safepoint: 9444 ns, Total: 40153 ns
[2024-10-16T03:24:22.315+0000][127][info ][safepoint   ] Safepoint "Cleanup", Time since last: 3009916760 ns, Reaching safepoint: 26356 ns, Cleanup: 21797 ns, At safepoint: 10697 ns, Total: 58850 ns
[2024-10-16T03:24:26.009+0000][127][info ][safepoint   ] Safepoint "Cleanup", Time since last: 3693935209 ns, Reaching safepoint: 27012 ns, Cleanup: 17666 ns, At safepoint: 15179 ns, Total: 59857 ns
[2024-10-16T03:24:37.991+0000][127][info ][safepoint   ] Safepoint "Cleanup", Time since last: 11980045578 ns, Reaching safepoint: 7271 ns, Cleanup: 11933 ns, At safepoint: 5178 ns, Total: 24382 ns
[2024-10-16T03:24:39.994+0000][127][info ][safepoint   ] Safepoint "Cleanup", Time since last: 2002947838 ns, Reaching safepoint: 16329 ns, Cleanup: 12588 ns, At safepoint: 9264 ns, Total: 38181 ns
[2024-10-16T03:24:42.063+0000][127][info ][safepoint   ] Safepoint "Cleanup", Time since last: 2068670986 ns, Reaching safepoint: 17240 ns, Cleanup: 21147 ns, At safepoint: 8899 ns, Total: 47286 ns
[2024-10-16T03:24:43.506+0000][127][info ][safepoint   ] Safepoint "Cleanup", Time since last: 1443224445 ns, Reaching safepoint: 13210 ns, Cleanup: 9554 ns, At safepoint: 8921 ns, Total: 31685 ns
[2024-10-16T03:24:51.319+0000][127][info ][safepoint   ] Safepoint "Cleanup", Time since last: 7812339505 ns, Reaching safepoint: 7092 ns, Cleanup: 6673 ns, At safepoint: 4893 ns, Total: 18658 ns
[2024-10-16T03:24:52.559+0000][127][info ][safepoint   ] Safepoint "Cleanup", Time since last: 1240479281 ns, Reaching safepoint: 22713 ns, Cleanup: 13111 ns, At safepoint: 13907 ns, Total: 49731 ns
[2024-10-16T03:24:56.114+0000][127][info ][safepoint   ] Safepoint "Cleanup", Time since last: 3554561683 ns, Reaching safepoint: 13248 ns, Cleanup: 8837 ns, At safepoint: 9725 ns, Total: 31810 ns
[2024-10-16T03:25:07.154+0000][127][info ][safepoint   ] Safepoint "Cleanup", Time since last: 11039449721 ns, Reaching safepoint: 19362 ns, Cleanup: 15935 ns, At safepoint: 9724 ns, Total: 45021 ns
[2024-10-16T03:25:37.214+0000][127][info ][safepoint   ] Safepoint "Cleanup", Time since last: 30059888446 ns, Reaching safepoint: 20934 ns, Cleanup: 18040 ns, At safepoint: 12852 ns, Total: 51826 ns
[2024-10-16T03:25:45.708+0000][127][info ][safepoint   ] Safepoint "Cleanup", Time since last: 8492845128 ns, Reaching safepoint: 1246211 ns, Cleanup: 17710 ns, At safepoint: 161423 ns, Total: 1425344 ns
[2024-10-16T03:25:46.722+0000][127][info ][safepoint   ] Safepoint "Cleanup", Time since last: 1013675132 ns, Reaching safepoint: 7314 ns, Cleanup: 7918 ns, At safepoint: 5199 ns, Total: 20431 ns
[2024-10-16T03:25:48.729+0000][127][info ][safepoint   ] Safepoint "Cleanup", Time since last: 2007164373 ns, Reaching safepoint: 53556 ns, Cleanup: 13761 ns, At safepoint: 10037 ns, Total: 77354 ns
[2024-10-16T03:25:54.314+0000][127][info ][safepoint   ] Safepoint "Cleanup", Time since last: 5584803501 ns, Reaching safepoint: 13523 ns, Cleanup: 11738 ns, At safepoint: 20524 ns, Total: 45785 ns
[2024-10-16T03:26:07.560+0000][127][info ][safepoint   ] Safepoint "Cleanup", Time since last: 13244107934 ns, Reaching safepoint: 19962 ns, Cleanup: 39270 ns, At safepoint: 19302 ns, Total: 78534 ns
[2024-10-16T03:26:10.564+0000][127][info ][safepoint   ] Safepoint "Cleanup", Time since last: 3003947649 ns, Reaching safepoint: 22793 ns, Cleanup: 15023 ns, At safepoint: 11497 ns, Total: 49313 ns
[2024-10-16T03:26:25.370+0000][127][info ][safepoint   ] Safepoint "Cleanup", Time since last: 14805640596 ns, Reaching safepoint: 924388 ns, Cleanup: 27535 ns, At safepoint: 70725 ns, Total: 1022648 ns
[2024-10-16T03:26:27.319+0000][127][info ][safepoint   ] Safepoint "Cleanup", Time since last: 1947100797 ns, Reaching safepoint: 972643 ns, Cleanup: 16939 ns, At safepoint: 98904 ns, Total: 1088486 ns
[2024-10-16T03:26:30.323+0000][127][info ][safepoint   ] Safepoint "Cleanup", Time since last: 3002841089 ns, Reaching safepoint: 982558 ns, Cleanup: 44512 ns, At safepoint: 79548 ns, Total: 1106618 ns
[2024-10-16T03:26:31.365+0000][127][info ][safepoint   ] Safepoint "Cleanup", Time since last: 1041075886 ns, Reaching safepoint: 16022 ns, Cleanup: 11957 ns, At safepoint: 10026 ns, Total: 38005 ns
[2024-10-16T03:26:57.367+0000][127][info ][safepoint   ] Safepoint "Cleanup", Time since last: 26002156359 ns, Reaching safepoint: 26117 ns, Cleanup: 7380 ns, At safepoint: 5069 ns, Total: 38566 ns
[2024-10-16T03:26:58.903+0000][127][info ][safepoint   ] Safepoint "Cleanup", Time since last: 1536426589 ns, Reaching safepoint: 17301 ns, Cleanup: 14446 ns, At safepoint: 9978 ns, Total: 41725 ns
[2024-10-16T03:27:36.981+0000][127][info ][safepoint   ] Safepoint "Cleanup", Time since last: 38044125338 ns, Reaching safepoint: 17176 ns, Cleanup: 12978 ns, At safepoint: 9730 ns, Total: 39884 ns
[2024-10-16T03:36:55.335+0000][127][info ][safepoint   ] Safepoint "Cleanup", Time since last: 557732315796 ns, Reaching safepoint: 1189864020 ns, Cleanup: 24931 ns, At safepoint: 140461 ns, Total: 1190029412 ns
[2024-10-16T03:36:56.354+0000][127][info ][safepoint   ] Safepoint "Cleanup", Time since last: 1018920961 ns, Reaching safepoint: 22913 ns, Cleanup: 54889 ns, At safepoint: 124416 ns, Total: 202218 ns
[2024-10-16T03:36:57.380+0000][127][info ][safepoint   ] Safepoint "Cleanup", Time since last: 1025929640 ns, Reaching safepoint: 24637 ns, Cleanup: 16333 ns, At safepoint: 10876 ns, Total: 51846 ns
[2024-10-16T03:57:11.684+0000][127][info ][safepoint   ] Safepoint "Cleanup", Time since last: 1213839093011 ns, Reaching safepoint: 14155 ns, Cleanup: 15728 ns, At safepoint: 6218 ns, Total: 36101 ns
[2024-10-16T03:57:12.074+0000][127][info ][gc,start    ] GC(24) Pause Young (Concurrent Start) (CodeCache GC Threshold)
[2024-10-16T03:57:12.075+0000][127][info ][gc,task     ] GC(24) Using 4 workers of 4 for evacuation
[2024-10-16T03:57:12.075+0000][127][debug][gc,age      ] GC(24) Desired survivor size 216006656 bytes, new threshold 15 (max threshold 15)
[2024-10-16T03:57:12.114+0000][127][info ][gc,phases   ] GC(24)   Pre Evacuate Collection Set: 0.90ms
[2024-10-16T03:57:12.114+0000][127][info ][gc,phases   ] GC(24)   Merge Heap Roots: 0.21ms
[2024-10-16T03:57:12.114+0000][127][info ][gc,phases   ] GC(24)   Evacuate Collection Set: 33.41ms
[2024-10-16T03:57:12.114+0000][127][info ][gc,phases   ] GC(24)   Post Evacuate Collection Set: 4.49ms
[2024-10-16T03:57:12.114+0000][127][info ][gc,phases   ] GC(24)   Other: 0.42ms
[2024-10-16T03:57:12.114+0000][127][trace][gc,age      ] GC(24) Age table with threshold 15 (max threshold 15)
[2024-10-16T03:57:12.114+0000][127][trace][gc,age      ] GC(24) - age   1:    2352352 bytes,    2352352 total
[2024-10-16T03:57:12.114+0000][127][trace][gc,age      ] GC(24) - age   2:     810608 bytes,    3162960 total
[2024-10-16T03:57:12.114+0000][127][trace][gc,age      ] GC(24) - age   3:     625728 bytes,    3788688 total
[2024-10-16T03:57:12.114+0000][127][trace][gc,age      ] GC(24) - age   4:     360200 bytes,    4148888 total
[2024-10-16T03:57:12.114+0000][127][trace][gc,age      ] GC(24) - age   5:    5485208 bytes,    9634096 total
[2024-10-16T03:57:12.114+0000][127][trace][gc,age      ] GC(24) - age   6:    1730520 bytes,   11364616 total
[2024-10-16T03:57:12.114+0000][127][info ][gc,heap     ] GC(24) Eden regions: 146->0(818)
[2024-10-16T03:57:12.114+0000][127][info ][gc,heap     ] GC(24) Survivor regions: 4->3(103)
[2024-10-16T03:57:12.114+0000][127][info ][gc,heap     ] GC(24) Old regions: 36->36
[2024-10-16T03:57:12.114+0000][127][info ][gc,heap     ] GC(24) Humongous regions: 2->2
[2024-10-16T03:57:12.114+0000][127][info ][gc,metaspace] GC(24) Metaspace: 162798K(167232K)->162798K(167232K) NonClass: 140429K(142848K)->140429K(142848K) Class: 22369K(24384K)->22369K(24384K)
[2024-10-16T03:57:12.114+0000][127][info ][gc          ] GC(24) Pause Young (Concurrent Start) (CodeCache GC Threshold) 749M->163M(5476M) 39.723ms
[2024-10-16T03:57:12.114+0000][127][info ][gc,cpu      ] GC(24) User=0.10s Sys=0.00s Real=0.04s
[2024-10-16T03:57:12.114+0000][127][info ][gc          ] GC(25) Concurrent Mark Cycle
[2024-10-16T03:57:12.114+0000][127][info ][gc,marking  ] GC(25) Concurrent Scan Root Regions
[2024-10-16T03:57:12.114+0000][127][info ][safepoint   ] Safepoint "G1TryInitiateConcMark", Time since last: 390118080 ns, Reaching safepoint: 29783 ns, Cleanup: 18062 ns, At safepoint: 40051243 ns, Total: 40099088 ns
[2024-10-16T03:57:12.134+0000][127][info ][gc,marking  ] GC(25) Concurrent Scan Root Regions 19.408ms
[2024-10-16T03:57:12.134+0000][127][info ][gc,marking  ] GC(25) Concurrent Mark
[2024-10-16T03:57:12.134+0000][127][info ][gc,marking  ] GC(25) Concurrent Mark From Roots
[2024-10-16T03:57:12.134+0000][127][info ][gc,task     ] GC(25) Using 1 workers of 1 for marking
[2024-10-16T03:57:12.562+0000][127][info ][gc,marking  ] GC(25) Concurrent Mark From Roots 428.666ms
[2024-10-16T03:57:12.563+0000][127][info ][gc,marking  ] GC(25) Concurrent Preclean
[2024-10-16T03:57:12.564+0000][127][info ][gc,marking  ] GC(25) Concurrent Preclean 1.239ms
[2024-10-16T03:57:12.564+0000][127][info ][gc,start    ] GC(25) Pause Remark
[2024-10-16T03:57:12.809+0000][127][info ][gc,mmu      ] GC(25) MMU target violated: 201.0ms (200.0ms/201.0ms)
[2024-10-16T03:57:12.810+0000][127][info ][gc          ] GC(25) Pause Remark 191M->191M(5476M) 245.539ms
[2024-10-16T03:57:12.810+0000][127][info ][gc,cpu      ] GC(25) User=0.83s Sys=0.00s Real=0.25s
[2024-10-16T03:57:12.810+0000][127][info ][safepoint   ] Safepoint "G1PauseRemark", Time since last: 449609821 ns, Reaching safepoint: 17607 ns, Cleanup: 16082 ns, At safepoint: 245656301 ns, Total: 245689990 ns
[2024-10-16T03:57:12.810+0000][127][info ][gc,marking  ] GC(25) Concurrent Mark 676.027ms
[2024-10-16T03:57:12.810+0000][127][info ][gc,marking  ] GC(25) Concurrent Rebuild Remembered Sets and Scrub Regions
[2024-10-16T03:57:12.923+0000][127][info ][gc,marking  ] GC(25) Concurrent Rebuild Remembered Sets and Scrub Regions 112.815ms
[2024-10-16T03:57:12.923+0000][127][info ][gc,start    ] GC(25) Pause Cleanup
[2024-10-16T03:57:12.923+0000][127][info ][gc          ] GC(25) Pause Cleanup 191M->191M(5476M) 0.369ms
[2024-10-16T03:57:12.923+0000][127][info ][gc,cpu      ] GC(25) User=0.00s Sys=0.00s Real=0.00s
[2024-10-16T03:57:12.923+0000][127][info ][safepoint   ] Safepoint "G1PauseCleanup", Time since last: 113162366 ns, Reaching safepoint: 15168 ns, Cleanup: 67314 ns, At safepoint: 432099 ns, Total: 514581 ns
[2024-10-16T03:57:12.923+0000][127][info ][gc,marking  ] GC(25) Concurrent Clear Claimed Marks
[2024-10-16T03:57:12.924+0000][127][info ][gc,marking  ] GC(25) Concurrent Clear Claimed Marks 0.186ms
[2024-10-16T03:57:12.924+0000][127][info ][gc,marking  ] GC(25) Concurrent Cleanup for Next Mark
[2024-10-16T03:57:12.947+0000][127][info ][gc,marking  ] GC(25) Concurrent Cleanup for Next Mark 23.654ms
[2024-10-16T03:57:12.948+0000][127][info ][gc          ] GC(25) Concurrent Mark Cycle 833.253ms
[2024-10-16T03:57:21.317+0000][127][info ][safepoint   ] Safepoint "Cleanup", Time since last: 8393430112 ns, Reaching safepoint: 29468 ns, Cleanup: 17990 ns, At safepoint: 13818 ns, Total: 61276 ns
[2024-10-16T03:57:22.352+0000][127][info ][safepoint   ] Safepoint "Cleanup", Time since last: 1035112039 ns, Reaching safepoint: 11270 ns, Cleanup: 12928 ns, At safepoint: 8685 ns, Total: 32883 ns
[2024-10-16T03:57:42.385+0000][127][info ][safepoint   ] Safepoint "Cleanup", Time since last: 20025907327 ns, Reaching safepoint: 94795 ns, Cleanup: 21605 ns, At safepoint: 36903 ns, Total: 153303 ns
[2024-10-16T03:58:12.258+0000][127][info ][safepoint   ] Safepoint "Cleanup", Time since last: 29871730691 ns, Reaching safepoint: 21738 ns, Cleanup: 18044 ns, At safepoint: 13460 ns, Total: 53242 ns
[2024-10-16T03:58:13.258+0000][127][info ][safepoint   ] Safepoint "Cleanup", Time since last: 1000782716 ns, Reaching safepoint: 43548 ns, Cleanup: 12189 ns, At safepoint: 11952 ns, Total: 67689 ns
[2024-10-16T03:58:14.455+0000][127][info ][safepoint   ] Safepoint "Cleanup", Time since last: 1196392692 ns, Reaching safepoint: 7909 ns, Cleanup: 11176 ns, At safepoint: 5327 ns, Total: 24412 ns
[2024-10-16T04:17:43.768+0000][127][info ][safepoint   ] Safepoint "Cleanup", Time since last: 1169303817514 ns, Reaching safepoint: 8984 ns, Cleanup: 7465 ns, At safepoint: 4101 ns, Total: 20550 ns
[2024-10-16T04:17:45.083+0000][127][info ][safepoint   ] Safepoint "Cleanup", Time since last: 1314530509 ns, Reaching safepoint: 29674 ns, Cleanup: 58242 ns, At safepoint: 15607 ns, Total: 103523 ns
[2024-10-16T04:17:46.109+0000][127][info ][safepoint   ] Safepoint "Cleanup", Time since last: 1026108468 ns, Reaching safepoint: 23805 ns, Cleanup: 16740 ns, At safepoint: 12458 ns, Total: 53003 ns
[2024-10-16T04:17:47.121+0000][127][info ][safepoint   ] Safepoint "Cleanup", Time since last: 1011621690 ns, Reaching safepoint: 14184 ns, Cleanup: 50901 ns, At safepoint: 9080 ns, Total: 74165 ns
[2024-10-16T04:17:50.067+0000][127][info ][safepoint   ] Safepoint "Cleanup", Time since last: 2946678091 ns, Reaching safepoint: 22682 ns, Cleanup: 16390 ns, At safepoint: 14432 ns, Total: 53504 ns
[2024-10-16T04:18:14.165+0000][127][info ][safepoint   ] Safepoint "Cleanup", Time since last: 24038463391 ns, Reaching safepoint: 60550 ns, Cleanup: 18838 ns, At safepoint: 18265 ns, Total: 97653 ns
[2024-10-16T04:18:26.219+0000][127][info ][safepoint   ] Safepoint "Cleanup", Time since last: 12054223590 ns, Reaching safepoint: 41238 ns, Cleanup: 15972 ns, At safepoint: 15192 ns, Total: 72402 ns
[2024-10-16T04:53:39.999+0000][127][info ][safepoint   ] Safepoint "Cleanup", Time since last: 2113777497093 ns, Reaching safepoint: 144204673 ns, Cleanup: 44030 ns, At safepoint: 129177 ns, Total: 144377880 ns
[2024-10-16T04:53:41.015+0000][127][info ][safepoint   ] Safepoint "Cleanup", Time since last: 1016337401 ns, Reaching safepoint: 24492 ns, Cleanup: 18120 ns, At safepoint: 19237 ns, Total: 61849 ns
[2024-10-16T04:53:42.092+0000][127][info ][safepoint   ] Safepoint "Cleanup", Time since last: 1076307920 ns, Reaching safepoint: 16826 ns, Cleanup: 17105 ns, At safepoint: 10307 ns, Total: 44238 ns
[2024-10-16T04:53:43.106+0000][127][info ][safepoint   ] Safepoint "Cleanup", Time since last: 1014682343 ns, Reaching safepoint: 28612 ns, Cleanup: 19369 ns, At safepoint: 15542 ns, Total: 63523 ns
[2024-10-16T04:53:54.086+0000][127][info ][safepoint   ] Safepoint "Cleanup", Time since last: 10979191118 ns, Reaching safepoint: 106576 ns, Cleanup: 17080 ns, At safepoint: 22451 ns, Total: 146107 ns
[2024-10-16T04:54:13.941+0000][127][info ][safepoint   ] Safepoint "Cleanup", Time since last: 19705321620 ns, Reaching safepoint: 9143 ns, Cleanup: 11859 ns, At safepoint: 5192 ns, Total: 26194 ns
[2024-10-16T04:54:19.121+0000][127][info ][safepoint   ] Safepoint "Cleanup", Time since last: 5180599925 ns, Reaching safepoint: 19054 ns, Cleanup: 19212 ns, At safepoint: 10710 ns, Total: 48976 ns
[2024-10-16T04:54:40.613+0000][127][info ][safepoint   ] Safepoint "Cleanup", Time since last: 21481716153 ns, Reaching safepoint: 64017 ns, Cleanup: 21335 ns, At safepoint: 11984 ns, Total: 97336 ns
[2024-10-16T04:54:42.800+0000][127][info ][safepoint   ] Safepoint "Cleanup", Time since last: 2187557133 ns, Reaching safepoint: 13878 ns, Cleanup: 7900 ns, At safepoint: 5862 ns, Total: 27640 ns
[2024-10-16T04:54:43.818+0000][127][info ][safepoint   ] Safepoint "Cleanup", Time since last: 1017563456 ns, Reaching safepoint: 7826 ns, Cleanup: 7612 ns, At safepoint: 4933 ns, Total: 20371 ns
[2024-10-16T04:55:19.381+0000][127][info ][safepoint   ] Safepoint "Cleanup", Time since last: 35560944325 ns, Reaching safepoint: 19587 ns, Cleanup: 10913 ns, At safepoint: 10564 ns, Total: 41064 ns
[2024-10-16T04:55:32.490+0000][127][info ][safepoint   ] Safepoint "Cleanup", Time since last: 13108964466 ns, Reaching safepoint: 22108 ns, Cleanup: 12738 ns, At safepoint: 11308 ns, Total: 46154 ns
[2024-10-16T04:55:44.844+0000][127][info ][safepoint   ] Safepoint "Cleanup", Time since last: 12352656773 ns, Reaching safepoint: 46415 ns, Cleanup: 11591 ns, At safepoint: 77254 ns, Total: 135260 ns
[2024-10-16T04:55:45.858+0000][127][info ][safepoint   ] Safepoint "Cleanup", Time since last: 1014015944 ns, Reaching safepoint: 20813 ns, Cleanup: 14319 ns, At safepoint: 10508 ns, Total: 45640 ns
[2024-10-16T04:56:02.922+0000][127][info ][safepoint   ] Safepoint "Cleanup", Time since last: 17064206672 ns, Reaching safepoint: 17530 ns, Cleanup: 15456 ns, At safepoint: 9624 ns, Total: 42610 ns
[2024-10-16T04:56:18.939+0000][127][info ][safepoint   ] Safepoint "Cleanup", Time since last: 16015603292 ns, Reaching safepoint: 45764 ns, Cleanup: 17103 ns, At safepoint: 8638 ns, Total: 71505 ns
[2024-10-16T04:56:32.956+0000][127][info ][safepoint   ] Safepoint "Cleanup", Time since last: 14016028509 ns, Reaching safepoint: 1133820 ns, Cleanup: 27172 ns, At safepoint: 243878 ns, Total: 1404870 ns
[2024-10-16T04:56:39.966+0000][127][info ][safepoint   ] Safepoint "Cleanup", Time since last: 7007577077 ns, Reaching safepoint: 1198210 ns, Cleanup: 19073 ns, At safepoint: 69323 ns, Total: 1286606 ns
[2024-10-16T04:56:41.642+0000][127][info ][safepoint   ] Safepoint "Cleanup", Time since last: 1676623636 ns, Reaching safepoint: 21155 ns, Cleanup: 26239 ns, At safepoint: 11404 ns, Total: 58798 ns
[2024-10-16T04:56:47.928+0000][127][info ][safepoint   ] Safepoint "Cleanup", Time since last: 6285149637 ns, Reaching safepoint: 20400 ns, Cleanup: 13028 ns, At safepoint: 7031 ns, Total: 40459 ns
[2024-10-16T04:56:48.964+0000][127][info ][safepoint   ] Safepoint "Cleanup", Time since last: 1036022470 ns, Reaching safepoint: 16872 ns, Cleanup: 12343 ns, At safepoint: 9756 ns, Total: 38971 ns
[2024-10-16T04:56:57.318+0000][127][info ][safepoint   ] Safepoint "Cleanup", Time since last: 8353967968 ns, Reaching safepoint: 7080 ns, Cleanup: 7542 ns, At safepoint: 4873 ns, Total: 19495 ns
[2024-10-16T04:57:02.868+0000][127][info ][safepoint   ] Safepoint "Cleanup", Time since last: 5549911064 ns, Reaching safepoint: 16089 ns, Cleanup: 12091 ns, At safepoint: 9472 ns, Total: 37652 ns
[2024-10-16T04:57:11.877+0000][127][info ][safepoint   ] Safepoint "Cleanup", Time since last: 9008917113 ns, Reaching safepoint: 19875 ns, Cleanup: 11579 ns, At safepoint: 9894 ns, Total: 41348 ns
[2024-10-16T04:57:21.943+0000][127][info ][safepoint   ] Safepoint "Cleanup", Time since last: 10065836051 ns, Reaching safepoint: 43654 ns, Cleanup: 12158 ns, At safepoint: 8916 ns, Total: 64728 ns
[2024-10-16T04:57:23.945+0000][127][info ][safepoint   ] Safepoint "Cleanup", Time since last: 2002137283 ns, Reaching safepoint: 17663 ns, Cleanup: 12948 ns, At safepoint: 9569 ns, Total: 40180 ns
[2024-10-16T04:57:28.950+0000][127][info ][safepoint   ] Safepoint "Cleanup", Time since last: 5004947005 ns, Reaching safepoint: 18364 ns, Cleanup: 10588 ns, At safepoint: 9313 ns, Total: 38265 ns
[2024-10-16T04:57:48.170+0000][127][info ][safepoint   ] Safepoint "Cleanup", Time since last: 19221328095 ns, Reaching safepoint: 72929 ns, Cleanup: 17243 ns, At safepoint: 15010 ns, Total: 105182 ns
[2024-10-16T04:57:49.172+0000][127][info ][safepoint   ] Safepoint "Cleanup", Time since last: 1001545827 ns, Reaching safepoint: 23178 ns, Cleanup: 18231 ns, At safepoint: 12866 ns, Total: 54275 ns
[2024-10-16T04:57:50.927+0000][127][info ][safepoint   ] Safepoint "Cleanup", Time since last: 1755280012 ns, Reaching safepoint: 8500 ns, Cleanup: 10534 ns, At safepoint: 5017 ns, Total: 24051 ns
[2024-10-16T04:57:52.145+0000][127][info ][safepoint   ] Safepoint "Cleanup", Time since last: 1217881633 ns, Reaching safepoint: 10104 ns, Cleanup: 12067 ns, At safepoint: 6914 ns, Total: 29085 ns
[2024-10-16T04:57:54.176+0000][127][info ][safepoint   ] Safepoint "Cleanup", Time since last: 2030811423 ns, Reaching safepoint: 54470 ns, Cleanup: 43280 ns, At safepoint: 28049 ns, Total: 125799 ns
[2024-10-16T04:58:00.208+0000][127][info ][safepoint   ] Safepoint "Cleanup", Time since last: 6031587120 ns, Reaching safepoint: 53523 ns, Cleanup: 12121 ns, At safepoint: 12725 ns, Total: 78369 ns
[2024-10-16T04:58:29.279+0000][127][info ][safepoint   ] Safepoint "Cleanup", Time since last: 29077005544 ns, Reaching safepoint: 7055 ns, Cleanup: 9536 ns, At safepoint: 4676 ns, Total: 21267 ns
[2024-10-16T04:58:30.324+0000][127][info ][safepoint   ] Safepoint "Cleanup", Time since last: 1044191002 ns, Reaching safepoint: 7425 ns, Cleanup: 9457 ns, At safepoint: 5552 ns, Total: 22434 ns
[2024-10-16T04:58:33.331+0000][127][info ][safepoint   ] Safepoint "Cleanup", Time since last: 3007668064 ns, Reaching safepoint: 43606 ns, Cleanup: 13194 ns, At safepoint: 13073 ns, Total: 69873 ns
[2024-10-16T04:58:40.309+0000][127][info ][safepoint   ] Safepoint "Cleanup", Time since last: 6969007474 ns, Reaching safepoint: 17537 ns, Cleanup: 14409 ns, At safepoint: 10179 ns, Total: 42125 ns
[2024-10-16T04:58:41.994+0000][127][info ][safepoint   ] Safepoint "Cleanup", Time since last: 1684176058 ns, Reaching safepoint: 7573 ns, Cleanup: 7927 ns, At safepoint: 5277 ns, Total: 20777 ns
[2024-10-16T04:58:44.372+0000][127][info ][safepoint   ] Safepoint "Cleanup", Time since last: 2378035522 ns, Reaching safepoint: 25095 ns, Cleanup: 19546 ns, At safepoint: 11956 ns, Total: 56597 ns
[2024-10-16T04:58:46.369+0000][127][info ][safepoint   ] Safepoint "Cleanup", Time since last: 1997326756 ns, Reaching safepoint: 12649 ns, Cleanup: 8035 ns, At safepoint: 5034 ns, Total: 25718 ns
[2024-10-16T04:58:54.407+0000][127][info ][safepoint   ] Safepoint "Cleanup", Time since last: 8037531565 ns, Reaching safepoint: 17489 ns, Cleanup: 10223 ns, At safepoint: 8814 ns, Total: 36526 ns
[2024-10-16T04:59:06.420+0000][127][info ][safepoint   ] Safepoint "Cleanup", Time since last: 12012918714 ns, Reaching safepoint: 27255 ns, Cleanup: 13364 ns, At safepoint: 10966 ns, Total: 51585 ns
[2024-10-16T04:59:19.519+0000][127][info ][safepoint   ] Safepoint "Cleanup", Time since last: 13098865750 ns, Reaching safepoint: 122684 ns, Cleanup: 16009 ns, At safepoint: 13049 ns, Total: 151742 ns
[2024-10-16T04:59:27.526+0000][127][info ][safepoint   ] Safepoint "Cleanup", Time since last: 8007011835 ns, Reaching safepoint: 17738 ns, Cleanup: 12728 ns, At safepoint: 9678 ns, Total: 40144 ns
[2024-10-16T04:59:28.527+0000][127][info ][safepoint   ] Safepoint "Cleanup", Time since last: 1000907914 ns, Reaching safepoint: 17097 ns, Cleanup: 13280 ns, At safepoint: 8998 ns, Total: 39375 ns
[2024-10-16T04:59:56.950+0000][127][info ][safepoint   ] Safepoint "Cleanup", Time since last: 28421501068 ns, Reaching safepoint: 7103 ns, Cleanup: 10376 ns, At safepoint: 4646 ns, Total: 22125 ns
[2024-10-16T04:59:58.509+0000][127][info ][safepoint   ] Safepoint "Cleanup", Time since last: 1559409641 ns, Reaching safepoint: 17342 ns, Cleanup: 19508 ns, At safepoint: 10101 ns, Total: 46951 ns
[2024-10-16T04:59:59.568+0000][127][info ][safepoint   ] Safepoint "Cleanup", Time since last: 1058751403 ns, Reaching safepoint: 12075 ns, Cleanup: 10865 ns, At safepoint: 7638 ns, Total: 30578 ns
[2024-10-16T05:00:13.634+0000][127][info ][safepoint   ] Safepoint "Cleanup", Time since last: 14064865608 ns, Reaching safepoint: 16496 ns, Cleanup: 12305 ns, At safepoint: 10270 ns, Total: 39071 ns
[2024-10-16T05:00:28.661+0000][127][info ][safepoint   ] Safepoint "Cleanup", Time since last: 15027047498 ns, Reaching safepoint: 44982 ns, Cleanup: 12002 ns, At safepoint: 9514 ns, Total: 66498 ns
[2024-10-16T05:00:59.400+0000][127][info ][safepoint   ] Safepoint "Cleanup", Time since last: 30738145147 ns, Reaching safepoint: 59412 ns, Cleanup: 24420 ns, At safepoint: 14072 ns, Total: 97904 ns
[2024-10-16T05:01:18.669+0000][127][info ][safepoint   ] Safepoint "Cleanup", Time since last: 19268052844 ns, Reaching safepoint: 91072 ns, Cleanup: 75183 ns, At safepoint: 55878 ns, Total: 222133 ns
[2024-10-16T05:01:28.680+0000][127][info ][safepoint   ] Safepoint "Cleanup", Time since last: 10011453894 ns, Reaching safepoint: 18670 ns, Cleanup: 15852 ns, At safepoint: 9697 ns, Total: 44219 ns
[2024-10-16T05:01:40.442+0000][127][info ][safepoint   ] Safepoint "Cleanup", Time since last: 11762849472 ns, Reaching safepoint: 28611 ns, Cleanup: 18422 ns, At safepoint: 15424 ns, Total: 62457 ns
[2024-10-16T05:01:44.083+0000][127][info ][safepoint   ] Safepoint "Cleanup", Time since last: 3640684076 ns, Reaching safepoint: 6839 ns, Cleanup: 12201 ns, At safepoint: 4776 ns, Total: 23816 ns
[2024-10-16T05:01:51.788+0000][127][info ][safepoint   ] Safepoint "Cleanup", Time since last: 7704788944 ns, Reaching safepoint: 483954 ns, Cleanup: 20538 ns, At safepoint: 258956 ns, Total: 763448 ns
[2024-10-16T05:02:13.836+0000][127][info ][safepoint   ] Safepoint "Cleanup", Time since last: 22044124708 ns, Reaching safepoint: 579614 ns, Cleanup: 13593 ns, At safepoint: 89774 ns, Total: 682981 ns
[2024-10-16T05:02:27.851+0000][127][info ][safepoint   ] Safepoint "Cleanup", Time since last: 14015172781 ns, Reaching safepoint: 79652 ns, Cleanup: 150539 ns, At safepoint: 26417 ns, Total: 256608 ns
[2024-10-16T05:03:07.096+0000][127][info ][safepoint   ] Safepoint "Cleanup", Time since last: 39243655179 ns, Reaching safepoint: 7365 ns, Cleanup: 7972 ns, At safepoint: 4940 ns, Total: 20277 ns
[2024-10-16T05:03:40.607+0000][127][info ][safepoint   ] Safepoint "Cleanup", Time since last: 33512560026 ns, Reaching safepoint: 174410 ns, Cleanup: 16199 ns, At safepoint: 22029 ns, Total: 212638 ns
[2024-10-16T05:03:42.157+0000][127][info ][safepoint   ] Safepoint "Cleanup", Time since last: 1549772613 ns, Reaching safepoint: 6828 ns, Cleanup: 6095 ns, At safepoint: 4957 ns, Total: 17880 ns
[2024-10-16T05:03:43.281+0000][127][info ][safepoint   ] Safepoint "Cleanup", Time since last: 1124403143 ns, Reaching safepoint: 21754 ns, Cleanup: 15886 ns, At safepoint: 9493 ns, Total: 47133 ns
[2024-10-16T05:03:51.305+0000][127][info ][safepoint   ] Safepoint "Cleanup", Time since last: 8023684189 ns, Reaching safepoint: 27117 ns, Cleanup: 17309 ns, At safepoint: 12384 ns, Total: 56810 ns
[2024-10-16T05:04:09.153+0000][127][info ][safepoint   ] Safepoint "Cleanup", Time since last: 17844178614 ns, Reaching safepoint: 13833 ns, Cleanup: 13591 ns, At safepoint: 7621 ns, Total: 35045 ns
[2024-10-16T05:04:10.355+0000][127][info ][safepoint   ] Safepoint "Cleanup", Time since last: 1200824337 ns, Reaching safepoint: 1112937 ns, Cleanup: 21357 ns, At safepoint: 76526 ns, Total: 1210820 ns
[2024-10-16T05:04:11.399+0000][127][info ][safepoint   ] Safepoint "Cleanup", Time since last: 1044097209 ns, Reaching safepoint: 7379 ns, Cleanup: 9579 ns, At safepoint: 5587 ns, Total: 22545 ns
[2024-10-16T05:04:29.099+0000][127][info ][safepoint   ] Safepoint "Cleanup", Time since last: 17700040224 ns, Reaching safepoint: 81621 ns, Cleanup: 14024 ns, At safepoint: 9691 ns, Total: 105336 ns
[2024-10-16T05:04:39.275+0000][127][info ][safepoint   ] Safepoint "Cleanup", Time since last: 10175517343 ns, Reaching safepoint: 46025 ns, Cleanup: 11699 ns, At safepoint: 11445 ns, Total: 69169 ns
[2024-10-16T05:04:40.703+0000][127][info ][safepoint   ] Safepoint "Cleanup", Time since last: 1427333987 ns, Reaching safepoint: 23550 ns, Cleanup: 14207 ns, At safepoint: 12186 ns, Total: 49943 ns
[2024-10-16T05:04:53.717+0000][127][info ][safepoint   ] Safepoint "Cleanup", Time since last: 13014583415 ns, Reaching safepoint: 17746 ns, Cleanup: 11306 ns, At safepoint: 10477 ns, Total: 39529 ns
[2024-10-16T05:05:08.732+0000][127][info ][safepoint   ] Safepoint "Cleanup", Time since last: 15015145075 ns, Reaching safepoint: 29003 ns, Cleanup: 14219 ns, At safepoint: 64404 ns, Total: 107626 ns
[2024-10-16T05:05:12.632+0000][127][info ][safepoint   ] Safepoint "Cleanup", Time since last: 3898289254 ns, Reaching safepoint: 7248 ns, Cleanup: 8390 ns, At safepoint: 5455 ns, Total: 21093 ns
[2024-10-16T05:05:40.720+0000][127][info ][safepoint   ] Safepoint "Cleanup", Time since last: 28087600403 ns, Reaching safepoint: 47222 ns, Cleanup: 33550 ns, At safepoint: 20185 ns, Total: 100957 ns
[2024-10-16T05:05:45.725+0000][127][info ][safepoint   ] Safepoint "Cleanup", Time since last: 5004926256 ns, Reaching safepoint: 37830 ns, Cleanup: 24134 ns, At safepoint: 138714 ns, Total: 200678 ns
[2024-10-16T05:05:48.728+0000][127][info ][safepoint   ] Safepoint "Cleanup", Time since last: 3002747731 ns, Reaching safepoint: 148046 ns, Cleanup: 18703 ns, At safepoint: 13034 ns, Total: 179783 ns
[2024-10-16T05:06:54.791+0000][127][info ][safepoint   ] Safepoint "Cleanup", Time since last: 66061737924 ns, Reaching safepoint: 23880 ns, Cleanup: 14849 ns, At safepoint: 10334 ns, Total: 49063 ns
[2024-10-16T05:07:18.919+0000][127][info ][safepoint   ] Safepoint "Cleanup", Time since last: 24127338046 ns, Reaching safepoint: 7646 ns, Cleanup: 8741 ns, At safepoint: 5450 ns, Total: 21837 ns
[2024-10-16T05:07:53.968+0000][127][info ][safepoint   ] Safepoint "Cleanup", Time since last: 35047547746 ns, Reaching safepoint: 68163 ns, Cleanup: 18550 ns, At safepoint: 14460 ns, Total: 101173 ns
[2024-10-16T05:08:06.981+0000][127][info ][safepoint   ] Safepoint "Cleanup", Time since last: 13013022190 ns, Reaching safepoint: 47995 ns, Cleanup: 14181 ns, At safepoint: 9391 ns, Total: 71567 ns
[2024-10-16T05:08:22.033+0000][127][info ][safepoint   ] Safepoint "Cleanup", Time since last: 15050948633 ns, Reaching safepoint: 8514 ns, Cleanup: 11846 ns, At safepoint: 5491 ns, Total: 25851 ns
[2024-10-16T05:08:39.989+0000][127][info ][safepoint   ] Safepoint "Cleanup", Time since last: 17959453577 ns, Reaching safepoint: 8319 ns, Cleanup: 14087 ns, At safepoint: 5486 ns, Total: 27892 ns
[2024-10-16T05:08:42.363+0000][127][info ][safepoint   ] Safepoint "Cleanup", Time since last: 2374313453 ns, Reaching safepoint: 15148 ns, Cleanup: 10194 ns, At safepoint: 11478 ns, Total: 36820 ns
[2024-10-16T05:09:11.155+0000][127][info ][safepoint   ] Safepoint "Cleanup", Time since last: 28787100928 ns, Reaching safepoint: 16972 ns, Cleanup: 12025 ns, At safepoint: 8799 ns, Total: 37796 ns
[2024-10-16T05:09:14.097+0000][127][info ][safepoint   ] Safepoint "Cleanup", Time since last: 2941569758 ns, Reaching safepoint: 6932 ns, Cleanup: 6652 ns, At safepoint: 4612 ns, Total: 18196 ns
[2024-10-16T05:09:15.782+0000][127][info ][safepoint   ] Safepoint "Cleanup", Time since last: 1685342086 ns, Reaching safepoint: 51180 ns, Cleanup: 33400 ns, At safepoint: 50671 ns, Total: 135251 ns
[2024-10-16T05:09:25.182+0000][127][info ][safepoint   ] Safepoint "Cleanup", Time since last: 9399703736 ns, Reaching safepoint: 8116 ns, Cleanup: 7582 ns, At safepoint: 5114 ns, Total: 20812 ns
[2024-10-16T05:09:34.216+0000][127][info ][safepoint   ] Safepoint "Cleanup", Time since last: 9033202883 ns, Reaching safepoint: 873481 ns, Cleanup: 24226 ns, At safepoint: 137677 ns, Total: 1035384 ns
[2024-10-16T05:09:44.170+0000][127][info ][safepoint   ] Safepoint "Cleanup", Time since last: 9958744221 ns, Reaching safepoint: 17209 ns, Cleanup: 11529 ns, At safepoint: 9121 ns, Total: 37859 ns
[2024-10-16T05:10:28.304+0000][127][info ][safepoint   ] Safepoint "Cleanup", Time since last: 44127126766 ns, Reaching safepoint: 13950 ns, Cleanup: 10309 ns, At safepoint: 9740 ns, Total: 33999 ns
[2024-10-16T05:10:35.393+0000][127][info ][safepoint   ] Safepoint "Cleanup", Time since last: 7088841144 ns, Reaching safepoint: 48049 ns, Cleanup: 11222 ns, At safepoint: 10886 ns, Total: 70157 ns
[2024-10-16T05:10:39.397+0000][127][info ][safepoint   ] Safepoint "Cleanup", Time since last: 4004046832 ns, Reaching safepoint: 18957 ns, Cleanup: 12940 ns, At safepoint: 10935 ns, Total: 42832 ns
[2024-10-16T05:10:58.218+0000][127][info ][safepoint   ] Safepoint "Cleanup", Time since last: 18819858282 ns, Reaching safepoint: 964592 ns, Cleanup: 13749 ns, At safepoint: 162686 ns, Total: 1141027 ns
[2024-10-16T05:11:22.244+0000][127][info ][safepoint   ] Safepoint "Cleanup", Time since last: 24025038689 ns, Reaching safepoint: 54465 ns, Cleanup: 12398 ns, At safepoint: 9985 ns, Total: 76848 ns
[2024-10-16T05:11:27.502+0000][127][info ][safepoint   ] Safepoint "Cleanup", Time since last: 5257756742 ns, Reaching safepoint: 24248 ns, Cleanup: 13038 ns, At safepoint: 7148 ns, Total: 44434 ns
[2024-10-16T05:12:30.693+0000][127][info ][safepoint   ] Safepoint "Cleanup", Time since last: 63188467093 ns, Reaching safepoint: 660082 ns, Cleanup: 13080 ns, At safepoint: 104367 ns, Total: 777529 ns
[2024-10-16T05:12:32.743+0000][127][info ][safepoint   ] Safepoint "Cleanup", Time since last: 2049793514 ns, Reaching safepoint: 16917 ns, Cleanup: 11209 ns, At safepoint: 9912 ns, Total: 38038 ns
[2024-10-16T05:12:34.683+0000][127][info ][safepoint   ] Safepoint "Cleanup", Time since last: 1940090522 ns, Reaching safepoint: 52809 ns, Cleanup: 59852 ns, At safepoint: 21200 ns, Total: 133861 ns
[2024-10-16T05:12:39.773+0000][127][info ][safepoint   ] Safepoint "Cleanup", Time since last: 5089610363 ns, Reaching safepoint: 18089 ns, Cleanup: 11105 ns, At safepoint: 9410 ns, Total: 38604 ns
[2024-10-16T05:12:41.432+0000][127][info ][safepoint   ] Safepoint "Cleanup", Time since last: 1658955169 ns, Reaching safepoint: 17267 ns, Cleanup: 12897 ns, At safepoint: 9485 ns, Total: 39649 ns
[2024-10-16T05:12:44.183+0000][127][info ][safepoint   ] Safepoint "Cleanup", Time since last: 2751012299 ns, Reaching safepoint: 19905 ns, Cleanup: 15079 ns, At safepoint: 8179 ns, Total: 43163 ns
[2024-10-16T05:13:36.520+0000][127][info ][safepoint   ] Safepoint "Cleanup", Time since last: 52336623129 ns, Reaching safepoint: 6662 ns, Cleanup: 6367 ns, At safepoint: 4716 ns, Total: 17745 ns
[2024-10-16T05:13:40.556+0000][127][info ][safepoint   ] Safepoint "Cleanup", Time since last: 4034779331 ns, Reaching safepoint: 8222 ns, Cleanup: 9935 ns, At safepoint: 5206 ns, Total: 23363 ns
[2024-10-16T05:14:04.011+0000][127][info ][safepoint   ] Safepoint "Cleanup", Time since last: 23454483393 ns, Reaching safepoint: 40390 ns, Cleanup: 15981 ns, At safepoint: 12371 ns, Total: 68742 ns
[2024-10-16T05:14:34.092+0000][127][info ][safepoint   ] Safepoint "Cleanup", Time since last: 30080512442 ns, Reaching safepoint: 338196 ns, Cleanup: 14339 ns, At safepoint: 74538 ns, Total: 427073 ns
[2024-10-16T05:14:39.220+0000][127][info ][safepoint   ] Safepoint "Cleanup", Time since last: 5126044669 ns, Reaching safepoint: 963702 ns, Cleanup: 17709 ns, At safepoint: 96333 ns, Total: 1077744 ns
[2024-10-16T05:14:40.224+0000][127][info ][safepoint   ] Safepoint "Cleanup", Time since last: 1003508899 ns, Reaching safepoint: 13586 ns, Cleanup: 10231 ns, At safepoint: 8080 ns, Total: 31897 ns
[2024-10-16T05:15:02.667+0000][127][info ][safepoint   ] Safepoint "Cleanup", Time since last: 22443229148 ns, Reaching safepoint: 19079 ns, Cleanup: 11073 ns, At safepoint: 9001 ns, Total: 39153 ns
[2024-10-16T05:15:36.656+0000][127][info ][safepoint   ] Safepoint "Cleanup", Time since last: 33986347474 ns, Reaching safepoint: 688854 ns, Cleanup: 145986 ns, At safepoint: 541983 ns, Total: 1376823 ns
[2024-10-16T05:15:40.429+0000][127][info ][safepoint   ] Safepoint "Cleanup", Time since last: 3772344136 ns, Reaching safepoint: 19574 ns, Cleanup: 12543 ns, At safepoint: 9764 ns, Total: 41881 ns
[2024-10-16T05:15:42.571+0000][127][info ][safepoint   ] Safepoint "Cleanup", Time since last: 2142249195 ns, Reaching safepoint: 14524 ns, Cleanup: 12061 ns, At safepoint: 7718 ns, Total: 34303 ns
[2024-10-16T05:15:44.520+0000][127][info ][safepoint   ] Safepoint "Cleanup", Time since last: 1948493228 ns, Reaching safepoint: 691209 ns, Cleanup: 20484 ns, At safepoint: 38366 ns, Total: 750059 ns
[2024-10-16T05:16:39.990+0000][127][info ][safepoint   ] Safepoint "Cleanup", Time since last: 55468807806 ns, Reaching safepoint: 616557 ns, Cleanup: 33495 ns, At safepoint: 190748 ns, Total: 840800 ns
[2024-10-16T05:16:41.836+0000][127][info ][safepoint   ] Safepoint "Cleanup", Time since last: 1845806241 ns, Reaching safepoint: 23605 ns, Cleanup: 23393 ns, At safepoint: 84290 ns, Total: 131288 ns
[2024-10-16T05:16:43.770+0000][127][info ][safepoint   ] Safepoint "Cleanup", Time since last: 1933992480 ns, Reaching safepoint: 67174 ns, Cleanup: 34363 ns, At safepoint: 11046 ns, Total: 112583 ns
[2024-10-16T05:16:44.771+0000][127][info ][safepoint   ] Safepoint "Cleanup", Time since last: 1000790006 ns, Reaching safepoint: 19876 ns, Cleanup: 12823 ns, At safepoint: 9928 ns, Total: 42627 ns
[2024-10-16T05:16:46.717+0000][127][info ][safepoint   ] Safepoint "Cleanup", Time since last: 1946082210 ns, Reaching safepoint: 26228 ns, Cleanup: 18369 ns, At safepoint: 11828 ns, Total: 56425 ns
[2024-10-16T05:16:52.744+0000][127][info ][safepoint   ] Safepoint "Cleanup", Time since last: 6026674966 ns, Reaching safepoint: 58606 ns, Cleanup: 14605 ns, At safepoint: 37420 ns, Total: 110631 ns
[2024-10-16T05:16:54.746+0000][127][info ][safepoint   ] Safepoint "Cleanup", Time since last: 2002112783 ns, Reaching safepoint: 20590 ns, Cleanup: 14507 ns, At safepoint: 9309 ns, Total: 44406 ns
[2024-10-16T05:17:09.766+0000][127][info ][safepoint   ] Safepoint "Cleanup", Time since last: 15017756610 ns, Reaching safepoint: 17966 ns, Cleanup: 11322 ns, At safepoint: 9401 ns, Total: 38689 ns
[2024-10-16T05:17:42.840+0000][127][info ][safepoint   ] Safepoint "Cleanup", Time since last: 33073037477 ns, Reaching safepoint: 15541 ns, Cleanup: 13010 ns, At safepoint: 6828 ns, Total: 35379 ns
[2024-10-16T05:17:44.740+0000][127][info ][safepoint   ] Safepoint "Cleanup", Time since last: 1900095847 ns, Reaching safepoint: 17548 ns, Cleanup: 17680 ns, At safepoint: 8876 ns, Total: 44104 ns
[2024-10-16T05:17:45.864+0000][127][info ][safepoint   ] Safepoint "Cleanup", Time since last: 1124213903 ns, Reaching safepoint: 9308 ns, Cleanup: 14859 ns, At safepoint: 5676 ns, Total: 29843 ns
[2024-10-16T05:17:46.881+0000][127][info ][safepoint   ] Safepoint "Cleanup", Time since last: 1016515950 ns, Reaching safepoint: 8047 ns, Cleanup: 11335 ns, At safepoint: 5256 ns, Total: 24638 ns
[2024-10-16T05:17:48.621+0000][127][info ][safepoint   ] Safepoint "Cleanup", Time since last: 1740921851 ns, Reaching safepoint: 7325 ns, Cleanup: 7472 ns, At safepoint: 4723 ns, Total: 19520 ns
[2024-10-16T05:17:49.781+0000][127][info ][safepoint   ] Safepoint "Cleanup", Time since last: 1159218647 ns, Reaching safepoint: 14407 ns, Cleanup: 101990 ns, At safepoint: 53147 ns, Total: 169544 ns
[2024-10-16T05:17:50.974+0000][127][info ][safepoint   ] Safepoint "Cleanup", Time since last: 1191851868 ns, Reaching safepoint: 935404 ns, Cleanup: 22932 ns, At safepoint: 256661 ns, Total: 1214997 ns
[2024-10-16T05:17:53.979+0000][127][info ][safepoint   ] Safepoint "Cleanup", Time since last: 3003662926 ns, Reaching safepoint: 1048579 ns, Cleanup: 45870 ns, At safepoint: 119608 ns, Total: 1214057 ns
[2024-10-16T05:18:08.998+0000][127][info ][safepoint   ] Safepoint "Cleanup", Time since last: 15017863941 ns, Reaching safepoint: 1012045 ns, Cleanup: 15292 ns, At safepoint: 101833 ns, Total: 1129170 ns
[2024-10-16T05:18:15.047+0000][127][info ][safepoint   ] Safepoint "Cleanup", Time since last: 5881527561 ns, Reaching safepoint: 6820 ns, Cleanup: 5634 ns, At safepoint: 4897 ns, Total: 17351 ns
[2024-10-16T05:18:18.068+0000][127][info ][safepoint   ] Safepoint "Cleanup", Time since last: 3020605586 ns, Reaching safepoint: 24518 ns, Cleanup: 18396 ns, At safepoint: 13736 ns, Total: 56650 ns
[2024-10-16T05:18:19.079+0000][127][info ][safepoint   ] Safepoint "Cleanup", Time since last: 1009756506 ns, Reaching safepoint: 690176 ns, Cleanup: 20380 ns, At safepoint: 471931 ns, Total: 1182487 ns
[2024-10-16T05:18:43.239+0000][127][info ][safepoint   ] Safepoint "Cleanup", Time since last: 24159156105 ns, Reaching safepoint: 7456 ns, Cleanup: 6461 ns, At safepoint: 5278 ns, Total: 19195 ns
[2024-10-16T05:18:52.327+0000][127][info ][safepoint   ] Safepoint "Cleanup", Time since last: 9088572823 ns, Reaching safepoint: 7914 ns, Cleanup: 9538 ns, At safepoint: 5600 ns, Total: 23052 ns
[2024-10-16T05:19:09.392+0000][127][info ][safepoint   ] Safepoint "Cleanup", Time since last: 17063902834 ns, Reaching safepoint: 21440 ns, Cleanup: 15034 ns, At safepoint: 39227 ns, Total: 75701 ns
[2024-10-16T05:19:17.231+0000][127][info ][safepoint   ] Safepoint "Cleanup", Time since last: 7839078637 ns, Reaching safepoint: 7714 ns, Cleanup: 8102 ns, At safepoint: 5283 ns, Total: 21099 ns
[2024-10-16T05:19:20.299+0000][127][info ][safepoint   ] Safepoint "Cleanup", Time since last: 3067902432 ns, Reaching safepoint: 50608 ns, Cleanup: 19288 ns, At safepoint: 14276 ns, Total: 84172 ns
[2024-10-16T05:19:21.473+0000][127][info ][safepoint   ] Safepoint "Cleanup", Time since last: 1174541630 ns, Reaching safepoint: 7971 ns, Cleanup: 7248 ns, At safepoint: 5232 ns, Total: 20451 ns
[2024-10-16T05:19:29.588+0000][127][info ][safepoint   ] Safepoint "Cleanup", Time since last: 8113538354 ns, Reaching safepoint: 22092 ns, Cleanup: 25737 ns, At safepoint: 1104987 ns, Total: 1152816 ns
[2024-10-16T05:19:32.591+0000][127][info ][safepoint   ] Safepoint "Cleanup", Time since last: 3002632722 ns, Reaching safepoint: 17753 ns, Cleanup: 15647 ns, At safepoint: 8703 ns, Total: 42103 ns
[2024-10-16T05:19:33.837+0000][127][info ][safepoint   ] Safepoint "Cleanup", Time since last: 1245833973 ns, Reaching safepoint: 17661 ns, Cleanup: 11723 ns, At safepoint: 9606 ns, Total: 38990 ns
[2024-10-16T05:19:34.838+0000][127][info ][safepoint   ] Safepoint "Cleanup", Time since last: 1001038582 ns, Reaching safepoint: 21229 ns, Cleanup: 12599 ns, At safepoint: 9044 ns, Total: 42872 ns
[2024-10-16T05:19:37.722+0000][127][info ][safepoint   ] Safepoint "Cleanup", Time since last: 2883857184 ns, Reaching safepoint: 93540 ns, Cleanup: 21127 ns, At safepoint: 53030 ns, Total: 167697 ns
[2024-10-16T05:19:38.724+0000][127][info ][safepoint   ] Safepoint "Cleanup", Time since last: 1001313098 ns, Reaching safepoint: 114460 ns, Cleanup: 348209 ns, At safepoint: 163028 ns, Total: 625697 ns
[2024-10-16T05:19:39.726+0000][127][info ][safepoint   ] Safepoint "Cleanup", Time since last: 1000892649 ns, Reaching safepoint: 22971 ns, Cleanup: 13573 ns, At safepoint: 10975 ns, Total: 47519 ns
[2024-10-16T05:19:40.727+0000][127][info ][safepoint   ] Safepoint "Cleanup", Time since last: 1000930800 ns, Reaching safepoint: 21728 ns, Cleanup: 13724 ns, At safepoint: 9580 ns, Total: 45032 ns
[2024-10-16T05:19:46.476+0000][127][info ][safepoint   ] Safepoint "Cleanup", Time since last: 5749478185 ns, Reaching safepoint: 13202 ns, Cleanup: 10613 ns, At safepoint: 10312 ns, Total: 34127 ns
[2024-10-16T05:19:47.484+0000][127][info ][safepoint   ] Safepoint "Cleanup", Time since last: 1007991093 ns, Reaching safepoint: 24063 ns, Cleanup: 18173 ns, At safepoint: 13082 ns, Total: 55318 ns
[2024-10-16T05:19:49.505+0000][127][info ][safepoint   ] Safepoint "Cleanup", Time since last: 2020425806 ns, Reaching safepoint: 30123 ns, Cleanup: 15211 ns, At safepoint: 11251 ns, Total: 56585 ns
[2024-10-16T05:19:52.511+0000][127][info ][safepoint   ] Safepoint "Cleanup", Time since last: 3006309409 ns, Reaching safepoint: 7648 ns, Cleanup: 8412 ns, At safepoint: 5588 ns, Total: 21648 ns
[2024-10-16T05:20:09.564+0000][127][info ][safepoint   ] Safepoint "Cleanup", Time since last: 17051603897 ns, Reaching safepoint: 20867 ns, Cleanup: 12655 ns, At safepoint: 9536 ns, Total: 43058 ns
[2024-10-16T05:20:23.579+0000][127][info ][safepoint   ] Safepoint "Cleanup", Time since last: 14015231045 ns, Reaching safepoint: 59734 ns, Cleanup: 15960 ns, At safepoint: 11313 ns, Total: 87007 ns
[2024-10-16T05:20:40.599+0000][127][info ][safepoint   ] Safepoint "Cleanup", Time since last: 17019693293 ns, Reaching safepoint: 18843 ns, Cleanup: 12678 ns, At safepoint: 9378 ns, Total: 40899 ns
[2024-10-16T05:20:43.599+0000][127][info ][safepoint   ] Safepoint "Cleanup", Time since last: 2999092574 ns, Reaching safepoint: 17409 ns, Cleanup: 13760 ns, At safepoint: 8924 ns, Total: 40093 ns
[2024-10-16T05:20:47.847+0000][127][info ][safepoint   ] Safepoint "Cleanup", Time since last: 4248020203 ns, Reaching safepoint: 19320 ns, Cleanup: 15707 ns, At safepoint: 7587 ns, Total: 42614 ns
[2024-10-16T05:20:54.845+0000][127][info ][safepoint   ] Safepoint "Cleanup", Time since last: 6998234387 ns, Reaching safepoint: 7276 ns, Cleanup: 9197 ns, At safepoint: 4500 ns, Total: 20973 ns
[2024-10-16T05:20:58.897+0000][127][info ][safepoint   ] Safepoint "Cleanup", Time since last: 4051655179 ns, Reaching safepoint: 874932 ns, Cleanup: 20282 ns, At safepoint: 79019 ns, Total: 974233 ns
[2024-10-16T05:20:59.947+0000][127][info ][safepoint   ] Safepoint "Cleanup", Time since last: 1049073154 ns, Reaching safepoint: 17484 ns, Cleanup: 11996 ns, At safepoint: 10130 ns, Total: 39610 ns
[2024-10-16T05:21:39.987+0000][127][info ][safepoint   ] Safepoint "Cleanup", Time since last: 40038904839 ns, Reaching safepoint: 17128 ns, Cleanup: 12044 ns, At safepoint: 10451 ns, Total: 39623 ns
[2024-10-16T05:21:51.900+0000][127][info ][safepoint   ] Safepoint "Cleanup", Time since last: 11912768928 ns, Reaching safepoint: 8455 ns, Cleanup: 8108 ns, At safepoint: 5035 ns, Total: 21598 ns
[2024-10-16T05:21:57.850+0000][127][info ][safepoint   ] Safepoint "Cleanup", Time since last: 5949740839 ns, Reaching safepoint: 7153 ns, Cleanup: 13885 ns, At safepoint: 4905 ns, Total: 25943 ns
[2024-10-16T05:21:59.140+0000][127][info ][safepoint   ] Safepoint "Cleanup", Time since last: 1289558601 ns, Reaching safepoint: 22529 ns, Cleanup: 13010 ns, At safepoint: 9544 ns, Total: 45083 ns
[2024-10-16T05:22:00.140+0000][127][info ][safepoint   ] Safepoint "Cleanup", Time since last: 1000608319 ns, Reaching safepoint: 28991 ns, Cleanup: 17375 ns, At safepoint: 12822 ns, Total: 59188 ns
[2024-10-16T05:22:40.655+0000][127][info ][safepoint   ] Safepoint "Cleanup", Time since last: 40513244747 ns, Reaching safepoint: 46658 ns, Cleanup: 25719 ns, At safepoint: 10580 ns, Total: 82957 ns
[2024-10-16T05:22:46.644+0000][127][info ][safepoint   ] Safepoint "Cleanup", Time since last: 5988282516 ns, Reaching safepoint: 254727 ns, Cleanup: 20604 ns, At safepoint: 75189 ns, Total: 350520 ns
[2024-10-16T05:22:47.645+0000][127][info ][safepoint   ] Safepoint "Cleanup", Time since last: 1000997430 ns, Reaching safepoint: 18229 ns, Cleanup: 13320 ns, At safepoint: 9882 ns, Total: 41431 ns
[2024-10-16T05:22:49.652+0000][127][info ][safepoint   ] Safepoint "Cleanup", Time since last: 2006366737 ns, Reaching safepoint: 37440 ns, Cleanup: 152193 ns, At safepoint: 77949 ns, Total: 267582 ns
[2024-10-16T05:22:51.522+0000][127][info ][safepoint   ] Safepoint "Cleanup", Time since last: 1870494387 ns, Reaching safepoint: 48178 ns, Cleanup: 21372 ns, At safepoint: 9418 ns, Total: 78968 ns
[2024-10-16T05:22:52.523+0000][127][info ][safepoint   ] Safepoint "Cleanup", Time since last: 1000975144 ns, Reaching safepoint: 32900 ns, Cleanup: 18821 ns, At safepoint: 15718 ns, Total: 67439 ns
[2024-10-16T05:22:54.859+0000][127][info ][safepoint   ] Safepoint "Cleanup", Time since last: 2335906637 ns, Reaching safepoint: 7885 ns, Cleanup: 7630 ns, At safepoint: 4615 ns, Total: 20130 ns
[2024-10-16T05:23:04.754+0000][127][info ][safepoint   ] Safepoint "Cleanup", Time since last: 9894823339 ns, Reaching safepoint: 107830 ns, Cleanup: 61490 ns, At safepoint: 57098 ns, Total: 226418 ns
[2024-10-16T05:23:16.083+0000][127][info ][safepoint   ] Safepoint "Cleanup", Time since last: 11327195039 ns, Reaching safepoint: 13502 ns, Cleanup: 9634 ns, At safepoint: 7266 ns, Total: 30402 ns
[2024-10-16T05:23:20.840+0000][127][info ][safepoint   ] Safepoint "Cleanup", Time since last: 4757646860 ns, Reaching safepoint: 13102 ns, Cleanup: 8896 ns, At safepoint: 5329 ns, Total: 27327 ns
[2024-10-16T05:23:23.859+0000][127][info ][safepoint   ] Safepoint "Cleanup", Time since last: 3018361753 ns, Reaching safepoint: 27480 ns, Cleanup: 37441 ns, At safepoint: 12223 ns, Total: 77144 ns
[2024-10-16T05:23:29.875+0000][127][info ][safepoint   ] Safepoint "Cleanup", Time since last: 6016623866 ns, Reaching safepoint: 8052 ns, Cleanup: 11443 ns, At safepoint: 5196 ns, Total: 24691 ns
[2024-10-16T05:23:40.910+0000][127][info ][safepoint   ] Safepoint "Cleanup", Time since last: 11033831248 ns, Reaching safepoint: 18328 ns, Cleanup: 14247 ns, At safepoint: 10256 ns, Total: 42831 ns
[2024-10-16T05:23:43.858+0000][127][info ][safepoint   ] Safepoint "Cleanup", Time since last: 2947639209 ns, Reaching safepoint: 7858 ns, Cleanup: 7074 ns, At safepoint: 5200 ns, Total: 20132 ns
[2024-10-16T05:23:49.086+0000][127][info ][safepoint   ] Safepoint "Cleanup", Time since last: 5227941001 ns, Reaching safepoint: 200289 ns, Cleanup: 6766 ns, At safepoint: 124942 ns, Total: 331997 ns
[2024-10-16T05:23:59.999+0000][127][info ][safepoint   ] Safepoint "Cleanup", Time since last: 10913201755 ns, Reaching safepoint: 18409 ns, Cleanup: 12641 ns, At safepoint: 9705 ns, Total: 40755 ns
[2024-10-16T05:24:05.024+0000][127][info ][safepoint   ] Safepoint "Cleanup", Time since last: 5024739184 ns, Reaching safepoint: 17939 ns, Cleanup: 12684 ns, At safepoint: 9195 ns, Total: 39818 ns
[2024-10-16T05:24:13.895+0000][127][info ][safepoint   ] Safepoint "Cleanup", Time since last: 8870597101 ns, Reaching safepoint: 17298 ns, Cleanup: 7779 ns, At safepoint: 5358 ns, Total: 30435 ns
[2024-10-16T05:24:18.901+0000][127][info ][safepoint   ] Safepoint "Cleanup", Time since last: 5005364043 ns, Reaching safepoint: 31965 ns, Cleanup: 17346 ns, At safepoint: 48267 ns, Total: 97578 ns
[2024-10-16T05:24:29.914+0000][127][info ][safepoint   ] Safepoint "Cleanup", Time since last: 11013015985 ns, Reaching safepoint: 768785 ns, Cleanup: 14529 ns, At safepoint: 105871 ns, Total: 889185 ns
[2024-10-16T05:24:30.916+0000][127][info ][safepoint   ] Safepoint "Cleanup", Time since last: 1001530998 ns, Reaching safepoint: 29436 ns, Cleanup: 16769 ns, At safepoint: 17366 ns, Total: 63571 ns
[2024-10-16T05:24:34.972+0000][127][info ][safepoint   ] Safepoint "Cleanup", Time since last: 4056300138 ns, Reaching safepoint: 36333 ns, Cleanup: 22261 ns, At safepoint: 14283 ns, Total: 72877 ns
[2024-10-16T05:24:39.981+0000][127][info ][safepoint   ] Safepoint "Cleanup", Time since last: 5005946340 ns, Reaching safepoint: 1258250 ns, Cleanup: 20765 ns, At safepoint: 67155 ns, Total: 1346170 ns
[2024-10-16T05:24:45.173+0000][127][info ][safepoint   ] Safepoint "Cleanup", Time since last: 5191910577 ns, Reaching safepoint: 7869 ns, Cleanup: 22045 ns, At safepoint: 8520 ns, Total: 38434 ns
[2024-10-16T05:24:46.185+0000][127][info ][safepoint   ] Safepoint "Cleanup", Time since last: 1012416270 ns, Reaching safepoint: 16670 ns, Cleanup: 11732 ns, At safepoint: 6726 ns, Total: 35128 ns
[2024-10-16T05:24:55.276+0000][127][info ][safepoint   ] Safepoint "Cleanup", Time since last: 9090219642 ns, Reaching safepoint: 48178 ns, Cleanup: 13769 ns, At safepoint: 11875 ns, Total: 73822 ns
[2024-10-16T05:24:57.985+0000][127][info ][gc,start    ] GC(26) Pause Young (Prepare Mixed) (G1 Evacuation Pause)
[2024-10-16T05:24:57.986+0000][127][info ][gc,task     ] GC(26) Using 4 workers of 4 for evacuation
[2024-10-16T05:24:57.986+0000][127][debug][gc,age      ] GC(26) Desired survivor size 216006656 bytes, new threshold 15 (max threshold 15)
[2024-10-16T05:24:58.078+0000][127][info ][gc,phases   ] GC(26)   Pre Evacuate Collection Set: 8.04ms
[2024-10-16T05:24:58.078+0000][127][info ][gc,phases   ] GC(26)   Merge Heap Roots: 9.53ms
[2024-10-16T05:24:58.078+0000][127][info ][gc,phases   ] GC(26)   Evacuate Collection Set: 69.29ms
[2024-10-16T05:24:58.078+0000][127][info ][gc,phases   ] GC(26)   Post Evacuate Collection Set: 4.77ms
[2024-10-16T05:24:58.078+0000][127][info ][gc,phases   ] GC(26)   Other: 0.84ms
[2024-10-16T05:24:58.078+0000][127][trace][gc,age      ] GC(26) Age table with threshold 15 (max threshold 15)
[2024-10-16T05:24:58.078+0000][127][trace][gc,age      ] GC(26) - age   1:    3911968 bytes,    3911968 total
[2024-10-16T05:24:58.078+0000][127][trace][gc,age      ] GC(26) - age   2:     294216 bytes,    4206184 total
[2024-10-16T05:24:58.078+0000][127][trace][gc,age      ] GC(26) - age   3:     440776 bytes,    4646960 total
[2024-10-16T05:24:58.078+0000][127][trace][gc,age      ] GC(26) - age   4:     624840 bytes,    5271800 total
[2024-10-16T05:24:58.078+0000][127][trace][gc,age      ] GC(26) - age   5:     353208 bytes,    5625008 total
[2024-10-16T05:24:58.078+0000][127][trace][gc,age      ] GC(26) - age   6:    5089112 bytes,   10714120 total
[2024-10-16T05:24:58.078+0000][127][trace][gc,age      ] GC(26) - age   7:    1546672 bytes,   12260792 total
[2024-10-16T05:24:58.078+0000][127][info ][gc,heap     ] GC(26) Eden regions: 818->0(817)
[2024-10-16T05:24:58.078+0000][127][info ][gc,heap     ] GC(26) Survivor regions: 3->4(103)
[2024-10-16T05:24:58.078+0000][127][info ][gc,heap     ] GC(26) Old regions: 36->36
[2024-10-16T05:24:58.078+0000][127][info ][gc,heap     ] GC(26) Humongous regions: 2->2
[2024-10-16T05:24:58.078+0000][127][info ][gc,metaspace] GC(26) Metaspace: 160734K(167296K)->160734K(167296K) NonClass: 139012K(142912K)->139012K(142912K) Class: 21721K(24384K)->21721K(24384K)
[2024-10-16T05:24:58.078+0000][127][info ][gc          ] GC(26) Pause Young (Prepare Mixed) (G1 Evacuation Pause) 3435M->164M(5476M) 92.827ms
[2024-10-16T05:24:58.078+0000][127][info ][gc,cpu      ] GC(26) User=0.33s Sys=0.01s Real=0.09s
[2024-10-16T05:24:58.079+0000][127][info ][safepoint   ] Safepoint "G1CollectForAllocation", Time since last: 2709368915 ns, Reaching safepoint: 18290 ns, Cleanup: 4155 ns, At safepoint: 93483188 ns, Total: 93505633 ns
[2024-10-16T05:25:01.026+0000][127][info ][safepoint   ] Safepoint "Cleanup", Time since last: 2946311162 ns, Reaching safepoint: 907748 ns, Cleanup: 15841 ns, At safepoint: 121991 ns, Total: 1045580 ns
[2024-10-16T05:25:14.639+0000][127][info ][safepoint   ] Safepoint "Cleanup", Time since last: 13611858462 ns, Reaching safepoint: 25997 ns, Cleanup: 14003 ns, At safepoint: 11592 ns, Total: 51592 ns
[2024-10-16T05:25:39.366+0000][127][info ][safepoint   ] Safepoint "Cleanup", Time since last: 24725597157 ns, Reaching safepoint: 1562185 ns, Cleanup: 17128 ns, At safepoint: 17762 ns, Total: 1597075 ns
[2024-10-16T05:25:40.367+0000][127][info ][safepoint   ] Safepoint "Cleanup", Time since last: 1000754996 ns, Reaching safepoint: 18285 ns, Cleanup: 13816 ns, At safepoint: 8973 ns, Total: 41074 ns
[2024-10-16T05:25:43.174+0000][127][info ][safepoint   ] Safepoint "Cleanup", Time since last: 2806169092 ns, Reaching safepoint: 18944 ns, Cleanup: 12485 ns, At safepoint: 9193 ns, Total: 40622 ns
[2024-10-16T05:26:10.871+0000][127][info ][safepoint   ] Safepoint "Cleanup", Time since last: 27696282250 ns, Reaching safepoint: 21857 ns, Cleanup: 6440 ns, At safepoint: 4891 ns, Total: 33188 ns
[2024-10-16T05:26:13.032+0000][127][info ][safepoint   ] Safepoint "Cleanup", Time since last: 2160561647 ns, Reaching safepoint: 8273 ns, Cleanup: 6527 ns, At safepoint: 4414 ns, Total: 19214 ns
[2024-10-16T05:26:14.933+0000][127][info ][safepoint   ] Safepoint "Cleanup", Time since last: 1900922770 ns, Reaching safepoint: 59378 ns, Cleanup: 37587 ns, At safepoint: 23349 ns, Total: 120314 ns
[2024-10-16T05:26:21.947+0000][127][info ][safepoint   ] Safepoint "Cleanup", Time since last: 7014377749 ns, Reaching safepoint: 25913 ns, Cleanup: 18819 ns, At safepoint: 13771 ns, Total: 58503 ns
[2024-10-16T05:26:22.949+0000][127][info ][safepoint   ] Safepoint "Cleanup", Time since last: 1000332089 ns, Reaching safepoint: 971168 ns, Cleanup: 18195 ns, At safepoint: 223969 ns, Total: 1213332 ns
[2024-10-16T05:26:39.970+0000][127][info ][safepoint   ] Safepoint "Cleanup", Time since last: 17020747869 ns, Reaching safepoint: 20910 ns, Cleanup: 13449 ns, At safepoint: 10179 ns, Total: 44538 ns
[2024-10-16T05:26:41.972+0000][127][info ][safepoint   ] Safepoint "Cleanup", Time since last: 2002110114 ns, Reaching safepoint: 54720 ns, Cleanup: 16016 ns, At safepoint: 13268 ns, Total: 84004 ns
[2024-10-16T05:26:50.730+0000][127][info ][safepoint   ] Safepoint "Cleanup", Time since last: 8757297016 ns, Reaching safepoint: 23064 ns, Cleanup: 14657 ns, At safepoint: 9184 ns, Total: 46905 ns
[2024-10-16T05:26:55.778+0000][127][info ][safepoint   ] Safepoint "Cleanup", Time since last: 5048543619 ns, Reaching safepoint: 28682 ns, Cleanup: 21986 ns, At safepoint: 15370 ns, Total: 66038 ns
[2024-10-16T05:27:07.041+0000][127][info ][safepoint   ] Safepoint "Cleanup", Time since last: 11263080616 ns, Reaching safepoint: 12074 ns, Cleanup: 9443 ns, At safepoint: 8629 ns, Total: 30146 ns
[2024-10-16T05:27:13.020+0000][127][info ][safepoint   ] Safepoint "Cleanup", Time since last: 5977862871 ns, Reaching safepoint: 59557 ns, Cleanup: 14324 ns, At safepoint: 10955 ns, Total: 84836 ns
[2024-10-16T05:28:05.025+0000][127][info ][safepoint   ] Safepoint "Cleanup", Time since last: 52004896640 ns, Reaching safepoint: 31656 ns, Cleanup: 20030 ns, At safepoint: 11579 ns, Total: 63265 ns
[2024-10-16T05:28:08.410+0000][127][info ][safepoint   ] Safepoint "Cleanup", Time since last: 3383430896 ns, Reaching safepoint: 1484576 ns, Cleanup: 29668 ns, At safepoint: 98602 ns, Total: 1612846 ns
[2024-10-16T05:28:10.232+0000][127][info ][safepoint   ] Safepoint "Cleanup", Time since last: 1820180906 ns, Reaching safepoint: 735018 ns, Cleanup: 15560 ns, At safepoint: 145626 ns, Total: 896204 ns
[2024-10-16T05:28:11.257+0000][127][info ][safepoint   ] Safepoint "Cleanup", Time since last: 1025679920 ns, Reaching safepoint: 19232 ns, Cleanup: 11701 ns, At safepoint: 8974 ns, Total: 39907 ns
[2024-10-16T05:28:19.061+0000][127][info ][safepoint   ] Safepoint "Cleanup", Time since last: 7802448588 ns, Reaching safepoint: 626800 ns, Cleanup: 58379 ns, At safepoint: 33830 ns, Total: 719009 ns
[2024-10-16T05:28:20.352+0000][127][info ][safepoint   ] Safepoint "Cleanup", Time since last: 1291872192 ns, Reaching safepoint: 19570 ns, Cleanup: 14943 ns, At safepoint: 9499 ns, Total: 44012 ns
[2024-10-16T05:28:22.107+0000][127][info ][safepoint   ] Safepoint "Cleanup", Time since last: 1754997839 ns, Reaching safepoint: 18141 ns, Cleanup: 11720 ns, At safepoint: 9400 ns, Total: 39261 ns
[2024-10-16T05:28:26.144+0000][127][info ][safepoint   ] Safepoint "Cleanup", Time since last: 4036185583 ns, Reaching safepoint: 18411 ns, Cleanup: 12299 ns, At safepoint: 8518 ns, Total: 39228 ns
[2024-10-16T05:28:40.222+0000][127][info ][safepoint   ] Safepoint "Cleanup", Time since last: 14075557528 ns, Reaching safepoint: 37657 ns, Cleanup: 14911 ns, At safepoint: 10656 ns, Total: 63224 ns
[2024-10-16T05:28:46.038+0000][127][info ][safepoint   ] Safepoint "Cleanup", Time since last: 5816639590 ns, Reaching safepoint: 24679 ns, Cleanup: 6969 ns, At safepoint: 4898 ns, Total: 36546 ns
[2024-10-16T05:28:47.233+0000][127][info ][safepoint   ] Safepoint "Cleanup", Time since last: 1194526805 ns, Reaching safepoint: 7825 ns, Cleanup: 9646 ns, At safepoint: 5335 ns, Total: 22806 ns
[2024-10-16T05:28:48.448+0000][127][info ][safepoint   ] Safepoint "Cleanup", Time since last: 1215149888 ns, Reaching safepoint: 21572 ns, Cleanup: 15089 ns, At safepoint: 10508 ns, Total: 47169 ns
[2024-10-16T05:29:11.555+0000][127][info ][safepoint   ] Safepoint "Cleanup", Time since last: 23115537881 ns, Reaching safepoint: 28038 ns, Cleanup: 21245 ns, At safepoint: 15047 ns, Total: 64330 ns
[2024-10-16T05:29:13.099+0000][127][info ][safepoint   ] Safepoint "Cleanup", Time since last: 1543329879 ns, Reaching safepoint: 16821 ns, Cleanup: 14780 ns, At safepoint: 7518 ns, Total: 39119 ns
[2024-10-16T05:29:14.568+0000][127][info ][safepoint   ] Safepoint "Cleanup", Time since last: 1469744024 ns, Reaching safepoint: 63715 ns, Cleanup: 16234 ns, At safepoint: 16465 ns, Total: 96414 ns
[2024-10-16T05:29:20.599+0000][127][info ][safepoint   ] Safepoint "Cleanup", Time since last: 6029861735 ns, Reaching safepoint: 877263 ns, Cleanup: 35636 ns, At safepoint: 70919 ns, Total: 983818 ns
[2024-10-16T05:29:23.823+0000][127][info ][safepoint   ] Safepoint "Cleanup", Time since last: 3223401594 ns, Reaching safepoint: 30414 ns, Cleanup: 27165 ns, At safepoint: 14261 ns, Total: 71840 ns
[2024-10-16T05:29:28.506+0000][127][info ][safepoint   ] Safepoint "Cleanup", Time since last: 4683489152 ns, Reaching safepoint: 31471 ns, Cleanup: 17537 ns, At safepoint: 14489 ns, Total: 63497 ns
[2024-10-16T05:29:32.510+0000][127][info ][safepoint   ] Safepoint "Cleanup", Time since last: 4003976939 ns, Reaching safepoint: 43588 ns, Cleanup: 13588 ns, At safepoint: 9480 ns, Total: 66656 ns
[2024-10-16T05:29:33.511+0000][127][info ][safepoint   ] Safepoint "Cleanup", Time since last: 1000764776 ns, Reaching safepoint: 22250 ns, Cleanup: 14625 ns, At safepoint: 10395 ns, Total: 47270 ns
[2024-10-16T05:29:39.538+0000][127][info ][safepoint   ] Safepoint "Cleanup", Time since last: 6017183495 ns, Reaching safepoint: 18637 ns, Cleanup: 11120 ns, At safepoint: 8867 ns, Total: 38624 ns
[2024-10-16T05:29:51.468+0000][127][info ][safepoint   ] Safepoint "Cleanup", Time since last: 11929550856 ns, Reaching safepoint: 13062 ns, Cleanup: 8855 ns, At safepoint: 8777 ns, Total: 30694 ns
[2024-10-16T05:29:52.529+0000][127][info ][safepoint   ] Safepoint "Cleanup", Time since last: 1061188139 ns, Reaching safepoint: 22125 ns, Cleanup: 16220 ns, At safepoint: 9954 ns, Total: 48299 ns
[2024-10-16T05:29:55.534+0000][127][info ][safepoint   ] Safepoint "Cleanup", Time since last: 3004839897 ns, Reaching safepoint: 17600 ns, Cleanup: 11678 ns, At safepoint: 9081 ns, Total: 38359 ns
[2024-10-16T05:29:56.570+0000][127][info ][safepoint   ] Safepoint "Cleanup", Time since last: 1035033159 ns, Reaching safepoint: 1125373 ns, Cleanup: 58000 ns, At safepoint: 70772 ns, Total: 1254145 ns
[2024-10-16T05:30:03.925+0000][127][info ][safepoint   ] Safepoint "Cleanup", Time since last: 7354296555 ns, Reaching safepoint: 477069 ns, Cleanup: 16952 ns, At safepoint: 141155 ns, Total: 635176 ns
[2024-10-16T05:30:06.929+0000][127][info ][safepoint   ] Safepoint "Cleanup", Time since last: 3003776017 ns, Reaching safepoint: 64597 ns, Cleanup: 18701 ns, At safepoint: 40399 ns, Total: 123697 ns
[2024-10-16T05:30:07.930+0000][127][info ][safepoint   ] Safepoint "Cleanup", Time since last: 1001065927 ns, Reaching safepoint: 27296 ns, Cleanup: 18101 ns, At safepoint: 14440 ns, Total: 59837 ns
[2024-10-16T05:30:08.931+0000][127][info ][safepoint   ] Safepoint "Cleanup", Time since last: 1000878990 ns, Reaching safepoint: 24189 ns, Cleanup: 14658 ns, At safepoint: 9933 ns, Total: 48780 ns
[2024-10-16T05:30:09.998+0000][127][info ][safepoint   ] Safepoint "Cleanup", Time since last: 1066887282 ns, Reaching safepoint: 19967 ns, Cleanup: 15225 ns, At safepoint: 9408 ns, Total: 44600 ns
[2024-10-16T05:30:12.001+0000][127][info ][safepoint   ] Safepoint "Cleanup", Time since last: 2002165801 ns, Reaching safepoint: 19449 ns, Cleanup: 12768 ns, At safepoint: 10548 ns, Total: 42765 ns
[2024-10-16T05:30:25.105+0000][127][info ][safepoint   ] Safepoint "Cleanup", Time since last: 13104526086 ns, Reaching safepoint: 7524 ns, Cleanup: 8335 ns, At safepoint: 4738 ns, Total: 20597 ns
[2024-10-16T05:30:55.665+0000][127][info ][safepoint   ] Safepoint "Cleanup", Time since last: 30557452713 ns, Reaching safepoint: 19741 ns, Cleanup: 12602 ns, At safepoint: 10259 ns, Total: 42602 ns
[2024-10-16T05:31:13.683+0000][127][info ][safepoint   ] Safepoint "Cleanup", Time since last: 18018109052 ns, Reaching safepoint: 19461 ns, Cleanup: 12734 ns, At safepoint: 9690 ns, Total: 41885 ns
[2024-10-16T05:31:19.103+0000][127][info ][safepoint   ] Safepoint "Cleanup", Time since last: 5419927765 ns, Reaching safepoint: 8930 ns, Cleanup: 7570 ns, At safepoint: 4785 ns, Total: 21285 ns
[2024-10-16T05:31:28.093+0000][127][info ][safepoint   ] Safepoint "Cleanup", Time since last: 8989120922 ns, Reaching safepoint: 18575 ns, Cleanup: 13214 ns, At safepoint: 7706 ns, Total: 39495 ns
[2024-10-16T05:31:40.332+0000][127][info ][safepoint   ] Safepoint "Cleanup", Time since last: 12238671849 ns, Reaching safepoint: 65293 ns, Cleanup: 16104 ns, At safepoint: 11507 ns, Total: 92904 ns
[2024-10-16T05:31:59.450+0000][127][info ][safepoint   ] Safepoint "Cleanup", Time since last: 19117235247 ns, Reaching safepoint: 397718 ns, Cleanup: 10306 ns, At safepoint: 110899 ns, Total: 518923 ns
[2024-10-16T05:32:02.453+0000][127][info ][safepoint   ] Safepoint "Cleanup", Time since last: 3003105752 ns, Reaching safepoint: 33874 ns, Cleanup: 32813 ns, At safepoint: 11114 ns, Total: 77801 ns
[2024-10-16T05:32:15.938+0000][127][info ][safepoint   ] Safepoint "Cleanup", Time since last: 13484060694 ns, Reaching safepoint: 7591 ns, Cleanup: 8285 ns, At safepoint: 4958 ns, Total: 20834 ns
[2024-10-16T05:33:25.752+0000][127][info ][safepoint   ] Safepoint "Cleanup", Time since last: 69813769883 ns, Reaching safepoint: 7494 ns, Cleanup: 7672 ns, At safepoint: 4707 ns, Total: 19873 ns
[2024-10-16T05:33:26.773+0000][127][info ][safepoint   ] Safepoint "Cleanup", Time since last: 1020751121 ns, Reaching safepoint: 30120 ns, Cleanup: 18812 ns, At safepoint: 12128 ns, Total: 61060 ns
[2024-10-16T05:33:31.782+0000][127][info ][safepoint   ] Safepoint "Cleanup", Time since last: 5008903629 ns, Reaching safepoint: 112240 ns, Cleanup: 7499 ns, At safepoint: 41169 ns, Total: 160908 ns
[2024-10-16T05:33:40.857+0000][127][info ][safepoint   ] Safepoint "Cleanup", Time since last: 9072156451 ns, Reaching safepoint: 26521 ns, Cleanup: 20741 ns, At safepoint: 127082 ns, Total: 174344 ns
[2024-10-16T05:33:44.935+0000][127][info ][safepoint   ] Safepoint "Cleanup", Time since last: 4077928684 ns, Reaching safepoint: 33032 ns, Cleanup: 22560 ns, At safepoint: 14036 ns, Total: 69628 ns
[2024-10-16T05:34:28.974+0000][127][info ][safepoint   ] Safepoint "Cleanup", Time since last: 44037465541 ns, Reaching safepoint: 162553 ns, Cleanup: 13392 ns, At safepoint: 120732 ns, Total: 296677 ns
[2024-10-16T05:34:29.983+0000][127][info ][safepoint   ] Safepoint "Cleanup", Time since last: 1009379152 ns, Reaching safepoint: 7299 ns, Cleanup: 9721 ns, At safepoint: 5261 ns, Total: 22281 ns
[2024-10-16T05:34:40.032+0000][127][info ][safepoint   ] Safepoint "Cleanup", Time since last: 10047424243 ns, Reaching safepoint: 40783 ns, Cleanup: 12119 ns, At safepoint: 8921 ns, Total: 61823 ns
[2024-10-16T05:35:40.388+0000][127][info ][safepoint   ] Safepoint "Cleanup", Time since last: 60355038288 ns, Reaching safepoint: 47046 ns, Cleanup: 29048 ns, At safepoint: 11565 ns, Total: 87659 ns
[2024-10-16T05:36:25.388+0000][127][info ][safepoint   ] Safepoint "Cleanup", Time since last: 45017979035 ns, Reaching safepoint: 61526 ns, Cleanup: 15310 ns, At safepoint: 26089 ns, Total: 102925 ns
[2024-10-16T05:36:45.277+0000][127][info ][safepoint   ] Safepoint "Cleanup", Time since last: 19773926685 ns, Reaching safepoint: 28775 ns, Cleanup: 18270 ns, At safepoint: 13454 ns, Total: 60499 ns
[2024-10-16T05:36:47.280+0000][127][info ][safepoint   ] Safepoint "Cleanup", Time since last: 2002027733 ns, Reaching safepoint: 35292 ns, Cleanup: 17575 ns, At safepoint: 17031 ns, Total: 69898 ns
[2024-10-16T05:37:31.863+0000][127][info ][safepoint   ] Safepoint "Cleanup", Time since last: 44589149852 ns, Reaching safepoint: 839313 ns, Cleanup: 16889 ns, At safepoint: 103607 ns, Total: 959809 ns
[2024-10-16T05:37:33.056+0000][127][info ][safepoint   ] Safepoint "Cleanup", Time since last: 1192838925 ns, Reaching safepoint: 202658 ns, Cleanup: 58222 ns, At safepoint: 10787 ns, Total: 271667 ns
[2024-10-16T05:46:47.525+0000][127][info ][safepoint   ] Safepoint "Cleanup", Time since last: 554763685192 ns, Reaching safepoint: 64718 ns, Cleanup: 11737 ns, At safepoint: 44924 ns, Total: 121379 ns
[2024-10-16T05:46:58.244+0000][127][info ][safepoint   ] Safepoint "Cleanup", Time since last: 10719699598 ns, Reaching safepoint: 19321 ns, Cleanup: 14074 ns, At safepoint: 9858 ns, Total: 43253 ns
[2024-10-16T05:47:22.347+0000][127][info ][safepoint   ] Safepoint "Cleanup", Time since last: 24024979431 ns, Reaching safepoint: 103910 ns, Cleanup: 13179 ns, At safepoint: 63106 ns, Total: 180195 ns
[2024-10-16T05:47:32.357+0000][127][info ][safepoint   ] Safepoint "Cleanup", Time since last: 10010169140 ns, Reaching safepoint: 20467 ns, Cleanup: 11447 ns, At safepoint: 9451 ns, Total: 41365 ns
[2024-10-16T06:07:06.586+0000][127][info ][safepoint   ] Safepoint "Cleanup", Time since last: 1173935682086 ns, Reaching safepoint: 11589 ns, Cleanup: 9305 ns, At safepoint: 6711 ns, Total: 27605 ns
[2024-10-16T06:07:15.999+0000][127][info ][safepoint   ] Safepoint "Cleanup", Time since last: 9412884560 ns, Reaching safepoint: 6601 ns, Cleanup: 6001 ns, At safepoint: 4666 ns, Total: 17268 ns
[2024-10-16T06:07:17.008+0000][127][info ][safepoint   ] Safepoint "Cleanup", Time since last: 1009042605 ns, Reaching safepoint: 20108 ns, Cleanup: 12975 ns, At safepoint: 9576 ns, Total: 42659 ns
[2024-10-16T06:07:37.128+0000][127][info ][safepoint   ] Safepoint "Cleanup", Time since last: 20021221075 ns, Reaching safepoint: 54421 ns, Cleanup: 13662 ns, At safepoint: 16141 ns, Total: 84224 ns
[2024-10-16T06:08:08.766+0000][127][info ][safepoint   ] Safepoint "Cleanup", Time since last: 31631676289 ns, Reaching safepoint: 10928 ns, Cleanup: 9595 ns, At safepoint: 7893 ns, Total: 28416 ns
[2024-10-16T06:09:25.169+0000][127][info ][safepoint   ] Safepoint "Cleanup", Time since last: 76400918543 ns, Reaching safepoint: 7608 ns, Cleanup: 7638 ns, At safepoint: 4779 ns, Total: 20025 ns
[2024-10-16T06:10:07.175+0000][127][info ][safepoint   ] Safepoint "Cleanup", Time since last: 42004212341 ns, Reaching safepoint: 25862 ns, Cleanup: 14902 ns, At safepoint: 10045 ns, Total: 50809 ns
[2024-10-16T06:10:14.795+0000][127][info ][safepoint   ] Safepoint "Cleanup", Time since last: 7619910525 ns, Reaching safepoint: 18420 ns, Cleanup: 10904 ns, At safepoint: 10515 ns, Total: 39839 ns
[2024-10-16T06:10:16.352+0000][127][info ][safepoint   ] Safepoint "Cleanup", Time since last: 1556844330 ns, Reaching safepoint: 19623 ns, Cleanup: 12473 ns, At safepoint: 46287 ns, Total: 78383 ns
[2024-10-16T06:10:46.382+0000][127][info ][safepoint   ] Safepoint "Cleanup", Time since last: 30028987808 ns, Reaching safepoint: 43729 ns, Cleanup: 16601 ns, At safepoint: 11448 ns, Total: 71778 ns
[2024-10-16T06:11:06.401+0000][127][info ][safepoint   ] Safepoint "Cleanup", Time since last: 20018812010 ns, Reaching safepoint: 19303 ns, Cleanup: 13885 ns, At safepoint: 9425 ns, Total: 42613 ns
[2024-10-16T06:11:17.788+0000][127][info ][safepoint   ] Safepoint "Cleanup", Time since last: 11387209289 ns, Reaching safepoint: 13142 ns, Cleanup: 9375 ns, At safepoint: 8502 ns, Total: 31019 ns
[2024-10-16T06:11:19.431+0000][127][info ][safepoint   ] Safepoint "Cleanup", Time since last: 1643100080 ns, Reaching safepoint: 26060 ns, Cleanup: 18454 ns, At safepoint: 37134 ns, Total: 81648 ns
[2024-10-16T06:11:36.448+0000][127][info ][safepoint   ] Safepoint "Cleanup", Time since last: 17015663695 ns, Reaching safepoint: 16926 ns, Cleanup: 11978 ns, At safepoint: 9715 ns, Total: 38619 ns
[2024-10-16T06:12:06.479+0000][127][info ][safepoint   ] Safepoint "Cleanup", Time since last: 30030228217 ns, Reaching safepoint: 18013 ns, Cleanup: 15170 ns, At safepoint: 9614 ns, Total: 42797 ns
[2024-10-16T06:12:08.789+0000][127][info ][safepoint   ] Safepoint "Cleanup", Time since last: 2309544925 ns, Reaching safepoint: 6987 ns, Cleanup: 7551 ns, At safepoint: 4538 ns, Total: 19076 ns
[2024-10-16T06:12:10.511+0000][127][info ][safepoint   ] Safepoint "Cleanup", Time since last: 1721142518 ns, Reaching safepoint: 1086784 ns, Cleanup: 29170 ns, At safepoint: 167094 ns, Total: 1283048 ns
[2024-10-16T06:12:25.038+0000][127][info ][safepoint   ] Safepoint "Cleanup", Time since last: 14526900271 ns, Reaching safepoint: 6658 ns, Cleanup: 7076 ns, At safepoint: 4785 ns, Total: 18519 ns
[2024-10-16T06:12:26.541+0000][127][info ][safepoint   ] Safepoint "Cleanup", Time since last: 1502870923 ns, Reaching safepoint: 16982 ns, Cleanup: 13158 ns, At safepoint: 9621 ns, Total: 39761 ns
[2024-10-16T06:13:06.607+0000][127][info ][safepoint   ] Safepoint "Cleanup", Time since last: 40063998561 ns, Reaching safepoint: 16861 ns, Cleanup: 13977 ns, At safepoint: 8238 ns, Total: 39076 ns
[2024-10-16T06:13:15.892+0000][127][info ][safepoint   ] Safepoint "Cleanup", Time since last: 9284762532 ns, Reaching safepoint: 42431 ns, Cleanup: 12772 ns, At safepoint: 11517 ns, Total: 66720 ns
[2024-10-16T06:13:16.893+0000][127][info ][safepoint   ] Safepoint "Cleanup", Time since last: 1001051127 ns, Reaching safepoint: 16070 ns, Cleanup: 11238 ns, At safepoint: 8448 ns, Total: 35756 ns
[2024-10-16T06:13:23.791+0000][127][info ][safepoint   ] Safepoint "Cleanup", Time since last: 6897661708 ns, Reaching safepoint: 12977 ns, Cleanup: 13171 ns, At safepoint: 7363 ns, Total: 33511 ns
[2024-10-16T06:13:36.642+0000][127][info ][safepoint   ] Safepoint "Cleanup", Time since last: 12850075885 ns, Reaching safepoint: 19927 ns, Cleanup: 12209 ns, At safepoint: 47421 ns, Total: 79557 ns
[2024-10-16T06:13:57.662+0000][127][info ][safepoint   ] Safepoint "Cleanup", Time since last: 21020011554 ns, Reaching safepoint: 18152 ns, Cleanup: 12708 ns, At safepoint: 9754 ns, Total: 40614 ns
[2024-10-16T06:13:59.664+0000][127][info ][safepoint   ] Safepoint "Cleanup", Time since last: 2001830824 ns, Reaching safepoint: 19017 ns, Cleanup: 12359 ns, At safepoint: 9013 ns, Total: 40389 ns
[2024-10-16T06:14:06.672+0000][127][info ][safepoint   ] Safepoint "Cleanup", Time since last: 7006984045 ns, Reaching safepoint: 43807 ns, Cleanup: 14127 ns, At safepoint: 9974 ns, Total: 67908 ns
[2024-10-16T06:14:12.043+0000][127][info ][safepoint   ] Safepoint "Cleanup", Time since last: 5371210595 ns, Reaching safepoint: 16779 ns, Cleanup: 11686 ns, At safepoint: 9748 ns, Total: 38213 ns
[2024-10-16T06:14:24.054+0000][127][info ][safepoint   ] Safepoint "Cleanup", Time since last: 12011025221 ns, Reaching safepoint: 18141 ns, Cleanup: 11566 ns, At safepoint: 9533 ns, Total: 39240 ns
[2024-10-16T06:14:27.698+0000][127][info ][safepoint   ] Safepoint "Cleanup", Time since last: 3644313781 ns, Reaching safepoint: 7345 ns, Cleanup: 8739 ns, At safepoint: 5194 ns, Total: 21278 ns
[2024-10-16T06:15:36.809+0000][127][info ][safepoint   ] Safepoint "Cleanup", Time since last: 69106454869 ns, Reaching safepoint: 1228589 ns, Cleanup: 16055 ns, At safepoint: 98418 ns, Total: 1343062 ns
[2024-10-16T06:17:35.859+0000][127][info ][safepoint   ] Safepoint "Cleanup", Time since last: 119047253672 ns, Reaching safepoint: 6894 ns, Cleanup: 8988 ns, At safepoint: 4858 ns, Total: 20740 ns
[2024-10-16T06:17:37.009+0000][127][info ][safepoint   ] Safepoint "Cleanup", Time since last: 1151289734 ns, Reaching safepoint: 19319 ns, Cleanup: 13175 ns, At safepoint: 9517 ns, Total: 42011 ns
[2024-10-16T06:17:38.056+0000][127][info ][safepoint   ] Safepoint "Cleanup", Time since last: 1046536953 ns, Reaching safepoint: 7557 ns, Cleanup: 9934 ns, At safepoint: 5377 ns, Total: 22868 ns
[2024-10-16T06:17:44.855+0000][127][info ][safepoint   ] Safepoint "Cleanup", Time since last: 6799932064 ns, Reaching safepoint: 7155 ns, Cleanup: 7815 ns, At safepoint: 4678 ns, Total: 19648 ns
[2024-10-16T06:17:46.078+0000][127][info ][safepoint   ] Safepoint "Cleanup", Time since last: 1222600505 ns, Reaching safepoint: 17110 ns, Cleanup: 25612 ns, At safepoint: 10604 ns, Total: 53326 ns
[2024-10-16T06:17:47.867+0000][127][info ][safepoint   ] Safepoint "Cleanup", Time since last: 1787855465 ns, Reaching safepoint: 1118055 ns, Cleanup: 9280 ns, At safepoint: 78172 ns, Total: 1205507 ns
[2024-10-16T06:17:49.101+0000][127][info ][safepoint   ] Safepoint "Cleanup", Time since last: 1233833856 ns, Reaching safepoint: 18676 ns, Cleanup: 15286 ns, At safepoint: 10458 ns, Total: 44420 ns
[2024-10-16T06:17:50.863+0000][127][info ][safepoint   ] Safepoint "Cleanup", Time since last: 1762396270 ns, Reaching safepoint: 6942 ns, Cleanup: 8610 ns, At safepoint: 4693 ns, Total: 20245 ns
[2024-10-16T06:17:51.957+0000][127][info ][safepoint   ] Safepoint "Cleanup", Time since last: 1093524256 ns, Reaching safepoint: 7444 ns, Cleanup: 21643 ns, At safepoint: 5552 ns, Total: 34639 ns
[2024-10-16T06:18:06.998+0000][127][info ][safepoint   ] Safepoint "Cleanup", Time since last: 15037856199 ns, Reaching safepoint: 38842 ns, Cleanup: 13336 ns, At safepoint: 11315 ns, Total: 63493 ns
[2024-10-16T06:18:33.406+0000][127][info ][safepoint   ] Safepoint "Cleanup", Time since last: 26408200176 ns, Reaching safepoint: 18850 ns, Cleanup: 12410 ns, At safepoint: 9466 ns, Total: 40726 ns
[2024-10-16T06:18:38.871+0000][127][info ][safepoint   ] Safepoint "Cleanup", Time since last: 5463937967 ns, Reaching safepoint: 6596 ns, Cleanup: 7871 ns, At safepoint: 4681 ns, Total: 19148 ns
[2024-10-16T06:18:40.296+0000][127][info ][safepoint   ] Safepoint "Cleanup", Time since last: 1424945725 ns, Reaching safepoint: 11326 ns, Cleanup: 11550 ns, At safepoint: 8980 ns, Total: 31856 ns
[2024-10-16T06:19:41.905+0000][127][info ][safepoint   ] Safepoint "Cleanup", Time since last: 61607860711 ns, Reaching safepoint: 7268 ns, Cleanup: 9533 ns, At safepoint: 5923 ns, Total: 22724 ns
[2024-10-16T06:21:06.515+0000][127][info ][safepoint   ] Safepoint "Cleanup", Time since last: 84607183809 ns, Reaching safepoint: 18683 ns, Cleanup: 12722 ns, At safepoint: 9204 ns, Total: 40609 ns
[2024-10-16T06:21:48.560+0000][127][info ][safepoint   ] Safepoint "Cleanup", Time since last: 42043984904 ns, Reaching safepoint: 8045 ns, Cleanup: 7532 ns, At safepoint: 5474 ns, Total: 21051 ns
[2024-10-16T06:22:06.591+0000][127][info ][safepoint   ] Safepoint "Cleanup", Time since last: 18029718895 ns, Reaching safepoint: 17945 ns, Cleanup: 14009 ns, At safepoint: 9545 ns, Total: 41499 ns
[2024-10-16T06:22:07.592+0000][127][info ][safepoint   ] Safepoint "Cleanup", Time since last: 1001000181 ns, Reaching safepoint: 20323 ns, Cleanup: 12197 ns, At safepoint: 9137 ns, Total: 41657 ns
[2024-10-16T06:22:08.953+0000][127][info ][safepoint   ] Safepoint "Cleanup", Time since last: 1360583267 ns, Reaching safepoint: 14224 ns, Cleanup: 24824 ns, At safepoint: 6383 ns, Total: 45431 ns
[2024-10-16T06:22:10.624+0000][127][info ][safepoint   ] Safepoint "Cleanup", Time since last: 1671069877 ns, Reaching safepoint: 20659 ns, Cleanup: 11793 ns, At safepoint: 9705 ns, Total: 42157 ns
[2024-10-16T06:22:51.702+0000][127][info ][safepoint   ] Safepoint "Cleanup", Time since last: 41076991370 ns, Reaching safepoint: 11089 ns, Cleanup: 11495 ns, At safepoint: 8571 ns, Total: 31155 ns
[2024-10-16T06:23:06.714+0000][127][info ][safepoint   ] Safepoint "Cleanup", Time since last: 15011117381 ns, Reaching safepoint: 21332 ns, Cleanup: 14994 ns, At safepoint: 9405 ns, Total: 45731 ns
[2024-10-16T06:23:53.933+0000][127][info ][safepoint   ] Safepoint "Cleanup", Time since last: 47218511857 ns, Reaching safepoint: 13574 ns, Cleanup: 10413 ns, At safepoint: 9674 ns, Total: 33661 ns
[2024-10-16T06:23:55.776+0000][127][info ][safepoint   ] Safepoint "Cleanup", Time since last: 1842781404 ns, Reaching safepoint: 19984 ns, Cleanup: 11340 ns, At safepoint: 9503 ns, Total: 40827 ns
[2024-10-16T06:23:56.777+0000][127][info ][safepoint   ] Safepoint "Cleanup", Time since last: 1000674340 ns, Reaching safepoint: 19964 ns, Cleanup: 13313 ns, At safepoint: 10303 ns, Total: 43580 ns
[2024-10-16T06:24:18.938+0000][127][info ][safepoint   ] Safepoint "Cleanup", Time since last: 22160318397 ns, Reaching safepoint: 18961 ns, Cleanup: 12418 ns, At safepoint: 9190 ns, Total: 40569 ns
[2024-10-16T06:24:57.854+0000][127][info ][safepoint   ] Safepoint "Cleanup", Time since last: 38915706921 ns, Reaching safepoint: 8349 ns, Cleanup: 8205 ns, At safepoint: 5222 ns, Total: 21776 ns
[2024-10-16T06:25:46.759+0000][127][info ][safepoint   ] Safepoint "Cleanup", Time since last: 48902830772 ns, Reaching safepoint: 17649 ns, Cleanup: 12883 ns, At safepoint: 10357 ns, Total: 40889 ns
[2024-10-16T06:26:06.962+0000][127][info ][safepoint   ] Safepoint "Cleanup", Time since last: 20202041065 ns, Reaching safepoint: 19517 ns, Cleanup: 11723 ns, At safepoint: 9844 ns, Total: 41084 ns
[2024-10-16T06:26:25.417+0000][127][info ][safepoint   ] Safepoint "Cleanup", Time since last: 18455119127 ns, Reaching safepoint: 86366 ns, Cleanup: 17484 ns, At safepoint: 21732 ns, Total: 125582 ns
[2024-10-16T06:27:02.962+0000][127][info ][safepoint   ] Safepoint "Cleanup", Time since last: 37543525744 ns, Reaching safepoint: 7188 ns, Cleanup: 6522 ns, At safepoint: 4722 ns, Total: 18432 ns
[2024-10-16T06:27:09.638+0000][127][info ][safepoint   ] Safepoint "Cleanup", Time since last: 6675492158 ns, Reaching safepoint: 21379 ns, Cleanup: 12899 ns, At safepoint: 9554 ns, Total: 43832 ns
[2024-10-16T06:27:11.993+0000][127][info ][safepoint   ] Safepoint "Cleanup", Time since last: 2354765304 ns, Reaching safepoint: 17409 ns, Cleanup: 8449 ns, At safepoint: 6631 ns, Total: 32489 ns
[2024-10-16T06:28:02.615+0000][127][info ][gc,start    ] GC(27) Pause Young (Mixed) (G1 Evacuation Pause)
[2024-10-16T06:28:02.616+0000][127][info ][gc,task     ] GC(27) Using 4 workers of 4 for evacuation
[2024-10-16T06:28:02.616+0000][127][debug][gc,age      ] GC(27) Desired survivor size 216006656 bytes, new threshold 15 (max threshold 15)
[2024-10-16T06:28:02.647+0000][127][info ][gc,phases   ] GC(27)   Pre Evacuate Collection Set: 0.80ms
[2024-10-16T06:28:02.647+0000][127][info ][gc,phases   ] GC(27)   Merge Heap Roots: 0.41ms
[2024-10-16T06:28:02.647+0000][127][info ][gc,phases   ] GC(27)   Evacuate Collection Set: 26.06ms
[2024-10-16T06:28:02.647+0000][127][info ][gc,phases   ] GC(27)   Post Evacuate Collection Set: 3.76ms
[2024-10-16T06:28:02.647+0000][127][info ][gc,phases   ] GC(27)   Other: 0.21ms
[2024-10-16T06:28:02.647+0000][127][trace][gc,age      ] GC(27) Age table with threshold 15 (max threshold 15)
[2024-10-16T06:28:02.647+0000][127][trace][gc,age      ] GC(27) - age   1:    2614552 bytes,    2614552 total
[2024-10-16T06:28:02.647+0000][127][trace][gc,age      ] GC(27) - age   2:    1105712 bytes,    3720264 total
[2024-10-16T06:28:02.647+0000][127][trace][gc,age      ] GC(27) - age   3:     264904 bytes,    3985168 total
[2024-10-16T06:28:02.647+0000][127][trace][gc,age      ] GC(27) - age   4:     305792 bytes,    4290960 total
[2024-10-16T06:28:02.647+0000][127][trace][gc,age      ] GC(27) - age   5:     613720 bytes,    4904680 total
[2024-10-16T06:28:02.647+0000][127][trace][gc,age      ] GC(27) - age   6:     352776 bytes,    5257456 total
[2024-10-16T06:28:02.647+0000][127][trace][gc,age      ] GC(27) - age   7:    5088656 bytes,   10346112 total
[2024-10-16T06:28:02.647+0000][127][trace][gc,age      ] GC(27) - age   8:    1525352 bytes,   11871464 total
[2024-10-16T06:28:02.647+0000][127][info ][gc,heap     ] GC(27) Eden regions: 817->0(818)
[2024-10-16T06:28:02.647+0000][127][info ][gc,heap     ] GC(27) Survivor regions: 4->3(103)
[2024-10-16T06:28:02.647+0000][127][info ][gc,heap     ] GC(27) Old regions: 36->36
[2024-10-16T06:28:02.647+0000][127][info ][gc,heap     ] GC(27) Humongous regions: 2->2
[2024-10-16T06:28:02.647+0000][127][info ][gc,metaspace] GC(27) Metaspace: 161184K(167360K)->161184K(167360K) NonClass: 139461K(142976K)->139461K(142976K) Class: 21722K(24384K)->21722K(24384K)
[2024-10-16T06:28:02.647+0000][127][info ][gc          ] GC(27) Pause Young (Mixed) (G1 Evacuation Pause) 3432M->162M(5476M) 31.447ms
[2024-10-16T06:28:02.647+0000][127][info ][gc,cpu      ] GC(27) User=0.12s Sys=0.00s Real=0.03s
[2024-10-16T06:28:02.647+0000][127][info ][safepoint   ] Safepoint "G1CollectForAllocation", Time since last: 50621380822 ns, Reaching safepoint: 52443 ns, Cleanup: 4374 ns, At safepoint: 31593059 ns, Total: 31649876 ns
[2024-10-16T06:29:06.808+0000][127][info ][safepoint   ] Safepoint "Cleanup", Time since last: 64158723872 ns, Reaching safepoint: 18469 ns, Cleanup: 13550 ns, At safepoint: 9467 ns, Total: 41486 ns
[2024-10-16T06:29:18.370+0000][127][info ][safepoint   ] Safepoint "Cleanup", Time since last: 11561850226 ns, Reaching safepoint: 29524 ns, Cleanup: 17265 ns, At safepoint: 61418 ns, Total: 108207 ns
[2024-10-16T06:29:36.388+0000][127][info ][safepoint   ] Safepoint "Cleanup", Time since last: 18018069933 ns, Reaching safepoint: 68242 ns, Cleanup: 15680 ns, At safepoint: 13081 ns, Total: 97003 ns
[2024-10-16T06:30:12.433+0000][127][info ][safepoint   ] Safepoint "Cleanup", Time since last: 36042688156 ns, Reaching safepoint: 8307 ns, Cleanup: 8514 ns, At safepoint: 5738 ns, Total: 22559 ns
[2024-10-16T06:30:45.483+0000][127][info ][safepoint   ] Safepoint "Cleanup", Time since last: 33049173630 ns, Reaching safepoint: 107668 ns, Cleanup: 20706 ns, At safepoint: 91314 ns, Total: 219688 ns
[2024-10-16T06:31:14.987+0000][127][info ][safepoint   ] Safepoint "Cleanup", Time since last: 29502598924 ns, Reaching safepoint: 9409 ns, Cleanup: 9951 ns, At safepoint: 5038 ns, Total: 24398 ns
[2024-10-16T06:31:16.586+0000][127][info ][safepoint   ] Safepoint "Cleanup", Time since last: 1598334203 ns, Reaching safepoint: 735920 ns, Cleanup: 16166 ns, At safepoint: 104665 ns, Total: 856751 ns
[2024-10-16T06:31:48.061+0000][127][info ][safepoint   ] Safepoint "Cleanup", Time since last: 31472918828 ns, Reaching safepoint: 890730 ns, Cleanup: 15044 ns, At safepoint: 171140 ns, Total: 1076914 ns
[2024-10-16T06:33:57.158+0000][127][info ][safepoint   ] Safepoint "Cleanup", Time since last: 129178990584 ns, Reaching safepoint: 57926 ns, Cleanup: 17564 ns, At safepoint: 15706 ns, Total: 91196 ns
[2024-10-16T06:34:06.167+0000][127][info ][safepoint   ] Safepoint "Cleanup", Time since last: 9009057336 ns, Reaching safepoint: 22212 ns, Cleanup: 14151 ns, At safepoint: 10321 ns, Total: 46684 ns
[2024-10-16T06:34:23.925+0000][127][info ][safepoint   ] Safepoint "Cleanup", Time since last: 17756704519 ns, Reaching safepoint: 8128 ns, Cleanup: 9878 ns, At safepoint: 4561 ns, Total: 22567 ns
[2024-10-16T06:34:46.224+0000][127][info ][safepoint   ] Safepoint "Cleanup", Time since last: 22298159994 ns, Reaching safepoint: 40467 ns, Cleanup: 13844 ns, At safepoint: 12073 ns, Total: 66384 ns
[2024-10-16T06:37:11.922+0000][127][info ][safepoint   ] Safepoint "Cleanup", Time since last: 145693971945 ns, Reaching safepoint: 11858 ns, Cleanup: 8542 ns, At safepoint: 9008 ns, Total: 29408 ns
[2024-10-16T06:37:13.459+0000][127][info ][safepoint   ] Safepoint "Cleanup", Time since last: 1536748583 ns, Reaching safepoint: 28963 ns, Cleanup: 20421 ns, At safepoint: 17751 ns, Total: 67135 ns
[2024-10-16T06:37:22.502+0000][127][info ][safepoint   ] Safepoint "Cleanup", Time since last: 9042884332 ns, Reaching safepoint: 42713 ns, Cleanup: 17585 ns, At safepoint: 47637 ns, Total: 107935 ns
[2024-10-16T06:38:07.047+0000][127][info ][safepoint   ] Safepoint "Cleanup", Time since last: 44543103907 ns, Reaching safepoint: 18173 ns, Cleanup: 15513 ns, At safepoint: 35029 ns, Total: 68715 ns
[2024-10-16T06:38:27.211+0000][127][info ][safepoint   ] Safepoint "Cleanup", Time since last: 20163859207 ns, Reaching safepoint: 66832 ns, Cleanup: 18916 ns, At safepoint: 13590 ns, Total: 99338 ns
[2024-10-16T06:38:46.640+0000][127][info ][safepoint   ] Safepoint "Cleanup", Time since last: 19427827583 ns, Reaching safepoint: 19324 ns, Cleanup: 12963 ns, At safepoint: 10504 ns, Total: 42791 ns
[2024-10-16T06:39:29.977+0000][127][info ][safepoint   ] Safepoint "Cleanup", Time since last: 43336153522 ns, Reaching safepoint: 542095 ns, Cleanup: 124399 ns, At safepoint: 81469 ns, Total: 747963 ns
[2024-10-16T06:39:30.979+0000][127][info ][safepoint   ] Safepoint "Cleanup", Time since last: 1001113589 ns, Reaching safepoint: 28142 ns, Cleanup: 21784 ns, At safepoint: 17036 ns, Total: 66962 ns
[2024-10-16T06:39:36.988+0000][127][info ][safepoint   ] Safepoint "Cleanup", Time since last: 6009136079 ns, Reaching safepoint: 76610 ns, Cleanup: 53381 ns, At safepoint: 25130 ns, Total: 155121 ns
[2024-10-16T06:39:38.988+0000][127][info ][safepoint   ] Safepoint "Cleanup", Time since last: 1999762712 ns, Reaching safepoint: 7851 ns, Cleanup: 7230 ns, At safepoint: 4685 ns, Total: 19766 ns
[2024-10-16T06:40:06.827+0000][127][info ][safepoint   ] Safepoint "Cleanup", Time since last: 27837081490 ns, Reaching safepoint: 24263 ns, Cleanup: 12838 ns, At safepoint: 93277 ns, Total: 130378 ns
[2024-10-16T06:43:03.832+0000][127][info ][safepoint   ] Safepoint "Cleanup", Time since last: 177000210813 ns, Reaching safepoint: 19723 ns, Cleanup: 14497 ns, At safepoint: 9342 ns, Total: 43562 ns
[2024-10-16T06:43:07.889+0000][127][info ][safepoint   ] Safepoint "Cleanup", Time since last: 4057144069 ns, Reaching safepoint: 18781 ns, Cleanup: 13043 ns, At safepoint: 9881 ns, Total: 41705 ns
[2024-10-16T06:43:16.923+0000][127][info ][safepoint   ] Safepoint "Cleanup", Time since last: 9033855305 ns, Reaching safepoint: 11221 ns, Cleanup: 11373 ns, At safepoint: 8664 ns, Total: 31258 ns
[2024-10-16T06:43:21.958+0000][127][info ][safepoint   ] Safepoint "Cleanup", Time since last: 5035478982 ns, Reaching safepoint: 61497 ns, Cleanup: 42854 ns, At safepoint: 49822 ns, Total: 154173 ns
[2024-10-16T06:43:26.963+0000][127][info ][safepoint   ] Safepoint "Cleanup", Time since last: 5004521558 ns, Reaching safepoint: 18944 ns, Cleanup: 13062 ns, At safepoint: 9522 ns, Total: 41528 ns
[2024-10-16T06:43:29.966+0000][127][info ][safepoint   ] Safepoint "Cleanup", Time since last: 3003104207 ns, Reaching safepoint: 42530 ns, Cleanup: 14529 ns, At safepoint: 9358 ns, Total: 66417 ns
[2024-10-16T06:43:30.967+0000][127][info ][safepoint   ] Safepoint "Cleanup", Time since last: 1000792083 ns, Reaching safepoint: 18748 ns, Cleanup: 12867 ns, At safepoint: 10229 ns, Total: 41844 ns
[2024-10-16T06:43:34.637+0000][127][info ][safepoint   ] Safepoint "Cleanup", Time since last: 3670074219 ns, Reaching safepoint: 146122 ns, Cleanup: 21404 ns, At safepoint: 61183 ns, Total: 228709 ns
[2024-10-16T06:43:35.661+0000][127][info ][safepoint   ] Safepoint "Cleanup", Time since last: 1023506732 ns, Reaching safepoint: 19530 ns, Cleanup: 12397 ns, At safepoint: 9924 ns, Total: 41851 ns
[2024-10-16T06:43:36.664+0000][127][info ][safepoint   ] Safepoint "Cleanup", Time since last: 1001298033 ns, Reaching safepoint: 19531 ns, Cleanup: 28710 ns, At safepoint: 14216 ns, Total: 62457 ns
[2024-10-16T06:43:48.675+0000][127][info ][safepoint   ] Safepoint "Cleanup", Time since last: 12010768355 ns, Reaching safepoint: 84046 ns, Cleanup: 19132 ns, At safepoint: 12238 ns, Total: 115416 ns
[2024-10-16T06:43:51.077+0000][127][info ][safepoint   ] Safepoint "Cleanup", Time since last: 2400922680 ns, Reaching safepoint: 1021485 ns, Cleanup: 15634 ns, At safepoint: 107974 ns, Total: 1145093 ns
[2024-10-16T06:43:52.903+0000][127][info ][safepoint   ] Safepoint "Cleanup", Time since last: 1826656834 ns, Reaching safepoint: 26213 ns, Cleanup: 40740 ns, At safepoint: 19693 ns, Total: 86646 ns
[2024-10-16T06:43:59.058+0000][127][info ][safepoint   ] Safepoint "Cleanup", Time since last: 6154254004 ns, Reaching safepoint: 27703 ns, Cleanup: 16659 ns, At safepoint: 14298 ns, Total: 58660 ns
[2024-10-16T06:44:02.069+0000][127][info ][safepoint   ] Safepoint "Cleanup", Time since last: 3011696214 ns, Reaching safepoint: 19480 ns, Cleanup: 12853 ns, At safepoint: 9491 ns, Total: 41824 ns
[2024-10-16T06:44:03.099+0000][127][info ][safepoint   ] Safepoint "Cleanup", Time since last: 1030004046 ns, Reaching safepoint: 20016 ns, Cleanup: 17773 ns, At safepoint: 9593 ns, Total: 47382 ns
[2024-10-16T06:44:11.036+0000][127][info ][safepoint   ] Safepoint "Cleanup", Time since last: 7935356310 ns, Reaching safepoint: 29650 ns, Cleanup: 26700 ns, At safepoint: 14958 ns, Total: 71308 ns
[2024-10-16T06:44:30.199+0000][127][info ][safepoint   ] Safepoint "Cleanup", Time since last: 19161552805 ns, Reaching safepoint: 1135200 ns, Cleanup: 20919 ns, At safepoint: 110959 ns, Total: 1267078 ns
[2024-10-16T06:44:36.203+0000][127][info ][safepoint   ] Safepoint "Cleanup", Time since last: 6004688870 ns, Reaching safepoint: 30099 ns, Cleanup: 16977 ns, At safepoint: 13889 ns, Total: 60965 ns
[2024-10-16T06:44:53.297+0000][127][info ][safepoint   ] Safepoint "Cleanup", Time since last: 17092404594 ns, Reaching safepoint: 23088 ns, Cleanup: 12791 ns, At safepoint: 11228 ns, Total: 47107 ns
[2024-10-16T06:44:54.297+0000][127][info ][safepoint   ] Safepoint "Cleanup", Time since last: 1000110434 ns, Reaching safepoint: 9226 ns, Cleanup: 30908 ns, At safepoint: 6380 ns, Total: 46514 ns
[2024-10-16T06:44:56.144+0000][127][info ][safepoint   ] Safepoint "Cleanup", Time since last: 1846400008 ns, Reaching safepoint: 895917 ns, Cleanup: 16345 ns, At safepoint: 111460 ns, Total: 1023722 ns
[2024-10-16T06:45:29.503+0000][127][info ][safepoint   ] Safepoint "Cleanup", Time since last: 33358327934 ns, Reaching safepoint: 7859 ns, Cleanup: 8757 ns, At safepoint: 5711 ns, Total: 22327 ns
[2024-10-16T06:45:36.539+0000][127][info ][safepoint   ] Safepoint "Cleanup", Time since last: 7035774941 ns, Reaching safepoint: 53215 ns, Cleanup: 15779 ns, At safepoint: 9961 ns, Total: 78955 ns
[2024-10-16T06:45:48.553+0000][127][info ][safepoint   ] Safepoint "Cleanup", Time since last: 12011918086 ns, Reaching safepoint: 874468 ns, Cleanup: 24522 ns, At safepoint: 116906 ns, Total: 1015896 ns
[2024-10-16T06:45:54.204+0000][127][info ][safepoint   ] Safepoint "Cleanup", Time since last: 5650990511 ns, Reaching safepoint: 8918 ns, Cleanup: 7118 ns, At safepoint: 5204 ns, Total: 21240 ns
[2024-10-16T06:45:55.408+0000][127][info ][safepoint   ] Safepoint "Cleanup", Time since last: 1203511682 ns, Reaching safepoint: 12000 ns, Cleanup: 13110 ns, At safepoint: 9090 ns, Total: 34200 ns
[2024-10-16T06:45:56.416+0000][127][info ][safepoint   ] Safepoint "Cleanup", Time since last: 1007441924 ns, Reaching safepoint: 844748 ns, Cleanup: 19972 ns, At safepoint: 144108 ns, Total: 1008828 ns
[2024-10-16T06:45:58.745+0000][127][info ][safepoint   ] Safepoint "Cleanup", Time since last: 2327009880 ns, Reaching safepoint: 1223081 ns, Cleanup: 732953 ns, At safepoint: 212557 ns, Total: 2168591 ns
[2024-10-16T06:45:59.746+0000][127][info ][safepoint   ] Safepoint "Cleanup", Time since last: 1000693995 ns, Reaching safepoint: 18002 ns, Cleanup: 12264 ns, At safepoint: 9509 ns, Total: 39775 ns
[2024-10-16T06:46:00.757+0000][127][info ][safepoint   ] Safepoint "Cleanup", Time since last: 1011096720 ns, Reaching safepoint: 39053 ns, Cleanup: 33460 ns, At safepoint: 21516 ns, Total: 94029 ns
[2024-10-16T06:46:03.525+0000][127][info ][safepoint   ] Safepoint "Cleanup", Time since last: 2767230602 ns, Reaching safepoint: 8277 ns, Cleanup: 8757 ns, At safepoint: 5439 ns, Total: 22473 ns
[2024-10-16T06:46:05.538+0000][127][info ][safepoint   ] Safepoint "Cleanup", Time since last: 2013644179 ns, Reaching safepoint: 30885 ns, Cleanup: 18753 ns, At safepoint: 14357 ns, Total: 63995 ns
[2024-10-16T06:46:54.954+0000][127][info ][safepoint   ] Safepoint "Cleanup", Time since last: 49413786024 ns, Reaching safepoint: 18091 ns, Cleanup: 12219 ns, At safepoint: 9778 ns, Total: 40088 ns
[2024-10-16T06:46:59.676+0000][127][info ][safepoint   ] Safepoint "Cleanup", Time since last: 4721068136 ns, Reaching safepoint: 945555 ns, Cleanup: 19698 ns, At safepoint: 79055 ns, Total: 1044308 ns
[2024-10-16T06:47:01.583+0000][127][info ][safepoint   ] Safepoint "Cleanup", Time since last: 1906449098 ns, Reaching safepoint: 54797 ns, Cleanup: 253983 ns, At safepoint: 30260 ns, Total: 339040 ns
[2024-10-16T06:47:16.582+0000][127][info ][safepoint   ] Safepoint "Cleanup", Time since last: 14999106728 ns, Reaching safepoint: 80443 ns, Cleanup: 18560 ns, At safepoint: 22032 ns, Total: 121035 ns
[2024-10-16T06:47:54.297+0000][127][info ][safepoint   ] Safepoint "Cleanup", Time since last: 37654942640 ns, Reaching safepoint: 20410 ns, Cleanup: 12011 ns, At safepoint: 10137 ns, Total: 42558 ns
[2024-10-16T06:47:57.920+0000][127][info ][safepoint   ] Safepoint "Cleanup", Time since last: 3621187179 ns, Reaching safepoint: 692286 ns, Cleanup: 69067 ns, At safepoint: 609902 ns, Total: 1371255 ns
[2024-10-16T06:49:01.083+0000][127][info ][safepoint   ] Safepoint "Cleanup", Time since last: 63160762286 ns, Reaching safepoint: 8136 ns, Cleanup: 7536 ns, At safepoint: 5237 ns, Total: 20909 ns
[2024-10-16T06:50:07.273+0000][127][info ][safepoint   ] Safepoint "Cleanup", Time since last: 66188019312 ns, Reaching safepoint: 7712 ns, Cleanup: 8977 ns, At safepoint: 5560 ns, Total: 22249 ns
[2024-10-16T06:51:48.712+0000][127][info ][safepoint   ] Safepoint "Cleanup", Time since last: 101435310361 ns, Reaching safepoint: 50557 ns, Cleanup: 12477 ns, At safepoint: 12756 ns, Total: 75790 ns
[2024-10-16T06:52:06.579+0000][127][info ][safepoint   ] Safepoint "Cleanup", Time since last: 17867139002 ns, Reaching safepoint: 7845 ns, Cleanup: 10179 ns, At safepoint: 4737 ns, Total: 22761 ns
[2024-10-16T06:52:18.788+0000][127][info ][safepoint   ] Safepoint "Cleanup", Time since last: 12208448185 ns, Reaching safepoint: 12581 ns, Cleanup: 61641 ns, At safepoint: 14895 ns, Total: 89117 ns
[2024-10-16T06:52:19.871+0000][127][info ][safepoint   ] Safepoint "Cleanup", Time since last: 1083218876 ns, Reaching safepoint: 20325 ns, Cleanup: 14099 ns, At safepoint: 10711 ns, Total: 45135 ns
[2024-10-16T06:52:26.176+0000][127][info ][safepoint   ] Safepoint "Cleanup", Time since last: 6304774472 ns, Reaching safepoint: 8727 ns, Cleanup: 28478 ns, At safepoint: 5967 ns, Total: 43172 ns
[2024-10-16T06:52:27.177+0000][127][info ][safepoint   ] Safepoint "Cleanup", Time since last: 1001183325 ns, Reaching safepoint: 43511 ns, Cleanup: 18952 ns, At safepoint: 11092 ns, Total: 73555 ns
[2024-10-16T06:52:30.181+0000][127][info ][safepoint   ] Safepoint "Cleanup", Time since last: 3003017658 ns, Reaching safepoint: 19345 ns, Cleanup: 14017 ns, At safepoint: 10543 ns, Total: 43905 ns
[2024-10-16T06:52:31.312+0000][127][info ][safepoint   ] Safepoint "Cleanup", Time since last: 1131264793 ns, Reaching safepoint: 64416 ns, Cleanup: 28524 ns, At safepoint: 19926 ns, Total: 112866 ns
[2024-10-16T06:52:53.850+0000][127][info ][safepoint   ] Safepoint "Cleanup", Time since last: 22537702385 ns, Reaching safepoint: 18729 ns, Cleanup: 11391 ns, At safepoint: 9597 ns, Total: 39717 ns
[2024-10-16T06:53:07.098+0000][127][info ][safepoint   ] Safepoint "Cleanup", Time since last: 13246953166 ns, Reaching safepoint: 19886 ns, Cleanup: 11773 ns, At safepoint: 10003 ns, Total: 41662 ns
[2024-10-16T06:53:09.609+0000][127][info ][safepoint   ] Safepoint "Cleanup", Time since last: 2510682202 ns, Reaching safepoint: 7375 ns, Cleanup: 7357 ns, At safepoint: 4681 ns, Total: 19413 ns
[2024-10-16T06:53:11.086+0000][127][info ][safepoint   ] Safepoint "Cleanup", Time since last: 1477443647 ns, Reaching safepoint: 43538 ns, Cleanup: 16506 ns, At safepoint: 12301 ns, Total: 72345 ns
[2024-10-16T06:53:22.121+0000][127][info ][safepoint   ] Safepoint "Cleanup", Time since last: 11034107104 ns, Reaching safepoint: 102919 ns, Cleanup: 36131 ns, At safepoint: 39005 ns, Total: 178055 ns
[2024-10-16T06:53:37.138+0000][127][info ][safepoint   ] Safepoint "Cleanup", Time since last: 15016345399 ns, Reaching safepoint: 18597 ns, Cleanup: 13218 ns, At safepoint: 9672 ns, Total: 41487 ns
[2024-10-16T06:53:57.157+0000][127][info ][safepoint   ] Safepoint "Cleanup", Time since last: 20018762456 ns, Reaching safepoint: 303472 ns, Cleanup: 28356 ns, At safepoint: 20835 ns, Total: 352663 ns
[2024-10-16T06:54:09.756+0000][127][info ][safepoint   ] Safepoint "Cleanup", Time since last: 12597784132 ns, Reaching safepoint: 8898 ns, Cleanup: 6756 ns, At safepoint: 4950 ns, Total: 20604 ns
[2024-10-16T06:54:22.240+0000][127][info ][safepoint   ] Safepoint "Cleanup", Time since last: 12483921402 ns, Reaching safepoint: 19323 ns, Cleanup: 13038 ns, At safepoint: 9092 ns, Total: 41453 ns
[2024-10-16T06:55:12.770+0000][127][info ][safepoint   ] Safepoint "Cleanup", Time since last: 50528758217 ns, Reaching safepoint: 8079 ns, Cleanup: 7805 ns, At safepoint: 4676 ns, Total: 20560 ns
[2024-10-16T06:55:14.332+0000][127][info ][safepoint   ] Safepoint "Cleanup", Time since last: 1561501394 ns, Reaching safepoint: 60778 ns, Cleanup: 19760 ns, At safepoint: 18613 ns, Total: 99151 ns
[2024-10-16T06:55:53.489+0000][127][info ][safepoint   ] Safepoint "Cleanup", Time since last: 39155598392 ns, Reaching safepoint: 1045830 ns, Cleanup: 23694 ns, At safepoint: 175841 ns, Total: 1245365 ns
[2024-10-16T06:55:54.491+0000][127][info ][safepoint   ] Safepoint "Cleanup", Time since last: 1001712490 ns, Reaching safepoint: 21307 ns, Cleanup: 12453 ns, At safepoint: 10384 ns, Total: 44144 ns
[2024-10-16T06:56:03.500+0000][127][info ][safepoint   ] Safepoint "Cleanup", Time since last: 9008903400 ns, Reaching safepoint: 49546 ns, Cleanup: 25858 ns, At safepoint: 49032 ns, Total: 124436 ns
[2024-10-16T06:56:21.777+0000][127][info ][safepoint   ] Safepoint "Cleanup", Time since last: 18274818647 ns, Reaching safepoint: 292688 ns, Cleanup: 16557 ns, At safepoint: 63762 ns, Total: 373007 ns
[2024-10-16T06:56:36.629+0000][127][info ][safepoint   ] Safepoint "Cleanup", Time since last: 14852056003 ns, Reaching safepoint: 20139 ns, Cleanup: 11946 ns, At safepoint: 37877 ns, Total: 69962 ns
[2024-10-16T06:57:06.711+0000][127][info ][safepoint   ] Safepoint "Cleanup", Time since last: 30080849195 ns, Reaching safepoint: 24278 ns, Cleanup: 12292 ns, At safepoint: 47803 ns, Total: 84373 ns
[2024-10-16T06:57:10.716+0000][127][info ][safepoint   ] Safepoint "Cleanup", Time since last: 4003998642 ns, Reaching safepoint: 36041 ns, Cleanup: 33897 ns, At safepoint: 170933 ns, Total: 240871 ns
[2024-10-16T06:57:24.821+0000][127][info ][safepoint   ] Safepoint "Cleanup", Time since last: 14104923362 ns, Reaching safepoint: 7409 ns, Cleanup: 8808 ns, At safepoint: 5263 ns, Total: 21480 ns
[2024-10-16T06:58:06.864+0000][127][info ][safepoint   ] Safepoint "Cleanup", Time since last: 42041553231 ns, Reaching safepoint: 18597 ns, Cleanup: 13997 ns, At safepoint: 34581 ns, Total: 67175 ns
[2024-10-16T06:58:21.859+0000][127][info ][safepoint   ] Safepoint "Cleanup", Time since last: 14994972372 ns, Reaching safepoint: 11900 ns, Cleanup: 10772 ns, At safepoint: 6623 ns, Total: 29295 ns
[2024-10-16T06:58:28.804+0000][127][info ][safepoint   ] Safepoint "Cleanup", Time since last: 6945063118 ns, Reaching safepoint: 8389 ns, Cleanup: 7200 ns, At safepoint: 5696 ns, Total: 21285 ns
[2024-10-16T06:58:33.300+0000][127][info ][safepoint   ] Safepoint "Cleanup", Time since last: 4495837130 ns, Reaching safepoint: 13772 ns, Cleanup: 13747 ns, At safepoint: 8638 ns, Total: 36157 ns
[2024-10-16T06:58:41.629+0000][127][info ][safepoint   ] Safepoint "Cleanup", Time since last: 8328068824 ns, Reaching safepoint: 21176 ns, Cleanup: 19304 ns, At safepoint: 9837 ns, Total: 50317 ns
[2024-10-16T06:59:05.824+0000][127][info ][safepoint   ] Safepoint "Cleanup", Time since last: 24194722649 ns, Reaching safepoint: 25199 ns, Cleanup: 13120 ns, At safepoint: 13670 ns, Total: 51989 ns
[2024-10-16T06:59:06.972+0000][127][info ][safepoint   ] Safepoint "Cleanup", Time since last: 1147182429 ns, Reaching safepoint: 18468 ns, Cleanup: 16926 ns, At safepoint: 9700 ns, Total: 45094 ns
[2024-10-16T06:59:30.865+0000][127][info ][safepoint   ] Safepoint "Cleanup", Time since last: 23892479017 ns, Reaching safepoint: 7854 ns, Cleanup: 7587 ns, At safepoint: 4960 ns, Total: 20401 ns
[2024-10-16T06:59:36.958+0000][127][info ][safepoint   ] Safepoint "Cleanup", Time since last: 6092276663 ns, Reaching safepoint: 47998 ns, Cleanup: 15400 ns, At safepoint: 12487 ns, Total: 75885 ns
[2024-10-16T07:00:16.541+0000][127][info ][safepoint   ] Safepoint "Cleanup", Time since last: 39582318822 ns, Reaching safepoint: 8876 ns, Cleanup: 8727 ns, At safepoint: 5400 ns, Total: 23003 ns
[2024-10-16T07:00:33.871+0000][127][info ][safepoint   ] Safepoint "Cleanup", Time since last: 17330619433 ns, Reaching safepoint: 7841 ns, Cleanup: 7155 ns, At safepoint: 4882 ns, Total: 19878 ns
[2024-10-16T07:00:35.163+0000][127][info ][safepoint   ] Safepoint "Cleanup", Time since last: 1291107441 ns, Reaching safepoint: 254878 ns, Cleanup: 22041 ns, At safepoint: 26432 ns, Total: 303351 ns
[2024-10-16T07:01:07.190+0000][127][info ][safepoint   ] Safepoint "Cleanup", Time since last: 32025441864 ns, Reaching safepoint: 57830 ns, Cleanup: 13450 ns, At safepoint: 8664 ns, Total: 79944 ns
[2024-10-16T07:01:31.293+0000][127][info ][gc,start    ] GC(28) Pause Young (Normal) (G1 Evacuation Pause)
[2024-10-16T07:01:31.293+0000][127][info ][gc,task     ] GC(28) Using 4 workers of 4 for evacuation
[2024-10-16T07:01:31.293+0000][127][debug][gc,age      ] GC(28) Desired survivor size 216006656 bytes, new threshold 15 (max threshold 15)
[2024-10-16T07:01:31.319+0000][127][info ][gc,phases   ] GC(28)   Pre Evacuate Collection Set: 1.32ms
[2024-10-16T07:01:31.319+0000][127][info ][gc,phases   ] GC(28)   Merge Heap Roots: 0.49ms
[2024-10-16T07:01:31.319+0000][127][info ][gc,phases   ] GC(28)   Evacuate Collection Set: 19.49ms
[2024-10-16T07:01:31.319+0000][127][info ][gc,phases   ] GC(28)   Post Evacuate Collection Set: 4.93ms
[2024-10-16T07:01:31.319+0000][127][info ][gc,phases   ] GC(28)   Other: 0.19ms
[2024-10-16T07:01:31.319+0000][127][trace][gc,age      ] GC(28) Age table with threshold 15 (max threshold 15)
[2024-10-16T07:01:31.319+0000][127][trace][gc,age      ] GC(28) - age   1:    3563296 bytes,    3563296 total
[2024-10-16T07:01:31.319+0000][127][trace][gc,age      ] GC(28) - age   2:     732928 bytes,    4296224 total
[2024-10-16T07:01:31.319+0000][127][trace][gc,age      ] GC(28) - age   3:     710712 bytes,    5006936 total
[2024-10-16T07:01:31.319+0000][127][trace][gc,age      ] GC(28) - age   4:     264752 bytes,    5271688 total
[2024-10-16T07:01:31.319+0000][127][trace][gc,age      ] GC(28) - age   5:     305640 bytes,    5577328 total
[2024-10-16T07:01:31.319+0000][127][trace][gc,age      ] GC(28) - age   6:     613176 bytes,    6190504 total
[2024-10-16T07:01:31.319+0000][127][trace][gc,age      ] GC(28) - age   7:     352440 bytes,    6542944 total
[2024-10-16T07:01:31.319+0000][127][trace][gc,age      ] GC(28) - age   8:    5049200 bytes,   11592144 total
[2024-10-16T07:01:31.319+0000][127][trace][gc,age      ] GC(28) - age   9:    1525288 bytes,   13117432 total
[2024-10-16T07:01:31.319+0000][127][info ][gc,heap     ] GC(28) Eden regions: 818->0(817)
[2024-10-16T07:01:31.319+0000][127][info ][gc,heap     ] GC(28) Survivor regions: 3->4(103)
[2024-10-16T07:01:31.319+0000][127][info ][gc,heap     ] GC(28) Old regions: 36->36
[2024-10-16T07:01:31.319+0000][127][info ][gc,heap     ] GC(28) Humongous regions: 2->2
[2024-10-16T07:01:31.319+0000][127][info ][gc,metaspace] GC(28) Metaspace: 161753K(167360K)->161753K(167360K) NonClass: 139956K(142976K)->139956K(142976K) Class: 21797K(24384K)->21797K(24384K)
[2024-10-16T07:01:31.319+0000][127][info ][gc          ] GC(28) Pause Young (Normal) (G1 Evacuation Pause) 3434M->164M(5476M) 26.682ms
[2024-10-16T07:01:31.319+0000][127][info ][gc,cpu      ] GC(28) User=0.09s Sys=0.00s Real=0.02s
[2024-10-16T07:01:31.319+0000][127][info ][safepoint   ] Safepoint "G1CollectForAllocation", Time since last: 24102079929 ns, Reaching safepoint: 19999 ns, Cleanup: 6125 ns, At safepoint: 27007181 ns, Total: 27033305 ns
[2024-10-16T07:01:33.331+0000][127][info ][safepoint   ] Safepoint "Cleanup", Time since last: 2011956498 ns, Reaching safepoint: 21094 ns, Cleanup: 16755 ns, At safepoint: 10455 ns, Total: 48304 ns
[2024-10-16T07:01:36.930+0000][127][info ][safepoint   ] Safepoint "Cleanup", Time since last: 3597677401 ns, Reaching safepoint: 7464 ns, Cleanup: 7582 ns, At safepoint: 4883 ns, Total: 19929 ns
[2024-10-16T07:01:38.771+0000][127][info ][safepoint   ] Safepoint "Cleanup", Time since last: 1841433924 ns, Reaching safepoint: 7719 ns, Cleanup: 8974 ns, At safepoint: 5040 ns, Total: 21733 ns
[2024-10-16T07:02:02.435+0000][127][info ][safepoint   ] Safepoint "Cleanup", Time since last: 23663815307 ns, Reaching safepoint: 19335 ns, Cleanup: 13763 ns, At safepoint: 10185 ns, Total: 43283 ns
[2024-10-16T07:02:03.509+0000][127][info ][safepoint   ] Safepoint "Cleanup", Time since last: 1074086454 ns, Reaching safepoint: 8375 ns, Cleanup: 9764 ns, At safepoint: 5529 ns, Total: 23668 ns
[2024-10-16T07:02:21.472+0000][127][info ][safepoint   ] Safepoint "Cleanup", Time since last: 17961514651 ns, Reaching safepoint: 25677 ns, Cleanup: 24122 ns, At safepoint: 130278 ns, Total: 180077 ns
[2024-10-16T07:02:34.494+0000][127][info ][safepoint   ] Safepoint "Cleanup", Time since last: 13021624637 ns, Reaching safepoint: 11078 ns, Cleanup: 8008 ns, At safepoint: 5301 ns, Total: 24387 ns
[2024-10-16T07:02:39.965+0000][127][info ][safepoint   ] Safepoint "Cleanup", Time since last: 5471247152 ns, Reaching safepoint: 23836 ns, Cleanup: 7693 ns, At safepoint: 5426 ns, Total: 36955 ns
[2024-10-16T07:02:41.545+0000][127][info ][safepoint   ] Safepoint "Cleanup", Time since last: 1580282164 ns, Reaching safepoint: 20059 ns, Cleanup: 11563 ns, At safepoint: 9176 ns, Total: 40798 ns
[2024-10-16T07:02:46.738+0000][127][info ][safepoint   ] Safepoint "Cleanup", Time since last: 5192127427 ns, Reaching safepoint: 21632 ns, Cleanup: 13750 ns, At safepoint: 9385 ns, Total: 44767 ns
[2024-10-16T07:02:50.741+0000][127][info ][safepoint   ] Safepoint "Cleanup", Time since last: 4003625939 ns, Reaching safepoint: 18921 ns, Cleanup: 20480 ns, At safepoint: 9072 ns, Total: 48473 ns
[2024-10-16T07:02:56.750+0000][127][info ][safepoint   ] Safepoint "Cleanup", Time since last: 6008236835 ns, Reaching safepoint: 55402 ns, Cleanup: 13460 ns, At safepoint: 13052 ns, Total: 81914 ns
[2024-10-16T07:03:20.917+0000][127][info ][safepoint   ] Safepoint "Cleanup", Time since last: 24165832844 ns, Reaching safepoint: 18824 ns, Cleanup: 25601 ns, At safepoint: 9034 ns, Total: 53459 ns
[2024-10-16T07:03:31.934+0000][127][info ][safepoint   ] Safepoint "Cleanup", Time since last: 11015708991 ns, Reaching safepoint: 1351976 ns, Cleanup: 25627 ns, At safepoint: 52182 ns, Total: 1429785 ns
[2024-10-16T07:03:37.627+0000][127][info ][safepoint   ] Safepoint "Cleanup", Time since last: 5692829972 ns, Reaching safepoint: 9160 ns, Cleanup: 6778 ns, At safepoint: 6034 ns, Total: 21972 ns
[2024-10-16T07:03:42.980+0000][127][info ][safepoint   ] Safepoint "Cleanup", Time since last: 5353765713 ns, Reaching safepoint: 38342 ns, Cleanup: 7690 ns, At safepoint: 5455 ns, Total: 51487 ns
[2024-10-16T07:03:44.779+0000][127][info ][safepoint   ] Safepoint "Cleanup", Time since last: 1798954761 ns, Reaching safepoint: 18638 ns, Cleanup: 12103 ns, At safepoint: 9102 ns, Total: 39843 ns
[2024-10-16T07:03:55.806+0000][127][info ][safepoint   ] Safepoint "Cleanup", Time since last: 11025338422 ns, Reaching safepoint: 1559283 ns, Cleanup: 20154 ns, At safepoint: 102009 ns, Total: 1681446 ns
[2024-10-16T07:04:06.457+0000][127][info ][safepoint   ] Safepoint "Cleanup", Time since last: 10650066796 ns, Reaching safepoint: 27017 ns, Cleanup: 16561 ns, At safepoint: 13187 ns, Total: 56765 ns
[2024-10-16T07:04:07.424+0000][127][info ][safepoint   ] Safepoint "Cleanup", Time since last: 1000762952 ns, Reaching safepoint: 28960 ns, Cleanup: 15523 ns, At safepoint: 16029 ns, Total: 60512 ns
[2024-10-16T07:04:23.430+0000][127][info ][safepoint   ] Safepoint "Cleanup", Time since last: 16006191425 ns, Reaching safepoint: 20280 ns, Cleanup: 17833 ns, At safepoint: 9586 ns, Total: 47699 ns
[2024-10-16T07:04:24.431+0000][127][info ][safepoint   ] Safepoint "Cleanup", Time since last: 1000930572 ns, Reaching safepoint: 70520 ns, Cleanup: 21034 ns, At safepoint: 92191 ns, Total: 183745 ns
[2024-10-16T07:04:27.218+0000][127][info ][safepoint   ] Safepoint "Cleanup", Time since last: 2786834681 ns, Reaching safepoint: 14159 ns, Cleanup: 22019 ns, At safepoint: 9656 ns, Total: 45834 ns
[2024-10-16T07:04:46.980+0000][127][info ][safepoint   ] Safepoint "Cleanup", Time since last: 19725617142 ns, Reaching safepoint: 13566 ns, Cleanup: 8815 ns, At safepoint: 6633 ns, Total: 29014 ns
[2024-10-16T07:05:02.576+0000][127][info ][safepoint   ] Safepoint "Cleanup", Time since last: 15595254421 ns, Reaching safepoint: 27992 ns, Cleanup: 15755 ns, At safepoint: 13449 ns, Total: 57196 ns
[2024-10-16T07:05:08.125+0000][127][info ][safepoint   ] Safepoint "Cleanup", Time since last: 5546910974 ns, Reaching safepoint: 1489957 ns, Cleanup: 42447 ns, At safepoint: 338768 ns, Total: 1871172 ns
[2024-10-16T07:05:43.078+0000][127][info ][safepoint   ] Safepoint "Cleanup", Time since last: 34951822171 ns, Reaching safepoint: 8733 ns, Cleanup: 7586 ns, At safepoint: 5231 ns, Total: 21550 ns
[2024-10-16T07:05:44.546+0000][127][info ][safepoint   ] Safepoint "Cleanup", Time since last: 1467621430 ns, Reaching safepoint: 35100 ns, Cleanup: 20365 ns, At safepoint: 64588 ns, Total: 120053 ns
[2024-10-16T07:05:45.647+0000][127][info ][safepoint   ] Safepoint "Cleanup", Time since last: 1101304391 ns, Reaching safepoint: 28452 ns, Cleanup: 19588 ns, At safepoint: 14489 ns, Total: 62529 ns
[2024-10-16T07:06:01.933+0000][127][info ][safepoint   ] Safepoint "Cleanup", Time since last: 16286151089 ns, Reaching safepoint: 114819 ns, Cleanup: 24144 ns, At safepoint: 16719 ns, Total: 155682 ns
[2024-10-16T07:06:43.097+0000][127][info ][safepoint   ] Safepoint "Cleanup", Time since last: 41160600407 ns, Reaching safepoint: 327214 ns, Cleanup: 17463 ns, At safepoint: 457737 ns, Total: 802414 ns
[2024-10-16T07:06:46.182+0000][127][info ][safepoint   ] Safepoint "Cleanup", Time since last: 3084540140 ns, Reaching safepoint: 997085 ns, Cleanup: 11015 ns, At safepoint: 93321 ns, Total: 1101421 ns
[2024-10-16T07:06:48.672+0000][127][info ][safepoint   ] Safepoint "Cleanup", Time since last: 2489414524 ns, Reaching safepoint: 17992 ns, Cleanup: 20489 ns, At safepoint: 7627 ns, Total: 46108 ns
[2024-10-16T07:06:50.549+0000][127][info ][safepoint   ] Safepoint "Cleanup", Time since last: 1877377328 ns, Reaching safepoint: 10339 ns, Cleanup: 50389 ns, At safepoint: 60180 ns, Total: 120908 ns
[2024-10-16T07:06:51.268+0000][127][info ][gc,heap,exit] Heap
[2024-10-16T07:06:51.268+0000][127][info ][gc,heap,exit]  garbage-first heap   total reserved 5607424K, committed 5607424K, used 930160K [0x00000006a9c00000, 0x0000000800000000)
[2024-10-16T07:06:51.268+0000][127][info ][gc,heap,exit]   region size 4096K, 190 young (778240K), 4 survivors (16384K)
[2024-10-16T07:06:51.268+0000][127][info ][gc,heap,exit]  Metaspace       used 162254K, committed 167424K, reserved 1245184K
[2024-10-16T07:06:51.268+0000][127][info ][gc,heap,exit]   class space    used 21878K, committed 24384K, reserved 1048576K
