[2024-10-14T14:40:28.872+0000][126][info][gc,init] CardTable entry size: 512
[2024-10-14T14:40:28.872+0000][126][info][gc     ] Using G1
[2024-10-14T14:40:30.564+0000][126][info][gc,init] Version: 22.0.1+8-16 (release)
[2024-10-14T14:40:30.564+0000][126][info][gc,init] CPUs: 4 total, 4 available
[2024-10-14T14:40:30.564+0000][126][info][gc,init] Memory: 10952M
[2024-10-14T14:40:30.564+0000][126][info][gc,init] Large Page Support: Disabled
[2024-10-14T14:40:30.564+0000][126][info][gc,init] NUMA Support: Disabled
[2024-10-14T14:40:30.564+0000][126][info][gc,init] Compressed Oops: Enabled (Zero based)
[2024-10-14T14:40:30.564+0000][126][info][gc,init] Heap Region Size: 4M
[2024-10-14T14:40:30.564+0000][126][info][gc,init] Heap Min Capacity: 5476M
[2024-10-14T14:40:30.564+0000][126][info][gc,init] Heap Initial Capacity: 5476M
[2024-10-14T14:40:30.564+0000][126][info][gc,init] Heap Max Capacity: 5476M
[2024-10-14T14:40:30.564+0000][126][info][gc,init] Pre-touch: Enabled
[2024-10-14T14:40:30.564+0000][126][info][gc,init] Parallel Workers: 4
[2024-10-14T14:40:30.564+0000][126][info][gc,init] Concurrent Workers: 1
[2024-10-14T14:40:30.564+0000][126][info][gc,init] Concurrent Refinement Workers: 4
[2024-10-14T14:40:30.564+0000][126][info][gc,init] Periodic GC: Disabled
[2024-10-14T14:40:30.585+0000][126][info][gc,metaspace] CDS archive(s) mapped at: [0x00007f05f6000000-0x00007f05f6c74000-0x00007f05f6c74000), size 13058048, SharedBaseAddress: 0x00007f05f6000000, ArchiveRelocationMode: 1.
[2024-10-14T14:40:30.585+0000][126][info][gc,metaspace] Compressed class space mapped at: 0x00007f05f7000000-0x00007f0637000000, reserved size: 1073741824
[2024-10-14T14:40:30.585+0000][126][info][gc,metaspace] Narrow klass base: 0x00007f05f6000000, Narrow klass shift: 0, Narrow klass range: 0x100000000
[2024-10-14T14:40:31.020+0000][126][info][safepoint   ] Safepoint "ICBufferFull", Time since last: 423091869 ns, Reaching safepoint: 896826 ns, Cleanup: 64859 ns, At safepoint: 71210 ns, Total: 1032895 ns
[2024-10-14T14:40:31.802+0000][126][info][safepoint   ] Safepoint "ICBufferFull", Time since last: 781328263 ns, Reaching safepoint: 3609 ns, Cleanup: 109068 ns, At safepoint: 7890 ns, Total: 120567 ns
[2024-10-14T14:40:32.412+0000][126][info][safepoint   ] Safepoint "ICBufferFull", Time since last: 609780008 ns, Reaching safepoint: 4957 ns, Cleanup: 149476 ns, At safepoint: 9903 ns, Total: 164336 ns
[2024-10-14T14:40:33.452+0000][126][info][safepoint   ] Safepoint "Cleanup", Time since last: 1039981350 ns, Reaching safepoint: 4720 ns, Cleanup: 132793 ns, At safepoint: 10168 ns, Total: 147681 ns
[2024-10-14T14:40:34.214+0000][126][info][safepoint   ] Safepoint "ICBufferFull", Time since last: 760564548 ns, Reaching safepoint: 973681 ns, Cleanup: 117120 ns, At safepoint: 49032 ns, Total: 1139833 ns
[2024-10-14T14:40:35.217+0000][126][info][safepoint   ] Safepoint "Cleanup", Time since last: 1001127131 ns, Reaching safepoint: 585155 ns, Cleanup: 63401 ns, At safepoint: 44894 ns, Total: 693450 ns
[2024-10-14T14:40:35.512+0000][126][info][gc,start    ] GC(0) Pause Young (Concurrent Start) (Metadata GC Threshold)
[2024-10-14T14:40:35.512+0000][126][info][gc,task     ] GC(0) Using 4 workers of 4 for evacuation
[2024-10-14T14:40:35.512+0000][126][debug][gc,age      ] GC(0) Desired survivor size 18874368 bytes, new threshold 15 (max threshold 15)
[2024-10-14T14:40:35.526+0000][126][info ][gc,phases   ] GC(0)   Pre Evacuate Collection Set: 0.71ms
[2024-10-14T14:40:35.526+0000][126][info ][gc,phases   ] GC(0)   Merge Heap Roots: 0.52ms
[2024-10-14T14:40:35.526+0000][126][info ][gc,phases   ] GC(0)   Evacuate Collection Set: 9.52ms
[2024-10-14T14:40:35.526+0000][126][info ][gc,phases   ] GC(0)   Post Evacuate Collection Set: 2.91ms
[2024-10-14T14:40:35.527+0000][126][info ][gc,phases   ] GC(0)   Other: 0.73ms
[2024-10-14T14:40:35.527+0000][126][trace][gc,age      ] GC(0) Age table with threshold 15 (max threshold 15)
[2024-10-14T14:40:35.527+0000][126][trace][gc,age      ] GC(0) - age   1:    9940280 bytes,    9940280 total
[2024-10-14T14:40:35.527+0000][126][info ][gc,heap     ] GC(0) Eden regions: 41->0(65)
[2024-10-14T14:40:35.527+0000][126][info ][gc,heap     ] GC(0) Survivor regions: 0->3(9)
[2024-10-14T14:40:35.527+0000][126][info ][gc,heap     ] GC(0) Old regions: 1->1
[2024-10-14T14:40:35.527+0000][126][info ][gc,heap     ] GC(0) Humongous regions: 0->0
[2024-10-14T14:40:35.527+0000][126][info ][gc,metaspace] GC(0) Metaspace: 20790K(21504K)->20790K(21504K) NonClass: 18384K(18816K)->18384K(18816K) Class: 2406K(2688K)->2406K(2688K)
[2024-10-14T14:40:35.527+0000][126][info ][gc          ] GC(0) Pause Young (Concurrent Start) (Metadata GC Threshold) 165M->10M(5476M) 14.818ms
[2024-10-14T14:40:35.527+0000][126][info ][gc,cpu      ] GC(0) User=0.03s Sys=0.01s Real=0.02s
[2024-10-14T14:40:35.527+0000][126][info ][gc          ] GC(1) Concurrent Mark Cycle
[2024-10-14T14:40:35.527+0000][126][info ][gc,marking  ] GC(1) Concurrent Scan Root Regions
[2024-10-14T14:40:35.527+0000][126][info ][safepoint   ] Safepoint "CollectForMetadataAllocation", Time since last: 295116599 ns, Reaching safepoint: 11554 ns, Cleanup: 56481 ns, At safepoint: 15153041 ns, Total: 15221076 ns
[2024-10-14T14:40:35.541+0000][126][info ][gc,marking  ] GC(1) Concurrent Scan Root Regions 13.757ms
[2024-10-14T14:40:35.541+0000][126][info ][gc,marking  ] GC(1) Concurrent Mark
[2024-10-14T14:40:35.541+0000][126][info ][gc,marking  ] GC(1) Concurrent Mark From Roots
[2024-10-14T14:40:35.541+0000][126][info ][gc,task     ] GC(1) Using 1 workers of 1 for marking
[2024-10-14T14:40:35.545+0000][126][info ][gc,marking  ] GC(1) Concurrent Mark From Roots 4.607ms
[2024-10-14T14:40:35.545+0000][126][info ][gc,marking  ] GC(1) Concurrent Preclean
[2024-10-14T14:40:35.545+0000][126][info ][gc,marking  ] GC(1) Concurrent Preclean 0.034ms
[2024-10-14T14:40:35.546+0000][126][info ][gc,start    ] GC(1) Pause Remark
[2024-10-14T14:40:35.551+0000][126][info ][gc          ] GC(1) Pause Remark 14M->14M(5476M) 4.949ms
[2024-10-14T14:40:35.551+0000][126][info ][gc,cpu      ] GC(1) User=0.01s Sys=0.00s Real=0.00s
[2024-10-14T14:40:35.551+0000][126][info ][safepoint   ] Safepoint "G1PauseRemark", Time since last: 18719979 ns, Reaching safepoint: 733256 ns, Cleanup: 27743 ns, At safepoint: 5063250 ns, Total: 5824249 ns
[2024-10-14T14:40:35.552+0000][126][info ][gc,marking  ] GC(1) Concurrent Mark 10.960ms
[2024-10-14T14:40:35.552+0000][126][info ][gc,marking  ] GC(1) Concurrent Rebuild Remembered Sets and Scrub Regions
[2024-10-14T14:40:35.553+0000][126][info ][gc,marking  ] GC(1) Concurrent Rebuild Remembered Sets and Scrub Regions 1.151ms
[2024-10-14T14:40:35.554+0000][126][info ][gc,start    ] GC(1) Pause Cleanup
[2024-10-14T14:40:35.554+0000][126][info ][gc          ] GC(1) Pause Cleanup 14M->14M(5476M) 0.601ms
[2024-10-14T14:40:35.554+0000][126][info ][gc,cpu      ] GC(1) User=0.00s Sys=0.00s Real=0.00s
[2024-10-14T14:40:35.554+0000][126][info ][safepoint   ] Safepoint "G1PauseCleanup", Time since last: 1421313 ns, Reaching safepoint: 701412 ns, Cleanup: 9799 ns, At safepoint: 792993 ns, Total: 1504204 ns
[2024-10-14T14:40:35.554+0000][126][info ][gc,marking  ] GC(1) Concurrent Clear Claimed Marks
[2024-10-14T14:40:35.555+0000][126][info ][gc,marking  ] GC(1) Concurrent Clear Claimed Marks 0.066ms
[2024-10-14T14:40:35.555+0000][126][info ][gc,marking  ] GC(1) Concurrent Cleanup for Next Mark
[2024-10-14T14:40:35.565+0000][126][info ][gc,marking  ] GC(1) Concurrent Cleanup for Next Mark 9.976ms
[2024-10-14T14:40:35.565+0000][126][info ][gc          ] GC(1) Concurrent Mark Cycle 37.877ms
[2024-10-14T14:40:36.560+0000][126][info ][safepoint   ] Safepoint "ICBufferFull", Time since last: 1005074557 ns, Reaching safepoint: 8199 ns, Cleanup: 118984 ns, At safepoint: 12778 ns, Total: 139961 ns
[2024-10-14T14:40:37.803+0000][126][info ][safepoint   ] Safepoint "ICBufferFull", Time since last: 1243184088 ns, Reaching safepoint: 5965 ns, Cleanup: 92262 ns, At safepoint: 7227 ns, Total: 105454 ns
[2024-10-14T14:40:38.217+0000][126][info ][gc,start    ] GC(2) Pause Young (Prepare Mixed) (G1 Evacuation Pause)
[2024-10-14T14:40:38.217+0000][126][info ][gc,task     ] GC(2) Using 4 workers of 4 for evacuation
[2024-10-14T14:40:38.217+0000][126][debug][gc,age      ] GC(2) Desired survivor size 18874368 bytes, new threshold 15 (max threshold 15)
[2024-10-14T14:40:38.237+0000][126][info ][gc,phases   ] GC(2)   Pre Evacuate Collection Set: 0.48ms
[2024-10-14T14:40:38.237+0000][126][info ][gc,phases   ] GC(2)   Merge Heap Roots: 0.15ms
[2024-10-14T14:40:38.237+0000][126][info ][gc,phases   ] GC(2)   Evacuate Collection Set: 15.57ms
[2024-10-14T14:40:38.237+0000][126][info ][gc,phases   ] GC(2)   Post Evacuate Collection Set: 3.69ms
[2024-10-14T14:40:38.237+0000][126][info ][gc,phases   ] GC(2)   Other: 0.12ms
[2024-10-14T14:40:38.237+0000][126][trace][gc,age      ] GC(2) Age table with threshold 15 (max threshold 15)
[2024-10-14T14:40:38.237+0000][126][trace][gc,age      ] GC(2) - age   1:    5403760 bytes,    5403760 total
[2024-10-14T14:40:38.237+0000][126][trace][gc,age      ] GC(2) - age   2:    9016208 bytes,   14419968 total
[2024-10-14T14:40:38.237+0000][126][info ][gc,heap     ] GC(2) Eden regions: 65->0(64)
[2024-10-14T14:40:38.237+0000][126][info ][gc,heap     ] GC(2) Survivor regions: 3->4(9)
[2024-10-14T14:40:38.237+0000][126][info ][gc,heap     ] GC(2) Old regions: 1->1
[2024-10-14T14:40:38.237+0000][126][info ][gc,heap     ] GC(2) Humongous regions: 0->0
[2024-10-14T14:40:38.237+0000][126][info ][gc,metaspace] GC(2) Metaspace: 28691K(29440K)->28691K(29440K) NonClass: 25403K(25856K)->25403K(25856K) Class: 3288K(3584K)->3288K(3584K)
[2024-10-14T14:40:38.237+0000][126][info ][gc          ] GC(2) Pause Young (Prepare Mixed) (G1 Evacuation Pause) 270M->16M(5476M) 20.201ms
[2024-10-14T14:40:38.237+0000][126][info ][gc,cpu      ] GC(2) User=0.07s Sys=0.00s Real=0.02s
[2024-10-14T14:40:38.237+0000][126][info ][safepoint   ] Safepoint "G1CollectForAllocation", Time since last: 413727237 ns, Reaching safepoint: 5764 ns, Cleanup: 50577 ns, At safepoint: 20249998 ns, Total: 20306339 ns
[2024-10-14T14:40:38.922+0000][126][info ][safepoint   ] Safepoint "ICBufferFull", Time since last: 684592838 ns, Reaching safepoint: 7744 ns, Cleanup: 148937 ns, At safepoint: 8463 ns, Total: 165144 ns
[2024-10-14T14:40:39.226+0000][126][info ][gc,start    ] GC(3) Pause Young (Mixed) (G1 Evacuation Pause)
[2024-10-14T14:40:39.226+0000][126][info ][gc,task     ] GC(3) Using 4 workers of 4 for evacuation
[2024-10-14T14:40:39.226+0000][126][debug][gc,age      ] GC(3) Desired survivor size 18874368 bytes, new threshold 15 (max threshold 15)
[2024-10-14T14:40:39.265+0000][126][info ][gc,phases   ] GC(3)   Pre Evacuate Collection Set: 1.26ms
[2024-10-14T14:40:39.265+0000][126][info ][gc,phases   ] GC(3)   Merge Heap Roots: 0.61ms
[2024-10-14T14:40:39.265+0000][126][info ][gc,phases   ] GC(3)   Evacuate Collection Set: 33.66ms
[2024-10-14T14:40:39.265+0000][126][info ][gc,phases   ] GC(3)   Post Evacuate Collection Set: 2.93ms
[2024-10-14T14:40:39.265+0000][126][info ][gc,phases   ] GC(3)   Other: 0.17ms
[2024-10-14T14:40:39.265+0000][126][trace][gc,age      ] GC(3) Age table with threshold 15 (max threshold 15)
[2024-10-14T14:40:39.265+0000][126][trace][gc,age      ] GC(3) - age   1:    5015936 bytes,    5015936 total
[2024-10-14T14:40:39.265+0000][126][trace][gc,age      ] GC(3) - age   2:    5063064 bytes,   10079000 total
[2024-10-14T14:40:39.265+0000][126][trace][gc,age      ] GC(3) - age   3:    9013424 bytes,   19092424 total
[2024-10-14T14:40:39.265+0000][126][info ][gc,heap     ] GC(3) Eden regions: 64->0(63)
[2024-10-14T14:40:39.265+0000][126][info ][gc,heap     ] GC(3) Survivor regions: 4->5(9)
[2024-10-14T14:40:39.265+0000][126][info ][gc,heap     ] GC(3) Old regions: 1->1
[2024-10-14T14:40:39.265+0000][126][info ][gc,heap     ] GC(3) Humongous regions: 0->0
[2024-10-14T14:40:39.265+0000][126][info ][gc,metaspace] GC(3) Metaspace: 30071K(30912K)->30071K(30912K) NonClass: 26575K(27072K)->26575K(27072K) Class: 3495K(3840K)->3495K(3840K)
[2024-10-14T14:40:39.265+0000][126][info ][gc          ] GC(3) Pause Young (Mixed) (G1 Evacuation Pause) 272M->20M(5476M) 38.914ms
[2024-10-14T14:40:39.265+0000][126][info ][gc,cpu      ] GC(3) User=0.10s Sys=0.02s Real=0.03s
[2024-10-14T14:40:39.265+0000][126][info ][safepoint   ] Safepoint "G1CollectForAllocation", Time since last: 304234028 ns, Reaching safepoint: 7672 ns, Cleanup: 67056 ns, At safepoint: 39010269 ns, Total: 39084997 ns
[2024-10-14T14:40:39.895+0000][126][info ][gc,start    ] GC(4) Pause Young (Normal) (G1 Evacuation Pause)
[2024-10-14T14:40:39.895+0000][126][info ][gc,task     ] GC(4) Using 4 workers of 4 for evacuation
[2024-10-14T14:40:39.895+0000][126][debug][gc,age      ] GC(4) Desired survivor size 18874368 bytes, new threshold 3 (max threshold 15)
[2024-10-14T14:40:39.922+0000][126][info ][gc,phases   ] GC(4)   Pre Evacuate Collection Set: 0.46ms
[2024-10-14T14:40:39.922+0000][126][info ][gc,phases   ] GC(4)   Merge Heap Roots: 0.19ms
[2024-10-14T14:40:39.922+0000][126][info ][gc,phases   ] GC(4)   Evacuate Collection Set: 23.09ms
[2024-10-14T14:40:39.922+0000][126][info ][gc,phases   ] GC(4)   Post Evacuate Collection Set: 2.40ms
[2024-10-14T14:40:39.922+0000][126][info ][gc,phases   ] GC(4)   Other: 0.15ms
[2024-10-14T14:40:39.922+0000][126][trace][gc,age      ] GC(4) Age table with threshold 3 (max threshold 15)
[2024-10-14T14:40:39.922+0000][126][trace][gc,age      ] GC(4) - age   1:    3310720 bytes,    3310720 total
[2024-10-14T14:40:39.922+0000][126][trace][gc,age      ] GC(4) - age   2:    3694592 bytes,    7005312 total
[2024-10-14T14:40:39.922+0000][126][trace][gc,age      ] GC(4) - age   3:    5062680 bytes,   12067992 total
[2024-10-14T14:40:39.922+0000][126][info ][gc,heap     ] GC(4) Eden regions: 63->0(64)
[2024-10-14T14:40:39.922+0000][126][info ][gc,heap     ] GC(4) Survivor regions: 5->4(9)
[2024-10-14T14:40:39.922+0000][126][info ][gc,heap     ] GC(4) Old regions: 1->3
[2024-10-14T14:40:39.922+0000][126][info ][gc,heap     ] GC(4) Humongous regions: 0->0
[2024-10-14T14:40:39.922+0000][126][info ][gc,metaspace] GC(4) Metaspace: 30604K(31488K)->30604K(31488K) NonClass: 27029K(27584K)->27029K(27584K) Class: 3574K(3904K)->3574K(3904K)
[2024-10-14T14:40:39.922+0000][126][info ][gc          ] GC(4) Pause Young (Normal) (G1 Evacuation Pause) 272M->25M(5476M) 26.663ms
[2024-10-14T14:40:39.922+0000][126][info ][gc,cpu      ] GC(4) User=0.09s Sys=0.00s Real=0.03s
[2024-10-14T14:40:39.922+0000][126][info ][safepoint   ] Safepoint "G1CollectForAllocation", Time since last: 630127811 ns, Reaching safepoint: 8264 ns, Cleanup: 65561 ns, At safepoint: 26791787 ns, Total: 26865612 ns
[2024-10-14T14:40:40.826+0000][126][info ][gc,start    ] GC(5) Pause Young (Concurrent Start) (Metadata GC Threshold)
[2024-10-14T14:40:40.826+0000][126][info ][gc,task     ] GC(5) Using 4 workers of 4 for evacuation
[2024-10-14T14:40:40.826+0000][126][debug][gc,age      ] GC(5) Desired survivor size 18874368 bytes, new threshold 15 (max threshold 15)
[2024-10-14T14:40:40.843+0000][126][info ][gc,phases   ] GC(5)   Pre Evacuate Collection Set: 0.60ms
[2024-10-14T14:40:40.843+0000][126][info ][gc,phases   ] GC(5)   Merge Heap Roots: 0.25ms
[2024-10-14T14:40:40.843+0000][126][info ][gc,phases   ] GC(5)   Evacuate Collection Set: 14.02ms
[2024-10-14T14:40:40.843+0000][126][info ][gc,phases   ] GC(5)   Post Evacuate Collection Set: 1.62ms
[2024-10-14T14:40:40.843+0000][126][info ][gc,phases   ] GC(5)   Other: 0.36ms
[2024-10-14T14:40:40.843+0000][126][trace][gc,age      ] GC(5) Age table with threshold 15 (max threshold 15)
[2024-10-14T14:40:40.843+0000][126][trace][gc,age      ] GC(5) - age   1:    2745648 bytes,    2745648 total
[2024-10-14T14:40:40.843+0000][126][trace][gc,age      ] GC(5) - age   2:    2626064 bytes,    5371712 total
[2024-10-14T14:40:40.843+0000][126][trace][gc,age      ] GC(5) - age   3:    3691664 bytes,    9063376 total
[2024-10-14T14:40:40.843+0000][126][trace][gc,age      ] GC(5) - age   4:    5061464 bytes,   14124840 total
[2024-10-14T14:40:40.843+0000][126][info ][gc,heap     ] GC(5) Eden regions: 21->0(67)
[2024-10-14T14:40:40.843+0000][126][info ][gc,heap     ] GC(5) Survivor regions: 4->4(9)
[2024-10-14T14:40:40.843+0000][126][info ][gc,heap     ] GC(5) Old regions: 3->3
[2024-10-14T14:40:40.843+0000][126][info ][gc,heap     ] GC(5) Humongous regions: 0->0
[2024-10-14T14:40:40.843+0000][126][info ][gc,metaspace] GC(5) Metaspace: 35071K(35968K)->35071K(35968K) NonClass: 31037K(31552K)->31037K(31552K) Class: 4033K(4416K)->4033K(4416K)
[2024-10-14T14:40:40.843+0000][126][info ][gc          ] GC(5) Pause Young (Concurrent Start) (Metadata GC Threshold) 107M->26M(5476M) 17.083ms
[2024-10-14T14:40:40.843+0000][126][info ][gc,cpu      ] GC(5) User=0.05s Sys=0.01s Real=0.01s
[2024-10-14T14:40:40.843+0000][126][info ][gc          ] GC(6) Concurrent Mark Cycle
[2024-10-14T14:40:40.843+0000][126][info ][gc,marking  ] GC(6) Concurrent Scan Root Regions
[2024-10-14T14:40:40.846+0000][126][info ][safepoint   ] Safepoint "CollectForMetadataAllocation", Time since last: 903584878 ns, Reaching safepoint: 6616 ns, Cleanup: 103602 ns, At safepoint: 20811951 ns, Total: 20922169 ns
[2024-10-14T14:40:40.851+0000][126][info ][gc,marking  ] GC(6) Concurrent Scan Root Regions 8.200ms
[2024-10-14T14:40:40.851+0000][126][info ][gc,marking  ] GC(6) Concurrent Mark
[2024-10-14T14:40:40.851+0000][126][info ][gc,marking  ] GC(6) Concurrent Mark From Roots
[2024-10-14T14:40:40.851+0000][126][info ][gc,task     ] GC(6) Using 1 workers of 1 for marking
[2024-10-14T14:40:40.875+0000][126][info ][gc,marking  ] GC(6) Concurrent Mark From Roots 23.793ms
[2024-10-14T14:40:40.875+0000][126][info ][gc,marking  ] GC(6) Concurrent Preclean
[2024-10-14T14:40:40.875+0000][126][info ][gc,marking  ] GC(6) Concurrent Preclean 0.138ms
[2024-10-14T14:40:40.877+0000][126][info ][gc,start    ] GC(6) Pause Remark
[2024-10-14T14:40:40.891+0000][126][info ][gc          ] GC(6) Pause Remark 28M->28M(5476M) 14.894ms
[2024-10-14T14:40:40.891+0000][126][info ][gc,cpu      ] GC(6) User=0.04s Sys=0.00s Real=0.01s
[2024-10-14T14:40:40.895+0000][126][info ][safepoint   ] Safepoint "G1PauseRemark", Time since last: 28771487 ns, Reaching safepoint: 1251091 ns, Cleanup: 10721 ns, At safepoint: 17989041 ns, Total: 19250853 ns
[2024-10-14T14:40:40.895+0000][126][info ][gc,marking  ] GC(6) Concurrent Mark 43.505ms
[2024-10-14T14:40:40.895+0000][126][info ][gc,marking  ] GC(6) Concurrent Rebuild Remembered Sets and Scrub Regions
[2024-10-14T14:40:40.906+0000][126][info ][gc,marking  ] GC(6) Concurrent Rebuild Remembered Sets and Scrub Regions 11.646ms
[2024-10-14T14:40:40.908+0000][126][info ][gc,start    ] GC(6) Pause Cleanup
[2024-10-14T14:40:40.908+0000][126][info ][gc          ] GC(6) Pause Cleanup 30M->30M(5476M) 0.397ms
[2024-10-14T14:40:40.908+0000][126][info ][gc,cpu      ] GC(6) User=0.00s Sys=0.00s Real=0.00s
[2024-10-14T14:40:40.908+0000][126][info ][safepoint   ] Safepoint "G1PauseCleanup", Time since last: 12044156 ns, Reaching safepoint: 1068372 ns, Cleanup: 23549 ns, At safepoint: 479973 ns, Total: 1571894 ns
[2024-10-14T14:40:40.908+0000][126][info ][gc,marking  ] GC(6) Concurrent Clear Claimed Marks
[2024-10-14T14:40:40.908+0000][126][info ][gc,marking  ] GC(6) Concurrent Clear Claimed Marks 0.070ms
[2024-10-14T14:40:40.908+0000][126][info ][gc,marking  ] GC(6) Concurrent Cleanup for Next Mark
[2024-10-14T14:40:40.921+0000][126][info ][gc,marking  ] GC(6) Concurrent Cleanup for Next Mark 13.146ms
[2024-10-14T14:40:40.922+0000][126][info ][gc          ] GC(6) Concurrent Mark Cycle 78.669ms
[2024-10-14T14:40:41.910+0000][126][info ][safepoint   ] Safepoint "Cleanup", Time since last: 1000476056 ns, Reaching safepoint: 944824 ns, Cleanup: 52419 ns, At safepoint: 77089 ns, Total: 1074332 ns
[2024-10-14T14:40:42.164+0000][126][info ][gc,start    ] GC(7) Pause Young (Normal) (G1 Evacuation Pause)
[2024-10-14T14:40:42.164+0000][126][info ][gc,task     ] GC(7) Using 4 workers of 4 for evacuation
[2024-10-14T14:40:42.164+0000][126][debug][gc,age      ] GC(7) Desired survivor size 18874368 bytes, new threshold 15 (max threshold 15)
[2024-10-14T14:40:42.222+0000][126][info ][gc,phases   ] GC(7)   Pre Evacuate Collection Set: 0.62ms
[2024-10-14T14:40:42.222+0000][126][info ][gc,phases   ] GC(7)   Merge Heap Roots: 0.10ms
[2024-10-14T14:40:42.222+0000][126][info ][gc,phases   ] GC(7)   Evacuate Collection Set: 52.01ms
[2024-10-14T14:40:42.222+0000][126][info ][gc,phases   ] GC(7)   Post Evacuate Collection Set: 4.85ms
[2024-10-14T14:40:42.222+0000][126][info ][gc,phases   ] GC(7)   Other: 0.10ms
[2024-10-14T14:40:42.222+0000][126][trace][gc,age      ] GC(7) Age table with threshold 15 (max threshold 15)
[2024-10-14T14:40:42.222+0000][126][trace][gc,age      ] GC(7) - age   1:    6735928 bytes,    6735928 total
[2024-10-14T14:40:42.222+0000][126][trace][gc,age      ] GC(7) - age   2:    2717488 bytes,    9453416 total
[2024-10-14T14:40:42.222+0000][126][trace][gc,age      ] GC(7) - age   3:    2625496 bytes,   12078912 total
[2024-10-14T14:40:42.222+0000][126][trace][gc,age      ] GC(7) - age   4:    3686992 bytes,   15765904 total
[2024-10-14T14:40:42.222+0000][126][trace][gc,age      ] GC(7) - age   5:    5060800 bytes,   20826704 total
[2024-10-14T14:40:42.222+0000][126][info ][gc,heap     ] GC(7) Eden regions: 64->0(82)
[2024-10-14T14:40:42.222+0000][126][info ][gc,heap     ] GC(7) Survivor regions: 4->6(9)
[2024-10-14T14:40:42.222+0000][126][info ][gc,heap     ] GC(7) Old regions: 3->3
[2024-10-14T14:40:42.222+0000][126][info ][gc,heap     ] GC(7) Humongous regions: 0->0
[2024-10-14T14:40:42.222+0000][126][info ][gc,metaspace] GC(7) Metaspace: 37426K(38336K)->37426K(38336K) NonClass: 33061K(33600K)->33061K(33600K) Class: 4365K(4736K)->4365K(4736K)
[2024-10-14T14:40:42.222+0000][126][info ][gc          ] GC(7) Pause Young (Normal) (G1 Evacuation Pause) 282M->32M(5476M) 58.034ms
[2024-10-14T14:40:42.222+0000][126][info ][gc,cpu      ] GC(7) User=0.19s Sys=0.02s Real=0.06s
[2024-10-14T14:40:42.222+0000][126][info ][safepoint   ] Safepoint "G1CollectForAllocation", Time since last: 254092167 ns, Reaching safepoint: 6643 ns, Cleanup: 24808 ns, At safepoint: 58141920 ns, Total: 58173371 ns
[2024-10-14T14:40:43.245+0000][126][info ][safepoint   ] Safepoint "Cleanup", Time since last: 1010498993 ns, Reaching safepoint: 12035642 ns, Cleanup: 77064 ns, At safepoint: 61091 ns, Total: 12173797 ns
[2024-10-14T14:40:43.415+0000][126][info ][gc,start    ] GC(8) Pause Young (Normal) (G1 Evacuation Pause)
[2024-10-14T14:40:43.415+0000][126][info ][gc,task     ] GC(8) Using 4 workers of 4 for evacuation
[2024-10-14T14:40:43.415+0000][126][debug][gc,age      ] GC(8) Desired survivor size 25165824 bytes, new threshold 15 (max threshold 15)
[2024-10-14T14:40:43.437+0000][126][info ][gc,phases   ] GC(8)   Pre Evacuate Collection Set: 0.63ms
[2024-10-14T14:40:43.437+0000][126][info ][gc,phases   ] GC(8)   Merge Heap Roots: 0.15ms
[2024-10-14T14:40:43.437+0000][126][info ][gc,phases   ] GC(8)   Evacuate Collection Set: 19.46ms
[2024-10-14T14:40:43.438+0000][126][info ][gc,phases   ] GC(8)   Post Evacuate Collection Set: 1.51ms
[2024-10-14T14:40:43.438+0000][126][info ][gc,phases   ] GC(8)   Other: 0.44ms
[2024-10-14T14:40:43.438+0000][126][trace][gc,age      ] GC(8) Age table with threshold 15 (max threshold 15)
[2024-10-14T14:40:43.438+0000][126][trace][gc,age      ] GC(8) - age   1:    5106264 bytes,    5106264 total
[2024-10-14T14:40:43.438+0000][126][trace][gc,age      ] GC(8) - age   2:    5618832 bytes,   10725096 total
[2024-10-14T14:40:43.438+0000][126][trace][gc,age      ] GC(8) - age   3:    2717488 bytes,   13442584 total
[2024-10-14T14:40:43.438+0000][126][trace][gc,age      ] GC(8) - age   4:    2622824 bytes,   16065408 total
[2024-10-14T14:40:43.438+0000][126][trace][gc,age      ] GC(8) - age   5:    3686240 bytes,   19751648 total
[2024-10-14T14:40:43.438+0000][126][trace][gc,age      ] GC(8) - age   6:    5058144 bytes,   24809792 total
[2024-10-14T14:40:43.438+0000][126][info ][gc,heap     ] GC(8) Eden regions: 89->0(814)
[2024-10-14T14:40:43.438+0000][126][info ][gc,heap     ] GC(8) Survivor regions: 6->7(12)
[2024-10-14T14:40:43.438+0000][126][info ][gc,heap     ] GC(8) Old regions: 3->3
[2024-10-14T14:40:43.438+0000][126][info ][gc,heap     ] GC(8) Humongous regions: 0->0
[2024-10-14T14:40:43.438+0000][126][info ][gc,metaspace] GC(8) Metaspace: 38213K(39232K)->38213K(39232K) NonClass: 33734K(34368K)->33734K(34368K) Class: 4479K(4864K)->4479K(4864K)
[2024-10-14T14:40:43.438+0000][126][info ][gc          ] GC(8) Pause Young (Normal) (G1 Evacuation Pause) 388M->35M(5476M) 22.444ms
[2024-10-14T14:40:43.438+0000][126][info ][gc,cpu      ] GC(8) User=0.06s Sys=0.00s Real=0.03s
[2024-10-14T14:40:43.438+0000][126][info ][safepoint   ] Safepoint "G1CollectForAllocation", Time since last: 170490061 ns, Reaching safepoint: 28451 ns, Cleanup: 20086 ns, At safepoint: 22625357 ns, Total: 22673894 ns
[2024-10-14T14:40:44.717+0000][126][info ][safepoint   ] Safepoint "ICBufferFull", Time since last: 1279092832 ns, Reaching safepoint: 4224 ns, Cleanup: 124250 ns, At safepoint: 8810 ns, Total: 137284 ns
[2024-10-14T14:40:45.720+0000][126][info ][safepoint   ] Safepoint "Cleanup", Time since last: 1001615017 ns, Reaching safepoint: 1028241 ns, Cleanup: 84663 ns, At safepoint: 108306 ns, Total: 1221210 ns
[2024-10-14T14:40:46.724+0000][126][info ][safepoint   ] Safepoint "Cleanup", Time since last: 1002968632 ns, Reaching safepoint: 844449 ns, Cleanup: 74799 ns, At safepoint: 80327 ns, Total: 999575 ns
[2024-10-14T14:40:47.409+0000][126][info ][safepoint   ] Safepoint "ICBufferFull", Time since last: 685071936 ns, Reaching safepoint: 7901 ns, Cleanup: 95588 ns, At safepoint: 9450 ns, Total: 112939 ns
[2024-10-14T14:40:48.932+0000][126][info ][gc,start    ] GC(9) Pause Young (Concurrent Start) (Metadata GC Threshold)
[2024-10-14T14:40:48.932+0000][126][info ][gc,task     ] GC(9) Using 4 workers of 4 for evacuation
[2024-10-14T14:40:48.932+0000][126][debug][gc,age      ] GC(9) Desired survivor size 209715200 bytes, new threshold 15 (max threshold 15)
[2024-10-14T14:40:48.976+0000][126][info ][gc,phases   ] GC(9)   Pre Evacuate Collection Set: 0.80ms
[2024-10-14T14:40:48.977+0000][126][info ][gc,phases   ] GC(9)   Merge Heap Roots: 0.16ms
[2024-10-14T14:40:48.977+0000][126][info ][gc,phases   ] GC(9)   Evacuate Collection Set: 37.03ms
[2024-10-14T14:40:48.977+0000][126][info ][gc,phases   ] GC(9)   Post Evacuate Collection Set: 6.14ms
[2024-10-14T14:40:48.977+0000][126][info ][gc,phases   ] GC(9)   Other: 0.52ms
[2024-10-14T14:40:48.977+0000][126][trace][gc,age      ] GC(9) Age table with threshold 15 (max threshold 15)
[2024-10-14T14:40:48.977+0000][126][trace][gc,age      ] GC(9) - age   1:   10035968 bytes,   10035968 total
[2024-10-14T14:40:48.977+0000][126][trace][gc,age      ] GC(9) - age   2:    3395480 bytes,   13431448 total
[2024-10-14T14:40:48.977+0000][126][trace][gc,age      ] GC(9) - age   3:    5585104 bytes,   19016552 total
[2024-10-14T14:40:48.977+0000][126][trace][gc,age      ] GC(9) - age   4:    2705752 bytes,   21722304 total
[2024-10-14T14:40:48.977+0000][126][trace][gc,age      ] GC(9) - age   5:    2611224 bytes,   24333528 total
[2024-10-14T14:40:48.977+0000][126][trace][gc,age      ] GC(9) - age   6:    3663432 bytes,   27996960 total
[2024-10-14T14:40:48.977+0000][126][trace][gc,age      ] GC(9) - age   7:    4882640 bytes,   32879600 total
[2024-10-14T14:40:48.977+0000][126][info ][gc,heap     ] GC(9) Eden regions: 128->0(232)
[2024-10-14T14:40:48.977+0000][126][info ][gc,heap     ] GC(9) Survivor regions: 7->9(100)
[2024-10-14T14:40:48.977+0000][126][info ][gc,heap     ] GC(9) Old regions: 3->3
[2024-10-14T14:40:48.977+0000][126][info ][gc,heap     ] GC(9) Humongous regions: 0->0
[2024-10-14T14:40:48.977+0000][126][info ][gc,metaspace] GC(9) Metaspace: 58985K(60416K)->58985K(60416K) NonClass: 51568K(52480K)->51568K(52480K) Class: 7416K(7936K)->7416K(7936K)
[2024-10-14T14:40:48.977+0000][126][info ][gc          ] GC(9) Pause Young (Concurrent Start) (Metadata GC Threshold) 545M->43M(5476M) 44.992ms
[2024-10-14T14:40:48.977+0000][126][info ][gc,cpu      ] GC(9) User=0.07s Sys=0.01s Real=0.05s
[2024-10-14T14:40:48.977+0000][126][info ][gc          ] GC(10) Concurrent Mark Cycle
[2024-10-14T14:40:48.977+0000][126][info ][gc,marking  ] GC(10) Concurrent Scan Root Regions
[2024-10-14T14:40:48.979+0000][126][info ][safepoint   ] Safepoint "CollectForMetadataAllocation", Time since last: 1522550911 ns, Reaching safepoint: 10912 ns, Cleanup: 159001 ns, At safepoint: 47740075 ns, Total: 47909988 ns
[2024-10-14T14:40:49.004+0000][126][info ][gc,marking  ] GC(10) Concurrent Scan Root Regions 26.752ms
[2024-10-14T14:40:49.004+0000][126][info ][gc,marking  ] GC(10) Concurrent Mark
[2024-10-14T14:40:49.004+0000][126][info ][gc,marking  ] GC(10) Concurrent Mark From Roots
[2024-10-14T14:40:49.004+0000][126][info ][gc,task     ] GC(10) Using 1 workers of 1 for marking
[2024-10-14T14:40:49.033+0000][126][info ][gc,marking  ] GC(10) Concurrent Mark From Roots 28.608ms
[2024-10-14T14:40:49.033+0000][126][info ][gc,marking  ] GC(10) Concurrent Preclean
[2024-10-14T14:40:49.033+0000][126][info ][gc,marking  ] GC(10) Concurrent Preclean 0.124ms
[2024-10-14T14:40:49.034+0000][126][info ][gc,start    ] GC(10) Pause Remark
[2024-10-14T14:40:49.047+0000][126][info ][gc          ] GC(10) Pause Remark 46M->46M(5476M) 13.450ms
[2024-10-14T14:40:49.047+0000][126][info ][gc,cpu      ] GC(10) User=0.03s Sys=0.00s Real=0.02s
[2024-10-14T14:40:49.047+0000][126][info ][safepoint   ] Safepoint "G1PauseRemark", Time since last: 53323567 ns, Reaching safepoint: 720474 ns, Cleanup: 22093 ns, At safepoint: 13567624 ns, Total: 14310191 ns
[2024-10-14T14:40:49.050+0000][126][info ][gc,marking  ] GC(10) Concurrent Mark 45.586ms
[2024-10-14T14:40:49.050+0000][126][info ][gc,marking  ] GC(10) Concurrent Rebuild Remembered Sets and Scrub Regions
[2024-10-14T14:40:49.060+0000][126][info ][gc,marking  ] GC(10) Concurrent Rebuild Remembered Sets and Scrub Regions 10.654ms
[2024-10-14T14:40:49.061+0000][126][info ][gc,start    ] GC(10) Pause Cleanup
[2024-10-14T14:40:49.061+0000][126][info ][gc          ] GC(10) Pause Cleanup 46M->46M(5476M) 0.262ms
[2024-10-14T14:40:49.061+0000][126][info ][gc,cpu      ] GC(10) User=0.00s Sys=0.00s Real=0.00s
[2024-10-14T14:40:49.061+0000][126][info ][safepoint   ] Safepoint "G1PauseCleanup", Time since last: 13209991 ns, Reaching safepoint: 232274 ns, Cleanup: 20075 ns, At safepoint: 338358 ns, Total: 590707 ns
[2024-10-14T14:40:49.062+0000][126][info ][gc,marking  ] GC(10) Concurrent Clear Claimed Marks
[2024-10-14T14:40:49.062+0000][126][info ][gc,marking  ] GC(10) Concurrent Clear Claimed Marks 0.318ms
[2024-10-14T14:40:49.062+0000][126][info ][gc,marking  ] GC(10) Concurrent Cleanup for Next Mark
[2024-10-14T14:40:49.075+0000][126][info ][gc,marking  ] GC(10) Concurrent Cleanup for Next Mark 12.836ms
[2024-10-14T14:40:49.076+0000][126][info ][gc          ] GC(10) Concurrent Mark Cycle 98.495ms
[2024-10-14T14:40:50.064+0000][126][info ][safepoint   ] Safepoint "Cleanup", Time since last: 1001982946 ns, Reaching safepoint: 588694 ns, Cleanup: 34199 ns, At safepoint: 48858 ns, Total: 671751 ns
[2024-10-14T14:40:51.066+0000][126][info ][safepoint   ] Safepoint "Cleanup", Time since last: 1000886519 ns, Reaching safepoint: 1137118 ns, Cleanup: 27225 ns, At safepoint: 84673 ns, Total: 1249016 ns
[2024-10-14T14:40:52.088+0000][126][info ][safepoint   ] Safepoint "Cleanup", Time since last: 1020986795 ns, Reaching safepoint: 776776 ns, Cleanup: 88571 ns, At safepoint: 76893 ns, Total: 942240 ns
[2024-10-14T14:40:53.109+0000][126][info ][safepoint   ] Safepoint "Cleanup", Time since last: 1014876852 ns, Reaching safepoint: 6227020 ns, Cleanup: 40145 ns, At safepoint: 98620 ns, Total: 6365785 ns
[2024-10-14T14:40:54.112+0000][126][info ][safepoint   ] Safepoint "Cleanup", Time since last: 1001879053 ns, Reaching safepoint: 806382 ns, Cleanup: 59117 ns, At safepoint: 69626 ns, Total: 935125 ns
[2024-10-14T14:40:55.114+0000][126][info ][safepoint   ] Safepoint "Cleanup", Time since last: 1001143681 ns, Reaching safepoint: 654992 ns, Cleanup: 28421 ns, At safepoint: 56271 ns, Total: 739684 ns
[2024-10-14T14:40:56.261+0000][126][info ][safepoint   ] Safepoint "ICBufferFull", Time since last: 1147205125 ns, Reaching safepoint: 9236 ns, Cleanup: 120618 ns, At safepoint: 83186 ns, Total: 213040 ns
[2024-10-14T14:40:57.266+0000][126][info ][safepoint   ] Safepoint "Cleanup", Time since last: 1003466795 ns, Reaching safepoint: 1096405 ns, Cleanup: 81323 ns, At safepoint: 49277 ns, Total: 1227005 ns
[2024-10-14T14:40:58.422+0000][126][info ][safepoint   ] Safepoint "Cleanup", Time since last: 1156508170 ns, Reaching safepoint: 3028 ns, Cleanup: 246015 ns, At safepoint: 51216 ns, Total: 300259 ns
[2024-10-14T14:40:59.951+0000][126][info ][safepoint   ] Safepoint "ICBufferFull", Time since last: 1528456978 ns, Reaching safepoint: 6347 ns, Cleanup: 120286 ns, At safepoint: 9690 ns, Total: 136323 ns
[2024-10-14T14:41:00.643+0000][126][info ][gc,start    ] GC(11) Pause Young (Normal) (G1 Evacuation Pause)
[2024-10-14T14:41:00.643+0000][126][info ][gc,task     ] GC(11) Using 4 workers of 4 for evacuation
[2024-10-14T14:41:00.643+0000][126][debug][gc,age      ] GC(11) Desired survivor size 56623104 bytes, new threshold 15 (max threshold 15)
[2024-10-14T14:41:00.707+0000][126][info ][gc,phases   ] GC(11)   Pre Evacuate Collection Set: 0.45ms
[2024-10-14T14:41:00.707+0000][126][info ][gc,phases   ] GC(11)   Merge Heap Roots: 0.46ms
[2024-10-14T14:41:00.707+0000][126][info ][gc,phases   ] GC(11)   Evacuate Collection Set: 52.98ms
[2024-10-14T14:41:00.707+0000][126][info ][gc,phases   ] GC(11)   Post Evacuate Collection Set: 9.78ms
[2024-10-14T14:41:00.707+0000][126][info ][gc,phases   ] GC(11)   Other: 0.12ms
[2024-10-14T14:41:00.707+0000][126][trace][gc,age      ] GC(11) Age table with threshold 15 (max threshold 15)
[2024-10-14T14:41:00.707+0000][126][trace][gc,age      ] GC(11) - age   1:   17663064 bytes,   17663064 total
[2024-10-14T14:41:00.707+0000][126][trace][gc,age      ] GC(11) - age   2:    9385584 bytes,   27048648 total
[2024-10-14T14:41:00.707+0000][126][trace][gc,age      ] GC(11) - age   3:    3350888 bytes,   30399536 total
[2024-10-14T14:41:00.707+0000][126][trace][gc,age      ] GC(11) - age   4:    5564600 bytes,   35964136 total
[2024-10-14T14:41:00.707+0000][126][trace][gc,age      ] GC(11) - age   5:    2694064 bytes,   38658200 total
[2024-10-14T14:41:00.707+0000][126][trace][gc,age      ] GC(11) - age   6:    2600704 bytes,   41258904 total
[2024-10-14T14:41:00.707+0000][126][trace][gc,age      ] GC(11) - age   7:    3650752 bytes,   44909656 total
[2024-10-14T14:41:00.707+0000][126][trace][gc,age      ] GC(11) - age   8:    4855640 bytes,   49765296 total
[2024-10-14T14:41:00.707+0000][126][info ][gc,heap     ] GC(11) Eden regions: 206->0(174)
[2024-10-14T14:41:00.707+0000][126][info ][gc,heap     ] GC(11) Survivor regions: 9->13(27)
[2024-10-14T14:41:00.707+0000][126][info ][gc,heap     ] GC(11) Old regions: 3->3
[2024-10-14T14:41:00.707+0000][126][info ][gc,heap     ] GC(11) Humongous regions: 0->0
[2024-10-14T14:41:00.707+0000][126][info ][gc,metaspace] GC(11) Metaspace: 89340K(91392K)->89340K(91392K) NonClass: 77357K(78528K)->77357K(78528K) Class: 11982K(12864K)->11982K(12864K)
[2024-10-14T14:41:00.707+0000][126][info ][gc          ] GC(11) Pause Young (Normal) (G1 Evacuation Pause) 867M->61M(5476M) 64.109ms
[2024-10-14T14:41:00.707+0000][126][info ][gc,cpu      ] GC(11) User=0.20s Sys=0.01s Real=0.07s
[2024-10-14T14:41:00.709+0000][126][info ][safepoint   ] Safepoint "G1CollectForAllocation", Time since last: 691519523 ns, Reaching safepoint: 6468 ns, Cleanup: 63687 ns, At safepoint: 66825231 ns, Total: 66895386 ns
[2024-10-14T14:41:01.809+0000][126][info ][safepoint   ] Safepoint "Cleanup", Time since last: 1098006567 ns, Reaching safepoint: 1119387 ns, Cleanup: 80880 ns, At safepoint: 85653 ns, Total: 1285920 ns
[2024-10-14T14:41:02.123+0000][126][info ][gc,start    ] GC(12) Pause Young (Concurrent Start) (Metadata GC Threshold)
[2024-10-14T14:41:02.124+0000][126][info ][gc,task     ] GC(12) Using 4 workers of 4 for evacuation
[2024-10-14T14:41:02.124+0000][126][debug][gc,age      ] GC(12) Desired survivor size 50331648 bytes, new threshold 15 (max threshold 15)
[2024-10-14T14:41:02.166+0000][126][info ][gc,phases   ] GC(12)   Pre Evacuate Collection Set: 0.67ms
[2024-10-14T14:41:02.166+0000][126][info ][gc,phases   ] GC(12)   Merge Heap Roots: 0.19ms
[2024-10-14T14:41:02.166+0000][126][info ][gc,phases   ] GC(12)   Evacuate Collection Set: 36.74ms
[2024-10-14T14:41:02.166+0000][126][info ][gc,phases   ] GC(12)   Post Evacuate Collection Set: 4.13ms
[2024-10-14T14:41:02.166+0000][126][info ][gc,phases   ] GC(12)   Other: 0.41ms
[2024-10-14T14:41:02.166+0000][126][trace][gc,age      ] GC(12) Age table with threshold 15 (max threshold 15)
[2024-10-14T14:41:02.166+0000][126][trace][gc,age      ] GC(12) - age   1:    3312040 bytes,    3312040 total
[2024-10-14T14:41:02.166+0000][126][trace][gc,age      ] GC(12) - age   2:   17056312 bytes,   20368352 total
[2024-10-14T14:41:02.166+0000][126][trace][gc,age      ] GC(12) - age   3:    9365112 bytes,   29733464 total
[2024-10-14T14:41:02.166+0000][126][trace][gc,age      ] GC(12) - age   4:    3345344 bytes,   33078808 total
[2024-10-14T14:41:02.166+0000][126][trace][gc,age      ] GC(12) - age   5:    5562728 bytes,   38641536 total
[2024-10-14T14:41:02.166+0000][126][trace][gc,age      ] GC(12) - age   6:    2692480 bytes,   41334016 total
[2024-10-14T14:41:02.166+0000][126][trace][gc,age      ] GC(12) - age   7:    2598776 bytes,   43932792 total
[2024-10-14T14:41:02.166+0000][126][trace][gc,age      ] GC(12) - age   8:    3648360 bytes,   47581152 total
[2024-10-14T14:41:02.166+0000][126][trace][gc,age      ] GC(12) - age   9:    4848888 bytes,   52430040 total
[2024-10-14T14:41:02.166+0000][126][info ][gc,heap     ] GC(12) Eden regions: 21->0(82)
[2024-10-14T14:41:02.166+0000][126][info ][gc,heap     ] GC(12) Survivor regions: 13->14(24)
[2024-10-14T14:41:02.166+0000][126][info ][gc,heap     ] GC(12) Old regions: 3->3
[2024-10-14T14:41:02.166+0000][126][info ][gc,heap     ] GC(12) Humongous regions: 0->0
[2024-10-14T14:41:02.166+0000][126][info ][gc,metaspace] GC(12) Metaspace: 99238K(101248K)->99238K(101248K) NonClass: 85848K(86976K)->85848K(86976K) Class: 13389K(14272K)->13389K(14272K)
[2024-10-14T14:41:02.166+0000][126][info ][gc          ] GC(12) Pause Young (Concurrent Start) (Metadata GC Threshold) 143M->64M(5476M) 42.364ms
[2024-10-14T14:41:02.166+0000][126][info ][gc,cpu      ] GC(12) User=0.12s Sys=0.00s Real=0.05s
[2024-10-14T14:41:02.166+0000][126][info ][gc          ] GC(13) Concurrent Mark Cycle
[2024-10-14T14:41:02.166+0000][126][info ][gc,marking  ] GC(13) Concurrent Scan Root Regions
[2024-10-14T14:41:02.166+0000][126][info ][safepoint   ] Safepoint "CollectForMetadataAllocation", Time since last: 314680606 ns, Reaching safepoint: 6395 ns, Cleanup: 14388 ns, At safepoint: 42561836 ns, Total: 42582619 ns
[2024-10-14T14:41:02.207+0000][126][info ][gc,marking  ] GC(13) Concurrent Scan Root Regions 40.621ms
[2024-10-14T14:41:02.207+0000][126][info ][gc,marking  ] GC(13) Concurrent Mark
[2024-10-14T14:41:02.207+0000][126][info ][gc,marking  ] GC(13) Concurrent Mark From Roots
[2024-10-14T14:41:02.207+0000][126][info ][gc,task     ] GC(13) Using 1 workers of 1 for marking
[2024-10-14T14:41:02.215+0000][126][info ][safepoint   ] Safepoint "CollectForMetadataAllocation", Time since last: 48322635 ns, Reaching safepoint: 159147 ns, Cleanup: 57561 ns, At safepoint: 212447 ns, Total: 429155 ns
[2024-10-14T14:41:02.230+0000][126][info ][gc,marking  ] GC(13) Concurrent Mark From Roots 23.090ms
[2024-10-14T14:41:02.230+0000][126][info ][gc,marking  ] GC(13) Concurrent Preclean
[2024-10-14T14:41:02.230+0000][126][info ][gc,marking  ] GC(13) Concurrent Preclean 0.115ms
[2024-10-14T14:41:02.231+0000][126][info ][gc,start    ] GC(13) Pause Remark
[2024-10-14T14:41:02.240+0000][126][info ][gc          ] GC(13) Pause Remark 73M->73M(5476M) 9.283ms
[2024-10-14T14:41:02.240+0000][126][info ][gc,cpu      ] GC(13) User=0.02s Sys=0.00s Real=0.01s
[2024-10-14T14:41:02.240+0000][126][info ][safepoint   ] Safepoint "G1PauseRemark", Time since last: 15188239 ns, Reaching safepoint: 668598 ns, Cleanup: 9539 ns, At safepoint: 9471476 ns, Total: 10149613 ns
[2024-10-14T14:41:02.240+0000][126][info ][gc,marking  ] GC(13) Concurrent Mark 33.500ms
[2024-10-14T14:41:02.240+0000][126][info ][gc,marking  ] GC(13) Concurrent Rebuild Remembered Sets and Scrub Regions
[2024-10-14T14:41:02.249+0000][126][info ][gc,marking  ] GC(13) Concurrent Rebuild Remembered Sets and Scrub Regions 8.558ms
[2024-10-14T14:41:02.249+0000][126][info ][gc,start    ] GC(13) Pause Cleanup
[2024-10-14T14:41:02.250+0000][126][info ][gc          ] GC(13) Pause Cleanup 73M->73M(5476M) 0.284ms
[2024-10-14T14:41:02.250+0000][126][info ][gc,cpu      ] GC(13) User=0.00s Sys=0.00s Real=0.00s
[2024-10-14T14:41:02.250+0000][126][info ][safepoint   ] Safepoint "G1PauseCleanup", Time since last: 8704406 ns, Reaching safepoint: 576328 ns, Cleanup: 16706 ns, At safepoint: 387256 ns, Total: 980290 ns
[2024-10-14T14:41:02.250+0000][126][info ][gc,marking  ] GC(13) Concurrent Clear Claimed Marks
[2024-10-14T14:41:02.250+0000][126][info ][gc,marking  ] GC(13) Concurrent Clear Claimed Marks 0.137ms
[2024-10-14T14:41:02.250+0000][126][info ][gc,marking  ] GC(13) Concurrent Cleanup for Next Mark
[2024-10-14T14:41:02.259+0000][126][info ][gc,marking  ] GC(13) Concurrent Cleanup for Next Mark 9.017ms
[2024-10-14T14:41:02.259+0000][126][info ][gc          ] GC(13) Concurrent Mark Cycle 93.136ms
[2024-10-14T14:41:03.992+0000][126][info ][safepoint   ] Safepoint "Cleanup", Time since last: 1742173580 ns, Reaching safepoint: 3980 ns, Cleanup: 64822 ns, At safepoint: 37017 ns, Total: 105819 ns
[2024-10-14T14:41:05.912+0000][126][info ][safepoint   ] Safepoint "Cleanup", Time since last: 1917963717 ns, Reaching safepoint: 1443515 ns, Cleanup: 106137 ns, At safepoint: 60215 ns, Total: 1609867 ns
[2024-10-14T14:41:07.101+0000][126][info ][safepoint   ] Safepoint "ICBufferFull", Time since last: 1188790327 ns, Reaching safepoint: 13283 ns, Cleanup: 191771 ns, At safepoint: 55563 ns, Total: 260617 ns
[2024-10-14T14:41:07.709+0000][126][info ][safepoint   ] Safepoint "ICBufferFull", Time since last: 607464908 ns, Reaching safepoint: 11613 ns, Cleanup: 174149 ns, At safepoint: 16879 ns, Total: 202641 ns
[2024-10-14T14:41:08.420+0000][126][info ][safepoint   ] Safepoint "ICBufferFull", Time since last: 711304309 ns, Reaching safepoint: 12466 ns, Cleanup: 113183 ns, At safepoint: 52292 ns, Total: 177941 ns
[2024-10-14T14:41:08.421+0000][126][info ][safepoint   ] Safepoint "ICBufferFull", Time since last: 237644 ns, Reaching safepoint: 263691 ns, Cleanup: 10222 ns, At safepoint: 60671 ns, Total: 334584 ns
[2024-10-14T14:41:09.314+0000][126][info ][safepoint   ] Safepoint "ICBufferFull", Time since last: 892754177 ns, Reaching safepoint: 10709 ns, Cleanup: 208384 ns, At safepoint: 15736 ns, Total: 234829 ns
[2024-10-14T14:41:09.596+0000][126][info ][gc,start    ] GC(14) Pause Young (Normal) (G1 Evacuation Pause)
[2024-10-14T14:41:09.596+0000][126][info ][gc,task     ] GC(14) Using 4 workers of 4 for evacuation
[2024-10-14T14:41:09.596+0000][126][debug][gc,age      ] GC(14) Desired survivor size 25165824 bytes, new threshold 3 (max threshold 15)
[2024-10-14T14:41:09.849+0000][126][info ][gc,mmu      ] GC(14) MMU target violated: 201.0ms (200.0ms/201.0ms)
[2024-10-14T14:41:09.850+0000][126][info ][gc,phases   ] GC(14)   Pre Evacuate Collection Set: 0.43ms
[2024-10-14T14:41:09.850+0000][126][info ][gc,phases   ] GC(14)   Merge Heap Roots: 0.17ms
[2024-10-14T14:41:09.850+0000][126][info ][gc,phases   ] GC(14)   Evacuate Collection Set: 228.33ms
[2024-10-14T14:41:09.850+0000][126][info ][gc,phases   ] GC(14)   Post Evacuate Collection Set: 24.71ms
[2024-10-14T14:41:09.850+0000][126][info ][gc,phases   ] GC(14)   Other: 0.26ms
[2024-10-14T14:41:09.850+0000][126][trace][gc,age      ] GC(14) Age table with threshold 3 (max threshold 15)
[2024-10-14T14:41:09.850+0000][126][trace][gc,age      ] GC(14) - age   1:   16008888 bytes,   16008888 total
[2024-10-14T14:41:09.850+0000][126][trace][gc,age      ] GC(14) - age   2:    3102848 bytes,   19111736 total
[2024-10-14T14:41:09.850+0000][126][trace][gc,age      ] GC(14) - age   3:   16952576 bytes,   36064312 total
[2024-10-14T14:41:09.850+0000][126][info ][gc,heap     ] GC(14) Eden regions: 79->0(121)
[2024-10-14T14:41:09.850+0000][126][info ][gc,heap     ] GC(14) Survivor regions: 14->10(12)
[2024-10-14T14:41:09.850+0000][126][info ][gc,heap     ] GC(14) Old regions: 3->11
[2024-10-14T14:41:09.850+0000][126][info ][gc,heap     ] GC(14) Humongous regions: 0->0
[2024-10-14T14:41:09.850+0000][126][info ][gc,metaspace] GC(14) Metaspace: 127674K(131456K)->127674K(131456K) NonClass: 109658K(111680K)->109658K(111680K) Class: 18016K(19776K)->18016K(19776K)
[2024-10-14T14:41:09.850+0000][126][info ][gc          ] GC(14) Pause Young (Normal) (G1 Evacuation Pause) 380M->81M(5476M) 254.168ms
[2024-10-14T14:41:09.850+0000][126][info ][gc,cpu      ] GC(14) User=0.82s Sys=0.04s Real=0.26s
[2024-10-14T14:41:09.850+0000][126][info ][safepoint   ] Safepoint "G1CollectForAllocation", Time since last: 281607452 ns, Reaching safepoint: 12837 ns, Cleanup: 67294 ns, At safepoint: 254691810 ns, Total: 254771941 ns
[2024-10-14T14:41:10.902+0000][126][info ][safepoint   ] Safepoint "Cleanup", Time since last: 1050667837 ns, Reaching safepoint: 958128 ns, Cleanup: 95999 ns, At safepoint: 94565 ns, Total: 1148692 ns
[2024-10-14T14:41:11.837+0000][126][info ][safepoint   ] Safepoint "ICBufferFull", Time since last: 934413815 ns, Reaching safepoint: 11780 ns, Cleanup: 131259 ns, At safepoint: 36751 ns, Total: 179790 ns
[2024-10-14T14:41:12.561+0000][126][info ][safepoint   ] Safepoint "ICBufferFull", Time since last: 724221509 ns, Reaching safepoint: 14225 ns, Cleanup: 126742 ns, At safepoint: 10152 ns, Total: 151119 ns
[2024-10-14T14:41:13.648+0000][126][info ][safepoint   ] Safepoint "Cleanup", Time since last: 1086068502 ns, Reaching safepoint: 828125 ns, Cleanup: 269356 ns, At safepoint: 38862 ns, Total: 1136343 ns
[2024-10-14T14:41:14.608+0000][126][info ][safepoint   ] Safepoint "ICBufferFull", Time since last: 953630039 ns, Reaching safepoint: 6066189 ns, Cleanup: 254107 ns, At safepoint: 37740 ns, Total: 6358036 ns
[2024-10-14T14:41:16.203+0000][126][info ][safepoint   ] Safepoint "Cleanup", Time since last: 1554457773 ns, Reaching safepoint: 7293968 ns, Cleanup: 178070 ns, At safepoint: 33239519 ns, Total: 40711557 ns
[2024-10-14T14:41:17.856+0000][126][info ][safepoint   ] Safepoint "Cleanup", Time since last: 1515006271 ns, Reaching safepoint: 116743599 ns, Cleanup: 127675 ns, At safepoint: 20945356 ns, Total: 137816630 ns
[2024-10-14T14:41:19.097+0000][126][info ][gc,start    ] GC(15) Pause Young (Normal) (G1 Evacuation Pause)
[2024-10-14T14:41:19.098+0000][126][info ][gc,task     ] GC(15) Using 4 workers of 4 for evacuation
[2024-10-14T14:41:19.098+0000][126][debug][gc,age      ] GC(15) Desired survivor size 29360128 bytes, new threshold 3 (max threshold 15)
[2024-10-14T14:41:19.480+0000][126][info ][gc,mmu      ] GC(15) MMU target violated: 201.0ms (200.0ms/201.0ms)
[2024-10-14T14:41:19.480+0000][126][info ][gc,phases   ] GC(15)   Pre Evacuate Collection Set: 0.79ms
[2024-10-14T14:41:19.480+0000][126][info ][gc,phases   ] GC(15)   Merge Heap Roots: 0.30ms
[2024-10-14T14:41:19.480+0000][126][info ][gc,phases   ] GC(15)   Evacuate Collection Set: 370.17ms
[2024-10-14T14:41:19.480+0000][126][info ][gc,phases   ] GC(15)   Post Evacuate Collection Set: 11.03ms
[2024-10-14T14:41:19.480+0000][126][info ][gc,phases   ] GC(15)   Other: 0.32ms
[2024-10-14T14:41:19.480+0000][126][trace][gc,age      ] GC(15) Age table with threshold 3 (max threshold 15)
[2024-10-14T14:41:19.480+0000][126][trace][gc,age      ] GC(15) - age   1:   39454944 bytes,   39454944 total
[2024-10-14T14:41:19.480+0000][126][trace][gc,age      ] GC(15) - age   2:   14798448 bytes,   54253392 total
[2024-10-14T14:41:19.480+0000][126][trace][gc,age      ] GC(15) - age   3:    3071424 bytes,   57324816 total
[2024-10-14T14:41:19.480+0000][126][info ][gc,heap     ] GC(15) Eden regions: 97->0(54)
[2024-10-14T14:41:19.480+0000][126][info ][gc,heap     ] GC(15) Survivor regions: 10->14(14)
[2024-10-14T14:41:19.480+0000][126][info ][gc,heap     ] GC(15) Old regions: 11->19
[2024-10-14T14:41:19.480+0000][126][info ][gc,heap     ] GC(15) Humongous regions: 2->2
[2024-10-14T14:41:19.480+0000][126][info ][gc,metaspace] GC(15) Metaspace: 141518K(145536K)->141518K(145536K) NonClass: 121309K(123520K)->121309K(123520K) Class: 20208K(22016K)->20208K(22016K)
[2024-10-14T14:41:19.480+0000][126][info ][gc          ] GC(15) Pause Young (Normal) (G1 Evacuation Pause) 477M->137M(5476M) 383.026ms
[2024-10-14T14:41:19.480+0000][126][info ][gc,cpu      ] GC(15) User=1.39s Sys=0.07s Real=0.39s
[2024-10-14T14:41:19.488+0000][126][info ][safepoint   ] Safepoint "G1CollectForAllocation", Time since last: 1234486328 ns, Reaching safepoint: 347243 ns, Cleanup: 6159149 ns, At safepoint: 390914132 ns, Total: 397420524 ns
[2024-10-14T14:41:21.116+0000][126][info ][safepoint   ] Safepoint "Cleanup", Time since last: 1615013789 ns, Reaching safepoint: 1056277 ns, Cleanup: 179124 ns, At safepoint: 11529169 ns, Total: 12764570 ns
[2024-10-14T14:41:22.120+0000][126][info ][safepoint   ] Safepoint "Cleanup", Time since last: 1003955372 ns, Reaching safepoint: 24958 ns, Cleanup: 48616 ns, At safepoint: 60702 ns, Total: 134276 ns
[2024-10-14T14:41:23.628+0000][126][info ][safepoint   ] Safepoint "Cleanup", Time since last: 1507975618 ns, Reaching safepoint: 7816 ns, Cleanup: 43235 ns, At safepoint: 8592 ns, Total: 59643 ns
[2024-10-14T14:41:24.550+0000][126][info ][gc,heap,exit] Heap
[2024-10-14T14:41:24.550+0000][126][info ][gc,heap,exit]  garbage-first heap   total reserved 5607424K, committed 5607424K, used 233684K [0x00000006a9c00000, 0x0000000800000000)
[2024-10-14T14:41:24.550+0000][126][info ][gc,heap,exit]   region size 4096K, 37 young (151552K), 14 survivors (57344K)
[2024-10-14T14:41:24.550+0000][126][info ][gc,heap,exit]  Metaspace       used 144102K, committed 148288K, reserved 1179648K
[2024-10-14T14:41:24.550+0000][126][info ][gc,heap,exit]   class space    used 20634K, committed 22528K, reserved 1048576K
